/Users/cliffjohnson/Library/Python/3.9/lib/python/site-packages/urllib3/__init__.py:35: NotOpenSSLWarning: urllib3 v2 only supports OpenSSL 1.1.1+, currently the 'ssl' module is compiled with 'LibreSSL 2.8.3'. See: https://github.com/urllib3/urllib3/issues/3020
  warnings.warn(
INFO:root:Loaded 67 words from dictionaries/genealogy_terms.txt
INFO:root:Loaded 69 words from dictionaries/family_names.txt
INFO:root:Loaded 69 words from dictionaries/place_names.txt
INFO:root:Testing spell checker...
INFO:root:Test word 'hello': ✓ correct []
INFO:root:Test word 'wrold': ✗ misspelled ['wold', 'world']
INFO:root:Test word 'teh': ✗ misspelled ['neh', 'eh', 'the']
INFO:root:Test word 'spellling': ✗ misspelled ['spelling']
INFO:root:Spell checker dictionary size: 160601
INFO:root:Starting spell check for https://wordpress-810691-5571285.cloudwaysapps.com/about-us/genealogy-room/
INFO:root:Starting sitemap discovery...
INFO:root:Parsing sitemap: https://wordpress-810691-5571285.cloudwaysapps.com/sitemap_index.xml
DEBUG:urllib3.connectionpool:Starting new HTTPS connection (1): wordpress-810691-5571285.cloudwaysapps.com:443
DEBUG:urllib3.connectionpool:https://wordpress-810691-5571285.cloudwaysapps.com:443 "GET /sitemap_index.xml HTTP/1.1" 200 None
INFO:root:Found 11 sub-sitemaps
INFO:root:Parsing sitemap: https://wordpress-810691-5571285.cloudwaysapps.com/page-sitemap.xml
DEBUG:urllib3.connectionpool:https://wordpress-810691-5571285.cloudwaysapps.com:443 "GET /page-sitemap.xml HTTP/1.1" 200 None
INFO:root:Found 40 URLs in sitemap
INFO:root:Parsing sitemap: https://wordpress-810691-5571285.cloudwaysapps.com/resources-sitemap.xml
DEBUG:urllib3.connectionpool:https://wordpress-810691-5571285.cloudwaysapps.com:443 "GET /resources-sitemap.xml HTTP/1.1" 200 None
INFO:root:Found 74 URLs in sitemap
INFO:root:Parsing sitemap: https://wordpress-810691-5571285.cloudwaysapps.com/libraries-sitemap.xml
DEBUG:urllib3.connectionpool:https://wordpress-810691-5571285.cloudwaysapps.com:443 "GET /libraries-sitemap.xml HTTP/1.1" 200 None
INFO:root:Found 26 URLs in sitemap
INFO:root:Parsing sitemap: https://wordpress-810691-5571285.cloudwaysapps.com/location-sitemap.xml
DEBUG:urllib3.connectionpool:https://wordpress-810691-5571285.cloudwaysapps.com:443 "GET /location-sitemap.xml HTTP/1.1" 200 None
INFO:root:Found 2 URLs in sitemap
INFO:root:Parsing sitemap: https://wordpress-810691-5571285.cloudwaysapps.com/event-sitemap.xml
DEBUG:urllib3.connectionpool:https://wordpress-810691-5571285.cloudwaysapps.com:443 "GET /event-sitemap.xml HTTP/1.1" 200 None
INFO:root:Found 159 URLs in sitemap
INFO:root:Parsing sitemap: https://wordpress-810691-5571285.cloudwaysapps.com/gallery-sitemap.xml
DEBUG:urllib3.connectionpool:https://wordpress-810691-5571285.cloudwaysapps.com:443 "GET /gallery-sitemap.xml HTTP/1.1" 200 None
INFO:root:Found 68 URLs in sitemap
INFO:root:Parsing sitemap: https://wordpress-810691-5571285.cloudwaysapps.com/resources-types-sitemap.xml
DEBUG:urllib3.connectionpool:https://wordpress-810691-5571285.cloudwaysapps.com:443 "GET /resources-types-sitemap.xml HTTP/1.1" 200 None
INFO:root:Found 7 URLs in sitemap
INFO:root:Parsing sitemap: https://wordpress-810691-5571285.cloudwaysapps.com/media-types-sitemap.xml
DEBUG:urllib3.connectionpool:https://wordpress-810691-5571285.cloudwaysapps.com:443 "GET /media-types-sitemap.xml HTTP/1.1" 200 None
INFO:root:Found 1 URLs in sitemap
INFO:root:Parsing sitemap: https://wordpress-810691-5571285.cloudwaysapps.com/subject-sitemap.xml
DEBUG:urllib3.connectionpool:https://wordpress-810691-5571285.cloudwaysapps.com:443 "GET /subject-sitemap.xml HTTP/1.1" 200 None
INFO:root:Found 1 URLs in sitemap
INFO:root:Parsing sitemap: https://wordpress-810691-5571285.cloudwaysapps.com/event-categories-sitemap.xml
DEBUG:urllib3.connectionpool:https://wordpress-810691-5571285.cloudwaysapps.com:443 "GET /event-categories-sitemap.xml HTTP/1.1" 200 None
INFO:root:Found 5 URLs in sitemap
INFO:root:Found 381 URLs from sitemap
INFO:root:Sample URLs: ['https://wordpress-810691-5571285.cloudwaysapps.com/events/family-book-creator-special-interest-group-sig-2026-01-26/', 'https://wordpress-810691-5571285.cloudwaysapps.com/libraries/publishing-your-family-history-on-the-internet/', 'https://wordpress-810691-5571285.cloudwaysapps.com/events/family-book-creator-special-interest-group-sig-2027-03-22/']
INFO:root:Applying URL filtering to 381 URLs...
INFO:root:After filtering: 381 URLs to process
DEBUG:root:Attempting to fetch: https://wordpress-810691-5571285.cloudwaysapps.com/events/family-book-creator-special-interest-group-sig-2027-03-22/
DEBUG:root:Attempting to fetch: https://wordpress-810691-5571285.cloudwaysapps.com/members-only/member-list/
DEBUG:root:Attempting to fetch: https://wordpress-810691-5571285.cloudwaysapps.com/resources/family-history-for-teens-or-kids/
DEBUG:root:Attempting to fetch: https://wordpress-810691-5571285.cloudwaysapps.com/events/family-history-research-beginning-genealogy-class-2-of-3/
DEBUG:root:Attempting to fetch: https://wordpress-810691-5571285.cloudwaysapps.com/events/preserving-local-history-2026-02-04/
DEBUG:urllib3.connectionpool:Starting new HTTPS connection (2): wordpress-810691-5571285.cloudwaysapps.com:443
DEBUG:urllib3.connectionpool:Starting new HTTPS connection (3): wordpress-810691-5571285.cloudwaysapps.com:443
DEBUG:urllib3.connectionpool:Starting new HTTPS connection (4): wordpress-810691-5571285.cloudwaysapps.com:443
DEBUG:urllib3.connectionpool:Starting new HTTPS connection (5): wordpress-810691-5571285.cloudwaysapps.com:443
DEBUG:urllib3.connectionpool:https://wordpress-810691-5571285.cloudwaysapps.com:443 "GET /events/family-book-creator-special-interest-group-sig-2027-03-22/ HTTP/1.1" 200 None
DEBUG:root:Successfully fetched https://wordpress-810691-5571285.cloudwaysapps.com/events/family-book-creator-special-interest-group-sig-2027-03-22/ (Content-Length: 42523)
DEBUG:charset_normalizer:Encoding detection: utf_8 is most likely the one.
DEBUG:root:Extracted 844 characters, 141 words from https://wordpress-810691-5571285.cloudwaysapps.com/events/family-book-creator-special-interest-group-sig-2027-03-22/
DEBUG:root:Checking external hyperlink: https://www.google.com/calendar/event?action=TEMPLATE&text=Family+Book+Creator+Special+Interest+Group+%28SIG%29&dates=20270322T190000/20270322T200000&details=This+group+grew+out+of+our+original+FBC+Study+Group%2C+a+joint+effort+between+Pastfinders+and+Kinseekers.+For+now%2C+membership+is+limited+to+participants+of+that+original+group%2C+but+we+hope+to+welcome+more+members+in+the+future.&location=&trp=false&sprop=https%3A%2F%2Fwordpress-810691-5571285.cloudwaysapps.com%2Fevents%2Ffamily-book-creator-special-interest-group-sig-2027-03-22%2F&sprop=name:Pastfinders&ctz=America%2FNew_York
DEBUG:urllib3.connectionpool:Starting new HTTPS connection (1): www.google.com:443
Processing pages:   0%|          | 0/381 [00:00<?, ?it/s]DEBUG:urllib3.connectionpool:https://wordpress-810691-5571285.cloudwaysapps.com:443 "GET /events/preserving-local-history-2026-02-04/ HTTP/1.1" 200 None
DEBUG:root:Successfully fetched https://wordpress-810691-5571285.cloudwaysapps.com/events/preserving-local-history-2026-02-04/ (Content-Length: 43612)
DEBUG:charset_normalizer:Encoding detection: utf_8 is most likely the one.
DEBUG:root:Extracted 446 characters, 65 words from https://wordpress-810691-5571285.cloudwaysapps.com/events/preserving-local-history-2026-02-04/
DEBUG:root:Checking external hyperlink: https://www.google.com/calendar/event?action=TEMPLATE&text=Preserving+Local+History&dates=20260204T100000/20260204T120000&details=Help+in+the+preservation+of+our+local+history+and+collections%2C+including+transcriptionists%2C+preservationists%2C+digitizers%2C+and+organization%C2%A0projects.&location=2525+Oakley+Seaver+Dr%2C+Clermont%2C+FL%2C+34711%2C+United+States&trp=false&sprop=https%3A%2F%2Fwordpress-810691-5571285.cloudwaysapps.com%2Fevents%2Fpreserving-local-history-2026-02-04%2F&sprop=name:Pastfinders&ctz=America%2FNew_York
DEBUG:urllib3.connectionpool:https://wordpress-810691-5571285.cloudwaysapps.com:443 "GET /members-only/member-list/ HTTP/1.1" 200 None
DEBUG:root:Successfully fetched https://wordpress-810691-5571285.cloudwaysapps.com/members-only/member-list/ (Content-Length: 55928)
DEBUG:urllib3.connectionpool:https://wordpress-810691-5571285.cloudwaysapps.com:443 "GET /resources/family-history-for-teens-or-kids/ HTTP/1.1" 200 None
DEBUG:charset_normalizer:Encoding detection: utf_8 is most likely the one.
DEBUG:root:Successfully fetched https://wordpress-810691-5571285.cloudwaysapps.com/resources/family-history-for-teens-or-kids/ (Content-Length: 38955)
DEBUG:urllib3.connectionpool:Starting new HTTPS connection (1): www.google.com:443
DEBUG:charset_normalizer:Encoding detection: utf_8 is most likely the one.
DEBUG:urllib3.connectionpool:https://www.google.com:443 "GET /calendar/event?action=TEMPLATE&text=Family+Book+Creator+Special+Interest+Group+%28SIG%29&dates=20270322T190000/20270322T200000&details=This+group+grew+out+of+our+original+FBC+Study+Group%2C+a+joint+effort+between+Pastfinders+and+Kinseekers.+For+now%2C+membership+is+limited+to+participants+of+that+original+group%2C+but+we+hope+to+welcome+more+members+in+the+future.&location=&trp=false&sprop=https%3A%2F%2Fwordpress-810691-5571285.cloudwaysapps.com%2Fevents%2Ffamily-book-creator-special-interest-group-sig-2027-03-22%2F&sprop=name:Pastfinders&ctz=America%2FNew_York HTTP/1.1" 302 0
DEBUG:root:Extracted 4503 characters, 680 words from https://wordpress-810691-5571285.cloudwaysapps.com/members-only/member-list/
DEBUG:root:Extracted 701 characters, 117 words from https://wordpress-810691-5571285.cloudwaysapps.com/resources/family-history-for-teens-or-kids/
DEBUG:root:Checking external css: https://fonts.googleapis.com/css2?family=Open+Sans:wght@400;700&family=Bitter:wght@600;700&display=swap
DEBUG:root:Checking internal css: https://wordpress-810691-5571285.cloudwaysapps.com/wp-content/plugins/events-manager/includes/css/events-manager.min.css?ver=7.0.5
DEBUG:urllib3.connectionpool:Starting new HTTPS connection (1): calendar.google.com:443
DEBUG:urllib3.connectionpool:Starting new HTTPS connection (1): wordpress-810691-5571285.cloudwaysapps.com:443
DEBUG:urllib3.connectionpool:Starting new HTTPS connection (1): fonts.googleapis.com:443
DEBUG:urllib3.connectionpool:https://www.google.com:443 "GET /calendar/event?action=TEMPLATE&text=Preserving+Local+History&dates=20260204T100000/20260204T120000&details=Help+in+the+preservation+of+our+local+history+and+collections%2C+including+transcriptionists%2C+preservationists%2C+digitizers%2C+and+organization%C2%A0projects.&location=2525+Oakley+Seaver+Dr%2C+Clermont%2C+FL%2C+34711%2C+United+States&trp=false&sprop=https%3A%2F%2Fwordpress-810691-5571285.cloudwaysapps.com%2Fevents%2Fpreserving-local-history-2026-02-04%2F&sprop=name:Pastfinders&ctz=America%2FNew_York HTTP/1.1" 302 0
DEBUG:urllib3.connectionpool:Starting new HTTPS connection (1): calendar.google.com:443
DEBUG:urllib3.connectionpool:https://calendar.google.com:443 "GET /calendar/event?action=TEMPLATE&text=Family+Book+Creator+Special+Interest+Group+(SIG)&dates=20270322T190000/20270322T200000&details=This+group+grew+out+of+our+original+FBC+Study+Group,+a+joint+effort+between+Pastfinders+and+Kinseekers.+For+now,+membership+is+limited+to+participants+of+that+original+group,+but+we+hope+to+welcome+more+members+in+the+future.&location&trp=false&sprop=https://wordpress-810691-5571285.cloudwaysapps.com/events/family-book-creator-special-interest-group-sig-2027-03-22/&sprop=name:Pastfinders&ctz=America/New_York HTTP/1.1" 302 0
DEBUG:urllib3.connectionpool:https://fonts.googleapis.com:443 "GET /css2?family=Open+Sans:wght@400;700&family=Bitter:wght@600;700&display=swap HTTP/1.1" 200 None
DEBUG:root:✅ Css OK: https://fonts.googleapis.com/css2?family=Open+Sans:wght@400;700&family=Bitter:wght@600;700&display=swap
DEBUG:root:Checking internal css: https://wordpress-810691-5571285.cloudwaysapps.com/wp-content/plugins/simple-membership/css/swpm.common.css?ver=4.6.5
DEBUG:urllib3.connectionpool:Starting new HTTPS connection (1): wordpress-810691-5571285.cloudwaysapps.com:443
DEBUG:urllib3.connectionpool:Starting new HTTPS connection (1): accounts.google.com:443
DEBUG:urllib3.connectionpool:https://calendar.google.com:443 "GET /calendar/event?action=TEMPLATE&text=Preserving+Local+History&dates=20260204T100000/20260204T120000&details=Help+in+the+preservation+of+our+local+history+and+collections,+including+transcriptionists,+preservationists,+digitizers,+and+organization%C2%A0projects.&location=2525+Oakley+Seaver+Dr,+Clermont,+FL,+34711,+United+States&trp=false&sprop=https://wordpress-810691-5571285.cloudwaysapps.com/events/preserving-local-history-2026-02-04/&sprop=name:Pastfinders&ctz=America/New_York HTTP/1.1" 302 0
DEBUG:urllib3.connectionpool:Starting new HTTPS connection (1): accounts.google.com:443
DEBUG:urllib3.connectionpool:https://wordpress-810691-5571285.cloudwaysapps.com:443 "GET /wp-content/plugins/events-manager/includes/css/events-manager.min.css?ver=7.0.5 HTTP/1.1" 200 None
DEBUG:urllib3.connectionpool:https://accounts.google.com:443 "GET /ServiceLogin?service=cl&passive=1209600&osid=1&continue=https://calendar.google.com/calendar/event?action%3DTEMPLATE%26text%3DFamily%2BBook%2BCreator%2BSpecial%2BInterest%2BGroup%2B(SIG)%26dates%3D20270322T190000/20270322T200000%26details%3DThis%2Bgroup%2Bgrew%2Bout%2Bof%2Bour%2Boriginal%2BFBC%2BStudy%2BGroup,%2Ba%2Bjoint%2Beffort%2Bbetween%2BPastfinders%2Band%2BKinseekers.%2BFor%2Bnow,%2Bmembership%2Bis%2Blimited%2Bto%2Bparticipants%2Bof%2Bthat%2Boriginal%2Bgroup,%2Bbut%2Bwe%2Bhope%2Bto%2Bwelcome%2Bmore%2Bmembers%2Bin%2Bthe%2Bfuture.%26location%26trp%3Dfalse%26sprop%3Dhttps://wordpress-810691-5571285.cloudwaysapps.com/events/family-book-creator-special-interest-group-sig-2027-03-22/%26sprop%3Dname:Pastfinders%26ctz%3DAmerica/New_York&followup=https://calendar.google.com/calendar/event?action%3DTEMPLATE%26text%3DFamily%2BBook%2BCreator%2BSpecial%2BInterest%2BGroup%2B(SIG)%26dates%3D20270322T190000/20270322T200000%26details%3DThis%2Bgroup%2Bgrew%2Bout%2Bof%2Bour%2Boriginal%2BFBC%2BStudy%2BGroup,%2Ba%2Bjoint%2Beffort%2Bbetween%2BPastfinders%2Band%2BKinseekers.%2BFor%2Bnow,%2Bmembership%2Bis%2Blimited%2Bto%2Bparticipants%2Bof%2Bthat%2Boriginal%2Bgroup,%2Bbut%2Bwe%2Bhope%2Bto%2Bwelcome%2Bmore%2Bmembers%2Bin%2Bthe%2Bfuture.%26location%26trp%3Dfalse%26sprop%3Dhttps://wordpress-810691-5571285.cloudwaysapps.com/events/family-book-creator-special-interest-group-sig-2027-03-22/%26sprop%3Dname:Pastfinders%26ctz%3DAmerica/New_York&emr=1 HTTP/1.1" 302 0
DEBUG:root:✅ Css OK: https://wordpress-810691-5571285.cloudwaysapps.com/wp-content/plugins/events-manager/includes/css/events-manager.min.css?ver=7.0.5
DEBUG:root:Checking internal css: https://wordpress-810691-5571285.cloudwaysapps.com/wp-content/themes/picostrap5-child-base/css-output/main.css?ver=250901-193951
DEBUG:urllib3.connectionpool:Starting new HTTPS connection (1): wordpress-810691-5571285.cloudwaysapps.com:443
DEBUG:urllib3.connectionpool:https://accounts.google.com:443 "GET /ServiceLogin?service=cl&passive=1209600&osid=1&continue=https://calendar.google.com/calendar/event?action%3DTEMPLATE%26text%3DPreserving%2BLocal%2BHistory%26dates%3D20260204T100000/20260204T120000%26details%3DHelp%2Bin%2Bthe%2Bpreservation%2Bof%2Bour%2Blocal%2Bhistory%2Band%2Bcollections,%2Bincluding%2Btranscriptionists,%2Bpreservationists,%2Bdigitizers,%2Band%2Borganization%25C2%25A0projects.%26location%3D2525%2BOakley%2BSeaver%2BDr,%2BClermont,%2BFL,%2B34711,%2BUnited%2BStates%26trp%3Dfalse%26sprop%3Dhttps://wordpress-810691-5571285.cloudwaysapps.com/events/preserving-local-history-2026-02-04/%26sprop%3Dname:Pastfinders%26ctz%3DAmerica/New_York&followup=https://calendar.google.com/calendar/event?action%3DTEMPLATE%26text%3DPreserving%2BLocal%2BHistory%26dates%3D20260204T100000/20260204T120000%26details%3DHelp%2Bin%2Bthe%2Bpreservation%2Bof%2Bour%2Blocal%2Bhistory%2Band%2Bcollections,%2Bincluding%2Btranscriptionists,%2Bpreservationists,%2Bdigitizers,%2Band%2Borganization%25C2%25A0projects.%26location%3D2525%2BOakley%2BSeaver%2BDr,%2BClermont,%2BFL,%2B34711,%2BUnited%2BStates%26trp%3Dfalse%26sprop%3Dhttps://wordpress-810691-5571285.cloudwaysapps.com/events/preserving-local-history-2026-02-04/%26sprop%3Dname:Pastfinders%26ctz%3DAmerica/New_York&emr=1 HTTP/1.1" 302 0
DEBUG:urllib3.connectionpool:https://accounts.google.com:443 "GET /InteractiveLogin?continue=https://calendar.google.com/calendar/event?action%3DTEMPLATE%26text%3DFamily%2BBook%2BCreator%2BSpecial%2BInterest%2BGroup%2B(SIG)%26dates%3D20270322T190000/20270322T200000%26details%3DThis%2Bgroup%2Bgrew%2Bout%2Bof%2Bour%2Boriginal%2BFBC%2BStudy%2BGroup,%2Ba%2Bjoint%2Beffort%2Bbetween%2BPastfinders%2Band%2BKinseekers.%2BFor%2Bnow,%2Bmembership%2Bis%2Blimited%2Bto%2Bparticipants%2Bof%2Bthat%2Boriginal%2Bgroup,%2Bbut%2Bwe%2Bhope%2Bto%2Bwelcome%2Bmore%2Bmembers%2Bin%2Bthe%2Bfuture.%26location%26trp%3Dfalse%26sprop%3Dhttps://wordpress-810691-5571285.cloudwaysapps.com/events/family-book-creator-special-interest-group-sig-2027-03-22/%26sprop%3Dname:Pastfinders%26ctz%3DAmerica/New_York&emr=1&followup=https://calendar.google.com/calendar/event?action%3DTEMPLATE%26text%3DFamily%2BBook%2BCreator%2BSpecial%2BInterest%2BGroup%2B(SIG)%26dates%3D20270322T190000/20270322T200000%26details%3DThis%2Bgroup%2Bgrew%2Bout%2Bof%2Bour%2Boriginal%2BFBC%2BStudy%2BGroup,%2Ba%2Bjoint%2Beffort%2Bbetween%2BPastfinders%2Band%2BKinseekers.%2BFor%2Bnow,%2Bmembership%2Bis%2Blimited%2Bto%2Bparticipants%2Bof%2Bthat%2Boriginal%2Bgroup,%2Bbut%2Bwe%2Bhope%2Bto%2Bwelcome%2Bmore%2Bmembers%2Bin%2Bthe%2Bfuture.%26location%26trp%3Dfalse%26sprop%3Dhttps://wordpress-810691-5571285.cloudwaysapps.com/events/family-book-creator-special-interest-group-sig-2027-03-22/%26sprop%3Dname:Pastfinders%26ctz%3DAmerica/New_York&osid=1&passive=1209600&service=cl&ifkv=AdBytiMs6A1JzqiST8IMkIWRVcMxIqrFoMk7EI5Kp5eiDoc5_qbwsiV7kHInsYiCmNCnrBf1lG3UjQ HTTP/1.1" 302 None
DEBUG:urllib3.connectionpool:https://wordpress-810691-5571285.cloudwaysapps.com:443 "GET /wp-content/plugins/simple-membership/css/swpm.common.css?ver=4.6.5 HTTP/1.1" 200 None
DEBUG:root:✅ Css OK: https://wordpress-810691-5571285.cloudwaysapps.com/wp-content/plugins/simple-membership/css/swpm.common.css?ver=4.6.5
DEBUG:root:Checking external css: https://fonts.googleapis.com/css2?family=Open+Sans:wght@400&family=Bitter:wght@600&display=swap
DEBUG:urllib3.connectionpool:Starting new HTTPS connection (1): fonts.googleapis.com:443
DEBUG:urllib3.connectionpool:https://accounts.google.com:443 "GET /InteractiveLogin?continue=https://calendar.google.com/calendar/event?action%3DTEMPLATE%26text%3DPreserving%2BLocal%2BHistory%26dates%3D20260204T100000/20260204T120000%26details%3DHelp%2Bin%2Bthe%2Bpreservation%2Bof%2Bour%2Blocal%2Bhistory%2Band%2Bcollections,%2Bincluding%2Btranscriptionists,%2Bpreservationists,%2Bdigitizers,%2Band%2Borganization%25C2%25A0projects.%26location%3D2525%2BOakley%2BSeaver%2BDr,%2BClermont,%2BFL,%2B34711,%2BUnited%2BStates%26trp%3Dfalse%26sprop%3Dhttps://wordpress-810691-5571285.cloudwaysapps.com/events/preserving-local-history-2026-02-04/%26sprop%3Dname:Pastfinders%26ctz%3DAmerica/New_York&emr=1&followup=https://calendar.google.com/calendar/event?action%3DTEMPLATE%26text%3DPreserving%2BLocal%2BHistory%26dates%3D20260204T100000/20260204T120000%26details%3DHelp%2Bin%2Bthe%2Bpreservation%2Bof%2Bour%2Blocal%2Bhistory%2Band%2Bcollections,%2Bincluding%2Btranscriptionists,%2Bpreservationists,%2Bdigitizers,%2Band%2Borganization%25C2%25A0projects.%26location%3D2525%2BOakley%2BSeaver%2BDr,%2BClermont,%2BFL,%2B34711,%2BUnited%2BStates%26trp%3Dfalse%26sprop%3Dhttps://wordpress-810691-5571285.cloudwaysapps.com/events/preserving-local-history-2026-02-04/%26sprop%3Dname:Pastfinders%26ctz%3DAmerica/New_York&osid=1&passive=1209600&service=cl&ifkv=AdBytiN5j6mrE306L-c5-ndRgEBMeQsLquB4GeX4S6BNeFEZ7IQBvRR_KTQjJz_xXhsZUb_4y53rhA HTTP/1.1" 302 None
DEBUG:urllib3.connectionpool:https://accounts.google.com:443 "GET /v3/signin/identifier?continue=https%3A%2F%2Fcalendar.google.com%2Fcalendar%2Fevent%3Faction%3DTEMPLATE%26text%3DFamily%2BBook%2BCreator%2BSpecial%2BInterest%2BGroup%2B%28SIG%29%26dates%3D20270322T190000%2F20270322T200000%26details%3DThis%2Bgroup%2Bgrew%2Bout%2Bof%2Bour%2Boriginal%2BFBC%2BStudy%2BGroup%2C%2Ba%2Bjoint%2Beffort%2Bbetween%2BPastfinders%2Band%2BKinseekers.%2BFor%2Bnow%2C%2Bmembership%2Bis%2Blimited%2Bto%2Bparticipants%2Bof%2Bthat%2Boriginal%2Bgroup%2C%2Bbut%2Bwe%2Bhope%2Bto%2Bwelcome%2Bmore%2Bmembers%2Bin%2Bthe%2Bfuture.%26location%26trp%3Dfalse%26sprop%3Dhttps%3A%2F%2Fwordpress-810691-5571285.cloudwaysapps.com%2Fevents%2Ffamily-book-creator-special-interest-group-sig-2027-03-22%2F%26sprop%3Dname%3APastfinders%26ctz%3DAmerica%2FNew_York&emr=1&followup=https%3A%2F%2Fcalendar.google.com%2Fcalendar%2Fevent%3Faction%3DTEMPLATE%26text%3DFamily%2BBook%2BCreator%2BSpecial%2BInterest%2BGroup%2B%28SIG%29%26dates%3D20270322T190000%2F20270322T200000%26details%3DThis%2Bgroup%2Bgrew%2Bout%2Bof%2Bour%2Boriginal%2BFBC%2BStudy%2BGroup%2C%2Ba%2Bjoint%2Beffort%2Bbetween%2BPastfinders%2Band%2BKinseekers.%2BFor%2Bnow%2C%2Bmembership%2Bis%2Blimited%2Bto%2Bparticipants%2Bof%2Bthat%2Boriginal%2Bgroup%2C%2Bbut%2Bwe%2Bhope%2Bto%2Bwelcome%2Bmore%2Bmembers%2Bin%2Bthe%2Bfuture.%26location%26trp%3Dfalse%26sprop%3Dhttps%3A%2F%2Fwordpress-810691-5571285.cloudwaysapps.com%2Fevents%2Ffamily-book-creator-special-interest-group-sig-2027-03-22%2F%26sprop%3Dname%3APastfinders%26ctz%3DAmerica%2FNew_York&ifkv=AdBytiOHnjW0mlXl980Fs5I5NqmEF2sn-eaz7XX9NwxwzathC81Ep8sXzhU72Vv1gxHp7N8i_dj-1Q&osid=1&passive=1209600&service=cl&flowName=WebLiteSignIn&flowEntry=ServiceLogin&dsh=S-50030786%3A1756758124685820 HTTP/1.1" 200 None
DEBUG:urllib3.connectionpool:https://accounts.google.com:443 "GET /v3/signin/identifier?continue=https%3A%2F%2Fcalendar.google.com%2Fcalendar%2Fevent%3Faction%3DTEMPLATE%26text%3DPreserving%2BLocal%2BHistory%26dates%3D20260204T100000%2F20260204T120000%26details%3DHelp%2Bin%2Bthe%2Bpreservation%2Bof%2Bour%2Blocal%2Bhistory%2Band%2Bcollections%2C%2Bincluding%2Btranscriptionists%2C%2Bpreservationists%2C%2Bdigitizers%2C%2Band%2Borganization%25C2%25A0projects.%26location%3D2525%2BOakley%2BSeaver%2BDr%2C%2BClermont%2C%2BFL%2C%2B34711%2C%2BUnited%2BStates%26trp%3Dfalse%26sprop%3Dhttps%3A%2F%2Fwordpress-810691-5571285.cloudwaysapps.com%2Fevents%2Fpreserving-local-history-2026-02-04%2F%26sprop%3Dname%3APastfinders%26ctz%3DAmerica%2FNew_York&emr=1&followup=https%3A%2F%2Fcalendar.google.com%2Fcalendar%2Fevent%3Faction%3DTEMPLATE%26text%3DPreserving%2BLocal%2BHistory%26dates%3D20260204T100000%2F20260204T120000%26details%3DHelp%2Bin%2Bthe%2Bpreservation%2Bof%2Bour%2Blocal%2Bhistory%2Band%2Bcollections%2C%2Bincluding%2Btranscriptionists%2C%2Bpreservationists%2C%2Bdigitizers%2C%2Band%2Borganization%25C2%25A0projects.%26location%3D2525%2BOakley%2BSeaver%2BDr%2C%2BClermont%2C%2BFL%2C%2B34711%2C%2BUnited%2BStates%26trp%3Dfalse%26sprop%3Dhttps%3A%2F%2Fwordpress-810691-5571285.cloudwaysapps.com%2Fevents%2Fpreserving-local-history-2026-02-04%2F%26sprop%3Dname%3APastfinders%26ctz%3DAmerica%2FNew_York&ifkv=AdBytiPXS8MhFEChhFneI0kF_tkoiL46aT5b0KY_KkprvIRtd7hnu9jiP1-FGjtW_LnRn_cJpR2Cew&osid=1&passive=1209600&service=cl&flowName=WebLiteSignIn&flowEntry=ServiceLogin&dsh=S-969481677%3A1756758124709393 HTTP/1.1" 200 None
DEBUG:urllib3.connectionpool:https://fonts.googleapis.com:443 "GET /css2?family=Open+Sans:wght@400&family=Bitter:wght@600&display=swap HTTP/1.1" 200 None
DEBUG:root:✅ Css OK: https://fonts.googleapis.com/css2?family=Open+Sans:wght@400&family=Bitter:wght@600&display=swap
DEBUG:root:Checking internal javascript: https://wordpress-810691-5571285.cloudwaysapps.com/wp-content/plugins/breeze/assets/js/js-front-end/breeze-prefetch-links.min.js?ver=2.2.17
DEBUG:urllib3.connectionpool:Starting new HTTPS connection (1): wordpress-810691-5571285.cloudwaysapps.com:443
DEBUG:root:✅ Hyperlink OK: https://www.google.com/calendar/event?action=TEMPLATE&text=Family+Book+Creator+Special+Interest+Group+%28SIG%29&dates=20270322T190000/20270322T200000&details=This+group+grew+out+of+our+original+FBC+Study+Group%2C+a+joint+effort+between+Pastfinders+and+Kinseekers.+For+now%2C+membership+is+limited+to+participants+of+that+original+group%2C+but+we+hope+to+welcome+more+members+in+the+future.&location=&trp=false&sprop=https%3A%2F%2Fwordpress-810691-5571285.cloudwaysapps.com%2Fevents%2Ffamily-book-creator-special-interest-group-sig-2027-03-22%2F&sprop=name:Pastfinders&ctz=America%2FNew_York
DEBUG:root:Checking external hyperlink: https://outlook.office.com/calendar/0/deeplink/compose?allday=false&body=This+group+grew+out+of+our+original+FBC+Study+Group%2C+a+joint+effort+between+Pastfinders+and+Kinseekers.+For+now%2C+membership+is+limited+to+participants+of+that+original+group%2C+but+we+hope+to+welcome+more+members+in+the+future.&location=&path=/calendar/action/compose&rru=addevent&startdt=2027-03-22T19%3A00%3A00-04%3A00&enddt=2027-03-22T20%3A00%3A00-04%3A00&subject=Family+Book+Creator+Special+Interest+Group+%28SIG%29
DEBUG:root:✅ Hyperlink OK: https://www.google.com/calendar/event?action=TEMPLATE&text=Preserving+Local+History&dates=20260204T100000/20260204T120000&details=Help+in+the+preservation+of+our+local+history+and+collections%2C+including+transcriptionists%2C+preservationists%2C+digitizers%2C+and+organization%C2%A0projects.&location=2525+Oakley+Seaver+Dr%2C+Clermont%2C+FL%2C+34711%2C+United+States&trp=false&sprop=https%3A%2F%2Fwordpress-810691-5571285.cloudwaysapps.com%2Fevents%2Fpreserving-local-history-2026-02-04%2F&sprop=name:Pastfinders&ctz=America%2FNew_York
DEBUG:root:Checking external hyperlink: https://outlook.office.com/calendar/0/deeplink/compose?allday=false&body=Help+in+the+preservation+of+our+local+history+and+collections%2C+including+transcriptionists%2C+preservationists%2C+digitizers%2C+and+organization%C2%A0projects.&location=2525+Oakley+Seaver+Dr%2C+Clermont%2C+FL%2C+34711%2C+United+States&path=/calendar/action/compose&rru=addevent&startdt=2026-02-04T10%3A00%3A00-05%3A00&enddt=2026-02-04T12%3A00%3A00-05%3A00&subject=Preserving+Local+History
DEBUG:urllib3.connectionpool:Starting new HTTPS connection (1): outlook.office.com:443
DEBUG:urllib3.connectionpool:Starting new HTTPS connection (1): outlook.office.com:443
DEBUG:urllib3.connectionpool:https://wordpress-810691-5571285.cloudwaysapps.com:443 "GET /wp-content/themes/picostrap5-child-base/css-output/main.css?ver=250901-193951 HTTP/1.1" 200 None
DEBUG:root:✅ Css OK: https://wordpress-810691-5571285.cloudwaysapps.com/wp-content/themes/picostrap5-child-base/css-output/main.css?ver=250901-193951
DEBUG:root:Checking internal javascript: https://wordpress-810691-5571285.cloudwaysapps.com/wp-includes/js/jquery/jquery.min.js?ver=3.7.1
DEBUG:urllib3.connectionpool:Starting new HTTPS connection (1): wordpress-810691-5571285.cloudwaysapps.com:443
DEBUG:urllib3.connectionpool:https://wordpress-810691-5571285.cloudwaysapps.com:443 "GET /wp-content/plugins/breeze/assets/js/js-front-end/breeze-prefetch-links.min.js?ver=2.2.17 HTTP/1.1" 200 None
DEBUG:root:✅ Javascript OK: https://wordpress-810691-5571285.cloudwaysapps.com/wp-content/plugins/breeze/assets/js/js-front-end/breeze-prefetch-links.min.js?ver=2.2.17
DEBUG:root:Checking internal javascript: https://wordpress-810691-5571285.cloudwaysapps.com/wp-includes/js/jquery/jquery-migrate.min.js?ver=3.4.1
DEBUG:urllib3.connectionpool:Starting new HTTPS connection (1): wordpress-810691-5571285.cloudwaysapps.com:443
DEBUG:urllib3.connectionpool:https://outlook.office.com:443 "GET /calendar/0/deeplink/compose?allday=false&body=Help+in+the+preservation+of+our+local+history+and+collections%2C+including+transcriptionists%2C+preservationists%2C+digitizers%2C+and+organization%C2%A0projects.&location=2525+Oakley+Seaver+Dr%2C+Clermont%2C+FL%2C+34711%2C+United+States&path=/calendar/action/compose&rru=addevent&startdt=2026-02-04T10%3A00%3A00-05%3A00&enddt=2026-02-04T12%3A00%3A00-05%3A00&subject=Preserving+Local+History HTTP/1.1" 200 None
DEBUG:root:✅ Hyperlink OK: https://outlook.office.com/calendar/0/deeplink/compose?allday=false&body=Help+in+the+preservation+of+our+local+history+and+collections%2C+including+transcriptionists%2C+preservationists%2C+digitizers%2C+and+organization%C2%A0projects.&location=2525+Oakley+Seaver+Dr%2C+Clermont%2C+FL%2C+34711%2C+United+States&path=/calendar/action/compose&rru=addevent&startdt=2026-02-04T10%3A00%3A00-05%3A00&enddt=2026-02-04T12%3A00%3A00-05%3A00&subject=Preserving+Local+History
DEBUG:root:Checking external hyperlink: https://outlook.live.com/calendar/0/deeplink/compose?allday=false&body=Help+in+the+preservation+of+our+local+history+and+collections%2C+including+transcriptionists%2C+preservationists%2C+digitizers%2C+and+organization%C2%A0projects.&location=2525+Oakley+Seaver+Dr%2C+Clermont%2C+FL%2C+34711%2C+United+States&path=/calendar/action/compose&rru=addevent&startdt=2026-02-04T10%3A00%3A00-05%3A00&enddt=2026-02-04T12%3A00%3A00-05%3A00&subject=Preserving+Local+History
DEBUG:urllib3.connectionpool:https://outlook.office.com:443 "GET /calendar/0/deeplink/compose?allday=false&body=This+group+grew+out+of+our+original+FBC+Study+Group%2C+a+joint+effort+between+Pastfinders+and+Kinseekers.+For+now%2C+membership+is+limited+to+participants+of+that+original+group%2C+but+we+hope+to+welcome+more+members+in+the+future.&location=&path=/calendar/action/compose&rru=addevent&startdt=2027-03-22T19%3A00%3A00-04%3A00&enddt=2027-03-22T20%3A00%3A00-04%3A00&subject=Family+Book+Creator+Special+Interest+Group+%28SIG%29 HTTP/1.1" 200 None
DEBUG:urllib3.connectionpool:https://wordpress-810691-5571285.cloudwaysapps.com:443 "GET /events/family-history-research-beginning-genealogy-class-2-of-3/ HTTP/1.1" 200 None
DEBUG:root:Successfully fetched https://wordpress-810691-5571285.cloudwaysapps.com/events/family-history-research-beginning-genealogy-class-2-of-3/ (Content-Length: 42968)
DEBUG:urllib3.connectionpool:Starting new HTTPS connection (1): outlook.live.com:443
DEBUG:root:✅ Hyperlink OK: https://outlook.office.com/calendar/0/deeplink/compose?allday=false&body=This+group+grew+out+of+our+original+FBC+Study+Group%2C+a+joint+effort+between+Pastfinders+and+Kinseekers.+For+now%2C+membership+is+limited+to+participants+of+that+original+group%2C+but+we+hope+to+welcome+more+members+in+the+future.&location=&path=/calendar/action/compose&rru=addevent&startdt=2027-03-22T19%3A00%3A00-04%3A00&enddt=2027-03-22T20%3A00%3A00-04%3A00&subject=Family+Book+Creator+Special+Interest+Group+%28SIG%29
DEBUG:root:Checking external hyperlink: https://outlook.live.com/calendar/0/deeplink/compose?allday=false&body=This+group+grew+out+of+our+original+FBC+Study+Group%2C+a+joint+effort+between+Pastfinders+and+Kinseekers.+For+now%2C+membership+is+limited+to+participants+of+that+original+group%2C+but+we+hope+to+welcome+more+members+in+the+future.&location=&path=/calendar/action/compose&rru=addevent&startdt=2027-03-22T19%3A00%3A00-04%3A00&enddt=2027-03-22T20%3A00%3A00-04%3A00&subject=Family+Book+Creator+Special+Interest+Group+%28SIG%29
DEBUG:urllib3.connectionpool:Starting new HTTPS connection (1): outlook.live.com:443
DEBUG:charset_normalizer:Encoding detection: utf_8 is most likely the one.
DEBUG:root:Extracted 985 characters, 149 words from https://wordpress-810691-5571285.cloudwaysapps.com/events/family-history-research-beginning-genealogy-class-2-of-3/
DEBUG:root:Checking external hyperlink: https://www.google.com/calendar/event?action=TEMPLATE&text=Family+History+Research%3A+Beginning+Genealogy+Class+2+of+3&dates=20250910T130000/20250910T150000&details=In+this+class%2C+become+acquainted+with+types+of+vital+records%2C+learn+how+to+recognize+first+and+second+sources%2C+interpret+census%2C+naturalization+and+military+draft+registration+data.&location=&trp=false&sprop=https%3A%2F%2Fwordpress-810691-5571285.cloudwaysapps.com%2Fevents%2Ffamily-history-research-beginning-genealogy-class-2-of-3%2F&sprop=name:Pastfinders&ctz=America%2FNew_York
DEBUG:urllib3.connectionpool:Starting new HTTPS connection (1): www.google.com:443
DEBUG:urllib3.connectionpool:https://wordpress-810691-5571285.cloudwaysapps.com:443 "GET /wp-includes/js/jquery/jquery.min.js?ver=3.7.1 HTTP/1.1" 200 None
DEBUG:root:✅ Javascript OK: https://wordpress-810691-5571285.cloudwaysapps.com/wp-includes/js/jquery/jquery.min.js?ver=3.7.1
DEBUG:root:Checking internal javascript: https://wordpress-810691-5571285.cloudwaysapps.com/wp-includes/js/jquery/ui/core.min.js?ver=1.13.3
DEBUG:urllib3.connectionpool:Starting new HTTPS connection (1): wordpress-810691-5571285.cloudwaysapps.com:443
DEBUG:urllib3.connectionpool:https://wordpress-810691-5571285.cloudwaysapps.com:443 "GET /wp-includes/js/jquery/jquery-migrate.min.js?ver=3.4.1 HTTP/1.1" 200 None
DEBUG:root:✅ Javascript OK: https://wordpress-810691-5571285.cloudwaysapps.com/wp-includes/js/jquery/jquery-migrate.min.js?ver=3.4.1
DEBUG:root:Checking internal javascript: https://wordpress-810691-5571285.cloudwaysapps.com/wp-includes/js/jquery/ui/mouse.min.js?ver=1.13.3
DEBUG:urllib3.connectionpool:Starting new HTTPS connection (1): wordpress-810691-5571285.cloudwaysapps.com:443
DEBUG:urllib3.connectionpool:https://www.google.com:443 "GET /calendar/event?action=TEMPLATE&text=Family+History+Research%3A+Beginning+Genealogy+Class+2+of+3&dates=20250910T130000/20250910T150000&details=In+this+class%2C+become+acquainted+with+types+of+vital+records%2C+learn+how+to+recognize+first+and+second+sources%2C+interpret+census%2C+naturalization+and+military+draft+registration+data.&location=&trp=false&sprop=https%3A%2F%2Fwordpress-810691-5571285.cloudwaysapps.com%2Fevents%2Ffamily-history-research-beginning-genealogy-class-2-of-3%2F&sprop=name:Pastfinders&ctz=America%2FNew_York HTTP/1.1" 302 0
DEBUG:urllib3.connectionpool:Starting new HTTPS connection (1): calendar.google.com:443
DEBUG:urllib3.connectionpool:https://outlook.live.com:443 "GET /calendar/0/deeplink/compose?allday=false&body=This+group+grew+out+of+our+original+FBC+Study+Group%2C+a+joint+effort+between+Pastfinders+and+Kinseekers.+For+now%2C+membership+is+limited+to+participants+of+that+original+group%2C+but+we+hope+to+welcome+more+members+in+the+future.&location=&path=/calendar/action/compose&rru=addevent&startdt=2027-03-22T19%3A00%3A00-04%3A00&enddt=2027-03-22T20%3A00%3A00-04%3A00&subject=Family+Book+Creator+Special+Interest+Group+%28SIG%29 HTTP/1.1" 200 None
DEBUG:root:✅ Hyperlink OK: https://outlook.live.com/calendar/0/deeplink/compose?allday=false&body=This+group+grew+out+of+our+original+FBC+Study+Group%2C+a+joint+effort+between+Pastfinders+and+Kinseekers.+For+now%2C+membership+is+limited+to+participants+of+that+original+group%2C+but+we+hope+to+welcome+more+members+in+the+future.&location=&path=/calendar/action/compose&rru=addevent&startdt=2027-03-22T19%3A00%3A00-04%3A00&enddt=2027-03-22T20%3A00%3A00-04%3A00&subject=Family+Book+Creator+Special+Interest+Group+%28SIG%29
DEBUG:root:Checking internal javascript: https://wordpress-810691-5571285.cloudwaysapps.com/wp-includes/js/jquery/ui/sortable.min.js?ver=1.13.3
DEBUG:urllib3.connectionpool:Starting new HTTPS connection (1): wordpress-810691-5571285.cloudwaysapps.com:443
DEBUG:urllib3.connectionpool:https://outlook.live.com:443 "GET /calendar/0/deeplink/compose?allday=false&body=Help+in+the+preservation+of+our+local+history+and+collections%2C+including+transcriptionists%2C+preservationists%2C+digitizers%2C+and+organization%C2%A0projects.&location=2525+Oakley+Seaver+Dr%2C+Clermont%2C+FL%2C+34711%2C+United+States&path=/calendar/action/compose&rru=addevent&startdt=2026-02-04T10%3A00%3A00-05%3A00&enddt=2026-02-04T12%3A00%3A00-05%3A00&subject=Preserving+Local+History HTTP/1.1" 200 None
DEBUG:root:✅ Hyperlink OK: https://outlook.live.com/calendar/0/deeplink/compose?allday=false&body=Help+in+the+preservation+of+our+local+history+and+collections%2C+including+transcriptionists%2C+preservationists%2C+digitizers%2C+and+organization%C2%A0projects.&location=2525+Oakley+Seaver+Dr%2C+Clermont%2C+FL%2C+34711%2C+United+States&path=/calendar/action/compose&rru=addevent&startdt=2026-02-04T10%3A00%3A00-05%3A00&enddt=2026-02-04T12%3A00%3A00-05%3A00&subject=Preserving+Local+History
DEBUG:root:Checking internal javascript: https://wordpress-810691-5571285.cloudwaysapps.com/wp-includes/js/jquery/ui/datepicker.min.js?ver=1.13.3
DEBUG:urllib3.connectionpool:Starting new HTTPS connection (1): wordpress-810691-5571285.cloudwaysapps.com:443
DEBUG:urllib3.connectionpool:https://wordpress-810691-5571285.cloudwaysapps.com:443 "GET /wp-includes/js/jquery/ui/core.min.js?ver=1.13.3 HTTP/1.1" 200 None
DEBUG:root:✅ Javascript OK: https://wordpress-810691-5571285.cloudwaysapps.com/wp-includes/js/jquery/ui/core.min.js?ver=1.13.3
DEBUG:root:Checking internal javascript: https://wordpress-810691-5571285.cloudwaysapps.com/wp-includes/js/jquery/ui/resizable.min.js?ver=1.13.3
DEBUG:urllib3.connectionpool:Starting new HTTPS connection (1): wordpress-810691-5571285.cloudwaysapps.com:443
DEBUG:urllib3.connectionpool:https://wordpress-810691-5571285.cloudwaysapps.com:443 "GET /wp-includes/js/jquery/ui/mouse.min.js?ver=1.13.3 HTTP/1.1" 200 None
DEBUG:urllib3.connectionpool:https://calendar.google.com:443 "GET /calendar/event?action=TEMPLATE&text=Family+History+Research:+Beginning+Genealogy+Class+2+of+3&dates=20250910T130000/20250910T150000&details=In+this+class,+become+acquainted+with+types+of+vital+records,+learn+how+to+recognize+first+and+second+sources,+interpret+census,+naturalization+and+military+draft+registration+data.&location&trp=false&sprop=https://wordpress-810691-5571285.cloudwaysapps.com/events/family-history-research-beginning-genealogy-class-2-of-3/&sprop=name:Pastfinders&ctz=America/New_York HTTP/1.1" 302 0
DEBUG:root:✅ Javascript OK: https://wordpress-810691-5571285.cloudwaysapps.com/wp-includes/js/jquery/ui/mouse.min.js?ver=1.13.3
DEBUG:root:Checking internal javascript: https://wordpress-810691-5571285.cloudwaysapps.com/wp-includes/js/jquery/ui/draggable.min.js?ver=1.13.3
DEBUG:urllib3.connectionpool:Starting new HTTPS connection (1): wordpress-810691-5571285.cloudwaysapps.com:443
DEBUG:urllib3.connectionpool:Starting new HTTPS connection (1): accounts.google.com:443
DEBUG:urllib3.connectionpool:https://wordpress-810691-5571285.cloudwaysapps.com:443 "GET /wp-includes/js/jquery/ui/sortable.min.js?ver=1.13.3 HTTP/1.1" 200 None
DEBUG:root:✅ Javascript OK: https://wordpress-810691-5571285.cloudwaysapps.com/wp-includes/js/jquery/ui/sortable.min.js?ver=1.13.3
DEBUG:root:Checking internal javascript: https://wordpress-810691-5571285.cloudwaysapps.com/wp-includes/js/jquery/ui/controlgroup.min.js?ver=1.13.3
DEBUG:urllib3.connectionpool:Starting new HTTPS connection (1): wordpress-810691-5571285.cloudwaysapps.com:443
DEBUG:urllib3.connectionpool:https://accounts.google.com:443 "GET /ServiceLogin?service=cl&passive=1209600&osid=1&continue=https://calendar.google.com/calendar/event?action%3DTEMPLATE%26text%3DFamily%2BHistory%2BResearch:%2BBeginning%2BGenealogy%2BClass%2B2%2Bof%2B3%26dates%3D20250910T130000/20250910T150000%26details%3DIn%2Bthis%2Bclass,%2Bbecome%2Bacquainted%2Bwith%2Btypes%2Bof%2Bvital%2Brecords,%2Blearn%2Bhow%2Bto%2Brecognize%2Bfirst%2Band%2Bsecond%2Bsources,%2Binterpret%2Bcensus,%2Bnaturalization%2Band%2Bmilitary%2Bdraft%2Bregistration%2Bdata.%26location%26trp%3Dfalse%26sprop%3Dhttps://wordpress-810691-5571285.cloudwaysapps.com/events/family-history-research-beginning-genealogy-class-2-of-3/%26sprop%3Dname:Pastfinders%26ctz%3DAmerica/New_York&followup=https://calendar.google.com/calendar/event?action%3DTEMPLATE%26text%3DFamily%2BHistory%2BResearch:%2BBeginning%2BGenealogy%2BClass%2B2%2Bof%2B3%26dates%3D20250910T130000/20250910T150000%26details%3DIn%2Bthis%2Bclass,%2Bbecome%2Bacquainted%2Bwith%2Btypes%2Bof%2Bvital%2Brecords,%2Blearn%2Bhow%2Bto%2Brecognize%2Bfirst%2Band%2Bsecond%2Bsources,%2Binterpret%2Bcensus,%2Bnaturalization%2Band%2Bmilitary%2Bdraft%2Bregistration%2Bdata.%26location%26trp%3Dfalse%26sprop%3Dhttps://wordpress-810691-5571285.cloudwaysapps.com/events/family-history-research-beginning-genealogy-class-2-of-3/%26sprop%3Dname:Pastfinders%26ctz%3DAmerica/New_York&emr=1 HTTP/1.1" 302 0
DEBUG:urllib3.connectionpool:https://wordpress-810691-5571285.cloudwaysapps.com:443 "GET /wp-includes/js/jquery/ui/datepicker.min.js?ver=1.13.3 HTTP/1.1" 200 None
DEBUG:root:✅ Javascript OK: https://wordpress-810691-5571285.cloudwaysapps.com/wp-includes/js/jquery/ui/datepicker.min.js?ver=1.13.3
DEBUG:root:Checking internal javascript: https://wordpress-810691-5571285.cloudwaysapps.com/wp-includes/js/jquery/ui/checkboxradio.min.js?ver=1.13.3
DEBUG:urllib3.connectionpool:Starting new HTTPS connection (1): wordpress-810691-5571285.cloudwaysapps.com:443
DEBUG:urllib3.connectionpool:https://wordpress-810691-5571285.cloudwaysapps.com:443 "GET /wp-includes/js/jquery/ui/resizable.min.js?ver=1.13.3 HTTP/1.1" 200 None
DEBUG:root:✅ Javascript OK: https://wordpress-810691-5571285.cloudwaysapps.com/wp-includes/js/jquery/ui/resizable.min.js?ver=1.13.3
DEBUG:root:Checking internal javascript: https://wordpress-810691-5571285.cloudwaysapps.com/wp-includes/js/jquery/ui/button.min.js?ver=1.13.3
DEBUG:urllib3.connectionpool:Starting new HTTPS connection (1): wordpress-810691-5571285.cloudwaysapps.com:443
DEBUG:urllib3.connectionpool:https://accounts.google.com:443 "GET /InteractiveLogin?continue=https://calendar.google.com/calendar/event?action%3DTEMPLATE%26text%3DFamily%2BHistory%2BResearch:%2BBeginning%2BGenealogy%2BClass%2B2%2Bof%2B3%26dates%3D20250910T130000/20250910T150000%26details%3DIn%2Bthis%2Bclass,%2Bbecome%2Bacquainted%2Bwith%2Btypes%2Bof%2Bvital%2Brecords,%2Blearn%2Bhow%2Bto%2Brecognize%2Bfirst%2Band%2Bsecond%2Bsources,%2Binterpret%2Bcensus,%2Bnaturalization%2Band%2Bmilitary%2Bdraft%2Bregistration%2Bdata.%26location%26trp%3Dfalse%26sprop%3Dhttps://wordpress-810691-5571285.cloudwaysapps.com/events/family-history-research-beginning-genealogy-class-2-of-3/%26sprop%3Dname:Pastfinders%26ctz%3DAmerica/New_York&emr=1&followup=https://calendar.google.com/calendar/event?action%3DTEMPLATE%26text%3DFamily%2BHistory%2BResearch:%2BBeginning%2BGenealogy%2BClass%2B2%2Bof%2B3%26dates%3D20250910T130000/20250910T150000%26details%3DIn%2Bthis%2Bclass,%2Bbecome%2Bacquainted%2Bwith%2Btypes%2Bof%2Bvital%2Brecords,%2Blearn%2Bhow%2Bto%2Brecognize%2Bfirst%2Band%2Bsecond%2Bsources,%2Binterpret%2Bcensus,%2Bnaturalization%2Band%2Bmilitary%2Bdraft%2Bregistration%2Bdata.%26location%26trp%3Dfalse%26sprop%3Dhttps://wordpress-810691-5571285.cloudwaysapps.com/events/family-history-research-beginning-genealogy-class-2-of-3/%26sprop%3Dname:Pastfinders%26ctz%3DAmerica/New_York&osid=1&passive=1209600&service=cl&ifkv=AdBytiNfC_pWdKSdOuxJ130umKOPquiNI9NI3eldeO16dEcs-KSAHYb6q7872pNQS2NqeNEkoSdQkA HTTP/1.1" 302 None
DEBUG:urllib3.connectionpool:https://wordpress-810691-5571285.cloudwaysapps.com:443 "GET /wp-includes/js/jquery/ui/draggable.min.js?ver=1.13.3 HTTP/1.1" 200 None
DEBUG:root:✅ Javascript OK: https://wordpress-810691-5571285.cloudwaysapps.com/wp-includes/js/jquery/ui/draggable.min.js?ver=1.13.3
DEBUG:root:Checking internal javascript: https://wordpress-810691-5571285.cloudwaysapps.com/wp-includes/js/jquery/ui/dialog.min.js?ver=1.13.3
DEBUG:urllib3.connectionpool:Starting new HTTPS connection (1): wordpress-810691-5571285.cloudwaysapps.com:443
DEBUG:urllib3.connectionpool:https://accounts.google.com:443 "GET /v3/signin/identifier?continue=https%3A%2F%2Fcalendar.google.com%2Fcalendar%2Fevent%3Faction%3DTEMPLATE%26text%3DFamily%2BHistory%2BResearch%3A%2BBeginning%2BGenealogy%2BClass%2B2%2Bof%2B3%26dates%3D20250910T130000%2F20250910T150000%26details%3DIn%2Bthis%2Bclass%2C%2Bbecome%2Bacquainted%2Bwith%2Btypes%2Bof%2Bvital%2Brecords%2C%2Blearn%2Bhow%2Bto%2Brecognize%2Bfirst%2Band%2Bsecond%2Bsources%2C%2Binterpret%2Bcensus%2C%2Bnaturalization%2Band%2Bmilitary%2Bdraft%2Bregistration%2Bdata.%26location%26trp%3Dfalse%26sprop%3Dhttps%3A%2F%2Fwordpress-810691-5571285.cloudwaysapps.com%2Fevents%2Ffamily-history-research-beginning-genealogy-class-2-of-3%2F%26sprop%3Dname%3APastfinders%26ctz%3DAmerica%2FNew_York&emr=1&followup=https%3A%2F%2Fcalendar.google.com%2Fcalendar%2Fevent%3Faction%3DTEMPLATE%26text%3DFamily%2BHistory%2BResearch%3A%2BBeginning%2BGenealogy%2BClass%2B2%2Bof%2B3%26dates%3D20250910T130000%2F20250910T150000%26details%3DIn%2Bthis%2Bclass%2C%2Bbecome%2Bacquainted%2Bwith%2Btypes%2Bof%2Bvital%2Brecords%2C%2Blearn%2Bhow%2Bto%2Brecognize%2Bfirst%2Band%2Bsecond%2Bsources%2C%2Binterpret%2Bcensus%2C%2Bnaturalization%2Band%2Bmilitary%2Bdraft%2Bregistration%2Bdata.%26location%26trp%3Dfalse%26sprop%3Dhttps%3A%2F%2Fwordpress-810691-5571285.cloudwaysapps.com%2Fevents%2Ffamily-history-research-beginning-genealogy-class-2-of-3%2F%26sprop%3Dname%3APastfinders%26ctz%3DAmerica%2FNew_York&ifkv=AdBytiPTbuTzwu4BSKmNswJk6z2IA_fGVxCc3k5XRuqtuw9tal6Z1TfrYYkMPtlBlN1-jrEfrdTixg&osid=1&passive=1209600&service=cl&flowName=WebLiteSignIn&flowEntry=ServiceLogin&dsh=S-1675344307%3A1756758125599586 HTTP/1.1" 200 None
DEBUG:urllib3.connectionpool:https://wordpress-810691-5571285.cloudwaysapps.com:443 "GET /wp-includes/js/jquery/ui/controlgroup.min.js?ver=1.13.3 HTTP/1.1" 200 None
DEBUG:root:✅ Javascript OK: https://wordpress-810691-5571285.cloudwaysapps.com/wp-includes/js/jquery/ui/controlgroup.min.js?ver=1.13.3
DEBUG:root:Checking internal javascript: https://wordpress-810691-5571285.cloudwaysapps.com/wp-content/plugins/events-manager/includes/js/events-manager.js?ver=7.0.5
DEBUG:urllib3.connectionpool:Starting new HTTPS connection (1): wordpress-810691-5571285.cloudwaysapps.com:443
DEBUG:root:✅ Hyperlink OK: https://www.google.com/calendar/event?action=TEMPLATE&text=Family+History+Research%3A+Beginning+Genealogy+Class+2+of+3&dates=20250910T130000/20250910T150000&details=In+this+class%2C+become+acquainted+with+types+of+vital+records%2C+learn+how+to+recognize+first+and+second+sources%2C+interpret+census%2C+naturalization+and+military+draft+registration+data.&location=&trp=false&sprop=https%3A%2F%2Fwordpress-810691-5571285.cloudwaysapps.com%2Fevents%2Ffamily-history-research-beginning-genealogy-class-2-of-3%2F&sprop=name:Pastfinders&ctz=America%2FNew_York
DEBUG:root:Checking external hyperlink: https://outlook.office.com/calendar/0/deeplink/compose?allday=false&body=In+this+class%2C+become+acquainted+with+types+of+vital+records%2C+learn+how+to+recognize+first+and+second+sources%2C+interpret+census%2C+naturalization+and+military+draft+registration+data.&location=&path=/calendar/action/compose&rru=addevent&startdt=2025-09-10T13%3A00%3A00-04%3A00&enddt=2025-09-10T15%3A00%3A00-04%3A00&subject=Family+History+Research%3A+Beginning+Genealogy+Class+2+of+3
DEBUG:urllib3.connectionpool:Starting new HTTPS connection (1): outlook.office.com:443
DEBUG:urllib3.connectionpool:https://wordpress-810691-5571285.cloudwaysapps.com:443 "GET /wp-includes/js/jquery/ui/checkboxradio.min.js?ver=1.13.3 HTTP/1.1" 200 None
DEBUG:root:✅ Javascript OK: https://wordpress-810691-5571285.cloudwaysapps.com/wp-includes/js/jquery/ui/checkboxradio.min.js?ver=1.13.3
DEBUG:root:Checking external javascript: https://kit.fontawesome.com/60b3d1ac4f.js
DEBUG:urllib3.connectionpool:https://wordpress-810691-5571285.cloudwaysapps.com:443 "GET /wp-includes/js/jquery/ui/button.min.js?ver=1.13.3 HTTP/1.1" 200 None
DEBUG:root:✅ Javascript OK: https://wordpress-810691-5571285.cloudwaysapps.com/wp-includes/js/jquery/ui/button.min.js?ver=1.13.3
DEBUG:root:Checking internal javascript: https://wordpress-810691-5571285.cloudwaysapps.com/wp-includes/js/dist/vendor/moment.min.js?ver=2.30.1
DEBUG:urllib3.connectionpool:Starting new HTTPS connection (1): wordpress-810691-5571285.cloudwaysapps.com:443
DEBUG:urllib3.connectionpool:https://wordpress-810691-5571285.cloudwaysapps.com:443 "GET /wp-includes/js/jquery/ui/dialog.min.js?ver=1.13.3 HTTP/1.1" 200 None
DEBUG:root:✅ Javascript OK: https://wordpress-810691-5571285.cloudwaysapps.com/wp-includes/js/jquery/ui/dialog.min.js?ver=1.13.3
DEBUG:root:Checking internal javascript: https://wordpress-810691-5571285.cloudwaysapps.com/wp-content/themes/picostrap5-child-base/js/mobile-dropdown.js?ver=1755462088
DEBUG:urllib3.connectionpool:Starting new HTTPS connection (1): wordpress-810691-5571285.cloudwaysapps.com:443
DEBUG:urllib3.connectionpool:Starting new HTTPS connection (1): kit.fontawesome.com:443
DEBUG:urllib3.connectionpool:https://wordpress-810691-5571285.cloudwaysapps.com:443 "GET /wp-content/plugins/events-manager/includes/js/events-manager.js?ver=7.0.5 HTTP/1.1" 200 None
DEBUG:urllib3.connectionpool:https://kit.fontawesome.com:443 "GET /60b3d1ac4f.js HTTP/1.1" 200 None
DEBUG:root:✅ Javascript OK: https://kit.fontawesome.com/60b3d1ac4f.js
DEBUG:root:Checking internal javascript: https://wordpress-810691-5571285.cloudwaysapps.com/wp-content/themes/picostrap5-child-base/js/alert-bar.js?ver=1755968298
DEBUG:urllib3.connectionpool:Starting new HTTPS connection (1): wordpress-810691-5571285.cloudwaysapps.com:443
DEBUG:urllib3.connectionpool:https://wordpress-810691-5571285.cloudwaysapps.com:443 "GET /wp-includes/js/dist/vendor/moment.min.js?ver=2.30.1 HTTP/1.1" 200 None
DEBUG:urllib3.connectionpool:https://outlook.office.com:443 "GET /calendar/0/deeplink/compose?allday=false&body=In+this+class%2C+become+acquainted+with+types+of+vital+records%2C+learn+how+to+recognize+first+and+second+sources%2C+interpret+census%2C+naturalization+and+military+draft+registration+data.&location=&path=/calendar/action/compose&rru=addevent&startdt=2025-09-10T13%3A00%3A00-04%3A00&enddt=2025-09-10T15%3A00%3A00-04%3A00&subject=Family+History+Research%3A+Beginning+Genealogy+Class+2+of+3 HTTP/1.1" 200 None
DEBUG:urllib3.connectionpool:https://wordpress-810691-5571285.cloudwaysapps.com:443 "GET /wp-content/themes/picostrap5-child-base/js/mobile-dropdown.js?ver=1755462088 HTTP/1.1" 200 None
DEBUG:root:✅ Javascript OK: https://wordpress-810691-5571285.cloudwaysapps.com/wp-content/themes/picostrap5-child-base/js/mobile-dropdown.js?ver=1755462088
DEBUG:root:Checking internal javascript: https://wordpress-810691-5571285.cloudwaysapps.com/wp-content/plugins/breeze/assets/js/js-front-end/breeze-lazy-load.min.js?ver=2.2.17
DEBUG:root:✅ Javascript OK: https://wordpress-810691-5571285.cloudwaysapps.com/wp-includes/js/dist/vendor/moment.min.js?ver=2.30.1
DEBUG:root:✅ Hyperlink OK: https://outlook.office.com/calendar/0/deeplink/compose?allday=false&body=In+this+class%2C+become+acquainted+with+types+of+vital+records%2C+learn+how+to+recognize+first+and+second+sources%2C+interpret+census%2C+naturalization+and+military+draft+registration+data.&location=&path=/calendar/action/compose&rru=addevent&startdt=2025-09-10T13%3A00%3A00-04%3A00&enddt=2025-09-10T15%3A00%3A00-04%3A00&subject=Family+History+Research%3A+Beginning+Genealogy+Class+2+of+3
DEBUG:root:Checking internal javascript: https://wordpress-810691-5571285.cloudwaysapps.com/wp-content/plugins/events-manager//includes/external/chartjs/chart.umd.min.js?ver=7.0.5
DEBUG:root:Checking external hyperlink: https://outlook.live.com/calendar/0/deeplink/compose?allday=false&body=In+this+class%2C+become+acquainted+with+types+of+vital+records%2C+learn+how+to+recognize+first+and+second+sources%2C+interpret+census%2C+naturalization+and+military+draft+registration+data.&location=&path=/calendar/action/compose&rru=addevent&startdt=2025-09-10T13%3A00%3A00-04%3A00&enddt=2025-09-10T15%3A00%3A00-04%3A00&subject=Family+History+Research%3A+Beginning+Genealogy+Class+2+of+3
DEBUG:urllib3.connectionpool:Starting new HTTPS connection (1): wordpress-810691-5571285.cloudwaysapps.com:443
DEBUG:urllib3.connectionpool:Starting new HTTPS connection (1): outlook.live.com:443
DEBUG:urllib3.connectionpool:Starting new HTTPS connection (1): wordpress-810691-5571285.cloudwaysapps.com:443
DEBUG:root:✅ Javascript OK: https://wordpress-810691-5571285.cloudwaysapps.com/wp-content/plugins/events-manager/includes/js/events-manager.js?ver=7.0.5
DEBUG:root:Checking internal javascript: https://wordpress-810691-5571285.cloudwaysapps.com/wp-content/themes/picostrap5-child-base/js/bootstrap.bundle.min.js
DEBUG:urllib3.connectionpool:Starting new HTTPS connection (1): wordpress-810691-5571285.cloudwaysapps.com:443
DEBUG:urllib3.connectionpool:https://wordpress-810691-5571285.cloudwaysapps.com:443 "GET /wp-content/themes/picostrap5-child-base/js/alert-bar.js?ver=1755968298 HTTP/1.1" 200 None
DEBUG:root:✅ Javascript OK: https://wordpress-810691-5571285.cloudwaysapps.com/wp-content/themes/picostrap5-child-base/js/alert-bar.js?ver=1755968298
DEBUG:root:Using regex pattern: \b[a-zA-Z]{3,}\b
DEBUG:root:Found 44 words to check in https://wordpress-810691-5571285.cloudwaysapps.com/events/preserving-local-history-2026-02-04/ (min_length=3)
DEBUG:root:Sample words from https://wordpress-810691-5571285.cloudwaysapps.com/events/preserving-local-history-2026-02-04/: ['This', 'alert', 'Skip', 'content', 'Preserving', 'Local', 'History', 'When', 'February', 'Add']
DEBUG:root:Misspelled word found: 'transcriptionists' in https://wordpress-810691-5571285.cloudwaysapps.com/events/preserving-local-history-2026-02-04/
DEBUG:root:Spell check results for https://wordpress-810691-5571285.cloudwaysapps.com/events/preserving-local-history-2026-02-04/: 17 words checked, 27 skipped, 1 errors found
INFO:root:✅ Processed https://wordpress-810691-5571285.cloudwaysapps.com/events/preserving-local-history-2026-02-04/: 1 errors found, 65 words checked
DEBUG:root:Attempting to fetch: https://wordpress-810691-5571285.cloudwaysapps.com/resources/donnas-moughty-irish-genealogy-resources/
Processing pages:   0%|          | 1/381 [00:01<12:36,  1.99s/it]DEBUG:urllib3.connectionpool:https://wordpress-810691-5571285.cloudwaysapps.com:443 "GET /wp-content/plugins/breeze/assets/js/js-front-end/breeze-lazy-load.min.js?ver=2.2.17 HTTP/1.1" 200 None
DEBUG:root:✅ Javascript OK: https://wordpress-810691-5571285.cloudwaysapps.com/wp-content/plugins/breeze/assets/js/js-front-end/breeze-lazy-load.min.js?ver=2.2.17
DEBUG:root:Using regex pattern: \b[a-zA-Z]{3,}\b
DEBUG:root:Found 94 words to check in https://wordpress-810691-5571285.cloudwaysapps.com/resources/family-history-for-teens-or-kids/ (min_length=3)
DEBUG:root:Sample words from https://wordpress-810691-5571285.cloudwaysapps.com/resources/family-history-for-teens-or-kids/: ['This', 'alert', 'Skip', 'content', 'Family', 'History', 'for', 'Teens', 'Kids', 'May']
DEBUG:root:Spell check results for https://wordpress-810691-5571285.cloudwaysapps.com/resources/family-history-for-teens-or-kids/: 63 words checked, 31 skipped, 0 errors found
INFO:root:✅ Processed https://wordpress-810691-5571285.cloudwaysapps.com/resources/family-history-for-teens-or-kids/: 0 errors found, 117 words checked
DEBUG:root:Attempting to fetch: https://wordpress-810691-5571285.cloudwaysapps.com/events/preserving-local-history-2025-11-19/
DEBUG:urllib3.connectionpool:https://wordpress-810691-5571285.cloudwaysapps.com:443 "GET /resources/donnas-moughty-irish-genealogy-resources/ HTTP/1.1" 200 None
DEBUG:root:Successfully fetched https://wordpress-810691-5571285.cloudwaysapps.com/resources/donnas-moughty-irish-genealogy-resources/ (Content-Length: 39069)
DEBUG:charset_normalizer:Encoding detection: utf_8 is most likely the one.
DEBUG:urllib3.connectionpool:https://outlook.live.com:443 "GET /calendar/0/deeplink/compose?allday=false&body=In+this+class%2C+become+acquainted+with+types+of+vital+records%2C+learn+how+to+recognize+first+and+second+sources%2C+interpret+census%2C+naturalization+and+military+draft+registration+data.&location=&path=/calendar/action/compose&rru=addevent&startdt=2025-09-10T13%3A00%3A00-04%3A00&enddt=2025-09-10T15%3A00%3A00-04%3A00&subject=Family+History+Research%3A+Beginning+Genealogy+Class+2+of+3 HTTP/1.1" 200 None
DEBUG:urllib3.connectionpool:https://wordpress-810691-5571285.cloudwaysapps.com:443 "GET /wp-content/plugins/events-manager//includes/external/chartjs/chart.umd.min.js?ver=7.0.5 HTTP/1.1" 200 None
DEBUG:root:✅ Hyperlink OK: https://outlook.live.com/calendar/0/deeplink/compose?allday=false&body=In+this+class%2C+become+acquainted+with+types+of+vital+records%2C+learn+how+to+recognize+first+and+second+sources%2C+interpret+census%2C+naturalization+and+military+draft+registration+data.&location=&path=/calendar/action/compose&rru=addevent&startdt=2025-09-10T13%3A00%3A00-04%3A00&enddt=2025-09-10T15%3A00%3A00-04%3A00&subject=Family+History+Research%3A+Beginning+Genealogy+Class+2+of+3
DEBUG:root:Checking external hyperlink: https://us06web.zoom.us/meeting/register/D0HBCIUVTgGT0S8LmqGubA
DEBUG:root:Extracted 671 characters, 106 words from https://wordpress-810691-5571285.cloudwaysapps.com/resources/donnas-moughty-irish-genealogy-resources/
DEBUG:root:Using regex pattern: \b[a-zA-Z]{3,}\b
DEBUG:root:Found 80 words to check in https://wordpress-810691-5571285.cloudwaysapps.com/resources/donnas-moughty-irish-genealogy-resources/ (min_length=3)
DEBUG:root:Sample words from https://wordpress-810691-5571285.cloudwaysapps.com/resources/donnas-moughty-irish-genealogy-resources/: ['This', 'alert', 'Skip', 'content', 'Donna', 'Moughty', 'Irish', 'Genealogy', 'Resources', 'June']
DEBUG:root:Spell check results for https://wordpress-810691-5571285.cloudwaysapps.com/resources/donnas-moughty-irish-genealogy-resources/: 56 words checked, 24 skipped, 0 errors found
INFO:root:✅ Processed https://wordpress-810691-5571285.cloudwaysapps.com/resources/donnas-moughty-irish-genealogy-resources/: 0 errors found, 106 words checked
DEBUG:root:Attempting to fetch: https://wordpress-810691-5571285.cloudwaysapps.com/events/family-book-creator-special-interest-group-sig-2026-10-26/
Processing pages:   1%|          | 3/381 [00:02<03:34,  1.76it/s]DEBUG:urllib3.connectionpool:https://wordpress-810691-5571285.cloudwaysapps.com:443 "GET /wp-content/themes/picostrap5-child-base/js/bootstrap.bundle.min.js HTTP/1.1" 200 None
DEBUG:root:✅ Javascript OK: https://wordpress-810691-5571285.cloudwaysapps.com/wp-content/themes/picostrap5-child-base/js/bootstrap.bundle.min.js
DEBUG:root:Using regex pattern: \b[a-zA-Z]{3,}\b
DEBUG:root:Found 109 words to check in https://wordpress-810691-5571285.cloudwaysapps.com/events/family-book-creator-special-interest-group-sig-2027-03-22/ (min_length=3)
DEBUG:root:Sample words from https://wordpress-810691-5571285.cloudwaysapps.com/events/family-book-creator-special-interest-group-sig-2027-03-22/: ['This', 'alert', 'Skip', 'content', 'Family', 'Book', 'Creator', 'Special', 'Interest', 'Group']
DEBUG:root:Spell check results for https://wordpress-810691-5571285.cloudwaysapps.com/events/family-book-creator-special-interest-group-sig-2027-03-22/: 62 words checked, 47 skipped, 0 errors found
INFO:root:✅ Processed https://wordpress-810691-5571285.cloudwaysapps.com/events/family-book-creator-special-interest-group-sig-2027-03-22/: 0 errors found, 141 words checked
DEBUG:root:Attempting to fetch: https://wordpress-810691-5571285.cloudwaysapps.com/resources/house-history-and-genealogy/
DEBUG:root:✅ Javascript OK: https://wordpress-810691-5571285.cloudwaysapps.com/wp-content/plugins/events-manager//includes/external/chartjs/chart.umd.min.js?ver=7.0.5
DEBUG:root:Using regex pattern: \b[a-zA-Z]{3,}\b
DEBUG:root:Found 461 words to check in https://wordpress-810691-5571285.cloudwaysapps.com/members-only/member-list/ (min_length=3)
DEBUG:root:Sample words from https://wordpress-810691-5571285.cloudwaysapps.com/members-only/member-list/: ['This', 'alert', 'Skip', 'content', 'Member', 'List', 'Search', 'Members', 'Members', 'Member']
DEBUG:root:Skipped email/domain fragment: 'msn'
DEBUG:root:Skipped email/domain fragment: 'com'
DEBUG:root:Skipped email/domain fragment: 'idigroot'
DEBUG:root:Skipped email/domain fragment: 'gmail'
DEBUG:root:Skipped email/domain fragment: 'com'
DEBUG:root:Skipped email/domain fragment: 'mdbfrisco'
DEBUG:root:Skipped email/domain fragment: 'gmail'
DEBUG:root:Skipped email/domain fragment: 'com'
DEBUG:root:Skipped email/domain fragment: 'gmail'
DEBUG:root:Skipped email/domain fragment: 'com'
DEBUG:root:Skipped email/domain fragment: 'artieberry'
DEBUG:root:Skipped email/domain fragment: 'gmail'
DEBUG:root:Skipped email/domain fragment: 'com'
DEBUG:root:Skipped email/domain fragment: 'gmail'
DEBUG:root:Skipped email/domain fragment: 'com'
DEBUG:root:Skipped email/domain fragment: 'dorisbloodsworth'
DEBUG:root:Skipped email/domain fragment: 'gmail'
DEBUG:root:Skipped email/domain fragment: 'com'
DEBUG:root:Skipped email/domain fragment: 'jboylehoa'
DEBUG:root:Skipped email/domain fragment: 'gmail'
DEBUG:root:Skipped email/domain fragment: 'com'
DEBUG:root:Skipped email/domain fragment: 'gmail'
DEBUG:root:Skipped email/domain fragment: 'com'
DEBUG:root:Skipped email/domain fragment: 'gmail'
DEBUG:root:Skipped email/domain fragment: 'com'
DEBUG:root:Skipped email/domain fragment: 'cynbadc'
DEBUG:root:Skipped email/domain fragment: 'gmail'
DEBUG:root:Skipped email/domain fragment: 'com'
DEBUG:root:Skipped email/domain fragment: 'coghlan'
DEBUG:root:Skipped email/domain fragment: 'fran'
DEBUG:root:Skipped email/domain fragment: 'gmail'
DEBUG:root:Skipped email/domain fragment: 'com'
DEBUG:root:Skipped email/domain fragment: 'gmail'
DEBUG:root:Skipped email/domain fragment: 'com'
DEBUG:root:Skipped email/domain fragment: 'gmail'
DEBUG:root:Skipped email/domain fragment: 'com'
DEBUG:root:Skipped email/domain fragment: 'imsuarezcolon'
DEBUG:root:Skipped email/domain fragment: 'gmail'
DEBUG:root:Skipped email/domain fragment: 'com'
DEBUG:root:Skipped email/domain fragment: 'cfl'
DEBUG:root:Skipped email/domain fragment: 'com'
DEBUG:root:Skipped email/domain fragment: 'randydodds'
DEBUG:root:Skipped email/domain fragment: 'mac'
DEBUG:root:Skipped email/domain fragment: 'com'
DEBUG:root:Skipped email/domain fragment: 'bdriscol'
DEBUG:root:Skipped email/domain fragment: 'verizon'
DEBUG:root:Skipped email/domain fragment: 'net'
DEBUG:root:Skipped email/domain fragment: 'gmail'
DEBUG:root:Skipped email/domain fragment: 'com'
DEBUG:root:Skipped email/domain fragment: 'jaylene'
DEBUG:root:Skipped email/domain fragment: 'magady'
DEBUG:root:Skipped email/domain fragment: 'com'
DEBUG:root:Skipped email/domain fragment: 'jerolyn'
DEBUG:root:Skipped email/domain fragment: 'aol'
DEBUG:root:Skipped email/domain fragment: 'com'
DEBUG:root:Skipped email/domain fragment: 'dhattler'
DEBUG:root:Skipped email/domain fragment: 'comcast'
DEBUG:root:Skipped email/domain fragment: 'net'
DEBUG:root:Skipped email/domain fragment: 'cliffjohnson'
DEBUG:root:Skipped email/domain fragment: 'gmail'
DEBUG:root:Skipped email/domain fragment: 'com'
DEBUG:root:Skipped email/domain fragment: 'cliff'
DEBUG:root:Skipped email/domain fragment: 'johnson'
DEBUG:root:Skipped email/domain fragment: 'gmail'
DEBUG:root:Skipped email/domain fragment: 'com'
DEBUG:root:Skipped email/domain fragment: 'janeellenj'
DEBUG:root:Skipped email/domain fragment: 'yahoo'
DEBUG:root:Skipped email/domain fragment: 'com'
DEBUG:root:Skipped email/domain fragment: 'gmail'
DEBUG:root:Skipped email/domain fragment: 'com'
DEBUG:root:Skipped email/domain fragment: 'conniekellylizak'
DEBUG:root:Skipped email/domain fragment: 'hotmail'
DEBUG:root:Skipped email/domain fragment: 'com'
DEBUG:root:Skipped email/domain fragment: 'dkotar'
DEBUG:root:Skipped email/domain fragment: 'embarqmail'
DEBUG:root:Skipped email/domain fragment: 'com'
DEBUG:root:Skipped email/domain fragment: 'dkrofla'
DEBUG:root:Skipped email/domain fragment: 'aol'
DEBUG:root:Skipped email/domain fragment: 'com'
DEBUG:root:Skipped email/domain fragment: 'academicedge'
DEBUG:root:Skipped email/domain fragment: 'reagan'
DEBUG:root:Skipped email/domain fragment: 'com'
DEBUG:root:Skipped email/domain fragment: 'gmail'
DEBUG:root:Skipped email/domain fragment: 'com'
DEBUG:root:Skipped email/domain fragment: 'edluga'
DEBUG:root:Skipped email/domain fragment: 'aol'
DEBUG:root:Skipped email/domain fragment: 'com'
DEBUG:root:Skipped email/domain fragment: 'gmail'
DEBUG:root:Skipped email/domain fragment: 'com'
DEBUG:root:Skipped email/domain fragment: 'gmail'
DEBUG:root:Skipped email/domain fragment: 'com'
DEBUG:root:Skipped email/domain fragment: 'ghawazeefair'
DEBUG:root:Skipped email/domain fragment: 'gmail'
DEBUG:root:Skipped email/domain fragment: 'com'
DEBUG:root:Skipped email/domain fragment: 'gmail'
DEBUG:root:Skipped email/domain fragment: 'com'
DEBUG:root:Skipped email/domain fragment: 'genmullen'
DEBUG:root:Skipped email/domain fragment: 'gmail'
DEBUG:root:Skipped email/domain fragment: 'com'
DEBUG:root:Skipped email/domain fragment: 'aol'
DEBUG:root:Skipped email/domain fragment: 'com'
DEBUG:root:Skipped email/domain fragment: 'yahoo'
DEBUG:root:Skipped email/domain fragment: 'com'
DEBUG:root:Skipped email/domain fragment: 'dcscintilla'
DEBUG:root:Skipped email/domain fragment: 'yahoo'
DEBUG:root:Skipped email/domain fragment: 'com'
DEBUG:root:Skipped email/domain fragment: 'yahoo'
DEBUG:root:Skipped email/domain fragment: 'com'
DEBUG:root:Skipped email/domain fragment: 'gmail'
DEBUG:root:Skipped email/domain fragment: 'com'
DEBUG:root:Skipped email/domain fragment: 'yahoo'
DEBUG:root:Skipped email/domain fragment: 'com'
DEBUG:root:Skipped email/domain fragment: 'david'
DEBUG:root:Skipped email/domain fragment: 'slobod'
DEBUG:root:Skipped email/domain fragment: 'yahoo'
DEBUG:root:Skipped email/domain fragment: 'gmail'
DEBUG:root:Skipped email/domain fragment: 'com'
DEBUG:root:Skipped email/domain fragment: 'floridaswans'
DEBUG:root:Skipped email/domain fragment: 'gmail'
DEBUG:root:Skipped email/domain fragment: 'com'
DEBUG:root:Skipped email/domain fragment: 'gmail'
DEBUG:root:Skipped email/domain fragment: 'com'
DEBUG:root:Skipped email/domain fragment: 'cherylchht'
DEBUG:root:Skipped email/domain fragment: 'gmail'
DEBUG:root:Skipped email/domain fragment: 'com'
DEBUG:root:Skipped email/domain fragment: 'gmail'
DEBUG:root:Skipped email/domain fragment: 'com'
DEBUG:root:Skipped email/domain fragment: 'yahoo'
DEBUG:root:Skipped email/domain fragment: 'com'
DEBUG:root:Spell check results for https://wordpress-810691-5571285.cloudwaysapps.com/members-only/member-list/: 2 words checked, 459 skipped, 0 errors found
INFO:root:✅ Processed https://wordpress-810691-5571285.cloudwaysapps.com/members-only/member-list/: 0 errors found, 680 words checked
DEBUG:root:Attempting to fetch: https://wordpress-810691-5571285.cloudwaysapps.com/events/preserving-local-history-2025-12-03/
DEBUG:urllib3.connectionpool:Starting new HTTPS connection (1): us06web.zoom.us:443
DEBUG:urllib3.connectionpool:https://wordpress-810691-5571285.cloudwaysapps.com:443 "GET /events/preserving-local-history-2025-11-19/ HTTP/1.1" 200 None
DEBUG:root:Successfully fetched https://wordpress-810691-5571285.cloudwaysapps.com/events/preserving-local-history-2025-11-19/ (Content-Length: 43286)
DEBUG:charset_normalizer:Encoding detection: utf_8 is most likely the one.
DEBUG:root:Extracted 447 characters, 65 words from https://wordpress-810691-5571285.cloudwaysapps.com/events/preserving-local-history-2025-11-19/
DEBUG:root:Checking external hyperlink: https://www.google.com/calendar/event?action=TEMPLATE&text=Preserving+Local+History&dates=20251119T100000/20251119T120000&details=Help+in+the+preservation+of+our+local+history+and+collections%2C+including+transcriptionists%2C+preservationists%2C+digitizers%2C+and+organization%C2%A0projects.&location=2525+Oakley+Seaver+Dr%2C+Clermont%2C+FL%2C+34711%2C+United+States&trp=false&sprop=https%3A%2F%2Fwordpress-810691-5571285.cloudwaysapps.com%2Fevents%2Fpreserving-local-history-2025-11-19%2F&sprop=name:Pastfinders&ctz=America%2FNew_York
DEBUG:urllib3.connectionpool:Starting new HTTPS connection (1): www.google.com:443
DEBUG:urllib3.connectionpool:https://www.google.com:443 "GET /calendar/event?action=TEMPLATE&text=Preserving+Local+History&dates=20251119T100000/20251119T120000&details=Help+in+the+preservation+of+our+local+history+and+collections%2C+including+transcriptionists%2C+preservationists%2C+digitizers%2C+and+organization%C2%A0projects.&location=2525+Oakley+Seaver+Dr%2C+Clermont%2C+FL%2C+34711%2C+United+States&trp=false&sprop=https%3A%2F%2Fwordpress-810691-5571285.cloudwaysapps.com%2Fevents%2Fpreserving-local-history-2025-11-19%2F&sprop=name:Pastfinders&ctz=America%2FNew_York HTTP/1.1" 302 0
DEBUG:urllib3.connectionpool:Starting new HTTPS connection (1): calendar.google.com:443
DEBUG:urllib3.connectionpool:https://us06web.zoom.us:443 "GET /meeting/register/D0HBCIUVTgGT0S8LmqGubA HTTP/1.1" 200 None
DEBUG:root:✅ Hyperlink OK: https://us06web.zoom.us/meeting/register/D0HBCIUVTgGT0S8LmqGubA
DEBUG:root:Checking internal image: https://wordpress-810691-5571285.cloudwaysapps.com/wp-content/uploads/2025/06/pastfinders_logo_250.png
DEBUG:urllib3.connectionpool:Starting new HTTPS connection (1): wordpress-810691-5571285.cloudwaysapps.com:443
DEBUG:urllib3.connectionpool:https://calendar.google.com:443 "GET /calendar/event?action=TEMPLATE&text=Preserving+Local+History&dates=20251119T100000/20251119T120000&details=Help+in+the+preservation+of+our+local+history+and+collections,+including+transcriptionists,+preservationists,+digitizers,+and+organization%C2%A0projects.&location=2525+Oakley+Seaver+Dr,+Clermont,+FL,+34711,+United+States&trp=false&sprop=https://wordpress-810691-5571285.cloudwaysapps.com/events/preserving-local-history-2025-11-19/&sprop=name:Pastfinders&ctz=America/New_York HTTP/1.1" 302 0
DEBUG:urllib3.connectionpool:Starting new HTTPS connection (1): accounts.google.com:443
DEBUG:urllib3.connectionpool:https://wordpress-810691-5571285.cloudwaysapps.com:443 "GET /events/family-book-creator-special-interest-group-sig-2026-10-26/ HTTP/1.1" 200 None
DEBUG:root:Successfully fetched https://wordpress-810691-5571285.cloudwaysapps.com/events/family-book-creator-special-interest-group-sig-2026-10-26/ (Content-Length: 42525)
DEBUG:charset_normalizer:Encoding detection: utf_8 is most likely the one.
DEBUG:root:Extracted 846 characters, 141 words from https://wordpress-810691-5571285.cloudwaysapps.com/events/family-book-creator-special-interest-group-sig-2026-10-26/
DEBUG:root:Checking external hyperlink: https://www.google.com/calendar/event?action=TEMPLATE&text=Family+Book+Creator+Special+Interest+Group+%28SIG%29&dates=20261026T190000/20261026T200000&details=This+group+grew+out+of+our+original+FBC+Study+Group%2C+a+joint+effort+between+Pastfinders+and+Kinseekers.+For+now%2C+membership+is+limited+to+participants+of+that+original+group%2C+but+we+hope+to+welcome+more+members+in+the+future.&location=&trp=false&sprop=https%3A%2F%2Fwordpress-810691-5571285.cloudwaysapps.com%2Fevents%2Ffamily-book-creator-special-interest-group-sig-2026-10-26%2F&sprop=name:Pastfinders&ctz=America%2FNew_York
DEBUG:urllib3.connectionpool:Starting new HTTPS connection (1): www.google.com:443
DEBUG:urllib3.connectionpool:https://wordpress-810691-5571285.cloudwaysapps.com:443 "GET /wp-content/uploads/2025/06/pastfinders_logo_250.png HTTP/1.1" 200 10275
DEBUG:root:✅ Image OK: https://wordpress-810691-5571285.cloudwaysapps.com/wp-content/uploads/2025/06/pastfinders_logo_250.png
DEBUG:root:Checking internal image: https://wordpress-810691-5571285.cloudwaysapps.com/wp-content/uploads/2025/08/CnP_03082025_172646-e1756671693867.png
DEBUG:urllib3.connectionpool:Starting new HTTPS connection (1): wordpress-810691-5571285.cloudwaysapps.com:443
DEBUG:urllib3.connectionpool:https://accounts.google.com:443 "GET /ServiceLogin?service=cl&passive=1209600&osid=1&continue=https://calendar.google.com/calendar/event?action%3DTEMPLATE%26text%3DPreserving%2BLocal%2BHistory%26dates%3D20251119T100000/20251119T120000%26details%3DHelp%2Bin%2Bthe%2Bpreservation%2Bof%2Bour%2Blocal%2Bhistory%2Band%2Bcollections,%2Bincluding%2Btranscriptionists,%2Bpreservationists,%2Bdigitizers,%2Band%2Borganization%25C2%25A0projects.%26location%3D2525%2BOakley%2BSeaver%2BDr,%2BClermont,%2BFL,%2B34711,%2BUnited%2BStates%26trp%3Dfalse%26sprop%3Dhttps://wordpress-810691-5571285.cloudwaysapps.com/events/preserving-local-history-2025-11-19/%26sprop%3Dname:Pastfinders%26ctz%3DAmerica/New_York&followup=https://calendar.google.com/calendar/event?action%3DTEMPLATE%26text%3DPreserving%2BLocal%2BHistory%26dates%3D20251119T100000/20251119T120000%26details%3DHelp%2Bin%2Bthe%2Bpreservation%2Bof%2Bour%2Blocal%2Bhistory%2Band%2Bcollections,%2Bincluding%2Btranscriptionists,%2Bpreservationists,%2Bdigitizers,%2Band%2Borganization%25C2%25A0projects.%26location%3D2525%2BOakley%2BSeaver%2BDr,%2BClermont,%2BFL,%2B34711,%2BUnited%2BStates%26trp%3Dfalse%26sprop%3Dhttps://wordpress-810691-5571285.cloudwaysapps.com/events/preserving-local-history-2025-11-19/%26sprop%3Dname:Pastfinders%26ctz%3DAmerica/New_York&emr=1 HTTP/1.1" 302 0
DEBUG:urllib3.connectionpool:https://www.google.com:443 "GET /calendar/event?action=TEMPLATE&text=Family+Book+Creator+Special+Interest+Group+%28SIG%29&dates=20261026T190000/20261026T200000&details=This+group+grew+out+of+our+original+FBC+Study+Group%2C+a+joint+effort+between+Pastfinders+and+Kinseekers.+For+now%2C+membership+is+limited+to+participants+of+that+original+group%2C+but+we+hope+to+welcome+more+members+in+the+future.&location=&trp=false&sprop=https%3A%2F%2Fwordpress-810691-5571285.cloudwaysapps.com%2Fevents%2Ffamily-book-creator-special-interest-group-sig-2026-10-26%2F&sprop=name:Pastfinders&ctz=America%2FNew_York HTTP/1.1" 302 0
DEBUG:urllib3.connectionpool:Starting new HTTPS connection (1): calendar.google.com:443
DEBUG:urllib3.connectionpool:https://accounts.google.com:443 "GET /InteractiveLogin?continue=https://calendar.google.com/calendar/event?action%3DTEMPLATE%26text%3DPreserving%2BLocal%2BHistory%26dates%3D20251119T100000/20251119T120000%26details%3DHelp%2Bin%2Bthe%2Bpreservation%2Bof%2Bour%2Blocal%2Bhistory%2Band%2Bcollections,%2Bincluding%2Btranscriptionists,%2Bpreservationists,%2Bdigitizers,%2Band%2Borganization%25C2%25A0projects.%26location%3D2525%2BOakley%2BSeaver%2BDr,%2BClermont,%2BFL,%2B34711,%2BUnited%2BStates%26trp%3Dfalse%26sprop%3Dhttps://wordpress-810691-5571285.cloudwaysapps.com/events/preserving-local-history-2025-11-19/%26sprop%3Dname:Pastfinders%26ctz%3DAmerica/New_York&emr=1&followup=https://calendar.google.com/calendar/event?action%3DTEMPLATE%26text%3DPreserving%2BLocal%2BHistory%26dates%3D20251119T100000/20251119T120000%26details%3DHelp%2Bin%2Bthe%2Bpreservation%2Bof%2Bour%2Blocal%2Bhistory%2Band%2Bcollections,%2Bincluding%2Btranscriptionists,%2Bpreservationists,%2Bdigitizers,%2Band%2Borganization%25C2%25A0projects.%26location%3D2525%2BOakley%2BSeaver%2BDr,%2BClermont,%2BFL,%2B34711,%2BUnited%2BStates%26trp%3Dfalse%26sprop%3Dhttps://wordpress-810691-5571285.cloudwaysapps.com/events/preserving-local-history-2025-11-19/%26sprop%3Dname:Pastfinders%26ctz%3DAmerica/New_York&osid=1&passive=1209600&service=cl&ifkv=AdBytiNMG_smGSvEmC-hr5nc72ql_z4oLE0-Ld8E7netItknvD5KE4NumfpwCvjWK_u2lynvCwXruw HTTP/1.1" 302 None
DEBUG:urllib3.connectionpool:https://accounts.google.com:443 "GET /v3/signin/identifier?continue=https%3A%2F%2Fcalendar.google.com%2Fcalendar%2Fevent%3Faction%3DTEMPLATE%26text%3DPreserving%2BLocal%2BHistory%26dates%3D20251119T100000%2F20251119T120000%26details%3DHelp%2Bin%2Bthe%2Bpreservation%2Bof%2Bour%2Blocal%2Bhistory%2Band%2Bcollections%2C%2Bincluding%2Btranscriptionists%2C%2Bpreservationists%2C%2Bdigitizers%2C%2Band%2Borganization%25C2%25A0projects.%26location%3D2525%2BOakley%2BSeaver%2BDr%2C%2BClermont%2C%2BFL%2C%2B34711%2C%2BUnited%2BStates%26trp%3Dfalse%26sprop%3Dhttps%3A%2F%2Fwordpress-810691-5571285.cloudwaysapps.com%2Fevents%2Fpreserving-local-history-2025-11-19%2F%26sprop%3Dname%3APastfinders%26ctz%3DAmerica%2FNew_York&emr=1&followup=https%3A%2F%2Fcalendar.google.com%2Fcalendar%2Fevent%3Faction%3DTEMPLATE%26text%3DPreserving%2BLocal%2BHistory%26dates%3D20251119T100000%2F20251119T120000%26details%3DHelp%2Bin%2Bthe%2Bpreservation%2Bof%2Bour%2Blocal%2Bhistory%2Band%2Bcollections%2C%2Bincluding%2Btranscriptionists%2C%2Bpreservationists%2C%2Bdigitizers%2C%2Band%2Borganization%25C2%25A0projects.%26location%3D2525%2BOakley%2BSeaver%2BDr%2C%2BClermont%2C%2BFL%2C%2B34711%2C%2BUnited%2BStates%26trp%3Dfalse%26sprop%3Dhttps%3A%2F%2Fwordpress-810691-5571285.cloudwaysapps.com%2Fevents%2Fpreserving-local-history-2025-11-19%2F%26sprop%3Dname%3APastfinders%26ctz%3DAmerica%2FNew_York&ifkv=AdBytiNQQc-XgmdNN_woRRuIQQY1k5H9TDo4kele54sAMt3bMMKV_Eut-3YdbfJvuC7FuoTM_ANysQ&osid=1&passive=1209600&service=cl&flowName=WebLiteSignIn&flowEntry=ServiceLogin&dsh=S-1104702008%3A1756758126812173 HTTP/1.1" 200 None
DEBUG:urllib3.connectionpool:https://wordpress-810691-5571285.cloudwaysapps.com:443 "GET /wp-content/uploads/2025/08/CnP_03082025_172646-e1756671693867.png HTTP/1.1" 200 56145
DEBUG:root:✅ Hyperlink OK: https://www.google.com/calendar/event?action=TEMPLATE&text=Preserving+Local+History&dates=20251119T100000/20251119T120000&details=Help+in+the+preservation+of+our+local+history+and+collections%2C+including+transcriptionists%2C+preservationists%2C+digitizers%2C+and+organization%C2%A0projects.&location=2525+Oakley+Seaver+Dr%2C+Clermont%2C+FL%2C+34711%2C+United+States&trp=false&sprop=https%3A%2F%2Fwordpress-810691-5571285.cloudwaysapps.com%2Fevents%2Fpreserving-local-history-2025-11-19%2F&sprop=name:Pastfinders&ctz=America%2FNew_York
DEBUG:root:Checking external hyperlink: https://outlook.office.com/calendar/0/deeplink/compose?allday=false&body=Help+in+the+preservation+of+our+local+history+and+collections%2C+including+transcriptionists%2C+preservationists%2C+digitizers%2C+and+organization%C2%A0projects.&location=2525+Oakley+Seaver+Dr%2C+Clermont%2C+FL%2C+34711%2C+United+States&path=/calendar/action/compose&rru=addevent&startdt=2025-11-19T10%3A00%3A00-05%3A00&enddt=2025-11-19T12%3A00%3A00-05%3A00&subject=Preserving+Local+History
DEBUG:urllib3.connectionpool:Starting new HTTPS connection (1): outlook.office.com:443
DEBUG:urllib3.connectionpool:https://calendar.google.com:443 "GET /calendar/event?action=TEMPLATE&text=Family+Book+Creator+Special+Interest+Group+(SIG)&dates=20261026T190000/20261026T200000&details=This+group+grew+out+of+our+original+FBC+Study+Group,+a+joint+effort+between+Pastfinders+and+Kinseekers.+For+now,+membership+is+limited+to+participants+of+that+original+group,+but+we+hope+to+welcome+more+members+in+the+future.&location&trp=false&sprop=https://wordpress-810691-5571285.cloudwaysapps.com/events/family-book-creator-special-interest-group-sig-2026-10-26/&sprop=name:Pastfinders&ctz=America/New_York HTTP/1.1" 302 0
DEBUG:urllib3.connectionpool:Starting new HTTPS connection (1): accounts.google.com:443
DEBUG:root:✅ Image OK: https://wordpress-810691-5571285.cloudwaysapps.com/wp-content/uploads/2025/08/CnP_03082025_172646-e1756671693867.png
DEBUG:root:Checking internal image: https://wordpress-810691-5571285.cloudwaysapps.com/wp-content/uploads/2024/03/topbanner.jpg
DEBUG:urllib3.connectionpool:Starting new HTTPS connection (1): wordpress-810691-5571285.cloudwaysapps.com:443
DEBUG:urllib3.connectionpool:https://accounts.google.com:443 "GET /ServiceLogin?service=cl&passive=1209600&osid=1&continue=https://calendar.google.com/calendar/event?action%3DTEMPLATE%26text%3DFamily%2BBook%2BCreator%2BSpecial%2BInterest%2BGroup%2B(SIG)%26dates%3D20261026T190000/20261026T200000%26details%3DThis%2Bgroup%2Bgrew%2Bout%2Bof%2Bour%2Boriginal%2BFBC%2BStudy%2BGroup,%2Ba%2Bjoint%2Beffort%2Bbetween%2BPastfinders%2Band%2BKinseekers.%2BFor%2Bnow,%2Bmembership%2Bis%2Blimited%2Bto%2Bparticipants%2Bof%2Bthat%2Boriginal%2Bgroup,%2Bbut%2Bwe%2Bhope%2Bto%2Bwelcome%2Bmore%2Bmembers%2Bin%2Bthe%2Bfuture.%26location%26trp%3Dfalse%26sprop%3Dhttps://wordpress-810691-5571285.cloudwaysapps.com/events/family-book-creator-special-interest-group-sig-2026-10-26/%26sprop%3Dname:Pastfinders%26ctz%3DAmerica/New_York&followup=https://calendar.google.com/calendar/event?action%3DTEMPLATE%26text%3DFamily%2BBook%2BCreator%2BSpecial%2BInterest%2BGroup%2B(SIG)%26dates%3D20261026T190000/20261026T200000%26details%3DThis%2Bgroup%2Bgrew%2Bout%2Bof%2Bour%2Boriginal%2BFBC%2BStudy%2BGroup,%2Ba%2Bjoint%2Beffort%2Bbetween%2BPastfinders%2Band%2BKinseekers.%2BFor%2Bnow,%2Bmembership%2Bis%2Blimited%2Bto%2Bparticipants%2Bof%2Bthat%2Boriginal%2Bgroup,%2Bbut%2Bwe%2Bhope%2Bto%2Bwelcome%2Bmore%2Bmembers%2Bin%2Bthe%2Bfuture.%26location%26trp%3Dfalse%26sprop%3Dhttps://wordpress-810691-5571285.cloudwaysapps.com/events/family-book-creator-special-interest-group-sig-2026-10-26/%26sprop%3Dname:Pastfinders%26ctz%3DAmerica/New_York&emr=1 HTTP/1.1" 302 0
DEBUG:urllib3.connectionpool:https://accounts.google.com:443 "GET /InteractiveLogin?continue=https://calendar.google.com/calendar/event?action%3DTEMPLATE%26text%3DFamily%2BBook%2BCreator%2BSpecial%2BInterest%2BGroup%2B(SIG)%26dates%3D20261026T190000/20261026T200000%26details%3DThis%2Bgroup%2Bgrew%2Bout%2Bof%2Bour%2Boriginal%2BFBC%2BStudy%2BGroup,%2Ba%2Bjoint%2Beffort%2Bbetween%2BPastfinders%2Band%2BKinseekers.%2BFor%2Bnow,%2Bmembership%2Bis%2Blimited%2Bto%2Bparticipants%2Bof%2Bthat%2Boriginal%2Bgroup,%2Bbut%2Bwe%2Bhope%2Bto%2Bwelcome%2Bmore%2Bmembers%2Bin%2Bthe%2Bfuture.%26location%26trp%3Dfalse%26sprop%3Dhttps://wordpress-810691-5571285.cloudwaysapps.com/events/family-book-creator-special-interest-group-sig-2026-10-26/%26sprop%3Dname:Pastfinders%26ctz%3DAmerica/New_York&emr=1&followup=https://calendar.google.com/calendar/event?action%3DTEMPLATE%26text%3DFamily%2BBook%2BCreator%2BSpecial%2BInterest%2BGroup%2B(SIG)%26dates%3D20261026T190000/20261026T200000%26details%3DThis%2Bgroup%2Bgrew%2Bout%2Bof%2Bour%2Boriginal%2BFBC%2BStudy%2BGroup,%2Ba%2Bjoint%2Beffort%2Bbetween%2BPastfinders%2Band%2BKinseekers.%2BFor%2Bnow,%2Bmembership%2Bis%2Blimited%2Bto%2Bparticipants%2Bof%2Bthat%2Boriginal%2Bgroup,%2Bbut%2Bwe%2Bhope%2Bto%2Bwelcome%2Bmore%2Bmembers%2Bin%2Bthe%2Bfuture.%26location%26trp%3Dfalse%26sprop%3Dhttps://wordpress-810691-5571285.cloudwaysapps.com/events/family-book-creator-special-interest-group-sig-2026-10-26/%26sprop%3Dname:Pastfinders%26ctz%3DAmerica/New_York&osid=1&passive=1209600&service=cl&ifkv=AdBytiNAPh1EHZQ5Cgtnrs6AE93VI7y7arozx83UQqI5noZjL_zDAR3sVcgQ5Oew8SSvpOplR7g6 HTTP/1.1" 302 None
DEBUG:urllib3.connectionpool:https://outlook.office.com:443 "GET /calendar/0/deeplink/compose?allday=false&body=Help+in+the+preservation+of+our+local+history+and+collections%2C+including+transcriptionists%2C+preservationists%2C+digitizers%2C+and+organization%C2%A0projects.&location=2525+Oakley+Seaver+Dr%2C+Clermont%2C+FL%2C+34711%2C+United+States&path=/calendar/action/compose&rru=addevent&startdt=2025-11-19T10%3A00%3A00-05%3A00&enddt=2025-11-19T12%3A00%3A00-05%3A00&subject=Preserving+Local+History HTTP/1.1" 200 None
DEBUG:root:✅ Hyperlink OK: https://outlook.office.com/calendar/0/deeplink/compose?allday=false&body=Help+in+the+preservation+of+our+local+history+and+collections%2C+including+transcriptionists%2C+preservationists%2C+digitizers%2C+and+organization%C2%A0projects.&location=2525+Oakley+Seaver+Dr%2C+Clermont%2C+FL%2C+34711%2C+United+States&path=/calendar/action/compose&rru=addevent&startdt=2025-11-19T10%3A00%3A00-05%3A00&enddt=2025-11-19T12%3A00%3A00-05%3A00&subject=Preserving+Local+History
DEBUG:root:Checking external hyperlink: https://outlook.live.com/calendar/0/deeplink/compose?allday=false&body=Help+in+the+preservation+of+our+local+history+and+collections%2C+including+transcriptionists%2C+preservationists%2C+digitizers%2C+and+organization%C2%A0projects.&location=2525+Oakley+Seaver+Dr%2C+Clermont%2C+FL%2C+34711%2C+United+States&path=/calendar/action/compose&rru=addevent&startdt=2025-11-19T10%3A00%3A00-05%3A00&enddt=2025-11-19T12%3A00%3A00-05%3A00&subject=Preserving+Local+History
DEBUG:urllib3.connectionpool:Starting new HTTPS connection (1): outlook.live.com:443
DEBUG:urllib3.connectionpool:https://wordpress-810691-5571285.cloudwaysapps.com:443 "GET /wp-content/uploads/2024/03/topbanner.jpg HTTP/1.1" 200 120242
DEBUG:urllib3.connectionpool:https://accounts.google.com:443 "GET /v3/signin/identifier?continue=https%3A%2F%2Fcalendar.google.com%2Fcalendar%2Fevent%3Faction%3DTEMPLATE%26text%3DFamily%2BBook%2BCreator%2BSpecial%2BInterest%2BGroup%2B%28SIG%29%26dates%3D20261026T190000%2F20261026T200000%26details%3DThis%2Bgroup%2Bgrew%2Bout%2Bof%2Bour%2Boriginal%2BFBC%2BStudy%2BGroup%2C%2Ba%2Bjoint%2Beffort%2Bbetween%2BPastfinders%2Band%2BKinseekers.%2BFor%2Bnow%2C%2Bmembership%2Bis%2Blimited%2Bto%2Bparticipants%2Bof%2Bthat%2Boriginal%2Bgroup%2C%2Bbut%2Bwe%2Bhope%2Bto%2Bwelcome%2Bmore%2Bmembers%2Bin%2Bthe%2Bfuture.%26location%26trp%3Dfalse%26sprop%3Dhttps%3A%2F%2Fwordpress-810691-5571285.cloudwaysapps.com%2Fevents%2Ffamily-book-creator-special-interest-group-sig-2026-10-26%2F%26sprop%3Dname%3APastfinders%26ctz%3DAmerica%2FNew_York&emr=1&followup=https%3A%2F%2Fcalendar.google.com%2Fcalendar%2Fevent%3Faction%3DTEMPLATE%26text%3DFamily%2BBook%2BCreator%2BSpecial%2BInterest%2BGroup%2B%28SIG%29%26dates%3D20261026T190000%2F20261026T200000%26details%3DThis%2Bgroup%2Bgrew%2Bout%2Bof%2Bour%2Boriginal%2BFBC%2BStudy%2BGroup%2C%2Ba%2Bjoint%2Beffort%2Bbetween%2BPastfinders%2Band%2BKinseekers.%2BFor%2Bnow%2C%2Bmembership%2Bis%2Blimited%2Bto%2Bparticipants%2Bof%2Bthat%2Boriginal%2Bgroup%2C%2Bbut%2Bwe%2Bhope%2Bto%2Bwelcome%2Bmore%2Bmembers%2Bin%2Bthe%2Bfuture.%26location%26trp%3Dfalse%26sprop%3Dhttps%3A%2F%2Fwordpress-810691-5571285.cloudwaysapps.com%2Fevents%2Ffamily-book-creator-special-interest-group-sig-2026-10-26%2F%26sprop%3Dname%3APastfinders%26ctz%3DAmerica%2FNew_York&ifkv=AdBytiOo3UBrKQ8LFQaJRWJILLomnKeCtILdqkkdx1QHPnDLo7Va9fmCm-SN2NPBR2xqjmBCnOCu&osid=1&passive=1209600&service=cl&flowName=WebLiteSignIn&flowEntry=ServiceLogin&dsh=S2063738966%3A1756758127163223 HTTP/1.1" 200 None
DEBUG:root:✅ Image OK: https://wordpress-810691-5571285.cloudwaysapps.com/wp-content/uploads/2024/03/topbanner.jpg
DEBUG:root:Using regex pattern: \b[a-zA-Z]{3,}\b
DEBUG:root:Found 122 words to check in https://wordpress-810691-5571285.cloudwaysapps.com/events/family-history-research-beginning-genealogy-class-2-of-3/ (min_length=3)
DEBUG:root:Sample words from https://wordpress-810691-5571285.cloudwaysapps.com/events/family-history-research-beginning-genealogy-class-2-of-3/: ['This', 'alert', 'Skip', 'content', 'Family', 'History', 'Research', 'Beginning', 'Genealogy', 'Class']
DEBUG:root:Spell check results for https://wordpress-810691-5571285.cloudwaysapps.com/events/family-history-research-beginning-genealogy-class-2-of-3/: 74 words checked, 48 skipped, 0 errors found
INFO:root:✅ Processed https://wordpress-810691-5571285.cloudwaysapps.com/events/family-history-research-beginning-genealogy-class-2-of-3/: 0 errors found, 149 words checked
DEBUG:root:Attempting to fetch: https://wordpress-810691-5571285.cloudwaysapps.com/events/family-book-creator-special-interest-group-sig-2026-04-27/
Processing pages:   2%|▏         | 6/381 [00:03<02:38,  2.37it/s]DEBUG:root:✅ Hyperlink OK: https://www.google.com/calendar/event?action=TEMPLATE&text=Family+Book+Creator+Special+Interest+Group+%28SIG%29&dates=20261026T190000/20261026T200000&details=This+group+grew+out+of+our+original+FBC+Study+Group%2C+a+joint+effort+between+Pastfinders+and+Kinseekers.+For+now%2C+membership+is+limited+to+participants+of+that+original+group%2C+but+we+hope+to+welcome+more+members+in+the+future.&location=&trp=false&sprop=https%3A%2F%2Fwordpress-810691-5571285.cloudwaysapps.com%2Fevents%2Ffamily-book-creator-special-interest-group-sig-2026-10-26%2F&sprop=name:Pastfinders&ctz=America%2FNew_York
DEBUG:root:Checking external hyperlink: https://outlook.office.com/calendar/0/deeplink/compose?allday=false&body=This+group+grew+out+of+our+original+FBC+Study+Group%2C+a+joint+effort+between+Pastfinders+and+Kinseekers.+For+now%2C+membership+is+limited+to+participants+of+that+original+group%2C+but+we+hope+to+welcome+more+members+in+the+future.&location=&path=/calendar/action/compose&rru=addevent&startdt=2026-10-26T19%3A00%3A00-04%3A00&enddt=2026-10-26T20%3A00%3A00-04%3A00&subject=Family+Book+Creator+Special+Interest+Group+%28SIG%29
DEBUG:urllib3.connectionpool:Starting new HTTPS connection (1): outlook.office.com:443
DEBUG:urllib3.connectionpool:https://outlook.live.com:443 "GET /calendar/0/deeplink/compose?allday=false&body=Help+in+the+preservation+of+our+local+history+and+collections%2C+including+transcriptionists%2C+preservationists%2C+digitizers%2C+and+organization%C2%A0projects.&location=2525+Oakley+Seaver+Dr%2C+Clermont%2C+FL%2C+34711%2C+United+States&path=/calendar/action/compose&rru=addevent&startdt=2025-11-19T10%3A00%3A00-05%3A00&enddt=2025-11-19T12%3A00%3A00-05%3A00&subject=Preserving+Local+History HTTP/1.1" 200 None
DEBUG:root:✅ Hyperlink OK: https://outlook.live.com/calendar/0/deeplink/compose?allday=false&body=Help+in+the+preservation+of+our+local+history+and+collections%2C+including+transcriptionists%2C+preservationists%2C+digitizers%2C+and+organization%C2%A0projects.&location=2525+Oakley+Seaver+Dr%2C+Clermont%2C+FL%2C+34711%2C+United+States&path=/calendar/action/compose&rru=addevent&startdt=2025-11-19T10%3A00%3A00-05%3A00&enddt=2025-11-19T12%3A00%3A00-05%3A00&subject=Preserving+Local+History
DEBUG:root:Using regex pattern: \b[a-zA-Z]{3,}\b
DEBUG:root:Found 44 words to check in https://wordpress-810691-5571285.cloudwaysapps.com/events/preserving-local-history-2025-11-19/ (min_length=3)
DEBUG:root:Sample words from https://wordpress-810691-5571285.cloudwaysapps.com/events/preserving-local-history-2025-11-19/: ['This', 'alert', 'Skip', 'content', 'Preserving', 'Local', 'History', 'When', 'November', 'Add']
DEBUG:root:Misspelled word found: 'transcriptionists' in https://wordpress-810691-5571285.cloudwaysapps.com/events/preserving-local-history-2025-11-19/
DEBUG:root:Spell check results for https://wordpress-810691-5571285.cloudwaysapps.com/events/preserving-local-history-2025-11-19/: 17 words checked, 27 skipped, 1 errors found
INFO:root:✅ Processed https://wordpress-810691-5571285.cloudwaysapps.com/events/preserving-local-history-2025-11-19/: 1 errors found, 65 words checked
DEBUG:root:Attempting to fetch: https://wordpress-810691-5571285.cloudwaysapps.com/subject/genealogy-applications/
Processing pages:   2%|▏         | 7/381 [00:03<02:17,  2.71it/s]DEBUG:urllib3.connectionpool:https://outlook.office.com:443 "GET /calendar/0/deeplink/compose?allday=false&body=This+group+grew+out+of+our+original+FBC+Study+Group%2C+a+joint+effort+between+Pastfinders+and+Kinseekers.+For+now%2C+membership+is+limited+to+participants+of+that+original+group%2C+but+we+hope+to+welcome+more+members+in+the+future.&location=&path=/calendar/action/compose&rru=addevent&startdt=2026-10-26T19%3A00%3A00-04%3A00&enddt=2026-10-26T20%3A00%3A00-04%3A00&subject=Family+Book+Creator+Special+Interest+Group+%28SIG%29 HTTP/1.1" 200 None
DEBUG:root:✅ Hyperlink OK: https://outlook.office.com/calendar/0/deeplink/compose?allday=false&body=This+group+grew+out+of+our+original+FBC+Study+Group%2C+a+joint+effort+between+Pastfinders+and+Kinseekers.+For+now%2C+membership+is+limited+to+participants+of+that+original+group%2C+but+we+hope+to+welcome+more+members+in+the+future.&location=&path=/calendar/action/compose&rru=addevent&startdt=2026-10-26T19%3A00%3A00-04%3A00&enddt=2026-10-26T20%3A00%3A00-04%3A00&subject=Family+Book+Creator+Special+Interest+Group+%28SIG%29
DEBUG:root:Checking external hyperlink: https://outlook.live.com/calendar/0/deeplink/compose?allday=false&body=This+group+grew+out+of+our+original+FBC+Study+Group%2C+a+joint+effort+between+Pastfinders+and+Kinseekers.+For+now%2C+membership+is+limited+to+participants+of+that+original+group%2C+but+we+hope+to+welcome+more+members+in+the+future.&location=&path=/calendar/action/compose&rru=addevent&startdt=2026-10-26T19%3A00%3A00-04%3A00&enddt=2026-10-26T20%3A00%3A00-04%3A00&subject=Family+Book+Creator+Special+Interest+Group+%28SIG%29
DEBUG:urllib3.connectionpool:Starting new HTTPS connection (1): outlook.live.com:443
DEBUG:urllib3.connectionpool:https://outlook.live.com:443 "GET /calendar/0/deeplink/compose?allday=false&body=This+group+grew+out+of+our+original+FBC+Study+Group%2C+a+joint+effort+between+Pastfinders+and+Kinseekers.+For+now%2C+membership+is+limited+to+participants+of+that+original+group%2C+but+we+hope+to+welcome+more+members+in+the+future.&location=&path=/calendar/action/compose&rru=addevent&startdt=2026-10-26T19%3A00%3A00-04%3A00&enddt=2026-10-26T20%3A00%3A00-04%3A00&subject=Family+Book+Creator+Special+Interest+Group+%28SIG%29 HTTP/1.1" 200 None
DEBUG:root:✅ Hyperlink OK: https://outlook.live.com/calendar/0/deeplink/compose?allday=false&body=This+group+grew+out+of+our+original+FBC+Study+Group%2C+a+joint+effort+between+Pastfinders+and+Kinseekers.+For+now%2C+membership+is+limited+to+participants+of+that+original+group%2C+but+we+hope+to+welcome+more+members+in+the+future.&location=&path=/calendar/action/compose&rru=addevent&startdt=2026-10-26T19%3A00%3A00-04%3A00&enddt=2026-10-26T20%3A00%3A00-04%3A00&subject=Family+Book+Creator+Special+Interest+Group+%28SIG%29
DEBUG:root:Using regex pattern: \b[a-zA-Z]{3,}\b
DEBUG:root:Found 109 words to check in https://wordpress-810691-5571285.cloudwaysapps.com/events/family-book-creator-special-interest-group-sig-2026-10-26/ (min_length=3)
DEBUG:root:Sample words from https://wordpress-810691-5571285.cloudwaysapps.com/events/family-book-creator-special-interest-group-sig-2026-10-26/: ['This', 'alert', 'Skip', 'content', 'Family', 'Book', 'Creator', 'Special', 'Interest', 'Group']
DEBUG:root:Spell check results for https://wordpress-810691-5571285.cloudwaysapps.com/events/family-book-creator-special-interest-group-sig-2026-10-26/: 62 words checked, 47 skipped, 0 errors found
INFO:root:✅ Processed https://wordpress-810691-5571285.cloudwaysapps.com/events/family-book-creator-special-interest-group-sig-2026-10-26/: 0 errors found, 141 words checked
DEBUG:root:Attempting to fetch: https://wordpress-810691-5571285.cloudwaysapps.com/events/family-tree-maker-special-interest-group-sig-2026-01-20/
Processing pages:   2%|▏         | 8/381 [00:03<02:07,  2.92it/s]DEBUG:urllib3.connectionpool:https://wordpress-810691-5571285.cloudwaysapps.com:443 "GET /resources/house-history-and-genealogy/ HTTP/1.1" 200 None
DEBUG:root:Successfully fetched https://wordpress-810691-5571285.cloudwaysapps.com/resources/house-history-and-genealogy/ (Content-Length: 39250)
DEBUG:charset_normalizer:Encoding detection: utf_8 is most likely the one.
DEBUG:root:Extracted 842 characters, 150 words from https://wordpress-810691-5571285.cloudwaysapps.com/resources/house-history-and-genealogy/
DEBUG:root:Using regex pattern: \b[a-zA-Z]{3,}\b
DEBUG:root:Found 116 words to check in https://wordpress-810691-5571285.cloudwaysapps.com/resources/house-history-and-genealogy/ (min_length=3)
DEBUG:root:Sample words from https://wordpress-810691-5571285.cloudwaysapps.com/resources/house-history-and-genealogy/: ['This', 'alert', 'Skip', 'content', 'House', 'History', 'and', 'Genealogy', 'June', 'Added']
DEBUG:root:Spell check results for https://wordpress-810691-5571285.cloudwaysapps.com/resources/house-history-and-genealogy/: 95 words checked, 21 skipped, 0 errors found
INFO:root:✅ Processed https://wordpress-810691-5571285.cloudwaysapps.com/resources/house-history-and-genealogy/: 0 errors found, 150 words checked
DEBUG:root:Attempting to fetch: https://wordpress-810691-5571285.cloudwaysapps.com/events/preserving-local-history-2025-09-03/
Processing pages:   2%|▏         | 9/381 [00:05<04:01,  1.54it/s]DEBUG:urllib3.connectionpool:https://wordpress-810691-5571285.cloudwaysapps.com:443 "GET /events/preserving-local-history-2025-09-03/ HTTP/1.1" 200 None
DEBUG:root:Successfully fetched https://wordpress-810691-5571285.cloudwaysapps.com/events/preserving-local-history-2025-09-03/ (Content-Length: 41763)
DEBUG:charset_normalizer:Encoding detection: utf_8 is most likely the one.
DEBUG:root:Extracted 447 characters, 65 words from https://wordpress-810691-5571285.cloudwaysapps.com/events/preserving-local-history-2025-09-03/
DEBUG:root:Checking external hyperlink: https://www.google.com/calendar/event?action=TEMPLATE&text=Preserving+Local+History&dates=20250903T100000/20250903T120000&details=Help+in+the+preservation+of+our+local+history+and+collections%2C+including+transcriptionists%2C+preservationists%2C+digitizers%2C+and+organization%C2%A0projects.&location=2525+Oakley+Seaver+Dr%2C+Clermont%2C+FL%2C+34711%2C+United+States&trp=false&sprop=https%3A%2F%2Fwordpress-810691-5571285.cloudwaysapps.com%2Fevents%2Fpreserving-local-history-2025-09-03%2F&sprop=name:Pastfinders&ctz=America%2FNew_York
DEBUG:urllib3.connectionpool:Starting new HTTPS connection (1): www.google.com:443
DEBUG:urllib3.connectionpool:https://www.google.com:443 "GET /calendar/event?action=TEMPLATE&text=Preserving+Local+History&dates=20250903T100000/20250903T120000&details=Help+in+the+preservation+of+our+local+history+and+collections%2C+including+transcriptionists%2C+preservationists%2C+digitizers%2C+and+organization%C2%A0projects.&location=2525+Oakley+Seaver+Dr%2C+Clermont%2C+FL%2C+34711%2C+United+States&trp=false&sprop=https%3A%2F%2Fwordpress-810691-5571285.cloudwaysapps.com%2Fevents%2Fpreserving-local-history-2025-09-03%2F&sprop=name:Pastfinders&ctz=America%2FNew_York HTTP/1.1" 302 0
DEBUG:urllib3.connectionpool:Starting new HTTPS connection (1): calendar.google.com:443
DEBUG:urllib3.connectionpool:https://calendar.google.com:443 "GET /calendar/event?action=TEMPLATE&text=Preserving+Local+History&dates=20250903T100000/20250903T120000&details=Help+in+the+preservation+of+our+local+history+and+collections,+including+transcriptionists,+preservationists,+digitizers,+and+organization%C2%A0projects.&location=2525+Oakley+Seaver+Dr,+Clermont,+FL,+34711,+United+States&trp=false&sprop=https://wordpress-810691-5571285.cloudwaysapps.com/events/preserving-local-history-2025-09-03/&sprop=name:Pastfinders&ctz=America/New_York HTTP/1.1" 302 0
DEBUG:urllib3.connectionpool:Starting new HTTPS connection (1): accounts.google.com:443
DEBUG:urllib3.connectionpool:https://accounts.google.com:443 "GET /ServiceLogin?service=cl&passive=1209600&osid=1&continue=https://calendar.google.com/calendar/event?action%3DTEMPLATE%26text%3DPreserving%2BLocal%2BHistory%26dates%3D20250903T100000/20250903T120000%26details%3DHelp%2Bin%2Bthe%2Bpreservation%2Bof%2Bour%2Blocal%2Bhistory%2Band%2Bcollections,%2Bincluding%2Btranscriptionists,%2Bpreservationists,%2Bdigitizers,%2Band%2Borganization%25C2%25A0projects.%26location%3D2525%2BOakley%2BSeaver%2BDr,%2BClermont,%2BFL,%2B34711,%2BUnited%2BStates%26trp%3Dfalse%26sprop%3Dhttps://wordpress-810691-5571285.cloudwaysapps.com/events/preserving-local-history-2025-09-03/%26sprop%3Dname:Pastfinders%26ctz%3DAmerica/New_York&followup=https://calendar.google.com/calendar/event?action%3DTEMPLATE%26text%3DPreserving%2BLocal%2BHistory%26dates%3D20250903T100000/20250903T120000%26details%3DHelp%2Bin%2Bthe%2Bpreservation%2Bof%2Bour%2Blocal%2Bhistory%2Band%2Bcollections,%2Bincluding%2Btranscriptionists,%2Bpreservationists,%2Bdigitizers,%2Band%2Borganization%25C2%25A0projects.%26location%3D2525%2BOakley%2BSeaver%2BDr,%2BClermont,%2BFL,%2B34711,%2BUnited%2BStates%26trp%3Dfalse%26sprop%3Dhttps://wordpress-810691-5571285.cloudwaysapps.com/events/preserving-local-history-2025-09-03/%26sprop%3Dname:Pastfinders%26ctz%3DAmerica/New_York&emr=1 HTTP/1.1" 302 0
DEBUG:urllib3.connectionpool:https://accounts.google.com:443 "GET /InteractiveLogin?continue=https://calendar.google.com/calendar/event?action%3DTEMPLATE%26text%3DPreserving%2BLocal%2BHistory%26dates%3D20250903T100000/20250903T120000%26details%3DHelp%2Bin%2Bthe%2Bpreservation%2Bof%2Bour%2Blocal%2Bhistory%2Band%2Bcollections,%2Bincluding%2Btranscriptionists,%2Bpreservationists,%2Bdigitizers,%2Band%2Borganization%25C2%25A0projects.%26location%3D2525%2BOakley%2BSeaver%2BDr,%2BClermont,%2BFL,%2B34711,%2BUnited%2BStates%26trp%3Dfalse%26sprop%3Dhttps://wordpress-810691-5571285.cloudwaysapps.com/events/preserving-local-history-2025-09-03/%26sprop%3Dname:Pastfinders%26ctz%3DAmerica/New_York&emr=1&followup=https://calendar.google.com/calendar/event?action%3DTEMPLATE%26text%3DPreserving%2BLocal%2BHistory%26dates%3D20250903T100000/20250903T120000%26details%3DHelp%2Bin%2Bthe%2Bpreservation%2Bof%2Bour%2Blocal%2Bhistory%2Band%2Bcollections,%2Bincluding%2Btranscriptionists,%2Bpreservationists,%2Bdigitizers,%2Band%2Borganization%25C2%25A0projects.%26location%3D2525%2BOakley%2BSeaver%2BDr,%2BClermont,%2BFL,%2B34711,%2BUnited%2BStates%26trp%3Dfalse%26sprop%3Dhttps://wordpress-810691-5571285.cloudwaysapps.com/events/preserving-local-history-2025-09-03/%26sprop%3Dname:Pastfinders%26ctz%3DAmerica/New_York&osid=1&passive=1209600&service=cl&ifkv=AdBytiPmjl9sYP_rGBwAZ2MjILYmDWua4ytGUBx_lHJaBnFy3f9rT-i10jGVZ6dEnI5gqdgCFriH HTTP/1.1" 302 None
DEBUG:urllib3.connectionpool:https://accounts.google.com:443 "GET /v3/signin/identifier?continue=https%3A%2F%2Fcalendar.google.com%2Fcalendar%2Fevent%3Faction%3DTEMPLATE%26text%3DPreserving%2BLocal%2BHistory%26dates%3D20250903T100000%2F20250903T120000%26details%3DHelp%2Bin%2Bthe%2Bpreservation%2Bof%2Bour%2Blocal%2Bhistory%2Band%2Bcollections%2C%2Bincluding%2Btranscriptionists%2C%2Bpreservationists%2C%2Bdigitizers%2C%2Band%2Borganization%25C2%25A0projects.%26location%3D2525%2BOakley%2BSeaver%2BDr%2C%2BClermont%2C%2BFL%2C%2B34711%2C%2BUnited%2BStates%26trp%3Dfalse%26sprop%3Dhttps%3A%2F%2Fwordpress-810691-5571285.cloudwaysapps.com%2Fevents%2Fpreserving-local-history-2025-09-03%2F%26sprop%3Dname%3APastfinders%26ctz%3DAmerica%2FNew_York&emr=1&followup=https%3A%2F%2Fcalendar.google.com%2Fcalendar%2Fevent%3Faction%3DTEMPLATE%26text%3DPreserving%2BLocal%2BHistory%26dates%3D20250903T100000%2F20250903T120000%26details%3DHelp%2Bin%2Bthe%2Bpreservation%2Bof%2Bour%2Blocal%2Bhistory%2Band%2Bcollections%2C%2Bincluding%2Btranscriptionists%2C%2Bpreservationists%2C%2Bdigitizers%2C%2Band%2Borganization%25C2%25A0projects.%26location%3D2525%2BOakley%2BSeaver%2BDr%2C%2BClermont%2C%2BFL%2C%2B34711%2C%2BUnited%2BStates%26trp%3Dfalse%26sprop%3Dhttps%3A%2F%2Fwordpress-810691-5571285.cloudwaysapps.com%2Fevents%2Fpreserving-local-history-2025-09-03%2F%26sprop%3Dname%3APastfinders%26ctz%3DAmerica%2FNew_York&ifkv=AdBytiOpdifP8O1j7uQyNLFq6PMTQHnILKYstIOAN5nWibk5AliS9bi2MCVOVnPTHkmkuPsVayhX&osid=1&passive=1209600&service=cl&flowName=WebLiteSignIn&flowEntry=ServiceLogin&dsh=S135048921%3A1756758130250225 HTTP/1.1" 200 None
DEBUG:root:✅ Hyperlink OK: https://www.google.com/calendar/event?action=TEMPLATE&text=Preserving+Local+History&dates=20250903T100000/20250903T120000&details=Help+in+the+preservation+of+our+local+history+and+collections%2C+including+transcriptionists%2C+preservationists%2C+digitizers%2C+and+organization%C2%A0projects.&location=2525+Oakley+Seaver+Dr%2C+Clermont%2C+FL%2C+34711%2C+United+States&trp=false&sprop=https%3A%2F%2Fwordpress-810691-5571285.cloudwaysapps.com%2Fevents%2Fpreserving-local-history-2025-09-03%2F&sprop=name:Pastfinders&ctz=America%2FNew_York
DEBUG:root:Checking external hyperlink: https://outlook.office.com/calendar/0/deeplink/compose?allday=false&body=Help+in+the+preservation+of+our+local+history+and+collections%2C+including+transcriptionists%2C+preservationists%2C+digitizers%2C+and+organization%C2%A0projects.&location=2525+Oakley+Seaver+Dr%2C+Clermont%2C+FL%2C+34711%2C+United+States&path=/calendar/action/compose&rru=addevent&startdt=2025-09-03T10%3A00%3A00-04%3A00&enddt=2025-09-03T12%3A00%3A00-04%3A00&subject=Preserving+Local+History
DEBUG:urllib3.connectionpool:Starting new HTTPS connection (1): outlook.office.com:443
DEBUG:urllib3.connectionpool:https://outlook.office.com:443 "GET /calendar/0/deeplink/compose?allday=false&body=Help+in+the+preservation+of+our+local+history+and+collections%2C+including+transcriptionists%2C+preservationists%2C+digitizers%2C+and+organization%C2%A0projects.&location=2525+Oakley+Seaver+Dr%2C+Clermont%2C+FL%2C+34711%2C+United+States&path=/calendar/action/compose&rru=addevent&startdt=2025-09-03T10%3A00%3A00-04%3A00&enddt=2025-09-03T12%3A00%3A00-04%3A00&subject=Preserving+Local+History HTTP/1.1" 200 None
DEBUG:root:✅ Hyperlink OK: https://outlook.office.com/calendar/0/deeplink/compose?allday=false&body=Help+in+the+preservation+of+our+local+history+and+collections%2C+including+transcriptionists%2C+preservationists%2C+digitizers%2C+and+organization%C2%A0projects.&location=2525+Oakley+Seaver+Dr%2C+Clermont%2C+FL%2C+34711%2C+United+States&path=/calendar/action/compose&rru=addevent&startdt=2025-09-03T10%3A00%3A00-04%3A00&enddt=2025-09-03T12%3A00%3A00-04%3A00&subject=Preserving+Local+History
DEBUG:root:Checking external hyperlink: https://outlook.live.com/calendar/0/deeplink/compose?allday=false&body=Help+in+the+preservation+of+our+local+history+and+collections%2C+including+transcriptionists%2C+preservationists%2C+digitizers%2C+and+organization%C2%A0projects.&location=2525+Oakley+Seaver+Dr%2C+Clermont%2C+FL%2C+34711%2C+United+States&path=/calendar/action/compose&rru=addevent&startdt=2025-09-03T10%3A00%3A00-04%3A00&enddt=2025-09-03T12%3A00%3A00-04%3A00&subject=Preserving+Local+History
DEBUG:urllib3.connectionpool:Starting new HTTPS connection (1): outlook.live.com:443
DEBUG:urllib3.connectionpool:https://wordpress-810691-5571285.cloudwaysapps.com:443 "GET /events/preserving-local-history-2025-12-03/ HTTP/1.1" 200 None
DEBUG:root:Successfully fetched https://wordpress-810691-5571285.cloudwaysapps.com/events/preserving-local-history-2025-12-03/ (Content-Length: 43468)
DEBUG:charset_normalizer:Encoding detection: utf_8 is most likely the one.
DEBUG:urllib3.connectionpool:https://outlook.live.com:443 "GET /calendar/0/deeplink/compose?allday=false&body=Help+in+the+preservation+of+our+local+history+and+collections%2C+including+transcriptionists%2C+preservationists%2C+digitizers%2C+and+organization%C2%A0projects.&location=2525+Oakley+Seaver+Dr%2C+Clermont%2C+FL%2C+34711%2C+United+States&path=/calendar/action/compose&rru=addevent&startdt=2025-09-03T10%3A00%3A00-04%3A00&enddt=2025-09-03T12%3A00%3A00-04%3A00&subject=Preserving+Local+History HTTP/1.1" 200 None
DEBUG:root:✅ Hyperlink OK: https://outlook.live.com/calendar/0/deeplink/compose?allday=false&body=Help+in+the+preservation+of+our+local+history+and+collections%2C+including+transcriptionists%2C+preservationists%2C+digitizers%2C+and+organization%C2%A0projects.&location=2525+Oakley+Seaver+Dr%2C+Clermont%2C+FL%2C+34711%2C+United+States&path=/calendar/action/compose&rru=addevent&startdt=2025-09-03T10%3A00%3A00-04%3A00&enddt=2025-09-03T12%3A00%3A00-04%3A00&subject=Preserving+Local+History
DEBUG:root:Using regex pattern: \b[a-zA-Z]{3,}\b
DEBUG:root:Found 44 words to check in https://wordpress-810691-5571285.cloudwaysapps.com/events/preserving-local-history-2025-09-03/ (min_length=3)
DEBUG:root:Sample words from https://wordpress-810691-5571285.cloudwaysapps.com/events/preserving-local-history-2025-09-03/: ['This', 'alert', 'Skip', 'content', 'Preserving', 'Local', 'History', 'When', 'September', 'Add']
DEBUG:root:Misspelled word found: 'transcriptionists' in https://wordpress-810691-5571285.cloudwaysapps.com/events/preserving-local-history-2025-09-03/
DEBUG:root:Spell check results for https://wordpress-810691-5571285.cloudwaysapps.com/events/preserving-local-history-2025-09-03/: 17 words checked, 27 skipped, 1 errors found
INFO:root:✅ Processed https://wordpress-810691-5571285.cloudwaysapps.com/events/preserving-local-history-2025-09-03/: 1 errors found, 65 words checked
DEBUG:root:Attempting to fetch: https://wordpress-810691-5571285.cloudwaysapps.com/subject/miscellaneous/
Processing pages:   3%|▎         | 10/381 [00:06<05:43,  1.08it/s]DEBUG:root:Extracted 446 characters, 65 words from https://wordpress-810691-5571285.cloudwaysapps.com/events/preserving-local-history-2025-12-03/
DEBUG:root:Checking external hyperlink: https://www.google.com/calendar/event?action=TEMPLATE&text=Preserving+Local+History&dates=20251203T100000/20251203T120000&details=Help+in+the+preservation+of+our+local+history+and+collections%2C+including+transcriptionists%2C+preservationists%2C+digitizers%2C+and+organization%C2%A0projects.&location=2525+Oakley+Seaver+Dr%2C+Clermont%2C+FL%2C+34711%2C+United+States&trp=false&sprop=https%3A%2F%2Fwordpress-810691-5571285.cloudwaysapps.com%2Fevents%2Fpreserving-local-history-2025-12-03%2F&sprop=name:Pastfinders&ctz=America%2FNew_York
DEBUG:urllib3.connectionpool:Starting new HTTPS connection (1): www.google.com:443
DEBUG:urllib3.connectionpool:https://www.google.com:443 "GET /calendar/event?action=TEMPLATE&text=Preserving+Local+History&dates=20251203T100000/20251203T120000&details=Help+in+the+preservation+of+our+local+history+and+collections%2C+including+transcriptionists%2C+preservationists%2C+digitizers%2C+and+organization%C2%A0projects.&location=2525+Oakley+Seaver+Dr%2C+Clermont%2C+FL%2C+34711%2C+United+States&trp=false&sprop=https%3A%2F%2Fwordpress-810691-5571285.cloudwaysapps.com%2Fevents%2Fpreserving-local-history-2025-12-03%2F&sprop=name:Pastfinders&ctz=America%2FNew_York HTTP/1.1" 302 0
DEBUG:urllib3.connectionpool:Starting new HTTPS connection (1): calendar.google.com:443
DEBUG:urllib3.connectionpool:https://calendar.google.com:443 "GET /calendar/event?action=TEMPLATE&text=Preserving+Local+History&dates=20251203T100000/20251203T120000&details=Help+in+the+preservation+of+our+local+history+and+collections,+including+transcriptionists,+preservationists,+digitizers,+and+organization%C2%A0projects.&location=2525+Oakley+Seaver+Dr,+Clermont,+FL,+34711,+United+States&trp=false&sprop=https://wordpress-810691-5571285.cloudwaysapps.com/events/preserving-local-history-2025-12-03/&sprop=name:Pastfinders&ctz=America/New_York HTTP/1.1" 302 0
DEBUG:urllib3.connectionpool:Starting new HTTPS connection (1): accounts.google.com:443
DEBUG:urllib3.connectionpool:https://accounts.google.com:443 "GET /ServiceLogin?service=cl&passive=1209600&osid=1&continue=https://calendar.google.com/calendar/event?action%3DTEMPLATE%26text%3DPreserving%2BLocal%2BHistory%26dates%3D20251203T100000/20251203T120000%26details%3DHelp%2Bin%2Bthe%2Bpreservation%2Bof%2Bour%2Blocal%2Bhistory%2Band%2Bcollections,%2Bincluding%2Btranscriptionists,%2Bpreservationists,%2Bdigitizers,%2Band%2Borganization%25C2%25A0projects.%26location%3D2525%2BOakley%2BSeaver%2BDr,%2BClermont,%2BFL,%2B34711,%2BUnited%2BStates%26trp%3Dfalse%26sprop%3Dhttps://wordpress-810691-5571285.cloudwaysapps.com/events/preserving-local-history-2025-12-03/%26sprop%3Dname:Pastfinders%26ctz%3DAmerica/New_York&followup=https://calendar.google.com/calendar/event?action%3DTEMPLATE%26text%3DPreserving%2BLocal%2BHistory%26dates%3D20251203T100000/20251203T120000%26details%3DHelp%2Bin%2Bthe%2Bpreservation%2Bof%2Bour%2Blocal%2Bhistory%2Band%2Bcollections,%2Bincluding%2Btranscriptionists,%2Bpreservationists,%2Bdigitizers,%2Band%2Borganization%25C2%25A0projects.%26location%3D2525%2BOakley%2BSeaver%2BDr,%2BClermont,%2BFL,%2B34711,%2BUnited%2BStates%26trp%3Dfalse%26sprop%3Dhttps://wordpress-810691-5571285.cloudwaysapps.com/events/preserving-local-history-2025-12-03/%26sprop%3Dname:Pastfinders%26ctz%3DAmerica/New_York&emr=1 HTTP/1.1" 302 0
DEBUG:urllib3.connectionpool:https://accounts.google.com:443 "GET /InteractiveLogin?continue=https://calendar.google.com/calendar/event?action%3DTEMPLATE%26text%3DPreserving%2BLocal%2BHistory%26dates%3D20251203T100000/20251203T120000%26details%3DHelp%2Bin%2Bthe%2Bpreservation%2Bof%2Bour%2Blocal%2Bhistory%2Band%2Bcollections,%2Bincluding%2Btranscriptionists,%2Bpreservationists,%2Bdigitizers,%2Band%2Borganization%25C2%25A0projects.%26location%3D2525%2BOakley%2BSeaver%2BDr,%2BClermont,%2BFL,%2B34711,%2BUnited%2BStates%26trp%3Dfalse%26sprop%3Dhttps://wordpress-810691-5571285.cloudwaysapps.com/events/preserving-local-history-2025-12-03/%26sprop%3Dname:Pastfinders%26ctz%3DAmerica/New_York&emr=1&followup=https://calendar.google.com/calendar/event?action%3DTEMPLATE%26text%3DPreserving%2BLocal%2BHistory%26dates%3D20251203T100000/20251203T120000%26details%3DHelp%2Bin%2Bthe%2Bpreservation%2Bof%2Bour%2Blocal%2Bhistory%2Band%2Bcollections,%2Bincluding%2Btranscriptionists,%2Bpreservationists,%2Bdigitizers,%2Band%2Borganization%25C2%25A0projects.%26location%3D2525%2BOakley%2BSeaver%2BDr,%2BClermont,%2BFL,%2B34711,%2BUnited%2BStates%26trp%3Dfalse%26sprop%3Dhttps://wordpress-810691-5571285.cloudwaysapps.com/events/preserving-local-history-2025-12-03/%26sprop%3Dname:Pastfinders%26ctz%3DAmerica/New_York&osid=1&passive=1209600&service=cl&ifkv=AdBytiO507BG2st1znIa-OCoKiu-ZVeSIeGiwCSP7EMau0x0-aospOrq9ptRJQ7cpJIWJIIOMWw2hA HTTP/1.1" 302 None
DEBUG:urllib3.connectionpool:https://accounts.google.com:443 "GET /v3/signin/identifier?continue=https%3A%2F%2Fcalendar.google.com%2Fcalendar%2Fevent%3Faction%3DTEMPLATE%26text%3DPreserving%2BLocal%2BHistory%26dates%3D20251203T100000%2F20251203T120000%26details%3DHelp%2Bin%2Bthe%2Bpreservation%2Bof%2Bour%2Blocal%2Bhistory%2Band%2Bcollections%2C%2Bincluding%2Btranscriptionists%2C%2Bpreservationists%2C%2Bdigitizers%2C%2Band%2Borganization%25C2%25A0projects.%26location%3D2525%2BOakley%2BSeaver%2BDr%2C%2BClermont%2C%2BFL%2C%2B34711%2C%2BUnited%2BStates%26trp%3Dfalse%26sprop%3Dhttps%3A%2F%2Fwordpress-810691-5571285.cloudwaysapps.com%2Fevents%2Fpreserving-local-history-2025-12-03%2F%26sprop%3Dname%3APastfinders%26ctz%3DAmerica%2FNew_York&emr=1&followup=https%3A%2F%2Fcalendar.google.com%2Fcalendar%2Fevent%3Faction%3DTEMPLATE%26text%3DPreserving%2BLocal%2BHistory%26dates%3D20251203T100000%2F20251203T120000%26details%3DHelp%2Bin%2Bthe%2Bpreservation%2Bof%2Bour%2Blocal%2Bhistory%2Band%2Bcollections%2C%2Bincluding%2Btranscriptionists%2C%2Bpreservationists%2C%2Bdigitizers%2C%2Band%2Borganization%25C2%25A0projects.%26location%3D2525%2BOakley%2BSeaver%2BDr%2C%2BClermont%2C%2BFL%2C%2B34711%2C%2BUnited%2BStates%26trp%3Dfalse%26sprop%3Dhttps%3A%2F%2Fwordpress-810691-5571285.cloudwaysapps.com%2Fevents%2Fpreserving-local-history-2025-12-03%2F%26sprop%3Dname%3APastfinders%26ctz%3DAmerica%2FNew_York&ifkv=AdBytiMtmng-idCAq1xt39VV-Wnzv_W34VXsQbfYTSCL-Qf77P9q4g6EevYjpcFjyfgLsiOcaI_LuQ&osid=1&passive=1209600&service=cl&flowName=WebLiteSignIn&flowEntry=ServiceLogin&dsh=S-1440824661%3A1756758131419369 HTTP/1.1" 200 None
DEBUG:root:✅ Hyperlink OK: https://www.google.com/calendar/event?action=TEMPLATE&text=Preserving+Local+History&dates=20251203T100000/20251203T120000&details=Help+in+the+preservation+of+our+local+history+and+collections%2C+including+transcriptionists%2C+preservationists%2C+digitizers%2C+and+organization%C2%A0projects.&location=2525+Oakley+Seaver+Dr%2C+Clermont%2C+FL%2C+34711%2C+United+States&trp=false&sprop=https%3A%2F%2Fwordpress-810691-5571285.cloudwaysapps.com%2Fevents%2Fpreserving-local-history-2025-12-03%2F&sprop=name:Pastfinders&ctz=America%2FNew_York
DEBUG:root:Checking external hyperlink: https://outlook.office.com/calendar/0/deeplink/compose?allday=false&body=Help+in+the+preservation+of+our+local+history+and+collections%2C+including+transcriptionists%2C+preservationists%2C+digitizers%2C+and+organization%C2%A0projects.&location=2525+Oakley+Seaver+Dr%2C+Clermont%2C+FL%2C+34711%2C+United+States&path=/calendar/action/compose&rru=addevent&startdt=2025-12-03T10%3A00%3A00-05%3A00&enddt=2025-12-03T12%3A00%3A00-05%3A00&subject=Preserving+Local+History
DEBUG:urllib3.connectionpool:Starting new HTTPS connection (1): outlook.office.com:443
DEBUG:urllib3.connectionpool:https://outlook.office.com:443 "GET /calendar/0/deeplink/compose?allday=false&body=Help+in+the+preservation+of+our+local+history+and+collections%2C+including+transcriptionists%2C+preservationists%2C+digitizers%2C+and+organization%C2%A0projects.&location=2525+Oakley+Seaver+Dr%2C+Clermont%2C+FL%2C+34711%2C+United+States&path=/calendar/action/compose&rru=addevent&startdt=2025-12-03T10%3A00%3A00-05%3A00&enddt=2025-12-03T12%3A00%3A00-05%3A00&subject=Preserving+Local+History HTTP/1.1" 200 None
DEBUG:root:✅ Hyperlink OK: https://outlook.office.com/calendar/0/deeplink/compose?allday=false&body=Help+in+the+preservation+of+our+local+history+and+collections%2C+including+transcriptionists%2C+preservationists%2C+digitizers%2C+and+organization%C2%A0projects.&location=2525+Oakley+Seaver+Dr%2C+Clermont%2C+FL%2C+34711%2C+United+States&path=/calendar/action/compose&rru=addevent&startdt=2025-12-03T10%3A00%3A00-05%3A00&enddt=2025-12-03T12%3A00%3A00-05%3A00&subject=Preserving+Local+History
DEBUG:root:Checking external hyperlink: https://outlook.live.com/calendar/0/deeplink/compose?allday=false&body=Help+in+the+preservation+of+our+local+history+and+collections%2C+including+transcriptionists%2C+preservationists%2C+digitizers%2C+and+organization%C2%A0projects.&location=2525+Oakley+Seaver+Dr%2C+Clermont%2C+FL%2C+34711%2C+United+States&path=/calendar/action/compose&rru=addevent&startdt=2025-12-03T10%3A00%3A00-05%3A00&enddt=2025-12-03T12%3A00%3A00-05%3A00&subject=Preserving+Local+History
DEBUG:urllib3.connectionpool:Starting new HTTPS connection (1): outlook.live.com:443
DEBUG:urllib3.connectionpool:https://outlook.live.com:443 "GET /calendar/0/deeplink/compose?allday=false&body=Help+in+the+preservation+of+our+local+history+and+collections%2C+including+transcriptionists%2C+preservationists%2C+digitizers%2C+and+organization%C2%A0projects.&location=2525+Oakley+Seaver+Dr%2C+Clermont%2C+FL%2C+34711%2C+United+States&path=/calendar/action/compose&rru=addevent&startdt=2025-12-03T10%3A00%3A00-05%3A00&enddt=2025-12-03T12%3A00%3A00-05%3A00&subject=Preserving+Local+History HTTP/1.1" 200 None
DEBUG:root:✅ Hyperlink OK: https://outlook.live.com/calendar/0/deeplink/compose?allday=false&body=Help+in+the+preservation+of+our+local+history+and+collections%2C+including+transcriptionists%2C+preservationists%2C+digitizers%2C+and+organization%C2%A0projects.&location=2525+Oakley+Seaver+Dr%2C+Clermont%2C+FL%2C+34711%2C+United+States&path=/calendar/action/compose&rru=addevent&startdt=2025-12-03T10%3A00%3A00-05%3A00&enddt=2025-12-03T12%3A00%3A00-05%3A00&subject=Preserving+Local+History
DEBUG:root:Checking internal image: https://wordpress-810691-5571285.cloudwaysapps.com/wp-content/uploads/2025/08/pexels-enginakyurt-2952871-scaled.jpg
DEBUG:urllib3.connectionpool:Starting new HTTPS connection (1): wordpress-810691-5571285.cloudwaysapps.com:443
DEBUG:urllib3.connectionpool:https://wordpress-810691-5571285.cloudwaysapps.com:443 "GET /wp-content/uploads/2025/08/pexels-enginakyurt-2952871-scaled.jpg HTTP/1.1" 200 374557
DEBUG:root:✅ Image OK: https://wordpress-810691-5571285.cloudwaysapps.com/wp-content/uploads/2025/08/pexels-enginakyurt-2952871-scaled.jpg
DEBUG:root:Using regex pattern: \b[a-zA-Z]{3,}\b
DEBUG:root:Found 44 words to check in https://wordpress-810691-5571285.cloudwaysapps.com/events/preserving-local-history-2025-12-03/ (min_length=3)
DEBUG:root:Sample words from https://wordpress-810691-5571285.cloudwaysapps.com/events/preserving-local-history-2025-12-03/: ['This', 'alert', 'Skip', 'content', 'Preserving', 'Local', 'History', 'When', 'December', 'Add']
DEBUG:root:Misspelled word found: 'transcriptionists' in https://wordpress-810691-5571285.cloudwaysapps.com/events/preserving-local-history-2025-12-03/
DEBUG:root:Spell check results for https://wordpress-810691-5571285.cloudwaysapps.com/events/preserving-local-history-2025-12-03/: 17 words checked, 27 skipped, 1 errors found
INFO:root:✅ Processed https://wordpress-810691-5571285.cloudwaysapps.com/events/preserving-local-history-2025-12-03/: 1 errors found, 65 words checked
DEBUG:root:Attempting to fetch: https://wordpress-810691-5571285.cloudwaysapps.com/events/research-assistance-2025-08-27-2025-09-03-2025-09-10-2025-09-17-2025-09-24-2025-10-01-2025-10-08-2025-10-15-2025-10-22-2025-10-29-2025-11-05-2025-11-12-2025-11-19-2025-11-26-2025-12-03-2-25-2026-04-01/
Processing pages:   3%|▎         | 11/381 [00:08<07:11,  1.17s/it]DEBUG:urllib3.connectionpool:https://wordpress-810691-5571285.cloudwaysapps.com:443 "GET /events/family-book-creator-special-interest-group-sig-2026-04-27/ HTTP/1.1" 200 None
DEBUG:root:Successfully fetched https://wordpress-810691-5571285.cloudwaysapps.com/events/family-book-creator-special-interest-group-sig-2026-04-27/ (Content-Length: 42483)
DEBUG:charset_normalizer:Encoding detection: utf_8 is most likely the one.
DEBUG:root:Extracted 844 characters, 141 words from https://wordpress-810691-5571285.cloudwaysapps.com/events/family-book-creator-special-interest-group-sig-2026-04-27/
DEBUG:root:Checking external hyperlink: https://www.google.com/calendar/event?action=TEMPLATE&text=Family+Book+Creator+Special+Interest+Group+%28SIG%29&dates=20260427T190000/20260427T200000&details=This+group+grew+out+of+our+original+FBC+Study+Group%2C+a+joint+effort+between+Pastfinders+and+Kinseekers.+For+now%2C+membership+is+limited+to+participants+of+that+original+group%2C+but+we+hope+to+welcome+more+members+in+the+future.&location=&trp=false&sprop=https%3A%2F%2Fwordpress-810691-5571285.cloudwaysapps.com%2Fevents%2Ffamily-book-creator-special-interest-group-sig-2026-04-27%2F&sprop=name:Pastfinders&ctz=America%2FNew_York
DEBUG:urllib3.connectionpool:Starting new HTTPS connection (1): www.google.com:443
DEBUG:urllib3.connectionpool:https://www.google.com:443 "GET /calendar/event?action=TEMPLATE&text=Family+Book+Creator+Special+Interest+Group+%28SIG%29&dates=20260427T190000/20260427T200000&details=This+group+grew+out+of+our+original+FBC+Study+Group%2C+a+joint+effort+between+Pastfinders+and+Kinseekers.+For+now%2C+membership+is+limited+to+participants+of+that+original+group%2C+but+we+hope+to+welcome+more+members+in+the+future.&location=&trp=false&sprop=https%3A%2F%2Fwordpress-810691-5571285.cloudwaysapps.com%2Fevents%2Ffamily-book-creator-special-interest-group-sig-2026-04-27%2F&sprop=name:Pastfinders&ctz=America%2FNew_York HTTP/1.1" 302 0
DEBUG:urllib3.connectionpool:Starting new HTTPS connection (1): calendar.google.com:443
DEBUG:urllib3.connectionpool:https://calendar.google.com:443 "GET /calendar/event?action=TEMPLATE&text=Family+Book+Creator+Special+Interest+Group+(SIG)&dates=20260427T190000/20260427T200000&details=This+group+grew+out+of+our+original+FBC+Study+Group,+a+joint+effort+between+Pastfinders+and+Kinseekers.+For+now,+membership+is+limited+to+participants+of+that+original+group,+but+we+hope+to+welcome+more+members+in+the+future.&location&trp=false&sprop=https://wordpress-810691-5571285.cloudwaysapps.com/events/family-book-creator-special-interest-group-sig-2026-04-27/&sprop=name:Pastfinders&ctz=America/New_York HTTP/1.1" 302 0
DEBUG:urllib3.connectionpool:Starting new HTTPS connection (1): accounts.google.com:443
DEBUG:urllib3.connectionpool:https://accounts.google.com:443 "GET /ServiceLogin?service=cl&passive=1209600&osid=1&continue=https://calendar.google.com/calendar/event?action%3DTEMPLATE%26text%3DFamily%2BBook%2BCreator%2BSpecial%2BInterest%2BGroup%2B(SIG)%26dates%3D20260427T190000/20260427T200000%26details%3DThis%2Bgroup%2Bgrew%2Bout%2Bof%2Bour%2Boriginal%2BFBC%2BStudy%2BGroup,%2Ba%2Bjoint%2Beffort%2Bbetween%2BPastfinders%2Band%2BKinseekers.%2BFor%2Bnow,%2Bmembership%2Bis%2Blimited%2Bto%2Bparticipants%2Bof%2Bthat%2Boriginal%2Bgroup,%2Bbut%2Bwe%2Bhope%2Bto%2Bwelcome%2Bmore%2Bmembers%2Bin%2Bthe%2Bfuture.%26location%26trp%3Dfalse%26sprop%3Dhttps://wordpress-810691-5571285.cloudwaysapps.com/events/family-book-creator-special-interest-group-sig-2026-04-27/%26sprop%3Dname:Pastfinders%26ctz%3DAmerica/New_York&followup=https://calendar.google.com/calendar/event?action%3DTEMPLATE%26text%3DFamily%2BBook%2BCreator%2BSpecial%2BInterest%2BGroup%2B(SIG)%26dates%3D20260427T190000/20260427T200000%26details%3DThis%2Bgroup%2Bgrew%2Bout%2Bof%2Bour%2Boriginal%2BFBC%2BStudy%2BGroup,%2Ba%2Bjoint%2Beffort%2Bbetween%2BPastfinders%2Band%2BKinseekers.%2BFor%2Bnow,%2Bmembership%2Bis%2Blimited%2Bto%2Bparticipants%2Bof%2Bthat%2Boriginal%2Bgroup,%2Bbut%2Bwe%2Bhope%2Bto%2Bwelcome%2Bmore%2Bmembers%2Bin%2Bthe%2Bfuture.%26location%26trp%3Dfalse%26sprop%3Dhttps://wordpress-810691-5571285.cloudwaysapps.com/events/family-book-creator-special-interest-group-sig-2026-04-27/%26sprop%3Dname:Pastfinders%26ctz%3DAmerica/New_York&emr=1 HTTP/1.1" 302 0
DEBUG:urllib3.connectionpool:https://accounts.google.com:443 "GET /InteractiveLogin?continue=https://calendar.google.com/calendar/event?action%3DTEMPLATE%26text%3DFamily%2BBook%2BCreator%2BSpecial%2BInterest%2BGroup%2B(SIG)%26dates%3D20260427T190000/20260427T200000%26details%3DThis%2Bgroup%2Bgrew%2Bout%2Bof%2Bour%2Boriginal%2BFBC%2BStudy%2BGroup,%2Ba%2Bjoint%2Beffort%2Bbetween%2BPastfinders%2Band%2BKinseekers.%2BFor%2Bnow,%2Bmembership%2Bis%2Blimited%2Bto%2Bparticipants%2Bof%2Bthat%2Boriginal%2Bgroup,%2Bbut%2Bwe%2Bhope%2Bto%2Bwelcome%2Bmore%2Bmembers%2Bin%2Bthe%2Bfuture.%26location%26trp%3Dfalse%26sprop%3Dhttps://wordpress-810691-5571285.cloudwaysapps.com/events/family-book-creator-special-interest-group-sig-2026-04-27/%26sprop%3Dname:Pastfinders%26ctz%3DAmerica/New_York&emr=1&followup=https://calendar.google.com/calendar/event?action%3DTEMPLATE%26text%3DFamily%2BBook%2BCreator%2BSpecial%2BInterest%2BGroup%2B(SIG)%26dates%3D20260427T190000/20260427T200000%26details%3DThis%2Bgroup%2Bgrew%2Bout%2Bof%2Bour%2Boriginal%2BFBC%2BStudy%2BGroup,%2Ba%2Bjoint%2Beffort%2Bbetween%2BPastfinders%2Band%2BKinseekers.%2BFor%2Bnow,%2Bmembership%2Bis%2Blimited%2Bto%2Bparticipants%2Bof%2Bthat%2Boriginal%2Bgroup,%2Bbut%2Bwe%2Bhope%2Bto%2Bwelcome%2Bmore%2Bmembers%2Bin%2Bthe%2Bfuture.%26location%26trp%3Dfalse%26sprop%3Dhttps://wordpress-810691-5571285.cloudwaysapps.com/events/family-book-creator-special-interest-group-sig-2026-04-27/%26sprop%3Dname:Pastfinders%26ctz%3DAmerica/New_York&osid=1&passive=1209600&service=cl&ifkv=AdBytiOQgOb3qNOu1LtxW_P7VS6jCl1G1blb1fnO2IxBfORf8kxMsyRixbQmTHzu_YqdhXeJwccg2g HTTP/1.1" 302 None
DEBUG:urllib3.connectionpool:https://accounts.google.com:443 "GET /v3/signin/identifier?continue=https%3A%2F%2Fcalendar.google.com%2Fcalendar%2Fevent%3Faction%3DTEMPLATE%26text%3DFamily%2BBook%2BCreator%2BSpecial%2BInterest%2BGroup%2B%28SIG%29%26dates%3D20260427T190000%2F20260427T200000%26details%3DThis%2Bgroup%2Bgrew%2Bout%2Bof%2Bour%2Boriginal%2BFBC%2BStudy%2BGroup%2C%2Ba%2Bjoint%2Beffort%2Bbetween%2BPastfinders%2Band%2BKinseekers.%2BFor%2Bnow%2C%2Bmembership%2Bis%2Blimited%2Bto%2Bparticipants%2Bof%2Bthat%2Boriginal%2Bgroup%2C%2Bbut%2Bwe%2Bhope%2Bto%2Bwelcome%2Bmore%2Bmembers%2Bin%2Bthe%2Bfuture.%26location%26trp%3Dfalse%26sprop%3Dhttps%3A%2F%2Fwordpress-810691-5571285.cloudwaysapps.com%2Fevents%2Ffamily-book-creator-special-interest-group-sig-2026-04-27%2F%26sprop%3Dname%3APastfinders%26ctz%3DAmerica%2FNew_York&emr=1&followup=https%3A%2F%2Fcalendar.google.com%2Fcalendar%2Fevent%3Faction%3DTEMPLATE%26text%3DFamily%2BBook%2BCreator%2BSpecial%2BInterest%2BGroup%2B%28SIG%29%26dates%3D20260427T190000%2F20260427T200000%26details%3DThis%2Bgroup%2Bgrew%2Bout%2Bof%2Bour%2Boriginal%2BFBC%2BStudy%2BGroup%2C%2Ba%2Bjoint%2Beffort%2Bbetween%2BPastfinders%2Band%2BKinseekers.%2BFor%2Bnow%2C%2Bmembership%2Bis%2Blimited%2Bto%2Bparticipants%2Bof%2Bthat%2Boriginal%2Bgroup%2C%2Bbut%2Bwe%2Bhope%2Bto%2Bwelcome%2Bmore%2Bmembers%2Bin%2Bthe%2Bfuture.%26location%26trp%3Dfalse%26sprop%3Dhttps%3A%2F%2Fwordpress-810691-5571285.cloudwaysapps.com%2Fevents%2Ffamily-book-creator-special-interest-group-sig-2026-04-27%2F%26sprop%3Dname%3APastfinders%26ctz%3DAmerica%2FNew_York&ifkv=AdBytiMw5MWJncMRsRm4IAgejeeceb0Of6jSmtHx6g8Lkn4IvUq__h4lb7PMcT9aXCrVt1W1Zg_PDQ&osid=1&passive=1209600&service=cl&flowName=WebLiteSignIn&flowEntry=ServiceLogin&dsh=S805693407%3A1756758134711633 HTTP/1.1" 200 None
DEBUG:root:✅ Hyperlink OK: https://www.google.com/calendar/event?action=TEMPLATE&text=Family+Book+Creator+Special+Interest+Group+%28SIG%29&dates=20260427T190000/20260427T200000&details=This+group+grew+out+of+our+original+FBC+Study+Group%2C+a+joint+effort+between+Pastfinders+and+Kinseekers.+For+now%2C+membership+is+limited+to+participants+of+that+original+group%2C+but+we+hope+to+welcome+more+members+in+the+future.&location=&trp=false&sprop=https%3A%2F%2Fwordpress-810691-5571285.cloudwaysapps.com%2Fevents%2Ffamily-book-creator-special-interest-group-sig-2026-04-27%2F&sprop=name:Pastfinders&ctz=America%2FNew_York
DEBUG:root:Checking external hyperlink: https://outlook.office.com/calendar/0/deeplink/compose?allday=false&body=This+group+grew+out+of+our+original+FBC+Study+Group%2C+a+joint+effort+between+Pastfinders+and+Kinseekers.+For+now%2C+membership+is+limited+to+participants+of+that+original+group%2C+but+we+hope+to+welcome+more+members+in+the+future.&location=&path=/calendar/action/compose&rru=addevent&startdt=2026-04-27T19%3A00%3A00-04%3A00&enddt=2026-04-27T20%3A00%3A00-04%3A00&subject=Family+Book+Creator+Special+Interest+Group+%28SIG%29
DEBUG:urllib3.connectionpool:Starting new HTTPS connection (1): outlook.office.com:443
DEBUG:urllib3.connectionpool:https://wordpress-810691-5571285.cloudwaysapps.com:443 "GET /subject/genealogy-applications/ HTTP/1.1" 404 None
WARNING:root:❌ HTTP 404 for https://wordpress-810691-5571285.cloudwaysapps.com/subject/genealogy-applications/ - Not Found
DEBUG:root:Attempting to fetch: https://wordpress-810691-5571285.cloudwaysapps.com/libraries/genealogy-via-the-internet-computerized-genealogy/
Processing pages:   3%|▎         | 12/381 [00:10<09:19,  1.52s/it]DEBUG:urllib3.connectionpool:https://outlook.office.com:443 "GET /calendar/0/deeplink/compose?allday=false&body=This+group+grew+out+of+our+original+FBC+Study+Group%2C+a+joint+effort+between+Pastfinders+and+Kinseekers.+For+now%2C+membership+is+limited+to+participants+of+that+original+group%2C+but+we+hope+to+welcome+more+members+in+the+future.&location=&path=/calendar/action/compose&rru=addevent&startdt=2026-04-27T19%3A00%3A00-04%3A00&enddt=2026-04-27T20%3A00%3A00-04%3A00&subject=Family+Book+Creator+Special+Interest+Group+%28SIG%29 HTTP/1.1" 200 None
DEBUG:root:✅ Hyperlink OK: https://outlook.office.com/calendar/0/deeplink/compose?allday=false&body=This+group+grew+out+of+our+original+FBC+Study+Group%2C+a+joint+effort+between+Pastfinders+and+Kinseekers.+For+now%2C+membership+is+limited+to+participants+of+that+original+group%2C+but+we+hope+to+welcome+more+members+in+the+future.&location=&path=/calendar/action/compose&rru=addevent&startdt=2026-04-27T19%3A00%3A00-04%3A00&enddt=2026-04-27T20%3A00%3A00-04%3A00&subject=Family+Book+Creator+Special+Interest+Group+%28SIG%29
DEBUG:root:Checking external hyperlink: https://outlook.live.com/calendar/0/deeplink/compose?allday=false&body=This+group+grew+out+of+our+original+FBC+Study+Group%2C+a+joint+effort+between+Pastfinders+and+Kinseekers.+For+now%2C+membership+is+limited+to+participants+of+that+original+group%2C+but+we+hope+to+welcome+more+members+in+the+future.&location=&path=/calendar/action/compose&rru=addevent&startdt=2026-04-27T19%3A00%3A00-04%3A00&enddt=2026-04-27T20%3A00%3A00-04%3A00&subject=Family+Book+Creator+Special+Interest+Group+%28SIG%29
DEBUG:urllib3.connectionpool:Starting new HTTPS connection (1): outlook.live.com:443
DEBUG:urllib3.connectionpool:https://outlook.live.com:443 "GET /calendar/0/deeplink/compose?allday=false&body=This+group+grew+out+of+our+original+FBC+Study+Group%2C+a+joint+effort+between+Pastfinders+and+Kinseekers.+For+now%2C+membership+is+limited+to+participants+of+that+original+group%2C+but+we+hope+to+welcome+more+members+in+the+future.&location=&path=/calendar/action/compose&rru=addevent&startdt=2026-04-27T19%3A00%3A00-04%3A00&enddt=2026-04-27T20%3A00%3A00-04%3A00&subject=Family+Book+Creator+Special+Interest+Group+%28SIG%29 HTTP/1.1" 200 None
DEBUG:root:✅ Hyperlink OK: https://outlook.live.com/calendar/0/deeplink/compose?allday=false&body=This+group+grew+out+of+our+original+FBC+Study+Group%2C+a+joint+effort+between+Pastfinders+and+Kinseekers.+For+now%2C+membership+is+limited+to+participants+of+that+original+group%2C+but+we+hope+to+welcome+more+members+in+the+future.&location=&path=/calendar/action/compose&rru=addevent&startdt=2026-04-27T19%3A00%3A00-04%3A00&enddt=2026-04-27T20%3A00%3A00-04%3A00&subject=Family+Book+Creator+Special+Interest+Group+%28SIG%29
DEBUG:root:Checking internal image: https://wordpress-810691-5571285.cloudwaysapps.com/wp-content/uploads/2025/08/fbc-2024_jc_2x.png
DEBUG:urllib3.connectionpool:Starting new HTTPS connection (1): wordpress-810691-5571285.cloudwaysapps.com:443
DEBUG:urllib3.connectionpool:https://wordpress-810691-5571285.cloudwaysapps.com:443 "GET /events/family-tree-maker-special-interest-group-sig-2026-01-20/ HTTP/1.1" 200 None
DEBUG:root:Successfully fetched https://wordpress-810691-5571285.cloudwaysapps.com/events/family-tree-maker-special-interest-group-sig-2026-01-20/ (Content-Length: 42975)
DEBUG:charset_normalizer:Encoding detection: utf_8 is most likely the one.
DEBUG:root:Extracted 1061 characters, 183 words from https://wordpress-810691-5571285.cloudwaysapps.com/events/family-tree-maker-special-interest-group-sig-2026-01-20/
DEBUG:root:Checking external hyperlink: https://www.google.com/calendar/event?action=TEMPLATE&text=Family+Tree+Maker+Special+Interest+Group+%28SIG%29&dates=20260120T000000/20260120T000000&details=Join+host+Stan+Wells+as+he+leads+a+step-by-step+walk-through+of+Family+Tree+Maker+%28FTM%29%2C+one+of+the+most+popular+genealogy+software+programs+available+today.&location=&trp=false&sprop=https%3A%2F%2Fwordpress-810691-5571285.cloudwaysapps.com%2Fevents%2Ffamily-tree-maker-special-interest-group-sig-2026-01-20%2F&sprop=name:Pastfinders&ctz=America%2FNew_York
DEBUG:urllib3.connectionpool:Starting new HTTPS connection (1): www.google.com:443
DEBUG:urllib3.connectionpool:https://www.google.com:443 "GET /calendar/event?action=TEMPLATE&text=Family+Tree+Maker+Special+Interest+Group+%28SIG%29&dates=20260120T000000/20260120T000000&details=Join+host+Stan+Wells+as+he+leads+a+step-by-step+walk-through+of+Family+Tree+Maker+%28FTM%29%2C+one+of+the+most+popular+genealogy+software+programs+available+today.&location=&trp=false&sprop=https%3A%2F%2Fwordpress-810691-5571285.cloudwaysapps.com%2Fevents%2Ffamily-tree-maker-special-interest-group-sig-2026-01-20%2F&sprop=name:Pastfinders&ctz=America%2FNew_York HTTP/1.1" 302 0
DEBUG:urllib3.connectionpool:Starting new HTTPS connection (1): calendar.google.com:443
DEBUG:urllib3.connectionpool:https://wordpress-810691-5571285.cloudwaysapps.com:443 "GET /wp-content/uploads/2025/08/fbc-2024_jc_2x.png HTTP/1.1" 200 47918
DEBUG:root:✅ Image OK: https://wordpress-810691-5571285.cloudwaysapps.com/wp-content/uploads/2025/08/fbc-2024_jc_2x.png
DEBUG:root:Using regex pattern: \b[a-zA-Z]{3,}\b
DEBUG:root:Found 109 words to check in https://wordpress-810691-5571285.cloudwaysapps.com/events/family-book-creator-special-interest-group-sig-2026-04-27/ (min_length=3)
DEBUG:root:Sample words from https://wordpress-810691-5571285.cloudwaysapps.com/events/family-book-creator-special-interest-group-sig-2026-04-27/: ['This', 'alert', 'Skip', 'content', 'Family', 'Book', 'Creator', 'Special', 'Interest', 'Group']
DEBUG:root:Spell check results for https://wordpress-810691-5571285.cloudwaysapps.com/events/family-book-creator-special-interest-group-sig-2026-04-27/: 62 words checked, 47 skipped, 0 errors found
INFO:root:✅ Processed https://wordpress-810691-5571285.cloudwaysapps.com/events/family-book-creator-special-interest-group-sig-2026-04-27/: 0 errors found, 141 words checked
DEBUG:root:Attempting to fetch: https://wordpress-810691-5571285.cloudwaysapps.com/events/family-book-creator-special-interest-group-sig-2026-12-28/
Processing pages:   3%|▎         | 13/381 [00:11<07:30,  1.22s/it]DEBUG:urllib3.connectionpool:https://wordpress-810691-5571285.cloudwaysapps.com:443 "GET /events/family-book-creator-special-interest-group-sig-2026-12-28/ HTTP/1.1" 200 None
DEBUG:root:Successfully fetched https://wordpress-810691-5571285.cloudwaysapps.com/events/family-book-creator-special-interest-group-sig-2026-12-28/ (Content-Length: 42527)
DEBUG:charset_normalizer:Encoding detection: utf_8 is most likely the one.
DEBUG:root:Extracted 847 characters, 141 words from https://wordpress-810691-5571285.cloudwaysapps.com/events/family-book-creator-special-interest-group-sig-2026-12-28/
DEBUG:root:Checking external hyperlink: https://www.google.com/calendar/event?action=TEMPLATE&text=Family+Book+Creator+Special+Interest+Group+%28SIG%29&dates=20261228T190000/20261228T200000&details=This+group+grew+out+of+our+original+FBC+Study+Group%2C+a+joint+effort+between+Pastfinders+and+Kinseekers.+For+now%2C+membership+is+limited+to+participants+of+that+original+group%2C+but+we+hope+to+welcome+more+members+in+the+future.&location=&trp=false&sprop=https%3A%2F%2Fwordpress-810691-5571285.cloudwaysapps.com%2Fevents%2Ffamily-book-creator-special-interest-group-sig-2026-12-28%2F&sprop=name:Pastfinders&ctz=America%2FNew_York
DEBUG:urllib3.connectionpool:https://calendar.google.com:443 "GET /calendar/event?action=TEMPLATE&text=Family+Tree+Maker+Special+Interest+Group+(SIG)&dates=20260120T000000/20260120T000000&details=Join+host+Stan+Wells+as+he+leads+a+step-by-step+walk-through+of+Family+Tree+Maker+(FTM),+one+of+the+most+popular+genealogy+software+programs+available+today.&location&trp=false&sprop=https://wordpress-810691-5571285.cloudwaysapps.com/events/family-tree-maker-special-interest-group-sig-2026-01-20/&sprop=name:Pastfinders&ctz=America/New_York HTTP/1.1" 302 0
DEBUG:urllib3.connectionpool:Starting new HTTPS connection (1): www.google.com:443
DEBUG:urllib3.connectionpool:Starting new HTTPS connection (1): accounts.google.com:443
DEBUG:urllib3.connectionpool:https://www.google.com:443 "GET /calendar/event?action=TEMPLATE&text=Family+Book+Creator+Special+Interest+Group+%28SIG%29&dates=20261228T190000/20261228T200000&details=This+group+grew+out+of+our+original+FBC+Study+Group%2C+a+joint+effort+between+Pastfinders+and+Kinseekers.+For+now%2C+membership+is+limited+to+participants+of+that+original+group%2C+but+we+hope+to+welcome+more+members+in+the+future.&location=&trp=false&sprop=https%3A%2F%2Fwordpress-810691-5571285.cloudwaysapps.com%2Fevents%2Ffamily-book-creator-special-interest-group-sig-2026-12-28%2F&sprop=name:Pastfinders&ctz=America%2FNew_York HTTP/1.1" 302 0
DEBUG:urllib3.connectionpool:Starting new HTTPS connection (1): calendar.google.com:443
DEBUG:urllib3.connectionpool:https://accounts.google.com:443 "GET /ServiceLogin?service=cl&passive=1209600&osid=1&continue=https://calendar.google.com/calendar/event?action%3DTEMPLATE%26text%3DFamily%2BTree%2BMaker%2BSpecial%2BInterest%2BGroup%2B(SIG)%26dates%3D20260120T000000/20260120T000000%26details%3DJoin%2Bhost%2BStan%2BWells%2Bas%2Bhe%2Bleads%2Ba%2Bstep-by-step%2Bwalk-through%2Bof%2BFamily%2BTree%2BMaker%2B(FTM),%2Bone%2Bof%2Bthe%2Bmost%2Bpopular%2Bgenealogy%2Bsoftware%2Bprograms%2Bavailable%2Btoday.%26location%26trp%3Dfalse%26sprop%3Dhttps://wordpress-810691-5571285.cloudwaysapps.com/events/family-tree-maker-special-interest-group-sig-2026-01-20/%26sprop%3Dname:Pastfinders%26ctz%3DAmerica/New_York&followup=https://calendar.google.com/calendar/event?action%3DTEMPLATE%26text%3DFamily%2BTree%2BMaker%2BSpecial%2BInterest%2BGroup%2B(SIG)%26dates%3D20260120T000000/20260120T000000%26details%3DJoin%2Bhost%2BStan%2BWells%2Bas%2Bhe%2Bleads%2Ba%2Bstep-by-step%2Bwalk-through%2Bof%2BFamily%2BTree%2BMaker%2B(FTM),%2Bone%2Bof%2Bthe%2Bmost%2Bpopular%2Bgenealogy%2Bsoftware%2Bprograms%2Bavailable%2Btoday.%26location%26trp%3Dfalse%26sprop%3Dhttps://wordpress-810691-5571285.cloudwaysapps.com/events/family-tree-maker-special-interest-group-sig-2026-01-20/%26sprop%3Dname:Pastfinders%26ctz%3DAmerica/New_York&emr=1 HTTP/1.1" 302 0
DEBUG:urllib3.connectionpool:https://accounts.google.com:443 "GET /InteractiveLogin?continue=https://calendar.google.com/calendar/event?action%3DTEMPLATE%26text%3DFamily%2BTree%2BMaker%2BSpecial%2BInterest%2BGroup%2B(SIG)%26dates%3D20260120T000000/20260120T000000%26details%3DJoin%2Bhost%2BStan%2BWells%2Bas%2Bhe%2Bleads%2Ba%2Bstep-by-step%2Bwalk-through%2Bof%2BFamily%2BTree%2BMaker%2B(FTM),%2Bone%2Bof%2Bthe%2Bmost%2Bpopular%2Bgenealogy%2Bsoftware%2Bprograms%2Bavailable%2Btoday.%26location%26trp%3Dfalse%26sprop%3Dhttps://wordpress-810691-5571285.cloudwaysapps.com/events/family-tree-maker-special-interest-group-sig-2026-01-20/%26sprop%3Dname:Pastfinders%26ctz%3DAmerica/New_York&emr=1&followup=https://calendar.google.com/calendar/event?action%3DTEMPLATE%26text%3DFamily%2BTree%2BMaker%2BSpecial%2BInterest%2BGroup%2B(SIG)%26dates%3D20260120T000000/20260120T000000%26details%3DJoin%2Bhost%2BStan%2BWells%2Bas%2Bhe%2Bleads%2Ba%2Bstep-by-step%2Bwalk-through%2Bof%2BFamily%2BTree%2BMaker%2B(FTM),%2Bone%2Bof%2Bthe%2Bmost%2Bpopular%2Bgenealogy%2Bsoftware%2Bprograms%2Bavailable%2Btoday.%26location%26trp%3Dfalse%26sprop%3Dhttps://wordpress-810691-5571285.cloudwaysapps.com/events/family-tree-maker-special-interest-group-sig-2026-01-20/%26sprop%3Dname:Pastfinders%26ctz%3DAmerica/New_York&osid=1&passive=1209600&service=cl&ifkv=AdBytiOfVdiFZtKtr3sCDh-sIT30lm30XfXGAhSYBh9qryZ1pv8Ntuk-ELmXCGUk3v0EQL7SfmVQsA HTTP/1.1" 302 None
DEBUG:urllib3.connectionpool:https://accounts.google.com:443 "GET /v3/signin/identifier?continue=https%3A%2F%2Fcalendar.google.com%2Fcalendar%2Fevent%3Faction%3DTEMPLATE%26text%3DFamily%2BTree%2BMaker%2BSpecial%2BInterest%2BGroup%2B%28SIG%29%26dates%3D20260120T000000%2F20260120T000000%26details%3DJoin%2Bhost%2BStan%2BWells%2Bas%2Bhe%2Bleads%2Ba%2Bstep-by-step%2Bwalk-through%2Bof%2BFamily%2BTree%2BMaker%2B%28FTM%29%2C%2Bone%2Bof%2Bthe%2Bmost%2Bpopular%2Bgenealogy%2Bsoftware%2Bprograms%2Bavailable%2Btoday.%26location%26trp%3Dfalse%26sprop%3Dhttps%3A%2F%2Fwordpress-810691-5571285.cloudwaysapps.com%2Fevents%2Ffamily-tree-maker-special-interest-group-sig-2026-01-20%2F%26sprop%3Dname%3APastfinders%26ctz%3DAmerica%2FNew_York&emr=1&followup=https%3A%2F%2Fcalendar.google.com%2Fcalendar%2Fevent%3Faction%3DTEMPLATE%26text%3DFamily%2BTree%2BMaker%2BSpecial%2BInterest%2BGroup%2B%28SIG%29%26dates%3D20260120T000000%2F20260120T000000%26details%3DJoin%2Bhost%2BStan%2BWells%2Bas%2Bhe%2Bleads%2Ba%2Bstep-by-step%2Bwalk-through%2Bof%2BFamily%2BTree%2BMaker%2B%28FTM%29%2C%2Bone%2Bof%2Bthe%2Bmost%2Bpopular%2Bgenealogy%2Bsoftware%2Bprograms%2Bavailable%2Btoday.%26location%26trp%3Dfalse%26sprop%3Dhttps%3A%2F%2Fwordpress-810691-5571285.cloudwaysapps.com%2Fevents%2Ffamily-tree-maker-special-interest-group-sig-2026-01-20%2F%26sprop%3Dname%3APastfinders%26ctz%3DAmerica%2FNew_York&ifkv=AdBytiNqNJsP4OhWVOE_B43clnr1UwMDpuXwuPShDIc8F-koxaH1vWr5IYrowA-PZ_na9WqMxK23zA&osid=1&passive=1209600&service=cl&flowName=WebLiteSignIn&flowEntry=ServiceLogin&dsh=S1377621767%3A1756758135960146 HTTP/1.1" 200 None
DEBUG:urllib3.connectionpool:https://calendar.google.com:443 "GET /calendar/event?action=TEMPLATE&text=Family+Book+Creator+Special+Interest+Group+(SIG)&dates=20261228T190000/20261228T200000&details=This+group+grew+out+of+our+original+FBC+Study+Group,+a+joint+effort+between+Pastfinders+and+Kinseekers.+For+now,+membership+is+limited+to+participants+of+that+original+group,+but+we+hope+to+welcome+more+members+in+the+future.&location&trp=false&sprop=https://wordpress-810691-5571285.cloudwaysapps.com/events/family-book-creator-special-interest-group-sig-2026-12-28/&sprop=name:Pastfinders&ctz=America/New_York HTTP/1.1" 302 0
DEBUG:urllib3.connectionpool:Starting new HTTPS connection (1): accounts.google.com:443
DEBUG:root:✅ Hyperlink OK: https://www.google.com/calendar/event?action=TEMPLATE&text=Family+Tree+Maker+Special+Interest+Group+%28SIG%29&dates=20260120T000000/20260120T000000&details=Join+host+Stan+Wells+as+he+leads+a+step-by-step+walk-through+of+Family+Tree+Maker+%28FTM%29%2C+one+of+the+most+popular+genealogy+software+programs+available+today.&location=&trp=false&sprop=https%3A%2F%2Fwordpress-810691-5571285.cloudwaysapps.com%2Fevents%2Ffamily-tree-maker-special-interest-group-sig-2026-01-20%2F&sprop=name:Pastfinders&ctz=America%2FNew_York
DEBUG:root:Checking external hyperlink: https://outlook.office.com/calendar/0/deeplink/compose?allday=false&body=Join+host+Stan+Wells+as+he+leads+a+step-by-step+walk-through+of+Family+Tree+Maker+%28FTM%29%2C+one+of+the+most+popular+genealogy+software+programs+available+today.&location=&path=/calendar/action/compose&rru=addevent&startdt=2026-01-20T00%3A00%3A00-05%3A00&enddt=2026-01-20T00%3A00%3A00-05%3A00&subject=Family+Tree+Maker+Special+Interest+Group+%28SIG%29
DEBUG:urllib3.connectionpool:Starting new HTTPS connection (1): outlook.office.com:443
DEBUG:urllib3.connectionpool:https://accounts.google.com:443 "GET /ServiceLogin?service=cl&passive=1209600&osid=1&continue=https://calendar.google.com/calendar/event?action%3DTEMPLATE%26text%3DFamily%2BBook%2BCreator%2BSpecial%2BInterest%2BGroup%2B(SIG)%26dates%3D20261228T190000/20261228T200000%26details%3DThis%2Bgroup%2Bgrew%2Bout%2Bof%2Bour%2Boriginal%2BFBC%2BStudy%2BGroup,%2Ba%2Bjoint%2Beffort%2Bbetween%2BPastfinders%2Band%2BKinseekers.%2BFor%2Bnow,%2Bmembership%2Bis%2Blimited%2Bto%2Bparticipants%2Bof%2Bthat%2Boriginal%2Bgroup,%2Bbut%2Bwe%2Bhope%2Bto%2Bwelcome%2Bmore%2Bmembers%2Bin%2Bthe%2Bfuture.%26location%26trp%3Dfalse%26sprop%3Dhttps://wordpress-810691-5571285.cloudwaysapps.com/events/family-book-creator-special-interest-group-sig-2026-12-28/%26sprop%3Dname:Pastfinders%26ctz%3DAmerica/New_York&followup=https://calendar.google.com/calendar/event?action%3DTEMPLATE%26text%3DFamily%2BBook%2BCreator%2BSpecial%2BInterest%2BGroup%2B(SIG)%26dates%3D20261228T190000/20261228T200000%26details%3DThis%2Bgroup%2Bgrew%2Bout%2Bof%2Bour%2Boriginal%2BFBC%2BStudy%2BGroup,%2Ba%2Bjoint%2Beffort%2Bbetween%2BPastfinders%2Band%2BKinseekers.%2BFor%2Bnow,%2Bmembership%2Bis%2Blimited%2Bto%2Bparticipants%2Bof%2Bthat%2Boriginal%2Bgroup,%2Bbut%2Bwe%2Bhope%2Bto%2Bwelcome%2Bmore%2Bmembers%2Bin%2Bthe%2Bfuture.%26location%26trp%3Dfalse%26sprop%3Dhttps://wordpress-810691-5571285.cloudwaysapps.com/events/family-book-creator-special-interest-group-sig-2026-12-28/%26sprop%3Dname:Pastfinders%26ctz%3DAmerica/New_York&emr=1 HTTP/1.1" 302 0
DEBUG:urllib3.connectionpool:https://accounts.google.com:443 "GET /InteractiveLogin?continue=https://calendar.google.com/calendar/event?action%3DTEMPLATE%26text%3DFamily%2BBook%2BCreator%2BSpecial%2BInterest%2BGroup%2B(SIG)%26dates%3D20261228T190000/20261228T200000%26details%3DThis%2Bgroup%2Bgrew%2Bout%2Bof%2Bour%2Boriginal%2BFBC%2BStudy%2BGroup,%2Ba%2Bjoint%2Beffort%2Bbetween%2BPastfinders%2Band%2BKinseekers.%2BFor%2Bnow,%2Bmembership%2Bis%2Blimited%2Bto%2Bparticipants%2Bof%2Bthat%2Boriginal%2Bgroup,%2Bbut%2Bwe%2Bhope%2Bto%2Bwelcome%2Bmore%2Bmembers%2Bin%2Bthe%2Bfuture.%26location%26trp%3Dfalse%26sprop%3Dhttps://wordpress-810691-5571285.cloudwaysapps.com/events/family-book-creator-special-interest-group-sig-2026-12-28/%26sprop%3Dname:Pastfinders%26ctz%3DAmerica/New_York&emr=1&followup=https://calendar.google.com/calendar/event?action%3DTEMPLATE%26text%3DFamily%2BBook%2BCreator%2BSpecial%2BInterest%2BGroup%2B(SIG)%26dates%3D20261228T190000/20261228T200000%26details%3DThis%2Bgroup%2Bgrew%2Bout%2Bof%2Bour%2Boriginal%2BFBC%2BStudy%2BGroup,%2Ba%2Bjoint%2Beffort%2Bbetween%2BPastfinders%2Band%2BKinseekers.%2BFor%2Bnow,%2Bmembership%2Bis%2Blimited%2Bto%2Bparticipants%2Bof%2Bthat%2Boriginal%2Bgroup,%2Bbut%2Bwe%2Bhope%2Bto%2Bwelcome%2Bmore%2Bmembers%2Bin%2Bthe%2Bfuture.%26location%26trp%3Dfalse%26sprop%3Dhttps://wordpress-810691-5571285.cloudwaysapps.com/events/family-book-creator-special-interest-group-sig-2026-12-28/%26sprop%3Dname:Pastfinders%26ctz%3DAmerica/New_York&osid=1&passive=1209600&service=cl&ifkv=AdBytiP8TGrRrjv_--M2f9J02YKG9u79OYZSd2dGkhTIqpR6NYsnNiGLQvVbNKPhdPD2OCEtWUis HTTP/1.1" 302 None
DEBUG:urllib3.connectionpool:https://outlook.office.com:443 "GET /calendar/0/deeplink/compose?allday=false&body=Join+host+Stan+Wells+as+he+leads+a+step-by-step+walk-through+of+Family+Tree+Maker+%28FTM%29%2C+one+of+the+most+popular+genealogy+software+programs+available+today.&location=&path=/calendar/action/compose&rru=addevent&startdt=2026-01-20T00%3A00%3A00-05%3A00&enddt=2026-01-20T00%3A00%3A00-05%3A00&subject=Family+Tree+Maker+Special+Interest+Group+%28SIG%29 HTTP/1.1" 200 None
DEBUG:root:✅ Hyperlink OK: https://outlook.office.com/calendar/0/deeplink/compose?allday=false&body=Join+host+Stan+Wells+as+he+leads+a+step-by-step+walk-through+of+Family+Tree+Maker+%28FTM%29%2C+one+of+the+most+popular+genealogy+software+programs+available+today.&location=&path=/calendar/action/compose&rru=addevent&startdt=2026-01-20T00%3A00%3A00-05%3A00&enddt=2026-01-20T00%3A00%3A00-05%3A00&subject=Family+Tree+Maker+Special+Interest+Group+%28SIG%29
DEBUG:root:Checking external hyperlink: https://outlook.live.com/calendar/0/deeplink/compose?allday=false&body=Join+host+Stan+Wells+as+he+leads+a+step-by-step+walk-through+of+Family+Tree+Maker+%28FTM%29%2C+one+of+the+most+popular+genealogy+software+programs+available+today.&location=&path=/calendar/action/compose&rru=addevent&startdt=2026-01-20T00%3A00%3A00-05%3A00&enddt=2026-01-20T00%3A00%3A00-05%3A00&subject=Family+Tree+Maker+Special+Interest+Group+%28SIG%29
DEBUG:urllib3.connectionpool:Starting new HTTPS connection (1): outlook.live.com:443
DEBUG:urllib3.connectionpool:https://accounts.google.com:443 "GET /v3/signin/identifier?continue=https%3A%2F%2Fcalendar.google.com%2Fcalendar%2Fevent%3Faction%3DTEMPLATE%26text%3DFamily%2BBook%2BCreator%2BSpecial%2BInterest%2BGroup%2B%28SIG%29%26dates%3D20261228T190000%2F20261228T200000%26details%3DThis%2Bgroup%2Bgrew%2Bout%2Bof%2Bour%2Boriginal%2BFBC%2BStudy%2BGroup%2C%2Ba%2Bjoint%2Beffort%2Bbetween%2BPastfinders%2Band%2BKinseekers.%2BFor%2Bnow%2C%2Bmembership%2Bis%2Blimited%2Bto%2Bparticipants%2Bof%2Bthat%2Boriginal%2Bgroup%2C%2Bbut%2Bwe%2Bhope%2Bto%2Bwelcome%2Bmore%2Bmembers%2Bin%2Bthe%2Bfuture.%26location%26trp%3Dfalse%26sprop%3Dhttps%3A%2F%2Fwordpress-810691-5571285.cloudwaysapps.com%2Fevents%2Ffamily-book-creator-special-interest-group-sig-2026-12-28%2F%26sprop%3Dname%3APastfinders%26ctz%3DAmerica%2FNew_York&emr=1&followup=https%3A%2F%2Fcalendar.google.com%2Fcalendar%2Fevent%3Faction%3DTEMPLATE%26text%3DFamily%2BBook%2BCreator%2BSpecial%2BInterest%2BGroup%2B%28SIG%29%26dates%3D20261228T190000%2F20261228T200000%26details%3DThis%2Bgroup%2Bgrew%2Bout%2Bof%2Bour%2Boriginal%2BFBC%2BStudy%2BGroup%2C%2Ba%2Bjoint%2Beffort%2Bbetween%2BPastfinders%2Band%2BKinseekers.%2BFor%2Bnow%2C%2Bmembership%2Bis%2Blimited%2Bto%2Bparticipants%2Bof%2Bthat%2Boriginal%2Bgroup%2C%2Bbut%2Bwe%2Bhope%2Bto%2Bwelcome%2Bmore%2Bmembers%2Bin%2Bthe%2Bfuture.%26location%26trp%3Dfalse%26sprop%3Dhttps%3A%2F%2Fwordpress-810691-5571285.cloudwaysapps.com%2Fevents%2Ffamily-book-creator-special-interest-group-sig-2026-12-28%2F%26sprop%3Dname%3APastfinders%26ctz%3DAmerica%2FNew_York&ifkv=AdBytiMEiyvJiFYZuI3qedfUxdrbK_bN3fBvHJiLrxSLZCuTulcJeIQ9tbETJksrdfARy76OWYtd&osid=1&passive=1209600&service=cl&flowName=WebLiteSignIn&flowEntry=ServiceLogin&dsh=S-216569054%3A1756758136223080 HTTP/1.1" 200 None
DEBUG:root:✅ Hyperlink OK: https://www.google.com/calendar/event?action=TEMPLATE&text=Family+Book+Creator+Special+Interest+Group+%28SIG%29&dates=20261228T190000/20261228T200000&details=This+group+grew+out+of+our+original+FBC+Study+Group%2C+a+joint+effort+between+Pastfinders+and+Kinseekers.+For+now%2C+membership+is+limited+to+participants+of+that+original+group%2C+but+we+hope+to+welcome+more+members+in+the+future.&location=&trp=false&sprop=https%3A%2F%2Fwordpress-810691-5571285.cloudwaysapps.com%2Fevents%2Ffamily-book-creator-special-interest-group-sig-2026-12-28%2F&sprop=name:Pastfinders&ctz=America%2FNew_York
DEBUG:root:Checking external hyperlink: https://outlook.office.com/calendar/0/deeplink/compose?allday=false&body=This+group+grew+out+of+our+original+FBC+Study+Group%2C+a+joint+effort+between+Pastfinders+and+Kinseekers.+For+now%2C+membership+is+limited+to+participants+of+that+original+group%2C+but+we+hope+to+welcome+more+members+in+the+future.&location=&path=/calendar/action/compose&rru=addevent&startdt=2026-12-28T19%3A00%3A00-05%3A00&enddt=2026-12-28T20%3A00%3A00-05%3A00&subject=Family+Book+Creator+Special+Interest+Group+%28SIG%29
DEBUG:urllib3.connectionpool:Starting new HTTPS connection (1): outlook.office.com:443
DEBUG:urllib3.connectionpool:https://outlook.live.com:443 "GET /calendar/0/deeplink/compose?allday=false&body=Join+host+Stan+Wells+as+he+leads+a+step-by-step+walk-through+of+Family+Tree+Maker+%28FTM%29%2C+one+of+the+most+popular+genealogy+software+programs+available+today.&location=&path=/calendar/action/compose&rru=addevent&startdt=2026-01-20T00%3A00%3A00-05%3A00&enddt=2026-01-20T00%3A00%3A00-05%3A00&subject=Family+Tree+Maker+Special+Interest+Group+%28SIG%29 HTTP/1.1" 200 None
DEBUG:root:✅ Hyperlink OK: https://outlook.live.com/calendar/0/deeplink/compose?allday=false&body=Join+host+Stan+Wells+as+he+leads+a+step-by-step+walk-through+of+Family+Tree+Maker+%28FTM%29%2C+one+of+the+most+popular+genealogy+software+programs+available+today.&location=&path=/calendar/action/compose&rru=addevent&startdt=2026-01-20T00%3A00%3A00-05%3A00&enddt=2026-01-20T00%3A00%3A00-05%3A00&subject=Family+Tree+Maker+Special+Interest+Group+%28SIG%29
DEBUG:root:Checking external hyperlink: https://form.jotform.com/240597315736059
DEBUG:urllib3.connectionpool:Starting new HTTPS connection (1): form.jotform.com:443
DEBUG:urllib3.connectionpool:https://outlook.office.com:443 "GET /calendar/0/deeplink/compose?allday=false&body=This+group+grew+out+of+our+original+FBC+Study+Group%2C+a+joint+effort+between+Pastfinders+and+Kinseekers.+For+now%2C+membership+is+limited+to+participants+of+that+original+group%2C+but+we+hope+to+welcome+more+members+in+the+future.&location=&path=/calendar/action/compose&rru=addevent&startdt=2026-12-28T19%3A00%3A00-05%3A00&enddt=2026-12-28T20%3A00%3A00-05%3A00&subject=Family+Book+Creator+Special+Interest+Group+%28SIG%29 HTTP/1.1" 200 None
DEBUG:root:✅ Hyperlink OK: https://outlook.office.com/calendar/0/deeplink/compose?allday=false&body=This+group+grew+out+of+our+original+FBC+Study+Group%2C+a+joint+effort+between+Pastfinders+and+Kinseekers.+For+now%2C+membership+is+limited+to+participants+of+that+original+group%2C+but+we+hope+to+welcome+more+members+in+the+future.&location=&path=/calendar/action/compose&rru=addevent&startdt=2026-12-28T19%3A00%3A00-05%3A00&enddt=2026-12-28T20%3A00%3A00-05%3A00&subject=Family+Book+Creator+Special+Interest+Group+%28SIG%29
DEBUG:root:Checking external hyperlink: https://outlook.live.com/calendar/0/deeplink/compose?allday=false&body=This+group+grew+out+of+our+original+FBC+Study+Group%2C+a+joint+effort+between+Pastfinders+and+Kinseekers.+For+now%2C+membership+is+limited+to+participants+of+that+original+group%2C+but+we+hope+to+welcome+more+members+in+the+future.&location=&path=/calendar/action/compose&rru=addevent&startdt=2026-12-28T19%3A00%3A00-05%3A00&enddt=2026-12-28T20%3A00%3A00-05%3A00&subject=Family+Book+Creator+Special+Interest+Group+%28SIG%29
DEBUG:urllib3.connectionpool:Starting new HTTPS connection (1): outlook.live.com:443
DEBUG:urllib3.connectionpool:https://form.jotform.com:443 "GET /240597315736059 HTTP/1.1" 200 None
DEBUG:root:✅ Hyperlink OK: https://form.jotform.com/240597315736059
DEBUG:root:Checking internal image: https://wordpress-810691-5571285.cloudwaysapps.com/wp-content/uploads/2025/08/1754183827_1731436618_1648352435_FamilyTreeMakerSIGICON.png
DEBUG:urllib3.connectionpool:Starting new HTTPS connection (1): wordpress-810691-5571285.cloudwaysapps.com:443
DEBUG:urllib3.connectionpool:https://outlook.live.com:443 "GET /calendar/0/deeplink/compose?allday=false&body=This+group+grew+out+of+our+original+FBC+Study+Group%2C+a+joint+effort+between+Pastfinders+and+Kinseekers.+For+now%2C+membership+is+limited+to+participants+of+that+original+group%2C+but+we+hope+to+welcome+more+members+in+the+future.&location=&path=/calendar/action/compose&rru=addevent&startdt=2026-12-28T19%3A00%3A00-05%3A00&enddt=2026-12-28T20%3A00%3A00-05%3A00&subject=Family+Book+Creator+Special+Interest+Group+%28SIG%29 HTTP/1.1" 200 None
DEBUG:root:✅ Hyperlink OK: https://outlook.live.com/calendar/0/deeplink/compose?allday=false&body=This+group+grew+out+of+our+original+FBC+Study+Group%2C+a+joint+effort+between+Pastfinders+and+Kinseekers.+For+now%2C+membership+is+limited+to+participants+of+that+original+group%2C+but+we+hope+to+welcome+more+members+in+the+future.&location=&path=/calendar/action/compose&rru=addevent&startdt=2026-12-28T19%3A00%3A00-05%3A00&enddt=2026-12-28T20%3A00%3A00-05%3A00&subject=Family+Book+Creator+Special+Interest+Group+%28SIG%29
DEBUG:root:Using regex pattern: \b[a-zA-Z]{3,}\b
DEBUG:root:Found 109 words to check in https://wordpress-810691-5571285.cloudwaysapps.com/events/family-book-creator-special-interest-group-sig-2026-12-28/ (min_length=3)
DEBUG:root:Sample words from https://wordpress-810691-5571285.cloudwaysapps.com/events/family-book-creator-special-interest-group-sig-2026-12-28/: ['This', 'alert', 'Skip', 'content', 'Family', 'Book', 'Creator', 'Special', 'Interest', 'Group']
DEBUG:root:Spell check results for https://wordpress-810691-5571285.cloudwaysapps.com/events/family-book-creator-special-interest-group-sig-2026-12-28/: 62 words checked, 47 skipped, 0 errors found
INFO:root:✅ Processed https://wordpress-810691-5571285.cloudwaysapps.com/events/family-book-creator-special-interest-group-sig-2026-12-28/: 0 errors found, 141 words checked
DEBUG:root:Attempting to fetch: https://wordpress-810691-5571285.cloudwaysapps.com/libraries/genealogy-online-researching-your-roots-web-edition/
Processing pages:   4%|▎         | 14/381 [00:12<07:25,  1.21s/it]DEBUG:urllib3.connectionpool:https://wordpress-810691-5571285.cloudwaysapps.com:443 "GET /libraries/genealogy-online-researching-your-roots-web-edition/ HTTP/1.1" 200 None
DEBUG:root:Successfully fetched https://wordpress-810691-5571285.cloudwaysapps.com/libraries/genealogy-online-researching-your-roots-web-edition/ (Content-Length: 36480)
DEBUG:charset_normalizer:Encoding detection: utf_8 is most likely the one.
DEBUG:root:Extracted 120 characters, 20 words from https://wordpress-810691-5571285.cloudwaysapps.com/libraries/genealogy-online-researching-your-roots-web-edition/
DEBUG:root:Using regex pattern: \b[a-zA-Z]{3,}\b
DEBUG:root:Found 12 words to check in https://wordpress-810691-5571285.cloudwaysapps.com/libraries/genealogy-online-researching-your-roots-web-edition/ (min_length=3)
DEBUG:root:Sample words from https://wordpress-810691-5571285.cloudwaysapps.com/libraries/genealogy-online-researching-your-roots-web-edition/: ['This', 'alert', 'Skip', 'content', 'Genealogy', 'online', 'researching', 'your', 'roots', 'web']
DEBUG:root:Spell check results for https://wordpress-810691-5571285.cloudwaysapps.com/libraries/genealogy-online-researching-your-roots-web-edition/: 8 words checked, 4 skipped, 0 errors found
INFO:root:✅ Processed https://wordpress-810691-5571285.cloudwaysapps.com/libraries/genealogy-online-researching-your-roots-web-edition/: 0 errors found, 20 words checked
DEBUG:root:Attempting to fetch: https://wordpress-810691-5571285.cloudwaysapps.com/libraries/virtual-roots-a-guide-to-genealogy-local-history-on-the-world-wide-web/
Processing pages:   4%|▍         | 15/381 [00:12<05:27,  1.12it/s]DEBUG:urllib3.connectionpool:https://wordpress-810691-5571285.cloudwaysapps.com:443 "GET /wp-content/uploads/2025/08/1754183827_1731436618_1648352435_FamilyTreeMakerSIGICON.png HTTP/1.1" 200 1041804
DEBUG:root:✅ Image OK: https://wordpress-810691-5571285.cloudwaysapps.com/wp-content/uploads/2025/08/1754183827_1731436618_1648352435_FamilyTreeMakerSIGICON.png
DEBUG:root:Using regex pattern: \b[a-zA-Z]{3,}\b
DEBUG:root:Found 135 words to check in https://wordpress-810691-5571285.cloudwaysapps.com/events/family-tree-maker-special-interest-group-sig-2026-01-20/ (min_length=3)
DEBUG:root:Sample words from https://wordpress-810691-5571285.cloudwaysapps.com/events/family-tree-maker-special-interest-group-sig-2026-01-20/: ['This', 'alert', 'Skip', 'content', 'Family', 'Tree', 'Maker', 'Special', 'Interest', 'Group']
DEBUG:root:Skipped email/domain fragment: 'com'
DEBUG:root:Spell check results for https://wordpress-810691-5571285.cloudwaysapps.com/events/family-tree-maker-special-interest-group-sig-2026-01-20/: 87 words checked, 48 skipped, 0 errors found
INFO:root:✅ Processed https://wordpress-810691-5571285.cloudwaysapps.com/events/family-tree-maker-special-interest-group-sig-2026-01-20/: 0 errors found, 183 words checked
DEBUG:root:Attempting to fetch: https://wordpress-810691-5571285.cloudwaysapps.com/locations/cooper-memorial-library/
Processing pages:   4%|▍         | 16/381 [00:13<05:56,  1.03it/s]DEBUG:urllib3.connectionpool:https://wordpress-810691-5571285.cloudwaysapps.com:443 "GET /locations/cooper-memorial-library/ HTTP/1.1" 200 None
DEBUG:root:Successfully fetched https://wordpress-810691-5571285.cloudwaysapps.com/locations/cooper-memorial-library/ (Content-Length: 44459)
DEBUG:charset_normalizer:Encoding detection: utf_8 is most likely the one.
DEBUG:root:Extracted 1824 characters, 314 words from https://wordpress-810691-5571285.cloudwaysapps.com/locations/cooper-memorial-library/
DEBUG:urllib3.connectionpool:https://wordpress-810691-5571285.cloudwaysapps.com:443 "GET /subject/miscellaneous/ HTTP/1.1" 404 None
DEBUG:root:Using regex pattern: \b[a-zA-Z]{3,}\b
DEBUG:root:Found 123 words to check in https://wordpress-810691-5571285.cloudwaysapps.com/locations/cooper-memorial-library/ (min_length=3)
DEBUG:root:Sample words from https://wordpress-810691-5571285.cloudwaysapps.com/locations/cooper-memorial-library/: ['This', 'alert', 'Skip', 'content', 'Cooper', 'Memorial', 'Library', 'August', 'Location', 'Oakley']
DEBUG:root:Spell check results for https://wordpress-810691-5571285.cloudwaysapps.com/locations/cooper-memorial-library/: 22 words checked, 101 skipped, 0 errors found
INFO:root:✅ Processed https://wordpress-810691-5571285.cloudwaysapps.com/locations/cooper-memorial-library/: 0 errors found, 314 words checked
DEBUG:root:Attempting to fetch: https://wordpress-810691-5571285.cloudwaysapps.com/membership-join/
Processing pages:   4%|▍         | 17/381 [00:14<05:39,  1.07it/s]WARNING:root:❌ HTTP 404 for https://wordpress-810691-5571285.cloudwaysapps.com/subject/miscellaneous/ - Not Found
DEBUG:root:Attempting to fetch: https://wordpress-810691-5571285.cloudwaysapps.com/surname-directory/
DEBUG:urllib3.connectionpool:https://wordpress-810691-5571285.cloudwaysapps.com:443 "GET /membership-join/ HTTP/1.1" 200 None
DEBUG:root:Successfully fetched https://wordpress-810691-5571285.cloudwaysapps.com/membership-join/ (Content-Length: 40962)
DEBUG:charset_normalizer:Encoding detection: utf_8 is most likely the one.
DEBUG:urllib3.connectionpool:https://wordpress-810691-5571285.cloudwaysapps.com:443 "GET /surname-directory/ HTTP/1.1" 200 None
DEBUG:root:Successfully fetched https://wordpress-810691-5571285.cloudwaysapps.com/surname-directory/ (Content-Length: 36940)
DEBUG:charset_normalizer:Encoding detection: utf_8 is most likely the one.
DEBUG:root:Extracted 363 characters, 61 words from https://wordpress-810691-5571285.cloudwaysapps.com/membership-join/
DEBUG:root:Checking internal css: https://wordpress-810691-5571285.cloudwaysapps.com/wp-content/themes/picostrap5-child-base/css-output/main.css?ver=250831-204549
DEBUG:root:Extracted 124 characters, 22 words from https://wordpress-810691-5571285.cloudwaysapps.com/surname-directory/
DEBUG:root:Using regex pattern: \b[a-zA-Z]{3,}\b
DEBUG:root:Found 12 words to check in https://wordpress-810691-5571285.cloudwaysapps.com/surname-directory/ (min_length=3)
DEBUG:root:Sample words from https://wordpress-810691-5571285.cloudwaysapps.com/surname-directory/: ['This', 'alert', 'Skip', 'content', 'Restricted', 'You', 'must', 'logged', 'access', 'the']
DEBUG:root:Spell check results for https://wordpress-810691-5571285.cloudwaysapps.com/surname-directory/: 8 words checked, 4 skipped, 0 errors found
INFO:root:✅ Processed https://wordpress-810691-5571285.cloudwaysapps.com/surname-directory/: 0 errors found, 22 words checked
DEBUG:root:Attempting to fetch: https://wordpress-810691-5571285.cloudwaysapps.com/events/dna-research-ancestry-pro-tools/
Processing pages:   5%|▍         | 19/381 [00:14<03:17,  1.83it/s]DEBUG:urllib3.connectionpool:Starting new HTTPS connection (1): wordpress-810691-5571285.cloudwaysapps.com:443
DEBUG:urllib3.connectionpool:https://wordpress-810691-5571285.cloudwaysapps.com:443 "GET /wp-content/themes/picostrap5-child-base/css-output/main.css?ver=250831-204549 HTTP/1.1" 200 None
DEBUG:root:✅ Css OK: https://wordpress-810691-5571285.cloudwaysapps.com/wp-content/themes/picostrap5-child-base/css-output/main.css?ver=250831-204549
DEBUG:root:Checking external css: https://checkout.stripe.com/v3/checkout/button.css?ver=4.6.5
DEBUG:urllib3.connectionpool:Starting new HTTPS connection (1): checkout.stripe.com:443
DEBUG:urllib3.connectionpool:https://wordpress-810691-5571285.cloudwaysapps.com:443 "GET /events/research-assistance-2025-08-27-2025-09-03-2025-09-10-2025-09-17-2025-09-24-2025-10-01-2025-10-08-2025-10-15-2025-10-22-2025-10-29-2025-11-05-2025-11-12-2025-11-19-2025-11-26-2025-12-03-2-25-2026-04-01/ HTTP/1.1" 200 None
DEBUG:root:Successfully fetched https://wordpress-810691-5571285.cloudwaysapps.com/events/research-assistance-2025-08-27-2025-09-03-2025-09-10-2025-09-17-2025-09-24-2025-10-01-2025-10-08-2025-10-15-2025-10-22-2025-10-29-2025-11-05-2025-11-12-2025-11-19-2025-11-26-2025-12-03-2-25-2026-04-01/ (Content-Length: 44171)
DEBUG:charset_normalizer:Encoding detection: utf_8 is most likely the one.
DEBUG:root:Extracted 488 characters, 85 words from https://wordpress-810691-5571285.cloudwaysapps.com/events/research-assistance-2025-08-27-2025-09-03-2025-09-10-2025-09-17-2025-09-24-2025-10-01-2025-10-08-2025-10-15-2025-10-22-2025-10-29-2025-11-05-2025-11-12-2025-11-19-2025-11-26-2025-12-03-2-25-2026-04-01/
DEBUG:root:Checking external hyperlink: https://www.google.com/calendar/event?action=TEMPLATE&text=Research+Assistance&dates=20260401T130000/20260401T150000&details=Join+us+weekly+in+the+Genealogy+Room+for+in-person+help+with+your+research.+It%E2%80%99s+a+great+chance+to+get+one-on-one+guidance%2C+ask+questions%2C+and+connect+with+others+who+share+your+passion+for+family+history.&location=2525+Oakley+Seaver+Dr%2C+Clermont%2C+FL%2C+34711%2C+United+States&trp=false&sprop=https%3A%2F%2Fwordpress-810691-5571285.cloudwaysapps.com%2Fevents%2Fresearch-assistance-2025-08-27-2025-09-03-2025-09-10-2025-09-17-2025-09-24-2025-10-01-2025-10-08-2025-10-15-2025-10-22-2025-10-29-2025-11-05-2025-11-12-2025-11-19-2025-11-26-2025-12-03-2-25-2026-04-01%2F&sprop=name:Pastfinders&ctz=America%2FNew_York
DEBUG:urllib3.connectionpool:Starting new HTTPS connection (1): www.google.com:443
DEBUG:urllib3.connectionpool:https://www.google.com:443 "GET /calendar/event?action=TEMPLATE&text=Research+Assistance&dates=20260401T130000/20260401T150000&details=Join+us+weekly+in+the+Genealogy+Room+for+in-person+help+with+your+research.+It%E2%80%99s+a+great+chance+to+get+one-on-one+guidance%2C+ask+questions%2C+and+connect+with+others+who+share+your+passion+for+family+history.&location=2525+Oakley+Seaver+Dr%2C+Clermont%2C+FL%2C+34711%2C+United+States&trp=false&sprop=https%3A%2F%2Fwordpress-810691-5571285.cloudwaysapps.com%2Fevents%2Fresearch-assistance-2025-08-27-2025-09-03-2025-09-10-2025-09-17-2025-09-24-2025-10-01-2025-10-08-2025-10-15-2025-10-22-2025-10-29-2025-11-05-2025-11-12-2025-11-19-2025-11-26-2025-12-03-2-25-2026-04-01%2F&sprop=name:Pastfinders&ctz=America%2FNew_York HTTP/1.1" 302 0
DEBUG:urllib3.connectionpool:Starting new HTTPS connection (1): calendar.google.com:443
DEBUG:urllib3.connectionpool:https://checkout.stripe.com:443 "GET /v3/checkout/button.css?ver=4.6.5 HTTP/1.1" 200 724
DEBUG:root:✅ Css OK: https://checkout.stripe.com/v3/checkout/button.css?ver=4.6.5
DEBUG:root:Checking external javascript: https://js.stripe.com/v3/?ver=4.6.5
DEBUG:urllib3.connectionpool:Starting new HTTPS connection (1): js.stripe.com:443
DEBUG:urllib3.connectionpool:https://calendar.google.com:443 "GET /calendar/event?action=TEMPLATE&text=Research+Assistance&dates=20260401T130000/20260401T150000&details=Join+us+weekly+in+the+Genealogy+Room+for+in-person+help+with+your+research.+It%E2%80%99s+a+great+chance+to+get+one-on-one+guidance,+ask+questions,+and+connect+with+others+who+share+your+passion+for+family+history.&location=2525+Oakley+Seaver+Dr,+Clermont,+FL,+34711,+United+States&trp=false&sprop=https://wordpress-810691-5571285.cloudwaysapps.com/events/research-assistance-2025-08-27-2025-09-03-2025-09-10-2025-09-17-2025-09-24-2025-10-01-2025-10-08-2025-10-15-2025-10-22-2025-10-29-2025-11-05-2025-11-12-2025-11-19-2025-11-26-2025-12-03-2-25-2026-04-01/&sprop=name:Pastfinders&ctz=America/New_York HTTP/1.1" 302 0
DEBUG:urllib3.connectionpool:Starting new HTTPS connection (1): accounts.google.com:443
DEBUG:urllib3.connectionpool:https://js.stripe.com:443 "GET /v3/?ver=4.6.5 HTTP/1.1" 200 227155
DEBUG:root:✅ Javascript OK: https://js.stripe.com/v3/?ver=4.6.5
DEBUG:root:Using regex pattern: \b[a-zA-Z]{3,}\b
DEBUG:root:Found 42 words to check in https://wordpress-810691-5571285.cloudwaysapps.com/membership-join/ (min_length=3)
DEBUG:root:Sample words from https://wordpress-810691-5571285.cloudwaysapps.com/membership-join/: ['This', 'alert', 'Skip', 'content', 'Join', 'Purchase', 'Single', 'Membership', 'Membership', 'for']
DEBUG:root:Spell check results for https://wordpress-810691-5571285.cloudwaysapps.com/membership-join/: 19 words checked, 23 skipped, 0 errors found
INFO:root:✅ Processed https://wordpress-810691-5571285.cloudwaysapps.com/membership-join/: 0 errors found, 61 words checked
DEBUG:root:Attempting to fetch: https://wordpress-810691-5571285.cloudwaysapps.com/events/preserving-local-history-2026-05-13/
Processing pages:   5%|▌         | 20/381 [00:15<03:54,  1.54it/s]DEBUG:urllib3.connectionpool:https://accounts.google.com:443 "GET /ServiceLogin?service=cl&passive=1209600&osid=1&continue=https://calendar.google.com/calendar/event?action%3DTEMPLATE%26text%3DResearch%2BAssistance%26dates%3D20260401T130000/20260401T150000%26details%3DJoin%2Bus%2Bweekly%2Bin%2Bthe%2BGenealogy%2BRoom%2Bfor%2Bin-person%2Bhelp%2Bwith%2Byour%2Bresearch.%2BIt%25E2%2580%2599s%2Ba%2Bgreat%2Bchance%2Bto%2Bget%2Bone-on-one%2Bguidance,%2Bask%2Bquestions,%2Band%2Bconnect%2Bwith%2Bothers%2Bwho%2Bshare%2Byour%2Bpassion%2Bfor%2Bfamily%2Bhistory.%26location%3D2525%2BOakley%2BSeaver%2BDr,%2BClermont,%2BFL,%2B34711,%2BUnited%2BStates%26trp%3Dfalse%26sprop%3Dhttps://wordpress-810691-5571285.cloudwaysapps.com/events/research-assistance-2025-08-27-2025-09-03-2025-09-10-2025-09-17-2025-09-24-2025-10-01-2025-10-08-2025-10-15-2025-10-22-2025-10-29-2025-11-05-2025-11-12-2025-11-19-2025-11-26-2025-12-03-2-25-2026-04-01/%26sprop%3Dname:Pastfinders%26ctz%3DAmerica/New_York&followup=https://calendar.google.com/calendar/event?action%3DTEMPLATE%26text%3DResearch%2BAssistance%26dates%3D20260401T130000/20260401T150000%26details%3DJoin%2Bus%2Bweekly%2Bin%2Bthe%2BGenealogy%2BRoom%2Bfor%2Bin-person%2Bhelp%2Bwith%2Byour%2Bresearch.%2BIt%25E2%2580%2599s%2Ba%2Bgreat%2Bchance%2Bto%2Bget%2Bone-on-one%2Bguidance,%2Bask%2Bquestions,%2Band%2Bconnect%2Bwith%2Bothers%2Bwho%2Bshare%2Byour%2Bpassion%2Bfor%2Bfamily%2Bhistory.%26location%3D2525%2BOakley%2BSeaver%2BDr,%2BClermont,%2BFL,%2B34711,%2BUnited%2BStates%26trp%3Dfalse%26sprop%3Dhttps://wordpress-810691-5571285.cloudwaysapps.com/events/research-assistance-2025-08-27-2025-09-03-2025-09-10-2025-09-17-2025-09-24-2025-10-01-2025-10-08-2025-10-15-2025-10-22-2025-10-29-2025-11-05-2025-11-12-2025-11-19-2025-11-26-2025-12-03-2-25-2026-04-01/%26sprop%3Dname:Pastfinders%26ctz%3DAmerica/New_York&emr=1 HTTP/1.1" 302 0
DEBUG:urllib3.connectionpool:https://wordpress-810691-5571285.cloudwaysapps.com:443 "GET /events/preserving-local-history-2026-05-13/ HTTP/1.1" 200 None
DEBUG:root:Successfully fetched https://wordpress-810691-5571285.cloudwaysapps.com/events/preserving-local-history-2026-05-13/ (Content-Length: 43606)
DEBUG:urllib3.connectionpool:https://accounts.google.com:443 "GET /InteractiveLogin?continue=https://calendar.google.com/calendar/event?action%3DTEMPLATE%26text%3DResearch%2BAssistance%26dates%3D20260401T130000/20260401T150000%26details%3DJoin%2Bus%2Bweekly%2Bin%2Bthe%2BGenealogy%2BRoom%2Bfor%2Bin-person%2Bhelp%2Bwith%2Byour%2Bresearch.%2BIt%25E2%2580%2599s%2Ba%2Bgreat%2Bchance%2Bto%2Bget%2Bone-on-one%2Bguidance,%2Bask%2Bquestions,%2Band%2Bconnect%2Bwith%2Bothers%2Bwho%2Bshare%2Byour%2Bpassion%2Bfor%2Bfamily%2Bhistory.%26location%3D2525%2BOakley%2BSeaver%2BDr,%2BClermont,%2BFL,%2B34711,%2BUnited%2BStates%26trp%3Dfalse%26sprop%3Dhttps://wordpress-810691-5571285.cloudwaysapps.com/events/research-assistance-2025-08-27-2025-09-03-2025-09-10-2025-09-17-2025-09-24-2025-10-01-2025-10-08-2025-10-15-2025-10-22-2025-10-29-2025-11-05-2025-11-12-2025-11-19-2025-11-26-2025-12-03-2-25-2026-04-01/%26sprop%3Dname:Pastfinders%26ctz%3DAmerica/New_York&emr=1&followup=https://calendar.google.com/calendar/event?action%3DTEMPLATE%26text%3DResearch%2BAssistance%26dates%3D20260401T130000/20260401T150000%26details%3DJoin%2Bus%2Bweekly%2Bin%2Bthe%2BGenealogy%2BRoom%2Bfor%2Bin-person%2Bhelp%2Bwith%2Byour%2Bresearch.%2BIt%25E2%2580%2599s%2Ba%2Bgreat%2Bchance%2Bto%2Bget%2Bone-on-one%2Bguidance,%2Bask%2Bquestions,%2Band%2Bconnect%2Bwith%2Bothers%2Bwho%2Bshare%2Byour%2Bpassion%2Bfor%2Bfamily%2Bhistory.%26location%3D2525%2BOakley%2BSeaver%2BDr,%2BClermont,%2BFL,%2B34711,%2BUnited%2BStates%26trp%3Dfalse%26sprop%3Dhttps://wordpress-810691-5571285.cloudwaysapps.com/events/research-assistance-2025-08-27-2025-09-03-2025-09-10-2025-09-17-2025-09-24-2025-10-01-2025-10-08-2025-10-15-2025-10-22-2025-10-29-2025-11-05-2025-11-12-2025-11-19-2025-11-26-2025-12-03-2-25-2026-04-01/%26sprop%3Dname:Pastfinders%26ctz%3DAmerica/New_York&osid=1&passive=1209600&service=cl&ifkv=AdBytiOdYrMhMQ7gJdRHzAStXdh6NOsX0YxCwB12YqhEvALVmfD7wVM0xR3EKEPRwxkVY5BBaGVL HTTP/1.1" 302 None
DEBUG:charset_normalizer:Encoding detection: utf_8 is most likely the one.
DEBUG:root:Extracted 442 characters, 65 words from https://wordpress-810691-5571285.cloudwaysapps.com/events/preserving-local-history-2026-05-13/
DEBUG:root:Checking external hyperlink: https://www.google.com/calendar/event?action=TEMPLATE&text=Preserving+Local+History&dates=20260513T100000/20260513T120000&details=Help+in+the+preservation+of+our+local+history+and+collections%2C+including+transcriptionists%2C+preservationists%2C+digitizers%2C+and+organization%C2%A0projects.&location=2525+Oakley+Seaver+Dr%2C+Clermont%2C+FL%2C+34711%2C+United+States&trp=false&sprop=https%3A%2F%2Fwordpress-810691-5571285.cloudwaysapps.com%2Fevents%2Fpreserving-local-history-2026-05-13%2F&sprop=name:Pastfinders&ctz=America%2FNew_York
DEBUG:urllib3.connectionpool:Starting new HTTPS connection (1): www.google.com:443
DEBUG:urllib3.connectionpool:https://accounts.google.com:443 "GET /v3/signin/identifier?continue=https%3A%2F%2Fcalendar.google.com%2Fcalendar%2Fevent%3Faction%3DTEMPLATE%26text%3DResearch%2BAssistance%26dates%3D20260401T130000%2F20260401T150000%26details%3DJoin%2Bus%2Bweekly%2Bin%2Bthe%2BGenealogy%2BRoom%2Bfor%2Bin-person%2Bhelp%2Bwith%2Byour%2Bresearch.%2BIt%25E2%2580%2599s%2Ba%2Bgreat%2Bchance%2Bto%2Bget%2Bone-on-one%2Bguidance%2C%2Bask%2Bquestions%2C%2Band%2Bconnect%2Bwith%2Bothers%2Bwho%2Bshare%2Byour%2Bpassion%2Bfor%2Bfamily%2Bhistory.%26location%3D2525%2BOakley%2BSeaver%2BDr%2C%2BClermont%2C%2BFL%2C%2B34711%2C%2BUnited%2BStates%26trp%3Dfalse%26sprop%3Dhttps%3A%2F%2Fwordpress-810691-5571285.cloudwaysapps.com%2Fevents%2Fresearch-assistance-2025-08-27-2025-09-03-2025-09-10-2025-09-17-2025-09-24-2025-10-01-2025-10-08-2025-10-15-2025-10-22-2025-10-29-2025-11-05-2025-11-12-2025-11-19-2025-11-26-2025-12-03-2-25-2026-04-01%2F%26sprop%3Dname%3APastfinders%26ctz%3DAmerica%2FNew_York&emr=1&followup=https%3A%2F%2Fcalendar.google.com%2Fcalendar%2Fevent%3Faction%3DTEMPLATE%26text%3DResearch%2BAssistance%26dates%3D20260401T130000%2F20260401T150000%26details%3DJoin%2Bus%2Bweekly%2Bin%2Bthe%2BGenealogy%2BRoom%2Bfor%2Bin-person%2Bhelp%2Bwith%2Byour%2Bresearch.%2BIt%25E2%2580%2599s%2Ba%2Bgreat%2Bchance%2Bto%2Bget%2Bone-on-one%2Bguidance%2C%2Bask%2Bquestions%2C%2Band%2Bconnect%2Bwith%2Bothers%2Bwho%2Bshare%2Byour%2Bpassion%2Bfor%2Bfamily%2Bhistory.%26location%3D2525%2BOakley%2BSeaver%2BDr%2C%2BClermont%2C%2BFL%2C%2B34711%2C%2BUnited%2BStates%26trp%3Dfalse%26sprop%3Dhttps%3A%2F%2Fwordpress-810691-5571285.cloudwaysapps.com%2Fevents%2Fresearch-assistance-2025-08-27-2025-09-03-2025-09-10-2025-09-17-2025-09-24-2025-10-01-2025-10-08-2025-10-15-2025-10-22-2025-10-29-2025-11-05-2025-11-12-2025-11-19-2025-11-26-2025-12-03-2-25-2026-04-01%2F%26sprop%3Dname%3APastfinders%26ctz%3DAmerica%2FNew_York&ifkv=AdBytiOPVS1QlNv_qtD_qcD6O7ROX9OYKFMIVAwmJNbL9re3I7ug0OV_jY1J8ErFfLLH8vkj0-HV&osid=1&passive=1209600&service=cl&flowName=WebLiteSignIn&flowEntry=ServiceLogin&dsh=S-315311660%3A1756758140238978 HTTP/1.1" 200 None
DEBUG:urllib3.connectionpool:https://www.google.com:443 "GET /calendar/event?action=TEMPLATE&text=Preserving+Local+History&dates=20260513T100000/20260513T120000&details=Help+in+the+preservation+of+our+local+history+and+collections%2C+including+transcriptionists%2C+preservationists%2C+digitizers%2C+and+organization%C2%A0projects.&location=2525+Oakley+Seaver+Dr%2C+Clermont%2C+FL%2C+34711%2C+United+States&trp=false&sprop=https%3A%2F%2Fwordpress-810691-5571285.cloudwaysapps.com%2Fevents%2Fpreserving-local-history-2026-05-13%2F&sprop=name:Pastfinders&ctz=America%2FNew_York HTTP/1.1" 302 0
DEBUG:urllib3.connectionpool:Starting new HTTPS connection (1): calendar.google.com:443
DEBUG:root:✅ Hyperlink OK: https://www.google.com/calendar/event?action=TEMPLATE&text=Research+Assistance&dates=20260401T130000/20260401T150000&details=Join+us+weekly+in+the+Genealogy+Room+for+in-person+help+with+your+research.+It%E2%80%99s+a+great+chance+to+get+one-on-one+guidance%2C+ask+questions%2C+and+connect+with+others+who+share+your+passion+for+family+history.&location=2525+Oakley+Seaver+Dr%2C+Clermont%2C+FL%2C+34711%2C+United+States&trp=false&sprop=https%3A%2F%2Fwordpress-810691-5571285.cloudwaysapps.com%2Fevents%2Fresearch-assistance-2025-08-27-2025-09-03-2025-09-10-2025-09-17-2025-09-24-2025-10-01-2025-10-08-2025-10-15-2025-10-22-2025-10-29-2025-11-05-2025-11-12-2025-11-19-2025-11-26-2025-12-03-2-25-2026-04-01%2F&sprop=name:Pastfinders&ctz=America%2FNew_York
DEBUG:root:Checking external hyperlink: https://outlook.office.com/calendar/0/deeplink/compose?allday=false&body=Join+us+weekly+in+the+Genealogy+Room+for+in-person+help+with+your+research.+It%E2%80%99s+a+great+chance+to+get+one-on-one+guidance%2C+ask+questions%2C+and+connect+with+others+who+share+your+passion+for+family+history.&location=2525+Oakley+Seaver+Dr%2C+Clermont%2C+FL%2C+34711%2C+United+States&path=/calendar/action/compose&rru=addevent&startdt=2026-04-01T13%3A00%3A00-04%3A00&enddt=2026-04-01T15%3A00%3A00-04%3A00&subject=Research+Assistance
DEBUG:urllib3.connectionpool:Starting new HTTPS connection (1): outlook.office.com:443
DEBUG:urllib3.connectionpool:https://calendar.google.com:443 "GET /calendar/event?action=TEMPLATE&text=Preserving+Local+History&dates=20260513T100000/20260513T120000&details=Help+in+the+preservation+of+our+local+history+and+collections,+including+transcriptionists,+preservationists,+digitizers,+and+organization%C2%A0projects.&location=2525+Oakley+Seaver+Dr,+Clermont,+FL,+34711,+United+States&trp=false&sprop=https://wordpress-810691-5571285.cloudwaysapps.com/events/preserving-local-history-2026-05-13/&sprop=name:Pastfinders&ctz=America/New_York HTTP/1.1" 302 0
DEBUG:urllib3.connectionpool:Starting new HTTPS connection (1): accounts.google.com:443
DEBUG:urllib3.connectionpool:https://accounts.google.com:443 "GET /ServiceLogin?service=cl&passive=1209600&osid=1&continue=https://calendar.google.com/calendar/event?action%3DTEMPLATE%26text%3DPreserving%2BLocal%2BHistory%26dates%3D20260513T100000/20260513T120000%26details%3DHelp%2Bin%2Bthe%2Bpreservation%2Bof%2Bour%2Blocal%2Bhistory%2Band%2Bcollections,%2Bincluding%2Btranscriptionists,%2Bpreservationists,%2Bdigitizers,%2Band%2Borganization%25C2%25A0projects.%26location%3D2525%2BOakley%2BSeaver%2BDr,%2BClermont,%2BFL,%2B34711,%2BUnited%2BStates%26trp%3Dfalse%26sprop%3Dhttps://wordpress-810691-5571285.cloudwaysapps.com/events/preserving-local-history-2026-05-13/%26sprop%3Dname:Pastfinders%26ctz%3DAmerica/New_York&followup=https://calendar.google.com/calendar/event?action%3DTEMPLATE%26text%3DPreserving%2BLocal%2BHistory%26dates%3D20260513T100000/20260513T120000%26details%3DHelp%2Bin%2Bthe%2Bpreservation%2Bof%2Bour%2Blocal%2Bhistory%2Band%2Bcollections,%2Bincluding%2Btranscriptionists,%2Bpreservationists,%2Bdigitizers,%2Band%2Borganization%25C2%25A0projects.%26location%3D2525%2BOakley%2BSeaver%2BDr,%2BClermont,%2BFL,%2B34711,%2BUnited%2BStates%26trp%3Dfalse%26sprop%3Dhttps://wordpress-810691-5571285.cloudwaysapps.com/events/preserving-local-history-2026-05-13/%26sprop%3Dname:Pastfinders%26ctz%3DAmerica/New_York&emr=1 HTTP/1.1" 302 0
DEBUG:urllib3.connectionpool:https://outlook.office.com:443 "GET /calendar/0/deeplink/compose?allday=false&body=Join+us+weekly+in+the+Genealogy+Room+for+in-person+help+with+your+research.+It%E2%80%99s+a+great+chance+to+get+one-on-one+guidance%2C+ask+questions%2C+and+connect+with+others+who+share+your+passion+for+family+history.&location=2525+Oakley+Seaver+Dr%2C+Clermont%2C+FL%2C+34711%2C+United+States&path=/calendar/action/compose&rru=addevent&startdt=2026-04-01T13%3A00%3A00-04%3A00&enddt=2026-04-01T15%3A00%3A00-04%3A00&subject=Research+Assistance HTTP/1.1" 200 None
DEBUG:root:✅ Hyperlink OK: https://outlook.office.com/calendar/0/deeplink/compose?allday=false&body=Join+us+weekly+in+the+Genealogy+Room+for+in-person+help+with+your+research.+It%E2%80%99s+a+great+chance+to+get+one-on-one+guidance%2C+ask+questions%2C+and+connect+with+others+who+share+your+passion+for+family+history.&location=2525+Oakley+Seaver+Dr%2C+Clermont%2C+FL%2C+34711%2C+United+States&path=/calendar/action/compose&rru=addevent&startdt=2026-04-01T13%3A00%3A00-04%3A00&enddt=2026-04-01T15%3A00%3A00-04%3A00&subject=Research+Assistance
DEBUG:root:Checking external hyperlink: https://outlook.live.com/calendar/0/deeplink/compose?allday=false&body=Join+us+weekly+in+the+Genealogy+Room+for+in-person+help+with+your+research.+It%E2%80%99s+a+great+chance+to+get+one-on-one+guidance%2C+ask+questions%2C+and+connect+with+others+who+share+your+passion+for+family+history.&location=2525+Oakley+Seaver+Dr%2C+Clermont%2C+FL%2C+34711%2C+United+States&path=/calendar/action/compose&rru=addevent&startdt=2026-04-01T13%3A00%3A00-04%3A00&enddt=2026-04-01T15%3A00%3A00-04%3A00&subject=Research+Assistance
DEBUG:urllib3.connectionpool:Starting new HTTPS connection (1): outlook.live.com:443
DEBUG:urllib3.connectionpool:https://accounts.google.com:443 "GET /InteractiveLogin?continue=https://calendar.google.com/calendar/event?action%3DTEMPLATE%26text%3DPreserving%2BLocal%2BHistory%26dates%3D20260513T100000/20260513T120000%26details%3DHelp%2Bin%2Bthe%2Bpreservation%2Bof%2Bour%2Blocal%2Bhistory%2Band%2Bcollections,%2Bincluding%2Btranscriptionists,%2Bpreservationists,%2Bdigitizers,%2Band%2Borganization%25C2%25A0projects.%26location%3D2525%2BOakley%2BSeaver%2BDr,%2BClermont,%2BFL,%2B34711,%2BUnited%2BStates%26trp%3Dfalse%26sprop%3Dhttps://wordpress-810691-5571285.cloudwaysapps.com/events/preserving-local-history-2026-05-13/%26sprop%3Dname:Pastfinders%26ctz%3DAmerica/New_York&emr=1&followup=https://calendar.google.com/calendar/event?action%3DTEMPLATE%26text%3DPreserving%2BLocal%2BHistory%26dates%3D20260513T100000/20260513T120000%26details%3DHelp%2Bin%2Bthe%2Bpreservation%2Bof%2Bour%2Blocal%2Bhistory%2Band%2Bcollections,%2Bincluding%2Btranscriptionists,%2Bpreservationists,%2Bdigitizers,%2Band%2Borganization%25C2%25A0projects.%26location%3D2525%2BOakley%2BSeaver%2BDr,%2BClermont,%2BFL,%2B34711,%2BUnited%2BStates%26trp%3Dfalse%26sprop%3Dhttps://wordpress-810691-5571285.cloudwaysapps.com/events/preserving-local-history-2026-05-13/%26sprop%3Dname:Pastfinders%26ctz%3DAmerica/New_York&osid=1&passive=1209600&service=cl&ifkv=AdBytiO91m0EPJIpCnweUC_bDKicSvoQfQ5tvRq9XhBak7VsG6HromBt_gm5WrObX7wrJvZmBS0jYw HTTP/1.1" 302 None
DEBUG:urllib3.connectionpool:https://accounts.google.com:443 "GET /v3/signin/identifier?continue=https%3A%2F%2Fcalendar.google.com%2Fcalendar%2Fevent%3Faction%3DTEMPLATE%26text%3DPreserving%2BLocal%2BHistory%26dates%3D20260513T100000%2F20260513T120000%26details%3DHelp%2Bin%2Bthe%2Bpreservation%2Bof%2Bour%2Blocal%2Bhistory%2Band%2Bcollections%2C%2Bincluding%2Btranscriptionists%2C%2Bpreservationists%2C%2Bdigitizers%2C%2Band%2Borganization%25C2%25A0projects.%26location%3D2525%2BOakley%2BSeaver%2BDr%2C%2BClermont%2C%2BFL%2C%2B34711%2C%2BUnited%2BStates%26trp%3Dfalse%26sprop%3Dhttps%3A%2F%2Fwordpress-810691-5571285.cloudwaysapps.com%2Fevents%2Fpreserving-local-history-2026-05-13%2F%26sprop%3Dname%3APastfinders%26ctz%3DAmerica%2FNew_York&emr=1&followup=https%3A%2F%2Fcalendar.google.com%2Fcalendar%2Fevent%3Faction%3DTEMPLATE%26text%3DPreserving%2BLocal%2BHistory%26dates%3D20260513T100000%2F20260513T120000%26details%3DHelp%2Bin%2Bthe%2Bpreservation%2Bof%2Bour%2Blocal%2Bhistory%2Band%2Bcollections%2C%2Bincluding%2Btranscriptionists%2C%2Bpreservationists%2C%2Bdigitizers%2C%2Band%2Borganization%25C2%25A0projects.%26location%3D2525%2BOakley%2BSeaver%2BDr%2C%2BClermont%2C%2BFL%2C%2B34711%2C%2BUnited%2BStates%26trp%3Dfalse%26sprop%3Dhttps%3A%2F%2Fwordpress-810691-5571285.cloudwaysapps.com%2Fevents%2Fpreserving-local-history-2026-05-13%2F%26sprop%3Dname%3APastfinders%26ctz%3DAmerica%2FNew_York&ifkv=AdBytiOZSfzUngW6gz-CMfug-fHMTOBuJjHJDlojSHQnHPGwa9WTjfjb8XNiMi01LzA_EG4-Pk4QuQ&osid=1&passive=1209600&service=cl&flowName=WebLiteSignIn&flowEntry=ServiceLogin&dsh=S-904253220%3A1756758140694653 HTTP/1.1" 200 None
DEBUG:root:✅ Hyperlink OK: https://www.google.com/calendar/event?action=TEMPLATE&text=Preserving+Local+History&dates=20260513T100000/20260513T120000&details=Help+in+the+preservation+of+our+local+history+and+collections%2C+including+transcriptionists%2C+preservationists%2C+digitizers%2C+and+organization%C2%A0projects.&location=2525+Oakley+Seaver+Dr%2C+Clermont%2C+FL%2C+34711%2C+United+States&trp=false&sprop=https%3A%2F%2Fwordpress-810691-5571285.cloudwaysapps.com%2Fevents%2Fpreserving-local-history-2026-05-13%2F&sprop=name:Pastfinders&ctz=America%2FNew_York
DEBUG:root:Checking external hyperlink: https://outlook.office.com/calendar/0/deeplink/compose?allday=false&body=Help+in+the+preservation+of+our+local+history+and+collections%2C+including+transcriptionists%2C+preservationists%2C+digitizers%2C+and+organization%C2%A0projects.&location=2525+Oakley+Seaver+Dr%2C+Clermont%2C+FL%2C+34711%2C+United+States&path=/calendar/action/compose&rru=addevent&startdt=2026-05-13T10%3A00%3A00-04%3A00&enddt=2026-05-13T12%3A00%3A00-04%3A00&subject=Preserving+Local+History
DEBUG:urllib3.connectionpool:Starting new HTTPS connection (1): outlook.office.com:443
DEBUG:urllib3.connectionpool:https://outlook.live.com:443 "GET /calendar/0/deeplink/compose?allday=false&body=Join+us+weekly+in+the+Genealogy+Room+for+in-person+help+with+your+research.+It%E2%80%99s+a+great+chance+to+get+one-on-one+guidance%2C+ask+questions%2C+and+connect+with+others+who+share+your+passion+for+family+history.&location=2525+Oakley+Seaver+Dr%2C+Clermont%2C+FL%2C+34711%2C+United+States&path=/calendar/action/compose&rru=addevent&startdt=2026-04-01T13%3A00%3A00-04%3A00&enddt=2026-04-01T15%3A00%3A00-04%3A00&subject=Research+Assistance HTTP/1.1" 200 None
DEBUG:root:✅ Hyperlink OK: https://outlook.live.com/calendar/0/deeplink/compose?allday=false&body=Join+us+weekly+in+the+Genealogy+Room+for+in-person+help+with+your+research.+It%E2%80%99s+a+great+chance+to+get+one-on-one+guidance%2C+ask+questions%2C+and+connect+with+others+who+share+your+passion+for+family+history.&location=2525+Oakley+Seaver+Dr%2C+Clermont%2C+FL%2C+34711%2C+United+States&path=/calendar/action/compose&rru=addevent&startdt=2026-04-01T13%3A00%3A00-04%3A00&enddt=2026-04-01T15%3A00%3A00-04%3A00&subject=Research+Assistance
DEBUG:root:Checking internal image: https://wordpress-810691-5571285.cloudwaysapps.com/wp-content/uploads/2025/08/pexels-judit-peter-281675-1766604.jpg
DEBUG:urllib3.connectionpool:Starting new HTTPS connection (1): wordpress-810691-5571285.cloudwaysapps.com:443
DEBUG:urllib3.connectionpool:https://outlook.office.com:443 "GET /calendar/0/deeplink/compose?allday=false&body=Help+in+the+preservation+of+our+local+history+and+collections%2C+including+transcriptionists%2C+preservationists%2C+digitizers%2C+and+organization%C2%A0projects.&location=2525+Oakley+Seaver+Dr%2C+Clermont%2C+FL%2C+34711%2C+United+States&path=/calendar/action/compose&rru=addevent&startdt=2026-05-13T10%3A00%3A00-04%3A00&enddt=2026-05-13T12%3A00%3A00-04%3A00&subject=Preserving+Local+History HTTP/1.1" 200 None
DEBUG:root:✅ Hyperlink OK: https://outlook.office.com/calendar/0/deeplink/compose?allday=false&body=Help+in+the+preservation+of+our+local+history+and+collections%2C+including+transcriptionists%2C+preservationists%2C+digitizers%2C+and+organization%C2%A0projects.&location=2525+Oakley+Seaver+Dr%2C+Clermont%2C+FL%2C+34711%2C+United+States&path=/calendar/action/compose&rru=addevent&startdt=2026-05-13T10%3A00%3A00-04%3A00&enddt=2026-05-13T12%3A00%3A00-04%3A00&subject=Preserving+Local+History
DEBUG:root:Checking external hyperlink: https://outlook.live.com/calendar/0/deeplink/compose?allday=false&body=Help+in+the+preservation+of+our+local+history+and+collections%2C+including+transcriptionists%2C+preservationists%2C+digitizers%2C+and+organization%C2%A0projects.&location=2525+Oakley+Seaver+Dr%2C+Clermont%2C+FL%2C+34711%2C+United+States&path=/calendar/action/compose&rru=addevent&startdt=2026-05-13T10%3A00%3A00-04%3A00&enddt=2026-05-13T12%3A00%3A00-04%3A00&subject=Preserving+Local+History
DEBUG:urllib3.connectionpool:Starting new HTTPS connection (1): outlook.live.com:443
DEBUG:urllib3.connectionpool:https://wordpress-810691-5571285.cloudwaysapps.com:443 "GET /wp-content/uploads/2025/08/pexels-judit-peter-281675-1766604.jpg HTTP/1.1" 200 91712
DEBUG:root:✅ Image OK: https://wordpress-810691-5571285.cloudwaysapps.com/wp-content/uploads/2025/08/pexels-judit-peter-281675-1766604.jpg
DEBUG:root:Using regex pattern: \b[a-zA-Z]{3,}\b
DEBUG:root:Found 58 words to check in https://wordpress-810691-5571285.cloudwaysapps.com/events/research-assistance-2025-08-27-2025-09-03-2025-09-10-2025-09-17-2025-09-24-2025-10-01-2025-10-08-2025-10-15-2025-10-22-2025-10-29-2025-11-05-2025-11-12-2025-11-19-2025-11-26-2025-12-03-2-25-2026-04-01/ (min_length=3)
DEBUG:root:Sample words from https://wordpress-810691-5571285.cloudwaysapps.com/events/research-assistance-2025-08-27-2025-09-03-2025-09-10-2025-09-17-2025-09-24-2025-10-01-2025-10-08-2025-10-15-2025-10-22-2025-10-29-2025-11-05-2025-11-12-2025-11-19-2025-11-26-2025-12-03-2-25-2026-04-01/: ['This', 'alert', 'Skip', 'content', 'Research', 'Assistance', 'When', 'April', 'Add', 'Calendar']
DEBUG:root:Spell check results for https://wordpress-810691-5571285.cloudwaysapps.com/events/research-assistance-2025-08-27-2025-09-03-2025-09-10-2025-09-17-2025-09-24-2025-10-01-2025-10-08-2025-10-15-2025-10-22-2025-10-29-2025-11-05-2025-11-12-2025-11-19-2025-11-26-2025-12-03-2-25-2026-04-01/: 30 words checked, 28 skipped, 0 errors found
INFO:root:✅ Processed https://wordpress-810691-5571285.cloudwaysapps.com/events/research-assistance-2025-08-27-2025-09-03-2025-09-10-2025-09-17-2025-09-24-2025-10-01-2025-10-08-2025-10-15-2025-10-22-2025-10-29-2025-11-05-2025-11-12-2025-11-19-2025-11-26-2025-12-03-2-25-2026-04-01/: 0 errors found, 85 words checked
DEBUG:root:Attempting to fetch: https://wordpress-810691-5571285.cloudwaysapps.com/subject/video-tutorials/
Processing pages:   6%|▌         | 21/381 [00:17<04:34,  1.31it/s]DEBUG:urllib3.connectionpool:https://outlook.live.com:443 "GET /calendar/0/deeplink/compose?allday=false&body=Help+in+the+preservation+of+our+local+history+and+collections%2C+including+transcriptionists%2C+preservationists%2C+digitizers%2C+and+organization%C2%A0projects.&location=2525+Oakley+Seaver+Dr%2C+Clermont%2C+FL%2C+34711%2C+United+States&path=/calendar/action/compose&rru=addevent&startdt=2026-05-13T10%3A00%3A00-04%3A00&enddt=2026-05-13T12%3A00%3A00-04%3A00&subject=Preserving+Local+History HTTP/1.1" 200 None
DEBUG:root:✅ Hyperlink OK: https://outlook.live.com/calendar/0/deeplink/compose?allday=false&body=Help+in+the+preservation+of+our+local+history+and+collections%2C+including+transcriptionists%2C+preservationists%2C+digitizers%2C+and+organization%C2%A0projects.&location=2525+Oakley+Seaver+Dr%2C+Clermont%2C+FL%2C+34711%2C+United+States&path=/calendar/action/compose&rru=addevent&startdt=2026-05-13T10%3A00%3A00-04%3A00&enddt=2026-05-13T12%3A00%3A00-04%3A00&subject=Preserving+Local+History
DEBUG:root:Using regex pattern: \b[a-zA-Z]{3,}\b
DEBUG:root:Found 44 words to check in https://wordpress-810691-5571285.cloudwaysapps.com/events/preserving-local-history-2026-05-13/ (min_length=3)
DEBUG:root:Sample words from https://wordpress-810691-5571285.cloudwaysapps.com/events/preserving-local-history-2026-05-13/: ['This', 'alert', 'Skip', 'content', 'Preserving', 'Local', 'History', 'When', 'May', 'Add']
DEBUG:root:Misspelled word found: 'transcriptionists' in https://wordpress-810691-5571285.cloudwaysapps.com/events/preserving-local-history-2026-05-13/
DEBUG:root:Spell check results for https://wordpress-810691-5571285.cloudwaysapps.com/events/preserving-local-history-2026-05-13/: 17 words checked, 27 skipped, 1 errors found
INFO:root:✅ Processed https://wordpress-810691-5571285.cloudwaysapps.com/events/preserving-local-history-2026-05-13/: 1 errors found, 65 words checked
DEBUG:root:Attempting to fetch: https://wordpress-810691-5571285.cloudwaysapps.com/events/research-assistance-2025-08-27-2025-09-03-2025-09-10-2025-09-17-2025-09-24-2025-10-01-2025-10-08-2025-10-15-2025-10-22-2025-10-29-2025-11-05-2025-11-12-2025-11-19-2025-11-26-2025-12-03-2-24-2025-12-31/
DEBUG:urllib3.connectionpool:https://wordpress-810691-5571285.cloudwaysapps.com:443 "GET /libraries/genealogy-via-the-internet-computerized-genealogy/ HTTP/1.1" 200 None
DEBUG:root:Successfully fetched https://wordpress-810691-5571285.cloudwaysapps.com/libraries/genealogy-via-the-internet-computerized-genealogy/ (Content-Length: 36527)
DEBUG:charset_normalizer:Encoding detection: utf_8 is most likely the one.
DEBUG:root:Extracted 115 characters, 19 words from https://wordpress-810691-5571285.cloudwaysapps.com/libraries/genealogy-via-the-internet-computerized-genealogy/
DEBUG:root:Using regex pattern: \b[a-zA-Z]{3,}\b
DEBUG:root:Found 11 words to check in https://wordpress-810691-5571285.cloudwaysapps.com/libraries/genealogy-via-the-internet-computerized-genealogy/ (min_length=3)
DEBUG:root:Sample words from https://wordpress-810691-5571285.cloudwaysapps.com/libraries/genealogy-via-the-internet-computerized-genealogy/: ['This', 'alert', 'Skip', 'content', 'Genealogy', 'via', 'the', 'Internet', 'Computerized', 'Genealogy']
DEBUG:root:Spell check results for https://wordpress-810691-5571285.cloudwaysapps.com/libraries/genealogy-via-the-internet-computerized-genealogy/: 4 words checked, 7 skipped, 0 errors found
INFO:root:✅ Processed https://wordpress-810691-5571285.cloudwaysapps.com/libraries/genealogy-via-the-internet-computerized-genealogy/: 0 errors found, 19 words checked
DEBUG:root:Attempting to fetch: https://wordpress-810691-5571285.cloudwaysapps.com/libraries/
Processing pages:   6%|▌         | 23/381 [00:19<05:18,  1.12it/s]DEBUG:urllib3.connectionpool:https://wordpress-810691-5571285.cloudwaysapps.com:443 "GET /libraries/ HTTP/1.1" 200 10776
DEBUG:root:Successfully fetched https://wordpress-810691-5571285.cloudwaysapps.com/libraries/ (Content-Length: 57113)
DEBUG:charset_normalizer:Encoding detection: utf_8 is most likely the one.
DEBUG:root:Extracted 2753 characters, 378 words from https://wordpress-810691-5571285.cloudwaysapps.com/libraries/
DEBUG:root:Using regex pattern: \b[a-zA-Z]{3,}\b
DEBUG:root:Found 280 words to check in https://wordpress-810691-5571285.cloudwaysapps.com/libraries/ (min_length=3)
DEBUG:root:Sample words from https://wordpress-810691-5571285.cloudwaysapps.com/libraries/: ['This', 'alert', 'Skip', 'content', 'CML', 'Genealogy', 'Library', 'Media', 'Type', 'All']
DEBUG:root:Spell check results for https://wordpress-810691-5571285.cloudwaysapps.com/libraries/: 72 words checked, 208 skipped, 0 errors found
INFO:root:✅ Processed https://wordpress-810691-5571285.cloudwaysapps.com/libraries/: 0 errors found, 378 words checked
DEBUG:root:Attempting to fetch: https://wordpress-810691-5571285.cloudwaysapps.com/historical-collection/
Processing pages:   6%|▋         | 24/381 [00:19<04:16,  1.39it/s]DEBUG:urllib3.connectionpool:https://wordpress-810691-5571285.cloudwaysapps.com:443 "GET /historical-collection/ HTTP/1.1" 200 10520
DEBUG:root:Successfully fetched https://wordpress-810691-5571285.cloudwaysapps.com/historical-collection/ (Content-Length: 45287)
DEBUG:charset_normalizer:Encoding detection: utf_8 is most likely the one.
DEBUG:root:Extracted 2129 characters, 338 words from https://wordpress-810691-5571285.cloudwaysapps.com/historical-collection/
DEBUG:root:Checking internal document: https://wordpress-810691-5571285.cloudwaysapps.com/wp-content/uploads/2025/05/3_WEBSITE_Updates_09-28-2021-1.pdf
DEBUG:urllib3.connectionpool:Starting new HTTPS connection (1): wordpress-810691-5571285.cloudwaysapps.com:443
DEBUG:urllib3.connectionpool:https://wordpress-810691-5571285.cloudwaysapps.com:443 "GET /wp-content/uploads/2025/05/3_WEBSITE_Updates_09-28-2021-1.pdf HTTP/1.1" 200 529422
DEBUG:root:✅ Document OK: https://wordpress-810691-5571285.cloudwaysapps.com/wp-content/uploads/2025/05/3_WEBSITE_Updates_09-28-2021-1.pdf
DEBUG:root:Checking internal document: https://wordpress-810691-5571285.cloudwaysapps.com/wp-content/uploads/2025/05/WEBSITE_Kneeland_Munson_Journal_with_Index_09_2021.pdf
DEBUG:urllib3.connectionpool:Starting new HTTPS connection (1): wordpress-810691-5571285.cloudwaysapps.com:443
DEBUG:urllib3.connectionpool:https://wordpress-810691-5571285.cloudwaysapps.com:443 "GET /wp-content/uploads/2025/05/WEBSITE_Kneeland_Munson_Journal_with_Index_09_2021.pdf HTTP/1.1" 200 384500
DEBUG:urllib3.connectionpool:https://wordpress-810691-5571285.cloudwaysapps.com:443 "GET /libraries/virtual-roots-a-guide-to-genealogy-local-history-on-the-world-wide-web/ HTTP/1.1" 200 None
DEBUG:root:✅ Document OK: https://wordpress-810691-5571285.cloudwaysapps.com/wp-content/uploads/2025/05/WEBSITE_Kneeland_Munson_Journal_with_Index_09_2021.pdf
DEBUG:root:Checking internal document: https://wordpress-810691-5571285.cloudwaysapps.com/wp-content/uploads/2025/05/Gables_929.375922-1.pdf
DEBUG:root:Successfully fetched https://wordpress-810691-5571285.cloudwaysapps.com/libraries/virtual-roots-a-guide-to-genealogy-local-history-on-the-world-wide-web/ (Content-Length: 36807)
DEBUG:urllib3.connectionpool:Starting new HTTPS connection (1): wordpress-810691-5571285.cloudwaysapps.com:443
DEBUG:charset_normalizer:Encoding detection: utf_8 is most likely the one.
DEBUG:root:Extracted 138 characters, 26 words from https://wordpress-810691-5571285.cloudwaysapps.com/libraries/virtual-roots-a-guide-to-genealogy-local-history-on-the-world-wide-web/
DEBUG:root:Using regex pattern: \b[a-zA-Z]{3,}\b
DEBUG:root:Found 15 words to check in https://wordpress-810691-5571285.cloudwaysapps.com/libraries/virtual-roots-a-guide-to-genealogy-local-history-on-the-world-wide-web/ (min_length=3)
DEBUG:root:Sample words from https://wordpress-810691-5571285.cloudwaysapps.com/libraries/virtual-roots-a-guide-to-genealogy-local-history-on-the-world-wide-web/: ['This', 'alert', 'Skip', 'content', 'Virtual', 'roots', 'guide', 'genealogy', 'local', 'history']
DEBUG:root:Spell check results for https://wordpress-810691-5571285.cloudwaysapps.com/libraries/virtual-roots-a-guide-to-genealogy-local-history-on-the-world-wide-web/: 10 words checked, 5 skipped, 0 errors found
INFO:root:✅ Processed https://wordpress-810691-5571285.cloudwaysapps.com/libraries/virtual-roots-a-guide-to-genealogy-local-history-on-the-world-wide-web/: 0 errors found, 26 words checked
DEBUG:root:Attempting to fetch: https://wordpress-810691-5571285.cloudwaysapps.com/events/research-assistance-2025-08-27-2025-09-03/
Processing pages:   7%|▋         | 25/381 [00:20<05:22,  1.11it/s]DEBUG:urllib3.connectionpool:https://wordpress-810691-5571285.cloudwaysapps.com:443 "GET /wp-content/uploads/2025/05/Gables_929.375922-1.pdf HTTP/1.1" 200 8147200
DEBUG:urllib3.connectionpool:https://wordpress-810691-5571285.cloudwaysapps.com:443 "GET /events/dna-research-ancestry-pro-tools/ HTTP/1.1" 200 None
DEBUG:root:Successfully fetched https://wordpress-810691-5571285.cloudwaysapps.com/events/dna-research-ancestry-pro-tools/ (Content-Length: 41243)
DEBUG:charset_normalizer:Encoding detection: utf_8 is most likely the one.
DEBUG:root:Extracted 448 characters, 75 words from https://wordpress-810691-5571285.cloudwaysapps.com/events/dna-research-ancestry-pro-tools/
DEBUG:root:Checking external hyperlink: https://www.google.com/calendar/event?action=TEMPLATE&text=DNA+Research+Ancestry+Pro+Tools&dates=20250828T120000/20250828T130000&details=Using+Ancestry%27s+Pro+Tools+to+reveal+relationships+not+previously+visible.&location=&trp=false&sprop=https%3A%2F%2Fwordpress-810691-5571285.cloudwaysapps.com%2Fevents%2Fdna-research-ancestry-pro-tools%2F&sprop=name:Pastfinders&ctz=America%2FNew_York
DEBUG:urllib3.connectionpool:Starting new HTTPS connection (1): www.google.com:443
DEBUG:urllib3.connectionpool:https://www.google.com:443 "GET /calendar/event?action=TEMPLATE&text=DNA+Research+Ancestry+Pro+Tools&dates=20250828T120000/20250828T130000&details=Using+Ancestry%27s+Pro+Tools+to+reveal+relationships+not+previously+visible.&location=&trp=false&sprop=https%3A%2F%2Fwordpress-810691-5571285.cloudwaysapps.com%2Fevents%2Fdna-research-ancestry-pro-tools%2F&sprop=name:Pastfinders&ctz=America%2FNew_York HTTP/1.1" 302 0
DEBUG:urllib3.connectionpool:Starting new HTTPS connection (1): calendar.google.com:443
DEBUG:urllib3.connectionpool:https://calendar.google.com:443 "GET /calendar/event?action=TEMPLATE&text=DNA+Research+Ancestry+Pro+Tools&dates=20250828T120000/20250828T130000&details=Using+Ancestry's+Pro+Tools+to+reveal+relationships+not+previously+visible.&location&trp=false&sprop=https://wordpress-810691-5571285.cloudwaysapps.com/events/dna-research-ancestry-pro-tools/&sprop=name:Pastfinders&ctz=America/New_York HTTP/1.1" 302 0
DEBUG:urllib3.connectionpool:Starting new HTTPS connection (1): accounts.google.com:443
DEBUG:urllib3.connectionpool:https://accounts.google.com:443 "GET /ServiceLogin?service=cl&passive=1209600&osid=1&continue=https://calendar.google.com/calendar/event?action%3DTEMPLATE%26text%3DDNA%2BResearch%2BAncestry%2BPro%2BTools%26dates%3D20250828T120000/20250828T130000%26details%3DUsing%2BAncestry's%2BPro%2BTools%2Bto%2Breveal%2Brelationships%2Bnot%2Bpreviously%2Bvisible.%26location%26trp%3Dfalse%26sprop%3Dhttps://wordpress-810691-5571285.cloudwaysapps.com/events/dna-research-ancestry-pro-tools/%26sprop%3Dname:Pastfinders%26ctz%3DAmerica/New_York&followup=https://calendar.google.com/calendar/event?action%3DTEMPLATE%26text%3DDNA%2BResearch%2BAncestry%2BPro%2BTools%26dates%3D20250828T120000/20250828T130000%26details%3DUsing%2BAncestry's%2BPro%2BTools%2Bto%2Breveal%2Brelationships%2Bnot%2Bpreviously%2Bvisible.%26location%26trp%3Dfalse%26sprop%3Dhttps://wordpress-810691-5571285.cloudwaysapps.com/events/dna-research-ancestry-pro-tools/%26sprop%3Dname:Pastfinders%26ctz%3DAmerica/New_York&emr=1 HTTP/1.1" 302 0
DEBUG:urllib3.connectionpool:https://accounts.google.com:443 "GET /InteractiveLogin?continue=https://calendar.google.com/calendar/event?action%3DTEMPLATE%26text%3DDNA%2BResearch%2BAncestry%2BPro%2BTools%26dates%3D20250828T120000/20250828T130000%26details%3DUsing%2BAncestry's%2BPro%2BTools%2Bto%2Breveal%2Brelationships%2Bnot%2Bpreviously%2Bvisible.%26location%26trp%3Dfalse%26sprop%3Dhttps://wordpress-810691-5571285.cloudwaysapps.com/events/dna-research-ancestry-pro-tools/%26sprop%3Dname:Pastfinders%26ctz%3DAmerica/New_York&emr=1&followup=https://calendar.google.com/calendar/event?action%3DTEMPLATE%26text%3DDNA%2BResearch%2BAncestry%2BPro%2BTools%26dates%3D20250828T120000/20250828T130000%26details%3DUsing%2BAncestry's%2BPro%2BTools%2Bto%2Breveal%2Brelationships%2Bnot%2Bpreviously%2Bvisible.%26location%26trp%3Dfalse%26sprop%3Dhttps://wordpress-810691-5571285.cloudwaysapps.com/events/dna-research-ancestry-pro-tools/%26sprop%3Dname:Pastfinders%26ctz%3DAmerica/New_York&osid=1&passive=1209600&service=cl&ifkv=AdBytiMI4_ZVKwM4L8jPl076tYVpISFMQWh_FJ4ZllOq13DUJohsRgcCKisQt85taGnyl-bq4NJtsQ HTTP/1.1" 302 None
DEBUG:urllib3.connectionpool:https://accounts.google.com:443 "GET /v3/signin/identifier?continue=https%3A%2F%2Fcalendar.google.com%2Fcalendar%2Fevent%3Faction%3DTEMPLATE%26text%3DDNA%2BResearch%2BAncestry%2BPro%2BTools%26dates%3D20250828T120000%2F20250828T130000%26details%3DUsing%2BAncestry%27s%2BPro%2BTools%2Bto%2Breveal%2Brelationships%2Bnot%2Bpreviously%2Bvisible.%26location%26trp%3Dfalse%26sprop%3Dhttps%3A%2F%2Fwordpress-810691-5571285.cloudwaysapps.com%2Fevents%2Fdna-research-ancestry-pro-tools%2F%26sprop%3Dname%3APastfinders%26ctz%3DAmerica%2FNew_York&emr=1&followup=https%3A%2F%2Fcalendar.google.com%2Fcalendar%2Fevent%3Faction%3DTEMPLATE%26text%3DDNA%2BResearch%2BAncestry%2BPro%2BTools%26dates%3D20250828T120000%2F20250828T130000%26details%3DUsing%2BAncestry%27s%2BPro%2BTools%2Bto%2Breveal%2Brelationships%2Bnot%2Bpreviously%2Bvisible.%26location%26trp%3Dfalse%26sprop%3Dhttps%3A%2F%2Fwordpress-810691-5571285.cloudwaysapps.com%2Fevents%2Fdna-research-ancestry-pro-tools%2F%26sprop%3Dname%3APastfinders%26ctz%3DAmerica%2FNew_York&ifkv=AdBytiOjFoUf6PXQZouRn8eO3WRV3z4kiOR2qgQqfhMTo6iSORpcgCGhI0wYIdEm2VQWPo5-hgrDWg&osid=1&passive=1209600&service=cl&flowName=WebLiteSignIn&flowEntry=ServiceLogin&dsh=S1985888%3A1756758147827699 HTTP/1.1" 200 None
DEBUG:root:✅ Hyperlink OK: https://www.google.com/calendar/event?action=TEMPLATE&text=DNA+Research+Ancestry+Pro+Tools&dates=20250828T120000/20250828T130000&details=Using+Ancestry%27s+Pro+Tools+to+reveal+relationships+not+previously+visible.&location=&trp=false&sprop=https%3A%2F%2Fwordpress-810691-5571285.cloudwaysapps.com%2Fevents%2Fdna-research-ancestry-pro-tools%2F&sprop=name:Pastfinders&ctz=America%2FNew_York
DEBUG:root:Checking external hyperlink: https://outlook.office.com/calendar/0/deeplink/compose?allday=false&body=Using+Ancestry%27s+Pro+Tools+to+reveal+relationships+not+previously+visible.&location=&path=/calendar/action/compose&rru=addevent&startdt=2025-08-28T12%3A00%3A00-04%3A00&enddt=2025-08-28T13%3A00%3A00-04%3A00&subject=DNA+Research+Ancestry+Pro+Tools
DEBUG:urllib3.connectionpool:Starting new HTTPS connection (1): outlook.office.com:443
DEBUG:urllib3.connectionpool:https://outlook.office.com:443 "GET /calendar/0/deeplink/compose?allday=false&body=Using+Ancestry%27s+Pro+Tools+to+reveal+relationships+not+previously+visible.&location=&path=/calendar/action/compose&rru=addevent&startdt=2025-08-28T12%3A00%3A00-04%3A00&enddt=2025-08-28T13%3A00%3A00-04%3A00&subject=DNA+Research+Ancestry+Pro+Tools HTTP/1.1" 200 None
DEBUG:root:✅ Hyperlink OK: https://outlook.office.com/calendar/0/deeplink/compose?allday=false&body=Using+Ancestry%27s+Pro+Tools+to+reveal+relationships+not+previously+visible.&location=&path=/calendar/action/compose&rru=addevent&startdt=2025-08-28T12%3A00%3A00-04%3A00&enddt=2025-08-28T13%3A00%3A00-04%3A00&subject=DNA+Research+Ancestry+Pro+Tools
DEBUG:root:Checking external hyperlink: https://outlook.live.com/calendar/0/deeplink/compose?allday=false&body=Using+Ancestry%27s+Pro+Tools+to+reveal+relationships+not+previously+visible.&location=&path=/calendar/action/compose&rru=addevent&startdt=2025-08-28T12%3A00%3A00-04%3A00&enddt=2025-08-28T13%3A00%3A00-04%3A00&subject=DNA+Research+Ancestry+Pro+Tools
DEBUG:urllib3.connectionpool:Starting new HTTPS connection (1): outlook.live.com:443
DEBUG:urllib3.connectionpool:https://outlook.live.com:443 "GET /calendar/0/deeplink/compose?allday=false&body=Using+Ancestry%27s+Pro+Tools+to+reveal+relationships+not+previously+visible.&location=&path=/calendar/action/compose&rru=addevent&startdt=2025-08-28T12%3A00%3A00-04%3A00&enddt=2025-08-28T13%3A00%3A00-04%3A00&subject=DNA+Research+Ancestry+Pro+Tools HTTP/1.1" 200 None
DEBUG:root:✅ Hyperlink OK: https://outlook.live.com/calendar/0/deeplink/compose?allday=false&body=Using+Ancestry%27s+Pro+Tools+to+reveal+relationships+not+previously+visible.&location=&path=/calendar/action/compose&rru=addevent&startdt=2025-08-28T12%3A00%3A00-04%3A00&enddt=2025-08-28T13%3A00%3A00-04%3A00&subject=DNA+Research+Ancestry+Pro+Tools
DEBUG:root:Checking external hyperlink: https://form.jotform.com/PastfindersSLC/SummerGenChats2025
DEBUG:urllib3.connectionpool:Starting new HTTPS connection (1): form.jotform.com:443
DEBUG:urllib3.connectionpool:https://form.jotform.com:443 "GET /PastfindersSLC/SummerGenChats2025 HTTP/1.1" 200 None
DEBUG:root:✅ Hyperlink OK: https://form.jotform.com/PastfindersSLC/SummerGenChats2025
DEBUG:root:Checking internal image: https://wordpress-810691-5571285.cloudwaysapps.com/wp-content/uploads/2025/08/genchat-w-logo-2025.68390f61cbf275.61390850.png
DEBUG:urllib3.connectionpool:Starting new HTTPS connection (1): wordpress-810691-5571285.cloudwaysapps.com:443
DEBUG:urllib3.connectionpool:https://wordpress-810691-5571285.cloudwaysapps.com:443 "GET /subject/video-tutorials/ HTTP/1.1" 404 None
WARNING:root:❌ HTTP 404 for https://wordpress-810691-5571285.cloudwaysapps.com/subject/video-tutorials/ - Not Found
DEBUG:root:Attempting to fetch: https://wordpress-810691-5571285.cloudwaysapps.com/members-only/pastfinder-documents/
Processing pages:   7%|▋         | 26/381 [00:24<10:16,  1.74s/it]DEBUG:urllib3.connectionpool:https://wordpress-810691-5571285.cloudwaysapps.com:443 "GET /wp-content/uploads/2025/08/genchat-w-logo-2025.68390f61cbf275.61390850.png HTTP/1.1" 200 177967
DEBUG:urllib3.connectionpool:https://wordpress-810691-5571285.cloudwaysapps.com:443 "GET /events/research-assistance-2025-08-27-2025-09-03-2025-09-10-2025-09-17-2025-09-24-2025-10-01-2025-10-08-2025-10-15-2025-10-22-2025-10-29-2025-11-05-2025-11-12-2025-11-19-2025-11-26-2025-12-03-2-24-2025-12-31/ HTTP/1.1" 200 None
DEBUG:root:Successfully fetched https://wordpress-810691-5571285.cloudwaysapps.com/events/research-assistance-2025-08-27-2025-09-03-2025-09-10-2025-09-17-2025-09-24-2025-10-01-2025-10-08-2025-10-15-2025-10-22-2025-10-29-2025-11-05-2025-11-12-2025-11-19-2025-11-26-2025-12-03-2-24-2025-12-31/ (Content-Length: 44179)
DEBUG:urllib3.connectionpool:https://wordpress-810691-5571285.cloudwaysapps.com:443 "GET /members-only/pastfinder-documents/ HTTP/1.1" 200 None
DEBUG:charset_normalizer:Encoding detection: utf_8 is most likely the one.
DEBUG:root:Successfully fetched https://wordpress-810691-5571285.cloudwaysapps.com/members-only/pastfinder-documents/ (Content-Length: 41156)
DEBUG:charset_normalizer:Encoding detection: utf_8 is most likely the one.
DEBUG:root:✅ Image OK: https://wordpress-810691-5571285.cloudwaysapps.com/wp-content/uploads/2025/08/genchat-w-logo-2025.68390f61cbf275.61390850.png
DEBUG:root:Using regex pattern: \b[a-zA-Z]{3,}\b
DEBUG:root:Found 54 words to check in https://wordpress-810691-5571285.cloudwaysapps.com/events/dna-research-ancestry-pro-tools/ (min_length=3)
DEBUG:root:Sample words from https://wordpress-810691-5571285.cloudwaysapps.com/events/dna-research-ancestry-pro-tools/: ['This', 'alert', 'Skip', 'content', 'DNA', 'Research', 'Ancestry', 'Pro', 'Tools', 'When']
DEBUG:root:Spell check results for https://wordpress-810691-5571285.cloudwaysapps.com/events/dna-research-ancestry-pro-tools/: 22 words checked, 32 skipped, 0 errors found
INFO:root:✅ Processed https://wordpress-810691-5571285.cloudwaysapps.com/events/dna-research-ancestry-pro-tools/: 0 errors found, 75 words checked
DEBUG:root:Attempting to fetch: https://wordpress-810691-5571285.cloudwaysapps.com/pastfinders-help-sessions/
Processing pages:   7%|▋         | 27/381 [00:25<08:15,  1.40s/it]DEBUG:root:Extracted 492 characters, 85 words from https://wordpress-810691-5571285.cloudwaysapps.com/events/research-assistance-2025-08-27-2025-09-03-2025-09-10-2025-09-17-2025-09-24-2025-10-01-2025-10-08-2025-10-15-2025-10-22-2025-10-29-2025-11-05-2025-11-12-2025-11-19-2025-11-26-2025-12-03-2-24-2025-12-31/
DEBUG:root:Checking external hyperlink: https://www.google.com/calendar/event?action=TEMPLATE&text=Research+Assistance&dates=20251231T130000/20251231T150000&details=Join+us+weekly+in+the+Genealogy+Room+for+in-person+help+with+your+research.+It%E2%80%99s+a+great+chance+to+get+one-on-one+guidance%2C+ask+questions%2C+and+connect+with+others+who+share+your+passion+for+family+history.&location=2525+Oakley+Seaver+Dr%2C+Clermont%2C+FL%2C+34711%2C+United+States&trp=false&sprop=https%3A%2F%2Fwordpress-810691-5571285.cloudwaysapps.com%2Fevents%2Fresearch-assistance-2025-08-27-2025-09-03-2025-09-10-2025-09-17-2025-09-24-2025-10-01-2025-10-08-2025-10-15-2025-10-22-2025-10-29-2025-11-05-2025-11-12-2025-11-19-2025-11-26-2025-12-03-2-24-2025-12-31%2F&sprop=name:Pastfinders&ctz=America%2FNew_York
DEBUG:urllib3.connectionpool:Starting new HTTPS connection (1): www.google.com:443
DEBUG:root:Extracted 867 characters, 142 words from https://wordpress-810691-5571285.cloudwaysapps.com/members-only/pastfinder-documents/
DEBUG:root:Checking internal document: https://wordpress-810691-5571285.cloudwaysapps.com/wp-content/uploads/2025/08/Ancestral_chart_2019_Clean_1552063482.pdf
DEBUG:urllib3.connectionpool:Starting new HTTPS connection (1): wordpress-810691-5571285.cloudwaysapps.com:443
DEBUG:urllib3.connectionpool:https://wordpress-810691-5571285.cloudwaysapps.com:443 "GET /pastfinders-help-sessions/ HTTP/1.1" 200 12630
DEBUG:root:Successfully fetched https://wordpress-810691-5571285.cloudwaysapps.com/pastfinders-help-sessions/ (Content-Length: 52711)
DEBUG:charset_normalizer:Encoding detection: utf_8 is most likely the one.
DEBUG:root:Extracted 1524 characters, 250 words from https://wordpress-810691-5571285.cloudwaysapps.com/pastfinders-help-sessions/
DEBUG:root:Checking internal css: https://wordpress-810691-5571285.cloudwaysapps.com/wp-content/plugins/wpforms-lite/assets/css/frontend/modern/wpforms-full.min.css?ver=1.9.7.3
DEBUG:urllib3.connectionpool:Starting new HTTPS connection (1): wordpress-810691-5571285.cloudwaysapps.com:443
DEBUG:urllib3.connectionpool:https://www.google.com:443 "GET /calendar/event?action=TEMPLATE&text=Research+Assistance&dates=20251231T130000/20251231T150000&details=Join+us+weekly+in+the+Genealogy+Room+for+in-person+help+with+your+research.+It%E2%80%99s+a+great+chance+to+get+one-on-one+guidance%2C+ask+questions%2C+and+connect+with+others+who+share+your+passion+for+family+history.&location=2525+Oakley+Seaver+Dr%2C+Clermont%2C+FL%2C+34711%2C+United+States&trp=false&sprop=https%3A%2F%2Fwordpress-810691-5571285.cloudwaysapps.com%2Fevents%2Fresearch-assistance-2025-08-27-2025-09-03-2025-09-10-2025-09-17-2025-09-24-2025-10-01-2025-10-08-2025-10-15-2025-10-22-2025-10-29-2025-11-05-2025-11-12-2025-11-19-2025-11-26-2025-12-03-2-24-2025-12-31%2F&sprop=name:Pastfinders&ctz=America%2FNew_York HTTP/1.1" 302 0
DEBUG:urllib3.connectionpool:Starting new HTTPS connection (1): calendar.google.com:443
DEBUG:urllib3.connectionpool:https://wordpress-810691-5571285.cloudwaysapps.com:443 "GET /wp-content/uploads/2025/08/Ancestral_chart_2019_Clean_1552063482.pdf HTTP/1.1" 200 117080
DEBUG:urllib3.connectionpool:https://calendar.google.com:443 "GET /calendar/event?action=TEMPLATE&text=Research+Assistance&dates=20251231T130000/20251231T150000&details=Join+us+weekly+in+the+Genealogy+Room+for+in-person+help+with+your+research.+It%E2%80%99s+a+great+chance+to+get+one-on-one+guidance,+ask+questions,+and+connect+with+others+who+share+your+passion+for+family+history.&location=2525+Oakley+Seaver+Dr,+Clermont,+FL,+34711,+United+States&trp=false&sprop=https://wordpress-810691-5571285.cloudwaysapps.com/events/research-assistance-2025-08-27-2025-09-03-2025-09-10-2025-09-17-2025-09-24-2025-10-01-2025-10-08-2025-10-15-2025-10-22-2025-10-29-2025-11-05-2025-11-12-2025-11-19-2025-11-26-2025-12-03-2-24-2025-12-31/&sprop=name:Pastfinders&ctz=America/New_York HTTP/1.1" 302 0
DEBUG:urllib3.connectionpool:Starting new HTTPS connection (1): accounts.google.com:443
DEBUG:urllib3.connectionpool:https://wordpress-810691-5571285.cloudwaysapps.com:443 "GET /wp-content/plugins/wpforms-lite/assets/css/frontend/modern/wpforms-full.min.css?ver=1.9.7.3 HTTP/1.1" 200 None
DEBUG:root:✅ Css OK: https://wordpress-810691-5571285.cloudwaysapps.com/wp-content/plugins/wpforms-lite/assets/css/frontend/modern/wpforms-full.min.css?ver=1.9.7.3
DEBUG:root:Checking internal javascript: https://wordpress-810691-5571285.cloudwaysapps.com/wp-content/plugins/wpforms-lite/assets/lib/jquery.validate.min.js?ver=1.21.0
DEBUG:urllib3.connectionpool:Starting new HTTPS connection (1): wordpress-810691-5571285.cloudwaysapps.com:443
DEBUG:root:✅ Document OK: https://wordpress-810691-5571285.cloudwaysapps.com/wp-content/uploads/2025/08/Ancestral_chart_2019_Clean_1552063482.pdf
DEBUG:root:Checking internal document: https://wordpress-810691-5571285.cloudwaysapps.com/wp-content/uploads/2025/08/Calendar_for_Workshop_2019_1552063231.pdf
DEBUG:urllib3.connectionpool:Starting new HTTPS connection (1): wordpress-810691-5571285.cloudwaysapps.com:443
DEBUG:urllib3.connectionpool:https://accounts.google.com:443 "GET /ServiceLogin?service=cl&passive=1209600&osid=1&continue=https://calendar.google.com/calendar/event?action%3DTEMPLATE%26text%3DResearch%2BAssistance%26dates%3D20251231T130000/20251231T150000%26details%3DJoin%2Bus%2Bweekly%2Bin%2Bthe%2BGenealogy%2BRoom%2Bfor%2Bin-person%2Bhelp%2Bwith%2Byour%2Bresearch.%2BIt%25E2%2580%2599s%2Ba%2Bgreat%2Bchance%2Bto%2Bget%2Bone-on-one%2Bguidance,%2Bask%2Bquestions,%2Band%2Bconnect%2Bwith%2Bothers%2Bwho%2Bshare%2Byour%2Bpassion%2Bfor%2Bfamily%2Bhistory.%26location%3D2525%2BOakley%2BSeaver%2BDr,%2BClermont,%2BFL,%2B34711,%2BUnited%2BStates%26trp%3Dfalse%26sprop%3Dhttps://wordpress-810691-5571285.cloudwaysapps.com/events/research-assistance-2025-08-27-2025-09-03-2025-09-10-2025-09-17-2025-09-24-2025-10-01-2025-10-08-2025-10-15-2025-10-22-2025-10-29-2025-11-05-2025-11-12-2025-11-19-2025-11-26-2025-12-03-2-24-2025-12-31/%26sprop%3Dname:Pastfinders%26ctz%3DAmerica/New_York&followup=https://calendar.google.com/calendar/event?action%3DTEMPLATE%26text%3DResearch%2BAssistance%26dates%3D20251231T130000/20251231T150000%26details%3DJoin%2Bus%2Bweekly%2Bin%2Bthe%2BGenealogy%2BRoom%2Bfor%2Bin-person%2Bhelp%2Bwith%2Byour%2Bresearch.%2BIt%25E2%2580%2599s%2Ba%2Bgreat%2Bchance%2Bto%2Bget%2Bone-on-one%2Bguidance,%2Bask%2Bquestions,%2Band%2Bconnect%2Bwith%2Bothers%2Bwho%2Bshare%2Byour%2Bpassion%2Bfor%2Bfamily%2Bhistory.%26location%3D2525%2BOakley%2BSeaver%2BDr,%2BClermont,%2BFL,%2B34711,%2BUnited%2BStates%26trp%3Dfalse%26sprop%3Dhttps://wordpress-810691-5571285.cloudwaysapps.com/events/research-assistance-2025-08-27-2025-09-03-2025-09-10-2025-09-17-2025-09-24-2025-10-01-2025-10-08-2025-10-15-2025-10-22-2025-10-29-2025-11-05-2025-11-12-2025-11-19-2025-11-26-2025-12-03-2-24-2025-12-31/%26sprop%3Dname:Pastfinders%26ctz%3DAmerica/New_York&emr=1 HTTP/1.1" 302 0
DEBUG:urllib3.connectionpool:https://accounts.google.com:443 "GET /InteractiveLogin?continue=https://calendar.google.com/calendar/event?action%3DTEMPLATE%26text%3DResearch%2BAssistance%26dates%3D20251231T130000/20251231T150000%26details%3DJoin%2Bus%2Bweekly%2Bin%2Bthe%2BGenealogy%2BRoom%2Bfor%2Bin-person%2Bhelp%2Bwith%2Byour%2Bresearch.%2BIt%25E2%2580%2599s%2Ba%2Bgreat%2Bchance%2Bto%2Bget%2Bone-on-one%2Bguidance,%2Bask%2Bquestions,%2Band%2Bconnect%2Bwith%2Bothers%2Bwho%2Bshare%2Byour%2Bpassion%2Bfor%2Bfamily%2Bhistory.%26location%3D2525%2BOakley%2BSeaver%2BDr,%2BClermont,%2BFL,%2B34711,%2BUnited%2BStates%26trp%3Dfalse%26sprop%3Dhttps://wordpress-810691-5571285.cloudwaysapps.com/events/research-assistance-2025-08-27-2025-09-03-2025-09-10-2025-09-17-2025-09-24-2025-10-01-2025-10-08-2025-10-15-2025-10-22-2025-10-29-2025-11-05-2025-11-12-2025-11-19-2025-11-26-2025-12-03-2-24-2025-12-31/%26sprop%3Dname:Pastfinders%26ctz%3DAmerica/New_York&emr=1&followup=https://calendar.google.com/calendar/event?action%3DTEMPLATE%26text%3DResearch%2BAssistance%26dates%3D20251231T130000/20251231T150000%26details%3DJoin%2Bus%2Bweekly%2Bin%2Bthe%2BGenealogy%2BRoom%2Bfor%2Bin-person%2Bhelp%2Bwith%2Byour%2Bresearch.%2BIt%25E2%2580%2599s%2Ba%2Bgreat%2Bchance%2Bto%2Bget%2Bone-on-one%2Bguidance,%2Bask%2Bquestions,%2Band%2Bconnect%2Bwith%2Bothers%2Bwho%2Bshare%2Byour%2Bpassion%2Bfor%2Bfamily%2Bhistory.%26location%3D2525%2BOakley%2BSeaver%2BDr,%2BClermont,%2BFL,%2B34711,%2BUnited%2BStates%26trp%3Dfalse%26sprop%3Dhttps://wordpress-810691-5571285.cloudwaysapps.com/events/research-assistance-2025-08-27-2025-09-03-2025-09-10-2025-09-17-2025-09-24-2025-10-01-2025-10-08-2025-10-15-2025-10-22-2025-10-29-2025-11-05-2025-11-12-2025-11-19-2025-11-26-2025-12-03-2-24-2025-12-31/%26sprop%3Dname:Pastfinders%26ctz%3DAmerica/New_York&osid=1&passive=1209600&service=cl&ifkv=AdBytiNZQQ8oWwJYK2BLar8n8mYxXw8jE95-6qVnF553FOjLAuLCf4JzJ_TcnykZUjQLFi5axMXI HTTP/1.1" 302 None
DEBUG:urllib3.connectionpool:https://wordpress-810691-5571285.cloudwaysapps.com:443 "GET /wp-content/plugins/wpforms-lite/assets/lib/jquery.validate.min.js?ver=1.21.0 HTTP/1.1" 200 None
DEBUG:root:✅ Javascript OK: https://wordpress-810691-5571285.cloudwaysapps.com/wp-content/plugins/wpforms-lite/assets/lib/jquery.validate.min.js?ver=1.21.0
DEBUG:root:Checking internal javascript: https://wordpress-810691-5571285.cloudwaysapps.com/wp-content/plugins/wpforms-lite/assets/lib/mailcheck.min.js?ver=1.1.2
DEBUG:urllib3.connectionpool:Starting new HTTPS connection (1): wordpress-810691-5571285.cloudwaysapps.com:443
DEBUG:urllib3.connectionpool:https://accounts.google.com:443 "GET /v3/signin/identifier?continue=https%3A%2F%2Fcalendar.google.com%2Fcalendar%2Fevent%3Faction%3DTEMPLATE%26text%3DResearch%2BAssistance%26dates%3D20251231T130000%2F20251231T150000%26details%3DJoin%2Bus%2Bweekly%2Bin%2Bthe%2BGenealogy%2BRoom%2Bfor%2Bin-person%2Bhelp%2Bwith%2Byour%2Bresearch.%2BIt%25E2%2580%2599s%2Ba%2Bgreat%2Bchance%2Bto%2Bget%2Bone-on-one%2Bguidance%2C%2Bask%2Bquestions%2C%2Band%2Bconnect%2Bwith%2Bothers%2Bwho%2Bshare%2Byour%2Bpassion%2Bfor%2Bfamily%2Bhistory.%26location%3D2525%2BOakley%2BSeaver%2BDr%2C%2BClermont%2C%2BFL%2C%2B34711%2C%2BUnited%2BStates%26trp%3Dfalse%26sprop%3Dhttps%3A%2F%2Fwordpress-810691-5571285.cloudwaysapps.com%2Fevents%2Fresearch-assistance-2025-08-27-2025-09-03-2025-09-10-2025-09-17-2025-09-24-2025-10-01-2025-10-08-2025-10-15-2025-10-22-2025-10-29-2025-11-05-2025-11-12-2025-11-19-2025-11-26-2025-12-03-2-24-2025-12-31%2F%26sprop%3Dname%3APastfinders%26ctz%3DAmerica%2FNew_York&emr=1&followup=https%3A%2F%2Fcalendar.google.com%2Fcalendar%2Fevent%3Faction%3DTEMPLATE%26text%3DResearch%2BAssistance%26dates%3D20251231T130000%2F20251231T150000%26details%3DJoin%2Bus%2Bweekly%2Bin%2Bthe%2BGenealogy%2BRoom%2Bfor%2Bin-person%2Bhelp%2Bwith%2Byour%2Bresearch.%2BIt%25E2%2580%2599s%2Ba%2Bgreat%2Bchance%2Bto%2Bget%2Bone-on-one%2Bguidance%2C%2Bask%2Bquestions%2C%2Band%2Bconnect%2Bwith%2Bothers%2Bwho%2Bshare%2Byour%2Bpassion%2Bfor%2Bfamily%2Bhistory.%26location%3D2525%2BOakley%2BSeaver%2BDr%2C%2BClermont%2C%2BFL%2C%2B34711%2C%2BUnited%2BStates%26trp%3Dfalse%26sprop%3Dhttps%3A%2F%2Fwordpress-810691-5571285.cloudwaysapps.com%2Fevents%2Fresearch-assistance-2025-08-27-2025-09-03-2025-09-10-2025-09-17-2025-09-24-2025-10-01-2025-10-08-2025-10-15-2025-10-22-2025-10-29-2025-11-05-2025-11-12-2025-11-19-2025-11-26-2025-12-03-2-24-2025-12-31%2F%26sprop%3Dname%3APastfinders%26ctz%3DAmerica%2FNew_York&ifkv=AdBytiNqrleVGgLWpsSAPnigkF2VumwOz1_6OyTCheRJmURAesjzJjQHu86Ss4V4bTbqYnmWfF6n&osid=1&passive=1209600&service=cl&flowName=WebLiteSignIn&flowEntry=ServiceLogin&dsh=S-1960999361%3A1756758150204376 HTTP/1.1" 200 None
DEBUG:urllib3.connectionpool:https://wordpress-810691-5571285.cloudwaysapps.com:443 "GET /wp-content/uploads/2025/08/Calendar_for_Workshop_2019_1552063231.pdf HTTP/1.1" 200 228496
DEBUG:root:✅ Hyperlink OK: https://www.google.com/calendar/event?action=TEMPLATE&text=Research+Assistance&dates=20251231T130000/20251231T150000&details=Join+us+weekly+in+the+Genealogy+Room+for+in-person+help+with+your+research.+It%E2%80%99s+a+great+chance+to+get+one-on-one+guidance%2C+ask+questions%2C+and+connect+with+others+who+share+your+passion+for+family+history.&location=2525+Oakley+Seaver+Dr%2C+Clermont%2C+FL%2C+34711%2C+United+States&trp=false&sprop=https%3A%2F%2Fwordpress-810691-5571285.cloudwaysapps.com%2Fevents%2Fresearch-assistance-2025-08-27-2025-09-03-2025-09-10-2025-09-17-2025-09-24-2025-10-01-2025-10-08-2025-10-15-2025-10-22-2025-10-29-2025-11-05-2025-11-12-2025-11-19-2025-11-26-2025-12-03-2-24-2025-12-31%2F&sprop=name:Pastfinders&ctz=America%2FNew_York
DEBUG:root:Checking external hyperlink: https://outlook.office.com/calendar/0/deeplink/compose?allday=false&body=Join+us+weekly+in+the+Genealogy+Room+for+in-person+help+with+your+research.+It%E2%80%99s+a+great+chance+to+get+one-on-one+guidance%2C+ask+questions%2C+and+connect+with+others+who+share+your+passion+for+family+history.&location=2525+Oakley+Seaver+Dr%2C+Clermont%2C+FL%2C+34711%2C+United+States&path=/calendar/action/compose&rru=addevent&startdt=2025-12-31T13%3A00%3A00-05%3A00&enddt=2025-12-31T15%3A00%3A00-05%3A00&subject=Research+Assistance
DEBUG:urllib3.connectionpool:Starting new HTTPS connection (1): outlook.office.com:443
DEBUG:urllib3.connectionpool:https://wordpress-810691-5571285.cloudwaysapps.com:443 "GET /events/research-assistance-2025-08-27-2025-09-03/ HTTP/1.1" 200 None
DEBUG:root:Successfully fetched https://wordpress-810691-5571285.cloudwaysapps.com/events/research-assistance-2025-08-27-2025-09-03/ (Content-Length: 42112)
DEBUG:charset_normalizer:Encoding detection: utf_8 is most likely the one.
DEBUG:root:Extracted 492 characters, 85 words from https://wordpress-810691-5571285.cloudwaysapps.com/events/research-assistance-2025-08-27-2025-09-03/
DEBUG:root:Checking external hyperlink: https://www.google.com/calendar/event?action=TEMPLATE&text=Research+Assistance&dates=20250903T130000/20250903T150000&details=Join+us+weekly+in+the+Genealogy+Room+for+in-person+help+with+your+research.+It%E2%80%99s+a+great+chance+to+get+one-on-one+guidance%2C+ask+questions%2C+and+connect+with+others+who+share+your+passion+for+family+history.&location=2525+Oakley+Seaver+Dr%2C+Clermont%2C+FL%2C+34711%2C+United+States&trp=false&sprop=https%3A%2F%2Fwordpress-810691-5571285.cloudwaysapps.com%2Fevents%2Fresearch-assistance-2025-08-27-2025-09-03%2F&sprop=name:Pastfinders&ctz=America%2FNew_York
DEBUG:urllib3.connectionpool:Starting new HTTPS connection (1): www.google.com:443
DEBUG:urllib3.connectionpool:https://wordpress-810691-5571285.cloudwaysapps.com:443 "GET /wp-content/plugins/wpforms-lite/assets/lib/mailcheck.min.js?ver=1.1.2 HTTP/1.1" 200 None
DEBUG:root:✅ Javascript OK: https://wordpress-810691-5571285.cloudwaysapps.com/wp-content/plugins/wpforms-lite/assets/lib/mailcheck.min.js?ver=1.1.2
DEBUG:root:Checking internal javascript: https://wordpress-810691-5571285.cloudwaysapps.com/wp-content/plugins/wpforms-lite/assets/lib/punycode.min.js?ver=1.0.0
DEBUG:urllib3.connectionpool:Starting new HTTPS connection (1): wordpress-810691-5571285.cloudwaysapps.com:443
DEBUG:root:✅ Document OK: https://wordpress-810691-5571285.cloudwaysapps.com/wp-content/uploads/2025/08/Calendar_for_Workshop_2019_1552063231.pdf
DEBUG:root:Checking internal document: https://wordpress-810691-5571285.cloudwaysapps.com/wp-content/uploads/2025/08/Genealogy_Vocabulary_1552063103.pdf
DEBUG:urllib3.connectionpool:Starting new HTTPS connection (1): wordpress-810691-5571285.cloudwaysapps.com:443
DEBUG:urllib3.connectionpool:https://www.google.com:443 "GET /calendar/event?action=TEMPLATE&text=Research+Assistance&dates=20250903T130000/20250903T150000&details=Join+us+weekly+in+the+Genealogy+Room+for+in-person+help+with+your+research.+It%E2%80%99s+a+great+chance+to+get+one-on-one+guidance%2C+ask+questions%2C+and+connect+with+others+who+share+your+passion+for+family+history.&location=2525+Oakley+Seaver+Dr%2C+Clermont%2C+FL%2C+34711%2C+United+States&trp=false&sprop=https%3A%2F%2Fwordpress-810691-5571285.cloudwaysapps.com%2Fevents%2Fresearch-assistance-2025-08-27-2025-09-03%2F&sprop=name:Pastfinders&ctz=America%2FNew_York HTTP/1.1" 302 0
DEBUG:urllib3.connectionpool:Starting new HTTPS connection (1): calendar.google.com:443
DEBUG:urllib3.connectionpool:https://outlook.office.com:443 "GET /calendar/0/deeplink/compose?allday=false&body=Join+us+weekly+in+the+Genealogy+Room+for+in-person+help+with+your+research.+It%E2%80%99s+a+great+chance+to+get+one-on-one+guidance%2C+ask+questions%2C+and+connect+with+others+who+share+your+passion+for+family+history.&location=2525+Oakley+Seaver+Dr%2C+Clermont%2C+FL%2C+34711%2C+United+States&path=/calendar/action/compose&rru=addevent&startdt=2025-12-31T13%3A00%3A00-05%3A00&enddt=2025-12-31T15%3A00%3A00-05%3A00&subject=Research+Assistance HTTP/1.1" 200 None
DEBUG:root:✅ Hyperlink OK: https://outlook.office.com/calendar/0/deeplink/compose?allday=false&body=Join+us+weekly+in+the+Genealogy+Room+for+in-person+help+with+your+research.+It%E2%80%99s+a+great+chance+to+get+one-on-one+guidance%2C+ask+questions%2C+and+connect+with+others+who+share+your+passion+for+family+history.&location=2525+Oakley+Seaver+Dr%2C+Clermont%2C+FL%2C+34711%2C+United+States&path=/calendar/action/compose&rru=addevent&startdt=2025-12-31T13%3A00%3A00-05%3A00&enddt=2025-12-31T15%3A00%3A00-05%3A00&subject=Research+Assistance
DEBUG:root:Checking external hyperlink: https://outlook.live.com/calendar/0/deeplink/compose?allday=false&body=Join+us+weekly+in+the+Genealogy+Room+for+in-person+help+with+your+research.+It%E2%80%99s+a+great+chance+to+get+one-on-one+guidance%2C+ask+questions%2C+and+connect+with+others+who+share+your+passion+for+family+history.&location=2525+Oakley+Seaver+Dr%2C+Clermont%2C+FL%2C+34711%2C+United+States&path=/calendar/action/compose&rru=addevent&startdt=2025-12-31T13%3A00%3A00-05%3A00&enddt=2025-12-31T15%3A00%3A00-05%3A00&subject=Research+Assistance
DEBUG:urllib3.connectionpool:Starting new HTTPS connection (1): outlook.live.com:443
DEBUG:urllib3.connectionpool:https://wordpress-810691-5571285.cloudwaysapps.com:443 "GET /wp-content/plugins/wpforms-lite/assets/lib/punycode.min.js?ver=1.0.0 HTTP/1.1" 200 None
DEBUG:root:✅ Javascript OK: https://wordpress-810691-5571285.cloudwaysapps.com/wp-content/plugins/wpforms-lite/assets/lib/punycode.min.js?ver=1.0.0
DEBUG:root:Checking internal javascript: https://wordpress-810691-5571285.cloudwaysapps.com/wp-content/plugins/wpforms-lite/assets/js/share/utils.min.js?ver=1.9.7.3
DEBUG:urllib3.connectionpool:Starting new HTTPS connection (1): wordpress-810691-5571285.cloudwaysapps.com:443
DEBUG:urllib3.connectionpool:https://calendar.google.com:443 "GET /calendar/event?action=TEMPLATE&text=Research+Assistance&dates=20250903T130000/20250903T150000&details=Join+us+weekly+in+the+Genealogy+Room+for+in-person+help+with+your+research.+It%E2%80%99s+a+great+chance+to+get+one-on-one+guidance,+ask+questions,+and+connect+with+others+who+share+your+passion+for+family+history.&location=2525+Oakley+Seaver+Dr,+Clermont,+FL,+34711,+United+States&trp=false&sprop=https://wordpress-810691-5571285.cloudwaysapps.com/events/research-assistance-2025-08-27-2025-09-03/&sprop=name:Pastfinders&ctz=America/New_York HTTP/1.1" 302 0
DEBUG:urllib3.connectionpool:Starting new HTTPS connection (1): accounts.google.com:443
DEBUG:urllib3.connectionpool:https://wordpress-810691-5571285.cloudwaysapps.com:443 "GET /wp-content/uploads/2025/08/Genealogy_Vocabulary_1552063103.pdf HTTP/1.1" 200 322490
DEBUG:urllib3.connectionpool:https://accounts.google.com:443 "GET /ServiceLogin?service=cl&passive=1209600&osid=1&continue=https://calendar.google.com/calendar/event?action%3DTEMPLATE%26text%3DResearch%2BAssistance%26dates%3D20250903T130000/20250903T150000%26details%3DJoin%2Bus%2Bweekly%2Bin%2Bthe%2BGenealogy%2BRoom%2Bfor%2Bin-person%2Bhelp%2Bwith%2Byour%2Bresearch.%2BIt%25E2%2580%2599s%2Ba%2Bgreat%2Bchance%2Bto%2Bget%2Bone-on-one%2Bguidance,%2Bask%2Bquestions,%2Band%2Bconnect%2Bwith%2Bothers%2Bwho%2Bshare%2Byour%2Bpassion%2Bfor%2Bfamily%2Bhistory.%26location%3D2525%2BOakley%2BSeaver%2BDr,%2BClermont,%2BFL,%2B34711,%2BUnited%2BStates%26trp%3Dfalse%26sprop%3Dhttps://wordpress-810691-5571285.cloudwaysapps.com/events/research-assistance-2025-08-27-2025-09-03/%26sprop%3Dname:Pastfinders%26ctz%3DAmerica/New_York&followup=https://calendar.google.com/calendar/event?action%3DTEMPLATE%26text%3DResearch%2BAssistance%26dates%3D20250903T130000/20250903T150000%26details%3DJoin%2Bus%2Bweekly%2Bin%2Bthe%2BGenealogy%2BRoom%2Bfor%2Bin-person%2Bhelp%2Bwith%2Byour%2Bresearch.%2BIt%25E2%2580%2599s%2Ba%2Bgreat%2Bchance%2Bto%2Bget%2Bone-on-one%2Bguidance,%2Bask%2Bquestions,%2Band%2Bconnect%2Bwith%2Bothers%2Bwho%2Bshare%2Byour%2Bpassion%2Bfor%2Bfamily%2Bhistory.%26location%3D2525%2BOakley%2BSeaver%2BDr,%2BClermont,%2BFL,%2B34711,%2BUnited%2BStates%26trp%3Dfalse%26sprop%3Dhttps://wordpress-810691-5571285.cloudwaysapps.com/events/research-assistance-2025-08-27-2025-09-03/%26sprop%3Dname:Pastfinders%26ctz%3DAmerica/New_York&emr=1 HTTP/1.1" 302 0
DEBUG:urllib3.connectionpool:https://outlook.live.com:443 "GET /calendar/0/deeplink/compose?allday=false&body=Join+us+weekly+in+the+Genealogy+Room+for+in-person+help+with+your+research.+It%E2%80%99s+a+great+chance+to+get+one-on-one+guidance%2C+ask+questions%2C+and+connect+with+others+who+share+your+passion+for+family+history.&location=2525+Oakley+Seaver+Dr%2C+Clermont%2C+FL%2C+34711%2C+United+States&path=/calendar/action/compose&rru=addevent&startdt=2025-12-31T13%3A00%3A00-05%3A00&enddt=2025-12-31T15%3A00%3A00-05%3A00&subject=Research+Assistance HTTP/1.1" 200 None
DEBUG:root:✅ Hyperlink OK: https://outlook.live.com/calendar/0/deeplink/compose?allday=false&body=Join+us+weekly+in+the+Genealogy+Room+for+in-person+help+with+your+research.+It%E2%80%99s+a+great+chance+to+get+one-on-one+guidance%2C+ask+questions%2C+and+connect+with+others+who+share+your+passion+for+family+history.&location=2525+Oakley+Seaver+Dr%2C+Clermont%2C+FL%2C+34711%2C+United+States&path=/calendar/action/compose&rru=addevent&startdt=2025-12-31T13%3A00%3A00-05%3A00&enddt=2025-12-31T15%3A00%3A00-05%3A00&subject=Research+Assistance
DEBUG:root:Using regex pattern: \b[a-zA-Z]{3,}\b
DEBUG:root:Found 58 words to check in https://wordpress-810691-5571285.cloudwaysapps.com/events/research-assistance-2025-08-27-2025-09-03-2025-09-10-2025-09-17-2025-09-24-2025-10-01-2025-10-08-2025-10-15-2025-10-22-2025-10-29-2025-11-05-2025-11-12-2025-11-19-2025-11-26-2025-12-03-2-24-2025-12-31/ (min_length=3)
DEBUG:root:Sample words from https://wordpress-810691-5571285.cloudwaysapps.com/events/research-assistance-2025-08-27-2025-09-03-2025-09-10-2025-09-17-2025-09-24-2025-10-01-2025-10-08-2025-10-15-2025-10-22-2025-10-29-2025-11-05-2025-11-12-2025-11-19-2025-11-26-2025-12-03-2-24-2025-12-31/: ['This', 'alert', 'Skip', 'content', 'Research', 'Assistance', 'When', 'December', 'Add', 'Calendar']
DEBUG:root:Spell check results for https://wordpress-810691-5571285.cloudwaysapps.com/events/research-assistance-2025-08-27-2025-09-03-2025-09-10-2025-09-17-2025-09-24-2025-10-01-2025-10-08-2025-10-15-2025-10-22-2025-10-29-2025-11-05-2025-11-12-2025-11-19-2025-11-26-2025-12-03-2-24-2025-12-31/: 30 words checked, 28 skipped, 0 errors found
INFO:root:✅ Processed https://wordpress-810691-5571285.cloudwaysapps.com/events/research-assistance-2025-08-27-2025-09-03-2025-09-10-2025-09-17-2025-09-24-2025-10-01-2025-10-08-2025-10-15-2025-10-22-2025-10-29-2025-11-05-2025-11-12-2025-11-19-2025-11-26-2025-12-03-2-24-2025-12-31/: 0 errors found, 85 words checked
DEBUG:root:Attempting to fetch: https://wordpress-810691-5571285.cloudwaysapps.com/galleries/1998-pastfinders-in-the-news/
Processing pages:   7%|▋         | 28/381 [00:26<08:30,  1.45s/it]DEBUG:urllib3.connectionpool:https://wordpress-810691-5571285.cloudwaysapps.com:443 "GET /wp-content/plugins/wpforms-lite/assets/js/share/utils.min.js?ver=1.9.7.3 HTTP/1.1" 200 None
DEBUG:root:✅ Javascript OK: https://wordpress-810691-5571285.cloudwaysapps.com/wp-content/plugins/wpforms-lite/assets/js/share/utils.min.js?ver=1.9.7.3
DEBUG:root:Checking internal javascript: https://wordpress-810691-5571285.cloudwaysapps.com/wp-content/plugins/wpforms-lite/assets/js/frontend/wpforms.min.js?ver=1.9.7.3
DEBUG:urllib3.connectionpool:Starting new HTTPS connection (1): wordpress-810691-5571285.cloudwaysapps.com:443
DEBUG:urllib3.connectionpool:https://accounts.google.com:443 "GET /InteractiveLogin?continue=https://calendar.google.com/calendar/event?action%3DTEMPLATE%26text%3DResearch%2BAssistance%26dates%3D20250903T130000/20250903T150000%26details%3DJoin%2Bus%2Bweekly%2Bin%2Bthe%2BGenealogy%2BRoom%2Bfor%2Bin-person%2Bhelp%2Bwith%2Byour%2Bresearch.%2BIt%25E2%2580%2599s%2Ba%2Bgreat%2Bchance%2Bto%2Bget%2Bone-on-one%2Bguidance,%2Bask%2Bquestions,%2Band%2Bconnect%2Bwith%2Bothers%2Bwho%2Bshare%2Byour%2Bpassion%2Bfor%2Bfamily%2Bhistory.%26location%3D2525%2BOakley%2BSeaver%2BDr,%2BClermont,%2BFL,%2B34711,%2BUnited%2BStates%26trp%3Dfalse%26sprop%3Dhttps://wordpress-810691-5571285.cloudwaysapps.com/events/research-assistance-2025-08-27-2025-09-03/%26sprop%3Dname:Pastfinders%26ctz%3DAmerica/New_York&emr=1&followup=https://calendar.google.com/calendar/event?action%3DTEMPLATE%26text%3DResearch%2BAssistance%26dates%3D20250903T130000/20250903T150000%26details%3DJoin%2Bus%2Bweekly%2Bin%2Bthe%2BGenealogy%2BRoom%2Bfor%2Bin-person%2Bhelp%2Bwith%2Byour%2Bresearch.%2BIt%25E2%2580%2599s%2Ba%2Bgreat%2Bchance%2Bto%2Bget%2Bone-on-one%2Bguidance,%2Bask%2Bquestions,%2Band%2Bconnect%2Bwith%2Bothers%2Bwho%2Bshare%2Byour%2Bpassion%2Bfor%2Bfamily%2Bhistory.%26location%3D2525%2BOakley%2BSeaver%2BDr,%2BClermont,%2BFL,%2B34711,%2BUnited%2BStates%26trp%3Dfalse%26sprop%3Dhttps://wordpress-810691-5571285.cloudwaysapps.com/events/research-assistance-2025-08-27-2025-09-03/%26sprop%3Dname:Pastfinders%26ctz%3DAmerica/New_York&osid=1&passive=1209600&service=cl&ifkv=AdBytiOS_ey_prVxKjW2qbm95q0mqE6UfYTxbK0uGjRkDZKdFzQPDI1y_rjOAMVrl4Ki0fP0WGsj HTTP/1.1" 302 None
DEBUG:urllib3.connectionpool:https://wordpress-810691-5571285.cloudwaysapps.com:443 "GET /galleries/1998-pastfinders-in-the-news/ HTTP/1.1" 200 None
DEBUG:root:Successfully fetched https://wordpress-810691-5571285.cloudwaysapps.com/galleries/1998-pastfinders-in-the-news/ (Content-Length: 50266)
DEBUG:charset_normalizer:Encoding detection: utf_8 is most likely the one.
DEBUG:root:Extracted 215 characters, 41 words from https://wordpress-810691-5571285.cloudwaysapps.com/galleries/1998-pastfinders-in-the-news/
DEBUG:root:Checking internal image: https://wordpress-810691-5571285.cloudwaysapps.com/wp-content/uploads/2025/08/IMG_0003_1582758453-446x1024.webp
DEBUG:urllib3.connectionpool:https://accounts.google.com:443 "GET /v3/signin/identifier?continue=https%3A%2F%2Fcalendar.google.com%2Fcalendar%2Fevent%3Faction%3DTEMPLATE%26text%3DResearch%2BAssistance%26dates%3D20250903T130000%2F20250903T150000%26details%3DJoin%2Bus%2Bweekly%2Bin%2Bthe%2BGenealogy%2BRoom%2Bfor%2Bin-person%2Bhelp%2Bwith%2Byour%2Bresearch.%2BIt%25E2%2580%2599s%2Ba%2Bgreat%2Bchance%2Bto%2Bget%2Bone-on-one%2Bguidance%2C%2Bask%2Bquestions%2C%2Band%2Bconnect%2Bwith%2Bothers%2Bwho%2Bshare%2Byour%2Bpassion%2Bfor%2Bfamily%2Bhistory.%26location%3D2525%2BOakley%2BSeaver%2BDr%2C%2BClermont%2C%2BFL%2C%2B34711%2C%2BUnited%2BStates%26trp%3Dfalse%26sprop%3Dhttps%3A%2F%2Fwordpress-810691-5571285.cloudwaysapps.com%2Fevents%2Fresearch-assistance-2025-08-27-2025-09-03%2F%26sprop%3Dname%3APastfinders%26ctz%3DAmerica%2FNew_York&emr=1&followup=https%3A%2F%2Fcalendar.google.com%2Fcalendar%2Fevent%3Faction%3DTEMPLATE%26text%3DResearch%2BAssistance%26dates%3D20250903T130000%2F20250903T150000%26details%3DJoin%2Bus%2Bweekly%2Bin%2Bthe%2BGenealogy%2BRoom%2Bfor%2Bin-person%2Bhelp%2Bwith%2Byour%2Bresearch.%2BIt%25E2%2580%2599s%2Ba%2Bgreat%2Bchance%2Bto%2Bget%2Bone-on-one%2Bguidance%2C%2Bask%2Bquestions%2C%2Band%2Bconnect%2Bwith%2Bothers%2Bwho%2Bshare%2Byour%2Bpassion%2Bfor%2Bfamily%2Bhistory.%26location%3D2525%2BOakley%2BSeaver%2BDr%2C%2BClermont%2C%2BFL%2C%2B34711%2C%2BUnited%2BStates%26trp%3Dfalse%26sprop%3Dhttps%3A%2F%2Fwordpress-810691-5571285.cloudwaysapps.com%2Fevents%2Fresearch-assistance-2025-08-27-2025-09-03%2F%26sprop%3Dname%3APastfinders%26ctz%3DAmerica%2FNew_York&ifkv=AdBytiP-hG44pCq7ddfzO9CdsFhHWW0iJHC8vo0G27pSux5ApzBQxU8xJ_AANpoLLHi0_6UORci6&osid=1&passive=1209600&service=cl&flowName=WebLiteSignIn&flowEntry=ServiceLogin&dsh=S439602702%3A1756758151096992 HTTP/1.1" 200 None
DEBUG:urllib3.connectionpool:Starting new HTTPS connection (1): wordpress-810691-5571285.cloudwaysapps.com:443
DEBUG:root:✅ Document OK: https://wordpress-810691-5571285.cloudwaysapps.com/wp-content/uploads/2025/08/Genealogy_Vocabulary_1552063103.pdf
DEBUG:root:Using regex pattern: \b[a-zA-Z]{3,}\b
DEBUG:root:Found 113 words to check in https://wordpress-810691-5571285.cloudwaysapps.com/members-only/pastfinder-documents/ (min_length=3)
DEBUG:root:Sample words from https://wordpress-810691-5571285.cloudwaysapps.com/members-only/pastfinder-documents/: ['This', 'alert', 'Skip', 'content', 'Pastfinder', 'Documents', 'Financial', 'and', 'legal', 'documents']
DEBUG:root:Spell check results for https://wordpress-810691-5571285.cloudwaysapps.com/members-only/pastfinder-documents/: 62 words checked, 51 skipped, 0 errors found
INFO:root:✅ Processed https://wordpress-810691-5571285.cloudwaysapps.com/members-only/pastfinder-documents/: 0 errors found, 142 words checked
DEBUG:root:Attempting to fetch: https://wordpress-810691-5571285.cloudwaysapps.com/about-us/genealogy-room/
Processing pages:   8%|▊         | 29/381 [00:27<06:16,  1.07s/it]DEBUG:root:✅ Hyperlink OK: https://www.google.com/calendar/event?action=TEMPLATE&text=Research+Assistance&dates=20250903T130000/20250903T150000&details=Join+us+weekly+in+the+Genealogy+Room+for+in-person+help+with+your+research.+It%E2%80%99s+a+great+chance+to+get+one-on-one+guidance%2C+ask+questions%2C+and+connect+with+others+who+share+your+passion+for+family+history.&location=2525+Oakley+Seaver+Dr%2C+Clermont%2C+FL%2C+34711%2C+United+States&trp=false&sprop=https%3A%2F%2Fwordpress-810691-5571285.cloudwaysapps.com%2Fevents%2Fresearch-assistance-2025-08-27-2025-09-03%2F&sprop=name:Pastfinders&ctz=America%2FNew_York
DEBUG:root:Checking external hyperlink: https://outlook.office.com/calendar/0/deeplink/compose?allday=false&body=Join+us+weekly+in+the+Genealogy+Room+for+in-person+help+with+your+research.+It%E2%80%99s+a+great+chance+to+get+one-on-one+guidance%2C+ask+questions%2C+and+connect+with+others+who+share+your+passion+for+family+history.&location=2525+Oakley+Seaver+Dr%2C+Clermont%2C+FL%2C+34711%2C+United+States&path=/calendar/action/compose&rru=addevent&startdt=2025-09-03T13%3A00%3A00-04%3A00&enddt=2025-09-03T15%3A00%3A00-04%3A00&subject=Research+Assistance
DEBUG:urllib3.connectionpool:Starting new HTTPS connection (1): outlook.office.com:443
DEBUG:urllib3.connectionpool:https://wordpress-810691-5571285.cloudwaysapps.com:443 "GET /about-us/genealogy-room/ HTTP/1.1" 200 10238
DEBUG:root:Successfully fetched https://wordpress-810691-5571285.cloudwaysapps.com/about-us/genealogy-room/ (Content-Length: 43692)
DEBUG:charset_normalizer:Encoding detection: utf_8 is most likely the one.
DEBUG:root:Extracted 1620 characters, 246 words from https://wordpress-810691-5571285.cloudwaysapps.com/about-us/genealogy-room/
DEBUG:root:Checking internal document: https://wordpress-810691-5571285.cloudwaysapps.com/wp-content/uploads/2025/05/Tier_01_Check_List.pdf
DEBUG:urllib3.connectionpool:Starting new HTTPS connection (1): wordpress-810691-5571285.cloudwaysapps.com:443
DEBUG:urllib3.connectionpool:https://wordpress-810691-5571285.cloudwaysapps.com:443 "GET /wp-content/plugins/wpforms-lite/assets/js/frontend/wpforms.min.js?ver=1.9.7.3 HTTP/1.1" 200 None
DEBUG:root:✅ Javascript OK: https://wordpress-810691-5571285.cloudwaysapps.com/wp-content/plugins/wpforms-lite/assets/js/frontend/wpforms.min.js?ver=1.9.7.3
DEBUG:root:Checking internal javascript: https://wordpress-810691-5571285.cloudwaysapps.com/wp-content/plugins/wpforms-lite/assets/js/frontend/wpforms-modern.min.js?ver=1.9.7.3
DEBUG:urllib3.connectionpool:Starting new HTTPS connection (1): wordpress-810691-5571285.cloudwaysapps.com:443
DEBUG:urllib3.connectionpool:https://wordpress-810691-5571285.cloudwaysapps.com:443 "GET /wp-content/uploads/2025/08/IMG_0003_1582758453-446x1024.webp HTTP/1.1" 200 177768
DEBUG:urllib3.connectionpool:https://outlook.office.com:443 "GET /calendar/0/deeplink/compose?allday=false&body=Join+us+weekly+in+the+Genealogy+Room+for+in-person+help+with+your+research.+It%E2%80%99s+a+great+chance+to+get+one-on-one+guidance%2C+ask+questions%2C+and+connect+with+others+who+share+your+passion+for+family+history.&location=2525+Oakley+Seaver+Dr%2C+Clermont%2C+FL%2C+34711%2C+United+States&path=/calendar/action/compose&rru=addevent&startdt=2025-09-03T13%3A00%3A00-04%3A00&enddt=2025-09-03T15%3A00%3A00-04%3A00&subject=Research+Assistance HTTP/1.1" 200 None
DEBUG:root:✅ Hyperlink OK: https://outlook.office.com/calendar/0/deeplink/compose?allday=false&body=Join+us+weekly+in+the+Genealogy+Room+for+in-person+help+with+your+research.+It%E2%80%99s+a+great+chance+to+get+one-on-one+guidance%2C+ask+questions%2C+and+connect+with+others+who+share+your+passion+for+family+history.&location=2525+Oakley+Seaver+Dr%2C+Clermont%2C+FL%2C+34711%2C+United+States&path=/calendar/action/compose&rru=addevent&startdt=2025-09-03T13%3A00%3A00-04%3A00&enddt=2025-09-03T15%3A00%3A00-04%3A00&subject=Research+Assistance
DEBUG:root:Checking external hyperlink: https://outlook.live.com/calendar/0/deeplink/compose?allday=false&body=Join+us+weekly+in+the+Genealogy+Room+for+in-person+help+with+your+research.+It%E2%80%99s+a+great+chance+to+get+one-on-one+guidance%2C+ask+questions%2C+and+connect+with+others+who+share+your+passion+for+family+history.&location=2525+Oakley+Seaver+Dr%2C+Clermont%2C+FL%2C+34711%2C+United+States&path=/calendar/action/compose&rru=addevent&startdt=2025-09-03T13%3A00%3A00-04%3A00&enddt=2025-09-03T15%3A00%3A00-04%3A00&subject=Research+Assistance
DEBUG:urllib3.connectionpool:Starting new HTTPS connection (1): outlook.live.com:443
DEBUG:urllib3.connectionpool:https://wordpress-810691-5571285.cloudwaysapps.com:443 "GET /wp-content/plugins/wpforms-lite/assets/js/frontend/wpforms-modern.min.js?ver=1.9.7.3 HTTP/1.1" 200 None
DEBUG:root:✅ Javascript OK: https://wordpress-810691-5571285.cloudwaysapps.com/wp-content/plugins/wpforms-lite/assets/js/frontend/wpforms-modern.min.js?ver=1.9.7.3
DEBUG:root:Checking internal javascript: https://wordpress-810691-5571285.cloudwaysapps.com/wp-content/plugins/wpforms-lite/assets/js/frontend/fields/address.min.js?ver=1.9.7.3
DEBUG:root:✅ Image OK: https://wordpress-810691-5571285.cloudwaysapps.com/wp-content/uploads/2025/08/IMG_0003_1582758453-446x1024.webp
DEBUG:root:Checking internal image: https://wordpress-810691-5571285.cloudwaysapps.com/wp-content/uploads/2025/08/1_IMG_0001_1582758453-1024x541.webp
DEBUG:urllib3.connectionpool:Starting new HTTPS connection (1): wordpress-810691-5571285.cloudwaysapps.com:443
DEBUG:urllib3.connectionpool:Starting new HTTPS connection (1): wordpress-810691-5571285.cloudwaysapps.com:443
DEBUG:urllib3.connectionpool:https://wordpress-810691-5571285.cloudwaysapps.com:443 "GET /wp-content/plugins/wpforms-lite/assets/js/frontend/fields/address.min.js?ver=1.9.7.3 HTTP/1.1" 200 None
DEBUG:root:✅ Javascript OK: https://wordpress-810691-5571285.cloudwaysapps.com/wp-content/plugins/wpforms-lite/assets/js/frontend/fields/address.min.js?ver=1.9.7.3
DEBUG:root:Using regex pattern: \b[a-zA-Z]{3,}\b
DEBUG:root:Found 208 words to check in https://wordpress-810691-5571285.cloudwaysapps.com/pastfinders-help-sessions/ (min_length=3)
DEBUG:root:Sample words from https://wordpress-810691-5571285.cloudwaysapps.com/pastfinders-help-sessions/: ['This', 'alert', 'Skip', 'content', 'Pastfinders', 'Help', 'Sessions', 'Whether', 'you', 'just']
DEBUG:root:Spell check results for https://wordpress-810691-5571285.cloudwaysapps.com/pastfinders-help-sessions/: 170 words checked, 38 skipped, 0 errors found
INFO:root:✅ Processed https://wordpress-810691-5571285.cloudwaysapps.com/pastfinders-help-sessions/: 0 errors found, 250 words checked
DEBUG:root:Attempting to fetch: https://wordpress-810691-5571285.cloudwaysapps.com/events/preserving-local-history-2026-06-10/
Processing pages:   8%|▊         | 30/381 [00:27<05:46,  1.01it/s]DEBUG:urllib3.connectionpool:https://outlook.live.com:443 "GET /calendar/0/deeplink/compose?allday=false&body=Join+us+weekly+in+the+Genealogy+Room+for+in-person+help+with+your+research.+It%E2%80%99s+a+great+chance+to+get+one-on-one+guidance%2C+ask+questions%2C+and+connect+with+others+who+share+your+passion+for+family+history.&location=2525+Oakley+Seaver+Dr%2C+Clermont%2C+FL%2C+34711%2C+United+States&path=/calendar/action/compose&rru=addevent&startdt=2025-09-03T13%3A00%3A00-04%3A00&enddt=2025-09-03T15%3A00%3A00-04%3A00&subject=Research+Assistance HTTP/1.1" 200 None
DEBUG:root:✅ Hyperlink OK: https://outlook.live.com/calendar/0/deeplink/compose?allday=false&body=Join+us+weekly+in+the+Genealogy+Room+for+in-person+help+with+your+research.+It%E2%80%99s+a+great+chance+to+get+one-on-one+guidance%2C+ask+questions%2C+and+connect+with+others+who+share+your+passion+for+family+history.&location=2525+Oakley+Seaver+Dr%2C+Clermont%2C+FL%2C+34711%2C+United+States&path=/calendar/action/compose&rru=addevent&startdt=2025-09-03T13%3A00%3A00-04%3A00&enddt=2025-09-03T15%3A00%3A00-04%3A00&subject=Research+Assistance
DEBUG:root:Using regex pattern: \b[a-zA-Z]{3,}\b
DEBUG:root:Found 58 words to check in https://wordpress-810691-5571285.cloudwaysapps.com/events/research-assistance-2025-08-27-2025-09-03/ (min_length=3)
DEBUG:root:Sample words from https://wordpress-810691-5571285.cloudwaysapps.com/events/research-assistance-2025-08-27-2025-09-03/: ['This', 'alert', 'Skip', 'content', 'Research', 'Assistance', 'When', 'September', 'Add', 'Calendar']
DEBUG:root:Spell check results for https://wordpress-810691-5571285.cloudwaysapps.com/events/research-assistance-2025-08-27-2025-09-03/: 30 words checked, 28 skipped, 0 errors found
INFO:root:✅ Processed https://wordpress-810691-5571285.cloudwaysapps.com/events/research-assistance-2025-08-27-2025-09-03/: 0 errors found, 85 words checked
DEBUG:root:Attempting to fetch: https://wordpress-810691-5571285.cloudwaysapps.com/galleries/2007-pastfinders-news/
DEBUG:urllib3.connectionpool:https://wordpress-810691-5571285.cloudwaysapps.com:443 "GET /wp-content/uploads/2025/08/1_IMG_0001_1582758453-1024x541.webp HTTP/1.1" 200 121388
DEBUG:urllib3.connectionpool:https://wordpress-810691-5571285.cloudwaysapps.com:443 "GET /events/preserving-local-history-2026-06-10/ HTTP/1.1" 200 None
DEBUG:root:Successfully fetched https://wordpress-810691-5571285.cloudwaysapps.com/events/preserving-local-history-2026-06-10/ (Content-Length: 43608)
DEBUG:charset_normalizer:Encoding detection: utf_8 is most likely the one.
DEBUG:root:✅ Image OK: https://wordpress-810691-5571285.cloudwaysapps.com/wp-content/uploads/2025/08/1_IMG_0001_1582758453-1024x541.webp
DEBUG:root:Checking internal image: https://wordpress-810691-5571285.cloudwaysapps.com/wp-content/uploads/2025/08/2_IMG_0001_1582758453-888x1024.webp
DEBUG:root:Extracted 443 characters, 65 words from https://wordpress-810691-5571285.cloudwaysapps.com/events/preserving-local-history-2026-06-10/
DEBUG:root:Checking external hyperlink: https://www.google.com/calendar/event?action=TEMPLATE&text=Preserving+Local+History&dates=20260610T100000/20260610T120000&details=Help+in+the+preservation+of+our+local+history+and+collections%2C+including+transcriptionists%2C+preservationists%2C+digitizers%2C+and+organization%C2%A0projects.&location=2525+Oakley+Seaver+Dr%2C+Clermont%2C+FL%2C+34711%2C+United+States&trp=false&sprop=https%3A%2F%2Fwordpress-810691-5571285.cloudwaysapps.com%2Fevents%2Fpreserving-local-history-2026-06-10%2F&sprop=name:Pastfinders&ctz=America%2FNew_York
DEBUG:urllib3.connectionpool:Starting new HTTPS connection (1): wordpress-810691-5571285.cloudwaysapps.com:443
DEBUG:urllib3.connectionpool:Starting new HTTPS connection (1): www.google.com:443
DEBUG:urllib3.connectionpool:https://www.google.com:443 "GET /calendar/event?action=TEMPLATE&text=Preserving+Local+History&dates=20260610T100000/20260610T120000&details=Help+in+the+preservation+of+our+local+history+and+collections%2C+including+transcriptionists%2C+preservationists%2C+digitizers%2C+and+organization%C2%A0projects.&location=2525+Oakley+Seaver+Dr%2C+Clermont%2C+FL%2C+34711%2C+United+States&trp=false&sprop=https%3A%2F%2Fwordpress-810691-5571285.cloudwaysapps.com%2Fevents%2Fpreserving-local-history-2026-06-10%2F&sprop=name:Pastfinders&ctz=America%2FNew_York HTTP/1.1" 302 0
DEBUG:urllib3.connectionpool:Starting new HTTPS connection (1): calendar.google.com:443
DEBUG:root:✅ Document OK: https://wordpress-810691-5571285.cloudwaysapps.com/wp-content/uploads/2025/05/Gables_929.375922-1.pdf
DEBUG:root:Checking internal document: https://wordpress-810691-5571285.cloudwaysapps.com/wp-content/uploads/2025/05/Gables-Address-1.pdf
DEBUG:urllib3.connectionpool:Starting new HTTPS connection (1): wordpress-810691-5571285.cloudwaysapps.com:443
DEBUG:urllib3.connectionpool:https://wordpress-810691-5571285.cloudwaysapps.com:443 "GET /wp-content/uploads/2025/08/2_IMG_0001_1582758453-888x1024.webp HTTP/1.1" 200 215836
DEBUG:urllib3.connectionpool:https://calendar.google.com:443 "GET /calendar/event?action=TEMPLATE&text=Preserving+Local+History&dates=20260610T100000/20260610T120000&details=Help+in+the+preservation+of+our+local+history+and+collections,+including+transcriptionists,+preservationists,+digitizers,+and+organization%C2%A0projects.&location=2525+Oakley+Seaver+Dr,+Clermont,+FL,+34711,+United+States&trp=false&sprop=https://wordpress-810691-5571285.cloudwaysapps.com/events/preserving-local-history-2026-06-10/&sprop=name:Pastfinders&ctz=America/New_York HTTP/1.1" 302 0
DEBUG:urllib3.connectionpool:Starting new HTTPS connection (1): accounts.google.com:443
DEBUG:root:✅ Image OK: https://wordpress-810691-5571285.cloudwaysapps.com/wp-content/uploads/2025/08/2_IMG_0001_1582758453-888x1024.webp
DEBUG:root:Checking internal image: https://wordpress-810691-5571285.cloudwaysapps.com/wp-content/uploads/2025/08/IMG_0002_1582758453-626x1024.webp
DEBUG:urllib3.connectionpool:Starting new HTTPS connection (1): wordpress-810691-5571285.cloudwaysapps.com:443
DEBUG:urllib3.connectionpool:https://accounts.google.com:443 "GET /ServiceLogin?service=cl&passive=1209600&osid=1&continue=https://calendar.google.com/calendar/event?action%3DTEMPLATE%26text%3DPreserving%2BLocal%2BHistory%26dates%3D20260610T100000/20260610T120000%26details%3DHelp%2Bin%2Bthe%2Bpreservation%2Bof%2Bour%2Blocal%2Bhistory%2Band%2Bcollections,%2Bincluding%2Btranscriptionists,%2Bpreservationists,%2Bdigitizers,%2Band%2Borganization%25C2%25A0projects.%26location%3D2525%2BOakley%2BSeaver%2BDr,%2BClermont,%2BFL,%2B34711,%2BUnited%2BStates%26trp%3Dfalse%26sprop%3Dhttps://wordpress-810691-5571285.cloudwaysapps.com/events/preserving-local-history-2026-06-10/%26sprop%3Dname:Pastfinders%26ctz%3DAmerica/New_York&followup=https://calendar.google.com/calendar/event?action%3DTEMPLATE%26text%3DPreserving%2BLocal%2BHistory%26dates%3D20260610T100000/20260610T120000%26details%3DHelp%2Bin%2Bthe%2Bpreservation%2Bof%2Bour%2Blocal%2Bhistory%2Band%2Bcollections,%2Bincluding%2Btranscriptionists,%2Bpreservationists,%2Bdigitizers,%2Band%2Borganization%25C2%25A0projects.%26location%3D2525%2BOakley%2BSeaver%2BDr,%2BClermont,%2BFL,%2B34711,%2BUnited%2BStates%26trp%3Dfalse%26sprop%3Dhttps://wordpress-810691-5571285.cloudwaysapps.com/events/preserving-local-history-2026-06-10/%26sprop%3Dname:Pastfinders%26ctz%3DAmerica/New_York&emr=1 HTTP/1.1" 302 0
DEBUG:urllib3.connectionpool:https://wordpress-810691-5571285.cloudwaysapps.com:443 "GET /wp-content/uploads/2025/05/Tier_01_Check_List.pdf HTTP/1.1" 404 None
DEBUG:urllib3.connectionpool:https://accounts.google.com:443 "GET /InteractiveLogin?continue=https://calendar.google.com/calendar/event?action%3DTEMPLATE%26text%3DPreserving%2BLocal%2BHistory%26dates%3D20260610T100000/20260610T120000%26details%3DHelp%2Bin%2Bthe%2Bpreservation%2Bof%2Bour%2Blocal%2Bhistory%2Band%2Bcollections,%2Bincluding%2Btranscriptionists,%2Bpreservationists,%2Bdigitizers,%2Band%2Borganization%25C2%25A0projects.%26location%3D2525%2BOakley%2BSeaver%2BDr,%2BClermont,%2BFL,%2B34711,%2BUnited%2BStates%26trp%3Dfalse%26sprop%3Dhttps://wordpress-810691-5571285.cloudwaysapps.com/events/preserving-local-history-2026-06-10/%26sprop%3Dname:Pastfinders%26ctz%3DAmerica/New_York&emr=1&followup=https://calendar.google.com/calendar/event?action%3DTEMPLATE%26text%3DPreserving%2BLocal%2BHistory%26dates%3D20260610T100000/20260610T120000%26details%3DHelp%2Bin%2Bthe%2Bpreservation%2Bof%2Bour%2Blocal%2Bhistory%2Band%2Bcollections,%2Bincluding%2Btranscriptionists,%2Bpreservationists,%2Bdigitizers,%2Band%2Borganization%25C2%25A0projects.%26location%3D2525%2BOakley%2BSeaver%2BDr,%2BClermont,%2BFL,%2B34711,%2BUnited%2BStates%26trp%3Dfalse%26sprop%3Dhttps://wordpress-810691-5571285.cloudwaysapps.com/events/preserving-local-history-2026-06-10/%26sprop%3Dname:Pastfinders%26ctz%3DAmerica/New_York&osid=1&passive=1209600&service=cl&ifkv=AdBytiO_edrYWw0GvawaGLKmfU0-CkMvnQfUDCflzWxj5mdrgFJkvdZGyCclTTf-ULXDd8cyRsu1QA HTTP/1.1" 302 None
DEBUG:urllib3.connectionpool:https://wordpress-810691-5571285.cloudwaysapps.com:443 "GET /wp-content/uploads/2025/05/Gables-Address-1.pdf HTTP/1.1" 200 244151
INFO:root:🏠 📄 Document broken: https://wordpress-810691-5571285.cloudwaysapps.com/wp-content/uploads/2025/05/Tier_01_Check_List.pdf (HTTP 404) found on https://wordpress-810691-5571285.cloudwaysapps.com/about-us/genealogy-room/
DEBUG:root:Checking internal document: https://wordpress-810691-5571285.cloudwaysapps.com/wp-content/uploads/2025/05/Pastfinders_Books_Tier_2.pdf
DEBUG:urllib3.connectionpool:Starting new HTTPS connection (1): wordpress-810691-5571285.cloudwaysapps.com:443
DEBUG:urllib3.connectionpool:https://accounts.google.com:443 "GET /v3/signin/identifier?continue=https%3A%2F%2Fcalendar.google.com%2Fcalendar%2Fevent%3Faction%3DTEMPLATE%26text%3DPreserving%2BLocal%2BHistory%26dates%3D20260610T100000%2F20260610T120000%26details%3DHelp%2Bin%2Bthe%2Bpreservation%2Bof%2Bour%2Blocal%2Bhistory%2Band%2Bcollections%2C%2Bincluding%2Btranscriptionists%2C%2Bpreservationists%2C%2Bdigitizers%2C%2Band%2Borganization%25C2%25A0projects.%26location%3D2525%2BOakley%2BSeaver%2BDr%2C%2BClermont%2C%2BFL%2C%2B34711%2C%2BUnited%2BStates%26trp%3Dfalse%26sprop%3Dhttps%3A%2F%2Fwordpress-810691-5571285.cloudwaysapps.com%2Fevents%2Fpreserving-local-history-2026-06-10%2F%26sprop%3Dname%3APastfinders%26ctz%3DAmerica%2FNew_York&emr=1&followup=https%3A%2F%2Fcalendar.google.com%2Fcalendar%2Fevent%3Faction%3DTEMPLATE%26text%3DPreserving%2BLocal%2BHistory%26dates%3D20260610T100000%2F20260610T120000%26details%3DHelp%2Bin%2Bthe%2Bpreservation%2Bof%2Bour%2Blocal%2Bhistory%2Band%2Bcollections%2C%2Bincluding%2Btranscriptionists%2C%2Bpreservationists%2C%2Bdigitizers%2C%2Band%2Borganization%25C2%25A0projects.%26location%3D2525%2BOakley%2BSeaver%2BDr%2C%2BClermont%2C%2BFL%2C%2B34711%2C%2BUnited%2BStates%26trp%3Dfalse%26sprop%3Dhttps%3A%2F%2Fwordpress-810691-5571285.cloudwaysapps.com%2Fevents%2Fpreserving-local-history-2026-06-10%2F%26sprop%3Dname%3APastfinders%26ctz%3DAmerica%2FNew_York&ifkv=AdBytiNV9dRF1hHH1XuPkJ1JPYw7MmeiMsVXRi3ioIXuc3lhWosHP0v_F7CjRnIdptkylSfMH2DWbw&osid=1&passive=1209600&service=cl&flowName=WebLiteSignIn&flowEntry=ServiceLogin&dsh=S1478769303%3A1756758152580496 HTTP/1.1" 200 None
DEBUG:urllib3.connectionpool:https://wordpress-810691-5571285.cloudwaysapps.com:443 "GET /wp-content/uploads/2025/08/IMG_0002_1582758453-626x1024.webp HTTP/1.1" 200 138580
DEBUG:root:✅ Document OK: https://wordpress-810691-5571285.cloudwaysapps.com/wp-content/uploads/2025/05/Gables-Address-1.pdf
DEBUG:root:Checking external hyperlink: https://veteranshistory-lcfl.blogspot.com/p/collection.html
DEBUG:urllib3.connectionpool:Starting new HTTPS connection (1): veteranshistory-lcfl.blogspot.com:443
DEBUG:root:✅ Hyperlink OK: https://www.google.com/calendar/event?action=TEMPLATE&text=Preserving+Local+History&dates=20260610T100000/20260610T120000&details=Help+in+the+preservation+of+our+local+history+and+collections%2C+including+transcriptionists%2C+preservationists%2C+digitizers%2C+and+organization%C2%A0projects.&location=2525+Oakley+Seaver+Dr%2C+Clermont%2C+FL%2C+34711%2C+United+States&trp=false&sprop=https%3A%2F%2Fwordpress-810691-5571285.cloudwaysapps.com%2Fevents%2Fpreserving-local-history-2026-06-10%2F&sprop=name:Pastfinders&ctz=America%2FNew_York
DEBUG:root:Checking external hyperlink: https://outlook.office.com/calendar/0/deeplink/compose?allday=false&body=Help+in+the+preservation+of+our+local+history+and+collections%2C+including+transcriptionists%2C+preservationists%2C+digitizers%2C+and+organization%C2%A0projects.&location=2525+Oakley+Seaver+Dr%2C+Clermont%2C+FL%2C+34711%2C+United+States&path=/calendar/action/compose&rru=addevent&startdt=2026-06-10T10%3A00%3A00-04%3A00&enddt=2026-06-10T12%3A00%3A00-04%3A00&subject=Preserving+Local+History
DEBUG:urllib3.connectionpool:Starting new HTTPS connection (1): outlook.office.com:443
DEBUG:root:✅ Image OK: https://wordpress-810691-5571285.cloudwaysapps.com/wp-content/uploads/2025/08/IMG_0002_1582758453-626x1024.webp
DEBUG:root:Checking external css: https://cdn.jsdelivr.net/npm/glightbox@3.2.0/dist/css/glightbox.min.css?ver=3.2.0
DEBUG:urllib3.connectionpool:Starting new HTTPS connection (1): cdn.jsdelivr.net:443
DEBUG:urllib3.connectionpool:https://veteranshistory-lcfl.blogspot.com:443 "GET /p/collection.html HTTP/1.1" 200 None
DEBUG:root:✅ Hyperlink OK: https://veteranshistory-lcfl.blogspot.com/p/collection.html
DEBUG:root:Using regex pattern: \b[a-zA-Z]{3,}\b
DEBUG:root:Found 261 words to check in https://wordpress-810691-5571285.cloudwaysapps.com/historical-collection/ (min_length=3)
DEBUG:root:Sample words from https://wordpress-810691-5571285.cloudwaysapps.com/historical-collection/: ['This', 'alert', 'Skip', 'content', 'Historical', 'Collection', 'Minneola', 'Cemetery', 'Minneola', 'Florida']
DEBUG:root:Spell check results for https://wordpress-810691-5571285.cloudwaysapps.com/historical-collection/: 161 words checked, 100 skipped, 0 errors found
INFO:root:✅ Processed https://wordpress-810691-5571285.cloudwaysapps.com/historical-collection/: 0 errors found, 338 words checked
DEBUG:root:Attempting to fetch: https://wordpress-810691-5571285.cloudwaysapps.com/libraries/instant-information-on-the-internet-genealogist-no-frills-guide-to-the-50-states-dc/
Processing pages:   8%|▊         | 32/381 [00:28<04:21,  1.33it/s]DEBUG:urllib3.connectionpool:https://cdn.jsdelivr.net:443 "GET /npm/glightbox@3.2.0/dist/css/glightbox.min.css?ver=3.2.0 HTTP/1.1" 200 2556
DEBUG:root:✅ Css OK: https://cdn.jsdelivr.net/npm/glightbox@3.2.0/dist/css/glightbox.min.css?ver=3.2.0
DEBUG:root:Checking external javascript: https://cdn.jsdelivr.net/npm/glightbox@3.2.0/dist/js/glightbox.min.js?ver=3.2.0
DEBUG:urllib3.connectionpool:Starting new HTTPS connection (1): cdn.jsdelivr.net:443
DEBUG:urllib3.connectionpool:https://outlook.office.com:443 "GET /calendar/0/deeplink/compose?allday=false&body=Help+in+the+preservation+of+our+local+history+and+collections%2C+including+transcriptionists%2C+preservationists%2C+digitizers%2C+and+organization%C2%A0projects.&location=2525+Oakley+Seaver+Dr%2C+Clermont%2C+FL%2C+34711%2C+United+States&path=/calendar/action/compose&rru=addevent&startdt=2026-06-10T10%3A00%3A00-04%3A00&enddt=2026-06-10T12%3A00%3A00-04%3A00&subject=Preserving+Local+History HTTP/1.1" 200 None
DEBUG:root:✅ Hyperlink OK: https://outlook.office.com/calendar/0/deeplink/compose?allday=false&body=Help+in+the+preservation+of+our+local+history+and+collections%2C+including+transcriptionists%2C+preservationists%2C+digitizers%2C+and+organization%C2%A0projects.&location=2525+Oakley+Seaver+Dr%2C+Clermont%2C+FL%2C+34711%2C+United+States&path=/calendar/action/compose&rru=addevent&startdt=2026-06-10T10%3A00%3A00-04%3A00&enddt=2026-06-10T12%3A00%3A00-04%3A00&subject=Preserving+Local+History
DEBUG:root:Checking external hyperlink: https://outlook.live.com/calendar/0/deeplink/compose?allday=false&body=Help+in+the+preservation+of+our+local+history+and+collections%2C+including+transcriptionists%2C+preservationists%2C+digitizers%2C+and+organization%C2%A0projects.&location=2525+Oakley+Seaver+Dr%2C+Clermont%2C+FL%2C+34711%2C+United+States&path=/calendar/action/compose&rru=addevent&startdt=2026-06-10T10%3A00%3A00-04%3A00&enddt=2026-06-10T12%3A00%3A00-04%3A00&subject=Preserving+Local+History
DEBUG:urllib3.connectionpool:Starting new HTTPS connection (1): outlook.live.com:443
DEBUG:urllib3.connectionpool:https://cdn.jsdelivr.net:443 "GET /npm/glightbox@3.2.0/dist/js/glightbox.min.js?ver=3.2.0 HTTP/1.1" 200 15171
DEBUG:root:✅ Javascript OK: https://cdn.jsdelivr.net/npm/glightbox@3.2.0/dist/js/glightbox.min.js?ver=3.2.0
DEBUG:root:Using regex pattern: \b[a-zA-Z]{3,}\b
DEBUG:root:Found 20 words to check in https://wordpress-810691-5571285.cloudwaysapps.com/galleries/1998-pastfinders-in-the-news/ (min_length=3)
DEBUG:root:Sample words from https://wordpress-810691-5571285.cloudwaysapps.com/galleries/1998-pastfinders-in-the-news/: ['This', 'alert', 'Skip', 'content', 'Pastfinders', 'the', 'News', 'images', 'Click', 'view']
DEBUG:root:Spell check results for https://wordpress-810691-5571285.cloudwaysapps.com/galleries/1998-pastfinders-in-the-news/: 8 words checked, 12 skipped, 0 errors found
INFO:root:✅ Processed https://wordpress-810691-5571285.cloudwaysapps.com/galleries/1998-pastfinders-in-the-news/: 0 errors found, 41 words checked
DEBUG:root:Attempting to fetch: https://wordpress-810691-5571285.cloudwaysapps.com/libraries/web-publishing-for-genealogy/
Processing pages:   9%|▊         | 33/381 [00:28<03:27,  1.68it/s]DEBUG:urllib3.connectionpool:https://outlook.live.com:443 "GET /calendar/0/deeplink/compose?allday=false&body=Help+in+the+preservation+of+our+local+history+and+collections%2C+including+transcriptionists%2C+preservationists%2C+digitizers%2C+and+organization%C2%A0projects.&location=2525+Oakley+Seaver+Dr%2C+Clermont%2C+FL%2C+34711%2C+United+States&path=/calendar/action/compose&rru=addevent&startdt=2026-06-10T10%3A00%3A00-04%3A00&enddt=2026-06-10T12%3A00%3A00-04%3A00&subject=Preserving+Local+History HTTP/1.1" 200 None
DEBUG:root:✅ Hyperlink OK: https://outlook.live.com/calendar/0/deeplink/compose?allday=false&body=Help+in+the+preservation+of+our+local+history+and+collections%2C+including+transcriptionists%2C+preservationists%2C+digitizers%2C+and+organization%C2%A0projects.&location=2525+Oakley+Seaver+Dr%2C+Clermont%2C+FL%2C+34711%2C+United+States&path=/calendar/action/compose&rru=addevent&startdt=2026-06-10T10%3A00%3A00-04%3A00&enddt=2026-06-10T12%3A00%3A00-04%3A00&subject=Preserving+Local+History
DEBUG:root:Using regex pattern: \b[a-zA-Z]{3,}\b
DEBUG:root:Found 44 words to check in https://wordpress-810691-5571285.cloudwaysapps.com/events/preserving-local-history-2026-06-10/ (min_length=3)
DEBUG:root:Sample words from https://wordpress-810691-5571285.cloudwaysapps.com/events/preserving-local-history-2026-06-10/: ['This', 'alert', 'Skip', 'content', 'Preserving', 'Local', 'History', 'When', 'June', 'Add']
DEBUG:root:Misspelled word found: 'transcriptionists' in https://wordpress-810691-5571285.cloudwaysapps.com/events/preserving-local-history-2026-06-10/
DEBUG:root:Spell check results for https://wordpress-810691-5571285.cloudwaysapps.com/events/preserving-local-history-2026-06-10/: 17 words checked, 27 skipped, 1 errors found
INFO:root:✅ Processed https://wordpress-810691-5571285.cloudwaysapps.com/events/preserving-local-history-2026-06-10/: 1 errors found, 65 words checked
DEBUG:root:Attempting to fetch: https://wordpress-810691-5571285.cloudwaysapps.com/events/research-assistance-2025-08-27-2025-09-03-2025-09-10-2025-09-17-2025-09-24-2025-10-01-2025-10-08/
Processing pages:   9%|▉         | 34/381 [00:29<02:47,  2.08it/s]DEBUG:urllib3.connectionpool:https://wordpress-810691-5571285.cloudwaysapps.com:443 "GET /libraries/instant-information-on-the-internet-genealogist-no-frills-guide-to-the-50-states-dc/ HTTP/1.1" 200 None
DEBUG:root:Successfully fetched https://wordpress-810691-5571285.cloudwaysapps.com/libraries/instant-information-on-the-internet-genealogist-no-frills-guide-to-the-50-states-dc/ (Content-Length: 36882)
DEBUG:charset_normalizer:Encoding detection: utf_8 is most likely the one.
DEBUG:urllib3.connectionpool:https://wordpress-810691-5571285.cloudwaysapps.com:443 "GET /libraries/web-publishing-for-genealogy/ HTTP/1.1" 200 None
DEBUG:root:Successfully fetched https://wordpress-810691-5571285.cloudwaysapps.com/libraries/web-publishing-for-genealogy/ (Content-Length: 36154)
DEBUG:urllib3.connectionpool:https://wordpress-810691-5571285.cloudwaysapps.com:443 "GET /events/research-assistance-2025-08-27-2025-09-03-2025-09-10-2025-09-17-2025-09-24-2025-10-01-2025-10-08/ HTTP/1.1" 200 None
DEBUG:root:Extracted 152 characters, 27 words from https://wordpress-810691-5571285.cloudwaysapps.com/libraries/instant-information-on-the-internet-genealogist-no-frills-guide-to-the-50-states-dc/
DEBUG:charset_normalizer:Encoding detection: utf_8 is most likely the one.
DEBUG:root:Successfully fetched https://wordpress-810691-5571285.cloudwaysapps.com/events/research-assistance-2025-08-27-2025-09-03-2025-09-10-2025-09-17-2025-09-24-2025-10-01-2025-10-08/ (Content-Length: 42863)
DEBUG:root:Using regex pattern: \b[a-zA-Z]{3,}\b
DEBUG:root:Found 14 words to check in https://wordpress-810691-5571285.cloudwaysapps.com/libraries/instant-information-on-the-internet-genealogist-no-frills-guide-to-the-50-states-dc/ (min_length=3)
DEBUG:root:Sample words from https://wordpress-810691-5571285.cloudwaysapps.com/libraries/instant-information-on-the-internet-genealogist-no-frills-guide-to-the-50-states-dc/: ['This', 'alert', 'Skip', 'content', 'Instant', 'information', 'the', 'Internet', 'Genealogist', 'frills']
DEBUG:root:Spell check results for https://wordpress-810691-5571285.cloudwaysapps.com/libraries/instant-information-on-the-internet-genealogist-no-frills-guide-to-the-50-states-dc/: 7 words checked, 7 skipped, 0 errors found
INFO:root:✅ Processed https://wordpress-810691-5571285.cloudwaysapps.com/libraries/instant-information-on-the-internet-genealogist-no-frills-guide-to-the-50-states-dc/: 0 errors found, 27 words checked
DEBUG:root:Attempting to fetch: https://wordpress-810691-5571285.cloudwaysapps.com/libraries/national-zip-code-book-vol-1-alabama-montana/
Processing pages:   9%|▉         | 35/381 [00:29<02:54,  1.98it/s]DEBUG:charset_normalizer:Encoding detection: utf_8 is most likely the one.
DEBUG:root:Extracted 93 characters, 17 words from https://wordpress-810691-5571285.cloudwaysapps.com/libraries/web-publishing-for-genealogy/
DEBUG:root:Using regex pattern: \b[a-zA-Z]{3,}\b
DEBUG:root:Found 9 words to check in https://wordpress-810691-5571285.cloudwaysapps.com/libraries/web-publishing-for-genealogy/ (min_length=3)
DEBUG:root:Sample words from https://wordpress-810691-5571285.cloudwaysapps.com/libraries/web-publishing-for-genealogy/: ['This', 'alert', 'Skip', 'content', 'WEB', 'publishing', 'for', 'genealogy', 'March']
DEBUG:root:Spell check results for https://wordpress-810691-5571285.cloudwaysapps.com/libraries/web-publishing-for-genealogy/: 5 words checked, 4 skipped, 0 errors found
INFO:root:✅ Processed https://wordpress-810691-5571285.cloudwaysapps.com/libraries/web-publishing-for-genealogy/: 0 errors found, 17 words checked
DEBUG:root:Attempting to fetch: https://wordpress-810691-5571285.cloudwaysapps.com/resources/family-historian-7/
DEBUG:root:Extracted 490 characters, 85 words from https://wordpress-810691-5571285.cloudwaysapps.com/events/research-assistance-2025-08-27-2025-09-03-2025-09-10-2025-09-17-2025-09-24-2025-10-01-2025-10-08/
DEBUG:root:Checking external hyperlink: https://www.google.com/calendar/event?action=TEMPLATE&text=Research+Assistance&dates=20251008T130000/20251008T150000&details=Join+us+weekly+in+the+Genealogy+Room+for+in-person+help+with+your+research.+It%E2%80%99s+a+great+chance+to+get+one-on-one+guidance%2C+ask+questions%2C+and+connect+with+others+who+share+your+passion+for+family+history.&location=2525+Oakley+Seaver+Dr%2C+Clermont%2C+FL%2C+34711%2C+United+States&trp=false&sprop=https%3A%2F%2Fwordpress-810691-5571285.cloudwaysapps.com%2Fevents%2Fresearch-assistance-2025-08-27-2025-09-03-2025-09-10-2025-09-17-2025-09-24-2025-10-01-2025-10-08%2F&sprop=name:Pastfinders&ctz=America%2FNew_York
DEBUG:urllib3.connectionpool:Starting new HTTPS connection (1): www.google.com:443
DEBUG:urllib3.connectionpool:https://wordpress-810691-5571285.cloudwaysapps.com:443 "GET /libraries/national-zip-code-book-vol-1-alabama-montana/ HTTP/1.1" 200 None
DEBUG:root:Successfully fetched https://wordpress-810691-5571285.cloudwaysapps.com/libraries/national-zip-code-book-vol-1-alabama-montana/ (Content-Length: 38629)
DEBUG:charset_normalizer:Encoding detection: utf_8 is most likely the one.
DEBUG:root:Extracted 328 characters, 56 words from https://wordpress-810691-5571285.cloudwaysapps.com/libraries/national-zip-code-book-vol-1-alabama-montana/
DEBUG:root:Using regex pattern: \b[a-zA-Z]{3,}\b
DEBUG:root:Found 42 words to check in https://wordpress-810691-5571285.cloudwaysapps.com/libraries/national-zip-code-book-vol-1-alabama-montana/ (min_length=3)
DEBUG:root:Sample words from https://wordpress-810691-5571285.cloudwaysapps.com/libraries/national-zip-code-book-vol-1-alabama-montana/: ['This', 'alert', 'Skip', 'content', 'National', 'ZIP', 'CODE', 'book', 'Vol', 'Alabama']
DEBUG:root:Spell check results for https://wordpress-810691-5571285.cloudwaysapps.com/libraries/national-zip-code-book-vol-1-alabama-montana/: 23 words checked, 19 skipped, 0 errors found
INFO:root:✅ Processed https://wordpress-810691-5571285.cloudwaysapps.com/libraries/national-zip-code-book-vol-1-alabama-montana/: 0 errors found, 56 words checked
DEBUG:root:Attempting to fetch: https://wordpress-810691-5571285.cloudwaysapps.com/galleries/2019-may-scanning-on-on-one/
Processing pages:  10%|▉         | 37/381 [00:29<01:47,  3.19it/s]DEBUG:urllib3.connectionpool:https://www.google.com:443 "GET /calendar/event?action=TEMPLATE&text=Research+Assistance&dates=20251008T130000/20251008T150000&details=Join+us+weekly+in+the+Genealogy+Room+for+in-person+help+with+your+research.+It%E2%80%99s+a+great+chance+to+get+one-on-one+guidance%2C+ask+questions%2C+and+connect+with+others+who+share+your+passion+for+family+history.&location=2525+Oakley+Seaver+Dr%2C+Clermont%2C+FL%2C+34711%2C+United+States&trp=false&sprop=https%3A%2F%2Fwordpress-810691-5571285.cloudwaysapps.com%2Fevents%2Fresearch-assistance-2025-08-27-2025-09-03-2025-09-10-2025-09-17-2025-09-24-2025-10-01-2025-10-08%2F&sprop=name:Pastfinders&ctz=America%2FNew_York HTTP/1.1" 302 0
DEBUG:urllib3.connectionpool:Starting new HTTPS connection (1): calendar.google.com:443
DEBUG:urllib3.connectionpool:https://wordpress-810691-5571285.cloudwaysapps.com:443 "GET /galleries/2007-pastfinders-news/ HTTP/1.1" 200 None
DEBUG:urllib3.connectionpool:https://calendar.google.com:443 "GET /calendar/event?action=TEMPLATE&text=Research+Assistance&dates=20251008T130000/20251008T150000&details=Join+us+weekly+in+the+Genealogy+Room+for+in-person+help+with+your+research.+It%E2%80%99s+a+great+chance+to+get+one-on-one+guidance,+ask+questions,+and+connect+with+others+who+share+your+passion+for+family+history.&location=2525+Oakley+Seaver+Dr,+Clermont,+FL,+34711,+United+States&trp=false&sprop=https://wordpress-810691-5571285.cloudwaysapps.com/events/research-assistance-2025-08-27-2025-09-03-2025-09-10-2025-09-17-2025-09-24-2025-10-01-2025-10-08/&sprop=name:Pastfinders&ctz=America/New_York HTTP/1.1" 302 0
DEBUG:urllib3.connectionpool:https://wordpress-810691-5571285.cloudwaysapps.com:443 "GET /galleries/2019-may-scanning-on-on-one/ HTTP/1.1" 200 None
DEBUG:root:Successfully fetched https://wordpress-810691-5571285.cloudwaysapps.com/galleries/2019-may-scanning-on-on-one/ (Content-Length: 62563)
DEBUG:charset_normalizer:Encoding detection: utf_8 is most likely the one.
DEBUG:root:Successfully fetched https://wordpress-810691-5571285.cloudwaysapps.com/galleries/2007-pastfinders-news/ (Content-Length: 74652)
DEBUG:charset_normalizer:Encoding detection: utf_8 is most likely the one.
DEBUG:urllib3.connectionpool:Starting new HTTPS connection (1): accounts.google.com:443
DEBUG:root:Extracted 297 characters, 62 words from https://wordpress-810691-5571285.cloudwaysapps.com/galleries/2019-may-scanning-on-on-one/
DEBUG:root:Checking internal image: https://wordpress-810691-5571285.cloudwaysapps.com/wp-content/uploads/2025/08/Scanning_and_One_on_One_May_2019_8_1570500920-1024x683.webp
DEBUG:root:Extracted 430 characters, 91 words from https://wordpress-810691-5571285.cloudwaysapps.com/galleries/2007-pastfinders-news/
DEBUG:urllib3.connectionpool:Starting new HTTPS connection (1): wordpress-810691-5571285.cloudwaysapps.com:443
DEBUG:root:Checking internal image: https://wordpress-810691-5571285.cloudwaysapps.com/wp-content/uploads/2025/08/IMG_0009_1566260864.webp
DEBUG:urllib3.connectionpool:Starting new HTTPS connection (1): wordpress-810691-5571285.cloudwaysapps.com:443
DEBUG:urllib3.connectionpool:https://accounts.google.com:443 "GET /ServiceLogin?service=cl&passive=1209600&osid=1&continue=https://calendar.google.com/calendar/event?action%3DTEMPLATE%26text%3DResearch%2BAssistance%26dates%3D20251008T130000/20251008T150000%26details%3DJoin%2Bus%2Bweekly%2Bin%2Bthe%2BGenealogy%2BRoom%2Bfor%2Bin-person%2Bhelp%2Bwith%2Byour%2Bresearch.%2BIt%25E2%2580%2599s%2Ba%2Bgreat%2Bchance%2Bto%2Bget%2Bone-on-one%2Bguidance,%2Bask%2Bquestions,%2Band%2Bconnect%2Bwith%2Bothers%2Bwho%2Bshare%2Byour%2Bpassion%2Bfor%2Bfamily%2Bhistory.%26location%3D2525%2BOakley%2BSeaver%2BDr,%2BClermont,%2BFL,%2B34711,%2BUnited%2BStates%26trp%3Dfalse%26sprop%3Dhttps://wordpress-810691-5571285.cloudwaysapps.com/events/research-assistance-2025-08-27-2025-09-03-2025-09-10-2025-09-17-2025-09-24-2025-10-01-2025-10-08/%26sprop%3Dname:Pastfinders%26ctz%3DAmerica/New_York&followup=https://calendar.google.com/calendar/event?action%3DTEMPLATE%26text%3DResearch%2BAssistance%26dates%3D20251008T130000/20251008T150000%26details%3DJoin%2Bus%2Bweekly%2Bin%2Bthe%2BGenealogy%2BRoom%2Bfor%2Bin-person%2Bhelp%2Bwith%2Byour%2Bresearch.%2BIt%25E2%2580%2599s%2Ba%2Bgreat%2Bchance%2Bto%2Bget%2Bone-on-one%2Bguidance,%2Bask%2Bquestions,%2Band%2Bconnect%2Bwith%2Bothers%2Bwho%2Bshare%2Byour%2Bpassion%2Bfor%2Bfamily%2Bhistory.%26location%3D2525%2BOakley%2BSeaver%2BDr,%2BClermont,%2BFL,%2B34711,%2BUnited%2BStates%26trp%3Dfalse%26sprop%3Dhttps://wordpress-810691-5571285.cloudwaysapps.com/events/research-assistance-2025-08-27-2025-09-03-2025-09-10-2025-09-17-2025-09-24-2025-10-01-2025-10-08/%26sprop%3Dname:Pastfinders%26ctz%3DAmerica/New_York&emr=1 HTTP/1.1" 302 0
DEBUG:urllib3.connectionpool:https://accounts.google.com:443 "GET /InteractiveLogin?continue=https://calendar.google.com/calendar/event?action%3DTEMPLATE%26text%3DResearch%2BAssistance%26dates%3D20251008T130000/20251008T150000%26details%3DJoin%2Bus%2Bweekly%2Bin%2Bthe%2BGenealogy%2BRoom%2Bfor%2Bin-person%2Bhelp%2Bwith%2Byour%2Bresearch.%2BIt%25E2%2580%2599s%2Ba%2Bgreat%2Bchance%2Bto%2Bget%2Bone-on-one%2Bguidance,%2Bask%2Bquestions,%2Band%2Bconnect%2Bwith%2Bothers%2Bwho%2Bshare%2Byour%2Bpassion%2Bfor%2Bfamily%2Bhistory.%26location%3D2525%2BOakley%2BSeaver%2BDr,%2BClermont,%2BFL,%2B34711,%2BUnited%2BStates%26trp%3Dfalse%26sprop%3Dhttps://wordpress-810691-5571285.cloudwaysapps.com/events/research-assistance-2025-08-27-2025-09-03-2025-09-10-2025-09-17-2025-09-24-2025-10-01-2025-10-08/%26sprop%3Dname:Pastfinders%26ctz%3DAmerica/New_York&emr=1&followup=https://calendar.google.com/calendar/event?action%3DTEMPLATE%26text%3DResearch%2BAssistance%26dates%3D20251008T130000/20251008T150000%26details%3DJoin%2Bus%2Bweekly%2Bin%2Bthe%2BGenealogy%2BRoom%2Bfor%2Bin-person%2Bhelp%2Bwith%2Byour%2Bresearch.%2BIt%25E2%2580%2599s%2Ba%2Bgreat%2Bchance%2Bto%2Bget%2Bone-on-one%2Bguidance,%2Bask%2Bquestions,%2Band%2Bconnect%2Bwith%2Bothers%2Bwho%2Bshare%2Byour%2Bpassion%2Bfor%2Bfamily%2Bhistory.%26location%3D2525%2BOakley%2BSeaver%2BDr,%2BClermont,%2BFL,%2B34711,%2BUnited%2BStates%26trp%3Dfalse%26sprop%3Dhttps://wordpress-810691-5571285.cloudwaysapps.com/events/research-assistance-2025-08-27-2025-09-03-2025-09-10-2025-09-17-2025-09-24-2025-10-01-2025-10-08/%26sprop%3Dname:Pastfinders%26ctz%3DAmerica/New_York&osid=1&passive=1209600&service=cl&ifkv=AdBytiM0VWBpVeGdmVBDuZXobRgz4PWC9ybUgbkJv5pnUEazy06XNg1TuljsjtEUQmcnLh3555yp HTTP/1.1" 302 None
DEBUG:urllib3.connectionpool:https://accounts.google.com:443 "GET /v3/signin/identifier?continue=https%3A%2F%2Fcalendar.google.com%2Fcalendar%2Fevent%3Faction%3DTEMPLATE%26text%3DResearch%2BAssistance%26dates%3D20251008T130000%2F20251008T150000%26details%3DJoin%2Bus%2Bweekly%2Bin%2Bthe%2BGenealogy%2BRoom%2Bfor%2Bin-person%2Bhelp%2Bwith%2Byour%2Bresearch.%2BIt%25E2%2580%2599s%2Ba%2Bgreat%2Bchance%2Bto%2Bget%2Bone-on-one%2Bguidance%2C%2Bask%2Bquestions%2C%2Band%2Bconnect%2Bwith%2Bothers%2Bwho%2Bshare%2Byour%2Bpassion%2Bfor%2Bfamily%2Bhistory.%26location%3D2525%2BOakley%2BSeaver%2BDr%2C%2BClermont%2C%2BFL%2C%2B34711%2C%2BUnited%2BStates%26trp%3Dfalse%26sprop%3Dhttps%3A%2F%2Fwordpress-810691-5571285.cloudwaysapps.com%2Fevents%2Fresearch-assistance-2025-08-27-2025-09-03-2025-09-10-2025-09-17-2025-09-24-2025-10-01-2025-10-08%2F%26sprop%3Dname%3APastfinders%26ctz%3DAmerica%2FNew_York&emr=1&followup=https%3A%2F%2Fcalendar.google.com%2Fcalendar%2Fevent%3Faction%3DTEMPLATE%26text%3DResearch%2BAssistance%26dates%3D20251008T130000%2F20251008T150000%26details%3DJoin%2Bus%2Bweekly%2Bin%2Bthe%2BGenealogy%2BRoom%2Bfor%2Bin-person%2Bhelp%2Bwith%2Byour%2Bresearch.%2BIt%25E2%2580%2599s%2Ba%2Bgreat%2Bchance%2Bto%2Bget%2Bone-on-one%2Bguidance%2C%2Bask%2Bquestions%2C%2Band%2Bconnect%2Bwith%2Bothers%2Bwho%2Bshare%2Byour%2Bpassion%2Bfor%2Bfamily%2Bhistory.%26location%3D2525%2BOakley%2BSeaver%2BDr%2C%2BClermont%2C%2BFL%2C%2B34711%2C%2BUnited%2BStates%26trp%3Dfalse%26sprop%3Dhttps%3A%2F%2Fwordpress-810691-5571285.cloudwaysapps.com%2Fevents%2Fresearch-assistance-2025-08-27-2025-09-03-2025-09-10-2025-09-17-2025-09-24-2025-10-01-2025-10-08%2F%26sprop%3Dname%3APastfinders%26ctz%3DAmerica%2FNew_York&ifkv=AdBytiOgw_iUl543d9gyDLGfJRK_ZM7zFA5-VzSANU0nEy9ZPUwCLLJtYxHhzMXL4vavnzm1EXZA&osid=1&passive=1209600&service=cl&flowName=WebLiteSignIn&flowEntry=ServiceLogin&dsh=S1948013414%3A1756758154251238 HTTP/1.1" 200 None
DEBUG:urllib3.connectionpool:https://wordpress-810691-5571285.cloudwaysapps.com:443 "GET /wp-content/uploads/2025/08/IMG_0009_1566260864.webp HTTP/1.1" 200 140374
DEBUG:urllib3.connectionpool:https://wordpress-810691-5571285.cloudwaysapps.com:443 "GET /wp-content/uploads/2025/08/Scanning_and_One_on_One_May_2019_8_1570500920-1024x683.webp HTTP/1.1" 200 86956
DEBUG:root:✅ Hyperlink OK: https://www.google.com/calendar/event?action=TEMPLATE&text=Research+Assistance&dates=20251008T130000/20251008T150000&details=Join+us+weekly+in+the+Genealogy+Room+for+in-person+help+with+your+research.+It%E2%80%99s+a+great+chance+to+get+one-on-one+guidance%2C+ask+questions%2C+and+connect+with+others+who+share+your+passion+for+family+history.&location=2525+Oakley+Seaver+Dr%2C+Clermont%2C+FL%2C+34711%2C+United+States&trp=false&sprop=https%3A%2F%2Fwordpress-810691-5571285.cloudwaysapps.com%2Fevents%2Fresearch-assistance-2025-08-27-2025-09-03-2025-09-10-2025-09-17-2025-09-24-2025-10-01-2025-10-08%2F&sprop=name:Pastfinders&ctz=America%2FNew_York
DEBUG:root:Checking external hyperlink: https://outlook.office.com/calendar/0/deeplink/compose?allday=false&body=Join+us+weekly+in+the+Genealogy+Room+for+in-person+help+with+your+research.+It%E2%80%99s+a+great+chance+to+get+one-on-one+guidance%2C+ask+questions%2C+and+connect+with+others+who+share+your+passion+for+family+history.&location=2525+Oakley+Seaver+Dr%2C+Clermont%2C+FL%2C+34711%2C+United+States&path=/calendar/action/compose&rru=addevent&startdt=2025-10-08T13%3A00%3A00-04%3A00&enddt=2025-10-08T15%3A00%3A00-04%3A00&subject=Research+Assistance
DEBUG:urllib3.connectionpool:Starting new HTTPS connection (1): outlook.office.com:443
DEBUG:urllib3.connectionpool:https://wordpress-810691-5571285.cloudwaysapps.com:443 "GET /wp-content/uploads/2025/05/Pastfinders_Books_Tier_2.pdf HTTP/1.1" 404 None
DEBUG:root:✅ Image OK: https://wordpress-810691-5571285.cloudwaysapps.com/wp-content/uploads/2025/08/Scanning_and_One_on_One_May_2019_8_1570500920-1024x683.webp
DEBUG:root:Checking internal image: https://wordpress-810691-5571285.cloudwaysapps.com/wp-content/uploads/2025/08/Scanning_and_One_on_One_May_2019_3_1570500920-1024x683.webp
DEBUG:urllib3.connectionpool:Starting new HTTPS connection (1): wordpress-810691-5571285.cloudwaysapps.com:443
INFO:root:🏠 📄 Document broken: https://wordpress-810691-5571285.cloudwaysapps.com/wp-content/uploads/2025/05/Pastfinders_Books_Tier_2.pdf (HTTP 404) found on https://wordpress-810691-5571285.cloudwaysapps.com/about-us/genealogy-room/
DEBUG:root:Checking internal document: https://wordpress-810691-5571285.cloudwaysapps.com/wp-content/uploads/2025/05/Books_by_Pastfinders_Authors.pdf
DEBUG:urllib3.connectionpool:Starting new HTTPS connection (1): wordpress-810691-5571285.cloudwaysapps.com:443
DEBUG:root:✅ Image OK: https://wordpress-810691-5571285.cloudwaysapps.com/wp-content/uploads/2025/08/IMG_0009_1566260864.webp
DEBUG:root:Checking internal image: https://wordpress-810691-5571285.cloudwaysapps.com/wp-content/uploads/2025/08/IMG_0007_1566260864-990x1024.webp
DEBUG:urllib3.connectionpool:Starting new HTTPS connection (1): wordpress-810691-5571285.cloudwaysapps.com:443
DEBUG:urllib3.connectionpool:https://outlook.office.com:443 "GET /calendar/0/deeplink/compose?allday=false&body=Join+us+weekly+in+the+Genealogy+Room+for+in-person+help+with+your+research.+It%E2%80%99s+a+great+chance+to+get+one-on-one+guidance%2C+ask+questions%2C+and+connect+with+others+who+share+your+passion+for+family+history.&location=2525+Oakley+Seaver+Dr%2C+Clermont%2C+FL%2C+34711%2C+United+States&path=/calendar/action/compose&rru=addevent&startdt=2025-10-08T13%3A00%3A00-04%3A00&enddt=2025-10-08T15%3A00%3A00-04%3A00&subject=Research+Assistance HTTP/1.1" 200 None
DEBUG:root:✅ Hyperlink OK: https://outlook.office.com/calendar/0/deeplink/compose?allday=false&body=Join+us+weekly+in+the+Genealogy+Room+for+in-person+help+with+your+research.+It%E2%80%99s+a+great+chance+to+get+one-on-one+guidance%2C+ask+questions%2C+and+connect+with+others+who+share+your+passion+for+family+history.&location=2525+Oakley+Seaver+Dr%2C+Clermont%2C+FL%2C+34711%2C+United+States&path=/calendar/action/compose&rru=addevent&startdt=2025-10-08T13%3A00%3A00-04%3A00&enddt=2025-10-08T15%3A00%3A00-04%3A00&subject=Research+Assistance
DEBUG:root:Checking external hyperlink: https://outlook.live.com/calendar/0/deeplink/compose?allday=false&body=Join+us+weekly+in+the+Genealogy+Room+for+in-person+help+with+your+research.+It%E2%80%99s+a+great+chance+to+get+one-on-one+guidance%2C+ask+questions%2C+and+connect+with+others+who+share+your+passion+for+family+history.&location=2525+Oakley+Seaver+Dr%2C+Clermont%2C+FL%2C+34711%2C+United+States&path=/calendar/action/compose&rru=addevent&startdt=2025-10-08T13%3A00%3A00-04%3A00&enddt=2025-10-08T15%3A00%3A00-04%3A00&subject=Research+Assistance
DEBUG:urllib3.connectionpool:Starting new HTTPS connection (1): outlook.live.com:443
DEBUG:urllib3.connectionpool:https://wordpress-810691-5571285.cloudwaysapps.com:443 "GET /wp-content/uploads/2025/08/Scanning_and_One_on_One_May_2019_3_1570500920-1024x683.webp HTTP/1.1" 200 104936
DEBUG:urllib3.connectionpool:https://wordpress-810691-5571285.cloudwaysapps.com:443 "GET /wp-content/uploads/2025/08/IMG_0007_1566260864-990x1024.webp HTTP/1.1" 200 180664
DEBUG:root:✅ Image OK: https://wordpress-810691-5571285.cloudwaysapps.com/wp-content/uploads/2025/08/Scanning_and_One_on_One_May_2019_3_1570500920-1024x683.webp
DEBUG:root:Checking internal image: https://wordpress-810691-5571285.cloudwaysapps.com/wp-content/uploads/2025/08/Scanning_and_One_on_One_May_2019_1_1570500920-1024x683.webp
DEBUG:urllib3.connectionpool:Starting new HTTPS connection (1): wordpress-810691-5571285.cloudwaysapps.com:443
DEBUG:urllib3.connectionpool:https://outlook.live.com:443 "GET /calendar/0/deeplink/compose?allday=false&body=Join+us+weekly+in+the+Genealogy+Room+for+in-person+help+with+your+research.+It%E2%80%99s+a+great+chance+to+get+one-on-one+guidance%2C+ask+questions%2C+and+connect+with+others+who+share+your+passion+for+family+history.&location=2525+Oakley+Seaver+Dr%2C+Clermont%2C+FL%2C+34711%2C+United+States&path=/calendar/action/compose&rru=addevent&startdt=2025-10-08T13%3A00%3A00-04%3A00&enddt=2025-10-08T15%3A00%3A00-04%3A00&subject=Research+Assistance HTTP/1.1" 200 None
DEBUG:root:✅ Hyperlink OK: https://outlook.live.com/calendar/0/deeplink/compose?allday=false&body=Join+us+weekly+in+the+Genealogy+Room+for+in-person+help+with+your+research.+It%E2%80%99s+a+great+chance+to+get+one-on-one+guidance%2C+ask+questions%2C+and+connect+with+others+who+share+your+passion+for+family+history.&location=2525+Oakley+Seaver+Dr%2C+Clermont%2C+FL%2C+34711%2C+United+States&path=/calendar/action/compose&rru=addevent&startdt=2025-10-08T13%3A00%3A00-04%3A00&enddt=2025-10-08T15%3A00%3A00-04%3A00&subject=Research+Assistance
DEBUG:root:Using regex pattern: \b[a-zA-Z]{3,}\b
DEBUG:root:Found 58 words to check in https://wordpress-810691-5571285.cloudwaysapps.com/events/research-assistance-2025-08-27-2025-09-03-2025-09-10-2025-09-17-2025-09-24-2025-10-01-2025-10-08/ (min_length=3)
DEBUG:root:Sample words from https://wordpress-810691-5571285.cloudwaysapps.com/events/research-assistance-2025-08-27-2025-09-03-2025-09-10-2025-09-17-2025-09-24-2025-10-01-2025-10-08/: ['This', 'alert', 'Skip', 'content', 'Research', 'Assistance', 'When', 'October', 'Add', 'Calendar']
DEBUG:root:Spell check results for https://wordpress-810691-5571285.cloudwaysapps.com/events/research-assistance-2025-08-27-2025-09-03-2025-09-10-2025-09-17-2025-09-24-2025-10-01-2025-10-08/: 30 words checked, 28 skipped, 0 errors found
INFO:root:✅ Processed https://wordpress-810691-5571285.cloudwaysapps.com/events/research-assistance-2025-08-27-2025-09-03-2025-09-10-2025-09-17-2025-09-24-2025-10-01-2025-10-08/: 0 errors found, 85 words checked
DEBUG:root:Attempting to fetch: https://wordpress-810691-5571285.cloudwaysapps.com/events/family-book-creator-special-interest-group-sig-2026-06-22/
Processing pages:  10%|▉         | 38/381 [00:31<03:14,  1.77it/s]DEBUG:root:✅ Image OK: https://wordpress-810691-5571285.cloudwaysapps.com/wp-content/uploads/2025/08/IMG_0007_1566260864-990x1024.webp
DEBUG:root:Checking internal image: https://wordpress-810691-5571285.cloudwaysapps.com/wp-content/uploads/2025/08/IMG_0010_1566260864-1024x947.webp
DEBUG:urllib3.connectionpool:Starting new HTTPS connection (1): wordpress-810691-5571285.cloudwaysapps.com:443
DEBUG:urllib3.connectionpool:https://wordpress-810691-5571285.cloudwaysapps.com:443 "GET /wp-content/uploads/2025/08/Scanning_and_One_on_One_May_2019_1_1570500920-1024x683.webp HTTP/1.1" 200 121978
DEBUG:urllib3.connectionpool:https://wordpress-810691-5571285.cloudwaysapps.com:443 "GET /events/family-book-creator-special-interest-group-sig-2026-06-22/ HTTP/1.1" 200 None
DEBUG:root:Successfully fetched https://wordpress-810691-5571285.cloudwaysapps.com/events/family-book-creator-special-interest-group-sig-2026-06-22/ (Content-Length: 42519)
DEBUG:charset_normalizer:Encoding detection: utf_8 is most likely the one.
DEBUG:root:Extracted 843 characters, 141 words from https://wordpress-810691-5571285.cloudwaysapps.com/events/family-book-creator-special-interest-group-sig-2026-06-22/
DEBUG:root:Checking external hyperlink: https://www.google.com/calendar/event?action=TEMPLATE&text=Family+Book+Creator+Special+Interest+Group+%28SIG%29&dates=20260622T190000/20260622T200000&details=This+group+grew+out+of+our+original+FBC+Study+Group%2C+a+joint+effort+between+Pastfinders+and+Kinseekers.+For+now%2C+membership+is+limited+to+participants+of+that+original+group%2C+but+we+hope+to+welcome+more+members+in+the+future.&location=&trp=false&sprop=https%3A%2F%2Fwordpress-810691-5571285.cloudwaysapps.com%2Fevents%2Ffamily-book-creator-special-interest-group-sig-2026-06-22%2F&sprop=name:Pastfinders&ctz=America%2FNew_York
DEBUG:urllib3.connectionpool:Starting new HTTPS connection (1): www.google.com:443
DEBUG:root:✅ Image OK: https://wordpress-810691-5571285.cloudwaysapps.com/wp-content/uploads/2025/08/Scanning_and_One_on_One_May_2019_1_1570500920-1024x683.webp
DEBUG:root:Checking internal image: https://wordpress-810691-5571285.cloudwaysapps.com/wp-content/uploads/2025/08/Scanning_and_One_on_One_May_2019_6_1570500920-1024x683.webp
DEBUG:urllib3.connectionpool:Starting new HTTPS connection (1): wordpress-810691-5571285.cloudwaysapps.com:443
DEBUG:urllib3.connectionpool:https://wordpress-810691-5571285.cloudwaysapps.com:443 "GET /resources/family-historian-7/ HTTP/1.1" 200 None
DEBUG:root:Successfully fetched https://wordpress-810691-5571285.cloudwaysapps.com/resources/family-historian-7/ (Content-Length: 38905)
DEBUG:charset_normalizer:Encoding detection: utf_8 is most likely the one.
DEBUG:root:Extracted 701 characters, 118 words from https://wordpress-810691-5571285.cloudwaysapps.com/resources/family-historian-7/
DEBUG:root:Using regex pattern: \b[a-zA-Z]{3,}\b
DEBUG:root:Found 93 words to check in https://wordpress-810691-5571285.cloudwaysapps.com/resources/family-historian-7/ (min_length=3)
DEBUG:root:Sample words from https://wordpress-810691-5571285.cloudwaysapps.com/resources/family-historian-7/: ['This', 'alert', 'Skip', 'content', 'Family', 'Historian', 'February', 'Family', 'Historian', 'the']
DEBUG:root:Spell check results for https://wordpress-810691-5571285.cloudwaysapps.com/resources/family-historian-7/: 62 words checked, 31 skipped, 0 errors found
INFO:root:✅ Processed https://wordpress-810691-5571285.cloudwaysapps.com/resources/family-historian-7/: 0 errors found, 118 words checked
DEBUG:root:Attempting to fetch: https://wordpress-810691-5571285.cloudwaysapps.com/events/family-book-creator-special-interest-group-sig-2026-05-25/
Processing pages:  10%|█         | 39/381 [00:31<03:16,  1.74it/s]DEBUG:urllib3.connectionpool:https://www.google.com:443 "GET /calendar/event?action=TEMPLATE&text=Family+Book+Creator+Special+Interest+Group+%28SIG%29&dates=20260622T190000/20260622T200000&details=This+group+grew+out+of+our+original+FBC+Study+Group%2C+a+joint+effort+between+Pastfinders+and+Kinseekers.+For+now%2C+membership+is+limited+to+participants+of+that+original+group%2C+but+we+hope+to+welcome+more+members+in+the+future.&location=&trp=false&sprop=https%3A%2F%2Fwordpress-810691-5571285.cloudwaysapps.com%2Fevents%2Ffamily-book-creator-special-interest-group-sig-2026-06-22%2F&sprop=name:Pastfinders&ctz=America%2FNew_York HTTP/1.1" 302 0
DEBUG:urllib3.connectionpool:https://wordpress-810691-5571285.cloudwaysapps.com:443 "GET /wp-content/uploads/2025/08/IMG_0010_1566260864-1024x947.webp HTTP/1.1" 200 175518
DEBUG:urllib3.connectionpool:Starting new HTTPS connection (1): calendar.google.com:443
DEBUG:root:✅ Image OK: https://wordpress-810691-5571285.cloudwaysapps.com/wp-content/uploads/2025/08/IMG_0010_1566260864-1024x947.webp
DEBUG:root:Checking internal image: https://wordpress-810691-5571285.cloudwaysapps.com/wp-content/uploads/2025/08/IMG_0012_2_1566260864-1024x279.webp
DEBUG:urllib3.connectionpool:Starting new HTTPS connection (1): wordpress-810691-5571285.cloudwaysapps.com:443
DEBUG:urllib3.connectionpool:https://wordpress-810691-5571285.cloudwaysapps.com:443 "GET /wp-content/uploads/2025/08/Scanning_and_One_on_One_May_2019_6_1570500920-1024x683.webp HTTP/1.1" 200 102120
DEBUG:urllib3.connectionpool:https://calendar.google.com:443 "GET /calendar/event?action=TEMPLATE&text=Family+Book+Creator+Special+Interest+Group+(SIG)&dates=20260622T190000/20260622T200000&details=This+group+grew+out+of+our+original+FBC+Study+Group,+a+joint+effort+between+Pastfinders+and+Kinseekers.+For+now,+membership+is+limited+to+participants+of+that+original+group,+but+we+hope+to+welcome+more+members+in+the+future.&location&trp=false&sprop=https://wordpress-810691-5571285.cloudwaysapps.com/events/family-book-creator-special-interest-group-sig-2026-06-22/&sprop=name:Pastfinders&ctz=America/New_York HTTP/1.1" 302 0
DEBUG:urllib3.connectionpool:Starting new HTTPS connection (1): accounts.google.com:443
DEBUG:root:✅ Image OK: https://wordpress-810691-5571285.cloudwaysapps.com/wp-content/uploads/2025/08/Scanning_and_One_on_One_May_2019_6_1570500920-1024x683.webp
DEBUG:root:Checking internal image: https://wordpress-810691-5571285.cloudwaysapps.com/wp-content/uploads/2025/08/Scanning_and_One_on_One_May_2019_7_1570500920-1024x683.webp
DEBUG:urllib3.connectionpool:Starting new HTTPS connection (1): wordpress-810691-5571285.cloudwaysapps.com:443
DEBUG:urllib3.connectionpool:https://accounts.google.com:443 "GET /ServiceLogin?service=cl&passive=1209600&osid=1&continue=https://calendar.google.com/calendar/event?action%3DTEMPLATE%26text%3DFamily%2BBook%2BCreator%2BSpecial%2BInterest%2BGroup%2B(SIG)%26dates%3D20260622T190000/20260622T200000%26details%3DThis%2Bgroup%2Bgrew%2Bout%2Bof%2Bour%2Boriginal%2BFBC%2BStudy%2BGroup,%2Ba%2Bjoint%2Beffort%2Bbetween%2BPastfinders%2Band%2BKinseekers.%2BFor%2Bnow,%2Bmembership%2Bis%2Blimited%2Bto%2Bparticipants%2Bof%2Bthat%2Boriginal%2Bgroup,%2Bbut%2Bwe%2Bhope%2Bto%2Bwelcome%2Bmore%2Bmembers%2Bin%2Bthe%2Bfuture.%26location%26trp%3Dfalse%26sprop%3Dhttps://wordpress-810691-5571285.cloudwaysapps.com/events/family-book-creator-special-interest-group-sig-2026-06-22/%26sprop%3Dname:Pastfinders%26ctz%3DAmerica/New_York&followup=https://calendar.google.com/calendar/event?action%3DTEMPLATE%26text%3DFamily%2BBook%2BCreator%2BSpecial%2BInterest%2BGroup%2B(SIG)%26dates%3D20260622T190000/20260622T200000%26details%3DThis%2Bgroup%2Bgrew%2Bout%2Bof%2Bour%2Boriginal%2BFBC%2BStudy%2BGroup,%2Ba%2Bjoint%2Beffort%2Bbetween%2BPastfinders%2Band%2BKinseekers.%2BFor%2Bnow,%2Bmembership%2Bis%2Blimited%2Bto%2Bparticipants%2Bof%2Bthat%2Boriginal%2Bgroup,%2Bbut%2Bwe%2Bhope%2Bto%2Bwelcome%2Bmore%2Bmembers%2Bin%2Bthe%2Bfuture.%26location%26trp%3Dfalse%26sprop%3Dhttps://wordpress-810691-5571285.cloudwaysapps.com/events/family-book-creator-special-interest-group-sig-2026-06-22/%26sprop%3Dname:Pastfinders%26ctz%3DAmerica/New_York&emr=1 HTTP/1.1" 302 0
DEBUG:urllib3.connectionpool:https://wordpress-810691-5571285.cloudwaysapps.com:443 "GET /wp-content/uploads/2025/08/IMG_0012_2_1566260864-1024x279.webp HTTP/1.1" 200 72824
DEBUG:urllib3.connectionpool:https://accounts.google.com:443 "GET /InteractiveLogin?continue=https://calendar.google.com/calendar/event?action%3DTEMPLATE%26text%3DFamily%2BBook%2BCreator%2BSpecial%2BInterest%2BGroup%2B(SIG)%26dates%3D20260622T190000/20260622T200000%26details%3DThis%2Bgroup%2Bgrew%2Bout%2Bof%2Bour%2Boriginal%2BFBC%2BStudy%2BGroup,%2Ba%2Bjoint%2Beffort%2Bbetween%2BPastfinders%2Band%2BKinseekers.%2BFor%2Bnow,%2Bmembership%2Bis%2Blimited%2Bto%2Bparticipants%2Bof%2Bthat%2Boriginal%2Bgroup,%2Bbut%2Bwe%2Bhope%2Bto%2Bwelcome%2Bmore%2Bmembers%2Bin%2Bthe%2Bfuture.%26location%26trp%3Dfalse%26sprop%3Dhttps://wordpress-810691-5571285.cloudwaysapps.com/events/family-book-creator-special-interest-group-sig-2026-06-22/%26sprop%3Dname:Pastfinders%26ctz%3DAmerica/New_York&emr=1&followup=https://calendar.google.com/calendar/event?action%3DTEMPLATE%26text%3DFamily%2BBook%2BCreator%2BSpecial%2BInterest%2BGroup%2B(SIG)%26dates%3D20260622T190000/20260622T200000%26details%3DThis%2Bgroup%2Bgrew%2Bout%2Bof%2Bour%2Boriginal%2BFBC%2BStudy%2BGroup,%2Ba%2Bjoint%2Beffort%2Bbetween%2BPastfinders%2Band%2BKinseekers.%2BFor%2Bnow,%2Bmembership%2Bis%2Blimited%2Bto%2Bparticipants%2Bof%2Bthat%2Boriginal%2Bgroup,%2Bbut%2Bwe%2Bhope%2Bto%2Bwelcome%2Bmore%2Bmembers%2Bin%2Bthe%2Bfuture.%26location%26trp%3Dfalse%26sprop%3Dhttps://wordpress-810691-5571285.cloudwaysapps.com/events/family-book-creator-special-interest-group-sig-2026-06-22/%26sprop%3Dname:Pastfinders%26ctz%3DAmerica/New_York&osid=1&passive=1209600&service=cl&ifkv=AdBytiM42--tOKok04nOhpjsSvRXEZa3RoHB-gxjE9xknpbJAaIJRgAJXxt51_wNoAZp-LpXQDxp HTTP/1.1" 302 None
DEBUG:root:✅ Image OK: https://wordpress-810691-5571285.cloudwaysapps.com/wp-content/uploads/2025/08/IMG_0012_2_1566260864-1024x279.webp
DEBUG:root:Checking internal image: https://wordpress-810691-5571285.cloudwaysapps.com/wp-content/uploads/2025/08/IMG_0002_1_1566260864-454x1024.webp
DEBUG:urllib3.connectionpool:Starting new HTTPS connection (1): wordpress-810691-5571285.cloudwaysapps.com:443
DEBUG:urllib3.connectionpool:https://accounts.google.com:443 "GET /v3/signin/identifier?continue=https%3A%2F%2Fcalendar.google.com%2Fcalendar%2Fevent%3Faction%3DTEMPLATE%26text%3DFamily%2BBook%2BCreator%2BSpecial%2BInterest%2BGroup%2B%28SIG%29%26dates%3D20260622T190000%2F20260622T200000%26details%3DThis%2Bgroup%2Bgrew%2Bout%2Bof%2Bour%2Boriginal%2BFBC%2BStudy%2BGroup%2C%2Ba%2Bjoint%2Beffort%2Bbetween%2BPastfinders%2Band%2BKinseekers.%2BFor%2Bnow%2C%2Bmembership%2Bis%2Blimited%2Bto%2Bparticipants%2Bof%2Bthat%2Boriginal%2Bgroup%2C%2Bbut%2Bwe%2Bhope%2Bto%2Bwelcome%2Bmore%2Bmembers%2Bin%2Bthe%2Bfuture.%26location%26trp%3Dfalse%26sprop%3Dhttps%3A%2F%2Fwordpress-810691-5571285.cloudwaysapps.com%2Fevents%2Ffamily-book-creator-special-interest-group-sig-2026-06-22%2F%26sprop%3Dname%3APastfinders%26ctz%3DAmerica%2FNew_York&emr=1&followup=https%3A%2F%2Fcalendar.google.com%2Fcalendar%2Fevent%3Faction%3DTEMPLATE%26text%3DFamily%2BBook%2BCreator%2BSpecial%2BInterest%2BGroup%2B%28SIG%29%26dates%3D20260622T190000%2F20260622T200000%26details%3DThis%2Bgroup%2Bgrew%2Bout%2Bof%2Bour%2Boriginal%2BFBC%2BStudy%2BGroup%2C%2Ba%2Bjoint%2Beffort%2Bbetween%2BPastfinders%2Band%2BKinseekers.%2BFor%2Bnow%2C%2Bmembership%2Bis%2Blimited%2Bto%2Bparticipants%2Bof%2Bthat%2Boriginal%2Bgroup%2C%2Bbut%2Bwe%2Bhope%2Bto%2Bwelcome%2Bmore%2Bmembers%2Bin%2Bthe%2Bfuture.%26location%26trp%3Dfalse%26sprop%3Dhttps%3A%2F%2Fwordpress-810691-5571285.cloudwaysapps.com%2Fevents%2Ffamily-book-creator-special-interest-group-sig-2026-06-22%2F%26sprop%3Dname%3APastfinders%26ctz%3DAmerica%2FNew_York&ifkv=AdBytiNF-XXb6fcjtnby21eZkCHRfvXPwcErxbCuzc4nHMVqZbKFoJOSOimc8iNpOgBhD01B0tsy&osid=1&passive=1209600&service=cl&flowName=WebLiteSignIn&flowEntry=ServiceLogin&dsh=S-1104702008%3A1756758156187104 HTTP/1.1" 200 None
DEBUG:urllib3.connectionpool:https://wordpress-810691-5571285.cloudwaysapps.com:443 "GET /wp-content/uploads/2025/08/Scanning_and_One_on_One_May_2019_7_1570500920-1024x683.webp HTTP/1.1" 200 85550
DEBUG:root:✅ Image OK: https://wordpress-810691-5571285.cloudwaysapps.com/wp-content/uploads/2025/08/Scanning_and_One_on_One_May_2019_7_1570500920-1024x683.webp
DEBUG:root:Checking internal image: https://wordpress-810691-5571285.cloudwaysapps.com/wp-content/uploads/2025/08/Scanning_and_One_on_One_May_2019_9_1570500920-1024x683.webp
DEBUG:urllib3.connectionpool:Starting new HTTPS connection (1): wordpress-810691-5571285.cloudwaysapps.com:443
DEBUG:root:✅ Hyperlink OK: https://www.google.com/calendar/event?action=TEMPLATE&text=Family+Book+Creator+Special+Interest+Group+%28SIG%29&dates=20260622T190000/20260622T200000&details=This+group+grew+out+of+our+original+FBC+Study+Group%2C+a+joint+effort+between+Pastfinders+and+Kinseekers.+For+now%2C+membership+is+limited+to+participants+of+that+original+group%2C+but+we+hope+to+welcome+more+members+in+the+future.&location=&trp=false&sprop=https%3A%2F%2Fwordpress-810691-5571285.cloudwaysapps.com%2Fevents%2Ffamily-book-creator-special-interest-group-sig-2026-06-22%2F&sprop=name:Pastfinders&ctz=America%2FNew_York
DEBUG:root:Checking external hyperlink: https://outlook.office.com/calendar/0/deeplink/compose?allday=false&body=This+group+grew+out+of+our+original+FBC+Study+Group%2C+a+joint+effort+between+Pastfinders+and+Kinseekers.+For+now%2C+membership+is+limited+to+participants+of+that+original+group%2C+but+we+hope+to+welcome+more+members+in+the+future.&location=&path=/calendar/action/compose&rru=addevent&startdt=2026-06-22T19%3A00%3A00-04%3A00&enddt=2026-06-22T20%3A00%3A00-04%3A00&subject=Family+Book+Creator+Special+Interest+Group+%28SIG%29
DEBUG:urllib3.connectionpool:https://wordpress-810691-5571285.cloudwaysapps.com:443 "GET /wp-content/uploads/2025/08/IMG_0002_1_1566260864-454x1024.webp HTTP/1.1" 200 74274
DEBUG:urllib3.connectionpool:Starting new HTTPS connection (1): outlook.office.com:443
DEBUG:root:✅ Image OK: https://wordpress-810691-5571285.cloudwaysapps.com/wp-content/uploads/2025/08/IMG_0002_1_1566260864-454x1024.webp
DEBUG:root:Checking internal image: https://wordpress-810691-5571285.cloudwaysapps.com/wp-content/uploads/2025/08/IMG_0012_1566260864-1024x626.webp
DEBUG:urllib3.connectionpool:Starting new HTTPS connection (1): wordpress-810691-5571285.cloudwaysapps.com:443
DEBUG:urllib3.connectionpool:https://wordpress-810691-5571285.cloudwaysapps.com:443 "GET /wp-content/uploads/2025/05/Books_by_Pastfinders_Authors.pdf HTTP/1.1" 404 None
DEBUG:urllib3.connectionpool:https://wordpress-810691-5571285.cloudwaysapps.com:443 "GET /wp-content/uploads/2025/08/Scanning_and_One_on_One_May_2019_9_1570500920-1024x683.webp HTTP/1.1" 200 131750
INFO:root:🏠 📄 Document broken: https://wordpress-810691-5571285.cloudwaysapps.com/wp-content/uploads/2025/05/Books_by_Pastfinders_Authors.pdf (HTTP 404) found on https://wordpress-810691-5571285.cloudwaysapps.com/about-us/genealogy-room/
DEBUG:root:Using regex pattern: \b[a-zA-Z]{3,}\b
DEBUG:root:Found 180 words to check in https://wordpress-810691-5571285.cloudwaysapps.com/about-us/genealogy-room/ (min_length=3)
DEBUG:root:Sample words from https://wordpress-810691-5571285.cloudwaysapps.com/about-us/genealogy-room/: ['This', 'alert', 'Skip', 'content', 'Genealogy', 'Room', 'Pastfinders', 'South', 'Lake', 'County']
DEBUG:root:Spell check results for https://wordpress-810691-5571285.cloudwaysapps.com/about-us/genealogy-room/: 56 words checked, 124 skipped, 0 errors found
INFO:root:✅ Processed https://wordpress-810691-5571285.cloudwaysapps.com/about-us/genealogy-room/: 0 errors found, 246 words checked
DEBUG:root:Attempting to fetch: https://wordpress-810691-5571285.cloudwaysapps.com/events/research-assistance-2025-08-27-2025-09-03-2025-09-10-2025-09-17-2025-09-24-2025-10-01-2025-10-08-2025-10-15-2025-10-22-2025-10-29-2025-11-05-2025-11-12-2025-11-19-2025-11-26-2025-12-03-2-10-2025-12-17/
Processing pages:  10%|█         | 40/381 [00:32<03:35,  1.59it/s]DEBUG:urllib3.connectionpool:https://outlook.office.com:443 "GET /calendar/0/deeplink/compose?allday=false&body=This+group+grew+out+of+our+original+FBC+Study+Group%2C+a+joint+effort+between+Pastfinders+and+Kinseekers.+For+now%2C+membership+is+limited+to+participants+of+that+original+group%2C+but+we+hope+to+welcome+more+members+in+the+future.&location=&path=/calendar/action/compose&rru=addevent&startdt=2026-06-22T19%3A00%3A00-04%3A00&enddt=2026-06-22T20%3A00%3A00-04%3A00&subject=Family+Book+Creator+Special+Interest+Group+%28SIG%29 HTTP/1.1" 200 None
DEBUG:root:✅ Hyperlink OK: https://outlook.office.com/calendar/0/deeplink/compose?allday=false&body=This+group+grew+out+of+our+original+FBC+Study+Group%2C+a+joint+effort+between+Pastfinders+and+Kinseekers.+For+now%2C+membership+is+limited+to+participants+of+that+original+group%2C+but+we+hope+to+welcome+more+members+in+the+future.&location=&path=/calendar/action/compose&rru=addevent&startdt=2026-06-22T19%3A00%3A00-04%3A00&enddt=2026-06-22T20%3A00%3A00-04%3A00&subject=Family+Book+Creator+Special+Interest+Group+%28SIG%29
DEBUG:root:Checking external hyperlink: https://outlook.live.com/calendar/0/deeplink/compose?allday=false&body=This+group+grew+out+of+our+original+FBC+Study+Group%2C+a+joint+effort+between+Pastfinders+and+Kinseekers.+For+now%2C+membership+is+limited+to+participants+of+that+original+group%2C+but+we+hope+to+welcome+more+members+in+the+future.&location=&path=/calendar/action/compose&rru=addevent&startdt=2026-06-22T19%3A00%3A00-04%3A00&enddt=2026-06-22T20%3A00%3A00-04%3A00&subject=Family+Book+Creator+Special+Interest+Group+%28SIG%29
DEBUG:urllib3.connectionpool:Starting new HTTPS connection (1): outlook.live.com:443
DEBUG:urllib3.connectionpool:https://wordpress-810691-5571285.cloudwaysapps.com:443 "GET /events/research-assistance-2025-08-27-2025-09-03-2025-09-10-2025-09-17-2025-09-24-2025-10-01-2025-10-08-2025-10-15-2025-10-22-2025-10-29-2025-11-05-2025-11-12-2025-11-19-2025-11-26-2025-12-03-2-10-2025-12-17/ HTTP/1.1" 200 None
DEBUG:root:Successfully fetched https://wordpress-810691-5571285.cloudwaysapps.com/events/research-assistance-2025-08-27-2025-09-03-2025-09-10-2025-09-17-2025-09-24-2025-10-01-2025-10-08-2025-10-15-2025-10-22-2025-10-29-2025-11-05-2025-11-12-2025-11-19-2025-11-26-2025-12-03-2-10-2025-12-17/ (Content-Length: 44217)
DEBUG:urllib3.connectionpool:https://wordpress-810691-5571285.cloudwaysapps.com:443 "GET /wp-content/uploads/2025/08/IMG_0012_1566260864-1024x626.webp HTTP/1.1" 200 117488
DEBUG:root:✅ Image OK: https://wordpress-810691-5571285.cloudwaysapps.com/wp-content/uploads/2025/08/Scanning_and_One_on_One_May_2019_9_1570500920-1024x683.webp
DEBUG:root:Checking internal image: https://wordpress-810691-5571285.cloudwaysapps.com/wp-content/uploads/2025/08/Scanning_and_One_on_One_May_2019_5_1570500920-1024x683.webp
DEBUG:charset_normalizer:Encoding detection: utf_8 is most likely the one.
DEBUG:urllib3.connectionpool:Starting new HTTPS connection (1): wordpress-810691-5571285.cloudwaysapps.com:443
DEBUG:root:Extracted 492 characters, 85 words from https://wordpress-810691-5571285.cloudwaysapps.com/events/research-assistance-2025-08-27-2025-09-03-2025-09-10-2025-09-17-2025-09-24-2025-10-01-2025-10-08-2025-10-15-2025-10-22-2025-10-29-2025-11-05-2025-11-12-2025-11-19-2025-11-26-2025-12-03-2-10-2025-12-17/
DEBUG:root:Checking external hyperlink: https://www.google.com/calendar/event?action=TEMPLATE&text=Research+Assistance&dates=20251217T130000/20251217T150000&details=Join+us+weekly+in+the+Genealogy+Room+for+in-person+help+with+your+research.+It%E2%80%99s+a+great+chance+to+get+one-on-one+guidance%2C+ask+questions%2C+and+connect+with+others+who+share+your+passion+for+family+history.&location=2525+Oakley+Seaver+Dr%2C+Clermont%2C+FL%2C+34711%2C+United+States&trp=false&sprop=https%3A%2F%2Fwordpress-810691-5571285.cloudwaysapps.com%2Fevents%2Fresearch-assistance-2025-08-27-2025-09-03-2025-09-10-2025-09-17-2025-09-24-2025-10-01-2025-10-08-2025-10-15-2025-10-22-2025-10-29-2025-11-05-2025-11-12-2025-11-19-2025-11-26-2025-12-03-2-10-2025-12-17%2F&sprop=name:Pastfinders&ctz=America%2FNew_York
DEBUG:urllib3.connectionpool:Starting new HTTPS connection (1): www.google.com:443
DEBUG:root:✅ Image OK: https://wordpress-810691-5571285.cloudwaysapps.com/wp-content/uploads/2025/08/IMG_0012_1566260864-1024x626.webp
DEBUG:root:Checking internal image: https://wordpress-810691-5571285.cloudwaysapps.com/wp-content/uploads/2025/08/IMG_0008_1566260864-1024x222.webp
DEBUG:urllib3.connectionpool:Starting new HTTPS connection (1): wordpress-810691-5571285.cloudwaysapps.com:443
DEBUG:urllib3.connectionpool:https://www.google.com:443 "GET /calendar/event?action=TEMPLATE&text=Research+Assistance&dates=20251217T130000/20251217T150000&details=Join+us+weekly+in+the+Genealogy+Room+for+in-person+help+with+your+research.+It%E2%80%99s+a+great+chance+to+get+one-on-one+guidance%2C+ask+questions%2C+and+connect+with+others+who+share+your+passion+for+family+history.&location=2525+Oakley+Seaver+Dr%2C+Clermont%2C+FL%2C+34711%2C+United+States&trp=false&sprop=https%3A%2F%2Fwordpress-810691-5571285.cloudwaysapps.com%2Fevents%2Fresearch-assistance-2025-08-27-2025-09-03-2025-09-10-2025-09-17-2025-09-24-2025-10-01-2025-10-08-2025-10-15-2025-10-22-2025-10-29-2025-11-05-2025-11-12-2025-11-19-2025-11-26-2025-12-03-2-10-2025-12-17%2F&sprop=name:Pastfinders&ctz=America%2FNew_York HTTP/1.1" 302 0
DEBUG:urllib3.connectionpool:Starting new HTTPS connection (1): calendar.google.com:443
DEBUG:urllib3.connectionpool:https://outlook.live.com:443 "GET /calendar/0/deeplink/compose?allday=false&body=This+group+grew+out+of+our+original+FBC+Study+Group%2C+a+joint+effort+between+Pastfinders+and+Kinseekers.+For+now%2C+membership+is+limited+to+participants+of+that+original+group%2C+but+we+hope+to+welcome+more+members+in+the+future.&location=&path=/calendar/action/compose&rru=addevent&startdt=2026-06-22T19%3A00%3A00-04%3A00&enddt=2026-06-22T20%3A00%3A00-04%3A00&subject=Family+Book+Creator+Special+Interest+Group+%28SIG%29 HTTP/1.1" 200 None
DEBUG:root:✅ Hyperlink OK: https://outlook.live.com/calendar/0/deeplink/compose?allday=false&body=This+group+grew+out+of+our+original+FBC+Study+Group%2C+a+joint+effort+between+Pastfinders+and+Kinseekers.+For+now%2C+membership+is+limited+to+participants+of+that+original+group%2C+but+we+hope+to+welcome+more+members+in+the+future.&location=&path=/calendar/action/compose&rru=addevent&startdt=2026-06-22T19%3A00%3A00-04%3A00&enddt=2026-06-22T20%3A00%3A00-04%3A00&subject=Family+Book+Creator+Special+Interest+Group+%28SIG%29
DEBUG:root:Using regex pattern: \b[a-zA-Z]{3,}\b
DEBUG:root:Found 109 words to check in https://wordpress-810691-5571285.cloudwaysapps.com/events/family-book-creator-special-interest-group-sig-2026-06-22/ (min_length=3)
DEBUG:root:Sample words from https://wordpress-810691-5571285.cloudwaysapps.com/events/family-book-creator-special-interest-group-sig-2026-06-22/: ['This', 'alert', 'Skip', 'content', 'Family', 'Book', 'Creator', 'Special', 'Interest', 'Group']
DEBUG:root:Spell check results for https://wordpress-810691-5571285.cloudwaysapps.com/events/family-book-creator-special-interest-group-sig-2026-06-22/: 62 words checked, 47 skipped, 0 errors found
INFO:root:✅ Processed https://wordpress-810691-5571285.cloudwaysapps.com/events/family-book-creator-special-interest-group-sig-2026-06-22/: 0 errors found, 141 words checked
DEBUG:root:Attempting to fetch: https://wordpress-810691-5571285.cloudwaysapps.com/libraries/handy-guide-to-swiss-genealogical-records/
Processing pages:  11%|█         | 41/381 [00:32<03:19,  1.70it/s]DEBUG:urllib3.connectionpool:https://wordpress-810691-5571285.cloudwaysapps.com:443 "GET /wp-content/uploads/2025/08/Scanning_and_One_on_One_May_2019_5_1570500920-1024x683.webp HTTP/1.1" 200 109992
DEBUG:urllib3.connectionpool:https://calendar.google.com:443 "GET /calendar/event?action=TEMPLATE&text=Research+Assistance&dates=20251217T130000/20251217T150000&details=Join+us+weekly+in+the+Genealogy+Room+for+in-person+help+with+your+research.+It%E2%80%99s+a+great+chance+to+get+one-on-one+guidance,+ask+questions,+and+connect+with+others+who+share+your+passion+for+family+history.&location=2525+Oakley+Seaver+Dr,+Clermont,+FL,+34711,+United+States&trp=false&sprop=https://wordpress-810691-5571285.cloudwaysapps.com/events/research-assistance-2025-08-27-2025-09-03-2025-09-10-2025-09-17-2025-09-24-2025-10-01-2025-10-08-2025-10-15-2025-10-22-2025-10-29-2025-11-05-2025-11-12-2025-11-19-2025-11-26-2025-12-03-2-10-2025-12-17/&sprop=name:Pastfinders&ctz=America/New_York HTTP/1.1" 302 0
DEBUG:urllib3.connectionpool:Starting new HTTPS connection (1): accounts.google.com:443
DEBUG:urllib3.connectionpool:https://wordpress-810691-5571285.cloudwaysapps.com:443 "GET /events/family-book-creator-special-interest-group-sig-2026-05-25/ HTTP/1.1" 200 None
DEBUG:root:✅ Image OK: https://wordpress-810691-5571285.cloudwaysapps.com/wp-content/uploads/2025/08/Scanning_and_One_on_One_May_2019_5_1570500920-1024x683.webp
DEBUG:root:Checking internal image: https://wordpress-810691-5571285.cloudwaysapps.com/wp-content/uploads/2025/08/Scanning_and_One_on_One_May_2019_4_1570500920-1024x683.webp
DEBUG:urllib3.connectionpool:Starting new HTTPS connection (1): wordpress-810691-5571285.cloudwaysapps.com:443
DEBUG:urllib3.connectionpool:https://wordpress-810691-5571285.cloudwaysapps.com:443 "GET /wp-content/uploads/2025/08/IMG_0008_1566260864-1024x222.webp HTTP/1.1" 200 72780
DEBUG:root:Successfully fetched https://wordpress-810691-5571285.cloudwaysapps.com/events/family-book-creator-special-interest-group-sig-2026-05-25/ (Content-Length: 42481)
DEBUG:charset_normalizer:Encoding detection: utf_8 is most likely the one.
DEBUG:root:Extracted 842 characters, 141 words from https://wordpress-810691-5571285.cloudwaysapps.com/events/family-book-creator-special-interest-group-sig-2026-05-25/
DEBUG:root:Checking external hyperlink: https://www.google.com/calendar/event?action=TEMPLATE&text=Family+Book+Creator+Special+Interest+Group+%28SIG%29&dates=20260525T190000/20260525T200000&details=This+group+grew+out+of+our+original+FBC+Study+Group%2C+a+joint+effort+between+Pastfinders+and+Kinseekers.+For+now%2C+membership+is+limited+to+participants+of+that+original+group%2C+but+we+hope+to+welcome+more+members+in+the+future.&location=&trp=false&sprop=https%3A%2F%2Fwordpress-810691-5571285.cloudwaysapps.com%2Fevents%2Ffamily-book-creator-special-interest-group-sig-2026-05-25%2F&sprop=name:Pastfinders&ctz=America%2FNew_York
DEBUG:root:✅ Image OK: https://wordpress-810691-5571285.cloudwaysapps.com/wp-content/uploads/2025/08/IMG_0008_1566260864-1024x222.webp
DEBUG:root:Checking internal image: https://wordpress-810691-5571285.cloudwaysapps.com/wp-content/uploads/2025/08/IMG_0002_2_1566260864.webp
DEBUG:urllib3.connectionpool:Starting new HTTPS connection (1): www.google.com:443
DEBUG:urllib3.connectionpool:Starting new HTTPS connection (1): wordpress-810691-5571285.cloudwaysapps.com:443
DEBUG:urllib3.connectionpool:https://accounts.google.com:443 "GET /ServiceLogin?service=cl&passive=1209600&osid=1&continue=https://calendar.google.com/calendar/event?action%3DTEMPLATE%26text%3DResearch%2BAssistance%26dates%3D20251217T130000/20251217T150000%26details%3DJoin%2Bus%2Bweekly%2Bin%2Bthe%2BGenealogy%2BRoom%2Bfor%2Bin-person%2Bhelp%2Bwith%2Byour%2Bresearch.%2BIt%25E2%2580%2599s%2Ba%2Bgreat%2Bchance%2Bto%2Bget%2Bone-on-one%2Bguidance,%2Bask%2Bquestions,%2Band%2Bconnect%2Bwith%2Bothers%2Bwho%2Bshare%2Byour%2Bpassion%2Bfor%2Bfamily%2Bhistory.%26location%3D2525%2BOakley%2BSeaver%2BDr,%2BClermont,%2BFL,%2B34711,%2BUnited%2BStates%26trp%3Dfalse%26sprop%3Dhttps://wordpress-810691-5571285.cloudwaysapps.com/events/research-assistance-2025-08-27-2025-09-03-2025-09-10-2025-09-17-2025-09-24-2025-10-01-2025-10-08-2025-10-15-2025-10-22-2025-10-29-2025-11-05-2025-11-12-2025-11-19-2025-11-26-2025-12-03-2-10-2025-12-17/%26sprop%3Dname:Pastfinders%26ctz%3DAmerica/New_York&followup=https://calendar.google.com/calendar/event?action%3DTEMPLATE%26text%3DResearch%2BAssistance%26dates%3D20251217T130000/20251217T150000%26details%3DJoin%2Bus%2Bweekly%2Bin%2Bthe%2BGenealogy%2BRoom%2Bfor%2Bin-person%2Bhelp%2Bwith%2Byour%2Bresearch.%2BIt%25E2%2580%2599s%2Ba%2Bgreat%2Bchance%2Bto%2Bget%2Bone-on-one%2Bguidance,%2Bask%2Bquestions,%2Band%2Bconnect%2Bwith%2Bothers%2Bwho%2Bshare%2Byour%2Bpassion%2Bfor%2Bfamily%2Bhistory.%26location%3D2525%2BOakley%2BSeaver%2BDr,%2BClermont,%2BFL,%2B34711,%2BUnited%2BStates%26trp%3Dfalse%26sprop%3Dhttps://wordpress-810691-5571285.cloudwaysapps.com/events/research-assistance-2025-08-27-2025-09-03-2025-09-10-2025-09-17-2025-09-24-2025-10-01-2025-10-08-2025-10-15-2025-10-22-2025-10-29-2025-11-05-2025-11-12-2025-11-19-2025-11-26-2025-12-03-2-10-2025-12-17/%26sprop%3Dname:Pastfinders%26ctz%3DAmerica/New_York&emr=1 HTTP/1.1" 302 0
DEBUG:urllib3.connectionpool:https://accounts.google.com:443 "GET /InteractiveLogin?continue=https://calendar.google.com/calendar/event?action%3DTEMPLATE%26text%3DResearch%2BAssistance%26dates%3D20251217T130000/20251217T150000%26details%3DJoin%2Bus%2Bweekly%2Bin%2Bthe%2BGenealogy%2BRoom%2Bfor%2Bin-person%2Bhelp%2Bwith%2Byour%2Bresearch.%2BIt%25E2%2580%2599s%2Ba%2Bgreat%2Bchance%2Bto%2Bget%2Bone-on-one%2Bguidance,%2Bask%2Bquestions,%2Band%2Bconnect%2Bwith%2Bothers%2Bwho%2Bshare%2Byour%2Bpassion%2Bfor%2Bfamily%2Bhistory.%26location%3D2525%2BOakley%2BSeaver%2BDr,%2BClermont,%2BFL,%2B34711,%2BUnited%2BStates%26trp%3Dfalse%26sprop%3Dhttps://wordpress-810691-5571285.cloudwaysapps.com/events/research-assistance-2025-08-27-2025-09-03-2025-09-10-2025-09-17-2025-09-24-2025-10-01-2025-10-08-2025-10-15-2025-10-22-2025-10-29-2025-11-05-2025-11-12-2025-11-19-2025-11-26-2025-12-03-2-10-2025-12-17/%26sprop%3Dname:Pastfinders%26ctz%3DAmerica/New_York&emr=1&followup=https://calendar.google.com/calendar/event?action%3DTEMPLATE%26text%3DResearch%2BAssistance%26dates%3D20251217T130000/20251217T150000%26details%3DJoin%2Bus%2Bweekly%2Bin%2Bthe%2BGenealogy%2BRoom%2Bfor%2Bin-person%2Bhelp%2Bwith%2Byour%2Bresearch.%2BIt%25E2%2580%2599s%2Ba%2Bgreat%2Bchance%2Bto%2Bget%2Bone-on-one%2Bguidance,%2Bask%2Bquestions,%2Band%2Bconnect%2Bwith%2Bothers%2Bwho%2Bshare%2Byour%2Bpassion%2Bfor%2Bfamily%2Bhistory.%26location%3D2525%2BOakley%2BSeaver%2BDr,%2BClermont,%2BFL,%2B34711,%2BUnited%2BStates%26trp%3Dfalse%26sprop%3Dhttps://wordpress-810691-5571285.cloudwaysapps.com/events/research-assistance-2025-08-27-2025-09-03-2025-09-10-2025-09-17-2025-09-24-2025-10-01-2025-10-08-2025-10-15-2025-10-22-2025-10-29-2025-11-05-2025-11-12-2025-11-19-2025-11-26-2025-12-03-2-10-2025-12-17/%26sprop%3Dname:Pastfinders%26ctz%3DAmerica/New_York&osid=1&passive=1209600&service=cl&ifkv=AdBytiMimyKtti6c5_TfXYqNvZVAKvG57iF-fBD_Ww_TqcwSs1s3TQtq16Dbr-y41R2ZvzHCwHObvA HTTP/1.1" 302 None
DEBUG:urllib3.connectionpool:https://www.google.com:443 "GET /calendar/event?action=TEMPLATE&text=Family+Book+Creator+Special+Interest+Group+%28SIG%29&dates=20260525T190000/20260525T200000&details=This+group+grew+out+of+our+original+FBC+Study+Group%2C+a+joint+effort+between+Pastfinders+and+Kinseekers.+For+now%2C+membership+is+limited+to+participants+of+that+original+group%2C+but+we+hope+to+welcome+more+members+in+the+future.&location=&trp=false&sprop=https%3A%2F%2Fwordpress-810691-5571285.cloudwaysapps.com%2Fevents%2Ffamily-book-creator-special-interest-group-sig-2026-05-25%2F&sprop=name:Pastfinders&ctz=America%2FNew_York HTTP/1.1" 302 0
DEBUG:urllib3.connectionpool:Starting new HTTPS connection (1): calendar.google.com:443
DEBUG:urllib3.connectionpool:https://accounts.google.com:443 "GET /v3/signin/identifier?continue=https%3A%2F%2Fcalendar.google.com%2Fcalendar%2Fevent%3Faction%3DTEMPLATE%26text%3DResearch%2BAssistance%26dates%3D20251217T130000%2F20251217T150000%26details%3DJoin%2Bus%2Bweekly%2Bin%2Bthe%2BGenealogy%2BRoom%2Bfor%2Bin-person%2Bhelp%2Bwith%2Byour%2Bresearch.%2BIt%25E2%2580%2599s%2Ba%2Bgreat%2Bchance%2Bto%2Bget%2Bone-on-one%2Bguidance%2C%2Bask%2Bquestions%2C%2Band%2Bconnect%2Bwith%2Bothers%2Bwho%2Bshare%2Byour%2Bpassion%2Bfor%2Bfamily%2Bhistory.%26location%3D2525%2BOakley%2BSeaver%2BDr%2C%2BClermont%2C%2BFL%2C%2B34711%2C%2BUnited%2BStates%26trp%3Dfalse%26sprop%3Dhttps%3A%2F%2Fwordpress-810691-5571285.cloudwaysapps.com%2Fevents%2Fresearch-assistance-2025-08-27-2025-09-03-2025-09-10-2025-09-17-2025-09-24-2025-10-01-2025-10-08-2025-10-15-2025-10-22-2025-10-29-2025-11-05-2025-11-12-2025-11-19-2025-11-26-2025-12-03-2-10-2025-12-17%2F%26sprop%3Dname%3APastfinders%26ctz%3DAmerica%2FNew_York&emr=1&followup=https%3A%2F%2Fcalendar.google.com%2Fcalendar%2Fevent%3Faction%3DTEMPLATE%26text%3DResearch%2BAssistance%26dates%3D20251217T130000%2F20251217T150000%26details%3DJoin%2Bus%2Bweekly%2Bin%2Bthe%2BGenealogy%2BRoom%2Bfor%2Bin-person%2Bhelp%2Bwith%2Byour%2Bresearch.%2BIt%25E2%2580%2599s%2Ba%2Bgreat%2Bchance%2Bto%2Bget%2Bone-on-one%2Bguidance%2C%2Bask%2Bquestions%2C%2Band%2Bconnect%2Bwith%2Bothers%2Bwho%2Bshare%2Byour%2Bpassion%2Bfor%2Bfamily%2Bhistory.%26location%3D2525%2BOakley%2BSeaver%2BDr%2C%2BClermont%2C%2BFL%2C%2B34711%2C%2BUnited%2BStates%26trp%3Dfalse%26sprop%3Dhttps%3A%2F%2Fwordpress-810691-5571285.cloudwaysapps.com%2Fevents%2Fresearch-assistance-2025-08-27-2025-09-03-2025-09-10-2025-09-17-2025-09-24-2025-10-01-2025-10-08-2025-10-15-2025-10-22-2025-10-29-2025-11-05-2025-11-12-2025-11-19-2025-11-26-2025-12-03-2-10-2025-12-17%2F%26sprop%3Dname%3APastfinders%26ctz%3DAmerica%2FNew_York&ifkv=AdBytiN1IoYL8rckYrjfcfeSvruEy3EEpaXsGiYJDCzlYwIgzalWIhij9O4ZJkdUo8TnAFJBm76Z5g&osid=1&passive=1209600&service=cl&flowName=WebLiteSignIn&flowEntry=ServiceLogin&dsh=S991229086%3A1756758157427440 HTTP/1.1" 200 None
DEBUG:urllib3.connectionpool:https://wordpress-810691-5571285.cloudwaysapps.com:443 "GET /wp-content/uploads/2025/08/Scanning_and_One_on_One_May_2019_4_1570500920-1024x683.webp HTTP/1.1" 200 107252
DEBUG:root:✅ Hyperlink OK: https://www.google.com/calendar/event?action=TEMPLATE&text=Research+Assistance&dates=20251217T130000/20251217T150000&details=Join+us+weekly+in+the+Genealogy+Room+for+in-person+help+with+your+research.+It%E2%80%99s+a+great+chance+to+get+one-on-one+guidance%2C+ask+questions%2C+and+connect+with+others+who+share+your+passion+for+family+history.&location=2525+Oakley+Seaver+Dr%2C+Clermont%2C+FL%2C+34711%2C+United+States&trp=false&sprop=https%3A%2F%2Fwordpress-810691-5571285.cloudwaysapps.com%2Fevents%2Fresearch-assistance-2025-08-27-2025-09-03-2025-09-10-2025-09-17-2025-09-24-2025-10-01-2025-10-08-2025-10-15-2025-10-22-2025-10-29-2025-11-05-2025-11-12-2025-11-19-2025-11-26-2025-12-03-2-10-2025-12-17%2F&sprop=name:Pastfinders&ctz=America%2FNew_York
DEBUG:root:Checking external hyperlink: https://outlook.office.com/calendar/0/deeplink/compose?allday=false&body=Join+us+weekly+in+the+Genealogy+Room+for+in-person+help+with+your+research.+It%E2%80%99s+a+great+chance+to+get+one-on-one+guidance%2C+ask+questions%2C+and+connect+with+others+who+share+your+passion+for+family+history.&location=2525+Oakley+Seaver+Dr%2C+Clermont%2C+FL%2C+34711%2C+United+States&path=/calendar/action/compose&rru=addevent&startdt=2025-12-17T13%3A00%3A00-05%3A00&enddt=2025-12-17T15%3A00%3A00-05%3A00&subject=Research+Assistance
DEBUG:urllib3.connectionpool:Starting new HTTPS connection (1): outlook.office.com:443
DEBUG:urllib3.connectionpool:https://calendar.google.com:443 "GET /calendar/event?action=TEMPLATE&text=Family+Book+Creator+Special+Interest+Group+(SIG)&dates=20260525T190000/20260525T200000&details=This+group+grew+out+of+our+original+FBC+Study+Group,+a+joint+effort+between+Pastfinders+and+Kinseekers.+For+now,+membership+is+limited+to+participants+of+that+original+group,+but+we+hope+to+welcome+more+members+in+the+future.&location&trp=false&sprop=https://wordpress-810691-5571285.cloudwaysapps.com/events/family-book-creator-special-interest-group-sig-2026-05-25/&sprop=name:Pastfinders&ctz=America/New_York HTTP/1.1" 302 0
DEBUG:urllib3.connectionpool:https://wordpress-810691-5571285.cloudwaysapps.com:443 "GET /wp-content/uploads/2025/08/IMG_0002_2_1566260864.webp HTTP/1.1" 200 103450
DEBUG:urllib3.connectionpool:Starting new HTTPS connection (1): accounts.google.com:443
DEBUG:root:✅ Image OK: https://wordpress-810691-5571285.cloudwaysapps.com/wp-content/uploads/2025/08/Scanning_and_One_on_One_May_2019_4_1570500920-1024x683.webp
DEBUG:root:Checking internal image: https://wordpress-810691-5571285.cloudwaysapps.com/wp-content/uploads/2025/08/Scanning_and_One_on_One_May_2019_2_1570500920-1024x683.webp
DEBUG:urllib3.connectionpool:Starting new HTTPS connection (1): wordpress-810691-5571285.cloudwaysapps.com:443
DEBUG:root:✅ Image OK: https://wordpress-810691-5571285.cloudwaysapps.com/wp-content/uploads/2025/08/IMG_0002_2_1566260864.webp
DEBUG:root:Checking internal image: https://wordpress-810691-5571285.cloudwaysapps.com/wp-content/uploads/2025/08/IMG_0005_2_1566260864-1024x722.webp
DEBUG:urllib3.connectionpool:Starting new HTTPS connection (1): wordpress-810691-5571285.cloudwaysapps.com:443
DEBUG:urllib3.connectionpool:https://accounts.google.com:443 "GET /ServiceLogin?service=cl&passive=1209600&osid=1&continue=https://calendar.google.com/calendar/event?action%3DTEMPLATE%26text%3DFamily%2BBook%2BCreator%2BSpecial%2BInterest%2BGroup%2B(SIG)%26dates%3D20260525T190000/20260525T200000%26details%3DThis%2Bgroup%2Bgrew%2Bout%2Bof%2Bour%2Boriginal%2BFBC%2BStudy%2BGroup,%2Ba%2Bjoint%2Beffort%2Bbetween%2BPastfinders%2Band%2BKinseekers.%2BFor%2Bnow,%2Bmembership%2Bis%2Blimited%2Bto%2Bparticipants%2Bof%2Bthat%2Boriginal%2Bgroup,%2Bbut%2Bwe%2Bhope%2Bto%2Bwelcome%2Bmore%2Bmembers%2Bin%2Bthe%2Bfuture.%26location%26trp%3Dfalse%26sprop%3Dhttps://wordpress-810691-5571285.cloudwaysapps.com/events/family-book-creator-special-interest-group-sig-2026-05-25/%26sprop%3Dname:Pastfinders%26ctz%3DAmerica/New_York&followup=https://calendar.google.com/calendar/event?action%3DTEMPLATE%26text%3DFamily%2BBook%2BCreator%2BSpecial%2BInterest%2BGroup%2B(SIG)%26dates%3D20260525T190000/20260525T200000%26details%3DThis%2Bgroup%2Bgrew%2Bout%2Bof%2Bour%2Boriginal%2BFBC%2BStudy%2BGroup,%2Ba%2Bjoint%2Beffort%2Bbetween%2BPastfinders%2Band%2BKinseekers.%2BFor%2Bnow,%2Bmembership%2Bis%2Blimited%2Bto%2Bparticipants%2Bof%2Bthat%2Boriginal%2Bgroup,%2Bbut%2Bwe%2Bhope%2Bto%2Bwelcome%2Bmore%2Bmembers%2Bin%2Bthe%2Bfuture.%26location%26trp%3Dfalse%26sprop%3Dhttps://wordpress-810691-5571285.cloudwaysapps.com/events/family-book-creator-special-interest-group-sig-2026-05-25/%26sprop%3Dname:Pastfinders%26ctz%3DAmerica/New_York&emr=1 HTTP/1.1" 302 0
DEBUG:urllib3.connectionpool:https://outlook.office.com:443 "GET /calendar/0/deeplink/compose?allday=false&body=Join+us+weekly+in+the+Genealogy+Room+for+in-person+help+with+your+research.+It%E2%80%99s+a+great+chance+to+get+one-on-one+guidance%2C+ask+questions%2C+and+connect+with+others+who+share+your+passion+for+family+history.&location=2525+Oakley+Seaver+Dr%2C+Clermont%2C+FL%2C+34711%2C+United+States&path=/calendar/action/compose&rru=addevent&startdt=2025-12-17T13%3A00%3A00-05%3A00&enddt=2025-12-17T15%3A00%3A00-05%3A00&subject=Research+Assistance HTTP/1.1" 200 None
DEBUG:root:✅ Hyperlink OK: https://outlook.office.com/calendar/0/deeplink/compose?allday=false&body=Join+us+weekly+in+the+Genealogy+Room+for+in-person+help+with+your+research.+It%E2%80%99s+a+great+chance+to+get+one-on-one+guidance%2C+ask+questions%2C+and+connect+with+others+who+share+your+passion+for+family+history.&location=2525+Oakley+Seaver+Dr%2C+Clermont%2C+FL%2C+34711%2C+United+States&path=/calendar/action/compose&rru=addevent&startdt=2025-12-17T13%3A00%3A00-05%3A00&enddt=2025-12-17T15%3A00%3A00-05%3A00&subject=Research+Assistance
DEBUG:root:Checking external hyperlink: https://outlook.live.com/calendar/0/deeplink/compose?allday=false&body=Join+us+weekly+in+the+Genealogy+Room+for+in-person+help+with+your+research.+It%E2%80%99s+a+great+chance+to+get+one-on-one+guidance%2C+ask+questions%2C+and+connect+with+others+who+share+your+passion+for+family+history.&location=2525+Oakley+Seaver+Dr%2C+Clermont%2C+FL%2C+34711%2C+United+States&path=/calendar/action/compose&rru=addevent&startdt=2025-12-17T13%3A00%3A00-05%3A00&enddt=2025-12-17T15%3A00%3A00-05%3A00&subject=Research+Assistance
DEBUG:urllib3.connectionpool:Starting new HTTPS connection (1): outlook.live.com:443
DEBUG:urllib3.connectionpool:https://accounts.google.com:443 "GET /InteractiveLogin?continue=https://calendar.google.com/calendar/event?action%3DTEMPLATE%26text%3DFamily%2BBook%2BCreator%2BSpecial%2BInterest%2BGroup%2B(SIG)%26dates%3D20260525T190000/20260525T200000%26details%3DThis%2Bgroup%2Bgrew%2Bout%2Bof%2Bour%2Boriginal%2BFBC%2BStudy%2BGroup,%2Ba%2Bjoint%2Beffort%2Bbetween%2BPastfinders%2Band%2BKinseekers.%2BFor%2Bnow,%2Bmembership%2Bis%2Blimited%2Bto%2Bparticipants%2Bof%2Bthat%2Boriginal%2Bgroup,%2Bbut%2Bwe%2Bhope%2Bto%2Bwelcome%2Bmore%2Bmembers%2Bin%2Bthe%2Bfuture.%26location%26trp%3Dfalse%26sprop%3Dhttps://wordpress-810691-5571285.cloudwaysapps.com/events/family-book-creator-special-interest-group-sig-2026-05-25/%26sprop%3Dname:Pastfinders%26ctz%3DAmerica/New_York&emr=1&followup=https://calendar.google.com/calendar/event?action%3DTEMPLATE%26text%3DFamily%2BBook%2BCreator%2BSpecial%2BInterest%2BGroup%2B(SIG)%26dates%3D20260525T190000/20260525T200000%26details%3DThis%2Bgroup%2Bgrew%2Bout%2Bof%2Bour%2Boriginal%2BFBC%2BStudy%2BGroup,%2Ba%2Bjoint%2Beffort%2Bbetween%2BPastfinders%2Band%2BKinseekers.%2BFor%2Bnow,%2Bmembership%2Bis%2Blimited%2Bto%2Bparticipants%2Bof%2Bthat%2Boriginal%2Bgroup,%2Bbut%2Bwe%2Bhope%2Bto%2Bwelcome%2Bmore%2Bmembers%2Bin%2Bthe%2Bfuture.%26location%26trp%3Dfalse%26sprop%3Dhttps://wordpress-810691-5571285.cloudwaysapps.com/events/family-book-creator-special-interest-group-sig-2026-05-25/%26sprop%3Dname:Pastfinders%26ctz%3DAmerica/New_York&osid=1&passive=1209600&service=cl&ifkv=AdBytiNUEOd82jV-MCAD5oOQsK2Kl9yFvPKT9aKeKUmHFYoRg41ns95ECNlyntQBUMgaKtb03ZntTg HTTP/1.1" 302 None
DEBUG:urllib3.connectionpool:https://accounts.google.com:443 "GET /v3/signin/identifier?continue=https%3A%2F%2Fcalendar.google.com%2Fcalendar%2Fevent%3Faction%3DTEMPLATE%26text%3DFamily%2BBook%2BCreator%2BSpecial%2BInterest%2BGroup%2B%28SIG%29%26dates%3D20260525T190000%2F20260525T200000%26details%3DThis%2Bgroup%2Bgrew%2Bout%2Bof%2Bour%2Boriginal%2BFBC%2BStudy%2BGroup%2C%2Ba%2Bjoint%2Beffort%2Bbetween%2BPastfinders%2Band%2BKinseekers.%2BFor%2Bnow%2C%2Bmembership%2Bis%2Blimited%2Bto%2Bparticipants%2Bof%2Bthat%2Boriginal%2Bgroup%2C%2Bbut%2Bwe%2Bhope%2Bto%2Bwelcome%2Bmore%2Bmembers%2Bin%2Bthe%2Bfuture.%26location%26trp%3Dfalse%26sprop%3Dhttps%3A%2F%2Fwordpress-810691-5571285.cloudwaysapps.com%2Fevents%2Ffamily-book-creator-special-interest-group-sig-2026-05-25%2F%26sprop%3Dname%3APastfinders%26ctz%3DAmerica%2FNew_York&emr=1&followup=https%3A%2F%2Fcalendar.google.com%2Fcalendar%2Fevent%3Faction%3DTEMPLATE%26text%3DFamily%2BBook%2BCreator%2BSpecial%2BInterest%2BGroup%2B%28SIG%29%26dates%3D20260525T190000%2F20260525T200000%26details%3DThis%2Bgroup%2Bgrew%2Bout%2Bof%2Bour%2Boriginal%2BFBC%2BStudy%2BGroup%2C%2Ba%2Bjoint%2Beffort%2Bbetween%2BPastfinders%2Band%2BKinseekers.%2BFor%2Bnow%2C%2Bmembership%2Bis%2Blimited%2Bto%2Bparticipants%2Bof%2Bthat%2Boriginal%2Bgroup%2C%2Bbut%2Bwe%2Bhope%2Bto%2Bwelcome%2Bmore%2Bmembers%2Bin%2Bthe%2Bfuture.%26location%26trp%3Dfalse%26sprop%3Dhttps%3A%2F%2Fwordpress-810691-5571285.cloudwaysapps.com%2Fevents%2Ffamily-book-creator-special-interest-group-sig-2026-05-25%2F%26sprop%3Dname%3APastfinders%26ctz%3DAmerica%2FNew_York&ifkv=AdBytiNzzF2jU8XICo-lG_lQUshEkUsRZ1r3Xsqyr1C2CtQNoCSa3tgSJX_IWvIVW-roMcxH0gEv1Q&osid=1&passive=1209600&service=cl&flowName=WebLiteSignIn&flowEntry=ServiceLogin&dsh=S925628148%3A1756758157792868 HTTP/1.1" 200 None
DEBUG:urllib3.connectionpool:https://wordpress-810691-5571285.cloudwaysapps.com:443 "GET /wp-content/uploads/2025/08/Scanning_and_One_on_One_May_2019_2_1570500920-1024x683.webp HTTP/1.1" 200 145942
DEBUG:root:✅ Hyperlink OK: https://www.google.com/calendar/event?action=TEMPLATE&text=Family+Book+Creator+Special+Interest+Group+%28SIG%29&dates=20260525T190000/20260525T200000&details=This+group+grew+out+of+our+original+FBC+Study+Group%2C+a+joint+effort+between+Pastfinders+and+Kinseekers.+For+now%2C+membership+is+limited+to+participants+of+that+original+group%2C+but+we+hope+to+welcome+more+members+in+the+future.&location=&trp=false&sprop=https%3A%2F%2Fwordpress-810691-5571285.cloudwaysapps.com%2Fevents%2Ffamily-book-creator-special-interest-group-sig-2026-05-25%2F&sprop=name:Pastfinders&ctz=America%2FNew_York
DEBUG:root:Checking external hyperlink: https://outlook.office.com/calendar/0/deeplink/compose?allday=false&body=This+group+grew+out+of+our+original+FBC+Study+Group%2C+a+joint+effort+between+Pastfinders+and+Kinseekers.+For+now%2C+membership+is+limited+to+participants+of+that+original+group%2C+but+we+hope+to+welcome+more+members+in+the+future.&location=&path=/calendar/action/compose&rru=addevent&startdt=2026-05-25T19%3A00%3A00-04%3A00&enddt=2026-05-25T20%3A00%3A00-04%3A00&subject=Family+Book+Creator+Special+Interest+Group+%28SIG%29
DEBUG:urllib3.connectionpool:https://wordpress-810691-5571285.cloudwaysapps.com:443 "GET /wp-content/uploads/2025/08/IMG_0005_2_1566260864-1024x722.webp HTTP/1.1" 200 99236
DEBUG:urllib3.connectionpool:Starting new HTTPS connection (1): outlook.office.com:443
DEBUG:urllib3.connectionpool:https://outlook.live.com:443 "GET /calendar/0/deeplink/compose?allday=false&body=Join+us+weekly+in+the+Genealogy+Room+for+in-person+help+with+your+research.+It%E2%80%99s+a+great+chance+to+get+one-on-one+guidance%2C+ask+questions%2C+and+connect+with+others+who+share+your+passion+for+family+history.&location=2525+Oakley+Seaver+Dr%2C+Clermont%2C+FL%2C+34711%2C+United+States&path=/calendar/action/compose&rru=addevent&startdt=2025-12-17T13%3A00%3A00-05%3A00&enddt=2025-12-17T15%3A00%3A00-05%3A00&subject=Research+Assistance HTTP/1.1" 200 None
DEBUG:root:✅ Hyperlink OK: https://outlook.live.com/calendar/0/deeplink/compose?allday=false&body=Join+us+weekly+in+the+Genealogy+Room+for+in-person+help+with+your+research.+It%E2%80%99s+a+great+chance+to+get+one-on-one+guidance%2C+ask+questions%2C+and+connect+with+others+who+share+your+passion+for+family+history.&location=2525+Oakley+Seaver+Dr%2C+Clermont%2C+FL%2C+34711%2C+United+States&path=/calendar/action/compose&rru=addevent&startdt=2025-12-17T13%3A00%3A00-05%3A00&enddt=2025-12-17T15%3A00%3A00-05%3A00&subject=Research+Assistance
DEBUG:root:Using regex pattern: \b[a-zA-Z]{3,}\b
DEBUG:root:Found 58 words to check in https://wordpress-810691-5571285.cloudwaysapps.com/events/research-assistance-2025-08-27-2025-09-03-2025-09-10-2025-09-17-2025-09-24-2025-10-01-2025-10-08-2025-10-15-2025-10-22-2025-10-29-2025-11-05-2025-11-12-2025-11-19-2025-11-26-2025-12-03-2-10-2025-12-17/ (min_length=3)
DEBUG:root:Sample words from https://wordpress-810691-5571285.cloudwaysapps.com/events/research-assistance-2025-08-27-2025-09-03-2025-09-10-2025-09-17-2025-09-24-2025-10-01-2025-10-08-2025-10-15-2025-10-22-2025-10-29-2025-11-05-2025-11-12-2025-11-19-2025-11-26-2025-12-03-2-10-2025-12-17/: ['This', 'alert', 'Skip', 'content', 'Research', 'Assistance', 'When', 'December', 'Add', 'Calendar']
DEBUG:root:Spell check results for https://wordpress-810691-5571285.cloudwaysapps.com/events/research-assistance-2025-08-27-2025-09-03-2025-09-10-2025-09-17-2025-09-24-2025-10-01-2025-10-08-2025-10-15-2025-10-22-2025-10-29-2025-11-05-2025-11-12-2025-11-19-2025-11-26-2025-12-03-2-10-2025-12-17/: 30 words checked, 28 skipped, 0 errors found
INFO:root:✅ Processed https://wordpress-810691-5571285.cloudwaysapps.com/events/research-assistance-2025-08-27-2025-09-03-2025-09-10-2025-09-17-2025-09-24-2025-10-01-2025-10-08-2025-10-15-2025-10-22-2025-10-29-2025-11-05-2025-11-12-2025-11-19-2025-11-26-2025-12-03-2-10-2025-12-17/: 0 errors found, 85 words checked
DEBUG:root:Attempting to fetch: https://wordpress-810691-5571285.cloudwaysapps.com/events/september-presentation-untangling-difficult-dna/
Processing pages:  11%|█         | 42/381 [00:33<03:45,  1.51it/s]DEBUG:root:✅ Image OK: https://wordpress-810691-5571285.cloudwaysapps.com/wp-content/uploads/2025/08/Scanning_and_One_on_One_May_2019_2_1570500920-1024x683.webp
DEBUG:root:✅ Image OK: https://wordpress-810691-5571285.cloudwaysapps.com/wp-content/uploads/2025/08/IMG_0005_2_1566260864-1024x722.webp
DEBUG:root:Using regex pattern: \b[a-zA-Z]{3,}\b
DEBUG:root:Found 30 words to check in https://wordpress-810691-5571285.cloudwaysapps.com/galleries/2019-may-scanning-on-on-one/ (min_length=3)
DEBUG:root:Sample words from https://wordpress-810691-5571285.cloudwaysapps.com/galleries/2019-may-scanning-on-on-one/: ['This', 'alert', 'Skip', 'content', 'May', 'Scanning', 'One', 'images', 'Click', 'view']
DEBUG:root:Spell check results for https://wordpress-810691-5571285.cloudwaysapps.com/galleries/2019-may-scanning-on-on-one/: 12 words checked, 18 skipped, 0 errors found
INFO:root:✅ Processed https://wordpress-810691-5571285.cloudwaysapps.com/galleries/2019-may-scanning-on-on-one/: 0 errors found, 62 words checked
DEBUG:root:Attempting to fetch: https://wordpress-810691-5571285.cloudwaysapps.com/events/research-assistance-2025-08-27-2025-09-03-2025-09-10-2025-09-17/
DEBUG:root:Checking internal image: https://wordpress-810691-5571285.cloudwaysapps.com/wp-content/uploads/2025/08/IMG_0010_2_1566260864.webp
DEBUG:urllib3.connectionpool:Starting new HTTPS connection (1): wordpress-810691-5571285.cloudwaysapps.com:443
DEBUG:urllib3.connectionpool:https://outlook.office.com:443 "GET /calendar/0/deeplink/compose?allday=false&body=This+group+grew+out+of+our+original+FBC+Study+Group%2C+a+joint+effort+between+Pastfinders+and+Kinseekers.+For+now%2C+membership+is+limited+to+participants+of+that+original+group%2C+but+we+hope+to+welcome+more+members+in+the+future.&location=&path=/calendar/action/compose&rru=addevent&startdt=2026-05-25T19%3A00%3A00-04%3A00&enddt=2026-05-25T20%3A00%3A00-04%3A00&subject=Family+Book+Creator+Special+Interest+Group+%28SIG%29 HTTP/1.1" 200 None
DEBUG:root:✅ Hyperlink OK: https://outlook.office.com/calendar/0/deeplink/compose?allday=false&body=This+group+grew+out+of+our+original+FBC+Study+Group%2C+a+joint+effort+between+Pastfinders+and+Kinseekers.+For+now%2C+membership+is+limited+to+participants+of+that+original+group%2C+but+we+hope+to+welcome+more+members+in+the+future.&location=&path=/calendar/action/compose&rru=addevent&startdt=2026-05-25T19%3A00%3A00-04%3A00&enddt=2026-05-25T20%3A00%3A00-04%3A00&subject=Family+Book+Creator+Special+Interest+Group+%28SIG%29
DEBUG:root:Checking external hyperlink: https://outlook.live.com/calendar/0/deeplink/compose?allday=false&body=This+group+grew+out+of+our+original+FBC+Study+Group%2C+a+joint+effort+between+Pastfinders+and+Kinseekers.+For+now%2C+membership+is+limited+to+participants+of+that+original+group%2C+but+we+hope+to+welcome+more+members+in+the+future.&location=&path=/calendar/action/compose&rru=addevent&startdt=2026-05-25T19%3A00%3A00-04%3A00&enddt=2026-05-25T20%3A00%3A00-04%3A00&subject=Family+Book+Creator+Special+Interest+Group+%28SIG%29
DEBUG:urllib3.connectionpool:https://wordpress-810691-5571285.cloudwaysapps.com:443 "GET /libraries/handy-guide-to-swiss-genealogical-records/ HTTP/1.1" 200 None
DEBUG:urllib3.connectionpool:Starting new HTTPS connection (1): outlook.live.com:443
DEBUG:urllib3.connectionpool:https://wordpress-810691-5571285.cloudwaysapps.com:443 "GET /wp-content/uploads/2025/08/IMG_0010_2_1566260864.webp HTTP/1.1" 200 117520
DEBUG:urllib3.connectionpool:https://wordpress-810691-5571285.cloudwaysapps.com:443 "GET /events/september-presentation-untangling-difficult-dna/ HTTP/1.1" 200 None
DEBUG:root:Successfully fetched https://wordpress-810691-5571285.cloudwaysapps.com/events/september-presentation-untangling-difficult-dna/ (Content-Length: 44937)
DEBUG:charset_normalizer:Encoding detection: utf_8 is most likely the one.
DEBUG:root:Successfully fetched https://wordpress-810691-5571285.cloudwaysapps.com/libraries/handy-guide-to-swiss-genealogical-records/ (Content-Length: 36426)
DEBUG:charset_normalizer:Encoding detection: utf_8 is most likely the one.
DEBUG:root:Extracted 106 characters, 19 words from https://wordpress-810691-5571285.cloudwaysapps.com/libraries/handy-guide-to-swiss-genealogical-records/
DEBUG:root:Using regex pattern: \b[a-zA-Z]{3,}\b
DEBUG:root:Found 10 words to check in https://wordpress-810691-5571285.cloudwaysapps.com/libraries/handy-guide-to-swiss-genealogical-records/ (min_length=3)
DEBUG:root:Sample words from https://wordpress-810691-5571285.cloudwaysapps.com/libraries/handy-guide-to-swiss-genealogical-records/: ['This', 'alert', 'Skip', 'content', 'Handy', 'guide', 'Swiss', 'genealogical', 'records', 'March']
DEBUG:root:Spell check results for https://wordpress-810691-5571285.cloudwaysapps.com/libraries/handy-guide-to-swiss-genealogical-records/: 5 words checked, 5 skipped, 0 errors found
INFO:root:✅ Processed https://wordpress-810691-5571285.cloudwaysapps.com/libraries/handy-guide-to-swiss-genealogical-records/: 0 errors found, 19 words checked
DEBUG:root:Attempting to fetch: https://wordpress-810691-5571285.cloudwaysapps.com/contact-us/
DEBUG:root:Extracted 2496 characters, 351 words from https://wordpress-810691-5571285.cloudwaysapps.com/events/september-presentation-untangling-difficult-dna/
Processing pages:  12%|█▏        | 44/381 [00:34<02:27,  2.28it/s]DEBUG:root:Checking external hyperlink: https://www.google.com/calendar/event?action=TEMPLATE&text=September+Presentation%3A+Untangling+Difficult+DNA&dates=20250911T163000/20250911T180000&details=Navigating+complex+DNA+scenarios+can+create+difficulties+in+genealogical+research.+However%2C+there+are+tools+and+techniques+available+to+differentiate+and+interpret+DNA+data+in+situations+where+the+Leeds+Method+and+WATO+do+not+work.&location=2525+Oakley+Seaver+Dr%2C+Clermont%2C+FL%2C+34711%2C+United+States&trp=false&sprop=https%3A%2F%2Fwordpress-810691-5571285.cloudwaysapps.com%2Fevents%2Fseptember-presentation-untangling-difficult-dna%2F&sprop=name:Pastfinders&ctz=America%2FNew_York
DEBUG:urllib3.connectionpool:Starting new HTTPS connection (1): www.google.com:443
DEBUG:root:✅ Image OK: https://wordpress-810691-5571285.cloudwaysapps.com/wp-content/uploads/2025/08/IMG_0010_2_1566260864.webp
DEBUG:root:Checking internal image: https://wordpress-810691-5571285.cloudwaysapps.com/wp-content/uploads/2025/08/IMG_0004_1566260864-1024x937.webp
DEBUG:urllib3.connectionpool:Starting new HTTPS connection (1): wordpress-810691-5571285.cloudwaysapps.com:443
DEBUG:urllib3.connectionpool:https://wordpress-810691-5571285.cloudwaysapps.com:443 "GET /contact-us/ HTTP/1.1" 200 12076
DEBUG:root:Successfully fetched https://wordpress-810691-5571285.cloudwaysapps.com/contact-us/ (Content-Length: 50758)
DEBUG:charset_normalizer:Encoding detection: utf_8 is most likely the one.
DEBUG:root:Extracted 607 characters, 87 words from https://wordpress-810691-5571285.cloudwaysapps.com/contact-us/
DEBUG:root:Using regex pattern: \b[a-zA-Z]{3,}\b
DEBUG:root:Found 70 words to check in https://wordpress-810691-5571285.cloudwaysapps.com/contact-us/ (min_length=3)
DEBUG:root:Sample words from https://wordpress-810691-5571285.cloudwaysapps.com/contact-us/: ['This', 'alert', 'Skip', 'content', 'Contact', 'Mailing', 'Address', 'Pastfinders', 'Genealogical', 'Society']
DEBUG:root:Skipped email/domain fragment: 'info'
DEBUG:root:Skipped email/domain fragment: 'pastfindersslc'
DEBUG:root:Skipped email/domain fragment: 'org'
DEBUG:root:Skipped email/domain fragment: 'webmaster'
DEBUG:root:Skipped email/domain fragment: 'pastfindersslc'
DEBUG:root:Skipped email/domain fragment: 'org'
DEBUG:root:Spell check results for https://wordpress-810691-5571285.cloudwaysapps.com/contact-us/: 14 words checked, 56 skipped, 0 errors found
INFO:root:✅ Processed https://wordpress-810691-5571285.cloudwaysapps.com/contact-us/: 0 errors found, 87 words checked
DEBUG:root:Attempting to fetch: https://wordpress-810691-5571285.cloudwaysapps.com/events/family-book-creator-special-interest-group-sig-2027-04-26/
DEBUG:urllib3.connectionpool:https://outlook.live.com:443 "GET /calendar/0/deeplink/compose?allday=false&body=This+group+grew+out+of+our+original+FBC+Study+Group%2C+a+joint+effort+between+Pastfinders+and+Kinseekers.+For+now%2C+membership+is+limited+to+participants+of+that+original+group%2C+but+we+hope+to+welcome+more+members+in+the+future.&location=&path=/calendar/action/compose&rru=addevent&startdt=2026-05-25T19%3A00%3A00-04%3A00&enddt=2026-05-25T20%3A00%3A00-04%3A00&subject=Family+Book+Creator+Special+Interest+Group+%28SIG%29 HTTP/1.1" 200 None
DEBUG:root:✅ Hyperlink OK: https://outlook.live.com/calendar/0/deeplink/compose?allday=false&body=This+group+grew+out+of+our+original+FBC+Study+Group%2C+a+joint+effort+between+Pastfinders+and+Kinseekers.+For+now%2C+membership+is+limited+to+participants+of+that+original+group%2C+but+we+hope+to+welcome+more+members+in+the+future.&location=&path=/calendar/action/compose&rru=addevent&startdt=2026-05-25T19%3A00%3A00-04%3A00&enddt=2026-05-25T20%3A00%3A00-04%3A00&subject=Family+Book+Creator+Special+Interest+Group+%28SIG%29
DEBUG:root:Using regex pattern: \b[a-zA-Z]{3,}\b
DEBUG:root:Found 109 words to check in https://wordpress-810691-5571285.cloudwaysapps.com/events/family-book-creator-special-interest-group-sig-2026-05-25/ (min_length=3)
DEBUG:root:Sample words from https://wordpress-810691-5571285.cloudwaysapps.com/events/family-book-creator-special-interest-group-sig-2026-05-25/: ['This', 'alert', 'Skip', 'content', 'Family', 'Book', 'Creator', 'Special', 'Interest', 'Group']
DEBUG:root:Spell check results for https://wordpress-810691-5571285.cloudwaysapps.com/events/family-book-creator-special-interest-group-sig-2026-05-25/: 62 words checked, 47 skipped, 0 errors found
INFO:root:✅ Processed https://wordpress-810691-5571285.cloudwaysapps.com/events/family-book-creator-special-interest-group-sig-2026-05-25/: 0 errors found, 141 words checked
DEBUG:urllib3.connectionpool:https://www.google.com:443 "GET /calendar/event?action=TEMPLATE&text=September+Presentation%3A+Untangling+Difficult+DNA&dates=20250911T163000/20250911T180000&details=Navigating+complex+DNA+scenarios+can+create+difficulties+in+genealogical+research.+However%2C+there+are+tools+and+techniques+available+to+differentiate+and+interpret+DNA+data+in+situations+where+the+Leeds+Method+and+WATO+do+not+work.&location=2525+Oakley+Seaver+Dr%2C+Clermont%2C+FL%2C+34711%2C+United+States&trp=false&sprop=https%3A%2F%2Fwordpress-810691-5571285.cloudwaysapps.com%2Fevents%2Fseptember-presentation-untangling-difficult-dna%2F&sprop=name:Pastfinders&ctz=America%2FNew_York HTTP/1.1" 302 0
Processing pages:  12%|█▏        | 46/381 [00:34<01:38,  3.41it/s]DEBUG:root:Attempting to fetch: https://wordpress-810691-5571285.cloudwaysapps.com/galleries/2011-pastfinders-news/
DEBUG:urllib3.connectionpool:Starting new HTTPS connection (1): calendar.google.com:443
DEBUG:urllib3.connectionpool:https://wordpress-810691-5571285.cloudwaysapps.com:443 "GET /wp-content/uploads/2025/08/IMG_0004_1566260864-1024x937.webp HTTP/1.1" 200 203782
DEBUG:urllib3.connectionpool:https://calendar.google.com:443 "GET /calendar/event?action=TEMPLATE&text=September+Presentation:+Untangling+Difficult+DNA&dates=20250911T163000/20250911T180000&details=Navigating+complex+DNA+scenarios+can+create+difficulties+in+genealogical+research.+However,+there+are+tools+and+techniques+available+to+differentiate+and+interpret+DNA+data+in+situations+where+the+Leeds+Method+and+WATO+do+not+work.&location=2525+Oakley+Seaver+Dr,+Clermont,+FL,+34711,+United+States&trp=false&sprop=https://wordpress-810691-5571285.cloudwaysapps.com/events/september-presentation-untangling-difficult-dna/&sprop=name:Pastfinders&ctz=America/New_York HTTP/1.1" 302 0
DEBUG:urllib3.connectionpool:Starting new HTTPS connection (1): accounts.google.com:443
DEBUG:root:✅ Image OK: https://wordpress-810691-5571285.cloudwaysapps.com/wp-content/uploads/2025/08/IMG_0004_1566260864-1024x937.webp
DEBUG:root:Checking internal image: https://wordpress-810691-5571285.cloudwaysapps.com/wp-content/uploads/2025/08/IMG_0003_5_1566260864-1024x437.webp
DEBUG:urllib3.connectionpool:Starting new HTTPS connection (1): wordpress-810691-5571285.cloudwaysapps.com:443
DEBUG:urllib3.connectionpool:https://wordpress-810691-5571285.cloudwaysapps.com:443 "GET /galleries/2011-pastfinders-news/ HTTP/1.1" 200 None
DEBUG:urllib3.connectionpool:https://accounts.google.com:443 "GET /ServiceLogin?service=cl&passive=1209600&osid=1&continue=https://calendar.google.com/calendar/event?action%3DTEMPLATE%26text%3DSeptember%2BPresentation:%2BUntangling%2BDifficult%2BDNA%26dates%3D20250911T163000/20250911T180000%26details%3DNavigating%2Bcomplex%2BDNA%2Bscenarios%2Bcan%2Bcreate%2Bdifficulties%2Bin%2Bgenealogical%2Bresearch.%2BHowever,%2Bthere%2Bare%2Btools%2Band%2Btechniques%2Bavailable%2Bto%2Bdifferentiate%2Band%2Binterpret%2BDNA%2Bdata%2Bin%2Bsituations%2Bwhere%2Bthe%2BLeeds%2BMethod%2Band%2BWATO%2Bdo%2Bnot%2Bwork.%26location%3D2525%2BOakley%2BSeaver%2BDr,%2BClermont,%2BFL,%2B34711,%2BUnited%2BStates%26trp%3Dfalse%26sprop%3Dhttps://wordpress-810691-5571285.cloudwaysapps.com/events/september-presentation-untangling-difficult-dna/%26sprop%3Dname:Pastfinders%26ctz%3DAmerica/New_York&followup=https://calendar.google.com/calendar/event?action%3DTEMPLATE%26text%3DSeptember%2BPresentation:%2BUntangling%2BDifficult%2BDNA%26dates%3D20250911T163000/20250911T180000%26details%3DNavigating%2Bcomplex%2BDNA%2Bscenarios%2Bcan%2Bcreate%2Bdifficulties%2Bin%2Bgenealogical%2Bresearch.%2BHowever,%2Bthere%2Bare%2Btools%2Band%2Btechniques%2Bavailable%2Bto%2Bdifferentiate%2Band%2Binterpret%2BDNA%2Bdata%2Bin%2Bsituations%2Bwhere%2Bthe%2BLeeds%2BMethod%2Band%2BWATO%2Bdo%2Bnot%2Bwork.%26location%3D2525%2BOakley%2BSeaver%2BDr,%2BClermont,%2BFL,%2B34711,%2BUnited%2BStates%26trp%3Dfalse%26sprop%3Dhttps://wordpress-810691-5571285.cloudwaysapps.com/events/september-presentation-untangling-difficult-dna/%26sprop%3Dname:Pastfinders%26ctz%3DAmerica/New_York&emr=1 HTTP/1.1" 302 0
DEBUG:root:Successfully fetched https://wordpress-810691-5571285.cloudwaysapps.com/galleries/2011-pastfinders-news/ (Content-Length: 154807)
DEBUG:charset_normalizer:Encoding detection: utf_8 is most likely the one.
DEBUG:urllib3.connectionpool:https://accounts.google.com:443 "GET /InteractiveLogin?continue=https://calendar.google.com/calendar/event?action%3DTEMPLATE%26text%3DSeptember%2BPresentation:%2BUntangling%2BDifficult%2BDNA%26dates%3D20250911T163000/20250911T180000%26details%3DNavigating%2Bcomplex%2BDNA%2Bscenarios%2Bcan%2Bcreate%2Bdifficulties%2Bin%2Bgenealogical%2Bresearch.%2BHowever,%2Bthere%2Bare%2Btools%2Band%2Btechniques%2Bavailable%2Bto%2Bdifferentiate%2Band%2Binterpret%2BDNA%2Bdata%2Bin%2Bsituations%2Bwhere%2Bthe%2BLeeds%2BMethod%2Band%2BWATO%2Bdo%2Bnot%2Bwork.%26location%3D2525%2BOakley%2BSeaver%2BDr,%2BClermont,%2BFL,%2B34711,%2BUnited%2BStates%26trp%3Dfalse%26sprop%3Dhttps://wordpress-810691-5571285.cloudwaysapps.com/events/september-presentation-untangling-difficult-dna/%26sprop%3Dname:Pastfinders%26ctz%3DAmerica/New_York&emr=1&followup=https://calendar.google.com/calendar/event?action%3DTEMPLATE%26text%3DSeptember%2BPresentation:%2BUntangling%2BDifficult%2BDNA%26dates%3D20250911T163000/20250911T180000%26details%3DNavigating%2Bcomplex%2BDNA%2Bscenarios%2Bcan%2Bcreate%2Bdifficulties%2Bin%2Bgenealogical%2Bresearch.%2BHowever,%2Bthere%2Bare%2Btools%2Band%2Btechniques%2Bavailable%2Bto%2Bdifferentiate%2Band%2Binterpret%2BDNA%2Bdata%2Bin%2Bsituations%2Bwhere%2Bthe%2BLeeds%2BMethod%2Band%2BWATO%2Bdo%2Bnot%2Bwork.%26location%3D2525%2BOakley%2BSeaver%2BDr,%2BClermont,%2BFL,%2B34711,%2BUnited%2BStates%26trp%3Dfalse%26sprop%3Dhttps://wordpress-810691-5571285.cloudwaysapps.com/events/september-presentation-untangling-difficult-dna/%26sprop%3Dname:Pastfinders%26ctz%3DAmerica/New_York&osid=1&passive=1209600&service=cl&ifkv=AdBytiNS0N6fNttOMpZqBgb37p99NVcfeDEMqEodOKl8agRPwqQSm-nblZe6wAjF4bWI4eQiBVRXzA HTTP/1.1" 302 None
DEBUG:root:Extracted 991 characters, 223 words from https://wordpress-810691-5571285.cloudwaysapps.com/galleries/2011-pastfinders-news/
DEBUG:root:Checking internal image: https://wordpress-810691-5571285.cloudwaysapps.com/wp-content/uploads/2025/08/IMG_0003_4_1566271544-1024x343.webp
DEBUG:urllib3.connectionpool:Starting new HTTPS connection (1): wordpress-810691-5571285.cloudwaysapps.com:443
DEBUG:urllib3.connectionpool:https://accounts.google.com:443 "GET /v3/signin/identifier?continue=https%3A%2F%2Fcalendar.google.com%2Fcalendar%2Fevent%3Faction%3DTEMPLATE%26text%3DSeptember%2BPresentation%3A%2BUntangling%2BDifficult%2BDNA%26dates%3D20250911T163000%2F20250911T180000%26details%3DNavigating%2Bcomplex%2BDNA%2Bscenarios%2Bcan%2Bcreate%2Bdifficulties%2Bin%2Bgenealogical%2Bresearch.%2BHowever%2C%2Bthere%2Bare%2Btools%2Band%2Btechniques%2Bavailable%2Bto%2Bdifferentiate%2Band%2Binterpret%2BDNA%2Bdata%2Bin%2Bsituations%2Bwhere%2Bthe%2BLeeds%2BMethod%2Band%2BWATO%2Bdo%2Bnot%2Bwork.%26location%3D2525%2BOakley%2BSeaver%2BDr%2C%2BClermont%2C%2BFL%2C%2B34711%2C%2BUnited%2BStates%26trp%3Dfalse%26sprop%3Dhttps%3A%2F%2Fwordpress-810691-5571285.cloudwaysapps.com%2Fevents%2Fseptember-presentation-untangling-difficult-dna%2F%26sprop%3Dname%3APastfinders%26ctz%3DAmerica%2FNew_York&emr=1&followup=https%3A%2F%2Fcalendar.google.com%2Fcalendar%2Fevent%3Faction%3DTEMPLATE%26text%3DSeptember%2BPresentation%3A%2BUntangling%2BDifficult%2BDNA%26dates%3D20250911T163000%2F20250911T180000%26details%3DNavigating%2Bcomplex%2BDNA%2Bscenarios%2Bcan%2Bcreate%2Bdifficulties%2Bin%2Bgenealogical%2Bresearch.%2BHowever%2C%2Bthere%2Bare%2Btools%2Band%2Btechniques%2Bavailable%2Bto%2Bdifferentiate%2Band%2Binterpret%2BDNA%2Bdata%2Bin%2Bsituations%2Bwhere%2Bthe%2BLeeds%2BMethod%2Band%2BWATO%2Bdo%2Bnot%2Bwork.%26location%3D2525%2BOakley%2BSeaver%2BDr%2C%2BClermont%2C%2BFL%2C%2B34711%2C%2BUnited%2BStates%26trp%3Dfalse%26sprop%3Dhttps%3A%2F%2Fwordpress-810691-5571285.cloudwaysapps.com%2Fevents%2Fseptember-presentation-untangling-difficult-dna%2F%26sprop%3Dname%3APastfinders%26ctz%3DAmerica%2FNew_York&ifkv=AdBytiNrjQkIzewFSRuxChH0HDgmLptfuW3djNpYkaYAZ1VAWMsq7niPHuO7PaC9OMYslaM70tupNw&osid=1&passive=1209600&service=cl&flowName=WebLiteSignIn&flowEntry=ServiceLogin&dsh=S1544424255%3A1756758158774228 HTTP/1.1" 200 None
DEBUG:urllib3.connectionpool:https://wordpress-810691-5571285.cloudwaysapps.com:443 "GET /wp-content/uploads/2025/08/IMG_0003_5_1566260864-1024x437.webp HTTP/1.1" 200 83620
DEBUG:root:✅ Hyperlink OK: https://www.google.com/calendar/event?action=TEMPLATE&text=September+Presentation%3A+Untangling+Difficult+DNA&dates=20250911T163000/20250911T180000&details=Navigating+complex+DNA+scenarios+can+create+difficulties+in+genealogical+research.+However%2C+there+are+tools+and+techniques+available+to+differentiate+and+interpret+DNA+data+in+situations+where+the+Leeds+Method+and+WATO+do+not+work.&location=2525+Oakley+Seaver+Dr%2C+Clermont%2C+FL%2C+34711%2C+United+States&trp=false&sprop=https%3A%2F%2Fwordpress-810691-5571285.cloudwaysapps.com%2Fevents%2Fseptember-presentation-untangling-difficult-dna%2F&sprop=name:Pastfinders&ctz=America%2FNew_York
DEBUG:root:Checking external hyperlink: https://outlook.office.com/calendar/0/deeplink/compose?allday=false&body=Navigating+complex+DNA+scenarios+can+create+difficulties+in+genealogical+research.+However%2C+there+are+tools+and+techniques+available+to+differentiate+and+interpret+DNA+data+in+situations+where+the+Leeds+Method+and+WATO+do+not+work.&location=2525+Oakley+Seaver+Dr%2C+Clermont%2C+FL%2C+34711%2C+United+States&path=/calendar/action/compose&rru=addevent&startdt=2025-09-11T16%3A30%3A00-04%3A00&enddt=2025-09-11T18%3A00%3A00-04%3A00&subject=September+Presentation%3A+Untangling+Difficult+DNA
DEBUG:urllib3.connectionpool:Starting new HTTPS connection (1): outlook.office.com:443
DEBUG:root:✅ Image OK: https://wordpress-810691-5571285.cloudwaysapps.com/wp-content/uploads/2025/08/IMG_0003_5_1566260864-1024x437.webp
DEBUG:root:Checking internal image: https://wordpress-810691-5571285.cloudwaysapps.com/wp-content/uploads/2025/08/IMG_0005_1566260864-1024x365.webp
DEBUG:urllib3.connectionpool:Starting new HTTPS connection (1): wordpress-810691-5571285.cloudwaysapps.com:443
DEBUG:urllib3.connectionpool:https://wordpress-810691-5571285.cloudwaysapps.com:443 "GET /wp-content/uploads/2025/08/IMG_0003_4_1566271544-1024x343.webp HTTP/1.1" 200 55690
DEBUG:root:✅ Image OK: https://wordpress-810691-5571285.cloudwaysapps.com/wp-content/uploads/2025/08/IMG_0003_4_1566271544-1024x343.webp
DEBUG:root:Checking internal image: https://wordpress-810691-5571285.cloudwaysapps.com/wp-content/uploads/2025/08/IMG_0011_1566271544-1024x652.webp
DEBUG:urllib3.connectionpool:Starting new HTTPS connection (1): wordpress-810691-5571285.cloudwaysapps.com:443
DEBUG:urllib3.connectionpool:https://outlook.office.com:443 "GET /calendar/0/deeplink/compose?allday=false&body=Navigating+complex+DNA+scenarios+can+create+difficulties+in+genealogical+research.+However%2C+there+are+tools+and+techniques+available+to+differentiate+and+interpret+DNA+data+in+situations+where+the+Leeds+Method+and+WATO+do+not+work.&location=2525+Oakley+Seaver+Dr%2C+Clermont%2C+FL%2C+34711%2C+United+States&path=/calendar/action/compose&rru=addevent&startdt=2025-09-11T16%3A30%3A00-04%3A00&enddt=2025-09-11T18%3A00%3A00-04%3A00&subject=September+Presentation%3A+Untangling+Difficult+DNA HTTP/1.1" 200 None
DEBUG:root:✅ Hyperlink OK: https://outlook.office.com/calendar/0/deeplink/compose?allday=false&body=Navigating+complex+DNA+scenarios+can+create+difficulties+in+genealogical+research.+However%2C+there+are+tools+and+techniques+available+to+differentiate+and+interpret+DNA+data+in+situations+where+the+Leeds+Method+and+WATO+do+not+work.&location=2525+Oakley+Seaver+Dr%2C+Clermont%2C+FL%2C+34711%2C+United+States&path=/calendar/action/compose&rru=addevent&startdt=2025-09-11T16%3A30%3A00-04%3A00&enddt=2025-09-11T18%3A00%3A00-04%3A00&subject=September+Presentation%3A+Untangling+Difficult+DNA
DEBUG:root:Checking external hyperlink: https://outlook.live.com/calendar/0/deeplink/compose?allday=false&body=Navigating+complex+DNA+scenarios+can+create+difficulties+in+genealogical+research.+However%2C+there+are+tools+and+techniques+available+to+differentiate+and+interpret+DNA+data+in+situations+where+the+Leeds+Method+and+WATO+do+not+work.&location=2525+Oakley+Seaver+Dr%2C+Clermont%2C+FL%2C+34711%2C+United+States&path=/calendar/action/compose&rru=addevent&startdt=2025-09-11T16%3A30%3A00-04%3A00&enddt=2025-09-11T18%3A00%3A00-04%3A00&subject=September+Presentation%3A+Untangling+Difficult+DNA
DEBUG:urllib3.connectionpool:Starting new HTTPS connection (1): outlook.live.com:443
DEBUG:urllib3.connectionpool:https://wordpress-810691-5571285.cloudwaysapps.com:443 "GET /wp-content/uploads/2025/08/IMG_0005_1566260864-1024x365.webp HTTP/1.1" 200 85816
DEBUG:root:✅ Image OK: https://wordpress-810691-5571285.cloudwaysapps.com/wp-content/uploads/2025/08/IMG_0005_1566260864-1024x365.webp
DEBUG:root:Checking internal image: https://wordpress-810691-5571285.cloudwaysapps.com/wp-content/uploads/2025/08/IMG_0011_1566260864-1001x1024.webp
DEBUG:urllib3.connectionpool:Starting new HTTPS connection (1): wordpress-810691-5571285.cloudwaysapps.com:443
DEBUG:urllib3.connectionpool:https://wordpress-810691-5571285.cloudwaysapps.com:443 "GET /wp-content/uploads/2025/08/IMG_0011_1566271544-1024x652.webp HTTP/1.1" 200 102818
DEBUG:urllib3.connectionpool:https://outlook.live.com:443 "GET /calendar/0/deeplink/compose?allday=false&body=Navigating+complex+DNA+scenarios+can+create+difficulties+in+genealogical+research.+However%2C+there+are+tools+and+techniques+available+to+differentiate+and+interpret+DNA+data+in+situations+where+the+Leeds+Method+and+WATO+do+not+work.&location=2525+Oakley+Seaver+Dr%2C+Clermont%2C+FL%2C+34711%2C+United+States&path=/calendar/action/compose&rru=addevent&startdt=2025-09-11T16%3A30%3A00-04%3A00&enddt=2025-09-11T18%3A00%3A00-04%3A00&subject=September+Presentation%3A+Untangling+Difficult+DNA HTTP/1.1" 200 None
DEBUG:root:✅ Hyperlink OK: https://outlook.live.com/calendar/0/deeplink/compose?allday=false&body=Navigating+complex+DNA+scenarios+can+create+difficulties+in+genealogical+research.+However%2C+there+are+tools+and+techniques+available+to+differentiate+and+interpret+DNA+data+in+situations+where+the+Leeds+Method+and+WATO+do+not+work.&location=2525+Oakley+Seaver+Dr%2C+Clermont%2C+FL%2C+34711%2C+United+States&path=/calendar/action/compose&rru=addevent&startdt=2025-09-11T16%3A30%3A00-04%3A00&enddt=2025-09-11T18%3A00%3A00-04%3A00&subject=September+Presentation%3A+Untangling+Difficult+DNA
DEBUG:root:Checking external hyperlink: https://us06web.zoom.us/meeting/register/k540m7E6TFGNnefwkO6-FQ
DEBUG:urllib3.connectionpool:Starting new HTTPS connection (1): us06web.zoom.us:443
DEBUG:root:✅ Image OK: https://wordpress-810691-5571285.cloudwaysapps.com/wp-content/uploads/2025/08/IMG_0011_1566271544-1024x652.webp
DEBUG:root:Checking internal image: https://wordpress-810691-5571285.cloudwaysapps.com/wp-content/uploads/2025/08/IMG_0017_1566271654-790x1024.webp
DEBUG:urllib3.connectionpool:Starting new HTTPS connection (1): wordpress-810691-5571285.cloudwaysapps.com:443
DEBUG:urllib3.connectionpool:https://wordpress-810691-5571285.cloudwaysapps.com:443 "GET /wp-content/uploads/2025/08/IMG_0011_1566260864-1001x1024.webp HTTP/1.1" 200 169268
DEBUG:urllib3.connectionpool:https://us06web.zoom.us:443 "GET /meeting/register/k540m7E6TFGNnefwkO6-FQ HTTP/1.1" 200 None
DEBUG:root:✅ Hyperlink OK: https://us06web.zoom.us/meeting/register/k540m7E6TFGNnefwkO6-FQ
DEBUG:root:Using regex pattern: \b[a-zA-Z]{3,}\b
DEBUG:root:Found 295 words to check in https://wordpress-810691-5571285.cloudwaysapps.com/events/september-presentation-untangling-difficult-dna/ (min_length=3)
DEBUG:root:Sample words from https://wordpress-810691-5571285.cloudwaysapps.com/events/september-presentation-untangling-difficult-dna/: ['This', 'alert', 'Skip', 'content', 'September', 'Presentation', 'Untangling', 'Difficult', 'DNA', 'When']
DEBUG:root:Spell check results for https://wordpress-810691-5571285.cloudwaysapps.com/events/september-presentation-untangling-difficult-dna/: 199 words checked, 96 skipped, 0 errors found
INFO:root:✅ Processed https://wordpress-810691-5571285.cloudwaysapps.com/events/september-presentation-untangling-difficult-dna/: 0 errors found, 351 words checked
DEBUG:root:Attempting to fetch: https://wordpress-810691-5571285.cloudwaysapps.com/galleries/2017-italian-day-the-library/
Processing pages:  12%|█▏        | 47/381 [00:35<02:37,  2.11it/s]DEBUG:root:✅ Image OK: https://wordpress-810691-5571285.cloudwaysapps.com/wp-content/uploads/2025/08/IMG_0011_1566260864-1001x1024.webp
DEBUG:root:Checking internal image: https://wordpress-810691-5571285.cloudwaysapps.com/wp-content/uploads/2025/08/IMG_0004_1_1566260864-1024x581.webp
DEBUG:urllib3.connectionpool:Starting new HTTPS connection (1): wordpress-810691-5571285.cloudwaysapps.com:443
DEBUG:urllib3.connectionpool:https://wordpress-810691-5571285.cloudwaysapps.com:443 "GET /galleries/2017-italian-day-the-library/ HTTP/1.1" 200 None
DEBUG:root:Successfully fetched https://wordpress-810691-5571285.cloudwaysapps.com/galleries/2017-italian-day-the-library/ (Content-Length: 50391)
DEBUG:charset_normalizer:Encoding detection: utf_8 is most likely the one.
DEBUG:root:Extracted 217 characters, 41 words from https://wordpress-810691-5571285.cloudwaysapps.com/galleries/2017-italian-day-the-library/
DEBUG:root:Checking internal image: https://wordpress-810691-5571285.cloudwaysapps.com/wp-content/uploads/2025/08/20180118_153846_1555557763-1024x576.webp
DEBUG:urllib3.connectionpool:Starting new HTTPS connection (1): wordpress-810691-5571285.cloudwaysapps.com:443
DEBUG:urllib3.connectionpool:https://wordpress-810691-5571285.cloudwaysapps.com:443 "GET /wp-content/uploads/2025/08/IMG_0017_1566271654-790x1024.webp HTTP/1.1" 200 109150
DEBUG:urllib3.connectionpool:https://wordpress-810691-5571285.cloudwaysapps.com:443 "GET /events/research-assistance-2025-08-27-2025-09-03-2025-09-10-2025-09-17/ HTTP/1.1" 200 None
DEBUG:root:Successfully fetched https://wordpress-810691-5571285.cloudwaysapps.com/events/research-assistance-2025-08-27-2025-09-03-2025-09-10-2025-09-17/ (Content-Length: 42402)
DEBUG:charset_normalizer:Encoding detection: utf_8 is most likely the one.
DEBUG:root:Extracted 493 characters, 85 words from https://wordpress-810691-5571285.cloudwaysapps.com/events/research-assistance-2025-08-27-2025-09-03-2025-09-10-2025-09-17/
DEBUG:root:Checking external hyperlink: https://www.google.com/calendar/event?action=TEMPLATE&text=Research+Assistance&dates=20250917T130000/20250917T150000&details=Join+us+weekly+in+the+Genealogy+Room+for+in-person+help+with+your+research.+It%E2%80%99s+a+great+chance+to+get+one-on-one+guidance%2C+ask+questions%2C+and+connect+with+others+who+share+your+passion+for+family+history.&location=2525+Oakley+Seaver+Dr%2C+Clermont%2C+FL%2C+34711%2C+United+States&trp=false&sprop=https%3A%2F%2Fwordpress-810691-5571285.cloudwaysapps.com%2Fevents%2Fresearch-assistance-2025-08-27-2025-09-03-2025-09-10-2025-09-17%2F&sprop=name:Pastfinders&ctz=America%2FNew_York
DEBUG:urllib3.connectionpool:Starting new HTTPS connection (1): www.google.com:443
DEBUG:root:✅ Image OK: https://wordpress-810691-5571285.cloudwaysapps.com/wp-content/uploads/2025/08/IMG_0017_1566271654-790x1024.webp
DEBUG:root:Checking internal image: https://wordpress-810691-5571285.cloudwaysapps.com/wp-content/uploads/2025/08/IMG_0002_1566271544-957x1024.webp
DEBUG:urllib3.connectionpool:Starting new HTTPS connection (1): wordpress-810691-5571285.cloudwaysapps.com:443
DEBUG:urllib3.connectionpool:https://wordpress-810691-5571285.cloudwaysapps.com:443 "GET /wp-content/uploads/2025/08/IMG_0004_1_1566260864-1024x581.webp HTTP/1.1" 200 119110
DEBUG:urllib3.connectionpool:https://www.google.com:443 "GET /calendar/event?action=TEMPLATE&text=Research+Assistance&dates=20250917T130000/20250917T150000&details=Join+us+weekly+in+the+Genealogy+Room+for+in-person+help+with+your+research.+It%E2%80%99s+a+great+chance+to+get+one-on-one+guidance%2C+ask+questions%2C+and+connect+with+others+who+share+your+passion+for+family+history.&location=2525+Oakley+Seaver+Dr%2C+Clermont%2C+FL%2C+34711%2C+United+States&trp=false&sprop=https%3A%2F%2Fwordpress-810691-5571285.cloudwaysapps.com%2Fevents%2Fresearch-assistance-2025-08-27-2025-09-03-2025-09-10-2025-09-17%2F&sprop=name:Pastfinders&ctz=America%2FNew_York HTTP/1.1" 302 0
DEBUG:urllib3.connectionpool:Starting new HTTPS connection (1): calendar.google.com:443
DEBUG:urllib3.connectionpool:https://wordpress-810691-5571285.cloudwaysapps.com:443 "GET /wp-content/uploads/2025/08/20180118_153846_1555557763-1024x576.webp HTTP/1.1" 200 133704
DEBUG:root:✅ Image OK: https://wordpress-810691-5571285.cloudwaysapps.com/wp-content/uploads/2025/08/IMG_0004_1_1566260864-1024x581.webp
DEBUG:root:Checking internal image: https://wordpress-810691-5571285.cloudwaysapps.com/wp-content/uploads/2025/08/IMG_0012_3_1566260864-1024x606.webp
DEBUG:urllib3.connectionpool:Starting new HTTPS connection (1): wordpress-810691-5571285.cloudwaysapps.com:443
DEBUG:urllib3.connectionpool:https://calendar.google.com:443 "GET /calendar/event?action=TEMPLATE&text=Research+Assistance&dates=20250917T130000/20250917T150000&details=Join+us+weekly+in+the+Genealogy+Room+for+in-person+help+with+your+research.+It%E2%80%99s+a+great+chance+to+get+one-on-one+guidance,+ask+questions,+and+connect+with+others+who+share+your+passion+for+family+history.&location=2525+Oakley+Seaver+Dr,+Clermont,+FL,+34711,+United+States&trp=false&sprop=https://wordpress-810691-5571285.cloudwaysapps.com/events/research-assistance-2025-08-27-2025-09-03-2025-09-10-2025-09-17/&sprop=name:Pastfinders&ctz=America/New_York HTTP/1.1" 302 0
DEBUG:root:✅ Image OK: https://wordpress-810691-5571285.cloudwaysapps.com/wp-content/uploads/2025/08/20180118_153846_1555557763-1024x576.webp
DEBUG:root:Checking internal image: https://wordpress-810691-5571285.cloudwaysapps.com/wp-content/uploads/2025/08/20180118_130445_1555557713-1024x576.webp
DEBUG:urllib3.connectionpool:Starting new HTTPS connection (1): wordpress-810691-5571285.cloudwaysapps.com:443
DEBUG:urllib3.connectionpool:Starting new HTTPS connection (1): accounts.google.com:443
DEBUG:urllib3.connectionpool:https://wordpress-810691-5571285.cloudwaysapps.com:443 "GET /wp-content/uploads/2025/08/IMG_0002_1566271544-957x1024.webp HTTP/1.1" 200 110602
DEBUG:urllib3.connectionpool:https://wordpress-810691-5571285.cloudwaysapps.com:443 "GET /events/family-book-creator-special-interest-group-sig-2027-04-26/ HTTP/1.1" 200 None
DEBUG:root:✅ Image OK: https://wordpress-810691-5571285.cloudwaysapps.com/wp-content/uploads/2025/08/IMG_0002_1566271544-957x1024.webp
DEBUG:root:Checking internal image: https://wordpress-810691-5571285.cloudwaysapps.com/wp-content/uploads/2025/08/IMG_0010_1566271544-1024x624.webp
DEBUG:root:Successfully fetched https://wordpress-810691-5571285.cloudwaysapps.com/events/family-book-creator-special-interest-group-sig-2027-04-26/ (Content-Length: 42485)
DEBUG:charset_normalizer:Encoding detection: utf_8 is most likely the one.
DEBUG:urllib3.connectionpool:https://accounts.google.com:443 "GET /ServiceLogin?service=cl&passive=1209600&osid=1&continue=https://calendar.google.com/calendar/event?action%3DTEMPLATE%26text%3DResearch%2BAssistance%26dates%3D20250917T130000/20250917T150000%26details%3DJoin%2Bus%2Bweekly%2Bin%2Bthe%2BGenealogy%2BRoom%2Bfor%2Bin-person%2Bhelp%2Bwith%2Byour%2Bresearch.%2BIt%25E2%2580%2599s%2Ba%2Bgreat%2Bchance%2Bto%2Bget%2Bone-on-one%2Bguidance,%2Bask%2Bquestions,%2Band%2Bconnect%2Bwith%2Bothers%2Bwho%2Bshare%2Byour%2Bpassion%2Bfor%2Bfamily%2Bhistory.%26location%3D2525%2BOakley%2BSeaver%2BDr,%2BClermont,%2BFL,%2B34711,%2BUnited%2BStates%26trp%3Dfalse%26sprop%3Dhttps://wordpress-810691-5571285.cloudwaysapps.com/events/research-assistance-2025-08-27-2025-09-03-2025-09-10-2025-09-17/%26sprop%3Dname:Pastfinders%26ctz%3DAmerica/New_York&followup=https://calendar.google.com/calendar/event?action%3DTEMPLATE%26text%3DResearch%2BAssistance%26dates%3D20250917T130000/20250917T150000%26details%3DJoin%2Bus%2Bweekly%2Bin%2Bthe%2BGenealogy%2BRoom%2Bfor%2Bin-person%2Bhelp%2Bwith%2Byour%2Bresearch.%2BIt%25E2%2580%2599s%2Ba%2Bgreat%2Bchance%2Bto%2Bget%2Bone-on-one%2Bguidance,%2Bask%2Bquestions,%2Band%2Bconnect%2Bwith%2Bothers%2Bwho%2Bshare%2Byour%2Bpassion%2Bfor%2Bfamily%2Bhistory.%26location%3D2525%2BOakley%2BSeaver%2BDr,%2BClermont,%2BFL,%2B34711,%2BUnited%2BStates%26trp%3Dfalse%26sprop%3Dhttps://wordpress-810691-5571285.cloudwaysapps.com/events/research-assistance-2025-08-27-2025-09-03-2025-09-10-2025-09-17/%26sprop%3Dname:Pastfinders%26ctz%3DAmerica/New_York&emr=1 HTTP/1.1" 302 0
DEBUG:urllib3.connectionpool:Starting new HTTPS connection (1): wordpress-810691-5571285.cloudwaysapps.com:443
DEBUG:root:Extracted 844 characters, 141 words from https://wordpress-810691-5571285.cloudwaysapps.com/events/family-book-creator-special-interest-group-sig-2027-04-26/
DEBUG:root:Checking external hyperlink: https://www.google.com/calendar/event?action=TEMPLATE&text=Family+Book+Creator+Special+Interest+Group+%28SIG%29&dates=20270426T190000/20270426T200000&details=This+group+grew+out+of+our+original+FBC+Study+Group%2C+a+joint+effort+between+Pastfinders+and+Kinseekers.+For+now%2C+membership+is+limited+to+participants+of+that+original+group%2C+but+we+hope+to+welcome+more+members+in+the+future.&location=&trp=false&sprop=https%3A%2F%2Fwordpress-810691-5571285.cloudwaysapps.com%2Fevents%2Ffamily-book-creator-special-interest-group-sig-2027-04-26%2F&sprop=name:Pastfinders&ctz=America%2FNew_York
DEBUG:urllib3.connectionpool:Starting new HTTPS connection (1): www.google.com:443
DEBUG:urllib3.connectionpool:https://wordpress-810691-5571285.cloudwaysapps.com:443 "GET /wp-content/uploads/2025/08/IMG_0012_3_1566260864-1024x606.webp HTTP/1.1" 200 120346
DEBUG:urllib3.connectionpool:https://accounts.google.com:443 "GET /InteractiveLogin?continue=https://calendar.google.com/calendar/event?action%3DTEMPLATE%26text%3DResearch%2BAssistance%26dates%3D20250917T130000/20250917T150000%26details%3DJoin%2Bus%2Bweekly%2Bin%2Bthe%2BGenealogy%2BRoom%2Bfor%2Bin-person%2Bhelp%2Bwith%2Byour%2Bresearch.%2BIt%25E2%2580%2599s%2Ba%2Bgreat%2Bchance%2Bto%2Bget%2Bone-on-one%2Bguidance,%2Bask%2Bquestions,%2Band%2Bconnect%2Bwith%2Bothers%2Bwho%2Bshare%2Byour%2Bpassion%2Bfor%2Bfamily%2Bhistory.%26location%3D2525%2BOakley%2BSeaver%2BDr,%2BClermont,%2BFL,%2B34711,%2BUnited%2BStates%26trp%3Dfalse%26sprop%3Dhttps://wordpress-810691-5571285.cloudwaysapps.com/events/research-assistance-2025-08-27-2025-09-03-2025-09-10-2025-09-17/%26sprop%3Dname:Pastfinders%26ctz%3DAmerica/New_York&emr=1&followup=https://calendar.google.com/calendar/event?action%3DTEMPLATE%26text%3DResearch%2BAssistance%26dates%3D20250917T130000/20250917T150000%26details%3DJoin%2Bus%2Bweekly%2Bin%2Bthe%2BGenealogy%2BRoom%2Bfor%2Bin-person%2Bhelp%2Bwith%2Byour%2Bresearch.%2BIt%25E2%2580%2599s%2Ba%2Bgreat%2Bchance%2Bto%2Bget%2Bone-on-one%2Bguidance,%2Bask%2Bquestions,%2Band%2Bconnect%2Bwith%2Bothers%2Bwho%2Bshare%2Byour%2Bpassion%2Bfor%2Bfamily%2Bhistory.%26location%3D2525%2BOakley%2BSeaver%2BDr,%2BClermont,%2BFL,%2B34711,%2BUnited%2BStates%26trp%3Dfalse%26sprop%3Dhttps://wordpress-810691-5571285.cloudwaysapps.com/events/research-assistance-2025-08-27-2025-09-03-2025-09-10-2025-09-17/%26sprop%3Dname:Pastfinders%26ctz%3DAmerica/New_York&osid=1&passive=1209600&service=cl&ifkv=AdBytiOOj_IKssfRt46EXNIRNW3q5CDLLK9Mjt7a34-YdkFWFBw58rqaksGOZ3-AV_Aqf6rIE4ei HTTP/1.1" 302 None
DEBUG:urllib3.connectionpool:https://wordpress-810691-5571285.cloudwaysapps.com:443 "GET /wp-content/uploads/2025/08/20180118_130445_1555557713-1024x576.webp HTTP/1.1" 200 130160
DEBUG:urllib3.connectionpool:https://www.google.com:443 "GET /calendar/event?action=TEMPLATE&text=Family+Book+Creator+Special+Interest+Group+%28SIG%29&dates=20270426T190000/20270426T200000&details=This+group+grew+out+of+our+original+FBC+Study+Group%2C+a+joint+effort+between+Pastfinders+and+Kinseekers.+For+now%2C+membership+is+limited+to+participants+of+that+original+group%2C+but+we+hope+to+welcome+more+members+in+the+future.&location=&trp=false&sprop=https%3A%2F%2Fwordpress-810691-5571285.cloudwaysapps.com%2Fevents%2Ffamily-book-creator-special-interest-group-sig-2027-04-26%2F&sprop=name:Pastfinders&ctz=America%2FNew_York HTTP/1.1" 302 0
DEBUG:urllib3.connectionpool:Starting new HTTPS connection (1): calendar.google.com:443
DEBUG:urllib3.connectionpool:https://accounts.google.com:443 "GET /v3/signin/identifier?continue=https%3A%2F%2Fcalendar.google.com%2Fcalendar%2Fevent%3Faction%3DTEMPLATE%26text%3DResearch%2BAssistance%26dates%3D20250917T130000%2F20250917T150000%26details%3DJoin%2Bus%2Bweekly%2Bin%2Bthe%2BGenealogy%2BRoom%2Bfor%2Bin-person%2Bhelp%2Bwith%2Byour%2Bresearch.%2BIt%25E2%2580%2599s%2Ba%2Bgreat%2Bchance%2Bto%2Bget%2Bone-on-one%2Bguidance%2C%2Bask%2Bquestions%2C%2Band%2Bconnect%2Bwith%2Bothers%2Bwho%2Bshare%2Byour%2Bpassion%2Bfor%2Bfamily%2Bhistory.%26location%3D2525%2BOakley%2BSeaver%2BDr%2C%2BClermont%2C%2BFL%2C%2B34711%2C%2BUnited%2BStates%26trp%3Dfalse%26sprop%3Dhttps%3A%2F%2Fwordpress-810691-5571285.cloudwaysapps.com%2Fevents%2Fresearch-assistance-2025-08-27-2025-09-03-2025-09-10-2025-09-17%2F%26sprop%3Dname%3APastfinders%26ctz%3DAmerica%2FNew_York&emr=1&followup=https%3A%2F%2Fcalendar.google.com%2Fcalendar%2Fevent%3Faction%3DTEMPLATE%26text%3DResearch%2BAssistance%26dates%3D20250917T130000%2F20250917T150000%26details%3DJoin%2Bus%2Bweekly%2Bin%2Bthe%2BGenealogy%2BRoom%2Bfor%2Bin-person%2Bhelp%2Bwith%2Byour%2Bresearch.%2BIt%25E2%2580%2599s%2Ba%2Bgreat%2Bchance%2Bto%2Bget%2Bone-on-one%2Bguidance%2C%2Bask%2Bquestions%2C%2Band%2Bconnect%2Bwith%2Bothers%2Bwho%2Bshare%2Byour%2Bpassion%2Bfor%2Bfamily%2Bhistory.%26location%3D2525%2BOakley%2BSeaver%2BDr%2C%2BClermont%2C%2BFL%2C%2B34711%2C%2BUnited%2BStates%26trp%3Dfalse%26sprop%3Dhttps%3A%2F%2Fwordpress-810691-5571285.cloudwaysapps.com%2Fevents%2Fresearch-assistance-2025-08-27-2025-09-03-2025-09-10-2025-09-17%2F%26sprop%3Dname%3APastfinders%26ctz%3DAmerica%2FNew_York&ifkv=AdBytiNFXiz6AuQV1HirshfjDCbJ3rbjWQlU0vYU_gsMoYKI_erTpdT48mnKU4hAXwuMD5AqVHtT&osid=1&passive=1209600&service=cl&flowName=WebLiteSignIn&flowEntry=ServiceLogin&dsh=S35894430%3A1756758160228289 HTTP/1.1" 200 None
DEBUG:root:✅ Image OK: https://wordpress-810691-5571285.cloudwaysapps.com/wp-content/uploads/2025/08/IMG_0012_3_1566260864-1024x606.webp
DEBUG:root:Checking internal image: https://wordpress-810691-5571285.cloudwaysapps.com/wp-content/uploads/2025/08/IMG_0010_3_1566260864-962x1024.webp
DEBUG:urllib3.connectionpool:Starting new HTTPS connection (1): wordpress-810691-5571285.cloudwaysapps.com:443
DEBUG:root:✅ Image OK: https://wordpress-810691-5571285.cloudwaysapps.com/wp-content/uploads/2025/08/20180118_130445_1555557713-1024x576.webp
DEBUG:root:Checking internal image: https://wordpress-810691-5571285.cloudwaysapps.com/wp-content/uploads/2025/08/20180118_153843_1555557741-1024x576.webp
DEBUG:urllib3.connectionpool:Starting new HTTPS connection (1): wordpress-810691-5571285.cloudwaysapps.com:443
DEBUG:root:✅ Hyperlink OK: https://www.google.com/calendar/event?action=TEMPLATE&text=Research+Assistance&dates=20250917T130000/20250917T150000&details=Join+us+weekly+in+the+Genealogy+Room+for+in-person+help+with+your+research.+It%E2%80%99s+a+great+chance+to+get+one-on-one+guidance%2C+ask+questions%2C+and+connect+with+others+who+share+your+passion+for+family+history.&location=2525+Oakley+Seaver+Dr%2C+Clermont%2C+FL%2C+34711%2C+United+States&trp=false&sprop=https%3A%2F%2Fwordpress-810691-5571285.cloudwaysapps.com%2Fevents%2Fresearch-assistance-2025-08-27-2025-09-03-2025-09-10-2025-09-17%2F&sprop=name:Pastfinders&ctz=America%2FNew_York
DEBUG:root:Checking external hyperlink: https://outlook.office.com/calendar/0/deeplink/compose?allday=false&body=Join+us+weekly+in+the+Genealogy+Room+for+in-person+help+with+your+research.+It%E2%80%99s+a+great+chance+to+get+one-on-one+guidance%2C+ask+questions%2C+and+connect+with+others+who+share+your+passion+for+family+history.&location=2525+Oakley+Seaver+Dr%2C+Clermont%2C+FL%2C+34711%2C+United+States&path=/calendar/action/compose&rru=addevent&startdt=2025-09-17T13%3A00%3A00-04%3A00&enddt=2025-09-17T15%3A00%3A00-04%3A00&subject=Research+Assistance
DEBUG:urllib3.connectionpool:Starting new HTTPS connection (1): outlook.office.com:443
DEBUG:urllib3.connectionpool:https://wordpress-810691-5571285.cloudwaysapps.com:443 "GET /wp-content/uploads/2025/08/IMG_0010_1566271544-1024x624.webp HTTP/1.1" 200 98654
DEBUG:root:✅ Image OK: https://wordpress-810691-5571285.cloudwaysapps.com/wp-content/uploads/2025/08/IMG_0010_1566271544-1024x624.webp
DEBUG:root:Checking internal image: https://wordpress-810691-5571285.cloudwaysapps.com/wp-content/uploads/2025/08/IMG_0015_6_1566271654-1024x325.webp
DEBUG:urllib3.connectionpool:Starting new HTTPS connection (1): wordpress-810691-5571285.cloudwaysapps.com:443
DEBUG:urllib3.connectionpool:https://calendar.google.com:443 "GET /calendar/event?action=TEMPLATE&text=Family+Book+Creator+Special+Interest+Group+(SIG)&dates=20270426T190000/20270426T200000&details=This+group+grew+out+of+our+original+FBC+Study+Group,+a+joint+effort+between+Pastfinders+and+Kinseekers.+For+now,+membership+is+limited+to+participants+of+that+original+group,+but+we+hope+to+welcome+more+members+in+the+future.&location&trp=false&sprop=https://wordpress-810691-5571285.cloudwaysapps.com/events/family-book-creator-special-interest-group-sig-2027-04-26/&sprop=name:Pastfinders&ctz=America/New_York HTTP/1.1" 302 0
DEBUG:urllib3.connectionpool:Starting new HTTPS connection (1): accounts.google.com:443
DEBUG:urllib3.connectionpool:https://outlook.office.com:443 "GET /calendar/0/deeplink/compose?allday=false&body=Join+us+weekly+in+the+Genealogy+Room+for+in-person+help+with+your+research.+It%E2%80%99s+a+great+chance+to+get+one-on-one+guidance%2C+ask+questions%2C+and+connect+with+others+who+share+your+passion+for+family+history.&location=2525+Oakley+Seaver+Dr%2C+Clermont%2C+FL%2C+34711%2C+United+States&path=/calendar/action/compose&rru=addevent&startdt=2025-09-17T13%3A00%3A00-04%3A00&enddt=2025-09-17T15%3A00%3A00-04%3A00&subject=Research+Assistance HTTP/1.1" 200 None
DEBUG:root:✅ Hyperlink OK: https://outlook.office.com/calendar/0/deeplink/compose?allday=false&body=Join+us+weekly+in+the+Genealogy+Room+for+in-person+help+with+your+research.+It%E2%80%99s+a+great+chance+to+get+one-on-one+guidance%2C+ask+questions%2C+and+connect+with+others+who+share+your+passion+for+family+history.&location=2525+Oakley+Seaver+Dr%2C+Clermont%2C+FL%2C+34711%2C+United+States&path=/calendar/action/compose&rru=addevent&startdt=2025-09-17T13%3A00%3A00-04%3A00&enddt=2025-09-17T15%3A00%3A00-04%3A00&subject=Research+Assistance
DEBUG:root:Checking external hyperlink: https://outlook.live.com/calendar/0/deeplink/compose?allday=false&body=Join+us+weekly+in+the+Genealogy+Room+for+in-person+help+with+your+research.+It%E2%80%99s+a+great+chance+to+get+one-on-one+guidance%2C+ask+questions%2C+and+connect+with+others+who+share+your+passion+for+family+history.&location=2525+Oakley+Seaver+Dr%2C+Clermont%2C+FL%2C+34711%2C+United+States&path=/calendar/action/compose&rru=addevent&startdt=2025-09-17T13%3A00%3A00-04%3A00&enddt=2025-09-17T15%3A00%3A00-04%3A00&subject=Research+Assistance
DEBUG:urllib3.connectionpool:Starting new HTTPS connection (1): outlook.live.com:443
DEBUG:urllib3.connectionpool:https://wordpress-810691-5571285.cloudwaysapps.com:443 "GET /wp-content/uploads/2025/08/IMG_0010_3_1566260864-962x1024.webp HTTP/1.1" 200 210848
DEBUG:urllib3.connectionpool:https://wordpress-810691-5571285.cloudwaysapps.com:443 "GET /wp-content/uploads/2025/08/20180118_153843_1555557741-1024x576.webp HTTP/1.1" 200 131144
DEBUG:urllib3.connectionpool:https://accounts.google.com:443 "GET /ServiceLogin?service=cl&passive=1209600&osid=1&continue=https://calendar.google.com/calendar/event?action%3DTEMPLATE%26text%3DFamily%2BBook%2BCreator%2BSpecial%2BInterest%2BGroup%2B(SIG)%26dates%3D20270426T190000/20270426T200000%26details%3DThis%2Bgroup%2Bgrew%2Bout%2Bof%2Bour%2Boriginal%2BFBC%2BStudy%2BGroup,%2Ba%2Bjoint%2Beffort%2Bbetween%2BPastfinders%2Band%2BKinseekers.%2BFor%2Bnow,%2Bmembership%2Bis%2Blimited%2Bto%2Bparticipants%2Bof%2Bthat%2Boriginal%2Bgroup,%2Bbut%2Bwe%2Bhope%2Bto%2Bwelcome%2Bmore%2Bmembers%2Bin%2Bthe%2Bfuture.%26location%26trp%3Dfalse%26sprop%3Dhttps://wordpress-810691-5571285.cloudwaysapps.com/events/family-book-creator-special-interest-group-sig-2027-04-26/%26sprop%3Dname:Pastfinders%26ctz%3DAmerica/New_York&followup=https://calendar.google.com/calendar/event?action%3DTEMPLATE%26text%3DFamily%2BBook%2BCreator%2BSpecial%2BInterest%2BGroup%2B(SIG)%26dates%3D20270426T190000/20270426T200000%26details%3DThis%2Bgroup%2Bgrew%2Bout%2Bof%2Bour%2Boriginal%2BFBC%2BStudy%2BGroup,%2Ba%2Bjoint%2Beffort%2Bbetween%2BPastfinders%2Band%2BKinseekers.%2BFor%2Bnow,%2Bmembership%2Bis%2Blimited%2Bto%2Bparticipants%2Bof%2Bthat%2Boriginal%2Bgroup,%2Bbut%2Bwe%2Bhope%2Bto%2Bwelcome%2Bmore%2Bmembers%2Bin%2Bthe%2Bfuture.%26location%26trp%3Dfalse%26sprop%3Dhttps://wordpress-810691-5571285.cloudwaysapps.com/events/family-book-creator-special-interest-group-sig-2027-04-26/%26sprop%3Dname:Pastfinders%26ctz%3DAmerica/New_York&emr=1 HTTP/1.1" 302 0
DEBUG:root:✅ Image OK: https://wordpress-810691-5571285.cloudwaysapps.com/wp-content/uploads/2025/08/20180118_153843_1555557741-1024x576.webp
DEBUG:root:Checking internal image: https://wordpress-810691-5571285.cloudwaysapps.com/wp-content/uploads/2025/08/20180118_134731_1555557725-1024x576.webp
DEBUG:urllib3.connectionpool:Starting new HTTPS connection (1): wordpress-810691-5571285.cloudwaysapps.com:443
DEBUG:urllib3.connectionpool:https://wordpress-810691-5571285.cloudwaysapps.com:443 "GET /wp-content/uploads/2025/08/IMG_0015_6_1566271654-1024x325.webp HTTP/1.1" 200 52814
DEBUG:root:✅ Image OK: https://wordpress-810691-5571285.cloudwaysapps.com/wp-content/uploads/2025/08/IMG_0010_3_1566260864-962x1024.webp
DEBUG:root:Using regex pattern: \b[a-zA-Z]{3,}\b
DEBUG:root:Found 45 words to check in https://wordpress-810691-5571285.cloudwaysapps.com/galleries/2007-pastfinders-news/ (min_length=3)
DEBUG:root:Sample words from https://wordpress-810691-5571285.cloudwaysapps.com/galleries/2007-pastfinders-news/: ['This', 'alert', 'Skip', 'content', 'Pastfinders', 'News', 'images', 'Click', 'view', 'Click']
DEBUG:root:Spell check results for https://wordpress-810691-5571285.cloudwaysapps.com/galleries/2007-pastfinders-news/: 20 words checked, 25 skipped, 0 errors found
INFO:root:✅ Processed https://wordpress-810691-5571285.cloudwaysapps.com/galleries/2007-pastfinders-news/: 0 errors found, 91 words checked
DEBUG:root:Attempting to fetch: https://wordpress-810691-5571285.cloudwaysapps.com/edge-funeral-home-burial-records/
Processing pages:  13%|█▎        | 48/381 [00:36<03:31,  1.58it/s]DEBUG:urllib3.connectionpool:https://accounts.google.com:443 "GET /InteractiveLogin?continue=https://calendar.google.com/calendar/event?action%3DTEMPLATE%26text%3DFamily%2BBook%2BCreator%2BSpecial%2BInterest%2BGroup%2B(SIG)%26dates%3D20270426T190000/20270426T200000%26details%3DThis%2Bgroup%2Bgrew%2Bout%2Bof%2Bour%2Boriginal%2BFBC%2BStudy%2BGroup,%2Ba%2Bjoint%2Beffort%2Bbetween%2BPastfinders%2Band%2BKinseekers.%2BFor%2Bnow,%2Bmembership%2Bis%2Blimited%2Bto%2Bparticipants%2Bof%2Bthat%2Boriginal%2Bgroup,%2Bbut%2Bwe%2Bhope%2Bto%2Bwelcome%2Bmore%2Bmembers%2Bin%2Bthe%2Bfuture.%26location%26trp%3Dfalse%26sprop%3Dhttps://wordpress-810691-5571285.cloudwaysapps.com/events/family-book-creator-special-interest-group-sig-2027-04-26/%26sprop%3Dname:Pastfinders%26ctz%3DAmerica/New_York&emr=1&followup=https://calendar.google.com/calendar/event?action%3DTEMPLATE%26text%3DFamily%2BBook%2BCreator%2BSpecial%2BInterest%2BGroup%2B(SIG)%26dates%3D20270426T190000/20270426T200000%26details%3DThis%2Bgroup%2Bgrew%2Bout%2Bof%2Bour%2Boriginal%2BFBC%2BStudy%2BGroup,%2Ba%2Bjoint%2Beffort%2Bbetween%2BPastfinders%2Band%2BKinseekers.%2BFor%2Bnow,%2Bmembership%2Bis%2Blimited%2Bto%2Bparticipants%2Bof%2Bthat%2Boriginal%2Bgroup,%2Bbut%2Bwe%2Bhope%2Bto%2Bwelcome%2Bmore%2Bmembers%2Bin%2Bthe%2Bfuture.%26location%26trp%3Dfalse%26sprop%3Dhttps://wordpress-810691-5571285.cloudwaysapps.com/events/family-book-creator-special-interest-group-sig-2027-04-26/%26sprop%3Dname:Pastfinders%26ctz%3DAmerica/New_York&osid=1&passive=1209600&service=cl&ifkv=AdBytiMFQhuCUDOiV4VAbs-uAoTmuk7_dJJIVOwi_u18809QEr7l5oqafP6vR0mMMwQVAz8_PrQAtQ HTTP/1.1" 302 None
DEBUG:root:✅ Image OK: https://wordpress-810691-5571285.cloudwaysapps.com/wp-content/uploads/2025/08/IMG_0015_6_1566271654-1024x325.webp
DEBUG:root:Checking internal image: https://wordpress-810691-5571285.cloudwaysapps.com/wp-content/uploads/2025/08/IMG_0030_1566271769-1024x574.webp
DEBUG:urllib3.connectionpool:Starting new HTTPS connection (1): wordpress-810691-5571285.cloudwaysapps.com:443
DEBUG:urllib3.connectionpool:https://outlook.live.com:443 "GET /calendar/0/deeplink/compose?allday=false&body=Join+us+weekly+in+the+Genealogy+Room+for+in-person+help+with+your+research.+It%E2%80%99s+a+great+chance+to+get+one-on-one+guidance%2C+ask+questions%2C+and+connect+with+others+who+share+your+passion+for+family+history.&location=2525+Oakley+Seaver+Dr%2C+Clermont%2C+FL%2C+34711%2C+United+States&path=/calendar/action/compose&rru=addevent&startdt=2025-09-17T13%3A00%3A00-04%3A00&enddt=2025-09-17T15%3A00%3A00-04%3A00&subject=Research+Assistance HTTP/1.1" 200 None
DEBUG:root:✅ Hyperlink OK: https://outlook.live.com/calendar/0/deeplink/compose?allday=false&body=Join+us+weekly+in+the+Genealogy+Room+for+in-person+help+with+your+research.+It%E2%80%99s+a+great+chance+to+get+one-on-one+guidance%2C+ask+questions%2C+and+connect+with+others+who+share+your+passion+for+family+history.&location=2525+Oakley+Seaver+Dr%2C+Clermont%2C+FL%2C+34711%2C+United+States&path=/calendar/action/compose&rru=addevent&startdt=2025-09-17T13%3A00%3A00-04%3A00&enddt=2025-09-17T15%3A00%3A00-04%3A00&subject=Research+Assistance
DEBUG:root:Using regex pattern: \b[a-zA-Z]{3,}\b
DEBUG:root:Found 58 words to check in https://wordpress-810691-5571285.cloudwaysapps.com/events/research-assistance-2025-08-27-2025-09-03-2025-09-10-2025-09-17/ (min_length=3)
DEBUG:root:Sample words from https://wordpress-810691-5571285.cloudwaysapps.com/events/research-assistance-2025-08-27-2025-09-03-2025-09-10-2025-09-17/: ['This', 'alert', 'Skip', 'content', 'Research', 'Assistance', 'When', 'September', 'Add', 'Calendar']
DEBUG:root:Spell check results for https://wordpress-810691-5571285.cloudwaysapps.com/events/research-assistance-2025-08-27-2025-09-03-2025-09-10-2025-09-17/: 30 words checked, 28 skipped, 0 errors found
INFO:root:✅ Processed https://wordpress-810691-5571285.cloudwaysapps.com/events/research-assistance-2025-08-27-2025-09-03-2025-09-10-2025-09-17/: 0 errors found, 85 words checked
DEBUG:root:Attempting to fetch: https://wordpress-810691-5571285.cloudwaysapps.com/events/research-assistance-2025-08-27-2025-09-03-2025-09-10-2025-09-17-2025-09-24-2025-10-01-2025-10-08-2025-10-15-2025-10-22-2025-10-29-2025-11-05-2025-11-12-2025-11-19-2025-11-26-2025-12-03-2-01-2026-04-08/
DEBUG:urllib3.connectionpool:https://wordpress-810691-5571285.cloudwaysapps.com:443 "GET /edge-funeral-home-burial-records/ HTTP/1.1" 200 9986
DEBUG:root:Successfully fetched https://wordpress-810691-5571285.cloudwaysapps.com/edge-funeral-home-burial-records/ (Content-Length: 39826)
DEBUG:urllib3.connectionpool:https://accounts.google.com:443 "GET /v3/signin/identifier?continue=https%3A%2F%2Fcalendar.google.com%2Fcalendar%2Fevent%3Faction%3DTEMPLATE%26text%3DFamily%2BBook%2BCreator%2BSpecial%2BInterest%2BGroup%2B%28SIG%29%26dates%3D20270426T190000%2F20270426T200000%26details%3DThis%2Bgroup%2Bgrew%2Bout%2Bof%2Bour%2Boriginal%2BFBC%2BStudy%2BGroup%2C%2Ba%2Bjoint%2Beffort%2Bbetween%2BPastfinders%2Band%2BKinseekers.%2BFor%2Bnow%2C%2Bmembership%2Bis%2Blimited%2Bto%2Bparticipants%2Bof%2Bthat%2Boriginal%2Bgroup%2C%2Bbut%2Bwe%2Bhope%2Bto%2Bwelcome%2Bmore%2Bmembers%2Bin%2Bthe%2Bfuture.%26location%26trp%3Dfalse%26sprop%3Dhttps%3A%2F%2Fwordpress-810691-5571285.cloudwaysapps.com%2Fevents%2Ffamily-book-creator-special-interest-group-sig-2027-04-26%2F%26sprop%3Dname%3APastfinders%26ctz%3DAmerica%2FNew_York&emr=1&followup=https%3A%2F%2Fcalendar.google.com%2Fcalendar%2Fevent%3Faction%3DTEMPLATE%26text%3DFamily%2BBook%2BCreator%2BSpecial%2BInterest%2BGroup%2B%28SIG%29%26dates%3D20270426T190000%2F20270426T200000%26details%3DThis%2Bgroup%2Bgrew%2Bout%2Bof%2Bour%2Boriginal%2BFBC%2BStudy%2BGroup%2C%2Ba%2Bjoint%2Beffort%2Bbetween%2BPastfinders%2Band%2BKinseekers.%2BFor%2Bnow%2C%2Bmembership%2Bis%2Blimited%2Bto%2Bparticipants%2Bof%2Bthat%2Boriginal%2Bgroup%2C%2Bbut%2Bwe%2Bhope%2Bto%2Bwelcome%2Bmore%2Bmembers%2Bin%2Bthe%2Bfuture.%26location%26trp%3Dfalse%26sprop%3Dhttps%3A%2F%2Fwordpress-810691-5571285.cloudwaysapps.com%2Fevents%2Ffamily-book-creator-special-interest-group-sig-2027-04-26%2F%26sprop%3Dname%3APastfinders%26ctz%3DAmerica%2FNew_York&ifkv=AdBytiNzLDBoV_Stk31u8PyB93OoPIF4jCo8BekMm9XXBqQUaZCuhmDe06-PPPNBpZgwa-s2EmAKNg&osid=1&passive=1209600&service=cl&flowName=WebLiteSignIn&flowEntry=ServiceLogin&dsh=S-368731929%3A1756758160703748 HTTP/1.1" 200 None
DEBUG:charset_normalizer:Encoding detection: utf_8 is most likely the one.
DEBUG:root:Extracted 1956 characters, 349 words from https://wordpress-810691-5571285.cloudwaysapps.com/edge-funeral-home-burial-records/
DEBUG:root:Checking internal document: https://wordpress-810691-5571285.cloudwaysapps.com/wp-content/uploads/2024/03/edgeindex.pdf
DEBUG:urllib3.connectionpool:Starting new HTTPS connection (1): wordpress-810691-5571285.cloudwaysapps.com:443
DEBUG:root:✅ Hyperlink OK: https://www.google.com/calendar/event?action=TEMPLATE&text=Family+Book+Creator+Special+Interest+Group+%28SIG%29&dates=20270426T190000/20270426T200000&details=This+group+grew+out+of+our+original+FBC+Study+Group%2C+a+joint+effort+between+Pastfinders+and+Kinseekers.+For+now%2C+membership+is+limited+to+participants+of+that+original+group%2C+but+we+hope+to+welcome+more+members+in+the+future.&location=&trp=false&sprop=https%3A%2F%2Fwordpress-810691-5571285.cloudwaysapps.com%2Fevents%2Ffamily-book-creator-special-interest-group-sig-2027-04-26%2F&sprop=name:Pastfinders&ctz=America%2FNew_York
DEBUG:root:Checking external hyperlink: https://outlook.office.com/calendar/0/deeplink/compose?allday=false&body=This+group+grew+out+of+our+original+FBC+Study+Group%2C+a+joint+effort+between+Pastfinders+and+Kinseekers.+For+now%2C+membership+is+limited+to+participants+of+that+original+group%2C+but+we+hope+to+welcome+more+members+in+the+future.&location=&path=/calendar/action/compose&rru=addevent&startdt=2027-04-26T19%3A00%3A00-04%3A00&enddt=2027-04-26T20%3A00%3A00-04%3A00&subject=Family+Book+Creator+Special+Interest+Group+%28SIG%29
DEBUG:urllib3.connectionpool:Starting new HTTPS connection (1): outlook.office.com:443
DEBUG:urllib3.connectionpool:https://wordpress-810691-5571285.cloudwaysapps.com:443 "GET /wp-content/uploads/2025/08/20180118_134731_1555557725-1024x576.webp HTTP/1.1" 200 114640
DEBUG:urllib3.connectionpool:https://wordpress-810691-5571285.cloudwaysapps.com:443 "GET /wp-content/uploads/2025/08/IMG_0030_1566271769-1024x574.webp HTTP/1.1" 200 55342
DEBUG:root:✅ Image OK: https://wordpress-810691-5571285.cloudwaysapps.com/wp-content/uploads/2025/08/20180118_134731_1555557725-1024x576.webp
DEBUG:root:Using regex pattern: \b[a-zA-Z]{3,}\b
DEBUG:root:Found 21 words to check in https://wordpress-810691-5571285.cloudwaysapps.com/galleries/2017-italian-day-the-library/ (min_length=3)
DEBUG:root:Sample words from https://wordpress-810691-5571285.cloudwaysapps.com/galleries/2017-italian-day-the-library/: ['This', 'alert', 'Skip', 'content', 'Italian', 'Day', 'the', 'Library', 'images', 'Click']
DEBUG:root:Spell check results for https://wordpress-810691-5571285.cloudwaysapps.com/galleries/2017-italian-day-the-library/: 8 words checked, 13 skipped, 0 errors found
INFO:root:✅ Processed https://wordpress-810691-5571285.cloudwaysapps.com/galleries/2017-italian-day-the-library/: 0 errors found, 41 words checked
DEBUG:root:Attempting to fetch: https://wordpress-810691-5571285.cloudwaysapps.com/resources/genealogy-activities-for-kids/
Processing pages:  13%|█▎        | 50/381 [00:36<02:25,  2.28it/s]DEBUG:urllib3.connectionpool:https://wordpress-810691-5571285.cloudwaysapps.com:443 "GET /wp-content/uploads/2024/03/edgeindex.pdf HTTP/1.1" 200 472350
DEBUG:urllib3.connectionpool:https://outlook.office.com:443 "GET /calendar/0/deeplink/compose?allday=false&body=This+group+grew+out+of+our+original+FBC+Study+Group%2C+a+joint+effort+between+Pastfinders+and+Kinseekers.+For+now%2C+membership+is+limited+to+participants+of+that+original+group%2C+but+we+hope+to+welcome+more+members+in+the+future.&location=&path=/calendar/action/compose&rru=addevent&startdt=2027-04-26T19%3A00%3A00-04%3A00&enddt=2027-04-26T20%3A00%3A00-04%3A00&subject=Family+Book+Creator+Special+Interest+Group+%28SIG%29 HTTP/1.1" 200 None
DEBUG:root:✅ Image OK: https://wordpress-810691-5571285.cloudwaysapps.com/wp-content/uploads/2025/08/IMG_0030_1566271769-1024x574.webp
DEBUG:root:✅ Hyperlink OK: https://outlook.office.com/calendar/0/deeplink/compose?allday=false&body=This+group+grew+out+of+our+original+FBC+Study+Group%2C+a+joint+effort+between+Pastfinders+and+Kinseekers.+For+now%2C+membership+is+limited+to+participants+of+that+original+group%2C+but+we+hope+to+welcome+more+members+in+the+future.&location=&path=/calendar/action/compose&rru=addevent&startdt=2027-04-26T19%3A00%3A00-04%3A00&enddt=2027-04-26T20%3A00%3A00-04%3A00&subject=Family+Book+Creator+Special+Interest+Group+%28SIG%29
DEBUG:root:Checking internal image: https://wordpress-810691-5571285.cloudwaysapps.com/wp-content/uploads/2025/08/IMG_0025_1566271654-1024x586.webp
DEBUG:root:Checking external hyperlink: https://outlook.live.com/calendar/0/deeplink/compose?allday=false&body=This+group+grew+out+of+our+original+FBC+Study+Group%2C+a+joint+effort+between+Pastfinders+and+Kinseekers.+For+now%2C+membership+is+limited+to+participants+of+that+original+group%2C+but+we+hope+to+welcome+more+members+in+the+future.&location=&path=/calendar/action/compose&rru=addevent&startdt=2027-04-26T19%3A00%3A00-04%3A00&enddt=2027-04-26T20%3A00%3A00-04%3A00&subject=Family+Book+Creator+Special+Interest+Group+%28SIG%29
DEBUG:urllib3.connectionpool:Starting new HTTPS connection (1): wordpress-810691-5571285.cloudwaysapps.com:443
DEBUG:urllib3.connectionpool:Starting new HTTPS connection (1): outlook.live.com:443
DEBUG:root:✅ Document OK: https://wordpress-810691-5571285.cloudwaysapps.com/wp-content/uploads/2024/03/edgeindex.pdf
DEBUG:root:Using regex pattern: \b[a-zA-Z]{3,}\b
DEBUG:root:Found 261 words to check in https://wordpress-810691-5571285.cloudwaysapps.com/edge-funeral-home-burial-records/ (min_length=3)
DEBUG:root:Sample words from https://wordpress-810691-5571285.cloudwaysapps.com/edge-funeral-home-burial-records/: ['This', 'alert', 'Skip', 'content', 'Edge', 'Funeral', 'Home', 'Burial', 'Records', 'The']
DEBUG:root:Spell check results for https://wordpress-810691-5571285.cloudwaysapps.com/edge-funeral-home-burial-records/: 175 words checked, 86 skipped, 0 errors found
INFO:root:✅ Processed https://wordpress-810691-5571285.cloudwaysapps.com/edge-funeral-home-burial-records/: 0 errors found, 349 words checked
DEBUG:root:Attempting to fetch: https://wordpress-810691-5571285.cloudwaysapps.com/resources/beginners-guide-to-genetic-genealogy/
Processing pages:  13%|█▎        | 51/381 [00:37<02:06,  2.62it/s]DEBUG:urllib3.connectionpool:https://outlook.live.com:443 "GET /calendar/0/deeplink/compose?allday=false&body=This+group+grew+out+of+our+original+FBC+Study+Group%2C+a+joint+effort+between+Pastfinders+and+Kinseekers.+For+now%2C+membership+is+limited+to+participants+of+that+original+group%2C+but+we+hope+to+welcome+more+members+in+the+future.&location=&path=/calendar/action/compose&rru=addevent&startdt=2027-04-26T19%3A00%3A00-04%3A00&enddt=2027-04-26T20%3A00%3A00-04%3A00&subject=Family+Book+Creator+Special+Interest+Group+%28SIG%29 HTTP/1.1" 200 None
DEBUG:root:✅ Hyperlink OK: https://outlook.live.com/calendar/0/deeplink/compose?allday=false&body=This+group+grew+out+of+our+original+FBC+Study+Group%2C+a+joint+effort+between+Pastfinders+and+Kinseekers.+For+now%2C+membership+is+limited+to+participants+of+that+original+group%2C+but+we+hope+to+welcome+more+members+in+the+future.&location=&path=/calendar/action/compose&rru=addevent&startdt=2027-04-26T19%3A00%3A00-04%3A00&enddt=2027-04-26T20%3A00%3A00-04%3A00&subject=Family+Book+Creator+Special+Interest+Group+%28SIG%29
DEBUG:root:Using regex pattern: \b[a-zA-Z]{3,}\b
DEBUG:root:Found 109 words to check in https://wordpress-810691-5571285.cloudwaysapps.com/events/family-book-creator-special-interest-group-sig-2027-04-26/ (min_length=3)
DEBUG:root:Sample words from https://wordpress-810691-5571285.cloudwaysapps.com/events/family-book-creator-special-interest-group-sig-2027-04-26/: ['This', 'alert', 'Skip', 'content', 'Family', 'Book', 'Creator', 'Special', 'Interest', 'Group']
DEBUG:root:Spell check results for https://wordpress-810691-5571285.cloudwaysapps.com/events/family-book-creator-special-interest-group-sig-2027-04-26/: 62 words checked, 47 skipped, 0 errors found
INFO:root:✅ Processed https://wordpress-810691-5571285.cloudwaysapps.com/events/family-book-creator-special-interest-group-sig-2027-04-26/: 0 errors found, 141 words checked
DEBUG:root:Attempting to fetch: https://wordpress-810691-5571285.cloudwaysapps.com/events/preserving-local-history-2026-02-18/
DEBUG:urllib3.connectionpool:https://wordpress-810691-5571285.cloudwaysapps.com:443 "GET /wp-content/uploads/2025/08/IMG_0025_1566271654-1024x586.webp HTTP/1.1" 200 143072
DEBUG:root:✅ Image OK: https://wordpress-810691-5571285.cloudwaysapps.com/wp-content/uploads/2025/08/IMG_0025_1566271654-1024x586.webp
DEBUG:root:Checking internal image: https://wordpress-810691-5571285.cloudwaysapps.com/wp-content/uploads/2025/08/IMG_0014_6_1566271544-635x1024.webp
DEBUG:urllib3.connectionpool:Starting new HTTPS connection (1): wordpress-810691-5571285.cloudwaysapps.com:443
DEBUG:urllib3.connectionpool:https://wordpress-810691-5571285.cloudwaysapps.com:443 "GET /wp-content/uploads/2025/08/IMG_0014_6_1566271544-635x1024.webp HTTP/1.1" 200 136866
DEBUG:root:✅ Image OK: https://wordpress-810691-5571285.cloudwaysapps.com/wp-content/uploads/2025/08/IMG_0014_6_1566271544-635x1024.webp
DEBUG:root:Checking internal image: https://wordpress-810691-5571285.cloudwaysapps.com/wp-content/uploads/2025/08/IMG_0031_1566271769-419x1024.webp
DEBUG:urllib3.connectionpool:Starting new HTTPS connection (1): wordpress-810691-5571285.cloudwaysapps.com:443
DEBUG:urllib3.connectionpool:https://wordpress-810691-5571285.cloudwaysapps.com:443 "GET /resources/beginners-guide-to-genetic-genealogy/ HTTP/1.1" 200 None
DEBUG:root:Successfully fetched https://wordpress-810691-5571285.cloudwaysapps.com/resources/beginners-guide-to-genetic-genealogy/ (Content-Length: 39207)
DEBUG:urllib3.connectionpool:https://wordpress-810691-5571285.cloudwaysapps.com:443 "GET /events/preserving-local-history-2026-02-18/ HTTP/1.1" 200 None
DEBUG:charset_normalizer:Encoding detection: utf_8 is most likely the one.
DEBUG:root:Successfully fetched https://wordpress-810691-5571285.cloudwaysapps.com/events/preserving-local-history-2026-02-18/ (Content-Length: 43618)
DEBUG:charset_normalizer:Encoding detection: utf_8 is most likely the one.
DEBUG:root:Extracted 447 characters, 65 words from https://wordpress-810691-5571285.cloudwaysapps.com/events/preserving-local-history-2026-02-18/
DEBUG:root:Checking external hyperlink: https://www.google.com/calendar/event?action=TEMPLATE&text=Preserving+Local+History&dates=20260218T100000/20260218T120000&details=Help+in+the+preservation+of+our+local+history+and+collections%2C+including+transcriptionists%2C+preservationists%2C+digitizers%2C+and+organization%C2%A0projects.&location=2525+Oakley+Seaver+Dr%2C+Clermont%2C+FL%2C+34711%2C+United+States&trp=false&sprop=https%3A%2F%2Fwordpress-810691-5571285.cloudwaysapps.com%2Fevents%2Fpreserving-local-history-2026-02-18%2F&sprop=name:Pastfinders&ctz=America%2FNew_York
DEBUG:root:Extracted 811 characters, 144 words from https://wordpress-810691-5571285.cloudwaysapps.com/resources/beginners-guide-to-genetic-genealogy/
DEBUG:root:Using regex pattern: \b[a-zA-Z]{3,}\b
DEBUG:root:Found 108 words to check in https://wordpress-810691-5571285.cloudwaysapps.com/resources/beginners-guide-to-genetic-genealogy/ (min_length=3)
DEBUG:root:Sample words from https://wordpress-810691-5571285.cloudwaysapps.com/resources/beginners-guide-to-genetic-genealogy/: ['This', 'alert', 'Skip', 'content', 'Beginners', 'Guide', 'Genetic', 'Genealogy', 'June', 'Note']
DEBUG:root:Spell check results for https://wordpress-810691-5571285.cloudwaysapps.com/resources/beginners-guide-to-genetic-genealogy/: 84 words checked, 24 skipped, 0 errors found
INFO:root:✅ Processed https://wordpress-810691-5571285.cloudwaysapps.com/resources/beginners-guide-to-genetic-genealogy/: 0 errors found, 144 words checked
DEBUG:root:Attempting to fetch: https://wordpress-810691-5571285.cloudwaysapps.com/resources/national-genealogical-society/
Processing pages:  14%|█▍        | 53/381 [00:37<01:59,  2.75it/s]DEBUG:urllib3.connectionpool:Starting new HTTPS connection (1): www.google.com:443
DEBUG:urllib3.connectionpool:https://www.google.com:443 "GET /calendar/event?action=TEMPLATE&text=Preserving+Local+History&dates=20260218T100000/20260218T120000&details=Help+in+the+preservation+of+our+local+history+and+collections%2C+including+transcriptionists%2C+preservationists%2C+digitizers%2C+and+organization%C2%A0projects.&location=2525+Oakley+Seaver+Dr%2C+Clermont%2C+FL%2C+34711%2C+United+States&trp=false&sprop=https%3A%2F%2Fwordpress-810691-5571285.cloudwaysapps.com%2Fevents%2Fpreserving-local-history-2026-02-18%2F&sprop=name:Pastfinders&ctz=America%2FNew_York HTTP/1.1" 302 0
DEBUG:urllib3.connectionpool:https://wordpress-810691-5571285.cloudwaysapps.com:443 "GET /wp-content/uploads/2025/08/IMG_0031_1566271769-419x1024.webp HTTP/1.1" 200 76534
DEBUG:urllib3.connectionpool:Starting new HTTPS connection (1): calendar.google.com:443
DEBUG:root:✅ Image OK: https://wordpress-810691-5571285.cloudwaysapps.com/wp-content/uploads/2025/08/IMG_0031_1566271769-419x1024.webp
DEBUG:root:Checking internal image: https://wordpress-810691-5571285.cloudwaysapps.com/wp-content/uploads/2025/08/IMG_0016_1566271654-1024x981.webp
DEBUG:urllib3.connectionpool:Starting new HTTPS connection (1): wordpress-810691-5571285.cloudwaysapps.com:443
DEBUG:urllib3.connectionpool:https://calendar.google.com:443 "GET /calendar/event?action=TEMPLATE&text=Preserving+Local+History&dates=20260218T100000/20260218T120000&details=Help+in+the+preservation+of+our+local+history+and+collections,+including+transcriptionists,+preservationists,+digitizers,+and+organization%C2%A0projects.&location=2525+Oakley+Seaver+Dr,+Clermont,+FL,+34711,+United+States&trp=false&sprop=https://wordpress-810691-5571285.cloudwaysapps.com/events/preserving-local-history-2026-02-18/&sprop=name:Pastfinders&ctz=America/New_York HTTP/1.1" 302 0
DEBUG:urllib3.connectionpool:Starting new HTTPS connection (1): accounts.google.com:443
DEBUG:urllib3.connectionpool:https://accounts.google.com:443 "GET /ServiceLogin?service=cl&passive=1209600&osid=1&continue=https://calendar.google.com/calendar/event?action%3DTEMPLATE%26text%3DPreserving%2BLocal%2BHistory%26dates%3D20260218T100000/20260218T120000%26details%3DHelp%2Bin%2Bthe%2Bpreservation%2Bof%2Bour%2Blocal%2Bhistory%2Band%2Bcollections,%2Bincluding%2Btranscriptionists,%2Bpreservationists,%2Bdigitizers,%2Band%2Borganization%25C2%25A0projects.%26location%3D2525%2BOakley%2BSeaver%2BDr,%2BClermont,%2BFL,%2B34711,%2BUnited%2BStates%26trp%3Dfalse%26sprop%3Dhttps://wordpress-810691-5571285.cloudwaysapps.com/events/preserving-local-history-2026-02-18/%26sprop%3Dname:Pastfinders%26ctz%3DAmerica/New_York&followup=https://calendar.google.com/calendar/event?action%3DTEMPLATE%26text%3DPreserving%2BLocal%2BHistory%26dates%3D20260218T100000/20260218T120000%26details%3DHelp%2Bin%2Bthe%2Bpreservation%2Bof%2Bour%2Blocal%2Bhistory%2Band%2Bcollections,%2Bincluding%2Btranscriptionists,%2Bpreservationists,%2Bdigitizers,%2Band%2Borganization%25C2%25A0projects.%26location%3D2525%2BOakley%2BSeaver%2BDr,%2BClermont,%2BFL,%2B34711,%2BUnited%2BStates%26trp%3Dfalse%26sprop%3Dhttps://wordpress-810691-5571285.cloudwaysapps.com/events/preserving-local-history-2026-02-18/%26sprop%3Dname:Pastfinders%26ctz%3DAmerica/New_York&emr=1 HTTP/1.1" 302 0
DEBUG:urllib3.connectionpool:https://wordpress-810691-5571285.cloudwaysapps.com:443 "GET /wp-content/uploads/2025/08/IMG_0016_1566271654-1024x981.webp HTTP/1.1" 200 95504
DEBUG:urllib3.connectionpool:https://accounts.google.com:443 "GET /InteractiveLogin?continue=https://calendar.google.com/calendar/event?action%3DTEMPLATE%26text%3DPreserving%2BLocal%2BHistory%26dates%3D20260218T100000/20260218T120000%26details%3DHelp%2Bin%2Bthe%2Bpreservation%2Bof%2Bour%2Blocal%2Bhistory%2Band%2Bcollections,%2Bincluding%2Btranscriptionists,%2Bpreservationists,%2Bdigitizers,%2Band%2Borganization%25C2%25A0projects.%26location%3D2525%2BOakley%2BSeaver%2BDr,%2BClermont,%2BFL,%2B34711,%2BUnited%2BStates%26trp%3Dfalse%26sprop%3Dhttps://wordpress-810691-5571285.cloudwaysapps.com/events/preserving-local-history-2026-02-18/%26sprop%3Dname:Pastfinders%26ctz%3DAmerica/New_York&emr=1&followup=https://calendar.google.com/calendar/event?action%3DTEMPLATE%26text%3DPreserving%2BLocal%2BHistory%26dates%3D20260218T100000/20260218T120000%26details%3DHelp%2Bin%2Bthe%2Bpreservation%2Bof%2Bour%2Blocal%2Bhistory%2Band%2Bcollections,%2Bincluding%2Btranscriptionists,%2Bpreservationists,%2Bdigitizers,%2Band%2Borganization%25C2%25A0projects.%26location%3D2525%2BOakley%2BSeaver%2BDr,%2BClermont,%2BFL,%2B34711,%2BUnited%2BStates%26trp%3Dfalse%26sprop%3Dhttps://wordpress-810691-5571285.cloudwaysapps.com/events/preserving-local-history-2026-02-18/%26sprop%3Dname:Pastfinders%26ctz%3DAmerica/New_York&osid=1&passive=1209600&service=cl&ifkv=AdBytiNYnIKbGbc-5dTe8C6B-gzlQqHF89z721M3-bggcFZCBW3IcG0bBX1eqIpYHFmH0PAr6R49 HTTP/1.1" 302 None
DEBUG:root:✅ Image OK: https://wordpress-810691-5571285.cloudwaysapps.com/wp-content/uploads/2025/08/IMG_0016_1566271654-1024x981.webp
DEBUG:root:Checking internal image: https://wordpress-810691-5571285.cloudwaysapps.com/wp-content/uploads/2025/08/IMG_0025_6_1566271654-1024x643.webp
DEBUG:urllib3.connectionpool:Starting new HTTPS connection (1): wordpress-810691-5571285.cloudwaysapps.com:443
DEBUG:urllib3.connectionpool:https://accounts.google.com:443 "GET /v3/signin/identifier?continue=https%3A%2F%2Fcalendar.google.com%2Fcalendar%2Fevent%3Faction%3DTEMPLATE%26text%3DPreserving%2BLocal%2BHistory%26dates%3D20260218T100000%2F20260218T120000%26details%3DHelp%2Bin%2Bthe%2Bpreservation%2Bof%2Bour%2Blocal%2Bhistory%2Band%2Bcollections%2C%2Bincluding%2Btranscriptionists%2C%2Bpreservationists%2C%2Bdigitizers%2C%2Band%2Borganization%25C2%25A0projects.%26location%3D2525%2BOakley%2BSeaver%2BDr%2C%2BClermont%2C%2BFL%2C%2B34711%2C%2BUnited%2BStates%26trp%3Dfalse%26sprop%3Dhttps%3A%2F%2Fwordpress-810691-5571285.cloudwaysapps.com%2Fevents%2Fpreserving-local-history-2026-02-18%2F%26sprop%3Dname%3APastfinders%26ctz%3DAmerica%2FNew_York&emr=1&followup=https%3A%2F%2Fcalendar.google.com%2Fcalendar%2Fevent%3Faction%3DTEMPLATE%26text%3DPreserving%2BLocal%2BHistory%26dates%3D20260218T100000%2F20260218T120000%26details%3DHelp%2Bin%2Bthe%2Bpreservation%2Bof%2Bour%2Blocal%2Bhistory%2Band%2Bcollections%2C%2Bincluding%2Btranscriptionists%2C%2Bpreservationists%2C%2Bdigitizers%2C%2Band%2Borganization%25C2%25A0projects.%26location%3D2525%2BOakley%2BSeaver%2BDr%2C%2BClermont%2C%2BFL%2C%2B34711%2C%2BUnited%2BStates%26trp%3Dfalse%26sprop%3Dhttps%3A%2F%2Fwordpress-810691-5571285.cloudwaysapps.com%2Fevents%2Fpreserving-local-history-2026-02-18%2F%26sprop%3Dname%3APastfinders%26ctz%3DAmerica%2FNew_York&ifkv=AdBytiNlTkClDlByh6CYTOEF47E58rXLaioeQGET3eVWYHLx0S3jc0yFPbbFS95gvZQzRVRQJpM5YA&osid=1&passive=1209600&service=cl&flowName=WebLiteSignIn&flowEntry=ServiceLogin&dsh=S-1660269645%3A1756758162285499 HTTP/1.1" 200 None
DEBUG:root:✅ Hyperlink OK: https://www.google.com/calendar/event?action=TEMPLATE&text=Preserving+Local+History&dates=20260218T100000/20260218T120000&details=Help+in+the+preservation+of+our+local+history+and+collections%2C+including+transcriptionists%2C+preservationists%2C+digitizers%2C+and+organization%C2%A0projects.&location=2525+Oakley+Seaver+Dr%2C+Clermont%2C+FL%2C+34711%2C+United+States&trp=false&sprop=https%3A%2F%2Fwordpress-810691-5571285.cloudwaysapps.com%2Fevents%2Fpreserving-local-history-2026-02-18%2F&sprop=name:Pastfinders&ctz=America%2FNew_York
DEBUG:root:Checking external hyperlink: https://outlook.office.com/calendar/0/deeplink/compose?allday=false&body=Help+in+the+preservation+of+our+local+history+and+collections%2C+including+transcriptionists%2C+preservationists%2C+digitizers%2C+and+organization%C2%A0projects.&location=2525+Oakley+Seaver+Dr%2C+Clermont%2C+FL%2C+34711%2C+United+States&path=/calendar/action/compose&rru=addevent&startdt=2026-02-18T10%3A00%3A00-05%3A00&enddt=2026-02-18T12%3A00%3A00-05%3A00&subject=Preserving+Local+History
DEBUG:urllib3.connectionpool:Starting new HTTPS connection (1): outlook.office.com:443
DEBUG:urllib3.connectionpool:https://wordpress-810691-5571285.cloudwaysapps.com:443 "GET /wp-content/uploads/2025/08/IMG_0025_6_1566271654-1024x643.webp HTTP/1.1" 200 147370
DEBUG:urllib3.connectionpool:https://outlook.office.com:443 "GET /calendar/0/deeplink/compose?allday=false&body=Help+in+the+preservation+of+our+local+history+and+collections%2C+including+transcriptionists%2C+preservationists%2C+digitizers%2C+and+organization%C2%A0projects.&location=2525+Oakley+Seaver+Dr%2C+Clermont%2C+FL%2C+34711%2C+United+States&path=/calendar/action/compose&rru=addevent&startdt=2026-02-18T10%3A00%3A00-05%3A00&enddt=2026-02-18T12%3A00%3A00-05%3A00&subject=Preserving+Local+History HTTP/1.1" 200 None
DEBUG:root:✅ Hyperlink OK: https://outlook.office.com/calendar/0/deeplink/compose?allday=false&body=Help+in+the+preservation+of+our+local+history+and+collections%2C+including+transcriptionists%2C+preservationists%2C+digitizers%2C+and+organization%C2%A0projects.&location=2525+Oakley+Seaver+Dr%2C+Clermont%2C+FL%2C+34711%2C+United+States&path=/calendar/action/compose&rru=addevent&startdt=2026-02-18T10%3A00%3A00-05%3A00&enddt=2026-02-18T12%3A00%3A00-05%3A00&subject=Preserving+Local+History
DEBUG:root:Checking external hyperlink: https://outlook.live.com/calendar/0/deeplink/compose?allday=false&body=Help+in+the+preservation+of+our+local+history+and+collections%2C+including+transcriptionists%2C+preservationists%2C+digitizers%2C+and+organization%C2%A0projects.&location=2525+Oakley+Seaver+Dr%2C+Clermont%2C+FL%2C+34711%2C+United+States&path=/calendar/action/compose&rru=addevent&startdt=2026-02-18T10%3A00%3A00-05%3A00&enddt=2026-02-18T12%3A00%3A00-05%3A00&subject=Preserving+Local+History
DEBUG:urllib3.connectionpool:Starting new HTTPS connection (1): outlook.live.com:443
DEBUG:root:✅ Image OK: https://wordpress-810691-5571285.cloudwaysapps.com/wp-content/uploads/2025/08/IMG_0025_6_1566271654-1024x643.webp
DEBUG:root:Checking internal image: https://wordpress-810691-5571285.cloudwaysapps.com/wp-content/uploads/2025/08/IMG_0012_1566271544-791x1024.webp
DEBUG:urllib3.connectionpool:Starting new HTTPS connection (1): wordpress-810691-5571285.cloudwaysapps.com:443
DEBUG:urllib3.connectionpool:https://outlook.live.com:443 "GET /calendar/0/deeplink/compose?allday=false&body=Help+in+the+preservation+of+our+local+history+and+collections%2C+including+transcriptionists%2C+preservationists%2C+digitizers%2C+and+organization%C2%A0projects.&location=2525+Oakley+Seaver+Dr%2C+Clermont%2C+FL%2C+34711%2C+United+States&path=/calendar/action/compose&rru=addevent&startdt=2026-02-18T10%3A00%3A00-05%3A00&enddt=2026-02-18T12%3A00%3A00-05%3A00&subject=Preserving+Local+History HTTP/1.1" 200 None
DEBUG:root:✅ Hyperlink OK: https://outlook.live.com/calendar/0/deeplink/compose?allday=false&body=Help+in+the+preservation+of+our+local+history+and+collections%2C+including+transcriptionists%2C+preservationists%2C+digitizers%2C+and+organization%C2%A0projects.&location=2525+Oakley+Seaver+Dr%2C+Clermont%2C+FL%2C+34711%2C+United+States&path=/calendar/action/compose&rru=addevent&startdt=2026-02-18T10%3A00%3A00-05%3A00&enddt=2026-02-18T12%3A00%3A00-05%3A00&subject=Preserving+Local+History
DEBUG:root:Using regex pattern: \b[a-zA-Z]{3,}\b
DEBUG:root:Found 44 words to check in https://wordpress-810691-5571285.cloudwaysapps.com/events/preserving-local-history-2026-02-18/ (min_length=3)
DEBUG:root:Sample words from https://wordpress-810691-5571285.cloudwaysapps.com/events/preserving-local-history-2026-02-18/: ['This', 'alert', 'Skip', 'content', 'Preserving', 'Local', 'History', 'When', 'February', 'Add']
DEBUG:root:Misspelled word found: 'transcriptionists' in https://wordpress-810691-5571285.cloudwaysapps.com/events/preserving-local-history-2026-02-18/
DEBUG:root:Spell check results for https://wordpress-810691-5571285.cloudwaysapps.com/events/preserving-local-history-2026-02-18/: 17 words checked, 27 skipped, 1 errors found
INFO:root:✅ Processed https://wordpress-810691-5571285.cloudwaysapps.com/events/preserving-local-history-2026-02-18/: 1 errors found, 65 words checked
DEBUG:root:Attempting to fetch: https://wordpress-810691-5571285.cloudwaysapps.com/resources/fun-family-history-activities-for-kids/
Processing pages:  14%|█▍        | 54/381 [00:38<02:59,  1.82it/s]DEBUG:urllib3.connectionpool:https://wordpress-810691-5571285.cloudwaysapps.com:443 "GET /wp-content/uploads/2025/08/IMG_0012_1566271544-791x1024.webp HTTP/1.1" 200 155522
DEBUG:urllib3.connectionpool:https://wordpress-810691-5571285.cloudwaysapps.com:443 "GET /resources/fun-family-history-activities-for-kids/ HTTP/1.1" 200 None
DEBUG:root:Successfully fetched https://wordpress-810691-5571285.cloudwaysapps.com/resources/fun-family-history-activities-for-kids/ (Content-Length: 39060)
DEBUG:charset_normalizer:Encoding detection: utf_8 is most likely the one.
DEBUG:root:Extracted 740 characters, 124 words from https://wordpress-810691-5571285.cloudwaysapps.com/resources/fun-family-history-activities-for-kids/
DEBUG:root:Using regex pattern: \b[a-zA-Z]{3,}\b
DEBUG:root:Found 103 words to check in https://wordpress-810691-5571285.cloudwaysapps.com/resources/fun-family-history-activities-for-kids/ (min_length=3)
DEBUG:root:Sample words from https://wordpress-810691-5571285.cloudwaysapps.com/resources/fun-family-history-activities-for-kids/: ['This', 'alert', 'Skip', 'content', 'Fun', 'Family', 'History', 'Activities', 'for', 'Kids']
DEBUG:root:Spell check results for https://wordpress-810691-5571285.cloudwaysapps.com/resources/fun-family-history-activities-for-kids/: 81 words checked, 22 skipped, 0 errors found
INFO:root:✅ Processed https://wordpress-810691-5571285.cloudwaysapps.com/resources/fun-family-history-activities-for-kids/: 0 errors found, 124 words checked
DEBUG:root:Attempting to fetch: https://wordpress-810691-5571285.cloudwaysapps.com/resources/7-fabulous-family-history-games/
Processing pages:  14%|█▍        | 55/381 [00:39<02:34,  2.12it/s]DEBUG:root:✅ Image OK: https://wordpress-810691-5571285.cloudwaysapps.com/wp-content/uploads/2025/08/IMG_0012_1566271544-791x1024.webp
DEBUG:root:Checking internal image: https://wordpress-810691-5571285.cloudwaysapps.com/wp-content/uploads/2025/08/IMG_0024_1566271654-1024x367.webp
DEBUG:urllib3.connectionpool:Starting new HTTPS connection (1): wordpress-810691-5571285.cloudwaysapps.com:443
DEBUG:urllib3.connectionpool:https://wordpress-810691-5571285.cloudwaysapps.com:443 "GET /resources/7-fabulous-family-history-games/ HTTP/1.1" 200 None
DEBUG:root:Successfully fetched https://wordpress-810691-5571285.cloudwaysapps.com/resources/7-fabulous-family-history-games/ (Content-Length: 38869)
DEBUG:charset_normalizer:Encoding detection: utf_8 is most likely the one.
DEBUG:root:Extracted 657 characters, 115 words from https://wordpress-810691-5571285.cloudwaysapps.com/resources/7-fabulous-family-history-games/
DEBUG:root:Using regex pattern: \b[a-zA-Z]{3,}\b
DEBUG:root:Found 90 words to check in https://wordpress-810691-5571285.cloudwaysapps.com/resources/7-fabulous-family-history-games/ (min_length=3)
DEBUG:root:Sample words from https://wordpress-810691-5571285.cloudwaysapps.com/resources/7-fabulous-family-history-games/: ['This', 'alert', 'Skip', 'content', 'Fabulous', 'Family', 'History', 'Games', 'May', 'continue']
DEBUG:root:Spell check results for https://wordpress-810691-5571285.cloudwaysapps.com/resources/7-fabulous-family-history-games/: 70 words checked, 20 skipped, 0 errors found
INFO:root:✅ Processed https://wordpress-810691-5571285.cloudwaysapps.com/resources/7-fabulous-family-history-games/: 0 errors found, 115 words checked
DEBUG:root:Attempting to fetch: https://wordpress-810691-5571285.cloudwaysapps.com/events/research-assistance-2025-08-27-2025-09-03-2025-09-10-2025-09-17-2025-09-24-2025-10-01-2025-10-08-2025-10-15-2025-10-22-2025-10-29-2025-11-05-2025-11-12-2025-11-19-2025-11-26-2025-12-03-2-29-2026-08-05/
Processing pages:  15%|█▍        | 56/381 [00:39<02:04,  2.61it/s]DEBUG:urllib3.connectionpool:https://wordpress-810691-5571285.cloudwaysapps.com:443 "GET /events/research-assistance-2025-08-27-2025-09-03-2025-09-10-2025-09-17-2025-09-24-2025-10-01-2025-10-08-2025-10-15-2025-10-22-2025-10-29-2025-11-05-2025-11-12-2025-11-19-2025-11-26-2025-12-03-2-29-2026-08-05/ HTTP/1.1" 200 None
DEBUG:root:Successfully fetched https://wordpress-810691-5571285.cloudwaysapps.com/events/research-assistance-2025-08-27-2025-09-03-2025-09-10-2025-09-17-2025-09-24-2025-10-01-2025-10-08-2025-10-15-2025-10-22-2025-10-29-2025-11-05-2025-11-12-2025-11-19-2025-11-26-2025-12-03-2-29-2026-08-05/ (Content-Length: 44213)
DEBUG:charset_normalizer:Encoding detection: utf_8 is most likely the one.
DEBUG:root:Extracted 489 characters, 85 words from https://wordpress-810691-5571285.cloudwaysapps.com/events/research-assistance-2025-08-27-2025-09-03-2025-09-10-2025-09-17-2025-09-24-2025-10-01-2025-10-08-2025-10-15-2025-10-22-2025-10-29-2025-11-05-2025-11-12-2025-11-19-2025-11-26-2025-12-03-2-29-2026-08-05/
DEBUG:root:Checking external hyperlink: https://www.google.com/calendar/event?action=TEMPLATE&text=Research+Assistance&dates=20260805T130000/20260805T150000&details=Join+us+weekly+in+the+Genealogy+Room+for+in-person+help+with+your+research.+It%E2%80%99s+a+great+chance+to+get+one-on-one+guidance%2C+ask+questions%2C+and+connect+with+others+who+share+your+passion+for+family+history.&location=2525+Oakley+Seaver+Dr%2C+Clermont%2C+FL%2C+34711%2C+United+States&trp=false&sprop=https%3A%2F%2Fwordpress-810691-5571285.cloudwaysapps.com%2Fevents%2Fresearch-assistance-2025-08-27-2025-09-03-2025-09-10-2025-09-17-2025-09-24-2025-10-01-2025-10-08-2025-10-15-2025-10-22-2025-10-29-2025-11-05-2025-11-12-2025-11-19-2025-11-26-2025-12-03-2-29-2026-08-05%2F&sprop=name:Pastfinders&ctz=America%2FNew_York
DEBUG:urllib3.connectionpool:https://wordpress-810691-5571285.cloudwaysapps.com:443 "GET /events/research-assistance-2025-08-27-2025-09-03-2025-09-10-2025-09-17-2025-09-24-2025-10-01-2025-10-08-2025-10-15-2025-10-22-2025-10-29-2025-11-05-2025-11-12-2025-11-19-2025-11-26-2025-12-03-2-01-2026-04-08/ HTTP/1.1" 200 None
DEBUG:urllib3.connectionpool:https://wordpress-810691-5571285.cloudwaysapps.com:443 "GET /wp-content/uploads/2025/08/IMG_0024_1566271654-1024x367.webp HTTP/1.1" 200 85986
DEBUG:root:Successfully fetched https://wordpress-810691-5571285.cloudwaysapps.com/events/research-assistance-2025-08-27-2025-09-03-2025-09-10-2025-09-17-2025-09-24-2025-10-01-2025-10-08-2025-10-15-2025-10-22-2025-10-29-2025-11-05-2025-11-12-2025-11-19-2025-11-26-2025-12-03-2-01-2026-04-08/ (Content-Length: 44173)
DEBUG:charset_normalizer:Encoding detection: utf_8 is most likely the one.
DEBUG:urllib3.connectionpool:Starting new HTTPS connection (1): www.google.com:443
DEBUG:root:Extracted 488 characters, 85 words from https://wordpress-810691-5571285.cloudwaysapps.com/events/research-assistance-2025-08-27-2025-09-03-2025-09-10-2025-09-17-2025-09-24-2025-10-01-2025-10-08-2025-10-15-2025-10-22-2025-10-29-2025-11-05-2025-11-12-2025-11-19-2025-11-26-2025-12-03-2-01-2026-04-08/
DEBUG:root:Checking external hyperlink: https://www.google.com/calendar/event?action=TEMPLATE&text=Research+Assistance&dates=20260408T130000/20260408T150000&details=Join+us+weekly+in+the+Genealogy+Room+for+in-person+help+with+your+research.+It%E2%80%99s+a+great+chance+to+get+one-on-one+guidance%2C+ask+questions%2C+and+connect+with+others+who+share+your+passion+for+family+history.&location=2525+Oakley+Seaver+Dr%2C+Clermont%2C+FL%2C+34711%2C+United+States&trp=false&sprop=https%3A%2F%2Fwordpress-810691-5571285.cloudwaysapps.com%2Fevents%2Fresearch-assistance-2025-08-27-2025-09-03-2025-09-10-2025-09-17-2025-09-24-2025-10-01-2025-10-08-2025-10-15-2025-10-22-2025-10-29-2025-11-05-2025-11-12-2025-11-19-2025-11-26-2025-12-03-2-01-2026-04-08%2F&sprop=name:Pastfinders&ctz=America%2FNew_York
DEBUG:urllib3.connectionpool:Starting new HTTPS connection (1): www.google.com:443
DEBUG:root:✅ Image OK: https://wordpress-810691-5571285.cloudwaysapps.com/wp-content/uploads/2025/08/IMG_0024_1566271654-1024x367.webp
DEBUG:root:Checking internal image: https://wordpress-810691-5571285.cloudwaysapps.com/wp-content/uploads/2025/08/IMG_0022_1566271654-1024x925.webp
DEBUG:urllib3.connectionpool:Starting new HTTPS connection (1): wordpress-810691-5571285.cloudwaysapps.com:443
DEBUG:urllib3.connectionpool:https://www.google.com:443 "GET /calendar/event?action=TEMPLATE&text=Research+Assistance&dates=20260805T130000/20260805T150000&details=Join+us+weekly+in+the+Genealogy+Room+for+in-person+help+with+your+research.+It%E2%80%99s+a+great+chance+to+get+one-on-one+guidance%2C+ask+questions%2C+and+connect+with+others+who+share+your+passion+for+family+history.&location=2525+Oakley+Seaver+Dr%2C+Clermont%2C+FL%2C+34711%2C+United+States&trp=false&sprop=https%3A%2F%2Fwordpress-810691-5571285.cloudwaysapps.com%2Fevents%2Fresearch-assistance-2025-08-27-2025-09-03-2025-09-10-2025-09-17-2025-09-24-2025-10-01-2025-10-08-2025-10-15-2025-10-22-2025-10-29-2025-11-05-2025-11-12-2025-11-19-2025-11-26-2025-12-03-2-29-2026-08-05%2F&sprop=name:Pastfinders&ctz=America%2FNew_York HTTP/1.1" 302 0
DEBUG:urllib3.connectionpool:Starting new HTTPS connection (1): calendar.google.com:443
DEBUG:urllib3.connectionpool:https://www.google.com:443 "GET /calendar/event?action=TEMPLATE&text=Research+Assistance&dates=20260408T130000/20260408T150000&details=Join+us+weekly+in+the+Genealogy+Room+for+in-person+help+with+your+research.+It%E2%80%99s+a+great+chance+to+get+one-on-one+guidance%2C+ask+questions%2C+and+connect+with+others+who+share+your+passion+for+family+history.&location=2525+Oakley+Seaver+Dr%2C+Clermont%2C+FL%2C+34711%2C+United+States&trp=false&sprop=https%3A%2F%2Fwordpress-810691-5571285.cloudwaysapps.com%2Fevents%2Fresearch-assistance-2025-08-27-2025-09-03-2025-09-10-2025-09-17-2025-09-24-2025-10-01-2025-10-08-2025-10-15-2025-10-22-2025-10-29-2025-11-05-2025-11-12-2025-11-19-2025-11-26-2025-12-03-2-01-2026-04-08%2F&sprop=name:Pastfinders&ctz=America%2FNew_York HTTP/1.1" 302 0
DEBUG:urllib3.connectionpool:Starting new HTTPS connection (1): calendar.google.com:443
DEBUG:urllib3.connectionpool:https://wordpress-810691-5571285.cloudwaysapps.com:443 "GET /resources/genealogy-activities-for-kids/ HTTP/1.1" 200 None
DEBUG:root:Successfully fetched https://wordpress-810691-5571285.cloudwaysapps.com/resources/genealogy-activities-for-kids/ (Content-Length: 38751)
DEBUG:charset_normalizer:Encoding detection: utf_8 is most likely the one.
DEBUG:root:Extracted 445 characters, 76 words from https://wordpress-810691-5571285.cloudwaysapps.com/resources/genealogy-activities-for-kids/
DEBUG:root:Using regex pattern: \b[a-zA-Z]{3,}\b
DEBUG:root:Found 59 words to check in https://wordpress-810691-5571285.cloudwaysapps.com/resources/genealogy-activities-for-kids/ (min_length=3)
DEBUG:root:Sample words from https://wordpress-810691-5571285.cloudwaysapps.com/resources/genealogy-activities-for-kids/: ['This', 'alert', 'Skip', 'content', 'Genealogy', 'Activities', 'for', 'Kids', 'May', 'Looking']
DEBUG:root:Spell check results for https://wordpress-810691-5571285.cloudwaysapps.com/resources/genealogy-activities-for-kids/: 42 words checked, 17 skipped, 0 errors found
INFO:root:✅ Processed https://wordpress-810691-5571285.cloudwaysapps.com/resources/genealogy-activities-for-kids/: 0 errors found, 76 words checked
DEBUG:root:Attempting to fetch: https://wordpress-810691-5571285.cloudwaysapps.com/member-benefits/join-pastfinders/
Processing pages:  15%|█▍        | 57/381 [00:39<02:01,  2.66it/s]DEBUG:urllib3.connectionpool:https://calendar.google.com:443 "GET /calendar/event?action=TEMPLATE&text=Research+Assistance&dates=20260805T130000/20260805T150000&details=Join+us+weekly+in+the+Genealogy+Room+for+in-person+help+with+your+research.+It%E2%80%99s+a+great+chance+to+get+one-on-one+guidance,+ask+questions,+and+connect+with+others+who+share+your+passion+for+family+history.&location=2525+Oakley+Seaver+Dr,+Clermont,+FL,+34711,+United+States&trp=false&sprop=https://wordpress-810691-5571285.cloudwaysapps.com/events/research-assistance-2025-08-27-2025-09-03-2025-09-10-2025-09-17-2025-09-24-2025-10-01-2025-10-08-2025-10-15-2025-10-22-2025-10-29-2025-11-05-2025-11-12-2025-11-19-2025-11-26-2025-12-03-2-29-2026-08-05/&sprop=name:Pastfinders&ctz=America/New_York HTTP/1.1" 302 0
DEBUG:urllib3.connectionpool:https://calendar.google.com:443 "GET /calendar/event?action=TEMPLATE&text=Research+Assistance&dates=20260408T130000/20260408T150000&details=Join+us+weekly+in+the+Genealogy+Room+for+in-person+help+with+your+research.+It%E2%80%99s+a+great+chance+to+get+one-on-one+guidance,+ask+questions,+and+connect+with+others+who+share+your+passion+for+family+history.&location=2525+Oakley+Seaver+Dr,+Clermont,+FL,+34711,+United+States&trp=false&sprop=https://wordpress-810691-5571285.cloudwaysapps.com/events/research-assistance-2025-08-27-2025-09-03-2025-09-10-2025-09-17-2025-09-24-2025-10-01-2025-10-08-2025-10-15-2025-10-22-2025-10-29-2025-11-05-2025-11-12-2025-11-19-2025-11-26-2025-12-03-2-01-2026-04-08/&sprop=name:Pastfinders&ctz=America/New_York HTTP/1.1" 302 0
DEBUG:urllib3.connectionpool:Starting new HTTPS connection (1): accounts.google.com:443
DEBUG:urllib3.connectionpool:Starting new HTTPS connection (1): accounts.google.com:443
DEBUG:urllib3.connectionpool:https://wordpress-810691-5571285.cloudwaysapps.com:443 "GET /wp-content/uploads/2025/08/IMG_0022_1566271654-1024x925.webp HTTP/1.1" 200 178142
DEBUG:urllib3.connectionpool:https://wordpress-810691-5571285.cloudwaysapps.com:443 "GET /member-benefits/join-pastfinders/ HTTP/1.1" 200 None
DEBUG:root:Successfully fetched https://wordpress-810691-5571285.cloudwaysapps.com/member-benefits/join-pastfinders/ (Content-Length: 39400)
DEBUG:charset_normalizer:Encoding detection: utf_8 is most likely the one.
DEBUG:root:Extracted 278 characters, 46 words from https://wordpress-810691-5571285.cloudwaysapps.com/member-benefits/join-pastfinders/
DEBUG:root:Using regex pattern: \b[a-zA-Z]{3,}\b
DEBUG:root:Found 33 words to check in https://wordpress-810691-5571285.cloudwaysapps.com/member-benefits/join-pastfinders/ (min_length=3)
DEBUG:root:Sample words from https://wordpress-810691-5571285.cloudwaysapps.com/member-benefits/join-pastfinders/: ['This', 'alert', 'Skip', 'content', 'Join', 'Pastfinders', 'Pastfinders', 'pleased', 'accept', 'credit']
DEBUG:root:Spell check results for https://wordpress-810691-5571285.cloudwaysapps.com/member-benefits/join-pastfinders/: 20 words checked, 13 skipped, 0 errors found
INFO:root:✅ Processed https://wordpress-810691-5571285.cloudwaysapps.com/member-benefits/join-pastfinders/: 0 errors found, 46 words checked
DEBUG:root:Attempting to fetch: https://wordpress-810691-5571285.cloudwaysapps.com/galleries/2017-boy-scouts-merit-badge/
DEBUG:urllib3.connectionpool:https://accounts.google.com:443 "GET /ServiceLogin?service=cl&passive=1209600&osid=1&continue=https://calendar.google.com/calendar/event?action%3DTEMPLATE%26text%3DResearch%2BAssistance%26dates%3D20260805T130000/20260805T150000%26details%3DJoin%2Bus%2Bweekly%2Bin%2Bthe%2BGenealogy%2BRoom%2Bfor%2Bin-person%2Bhelp%2Bwith%2Byour%2Bresearch.%2BIt%25E2%2580%2599s%2Ba%2Bgreat%2Bchance%2Bto%2Bget%2Bone-on-one%2Bguidance,%2Bask%2Bquestions,%2Band%2Bconnect%2Bwith%2Bothers%2Bwho%2Bshare%2Byour%2Bpassion%2Bfor%2Bfamily%2Bhistory.%26location%3D2525%2BOakley%2BSeaver%2BDr,%2BClermont,%2BFL,%2B34711,%2BUnited%2BStates%26trp%3Dfalse%26sprop%3Dhttps://wordpress-810691-5571285.cloudwaysapps.com/events/research-assistance-2025-08-27-2025-09-03-2025-09-10-2025-09-17-2025-09-24-2025-10-01-2025-10-08-2025-10-15-2025-10-22-2025-10-29-2025-11-05-2025-11-12-2025-11-19-2025-11-26-2025-12-03-2-29-2026-08-05/%26sprop%3Dname:Pastfinders%26ctz%3DAmerica/New_York&followup=https://calendar.google.com/calendar/event?action%3DTEMPLATE%26text%3DResearch%2BAssistance%26dates%3D20260805T130000/20260805T150000%26details%3DJoin%2Bus%2Bweekly%2Bin%2Bthe%2BGenealogy%2BRoom%2Bfor%2Bin-person%2Bhelp%2Bwith%2Byour%2Bresearch.%2BIt%25E2%2580%2599s%2Ba%2Bgreat%2Bchance%2Bto%2Bget%2Bone-on-one%2Bguidance,%2Bask%2Bquestions,%2Band%2Bconnect%2Bwith%2Bothers%2Bwho%2Bshare%2Byour%2Bpassion%2Bfor%2Bfamily%2Bhistory.%26location%3D2525%2BOakley%2BSeaver%2BDr,%2BClermont,%2BFL,%2B34711,%2BUnited%2BStates%26trp%3Dfalse%26sprop%3Dhttps://wordpress-810691-5571285.cloudwaysapps.com/events/research-assistance-2025-08-27-2025-09-03-2025-09-10-2025-09-17-2025-09-24-2025-10-01-2025-10-08-2025-10-15-2025-10-22-2025-10-29-2025-11-05-2025-11-12-2025-11-19-2025-11-26-2025-12-03-2-29-2026-08-05/%26sprop%3Dname:Pastfinders%26ctz%3DAmerica/New_York&emr=1 HTTP/1.1" 302 0
DEBUG:root:✅ Image OK: https://wordpress-810691-5571285.cloudwaysapps.com/wp-content/uploads/2025/08/IMG_0022_1566271654-1024x925.webp
DEBUG:root:Checking internal image: https://wordpress-810691-5571285.cloudwaysapps.com/wp-content/uploads/2025/08/IMG_0029_4_1566271769-1024x831.webp
DEBUG:urllib3.connectionpool:Starting new HTTPS connection (1): wordpress-810691-5571285.cloudwaysapps.com:443
DEBUG:urllib3.connectionpool:https://accounts.google.com:443 "GET /ServiceLogin?service=cl&passive=1209600&osid=1&continue=https://calendar.google.com/calendar/event?action%3DTEMPLATE%26text%3DResearch%2BAssistance%26dates%3D20260408T130000/20260408T150000%26details%3DJoin%2Bus%2Bweekly%2Bin%2Bthe%2BGenealogy%2BRoom%2Bfor%2Bin-person%2Bhelp%2Bwith%2Byour%2Bresearch.%2BIt%25E2%2580%2599s%2Ba%2Bgreat%2Bchance%2Bto%2Bget%2Bone-on-one%2Bguidance,%2Bask%2Bquestions,%2Band%2Bconnect%2Bwith%2Bothers%2Bwho%2Bshare%2Byour%2Bpassion%2Bfor%2Bfamily%2Bhistory.%26location%3D2525%2BOakley%2BSeaver%2BDr,%2BClermont,%2BFL,%2B34711,%2BUnited%2BStates%26trp%3Dfalse%26sprop%3Dhttps://wordpress-810691-5571285.cloudwaysapps.com/events/research-assistance-2025-08-27-2025-09-03-2025-09-10-2025-09-17-2025-09-24-2025-10-01-2025-10-08-2025-10-15-2025-10-22-2025-10-29-2025-11-05-2025-11-12-2025-11-19-2025-11-26-2025-12-03-2-01-2026-04-08/%26sprop%3Dname:Pastfinders%26ctz%3DAmerica/New_York&followup=https://calendar.google.com/calendar/event?action%3DTEMPLATE%26text%3DResearch%2BAssistance%26dates%3D20260408T130000/20260408T150000%26details%3DJoin%2Bus%2Bweekly%2Bin%2Bthe%2BGenealogy%2BRoom%2Bfor%2Bin-person%2Bhelp%2Bwith%2Byour%2Bresearch.%2BIt%25E2%2580%2599s%2Ba%2Bgreat%2Bchance%2Bto%2Bget%2Bone-on-one%2Bguidance,%2Bask%2Bquestions,%2Band%2Bconnect%2Bwith%2Bothers%2Bwho%2Bshare%2Byour%2Bpassion%2Bfor%2Bfamily%2Bhistory.%26location%3D2525%2BOakley%2BSeaver%2BDr,%2BClermont,%2BFL,%2B34711,%2BUnited%2BStates%26trp%3Dfalse%26sprop%3Dhttps://wordpress-810691-5571285.cloudwaysapps.com/events/research-assistance-2025-08-27-2025-09-03-2025-09-10-2025-09-17-2025-09-24-2025-10-01-2025-10-08-2025-10-15-2025-10-22-2025-10-29-2025-11-05-2025-11-12-2025-11-19-2025-11-26-2025-12-03-2-01-2026-04-08/%26sprop%3Dname:Pastfinders%26ctz%3DAmerica/New_York&emr=1 HTTP/1.1" 302 0
DEBUG:urllib3.connectionpool:https://accounts.google.com:443 "GET /InteractiveLogin?continue=https://calendar.google.com/calendar/event?action%3DTEMPLATE%26text%3DResearch%2BAssistance%26dates%3D20260805T130000/20260805T150000%26details%3DJoin%2Bus%2Bweekly%2Bin%2Bthe%2BGenealogy%2BRoom%2Bfor%2Bin-person%2Bhelp%2Bwith%2Byour%2Bresearch.%2BIt%25E2%2580%2599s%2Ba%2Bgreat%2Bchance%2Bto%2Bget%2Bone-on-one%2Bguidance,%2Bask%2Bquestions,%2Band%2Bconnect%2Bwith%2Bothers%2Bwho%2Bshare%2Byour%2Bpassion%2Bfor%2Bfamily%2Bhistory.%26location%3D2525%2BOakley%2BSeaver%2BDr,%2BClermont,%2BFL,%2B34711,%2BUnited%2BStates%26trp%3Dfalse%26sprop%3Dhttps://wordpress-810691-5571285.cloudwaysapps.com/events/research-assistance-2025-08-27-2025-09-03-2025-09-10-2025-09-17-2025-09-24-2025-10-01-2025-10-08-2025-10-15-2025-10-22-2025-10-29-2025-11-05-2025-11-12-2025-11-19-2025-11-26-2025-12-03-2-29-2026-08-05/%26sprop%3Dname:Pastfinders%26ctz%3DAmerica/New_York&emr=1&followup=https://calendar.google.com/calendar/event?action%3DTEMPLATE%26text%3DResearch%2BAssistance%26dates%3D20260805T130000/20260805T150000%26details%3DJoin%2Bus%2Bweekly%2Bin%2Bthe%2BGenealogy%2BRoom%2Bfor%2Bin-person%2Bhelp%2Bwith%2Byour%2Bresearch.%2BIt%25E2%2580%2599s%2Ba%2Bgreat%2Bchance%2Bto%2Bget%2Bone-on-one%2Bguidance,%2Bask%2Bquestions,%2Band%2Bconnect%2Bwith%2Bothers%2Bwho%2Bshare%2Byour%2Bpassion%2Bfor%2Bfamily%2Bhistory.%26location%3D2525%2BOakley%2BSeaver%2BDr,%2BClermont,%2BFL,%2B34711,%2BUnited%2BStates%26trp%3Dfalse%26sprop%3Dhttps://wordpress-810691-5571285.cloudwaysapps.com/events/research-assistance-2025-08-27-2025-09-03-2025-09-10-2025-09-17-2025-09-24-2025-10-01-2025-10-08-2025-10-15-2025-10-22-2025-10-29-2025-11-05-2025-11-12-2025-11-19-2025-11-26-2025-12-03-2-29-2026-08-05/%26sprop%3Dname:Pastfinders%26ctz%3DAmerica/New_York&osid=1&passive=1209600&service=cl&ifkv=AdBytiNfnYyKaOdYUFTIqgG_3jMmYJS-zVHo4Xis_USx-Q6pfLOmozKES0DQN_NoFQ6YsussJhd7kA HTTP/1.1" 302 None
DEBUG:urllib3.connectionpool:https://accounts.google.com:443 "GET /InteractiveLogin?continue=https://calendar.google.com/calendar/event?action%3DTEMPLATE%26text%3DResearch%2BAssistance%26dates%3D20260408T130000/20260408T150000%26details%3DJoin%2Bus%2Bweekly%2Bin%2Bthe%2BGenealogy%2BRoom%2Bfor%2Bin-person%2Bhelp%2Bwith%2Byour%2Bresearch.%2BIt%25E2%2580%2599s%2Ba%2Bgreat%2Bchance%2Bto%2Bget%2Bone-on-one%2Bguidance,%2Bask%2Bquestions,%2Band%2Bconnect%2Bwith%2Bothers%2Bwho%2Bshare%2Byour%2Bpassion%2Bfor%2Bfamily%2Bhistory.%26location%3D2525%2BOakley%2BSeaver%2BDr,%2BClermont,%2BFL,%2B34711,%2BUnited%2BStates%26trp%3Dfalse%26sprop%3Dhttps://wordpress-810691-5571285.cloudwaysapps.com/events/research-assistance-2025-08-27-2025-09-03-2025-09-10-2025-09-17-2025-09-24-2025-10-01-2025-10-08-2025-10-15-2025-10-22-2025-10-29-2025-11-05-2025-11-12-2025-11-19-2025-11-26-2025-12-03-2-01-2026-04-08/%26sprop%3Dname:Pastfinders%26ctz%3DAmerica/New_York&emr=1&followup=https://calendar.google.com/calendar/event?action%3DTEMPLATE%26text%3DResearch%2BAssistance%26dates%3D20260408T130000/20260408T150000%26details%3DJoin%2Bus%2Bweekly%2Bin%2Bthe%2BGenealogy%2BRoom%2Bfor%2Bin-person%2Bhelp%2Bwith%2Byour%2Bresearch.%2BIt%25E2%2580%2599s%2Ba%2Bgreat%2Bchance%2Bto%2Bget%2Bone-on-one%2Bguidance,%2Bask%2Bquestions,%2Band%2Bconnect%2Bwith%2Bothers%2Bwho%2Bshare%2Byour%2Bpassion%2Bfor%2Bfamily%2Bhistory.%26location%3D2525%2BOakley%2BSeaver%2BDr,%2BClermont,%2BFL,%2B34711,%2BUnited%2BStates%26trp%3Dfalse%26sprop%3Dhttps://wordpress-810691-5571285.cloudwaysapps.com/events/research-assistance-2025-08-27-2025-09-03-2025-09-10-2025-09-17-2025-09-24-2025-10-01-2025-10-08-2025-10-15-2025-10-22-2025-10-29-2025-11-05-2025-11-12-2025-11-19-2025-11-26-2025-12-03-2-01-2026-04-08/%26sprop%3Dname:Pastfinders%26ctz%3DAmerica/New_York&osid=1&passive=1209600&service=cl&ifkv=AdBytiOz6uZtDJPNFCD2ia2tjEmb1SuSwcj4_nbsM6iqUVRep1wVWk3Zzxqiwo900-MwZHQk4pc4kQ HTTP/1.1" 302 None
DEBUG:urllib3.connectionpool:https://accounts.google.com:443 "GET /v3/signin/identifier?continue=https%3A%2F%2Fcalendar.google.com%2Fcalendar%2Fevent%3Faction%3DTEMPLATE%26text%3DResearch%2BAssistance%26dates%3D20260408T130000%2F20260408T150000%26details%3DJoin%2Bus%2Bweekly%2Bin%2Bthe%2BGenealogy%2BRoom%2Bfor%2Bin-person%2Bhelp%2Bwith%2Byour%2Bresearch.%2BIt%25E2%2580%2599s%2Ba%2Bgreat%2Bchance%2Bto%2Bget%2Bone-on-one%2Bguidance%2C%2Bask%2Bquestions%2C%2Band%2Bconnect%2Bwith%2Bothers%2Bwho%2Bshare%2Byour%2Bpassion%2Bfor%2Bfamily%2Bhistory.%26location%3D2525%2BOakley%2BSeaver%2BDr%2C%2BClermont%2C%2BFL%2C%2B34711%2C%2BUnited%2BStates%26trp%3Dfalse%26sprop%3Dhttps%3A%2F%2Fwordpress-810691-5571285.cloudwaysapps.com%2Fevents%2Fresearch-assistance-2025-08-27-2025-09-03-2025-09-10-2025-09-17-2025-09-24-2025-10-01-2025-10-08-2025-10-15-2025-10-22-2025-10-29-2025-11-05-2025-11-12-2025-11-19-2025-11-26-2025-12-03-2-01-2026-04-08%2F%26sprop%3Dname%3APastfinders%26ctz%3DAmerica%2FNew_York&emr=1&followup=https%3A%2F%2Fcalendar.google.com%2Fcalendar%2Fevent%3Faction%3DTEMPLATE%26text%3DResearch%2BAssistance%26dates%3D20260408T130000%2F20260408T150000%26details%3DJoin%2Bus%2Bweekly%2Bin%2Bthe%2BGenealogy%2BRoom%2Bfor%2Bin-person%2Bhelp%2Bwith%2Byour%2Bresearch.%2BIt%25E2%2580%2599s%2Ba%2Bgreat%2Bchance%2Bto%2Bget%2Bone-on-one%2Bguidance%2C%2Bask%2Bquestions%2C%2Band%2Bconnect%2Bwith%2Bothers%2Bwho%2Bshare%2Byour%2Bpassion%2Bfor%2Bfamily%2Bhistory.%26location%3D2525%2BOakley%2BSeaver%2BDr%2C%2BClermont%2C%2BFL%2C%2B34711%2C%2BUnited%2BStates%26trp%3Dfalse%26sprop%3Dhttps%3A%2F%2Fwordpress-810691-5571285.cloudwaysapps.com%2Fevents%2Fresearch-assistance-2025-08-27-2025-09-03-2025-09-10-2025-09-17-2025-09-24-2025-10-01-2025-10-08-2025-10-15-2025-10-22-2025-10-29-2025-11-05-2025-11-12-2025-11-19-2025-11-26-2025-12-03-2-01-2026-04-08%2F%26sprop%3Dname%3APastfinders%26ctz%3DAmerica%2FNew_York&ifkv=AdBytiMdVVM_QH0oV_8v-HFP_C_puA_3SWgDU0HLVniLlEIPCaPt2wX_BEDYK_Un93jy2LY17CbmPQ&osid=1&passive=1209600&service=cl&flowName=WebLiteSignIn&flowEntry=ServiceLogin&dsh=S-1995788730%3A1756758163966420 HTTP/1.1" 200 None
DEBUG:urllib3.connectionpool:https://accounts.google.com:443 "GET /v3/signin/identifier?continue=https%3A%2F%2Fcalendar.google.com%2Fcalendar%2Fevent%3Faction%3DTEMPLATE%26text%3DResearch%2BAssistance%26dates%3D20260805T130000%2F20260805T150000%26details%3DJoin%2Bus%2Bweekly%2Bin%2Bthe%2BGenealogy%2BRoom%2Bfor%2Bin-person%2Bhelp%2Bwith%2Byour%2Bresearch.%2BIt%25E2%2580%2599s%2Ba%2Bgreat%2Bchance%2Bto%2Bget%2Bone-on-one%2Bguidance%2C%2Bask%2Bquestions%2C%2Band%2Bconnect%2Bwith%2Bothers%2Bwho%2Bshare%2Byour%2Bpassion%2Bfor%2Bfamily%2Bhistory.%26location%3D2525%2BOakley%2BSeaver%2BDr%2C%2BClermont%2C%2BFL%2C%2B34711%2C%2BUnited%2BStates%26trp%3Dfalse%26sprop%3Dhttps%3A%2F%2Fwordpress-810691-5571285.cloudwaysapps.com%2Fevents%2Fresearch-assistance-2025-08-27-2025-09-03-2025-09-10-2025-09-17-2025-09-24-2025-10-01-2025-10-08-2025-10-15-2025-10-22-2025-10-29-2025-11-05-2025-11-12-2025-11-19-2025-11-26-2025-12-03-2-29-2026-08-05%2F%26sprop%3Dname%3APastfinders%26ctz%3DAmerica%2FNew_York&emr=1&followup=https%3A%2F%2Fcalendar.google.com%2Fcalendar%2Fevent%3Faction%3DTEMPLATE%26text%3DResearch%2BAssistance%26dates%3D20260805T130000%2F20260805T150000%26details%3DJoin%2Bus%2Bweekly%2Bin%2Bthe%2BGenealogy%2BRoom%2Bfor%2Bin-person%2Bhelp%2Bwith%2Byour%2Bresearch.%2BIt%25E2%2580%2599s%2Ba%2Bgreat%2Bchance%2Bto%2Bget%2Bone-on-one%2Bguidance%2C%2Bask%2Bquestions%2C%2Band%2Bconnect%2Bwith%2Bothers%2Bwho%2Bshare%2Byour%2Bpassion%2Bfor%2Bfamily%2Bhistory.%26location%3D2525%2BOakley%2BSeaver%2BDr%2C%2BClermont%2C%2BFL%2C%2B34711%2C%2BUnited%2BStates%26trp%3Dfalse%26sprop%3Dhttps%3A%2F%2Fwordpress-810691-5571285.cloudwaysapps.com%2Fevents%2Fresearch-assistance-2025-08-27-2025-09-03-2025-09-10-2025-09-17-2025-09-24-2025-10-01-2025-10-08-2025-10-15-2025-10-22-2025-10-29-2025-11-05-2025-11-12-2025-11-19-2025-11-26-2025-12-03-2-29-2026-08-05%2F%26sprop%3Dname%3APastfinders%26ctz%3DAmerica%2FNew_York&ifkv=AdBytiMSFFtBpi4foXqYBYklLSNVhlWhd0QHJePNIFIcmGrriRoDQj8XsXIJmGppWeJ4UgZPWYH1TQ&osid=1&passive=1209600&service=cl&flowName=WebLiteSignIn&flowEntry=ServiceLogin&dsh=S-1708320613%3A1756758163958698 HTTP/1.1" 200 None
DEBUG:root:✅ Hyperlink OK: https://www.google.com/calendar/event?action=TEMPLATE&text=Research+Assistance&dates=20260408T130000/20260408T150000&details=Join+us+weekly+in+the+Genealogy+Room+for+in-person+help+with+your+research.+It%E2%80%99s+a+great+chance+to+get+one-on-one+guidance%2C+ask+questions%2C+and+connect+with+others+who+share+your+passion+for+family+history.&location=2525+Oakley+Seaver+Dr%2C+Clermont%2C+FL%2C+34711%2C+United+States&trp=false&sprop=https%3A%2F%2Fwordpress-810691-5571285.cloudwaysapps.com%2Fevents%2Fresearch-assistance-2025-08-27-2025-09-03-2025-09-10-2025-09-17-2025-09-24-2025-10-01-2025-10-08-2025-10-15-2025-10-22-2025-10-29-2025-11-05-2025-11-12-2025-11-19-2025-11-26-2025-12-03-2-01-2026-04-08%2F&sprop=name:Pastfinders&ctz=America%2FNew_York
DEBUG:root:Checking external hyperlink: https://outlook.office.com/calendar/0/deeplink/compose?allday=false&body=Join+us+weekly+in+the+Genealogy+Room+for+in-person+help+with+your+research.+It%E2%80%99s+a+great+chance+to+get+one-on-one+guidance%2C+ask+questions%2C+and+connect+with+others+who+share+your+passion+for+family+history.&location=2525+Oakley+Seaver+Dr%2C+Clermont%2C+FL%2C+34711%2C+United+States&path=/calendar/action/compose&rru=addevent&startdt=2026-04-08T13%3A00%3A00-04%3A00&enddt=2026-04-08T15%3A00%3A00-04%3A00&subject=Research+Assistance
DEBUG:urllib3.connectionpool:Starting new HTTPS connection (1): outlook.office.com:443
DEBUG:root:✅ Hyperlink OK: https://www.google.com/calendar/event?action=TEMPLATE&text=Research+Assistance&dates=20260805T130000/20260805T150000&details=Join+us+weekly+in+the+Genealogy+Room+for+in-person+help+with+your+research.+It%E2%80%99s+a+great+chance+to+get+one-on-one+guidance%2C+ask+questions%2C+and+connect+with+others+who+share+your+passion+for+family+history.&location=2525+Oakley+Seaver+Dr%2C+Clermont%2C+FL%2C+34711%2C+United+States&trp=false&sprop=https%3A%2F%2Fwordpress-810691-5571285.cloudwaysapps.com%2Fevents%2Fresearch-assistance-2025-08-27-2025-09-03-2025-09-10-2025-09-17-2025-09-24-2025-10-01-2025-10-08-2025-10-15-2025-10-22-2025-10-29-2025-11-05-2025-11-12-2025-11-19-2025-11-26-2025-12-03-2-29-2026-08-05%2F&sprop=name:Pastfinders&ctz=America%2FNew_York
DEBUG:root:Checking external hyperlink: https://outlook.office.com/calendar/0/deeplink/compose?allday=false&body=Join+us+weekly+in+the+Genealogy+Room+for+in-person+help+with+your+research.+It%E2%80%99s+a+great+chance+to+get+one-on-one+guidance%2C+ask+questions%2C+and+connect+with+others+who+share+your+passion+for+family+history.&location=2525+Oakley+Seaver+Dr%2C+Clermont%2C+FL%2C+34711%2C+United+States&path=/calendar/action/compose&rru=addevent&startdt=2026-08-05T13%3A00%3A00-04%3A00&enddt=2026-08-05T15%3A00%3A00-04%3A00&subject=Research+Assistance
DEBUG:urllib3.connectionpool:Starting new HTTPS connection (1): outlook.office.com:443
DEBUG:urllib3.connectionpool:https://wordpress-810691-5571285.cloudwaysapps.com:443 "GET /wp-content/uploads/2025/08/IMG_0029_4_1566271769-1024x831.webp HTTP/1.1" 200 113930
DEBUG:root:✅ Image OK: https://wordpress-810691-5571285.cloudwaysapps.com/wp-content/uploads/2025/08/IMG_0029_4_1566271769-1024x831.webp
DEBUG:root:Checking internal image: https://wordpress-810691-5571285.cloudwaysapps.com/wp-content/uploads/2025/08/IMG_0023_8_1566271654-1024x1001.webp
DEBUG:urllib3.connectionpool:Starting new HTTPS connection (1): wordpress-810691-5571285.cloudwaysapps.com:443
DEBUG:urllib3.connectionpool:https://outlook.office.com:443 "GET /calendar/0/deeplink/compose?allday=false&body=Join+us+weekly+in+the+Genealogy+Room+for+in-person+help+with+your+research.+It%E2%80%99s+a+great+chance+to+get+one-on-one+guidance%2C+ask+questions%2C+and+connect+with+others+who+share+your+passion+for+family+history.&location=2525+Oakley+Seaver+Dr%2C+Clermont%2C+FL%2C+34711%2C+United+States&path=/calendar/action/compose&rru=addevent&startdt=2026-08-05T13%3A00%3A00-04%3A00&enddt=2026-08-05T15%3A00%3A00-04%3A00&subject=Research+Assistance HTTP/1.1" 200 None
DEBUG:root:✅ Hyperlink OK: https://outlook.office.com/calendar/0/deeplink/compose?allday=false&body=Join+us+weekly+in+the+Genealogy+Room+for+in-person+help+with+your+research.+It%E2%80%99s+a+great+chance+to+get+one-on-one+guidance%2C+ask+questions%2C+and+connect+with+others+who+share+your+passion+for+family+history.&location=2525+Oakley+Seaver+Dr%2C+Clermont%2C+FL%2C+34711%2C+United+States&path=/calendar/action/compose&rru=addevent&startdt=2026-08-05T13%3A00%3A00-04%3A00&enddt=2026-08-05T15%3A00%3A00-04%3A00&subject=Research+Assistance
DEBUG:root:Checking external hyperlink: https://outlook.live.com/calendar/0/deeplink/compose?allday=false&body=Join+us+weekly+in+the+Genealogy+Room+for+in-person+help+with+your+research.+It%E2%80%99s+a+great+chance+to+get+one-on-one+guidance%2C+ask+questions%2C+and+connect+with+others+who+share+your+passion+for+family+history.&location=2525+Oakley+Seaver+Dr%2C+Clermont%2C+FL%2C+34711%2C+United+States&path=/calendar/action/compose&rru=addevent&startdt=2026-08-05T13%3A00%3A00-04%3A00&enddt=2026-08-05T15%3A00%3A00-04%3A00&subject=Research+Assistance
DEBUG:urllib3.connectionpool:Starting new HTTPS connection (1): outlook.live.com:443
DEBUG:urllib3.connectionpool:https://wordpress-810691-5571285.cloudwaysapps.com:443 "GET /resources/national-genealogical-society/ HTTP/1.1" 200 None
DEBUG:urllib3.connectionpool:https://outlook.office.com:443 "GET /calendar/0/deeplink/compose?allday=false&body=Join+us+weekly+in+the+Genealogy+Room+for+in-person+help+with+your+research.+It%E2%80%99s+a+great+chance+to+get+one-on-one+guidance%2C+ask+questions%2C+and+connect+with+others+who+share+your+passion+for+family+history.&location=2525+Oakley+Seaver+Dr%2C+Clermont%2C+FL%2C+34711%2C+United+States&path=/calendar/action/compose&rru=addevent&startdt=2026-04-08T13%3A00%3A00-04%3A00&enddt=2026-04-08T15%3A00%3A00-04%3A00&subject=Research+Assistance HTTP/1.1" 200 None
DEBUG:root:✅ Hyperlink OK: https://outlook.office.com/calendar/0/deeplink/compose?allday=false&body=Join+us+weekly+in+the+Genealogy+Room+for+in-person+help+with+your+research.+It%E2%80%99s+a+great+chance+to+get+one-on-one+guidance%2C+ask+questions%2C+and+connect+with+others+who+share+your+passion+for+family+history.&location=2525+Oakley+Seaver+Dr%2C+Clermont%2C+FL%2C+34711%2C+United+States&path=/calendar/action/compose&rru=addevent&startdt=2026-04-08T13%3A00%3A00-04%3A00&enddt=2026-04-08T15%3A00%3A00-04%3A00&subject=Research+Assistance
DEBUG:root:Checking external hyperlink: https://outlook.live.com/calendar/0/deeplink/compose?allday=false&body=Join+us+weekly+in+the+Genealogy+Room+for+in-person+help+with+your+research.+It%E2%80%99s+a+great+chance+to+get+one-on-one+guidance%2C+ask+questions%2C+and+connect+with+others+who+share+your+passion+for+family+history.&location=2525+Oakley+Seaver+Dr%2C+Clermont%2C+FL%2C+34711%2C+United+States&path=/calendar/action/compose&rru=addevent&startdt=2026-04-08T13%3A00%3A00-04%3A00&enddt=2026-04-08T15%3A00%3A00-04%3A00&subject=Research+Assistance
DEBUG:urllib3.connectionpool:Starting new HTTPS connection (1): outlook.live.com:443
DEBUG:root:Successfully fetched https://wordpress-810691-5571285.cloudwaysapps.com/resources/national-genealogical-society/ (Content-Length: 38846)
DEBUG:charset_normalizer:Encoding detection: utf_8 is most likely the one.
DEBUG:root:Extracted 510 characters, 79 words from https://wordpress-810691-5571285.cloudwaysapps.com/resources/national-genealogical-society/
DEBUG:root:Using regex pattern: \b[a-zA-Z]{3,}\b
DEBUG:root:Found 62 words to check in https://wordpress-810691-5571285.cloudwaysapps.com/resources/national-genealogical-society/ (min_length=3)
DEBUG:root:Sample words from https://wordpress-810691-5571285.cloudwaysapps.com/resources/national-genealogical-society/: ['This', 'alert', 'Skip', 'content', 'National', 'Genealogical', 'Society', 'June', 'NGS', 'Mission']
DEBUG:root:Spell check results for https://wordpress-810691-5571285.cloudwaysapps.com/resources/national-genealogical-society/: 44 words checked, 18 skipped, 0 errors found
INFO:root:✅ Processed https://wordpress-810691-5571285.cloudwaysapps.com/resources/national-genealogical-society/: 0 errors found, 79 words checked
DEBUG:root:Attempting to fetch: https://wordpress-810691-5571285.cloudwaysapps.com/resources/scouting-genealogy-merit-badge-requirements/
Processing pages:  15%|█▌        | 59/381 [00:40<01:54,  2.82it/s]DEBUG:urllib3.connectionpool:https://wordpress-810691-5571285.cloudwaysapps.com:443 "GET /wp-content/uploads/2025/08/IMG_0023_8_1566271654-1024x1001.webp HTTP/1.1" 200 198352
DEBUG:urllib3.connectionpool:https://outlook.live.com:443 "GET /calendar/0/deeplink/compose?allday=false&body=Join+us+weekly+in+the+Genealogy+Room+for+in-person+help+with+your+research.+It%E2%80%99s+a+great+chance+to+get+one-on-one+guidance%2C+ask+questions%2C+and+connect+with+others+who+share+your+passion+for+family+history.&location=2525+Oakley+Seaver+Dr%2C+Clermont%2C+FL%2C+34711%2C+United+States&path=/calendar/action/compose&rru=addevent&startdt=2026-04-08T13%3A00%3A00-04%3A00&enddt=2026-04-08T15%3A00%3A00-04%3A00&subject=Research+Assistance HTTP/1.1" 200 None
DEBUG:root:✅ Hyperlink OK: https://outlook.live.com/calendar/0/deeplink/compose?allday=false&body=Join+us+weekly+in+the+Genealogy+Room+for+in-person+help+with+your+research.+It%E2%80%99s+a+great+chance+to+get+one-on-one+guidance%2C+ask+questions%2C+and+connect+with+others+who+share+your+passion+for+family+history.&location=2525+Oakley+Seaver+Dr%2C+Clermont%2C+FL%2C+34711%2C+United+States&path=/calendar/action/compose&rru=addevent&startdt=2026-04-08T13%3A00%3A00-04%3A00&enddt=2026-04-08T15%3A00%3A00-04%3A00&subject=Research+Assistance
DEBUG:root:Using regex pattern: \b[a-zA-Z]{3,}\b
DEBUG:root:Found 58 words to check in https://wordpress-810691-5571285.cloudwaysapps.com/events/research-assistance-2025-08-27-2025-09-03-2025-09-10-2025-09-17-2025-09-24-2025-10-01-2025-10-08-2025-10-15-2025-10-22-2025-10-29-2025-11-05-2025-11-12-2025-11-19-2025-11-26-2025-12-03-2-01-2026-04-08/ (min_length=3)
DEBUG:root:Sample words from https://wordpress-810691-5571285.cloudwaysapps.com/events/research-assistance-2025-08-27-2025-09-03-2025-09-10-2025-09-17-2025-09-24-2025-10-01-2025-10-08-2025-10-15-2025-10-22-2025-10-29-2025-11-05-2025-11-12-2025-11-19-2025-11-26-2025-12-03-2-01-2026-04-08/: ['This', 'alert', 'Skip', 'content', 'Research', 'Assistance', 'When', 'April', 'Add', 'Calendar']
DEBUG:root:Spell check results for https://wordpress-810691-5571285.cloudwaysapps.com/events/research-assistance-2025-08-27-2025-09-03-2025-09-10-2025-09-17-2025-09-24-2025-10-01-2025-10-08-2025-10-15-2025-10-22-2025-10-29-2025-11-05-2025-11-12-2025-11-19-2025-11-26-2025-12-03-2-01-2026-04-08/: 30 words checked, 28 skipped, 0 errors found
INFO:root:✅ Processed https://wordpress-810691-5571285.cloudwaysapps.com/events/research-assistance-2025-08-27-2025-09-03-2025-09-10-2025-09-17-2025-09-24-2025-10-01-2025-10-08-2025-10-15-2025-10-22-2025-10-29-2025-11-05-2025-11-12-2025-11-19-2025-11-26-2025-12-03-2-01-2026-04-08/: 0 errors found, 85 words checked
DEBUG:root:Attempting to fetch: https://wordpress-810691-5571285.cloudwaysapps.com/events/categories/in-person/
Processing pages:  16%|█▌        | 60/381 [00:40<01:36,  3.31it/s]DEBUG:root:✅ Image OK: https://wordpress-810691-5571285.cloudwaysapps.com/wp-content/uploads/2025/08/IMG_0023_8_1566271654-1024x1001.webp
DEBUG:root:Checking internal image: https://wordpress-810691-5571285.cloudwaysapps.com/wp-content/uploads/2025/08/IMG_0026_1566271769-811x1024.webp
DEBUG:urllib3.connectionpool:Starting new HTTPS connection (1): wordpress-810691-5571285.cloudwaysapps.com:443
DEBUG:urllib3.connectionpool:https://outlook.live.com:443 "GET /calendar/0/deeplink/compose?allday=false&body=Join+us+weekly+in+the+Genealogy+Room+for+in-person+help+with+your+research.+It%E2%80%99s+a+great+chance+to+get+one-on-one+guidance%2C+ask+questions%2C+and+connect+with+others+who+share+your+passion+for+family+history.&location=2525+Oakley+Seaver+Dr%2C+Clermont%2C+FL%2C+34711%2C+United+States&path=/calendar/action/compose&rru=addevent&startdt=2026-08-05T13%3A00%3A00-04%3A00&enddt=2026-08-05T15%3A00%3A00-04%3A00&subject=Research+Assistance HTTP/1.1" 200 None
DEBUG:root:✅ Hyperlink OK: https://outlook.live.com/calendar/0/deeplink/compose?allday=false&body=Join+us+weekly+in+the+Genealogy+Room+for+in-person+help+with+your+research.+It%E2%80%99s+a+great+chance+to+get+one-on-one+guidance%2C+ask+questions%2C+and+connect+with+others+who+share+your+passion+for+family+history.&location=2525+Oakley+Seaver+Dr%2C+Clermont%2C+FL%2C+34711%2C+United+States&path=/calendar/action/compose&rru=addevent&startdt=2026-08-05T13%3A00%3A00-04%3A00&enddt=2026-08-05T15%3A00%3A00-04%3A00&subject=Research+Assistance
DEBUG:root:Using regex pattern: \b[a-zA-Z]{3,}\b
DEBUG:root:Found 58 words to check in https://wordpress-810691-5571285.cloudwaysapps.com/events/research-assistance-2025-08-27-2025-09-03-2025-09-10-2025-09-17-2025-09-24-2025-10-01-2025-10-08-2025-10-15-2025-10-22-2025-10-29-2025-11-05-2025-11-12-2025-11-19-2025-11-26-2025-12-03-2-29-2026-08-05/ (min_length=3)
DEBUG:root:Sample words from https://wordpress-810691-5571285.cloudwaysapps.com/events/research-assistance-2025-08-27-2025-09-03-2025-09-10-2025-09-17-2025-09-24-2025-10-01-2025-10-08-2025-10-15-2025-10-22-2025-10-29-2025-11-05-2025-11-12-2025-11-19-2025-11-26-2025-12-03-2-29-2026-08-05/: ['This', 'alert', 'Skip', 'content', 'Research', 'Assistance', 'When', 'August', 'Add', 'Calendar']
DEBUG:root:Spell check results for https://wordpress-810691-5571285.cloudwaysapps.com/events/research-assistance-2025-08-27-2025-09-03-2025-09-10-2025-09-17-2025-09-24-2025-10-01-2025-10-08-2025-10-15-2025-10-22-2025-10-29-2025-11-05-2025-11-12-2025-11-19-2025-11-26-2025-12-03-2-29-2026-08-05/: 30 words checked, 28 skipped, 0 errors found
INFO:root:✅ Processed https://wordpress-810691-5571285.cloudwaysapps.com/events/research-assistance-2025-08-27-2025-09-03-2025-09-10-2025-09-17-2025-09-24-2025-10-01-2025-10-08-2025-10-15-2025-10-22-2025-10-29-2025-11-05-2025-11-12-2025-11-19-2025-11-26-2025-12-03-2-29-2026-08-05/: 0 errors found, 85 words checked
DEBUG:root:Attempting to fetch: https://wordpress-810691-5571285.cloudwaysapps.com/galleries/2018-sept-allison-dna/
DEBUG:urllib3.connectionpool:https://wordpress-810691-5571285.cloudwaysapps.com:443 "GET /galleries/2018-sept-allison-dna/ HTTP/1.1" 200 None
DEBUG:root:Successfully fetched https://wordpress-810691-5571285.cloudwaysapps.com/galleries/2018-sept-allison-dna/ (Content-Length: 54706)
DEBUG:charset_normalizer:Encoding detection: utf_8 is most likely the one.
DEBUG:urllib3.connectionpool:https://wordpress-810691-5571285.cloudwaysapps.com:443 "GET /events/categories/in-person/ HTTP/1.1" 200 None
DEBUG:root:Extracted 245 characters, 48 words from https://wordpress-810691-5571285.cloudwaysapps.com/galleries/2018-sept-allison-dna/
DEBUG:root:Checking internal image: https://wordpress-810691-5571285.cloudwaysapps.com/wp-content/uploads/2025/08/IMG_1034_1555558789-1024x683.webp
DEBUG:root:Successfully fetched https://wordpress-810691-5571285.cloudwaysapps.com/events/categories/in-person/ (Content-Length: 41590)
DEBUG:urllib3.connectionpool:Starting new HTTPS connection (1): wordpress-810691-5571285.cloudwaysapps.com:443
DEBUG:charset_normalizer:Encoding detection: utf_8 is most likely the one.
DEBUG:root:Extracted 1509 characters, 265 words from https://wordpress-810691-5571285.cloudwaysapps.com/events/categories/in-person/
DEBUG:root:Using regex pattern: \b[a-zA-Z]{3,}\b
DEBUG:root:Found 86 words to check in https://wordpress-810691-5571285.cloudwaysapps.com/events/categories/in-person/ (min_length=3)
DEBUG:root:Sample words from https://wordpress-810691-5571285.cloudwaysapps.com/events/categories/in-person/: ['This', 'alert', 'Skip', 'content', 'Person', 'Next', 'Event', 'Preserving', 'Local', 'History']
DEBUG:root:Spell check results for https://wordpress-810691-5571285.cloudwaysapps.com/events/categories/in-person/: 2 words checked, 84 skipped, 0 errors found
INFO:root:✅ Processed https://wordpress-810691-5571285.cloudwaysapps.com/events/categories/in-person/: 0 errors found, 265 words checked
DEBUG:root:Attempting to fetch: https://wordpress-810691-5571285.cloudwaysapps.com/events/my-bookings/
Processing pages:  16%|█▋        | 62/381 [00:40<01:08,  4.69it/s]DEBUG:urllib3.connectionpool:https://wordpress-810691-5571285.cloudwaysapps.com:443 "GET /events/my-bookings/ HTTP/1.1" 200 None
DEBUG:root:Successfully fetched https://wordpress-810691-5571285.cloudwaysapps.com/events/my-bookings/ (Content-Length: 37175)
DEBUG:charset_normalizer:Encoding detection: utf_8 is most likely the one.
DEBUG:root:Extracted 87 characters, 17 words from https://wordpress-810691-5571285.cloudwaysapps.com/events/my-bookings/
DEBUG:urllib3.connectionpool:https://wordpress-810691-5571285.cloudwaysapps.com:443 "GET /wp-content/uploads/2025/08/IMG_0026_1566271769-811x1024.webp HTTP/1.1" 200 124526
DEBUG:root:Using regex pattern: \b[a-zA-Z]{3,}\b
DEBUG:root:Found 10 words to check in https://wordpress-810691-5571285.cloudwaysapps.com/events/my-bookings/ (min_length=3)
DEBUG:root:Sample words from https://wordpress-810691-5571285.cloudwaysapps.com/events/my-bookings/: ['This', 'alert', 'Skip', 'content', 'Bookings', 'Please', 'Log', 'view', 'your', 'bookings']
DEBUG:root:Spell check results for https://wordpress-810691-5571285.cloudwaysapps.com/events/my-bookings/: 5 words checked, 5 skipped, 0 errors found
INFO:root:✅ Processed https://wordpress-810691-5571285.cloudwaysapps.com/events/my-bookings/: 0 errors found, 17 words checked
DEBUG:root:Attempting to fetch: https://wordpress-810691-5571285.cloudwaysapps.com/galleries/2018-april-patriciacharpentier/
Processing pages:  17%|█▋        | 63/381 [00:40<01:00,  5.27it/s]DEBUG:root:✅ Image OK: https://wordpress-810691-5571285.cloudwaysapps.com/wp-content/uploads/2025/08/IMG_0026_1566271769-811x1024.webp
DEBUG:root:Checking internal image: https://wordpress-810691-5571285.cloudwaysapps.com/wp-content/uploads/2025/08/IMG_0008_Stitch_1566271544-1024x962.webp
DEBUG:urllib3.connectionpool:Starting new HTTPS connection (1): wordpress-810691-5571285.cloudwaysapps.com:443
DEBUG:urllib3.connectionpool:https://wordpress-810691-5571285.cloudwaysapps.com:443 "GET /galleries/2018-april-patriciacharpentier/ HTTP/1.1" 200 None
DEBUG:root:Successfully fetched https://wordpress-810691-5571285.cloudwaysapps.com/galleries/2018-april-patriciacharpentier/ (Content-Length: 59614)
DEBUG:charset_normalizer:Encoding detection: utf_8 is most likely the one.
DEBUG:root:Extracted 283 characters, 55 words from https://wordpress-810691-5571285.cloudwaysapps.com/galleries/2018-april-patriciacharpentier/
DEBUG:root:Checking internal image: https://wordpress-810691-5571285.cloudwaysapps.com/wp-content/uploads/2025/08/20171104_100109_1571796076-1024x576.webp
DEBUG:urllib3.connectionpool:https://wordpress-810691-5571285.cloudwaysapps.com:443 "GET /wp-content/uploads/2025/08/IMG_1034_1555558789-1024x683.webp HTTP/1.1" 200 71088
DEBUG:urllib3.connectionpool:Starting new HTTPS connection (1): wordpress-810691-5571285.cloudwaysapps.com:443
DEBUG:root:✅ Image OK: https://wordpress-810691-5571285.cloudwaysapps.com/wp-content/uploads/2025/08/IMG_1034_1555558789-1024x683.webp
DEBUG:root:Checking internal image: https://wordpress-810691-5571285.cloudwaysapps.com/wp-content/uploads/2025/08/IMG_1032_1555558830-1024x683.webp
DEBUG:urllib3.connectionpool:Starting new HTTPS connection (1): wordpress-810691-5571285.cloudwaysapps.com:443
DEBUG:urllib3.connectionpool:https://wordpress-810691-5571285.cloudwaysapps.com:443 "GET /wp-content/uploads/2025/08/IMG_0008_Stitch_1566271544-1024x962.webp HTTP/1.1" 200 295782
DEBUG:urllib3.connectionpool:https://wordpress-810691-5571285.cloudwaysapps.com:443 "GET /wp-content/uploads/2025/08/20171104_100109_1571796076-1024x576.webp HTTP/1.1" 200 65732
DEBUG:root:✅ Image OK: https://wordpress-810691-5571285.cloudwaysapps.com/wp-content/uploads/2025/08/20171104_100109_1571796076-1024x576.webp
DEBUG:root:Checking internal image: https://wordpress-810691-5571285.cloudwaysapps.com/wp-content/uploads/2025/08/20180412_213630_1571796076-1024x576.webp
DEBUG:urllib3.connectionpool:Starting new HTTPS connection (1): wordpress-810691-5571285.cloudwaysapps.com:443
DEBUG:urllib3.connectionpool:https://wordpress-810691-5571285.cloudwaysapps.com:443 "GET /wp-content/uploads/2025/08/IMG_1032_1555558830-1024x683.webp HTTP/1.1" 200 45004
DEBUG:root:✅ Image OK: https://wordpress-810691-5571285.cloudwaysapps.com/wp-content/uploads/2025/08/IMG_0008_Stitch_1566271544-1024x962.webp
DEBUG:root:Checking internal image: https://wordpress-810691-5571285.cloudwaysapps.com/wp-content/uploads/2025/08/IMG_0015_1566271544-343x1024.webp
DEBUG:root:✅ Image OK: https://wordpress-810691-5571285.cloudwaysapps.com/wp-content/uploads/2025/08/IMG_1032_1555558830-1024x683.webp
DEBUG:root:Checking internal image: https://wordpress-810691-5571285.cloudwaysapps.com/wp-content/uploads/2025/08/IMG_1033_1555558874-1024x683.webp
DEBUG:urllib3.connectionpool:Starting new HTTPS connection (1): wordpress-810691-5571285.cloudwaysapps.com:443
DEBUG:urllib3.connectionpool:Starting new HTTPS connection (1): wordpress-810691-5571285.cloudwaysapps.com:443
DEBUG:urllib3.connectionpool:https://wordpress-810691-5571285.cloudwaysapps.com:443 "GET /wp-content/uploads/2025/08/20180412_213630_1571796076-1024x576.webp HTTP/1.1" 200 76010
DEBUG:urllib3.connectionpool:https://wordpress-810691-5571285.cloudwaysapps.com:443 "GET /galleries/2017-boy-scouts-merit-badge/ HTTP/1.1" 200 None
DEBUG:root:✅ Image OK: https://wordpress-810691-5571285.cloudwaysapps.com/wp-content/uploads/2025/08/20180412_213630_1571796076-1024x576.webp
DEBUG:root:Checking internal image: https://wordpress-810691-5571285.cloudwaysapps.com/wp-content/uploads/2025/08/20171104_100102_1571796076-1024x576.webp
DEBUG:urllib3.connectionpool:Starting new HTTPS connection (1): wordpress-810691-5571285.cloudwaysapps.com:443
DEBUG:root:Successfully fetched https://wordpress-810691-5571285.cloudwaysapps.com/galleries/2017-boy-scouts-merit-badge/ (Content-Length: 43260)
DEBUG:charset_normalizer:Encoding detection: utf_8 is most likely the one.
DEBUG:root:Extracted 163 characters, 29 words from https://wordpress-810691-5571285.cloudwaysapps.com/galleries/2017-boy-scouts-merit-badge/
DEBUG:urllib3.connectionpool:https://wordpress-810691-5571285.cloudwaysapps.com:443 "GET /wp-content/uploads/2025/08/IMG_0015_1566271544-343x1024.webp HTTP/1.1" 200 70484
DEBUG:urllib3.connectionpool:https://wordpress-810691-5571285.cloudwaysapps.com:443 "GET /wp-content/uploads/2025/08/IMG_1033_1555558874-1024x683.webp HTTP/1.1" 200 58028
DEBUG:root:Checking internal image: https://wordpress-810691-5571285.cloudwaysapps.com/wp-content/uploads/2025/08/20170511_175021_1555553133-1024x576.webp
DEBUG:urllib3.connectionpool:Starting new HTTPS connection (1): wordpress-810691-5571285.cloudwaysapps.com:443
DEBUG:root:✅ Image OK: https://wordpress-810691-5571285.cloudwaysapps.com/wp-content/uploads/2025/08/IMG_0015_1566271544-343x1024.webp
DEBUG:root:✅ Image OK: https://wordpress-810691-5571285.cloudwaysapps.com/wp-content/uploads/2025/08/IMG_1033_1555558874-1024x683.webp
DEBUG:root:Checking internal image: https://wordpress-810691-5571285.cloudwaysapps.com/wp-content/uploads/2025/08/IMG_0003_1566271544-1024x762.webp
DEBUG:root:Checking internal image: https://wordpress-810691-5571285.cloudwaysapps.com/wp-content/uploads/2025/08/IMG_1029_1555558729-1024x683.webp
DEBUG:urllib3.connectionpool:Starting new HTTPS connection (1): wordpress-810691-5571285.cloudwaysapps.com:443
DEBUG:urllib3.connectionpool:Starting new HTTPS connection (1): wordpress-810691-5571285.cloudwaysapps.com:443
DEBUG:urllib3.connectionpool:https://wordpress-810691-5571285.cloudwaysapps.com:443 "GET /wp-content/uploads/2025/08/20171104_100102_1571796076-1024x576.webp HTTP/1.1" 200 112492
DEBUG:urllib3.connectionpool:https://wordpress-810691-5571285.cloudwaysapps.com:443 "GET /wp-content/uploads/2025/08/20170511_175021_1555553133-1024x576.webp HTTP/1.1" 200 91454
DEBUG:urllib3.connectionpool:https://wordpress-810691-5571285.cloudwaysapps.com:443 "GET /wp-content/uploads/2025/08/IMG_1029_1555558729-1024x683.webp HTTP/1.1" 200 76766
DEBUG:urllib3.connectionpool:https://wordpress-810691-5571285.cloudwaysapps.com:443 "GET /wp-content/uploads/2025/08/IMG_0003_1566271544-1024x762.webp HTTP/1.1" 200 119552
DEBUG:root:✅ Image OK: https://wordpress-810691-5571285.cloudwaysapps.com/wp-content/uploads/2025/08/20170511_175021_1555553133-1024x576.webp
DEBUG:root:Using regex pattern: \b[a-zA-Z]{3,}\b
DEBUG:root:Found 15 words to check in https://wordpress-810691-5571285.cloudwaysapps.com/galleries/2017-boy-scouts-merit-badge/ (min_length=3)
DEBUG:root:Sample words from https://wordpress-810691-5571285.cloudwaysapps.com/galleries/2017-boy-scouts-merit-badge/: ['This', 'alert', 'Skip', 'content', 'Boy', 'Scouts', 'Merit', 'Badge', 'images', 'Click']
DEBUG:root:Spell check results for https://wordpress-810691-5571285.cloudwaysapps.com/galleries/2017-boy-scouts-merit-badge/: 4 words checked, 11 skipped, 0 errors found
INFO:root:✅ Processed https://wordpress-810691-5571285.cloudwaysapps.com/galleries/2017-boy-scouts-merit-badge/: 0 errors found, 29 words checked
DEBUG:root:Attempting to fetch: https://wordpress-810691-5571285.cloudwaysapps.com/events/family-tree-maker-special-interest-group-sig-2025-09-16/
Processing pages:  17%|█▋        | 64/381 [00:41<02:21,  2.24it/s]DEBUG:root:✅ Image OK: https://wordpress-810691-5571285.cloudwaysapps.com/wp-content/uploads/2025/08/20171104_100102_1571796076-1024x576.webp
DEBUG:root:Checking internal image: https://wordpress-810691-5571285.cloudwaysapps.com/wp-content/uploads/2025/08/20180412_163451_1571796067-568x1024.webp
DEBUG:urllib3.connectionpool:Starting new HTTPS connection (1): wordpress-810691-5571285.cloudwaysapps.com:443
DEBUG:urllib3.connectionpool:https://wordpress-810691-5571285.cloudwaysapps.com:443 "GET /events/family-tree-maker-special-interest-group-sig-2025-09-16/ HTTP/1.1" 200 None
DEBUG:urllib3.connectionpool:https://wordpress-810691-5571285.cloudwaysapps.com:443 "GET /resources/scouting-genealogy-merit-badge-requirements/ HTTP/1.1" 200 None
DEBUG:root:✅ Image OK: https://wordpress-810691-5571285.cloudwaysapps.com/wp-content/uploads/2025/08/IMG_1029_1555558729-1024x683.webp
DEBUG:root:Successfully fetched https://wordpress-810691-5571285.cloudwaysapps.com/resources/scouting-genealogy-merit-badge-requirements/ (Content-Length: 39043)
DEBUG:root:Checking internal image: https://wordpress-810691-5571285.cloudwaysapps.com/wp-content/uploads/2025/08/IMG_1031_1555558719-1024x683.webp
DEBUG:root:Successfully fetched https://wordpress-810691-5571285.cloudwaysapps.com/events/family-tree-maker-special-interest-group-sig-2025-09-16/ (Content-Length: 43027)
DEBUG:charset_normalizer:Encoding detection: utf_8 is most likely the one.
DEBUG:charset_normalizer:Encoding detection: utf_8 is most likely the one.
DEBUG:urllib3.connectionpool:Starting new HTTPS connection (1): wordpress-810691-5571285.cloudwaysapps.com:443
DEBUG:root:✅ Image OK: https://wordpress-810691-5571285.cloudwaysapps.com/wp-content/uploads/2025/08/IMG_0003_1566271544-1024x762.webp
DEBUG:root:Checking internal image: https://wordpress-810691-5571285.cloudwaysapps.com/wp-content/uploads/2025/08/IMG_0027_6_1566271769-427x1024.webp
DEBUG:urllib3.connectionpool:Starting new HTTPS connection (1): wordpress-810691-5571285.cloudwaysapps.com:443
DEBUG:root:Extracted 554 characters, 91 words from https://wordpress-810691-5571285.cloudwaysapps.com/resources/scouting-genealogy-merit-badge-requirements/
DEBUG:root:Using regex pattern: \b[a-zA-Z]{3,}\b
DEBUG:root:Found 72 words to check in https://wordpress-810691-5571285.cloudwaysapps.com/resources/scouting-genealogy-merit-badge-requirements/ (min_length=3)
DEBUG:root:Sample words from https://wordpress-810691-5571285.cloudwaysapps.com/resources/scouting-genealogy-merit-badge-requirements/: ['This', 'alert', 'Skip', 'content', 'Scouting', 'Genealogy', 'Merit', 'Badge', 'Requirements', 'May']
DEBUG:root:Skipped email/domain fragment: 'familysearch'
DEBUG:root:Spell check results for https://wordpress-810691-5571285.cloudwaysapps.com/resources/scouting-genealogy-merit-badge-requirements/: 45 words checked, 27 skipped, 0 errors found
INFO:root:✅ Processed https://wordpress-810691-5571285.cloudwaysapps.com/resources/scouting-genealogy-merit-badge-requirements/: 0 errors found, 91 words checked
DEBUG:root:Attempting to fetch: https://wordpress-810691-5571285.cloudwaysapps.com/resources/rootsmagic-essentials-free/
Processing pages:  17%|█▋        | 65/381 [00:42<02:11,  2.41it/s]DEBUG:root:Extracted 1063 characters, 183 words from https://wordpress-810691-5571285.cloudwaysapps.com/events/family-tree-maker-special-interest-group-sig-2025-09-16/
DEBUG:root:Checking external hyperlink: https://www.google.com/calendar/event?action=TEMPLATE&text=Family+Tree+Maker+Special+Interest+Group+%28SIG%29&dates=20250916T000000/20250916T000000&details=Join+host+Stan+Wells+as+he+leads+a+step-by-step+walk-through+of+Family+Tree+Maker+%28FTM%29%2C+one+of+the+most+popular+genealogy+software+programs+available+today.&location=&trp=false&sprop=https%3A%2F%2Fwordpress-810691-5571285.cloudwaysapps.com%2Fevents%2Ffamily-tree-maker-special-interest-group-sig-2025-09-16%2F&sprop=name:Pastfinders&ctz=America%2FNew_York
DEBUG:urllib3.connectionpool:Starting new HTTPS connection (1): www.google.com:443
DEBUG:urllib3.connectionpool:https://www.google.com:443 "GET /calendar/event?action=TEMPLATE&text=Family+Tree+Maker+Special+Interest+Group+%28SIG%29&dates=20250916T000000/20250916T000000&details=Join+host+Stan+Wells+as+he+leads+a+step-by-step+walk-through+of+Family+Tree+Maker+%28FTM%29%2C+one+of+the+most+popular+genealogy+software+programs+available+today.&location=&trp=false&sprop=https%3A%2F%2Fwordpress-810691-5571285.cloudwaysapps.com%2Fevents%2Ffamily-tree-maker-special-interest-group-sig-2025-09-16%2F&sprop=name:Pastfinders&ctz=America%2FNew_York HTTP/1.1" 302 0
DEBUG:urllib3.connectionpool:Starting new HTTPS connection (1): calendar.google.com:443
DEBUG:urllib3.connectionpool:https://wordpress-810691-5571285.cloudwaysapps.com:443 "GET /wp-content/uploads/2025/08/20180412_163451_1571796067-568x1024.webp HTTP/1.1" 200 62442
DEBUG:root:✅ Image OK: https://wordpress-810691-5571285.cloudwaysapps.com/wp-content/uploads/2025/08/20180412_163451_1571796067-568x1024.webp
DEBUG:root:Checking internal image: https://wordpress-810691-5571285.cloudwaysapps.com/wp-content/uploads/2025/08/20180412_213630_1571796067-1024x576.webp
DEBUG:urllib3.connectionpool:Starting new HTTPS connection (1): wordpress-810691-5571285.cloudwaysapps.com:443
DEBUG:urllib3.connectionpool:https://wordpress-810691-5571285.cloudwaysapps.com:443 "GET /wp-content/uploads/2025/08/IMG_1031_1555558719-1024x683.webp HTTP/1.1" 200 45992
DEBUG:urllib3.connectionpool:https://wordpress-810691-5571285.cloudwaysapps.com:443 "GET /wp-content/uploads/2025/08/IMG_0027_6_1566271769-427x1024.webp HTTP/1.1" 200 84382
DEBUG:root:✅ Image OK: https://wordpress-810691-5571285.cloudwaysapps.com/wp-content/uploads/2025/08/IMG_1031_1555558719-1024x683.webp
DEBUG:root:Checking internal image: https://wordpress-810691-5571285.cloudwaysapps.com/wp-content/uploads/2025/08/IMG_1030_1555558740-1024x683.webp
DEBUG:root:✅ Image OK: https://wordpress-810691-5571285.cloudwaysapps.com/wp-content/uploads/2025/08/IMG_0027_6_1566271769-427x1024.webp
DEBUG:urllib3.connectionpool:Starting new HTTPS connection (1): wordpress-810691-5571285.cloudwaysapps.com:443
DEBUG:root:Checking internal image: https://wordpress-810691-5571285.cloudwaysapps.com/wp-content/uploads/2025/08/IMG_0014_1566271544-1024x578.webp
DEBUG:urllib3.connectionpool:https://calendar.google.com:443 "GET /calendar/event?action=TEMPLATE&text=Family+Tree+Maker+Special+Interest+Group+(SIG)&dates=20250916T000000/20250916T000000&details=Join+host+Stan+Wells+as+he+leads+a+step-by-step+walk-through+of+Family+Tree+Maker+(FTM),+one+of+the+most+popular+genealogy+software+programs+available+today.&location&trp=false&sprop=https://wordpress-810691-5571285.cloudwaysapps.com/events/family-tree-maker-special-interest-group-sig-2025-09-16/&sprop=name:Pastfinders&ctz=America/New_York HTTP/1.1" 302 0
DEBUG:urllib3.connectionpool:Starting new HTTPS connection (1): wordpress-810691-5571285.cloudwaysapps.com:443
DEBUG:urllib3.connectionpool:Starting new HTTPS connection (1): accounts.google.com:443
DEBUG:urllib3.connectionpool:https://accounts.google.com:443 "GET /ServiceLogin?service=cl&passive=1209600&osid=1&continue=https://calendar.google.com/calendar/event?action%3DTEMPLATE%26text%3DFamily%2BTree%2BMaker%2BSpecial%2BInterest%2BGroup%2B(SIG)%26dates%3D20250916T000000/20250916T000000%26details%3DJoin%2Bhost%2BStan%2BWells%2Bas%2Bhe%2Bleads%2Ba%2Bstep-by-step%2Bwalk-through%2Bof%2BFamily%2BTree%2BMaker%2B(FTM),%2Bone%2Bof%2Bthe%2Bmost%2Bpopular%2Bgenealogy%2Bsoftware%2Bprograms%2Bavailable%2Btoday.%26location%26trp%3Dfalse%26sprop%3Dhttps://wordpress-810691-5571285.cloudwaysapps.com/events/family-tree-maker-special-interest-group-sig-2025-09-16/%26sprop%3Dname:Pastfinders%26ctz%3DAmerica/New_York&followup=https://calendar.google.com/calendar/event?action%3DTEMPLATE%26text%3DFamily%2BTree%2BMaker%2BSpecial%2BInterest%2BGroup%2B(SIG)%26dates%3D20250916T000000/20250916T000000%26details%3DJoin%2Bhost%2BStan%2BWells%2Bas%2Bhe%2Bleads%2Ba%2Bstep-by-step%2Bwalk-through%2Bof%2BFamily%2BTree%2BMaker%2B(FTM),%2Bone%2Bof%2Bthe%2Bmost%2Bpopular%2Bgenealogy%2Bsoftware%2Bprograms%2Bavailable%2Btoday.%26location%26trp%3Dfalse%26sprop%3Dhttps://wordpress-810691-5571285.cloudwaysapps.com/events/family-tree-maker-special-interest-group-sig-2025-09-16/%26sprop%3Dname:Pastfinders%26ctz%3DAmerica/New_York&emr=1 HTTP/1.1" 302 0
DEBUG:urllib3.connectionpool:https://wordpress-810691-5571285.cloudwaysapps.com:443 "GET /wp-content/uploads/2025/08/20180412_213630_1571796067-1024x576.webp HTTP/1.1" 200 76010
DEBUG:urllib3.connectionpool:https://accounts.google.com:443 "GET /InteractiveLogin?continue=https://calendar.google.com/calendar/event?action%3DTEMPLATE%26text%3DFamily%2BTree%2BMaker%2BSpecial%2BInterest%2BGroup%2B(SIG)%26dates%3D20250916T000000/20250916T000000%26details%3DJoin%2Bhost%2BStan%2BWells%2Bas%2Bhe%2Bleads%2Ba%2Bstep-by-step%2Bwalk-through%2Bof%2BFamily%2BTree%2BMaker%2B(FTM),%2Bone%2Bof%2Bthe%2Bmost%2Bpopular%2Bgenealogy%2Bsoftware%2Bprograms%2Bavailable%2Btoday.%26location%26trp%3Dfalse%26sprop%3Dhttps://wordpress-810691-5571285.cloudwaysapps.com/events/family-tree-maker-special-interest-group-sig-2025-09-16/%26sprop%3Dname:Pastfinders%26ctz%3DAmerica/New_York&emr=1&followup=https://calendar.google.com/calendar/event?action%3DTEMPLATE%26text%3DFamily%2BTree%2BMaker%2BSpecial%2BInterest%2BGroup%2B(SIG)%26dates%3D20250916T000000/20250916T000000%26details%3DJoin%2Bhost%2BStan%2BWells%2Bas%2Bhe%2Bleads%2Ba%2Bstep-by-step%2Bwalk-through%2Bof%2BFamily%2BTree%2BMaker%2B(FTM),%2Bone%2Bof%2Bthe%2Bmost%2Bpopular%2Bgenealogy%2Bsoftware%2Bprograms%2Bavailable%2Btoday.%26location%26trp%3Dfalse%26sprop%3Dhttps://wordpress-810691-5571285.cloudwaysapps.com/events/family-tree-maker-special-interest-group-sig-2025-09-16/%26sprop%3Dname:Pastfinders%26ctz%3DAmerica/New_York&osid=1&passive=1209600&service=cl&ifkv=AdBytiPu9UuxXzyunwoOgOEjzOqhRHexR8TDnsL7DLE2W1mOctPHaZDwpwCluGGFT9nV6fk0hmrMNg HTTP/1.1" 302 None
DEBUG:root:✅ Image OK: https://wordpress-810691-5571285.cloudwaysapps.com/wp-content/uploads/2025/08/20180412_213630_1571796067-1024x576.webp
DEBUG:root:Checking internal image: https://wordpress-810691-5571285.cloudwaysapps.com/wp-content/uploads/2025/08/20171104_100109_1571796067-1024x576.webp
DEBUG:urllib3.connectionpool:Starting new HTTPS connection (1): wordpress-810691-5571285.cloudwaysapps.com:443
DEBUG:urllib3.connectionpool:https://wordpress-810691-5571285.cloudwaysapps.com:443 "GET /wp-content/uploads/2025/08/IMG_1030_1555558740-1024x683.webp HTTP/1.1" 200 57984
DEBUG:urllib3.connectionpool:https://wordpress-810691-5571285.cloudwaysapps.com:443 "GET /wp-content/uploads/2025/08/IMG_0014_1566271544-1024x578.webp HTTP/1.1" 200 116648
DEBUG:urllib3.connectionpool:https://accounts.google.com:443 "GET /v3/signin/identifier?continue=https%3A%2F%2Fcalendar.google.com%2Fcalendar%2Fevent%3Faction%3DTEMPLATE%26text%3DFamily%2BTree%2BMaker%2BSpecial%2BInterest%2BGroup%2B%28SIG%29%26dates%3D20250916T000000%2F20250916T000000%26details%3DJoin%2Bhost%2BStan%2BWells%2Bas%2Bhe%2Bleads%2Ba%2Bstep-by-step%2Bwalk-through%2Bof%2BFamily%2BTree%2BMaker%2B%28FTM%29%2C%2Bone%2Bof%2Bthe%2Bmost%2Bpopular%2Bgenealogy%2Bsoftware%2Bprograms%2Bavailable%2Btoday.%26location%26trp%3Dfalse%26sprop%3Dhttps%3A%2F%2Fwordpress-810691-5571285.cloudwaysapps.com%2Fevents%2Ffamily-tree-maker-special-interest-group-sig-2025-09-16%2F%26sprop%3Dname%3APastfinders%26ctz%3DAmerica%2FNew_York&emr=1&followup=https%3A%2F%2Fcalendar.google.com%2Fcalendar%2Fevent%3Faction%3DTEMPLATE%26text%3DFamily%2BTree%2BMaker%2BSpecial%2BInterest%2BGroup%2B%28SIG%29%26dates%3D20250916T000000%2F20250916T000000%26details%3DJoin%2Bhost%2BStan%2BWells%2Bas%2Bhe%2Bleads%2Ba%2Bstep-by-step%2Bwalk-through%2Bof%2BFamily%2BTree%2BMaker%2B%28FTM%29%2C%2Bone%2Bof%2Bthe%2Bmost%2Bpopular%2Bgenealogy%2Bsoftware%2Bprograms%2Bavailable%2Btoday.%26location%26trp%3Dfalse%26sprop%3Dhttps%3A%2F%2Fwordpress-810691-5571285.cloudwaysapps.com%2Fevents%2Ffamily-tree-maker-special-interest-group-sig-2025-09-16%2F%26sprop%3Dname%3APastfinders%26ctz%3DAmerica%2FNew_York&ifkv=AdBytiMbofdJyqAXJn95mZyeJyBK17qJ4zr2sJwPcTkJ1qV9MLs5tae5w0UqMOY24zwuSzI20DAf3A&osid=1&passive=1209600&service=cl&flowName=WebLiteSignIn&flowEntry=ServiceLogin&dsh=S-970129179%3A1756758166860376 HTTP/1.1" 200 None
DEBUG:root:✅ Image OK: https://wordpress-810691-5571285.cloudwaysapps.com/wp-content/uploads/2025/08/IMG_1030_1555558740-1024x683.webp
DEBUG:root:Using regex pattern: \b[a-zA-Z]{3,}\b
DEBUG:root:Found 24 words to check in https://wordpress-810691-5571285.cloudwaysapps.com/galleries/2018-sept-allison-dna/ (min_length=3)
DEBUG:root:Sample words from https://wordpress-810691-5571285.cloudwaysapps.com/galleries/2018-sept-allison-dna/: ['This', 'alert', 'Skip', 'content', 'Sept', 'Allison', 'DNA', 'images', 'Click', 'view']
DEBUG:root:Spell check results for https://wordpress-810691-5571285.cloudwaysapps.com/galleries/2018-sept-allison-dna/: 9 words checked, 15 skipped, 0 errors found
INFO:root:✅ Processed https://wordpress-810691-5571285.cloudwaysapps.com/galleries/2018-sept-allison-dna/: 0 errors found, 48 words checked
DEBUG:root:Attempting to fetch: https://wordpress-810691-5571285.cloudwaysapps.com/resources/pinterest-genealogy-for-kids/
Processing pages:  17%|█▋        | 66/381 [00:42<02:23,  2.20it/s]DEBUG:root:✅ Hyperlink OK: https://www.google.com/calendar/event?action=TEMPLATE&text=Family+Tree+Maker+Special+Interest+Group+%28SIG%29&dates=20250916T000000/20250916T000000&details=Join+host+Stan+Wells+as+he+leads+a+step-by-step+walk-through+of+Family+Tree+Maker+%28FTM%29%2C+one+of+the+most+popular+genealogy+software+programs+available+today.&location=&trp=false&sprop=https%3A%2F%2Fwordpress-810691-5571285.cloudwaysapps.com%2Fevents%2Ffamily-tree-maker-special-interest-group-sig-2025-09-16%2F&sprop=name:Pastfinders&ctz=America%2FNew_York
DEBUG:root:Checking external hyperlink: https://outlook.office.com/calendar/0/deeplink/compose?allday=false&body=Join+host+Stan+Wells+as+he+leads+a+step-by-step+walk-through+of+Family+Tree+Maker+%28FTM%29%2C+one+of+the+most+popular+genealogy+software+programs+available+today.&location=&path=/calendar/action/compose&rru=addevent&startdt=2025-09-16T00%3A00%3A00-04%3A00&enddt=2025-09-16T00%3A00%3A00-04%3A00&subject=Family+Tree+Maker+Special+Interest+Group+%28SIG%29
DEBUG:urllib3.connectionpool:Starting new HTTPS connection (1): outlook.office.com:443
DEBUG:root:✅ Image OK: https://wordpress-810691-5571285.cloudwaysapps.com/wp-content/uploads/2025/08/IMG_0014_1566271544-1024x578.webp
DEBUG:root:Checking internal image: https://wordpress-810691-5571285.cloudwaysapps.com/wp-content/uploads/2025/08/IMG_0015_3_1566271544-1024x790.webp
DEBUG:urllib3.connectionpool:Starting new HTTPS connection (1): wordpress-810691-5571285.cloudwaysapps.com:443
DEBUG:urllib3.connectionpool:https://wordpress-810691-5571285.cloudwaysapps.com:443 "GET /resources/pinterest-genealogy-for-kids/ HTTP/1.1" 200 None
DEBUG:root:Successfully fetched https://wordpress-810691-5571285.cloudwaysapps.com/resources/pinterest-genealogy-for-kids/ (Content-Length: 38413)
DEBUG:charset_normalizer:Encoding detection: utf_8 is most likely the one.
DEBUG:root:Extracted 333 characters, 56 words from https://wordpress-810691-5571285.cloudwaysapps.com/resources/pinterest-genealogy-for-kids/
DEBUG:root:Using regex pattern: \b[a-zA-Z]{3,}\b
DEBUG:root:Found 43 words to check in https://wordpress-810691-5571285.cloudwaysapps.com/resources/pinterest-genealogy-for-kids/ (min_length=3)
DEBUG:root:Sample words from https://wordpress-810691-5571285.cloudwaysapps.com/resources/pinterest-genealogy-for-kids/: ['This', 'alert', 'Skip', 'content', 'Pinterest', 'Genealogy', 'for', 'Kids', 'May', 'Scrapbook']
DEBUG:root:Spell check results for https://wordpress-810691-5571285.cloudwaysapps.com/resources/pinterest-genealogy-for-kids/: 23 words checked, 20 skipped, 0 errors found
INFO:root:✅ Processed https://wordpress-810691-5571285.cloudwaysapps.com/resources/pinterest-genealogy-for-kids/: 0 errors found, 56 words checked
DEBUG:root:Attempting to fetch: https://wordpress-810691-5571285.cloudwaysapps.com/events/preserving-local-history-2026-05-27/
Processing pages:  18%|█▊        | 67/381 [00:42<01:53,  2.76it/s]DEBUG:urllib3.connectionpool:https://wordpress-810691-5571285.cloudwaysapps.com:443 "GET /wp-content/uploads/2025/08/20171104_100109_1571796067-1024x576.webp HTTP/1.1" 200 65732
DEBUG:urllib3.connectionpool:https://wordpress-810691-5571285.cloudwaysapps.com:443 "GET /events/preserving-local-history-2026-05-27/ HTTP/1.1" 200 None
DEBUG:root:Successfully fetched https://wordpress-810691-5571285.cloudwaysapps.com/events/preserving-local-history-2026-05-27/ (Content-Length: 43604)
DEBUG:charset_normalizer:Encoding detection: utf_8 is most likely the one.
DEBUG:root:Extracted 442 characters, 65 words from https://wordpress-810691-5571285.cloudwaysapps.com/events/preserving-local-history-2026-05-27/
DEBUG:root:Checking external hyperlink: https://www.google.com/calendar/event?action=TEMPLATE&text=Preserving+Local+History&dates=20260527T100000/20260527T120000&details=Help+in+the+preservation+of+our+local+history+and+collections%2C+including+transcriptionists%2C+preservationists%2C+digitizers%2C+and+organization%C2%A0projects.&location=2525+Oakley+Seaver+Dr%2C+Clermont%2C+FL%2C+34711%2C+United+States&trp=false&sprop=https%3A%2F%2Fwordpress-810691-5571285.cloudwaysapps.com%2Fevents%2Fpreserving-local-history-2026-05-27%2F&sprop=name:Pastfinders&ctz=America%2FNew_York
DEBUG:root:✅ Image OK: https://wordpress-810691-5571285.cloudwaysapps.com/wp-content/uploads/2025/08/20171104_100109_1571796067-1024x576.webp
DEBUG:root:Checking internal image: https://wordpress-810691-5571285.cloudwaysapps.com/wp-content/uploads/2025/08/20180412_163451_1571796076-568x1024.webp
DEBUG:urllib3.connectionpool:Starting new HTTPS connection (1): www.google.com:443
DEBUG:urllib3.connectionpool:Starting new HTTPS connection (1): wordpress-810691-5571285.cloudwaysapps.com:443
DEBUG:urllib3.connectionpool:https://outlook.office.com:443 "GET /calendar/0/deeplink/compose?allday=false&body=Join+host+Stan+Wells+as+he+leads+a+step-by-step+walk-through+of+Family+Tree+Maker+%28FTM%29%2C+one+of+the+most+popular+genealogy+software+programs+available+today.&location=&path=/calendar/action/compose&rru=addevent&startdt=2025-09-16T00%3A00%3A00-04%3A00&enddt=2025-09-16T00%3A00%3A00-04%3A00&subject=Family+Tree+Maker+Special+Interest+Group+%28SIG%29 HTTP/1.1" 200 None
DEBUG:root:✅ Hyperlink OK: https://outlook.office.com/calendar/0/deeplink/compose?allday=false&body=Join+host+Stan+Wells+as+he+leads+a+step-by-step+walk-through+of+Family+Tree+Maker+%28FTM%29%2C+one+of+the+most+popular+genealogy+software+programs+available+today.&location=&path=/calendar/action/compose&rru=addevent&startdt=2025-09-16T00%3A00%3A00-04%3A00&enddt=2025-09-16T00%3A00%3A00-04%3A00&subject=Family+Tree+Maker+Special+Interest+Group+%28SIG%29
DEBUG:root:Checking external hyperlink: https://outlook.live.com/calendar/0/deeplink/compose?allday=false&body=Join+host+Stan+Wells+as+he+leads+a+step-by-step+walk-through+of+Family+Tree+Maker+%28FTM%29%2C+one+of+the+most+popular+genealogy+software+programs+available+today.&location=&path=/calendar/action/compose&rru=addevent&startdt=2025-09-16T00%3A00%3A00-04%3A00&enddt=2025-09-16T00%3A00%3A00-04%3A00&subject=Family+Tree+Maker+Special+Interest+Group+%28SIG%29
DEBUG:urllib3.connectionpool:Starting new HTTPS connection (1): outlook.live.com:443
DEBUG:urllib3.connectionpool:https://wordpress-810691-5571285.cloudwaysapps.com:443 "GET /wp-content/uploads/2025/08/IMG_0015_3_1566271544-1024x790.webp HTTP/1.1" 200 108402
DEBUG:urllib3.connectionpool:https://www.google.com:443 "GET /calendar/event?action=TEMPLATE&text=Preserving+Local+History&dates=20260527T100000/20260527T120000&details=Help+in+the+preservation+of+our+local+history+and+collections%2C+including+transcriptionists%2C+preservationists%2C+digitizers%2C+and+organization%C2%A0projects.&location=2525+Oakley+Seaver+Dr%2C+Clermont%2C+FL%2C+34711%2C+United+States&trp=false&sprop=https%3A%2F%2Fwordpress-810691-5571285.cloudwaysapps.com%2Fevents%2Fpreserving-local-history-2026-05-27%2F&sprop=name:Pastfinders&ctz=America%2FNew_York HTTP/1.1" 302 0
DEBUG:urllib3.connectionpool:Starting new HTTPS connection (1): calendar.google.com:443
DEBUG:root:✅ Image OK: https://wordpress-810691-5571285.cloudwaysapps.com/wp-content/uploads/2025/08/IMG_0015_3_1566271544-1024x790.webp
DEBUG:root:Checking internal image: https://wordpress-810691-5571285.cloudwaysapps.com/wp-content/uploads/2025/08/IMG_0029_1566271769-1024x396.webp
DEBUG:urllib3.connectionpool:Starting new HTTPS connection (1): wordpress-810691-5571285.cloudwaysapps.com:443
DEBUG:urllib3.connectionpool:https://wordpress-810691-5571285.cloudwaysapps.com:443 "GET /resources/rootsmagic-essentials-free/ HTTP/1.1" 200 None
DEBUG:root:Successfully fetched https://wordpress-810691-5571285.cloudwaysapps.com/resources/rootsmagic-essentials-free/ (Content-Length: 38957)
DEBUG:charset_normalizer:Encoding detection: utf_8 is most likely the one.
DEBUG:urllib3.connectionpool:https://calendar.google.com:443 "GET /calendar/event?action=TEMPLATE&text=Preserving+Local+History&dates=20260527T100000/20260527T120000&details=Help+in+the+preservation+of+our+local+history+and+collections,+including+transcriptionists,+preservationists,+digitizers,+and+organization%C2%A0projects.&location=2525+Oakley+Seaver+Dr,+Clermont,+FL,+34711,+United+States&trp=false&sprop=https://wordpress-810691-5571285.cloudwaysapps.com/events/preserving-local-history-2026-05-27/&sprop=name:Pastfinders&ctz=America/New_York HTTP/1.1" 302 0
DEBUG:root:Extracted 651 characters, 108 words from https://wordpress-810691-5571285.cloudwaysapps.com/resources/rootsmagic-essentials-free/
DEBUG:root:Using regex pattern: \b[a-zA-Z]{3,}\b
DEBUG:root:Found 85 words to check in https://wordpress-810691-5571285.cloudwaysapps.com/resources/rootsmagic-essentials-free/ (min_length=3)
DEBUG:root:Sample words from https://wordpress-810691-5571285.cloudwaysapps.com/resources/rootsmagic-essentials-free/: ['This', 'alert', 'Skip', 'content', 'RootsMagic', 'Essentials', 'Free', 'June', 'RootsMagic', 'Essentials']
DEBUG:root:Spell check results for https://wordpress-810691-5571285.cloudwaysapps.com/resources/rootsmagic-essentials-free/: 61 words checked, 24 skipped, 0 errors found
INFO:root:✅ Processed https://wordpress-810691-5571285.cloudwaysapps.com/resources/rootsmagic-essentials-free/: 0 errors found, 108 words checked
DEBUG:root:Attempting to fetch: https://wordpress-810691-5571285.cloudwaysapps.com/events/preserving-local-history-2026-01-21/
Processing pages:  18%|█▊        | 68/381 [00:43<01:52,  2.79it/s]DEBUG:urllib3.connectionpool:Starting new HTTPS connection (1): accounts.google.com:443
DEBUG:urllib3.connectionpool:https://wordpress-810691-5571285.cloudwaysapps.com:443 "GET /wp-content/uploads/2025/08/20180412_163451_1571796076-568x1024.webp HTTP/1.1" 200 62442
DEBUG:urllib3.connectionpool:https://outlook.live.com:443 "GET /calendar/0/deeplink/compose?allday=false&body=Join+host+Stan+Wells+as+he+leads+a+step-by-step+walk-through+of+Family+Tree+Maker+%28FTM%29%2C+one+of+the+most+popular+genealogy+software+programs+available+today.&location=&path=/calendar/action/compose&rru=addevent&startdt=2025-09-16T00%3A00%3A00-04%3A00&enddt=2025-09-16T00%3A00%3A00-04%3A00&subject=Family+Tree+Maker+Special+Interest+Group+%28SIG%29 HTTP/1.1" 200 None
DEBUG:root:✅ Hyperlink OK: https://outlook.live.com/calendar/0/deeplink/compose?allday=false&body=Join+host+Stan+Wells+as+he+leads+a+step-by-step+walk-through+of+Family+Tree+Maker+%28FTM%29%2C+one+of+the+most+popular+genealogy+software+programs+available+today.&location=&path=/calendar/action/compose&rru=addevent&startdt=2025-09-16T00%3A00%3A00-04%3A00&enddt=2025-09-16T00%3A00%3A00-04%3A00&subject=Family+Tree+Maker+Special+Interest+Group+%28SIG%29
DEBUG:root:Using regex pattern: \b[a-zA-Z]{3,}\b
DEBUG:root:Found 135 words to check in https://wordpress-810691-5571285.cloudwaysapps.com/events/family-tree-maker-special-interest-group-sig-2025-09-16/ (min_length=3)
DEBUG:root:Sample words from https://wordpress-810691-5571285.cloudwaysapps.com/events/family-tree-maker-special-interest-group-sig-2025-09-16/: ['This', 'alert', 'Skip', 'content', 'Family', 'Tree', 'Maker', 'Special', 'Interest', 'Group']
DEBUG:root:Skipped email/domain fragment: 'com'
DEBUG:root:Spell check results for https://wordpress-810691-5571285.cloudwaysapps.com/events/family-tree-maker-special-interest-group-sig-2025-09-16/: 87 words checked, 48 skipped, 0 errors found
INFO:root:✅ Processed https://wordpress-810691-5571285.cloudwaysapps.com/events/family-tree-maker-special-interest-group-sig-2025-09-16/: 0 errors found, 183 words checked
DEBUG:root:Attempting to fetch: https://wordpress-810691-5571285.cloudwaysapps.com/events/preserving-local-history-2025-12-31/
DEBUG:root:✅ Image OK: https://wordpress-810691-5571285.cloudwaysapps.com/wp-content/uploads/2025/08/20180412_163451_1571796076-568x1024.webp
DEBUG:root:Checking internal image: https://wordpress-810691-5571285.cloudwaysapps.com/wp-content/uploads/2025/08/20171104_100102_1571796067-1024x576.webp
DEBUG:urllib3.connectionpool:Starting new HTTPS connection (1): wordpress-810691-5571285.cloudwaysapps.com:443
DEBUG:urllib3.connectionpool:https://wordpress-810691-5571285.cloudwaysapps.com:443 "GET /events/preserving-local-history-2026-01-21/ HTTP/1.1" 200 None
DEBUG:root:Successfully fetched https://wordpress-810691-5571285.cloudwaysapps.com/events/preserving-local-history-2026-01-21/ (Content-Length: 43614)
DEBUG:charset_normalizer:Encoding detection: utf_8 is most likely the one.
DEBUG:root:Extracted 446 characters, 65 words from https://wordpress-810691-5571285.cloudwaysapps.com/events/preserving-local-history-2026-01-21/
DEBUG:root:Checking external hyperlink: https://www.google.com/calendar/event?action=TEMPLATE&text=Preserving+Local+History&dates=20260121T100000/20260121T120000&details=Help+in+the+preservation+of+our+local+history+and+collections%2C+including+transcriptionists%2C+preservationists%2C+digitizers%2C+and+organization%C2%A0projects.&location=2525+Oakley+Seaver+Dr%2C+Clermont%2C+FL%2C+34711%2C+United+States&trp=false&sprop=https%3A%2F%2Fwordpress-810691-5571285.cloudwaysapps.com%2Fevents%2Fpreserving-local-history-2026-01-21%2F&sprop=name:Pastfinders&ctz=America%2FNew_York
DEBUG:urllib3.connectionpool:Starting new HTTPS connection (1): www.google.com:443
DEBUG:urllib3.connectionpool:https://wordpress-810691-5571285.cloudwaysapps.com:443 "GET /events/preserving-local-history-2025-12-31/ HTTP/1.1" 200 None
DEBUG:root:Successfully fetched https://wordpress-810691-5571285.cloudwaysapps.com/events/preserving-local-history-2025-12-31/ (Content-Length: 43616)
DEBUG:charset_normalizer:Encoding detection: utf_8 is most likely the one.
DEBUG:root:Extracted 447 characters, 65 words from https://wordpress-810691-5571285.cloudwaysapps.com/events/preserving-local-history-2025-12-31/
DEBUG:root:Checking external hyperlink: https://www.google.com/calendar/event?action=TEMPLATE&text=Preserving+Local+History&dates=20251231T100000/20251231T120000&details=Help+in+the+preservation+of+our+local+history+and+collections%2C+including+transcriptionists%2C+preservationists%2C+digitizers%2C+and+organization%C2%A0projects.&location=2525+Oakley+Seaver+Dr%2C+Clermont%2C+FL%2C+34711%2C+United+States&trp=false&sprop=https%3A%2F%2Fwordpress-810691-5571285.cloudwaysapps.com%2Fevents%2Fpreserving-local-history-2025-12-31%2F&sprop=name:Pastfinders&ctz=America%2FNew_York
DEBUG:urllib3.connectionpool:Starting new HTTPS connection (1): www.google.com:443
DEBUG:urllib3.connectionpool:https://accounts.google.com:443 "GET /ServiceLogin?service=cl&passive=1209600&osid=1&continue=https://calendar.google.com/calendar/event?action%3DTEMPLATE%26text%3DPreserving%2BLocal%2BHistory%26dates%3D20260527T100000/20260527T120000%26details%3DHelp%2Bin%2Bthe%2Bpreservation%2Bof%2Bour%2Blocal%2Bhistory%2Band%2Bcollections,%2Bincluding%2Btranscriptionists,%2Bpreservationists,%2Bdigitizers,%2Band%2Borganization%25C2%25A0projects.%26location%3D2525%2BOakley%2BSeaver%2BDr,%2BClermont,%2BFL,%2B34711,%2BUnited%2BStates%26trp%3Dfalse%26sprop%3Dhttps://wordpress-810691-5571285.cloudwaysapps.com/events/preserving-local-history-2026-05-27/%26sprop%3Dname:Pastfinders%26ctz%3DAmerica/New_York&followup=https://calendar.google.com/calendar/event?action%3DTEMPLATE%26text%3DPreserving%2BLocal%2BHistory%26dates%3D20260527T100000/20260527T120000%26details%3DHelp%2Bin%2Bthe%2Bpreservation%2Bof%2Bour%2Blocal%2Bhistory%2Band%2Bcollections,%2Bincluding%2Btranscriptionists,%2Bpreservationists,%2Bdigitizers,%2Band%2Borganization%25C2%25A0projects.%26location%3D2525%2BOakley%2BSeaver%2BDr,%2BClermont,%2BFL,%2B34711,%2BUnited%2BStates%26trp%3Dfalse%26sprop%3Dhttps://wordpress-810691-5571285.cloudwaysapps.com/events/preserving-local-history-2026-05-27/%26sprop%3Dname:Pastfinders%26ctz%3DAmerica/New_York&emr=1 HTTP/1.1" 302 0
DEBUG:urllib3.connectionpool:https://wordpress-810691-5571285.cloudwaysapps.com:443 "GET /wp-content/uploads/2025/08/IMG_0029_1566271769-1024x396.webp HTTP/1.1" 200 94642
DEBUG:urllib3.connectionpool:https://accounts.google.com:443 "GET /InteractiveLogin?continue=https://calendar.google.com/calendar/event?action%3DTEMPLATE%26text%3DPreserving%2BLocal%2BHistory%26dates%3D20260527T100000/20260527T120000%26details%3DHelp%2Bin%2Bthe%2Bpreservation%2Bof%2Bour%2Blocal%2Bhistory%2Band%2Bcollections,%2Bincluding%2Btranscriptionists,%2Bpreservationists,%2Bdigitizers,%2Band%2Borganization%25C2%25A0projects.%26location%3D2525%2BOakley%2BSeaver%2BDr,%2BClermont,%2BFL,%2B34711,%2BUnited%2BStates%26trp%3Dfalse%26sprop%3Dhttps://wordpress-810691-5571285.cloudwaysapps.com/events/preserving-local-history-2026-05-27/%26sprop%3Dname:Pastfinders%26ctz%3DAmerica/New_York&emr=1&followup=https://calendar.google.com/calendar/event?action%3DTEMPLATE%26text%3DPreserving%2BLocal%2BHistory%26dates%3D20260527T100000/20260527T120000%26details%3DHelp%2Bin%2Bthe%2Bpreservation%2Bof%2Bour%2Blocal%2Bhistory%2Band%2Bcollections,%2Bincluding%2Btranscriptionists,%2Bpreservationists,%2Bdigitizers,%2Band%2Borganization%25C2%25A0projects.%26location%3D2525%2BOakley%2BSeaver%2BDr,%2BClermont,%2BFL,%2B34711,%2BUnited%2BStates%26trp%3Dfalse%26sprop%3Dhttps://wordpress-810691-5571285.cloudwaysapps.com/events/preserving-local-history-2026-05-27/%26sprop%3Dname:Pastfinders%26ctz%3DAmerica/New_York&osid=1&passive=1209600&service=cl&ifkv=AdBytiP86LoBPmjiBoyUI0qya5nB5M_G5h2_pt2LW8u02eQ2dOrC_wnLwIqgQb352poJfnmrDsKYmw HTTP/1.1" 302 None
DEBUG:urllib3.connectionpool:https://www.google.com:443 "GET /calendar/event?action=TEMPLATE&text=Preserving+Local+History&dates=20260121T100000/20260121T120000&details=Help+in+the+preservation+of+our+local+history+and+collections%2C+including+transcriptionists%2C+preservationists%2C+digitizers%2C+and+organization%C2%A0projects.&location=2525+Oakley+Seaver+Dr%2C+Clermont%2C+FL%2C+34711%2C+United+States&trp=false&sprop=https%3A%2F%2Fwordpress-810691-5571285.cloudwaysapps.com%2Fevents%2Fpreserving-local-history-2026-01-21%2F&sprop=name:Pastfinders&ctz=America%2FNew_York HTTP/1.1" 302 0
DEBUG:urllib3.connectionpool:Starting new HTTPS connection (1): calendar.google.com:443
DEBUG:root:✅ Image OK: https://wordpress-810691-5571285.cloudwaysapps.com/wp-content/uploads/2025/08/IMG_0029_1566271769-1024x396.webp
DEBUG:root:Checking internal image: https://wordpress-810691-5571285.cloudwaysapps.com/wp-content/uploads/2025/08/IMG_0015_3_1566271654-1024x790.webp
DEBUG:urllib3.connectionpool:Starting new HTTPS connection (1): wordpress-810691-5571285.cloudwaysapps.com:443
DEBUG:urllib3.connectionpool:https://www.google.com:443 "GET /calendar/event?action=TEMPLATE&text=Preserving+Local+History&dates=20251231T100000/20251231T120000&details=Help+in+the+preservation+of+our+local+history+and+collections%2C+including+transcriptionists%2C+preservationists%2C+digitizers%2C+and+organization%C2%A0projects.&location=2525+Oakley+Seaver+Dr%2C+Clermont%2C+FL%2C+34711%2C+United+States&trp=false&sprop=https%3A%2F%2Fwordpress-810691-5571285.cloudwaysapps.com%2Fevents%2Fpreserving-local-history-2025-12-31%2F&sprop=name:Pastfinders&ctz=America%2FNew_York HTTP/1.1" 302 0
DEBUG:urllib3.connectionpool:Starting new HTTPS connection (1): calendar.google.com:443
DEBUG:urllib3.connectionpool:https://accounts.google.com:443 "GET /v3/signin/identifier?continue=https%3A%2F%2Fcalendar.google.com%2Fcalendar%2Fevent%3Faction%3DTEMPLATE%26text%3DPreserving%2BLocal%2BHistory%26dates%3D20260527T100000%2F20260527T120000%26details%3DHelp%2Bin%2Bthe%2Bpreservation%2Bof%2Bour%2Blocal%2Bhistory%2Band%2Bcollections%2C%2Bincluding%2Btranscriptionists%2C%2Bpreservationists%2C%2Bdigitizers%2C%2Band%2Borganization%25C2%25A0projects.%26location%3D2525%2BOakley%2BSeaver%2BDr%2C%2BClermont%2C%2BFL%2C%2B34711%2C%2BUnited%2BStates%26trp%3Dfalse%26sprop%3Dhttps%3A%2F%2Fwordpress-810691-5571285.cloudwaysapps.com%2Fevents%2Fpreserving-local-history-2026-05-27%2F%26sprop%3Dname%3APastfinders%26ctz%3DAmerica%2FNew_York&emr=1&followup=https%3A%2F%2Fcalendar.google.com%2Fcalendar%2Fevent%3Faction%3DTEMPLATE%26text%3DPreserving%2BLocal%2BHistory%26dates%3D20260527T100000%2F20260527T120000%26details%3DHelp%2Bin%2Bthe%2Bpreservation%2Bof%2Bour%2Blocal%2Bhistory%2Band%2Bcollections%2C%2Bincluding%2Btranscriptionists%2C%2Bpreservationists%2C%2Bdigitizers%2C%2Band%2Borganization%25C2%25A0projects.%26location%3D2525%2BOakley%2BSeaver%2BDr%2C%2BClermont%2C%2BFL%2C%2B34711%2C%2BUnited%2BStates%26trp%3Dfalse%26sprop%3Dhttps%3A%2F%2Fwordpress-810691-5571285.cloudwaysapps.com%2Fevents%2Fpreserving-local-history-2026-05-27%2F%26sprop%3Dname%3APastfinders%26ctz%3DAmerica%2FNew_York&ifkv=AdBytiPqvIw4XSkAFJjMX0b9VDNQo8j4IIbV3hhd4A5gwkHzwhB-l2v3c2Sjg_qHEy44YpCBHZf1Eg&osid=1&passive=1209600&service=cl&flowName=WebLiteSignIn&flowEntry=ServiceLogin&dsh=S1243845403%3A1756758167627475 HTTP/1.1" 200 None
DEBUG:urllib3.connectionpool:https://wordpress-810691-5571285.cloudwaysapps.com:443 "GET /wp-content/uploads/2025/08/20171104_100102_1571796067-1024x576.webp HTTP/1.1" 200 112492
DEBUG:root:✅ Image OK: https://wordpress-810691-5571285.cloudwaysapps.com/wp-content/uploads/2025/08/20171104_100102_1571796067-1024x576.webp
DEBUG:root:Using regex pattern: \b[a-zA-Z]{3,}\b
DEBUG:root:Found 27 words to check in https://wordpress-810691-5571285.cloudwaysapps.com/galleries/2018-april-patriciacharpentier/ (min_length=3)
DEBUG:root:Sample words from https://wordpress-810691-5571285.cloudwaysapps.com/galleries/2018-april-patriciacharpentier/: ['This', 'alert', 'Skip', 'content', 'April', 'PatriciaCharpentier', 'images', 'Click', 'view', 'Click']
DEBUG:root:Spell check results for https://wordpress-810691-5571285.cloudwaysapps.com/galleries/2018-april-patriciacharpentier/: 11 words checked, 16 skipped, 0 errors found
INFO:root:✅ Processed https://wordpress-810691-5571285.cloudwaysapps.com/galleries/2018-april-patriciacharpentier/: 0 errors found, 55 words checked
DEBUG:root:Attempting to fetch: https://wordpress-810691-5571285.cloudwaysapps.com/resources/florida-genealogical-society-tampa/
Processing pages:  18%|█▊        | 70/381 [00:43<01:28,  3.52it/s]DEBUG:urllib3.connectionpool:https://calendar.google.com:443 "GET /calendar/event?action=TEMPLATE&text=Preserving+Local+History&dates=20260121T100000/20260121T120000&details=Help+in+the+preservation+of+our+local+history+and+collections,+including+transcriptionists,+preservationists,+digitizers,+and+organization%C2%A0projects.&location=2525+Oakley+Seaver+Dr,+Clermont,+FL,+34711,+United+States&trp=false&sprop=https://wordpress-810691-5571285.cloudwaysapps.com/events/preserving-local-history-2026-01-21/&sprop=name:Pastfinders&ctz=America/New_York HTTP/1.1" 302 0
DEBUG:urllib3.connectionpool:Starting new HTTPS connection (1): accounts.google.com:443
DEBUG:urllib3.connectionpool:https://calendar.google.com:443 "GET /calendar/event?action=TEMPLATE&text=Preserving+Local+History&dates=20251231T100000/20251231T120000&details=Help+in+the+preservation+of+our+local+history+and+collections,+including+transcriptionists,+preservationists,+digitizers,+and+organization%C2%A0projects.&location=2525+Oakley+Seaver+Dr,+Clermont,+FL,+34711,+United+States&trp=false&sprop=https://wordpress-810691-5571285.cloudwaysapps.com/events/preserving-local-history-2025-12-31/&sprop=name:Pastfinders&ctz=America/New_York HTTP/1.1" 302 0
DEBUG:urllib3.connectionpool:Starting new HTTPS connection (1): accounts.google.com:443
DEBUG:urllib3.connectionpool:https://wordpress-810691-5571285.cloudwaysapps.com:443 "GET /resources/florida-genealogical-society-tampa/ HTTP/1.1" 200 None
DEBUG:root:Successfully fetched https://wordpress-810691-5571285.cloudwaysapps.com/resources/florida-genealogical-society-tampa/ (Content-Length: 39253)
DEBUG:charset_normalizer:Encoding detection: utf_8 is most likely the one.
DEBUG:root:Extracted 961 characters, 146 words from https://wordpress-810691-5571285.cloudwaysapps.com/resources/florida-genealogical-society-tampa/
DEBUG:root:Using regex pattern: \b[a-zA-Z]{3,}\b
DEBUG:root:Found 115 words to check in https://wordpress-810691-5571285.cloudwaysapps.com/resources/florida-genealogical-society-tampa/ (min_length=3)
DEBUG:root:Sample words from https://wordpress-810691-5571285.cloudwaysapps.com/resources/florida-genealogical-society-tampa/: ['This', 'alert', 'Skip', 'content', 'Florida', 'Genealogical', 'Society', 'Tampa', 'June', 'The']
DEBUG:root:Spell check results for https://wordpress-810691-5571285.cloudwaysapps.com/resources/florida-genealogical-society-tampa/: 80 words checked, 35 skipped, 0 errors found
INFO:root:✅ Processed https://wordpress-810691-5571285.cloudwaysapps.com/resources/florida-genealogical-society-tampa/: 0 errors found, 146 words checked
DEBUG:root:Attempting to fetch: https://wordpress-810691-5571285.cloudwaysapps.com/galleries/2019-oct-30years-annette-lyttl/
Processing pages:  19%|█▊        | 71/381 [00:43<01:15,  4.12it/s]DEBUG:root:✅ Hyperlink OK: https://www.google.com/calendar/event?action=TEMPLATE&text=Preserving+Local+History&dates=20260527T100000/20260527T120000&details=Help+in+the+preservation+of+our+local+history+and+collections%2C+including+transcriptionists%2C+preservationists%2C+digitizers%2C+and+organization%C2%A0projects.&location=2525+Oakley+Seaver+Dr%2C+Clermont%2C+FL%2C+34711%2C+United+States&trp=false&sprop=https%3A%2F%2Fwordpress-810691-5571285.cloudwaysapps.com%2Fevents%2Fpreserving-local-history-2026-05-27%2F&sprop=name:Pastfinders&ctz=America%2FNew_York
DEBUG:root:Checking external hyperlink: https://outlook.office.com/calendar/0/deeplink/compose?allday=false&body=Help+in+the+preservation+of+our+local+history+and+collections%2C+including+transcriptionists%2C+preservationists%2C+digitizers%2C+and+organization%C2%A0projects.&location=2525+Oakley+Seaver+Dr%2C+Clermont%2C+FL%2C+34711%2C+United+States&path=/calendar/action/compose&rru=addevent&startdt=2026-05-27T10%3A00%3A00-04%3A00&enddt=2026-05-27T12%3A00%3A00-04%3A00&subject=Preserving+Local+History
DEBUG:urllib3.connectionpool:Starting new HTTPS connection (1): outlook.office.com:443
DEBUG:urllib3.connectionpool:https://wordpress-810691-5571285.cloudwaysapps.com:443 "GET /wp-content/uploads/2025/08/IMG_0015_3_1566271654-1024x790.webp HTTP/1.1" 200 108402
DEBUG:urllib3.connectionpool:https://accounts.google.com:443 "GET /ServiceLogin?service=cl&passive=1209600&osid=1&continue=https://calendar.google.com/calendar/event?action%3DTEMPLATE%26text%3DPreserving%2BLocal%2BHistory%26dates%3D20251231T100000/20251231T120000%26details%3DHelp%2Bin%2Bthe%2Bpreservation%2Bof%2Bour%2Blocal%2Bhistory%2Band%2Bcollections,%2Bincluding%2Btranscriptionists,%2Bpreservationists,%2Bdigitizers,%2Band%2Borganization%25C2%25A0projects.%26location%3D2525%2BOakley%2BSeaver%2BDr,%2BClermont,%2BFL,%2B34711,%2BUnited%2BStates%26trp%3Dfalse%26sprop%3Dhttps://wordpress-810691-5571285.cloudwaysapps.com/events/preserving-local-history-2025-12-31/%26sprop%3Dname:Pastfinders%26ctz%3DAmerica/New_York&followup=https://calendar.google.com/calendar/event?action%3DTEMPLATE%26text%3DPreserving%2BLocal%2BHistory%26dates%3D20251231T100000/20251231T120000%26details%3DHelp%2Bin%2Bthe%2Bpreservation%2Bof%2Bour%2Blocal%2Bhistory%2Band%2Bcollections,%2Bincluding%2Btranscriptionists,%2Bpreservationists,%2Bdigitizers,%2Band%2Borganization%25C2%25A0projects.%26location%3D2525%2BOakley%2BSeaver%2BDr,%2BClermont,%2BFL,%2B34711,%2BUnited%2BStates%26trp%3Dfalse%26sprop%3Dhttps://wordpress-810691-5571285.cloudwaysapps.com/events/preserving-local-history-2025-12-31/%26sprop%3Dname:Pastfinders%26ctz%3DAmerica/New_York&emr=1 HTTP/1.1" 302 0
DEBUG:urllib3.connectionpool:https://accounts.google.com:443 "GET /ServiceLogin?service=cl&passive=1209600&osid=1&continue=https://calendar.google.com/calendar/event?action%3DTEMPLATE%26text%3DPreserving%2BLocal%2BHistory%26dates%3D20260121T100000/20260121T120000%26details%3DHelp%2Bin%2Bthe%2Bpreservation%2Bof%2Bour%2Blocal%2Bhistory%2Band%2Bcollections,%2Bincluding%2Btranscriptionists,%2Bpreservationists,%2Bdigitizers,%2Band%2Borganization%25C2%25A0projects.%26location%3D2525%2BOakley%2BSeaver%2BDr,%2BClermont,%2BFL,%2B34711,%2BUnited%2BStates%26trp%3Dfalse%26sprop%3Dhttps://wordpress-810691-5571285.cloudwaysapps.com/events/preserving-local-history-2026-01-21/%26sprop%3Dname:Pastfinders%26ctz%3DAmerica/New_York&followup=https://calendar.google.com/calendar/event?action%3DTEMPLATE%26text%3DPreserving%2BLocal%2BHistory%26dates%3D20260121T100000/20260121T120000%26details%3DHelp%2Bin%2Bthe%2Bpreservation%2Bof%2Bour%2Blocal%2Bhistory%2Band%2Bcollections,%2Bincluding%2Btranscriptionists,%2Bpreservationists,%2Bdigitizers,%2Band%2Borganization%25C2%25A0projects.%26location%3D2525%2BOakley%2BSeaver%2BDr,%2BClermont,%2BFL,%2B34711,%2BUnited%2BStates%26trp%3Dfalse%26sprop%3Dhttps://wordpress-810691-5571285.cloudwaysapps.com/events/preserving-local-history-2026-01-21/%26sprop%3Dname:Pastfinders%26ctz%3DAmerica/New_York&emr=1 HTTP/1.1" 302 0
DEBUG:urllib3.connectionpool:https://wordpress-810691-5571285.cloudwaysapps.com:443 "GET /galleries/2019-oct-30years-annette-lyttl/ HTTP/1.1" 200 None
DEBUG:root:Successfully fetched https://wordpress-810691-5571285.cloudwaysapps.com/galleries/2019-oct-30years-annette-lyttl/ (Content-Length: 117038)
DEBUG:charset_normalizer:Encoding detection: utf_8 is most likely the one.
DEBUG:urllib3.connectionpool:https://accounts.google.com:443 "GET /InteractiveLogin?continue=https://calendar.google.com/calendar/event?action%3DTEMPLATE%26text%3DPreserving%2BLocal%2BHistory%26dates%3D20251231T100000/20251231T120000%26details%3DHelp%2Bin%2Bthe%2Bpreservation%2Bof%2Bour%2Blocal%2Bhistory%2Band%2Bcollections,%2Bincluding%2Btranscriptionists,%2Bpreservationists,%2Bdigitizers,%2Band%2Borganization%25C2%25A0projects.%26location%3D2525%2BOakley%2BSeaver%2BDr,%2BClermont,%2BFL,%2B34711,%2BUnited%2BStates%26trp%3Dfalse%26sprop%3Dhttps://wordpress-810691-5571285.cloudwaysapps.com/events/preserving-local-history-2025-12-31/%26sprop%3Dname:Pastfinders%26ctz%3DAmerica/New_York&emr=1&followup=https://calendar.google.com/calendar/event?action%3DTEMPLATE%26text%3DPreserving%2BLocal%2BHistory%26dates%3D20251231T100000/20251231T120000%26details%3DHelp%2Bin%2Bthe%2Bpreservation%2Bof%2Bour%2Blocal%2Bhistory%2Band%2Bcollections,%2Bincluding%2Btranscriptionists,%2Bpreservationists,%2Bdigitizers,%2Band%2Borganization%25C2%25A0projects.%26location%3D2525%2BOakley%2BSeaver%2BDr,%2BClermont,%2BFL,%2B34711,%2BUnited%2BStates%26trp%3Dfalse%26sprop%3Dhttps://wordpress-810691-5571285.cloudwaysapps.com/events/preserving-local-history-2025-12-31/%26sprop%3Dname:Pastfinders%26ctz%3DAmerica/New_York&osid=1&passive=1209600&service=cl&ifkv=AdBytiOkVHbI6vvAk7ZY9a22aVVTaVbFCxOuWg4DH93KArgAZAlQbdi47Amj5l0Ryvl1IgEZrd5P HTTP/1.1" 302 None
DEBUG:root:✅ Image OK: https://wordpress-810691-5571285.cloudwaysapps.com/wp-content/uploads/2025/08/IMG_0015_3_1566271654-1024x790.webp
DEBUG:root:Extracted 678 characters, 150 words from https://wordpress-810691-5571285.cloudwaysapps.com/galleries/2019-oct-30years-annette-lyttl/
DEBUG:root:Checking internal image: https://wordpress-810691-5571285.cloudwaysapps.com/wp-content/uploads/2025/08/IMG_0019_1566271654-1024x457.webp
DEBUG:urllib3.connectionpool:https://accounts.google.com:443 "GET /InteractiveLogin?continue=https://calendar.google.com/calendar/event?action%3DTEMPLATE%26text%3DPreserving%2BLocal%2BHistory%26dates%3D20260121T100000/20260121T120000%26details%3DHelp%2Bin%2Bthe%2Bpreservation%2Bof%2Bour%2Blocal%2Bhistory%2Band%2Bcollections,%2Bincluding%2Btranscriptionists,%2Bpreservationists,%2Bdigitizers,%2Band%2Borganization%25C2%25A0projects.%26location%3D2525%2BOakley%2BSeaver%2BDr,%2BClermont,%2BFL,%2B34711,%2BUnited%2BStates%26trp%3Dfalse%26sprop%3Dhttps://wordpress-810691-5571285.cloudwaysapps.com/events/preserving-local-history-2026-01-21/%26sprop%3Dname:Pastfinders%26ctz%3DAmerica/New_York&emr=1&followup=https://calendar.google.com/calendar/event?action%3DTEMPLATE%26text%3DPreserving%2BLocal%2BHistory%26dates%3D20260121T100000/20260121T120000%26details%3DHelp%2Bin%2Bthe%2Bpreservation%2Bof%2Bour%2Blocal%2Bhistory%2Band%2Bcollections,%2Bincluding%2Btranscriptionists,%2Bpreservationists,%2Bdigitizers,%2Band%2Borganization%25C2%25A0projects.%26location%3D2525%2BOakley%2BSeaver%2BDr,%2BClermont,%2BFL,%2B34711,%2BUnited%2BStates%26trp%3Dfalse%26sprop%3Dhttps://wordpress-810691-5571285.cloudwaysapps.com/events/preserving-local-history-2026-01-21/%26sprop%3Dname:Pastfinders%26ctz%3DAmerica/New_York&osid=1&passive=1209600&service=cl&ifkv=AdBytiNUnmKxltvEg--mLup17L8xG8BUt9K9UNndZWtMuZdNYNLNPbEIyMO2eV-8GSKn_erInzWL HTTP/1.1" 302 None
DEBUG:root:Checking internal image: https://wordpress-810691-5571285.cloudwaysapps.com/wp-content/uploads/2025/08/2019_10_Oct_10_Annette_Lyttle_30_Ann75_1571880107-805x1024.webp
DEBUG:urllib3.connectionpool:Starting new HTTPS connection (1): wordpress-810691-5571285.cloudwaysapps.com:443
DEBUG:urllib3.connectionpool:Starting new HTTPS connection (1): wordpress-810691-5571285.cloudwaysapps.com:443
DEBUG:urllib3.connectionpool:https://accounts.google.com:443 "GET /v3/signin/identifier?continue=https%3A%2F%2Fcalendar.google.com%2Fcalendar%2Fevent%3Faction%3DTEMPLATE%26text%3DPreserving%2BLocal%2BHistory%26dates%3D20260121T100000%2F20260121T120000%26details%3DHelp%2Bin%2Bthe%2Bpreservation%2Bof%2Bour%2Blocal%2Bhistory%2Band%2Bcollections%2C%2Bincluding%2Btranscriptionists%2C%2Bpreservationists%2C%2Bdigitizers%2C%2Band%2Borganization%25C2%25A0projects.%26location%3D2525%2BOakley%2BSeaver%2BDr%2C%2BClermont%2C%2BFL%2C%2B34711%2C%2BUnited%2BStates%26trp%3Dfalse%26sprop%3Dhttps%3A%2F%2Fwordpress-810691-5571285.cloudwaysapps.com%2Fevents%2Fpreserving-local-history-2026-01-21%2F%26sprop%3Dname%3APastfinders%26ctz%3DAmerica%2FNew_York&emr=1&followup=https%3A%2F%2Fcalendar.google.com%2Fcalendar%2Fevent%3Faction%3DTEMPLATE%26text%3DPreserving%2BLocal%2BHistory%26dates%3D20260121T100000%2F20260121T120000%26details%3DHelp%2Bin%2Bthe%2Bpreservation%2Bof%2Bour%2Blocal%2Bhistory%2Band%2Bcollections%2C%2Bincluding%2Btranscriptionists%2C%2Bpreservationists%2C%2Bdigitizers%2C%2Band%2Borganization%25C2%25A0projects.%26location%3D2525%2BOakley%2BSeaver%2BDr%2C%2BClermont%2C%2BFL%2C%2B34711%2C%2BUnited%2BStates%26trp%3Dfalse%26sprop%3Dhttps%3A%2F%2Fwordpress-810691-5571285.cloudwaysapps.com%2Fevents%2Fpreserving-local-history-2026-01-21%2F%26sprop%3Dname%3APastfinders%26ctz%3DAmerica%2FNew_York&ifkv=AdBytiOvaWcNd-8wgzamRD0jIHpzL5Esqv2l0fTdq2J4lpMXWkEwN7HI-klZhNYRDPAQA1fo6gl6&osid=1&passive=1209600&service=cl&flowName=WebLiteSignIn&flowEntry=ServiceLogin&dsh=S-1120685403%3A1756758168049171 HTTP/1.1" 200 None
DEBUG:urllib3.connectionpool:https://outlook.office.com:443 "GET /calendar/0/deeplink/compose?allday=false&body=Help+in+the+preservation+of+our+local+history+and+collections%2C+including+transcriptionists%2C+preservationists%2C+digitizers%2C+and+organization%C2%A0projects.&location=2525+Oakley+Seaver+Dr%2C+Clermont%2C+FL%2C+34711%2C+United+States&path=/calendar/action/compose&rru=addevent&startdt=2026-05-27T10%3A00%3A00-04%3A00&enddt=2026-05-27T12%3A00%3A00-04%3A00&subject=Preserving+Local+History HTTP/1.1" 200 None
DEBUG:root:✅ Hyperlink OK: https://outlook.office.com/calendar/0/deeplink/compose?allday=false&body=Help+in+the+preservation+of+our+local+history+and+collections%2C+including+transcriptionists%2C+preservationists%2C+digitizers%2C+and+organization%C2%A0projects.&location=2525+Oakley+Seaver+Dr%2C+Clermont%2C+FL%2C+34711%2C+United+States&path=/calendar/action/compose&rru=addevent&startdt=2026-05-27T10%3A00%3A00-04%3A00&enddt=2026-05-27T12%3A00%3A00-04%3A00&subject=Preserving+Local+History
DEBUG:root:Checking external hyperlink: https://outlook.live.com/calendar/0/deeplink/compose?allday=false&body=Help+in+the+preservation+of+our+local+history+and+collections%2C+including+transcriptionists%2C+preservationists%2C+digitizers%2C+and+organization%C2%A0projects.&location=2525+Oakley+Seaver+Dr%2C+Clermont%2C+FL%2C+34711%2C+United+States&path=/calendar/action/compose&rru=addevent&startdt=2026-05-27T10%3A00%3A00-04%3A00&enddt=2026-05-27T12%3A00%3A00-04%3A00&subject=Preserving+Local+History
DEBUG:urllib3.connectionpool:Starting new HTTPS connection (1): outlook.live.com:443
DEBUG:urllib3.connectionpool:https://accounts.google.com:443 "GET /v3/signin/identifier?continue=https%3A%2F%2Fcalendar.google.com%2Fcalendar%2Fevent%3Faction%3DTEMPLATE%26text%3DPreserving%2BLocal%2BHistory%26dates%3D20251231T100000%2F20251231T120000%26details%3DHelp%2Bin%2Bthe%2Bpreservation%2Bof%2Bour%2Blocal%2Bhistory%2Band%2Bcollections%2C%2Bincluding%2Btranscriptionists%2C%2Bpreservationists%2C%2Bdigitizers%2C%2Band%2Borganization%25C2%25A0projects.%26location%3D2525%2BOakley%2BSeaver%2BDr%2C%2BClermont%2C%2BFL%2C%2B34711%2C%2BUnited%2BStates%26trp%3Dfalse%26sprop%3Dhttps%3A%2F%2Fwordpress-810691-5571285.cloudwaysapps.com%2Fevents%2Fpreserving-local-history-2025-12-31%2F%26sprop%3Dname%3APastfinders%26ctz%3DAmerica%2FNew_York&emr=1&followup=https%3A%2F%2Fcalendar.google.com%2Fcalendar%2Fevent%3Faction%3DTEMPLATE%26text%3DPreserving%2BLocal%2BHistory%26dates%3D20251231T100000%2F20251231T120000%26details%3DHelp%2Bin%2Bthe%2Bpreservation%2Bof%2Bour%2Blocal%2Bhistory%2Band%2Bcollections%2C%2Bincluding%2Btranscriptionists%2C%2Bpreservationists%2C%2Bdigitizers%2C%2Band%2Borganization%25C2%25A0projects.%26location%3D2525%2BOakley%2BSeaver%2BDr%2C%2BClermont%2C%2BFL%2C%2B34711%2C%2BUnited%2BStates%26trp%3Dfalse%26sprop%3Dhttps%3A%2F%2Fwordpress-810691-5571285.cloudwaysapps.com%2Fevents%2Fpreserving-local-history-2025-12-31%2F%26sprop%3Dname%3APastfinders%26ctz%3DAmerica%2FNew_York&ifkv=AdBytiPmWtGpoByWiggr9LWtBY8drUbVdqdhYyO82U4X_wLqt_cksem6X-JiQFbMOEstQFvunPIX&osid=1&passive=1209600&service=cl&flowName=WebLiteSignIn&flowEntry=ServiceLogin&dsh=S118745705%3A1756758168046147 HTTP/1.1" 200 None
DEBUG:root:✅ Hyperlink OK: https://www.google.com/calendar/event?action=TEMPLATE&text=Preserving+Local+History&dates=20260121T100000/20260121T120000&details=Help+in+the+preservation+of+our+local+history+and+collections%2C+including+transcriptionists%2C+preservationists%2C+digitizers%2C+and+organization%C2%A0projects.&location=2525+Oakley+Seaver+Dr%2C+Clermont%2C+FL%2C+34711%2C+United+States&trp=false&sprop=https%3A%2F%2Fwordpress-810691-5571285.cloudwaysapps.com%2Fevents%2Fpreserving-local-history-2026-01-21%2F&sprop=name:Pastfinders&ctz=America%2FNew_York
DEBUG:root:Checking external hyperlink: https://outlook.office.com/calendar/0/deeplink/compose?allday=false&body=Help+in+the+preservation+of+our+local+history+and+collections%2C+including+transcriptionists%2C+preservationists%2C+digitizers%2C+and+organization%C2%A0projects.&location=2525+Oakley+Seaver+Dr%2C+Clermont%2C+FL%2C+34711%2C+United+States&path=/calendar/action/compose&rru=addevent&startdt=2026-01-21T10%3A00%3A00-05%3A00&enddt=2026-01-21T12%3A00%3A00-05%3A00&subject=Preserving+Local+History
DEBUG:urllib3.connectionpool:Starting new HTTPS connection (1): outlook.office.com:443
DEBUG:root:✅ Hyperlink OK: https://www.google.com/calendar/event?action=TEMPLATE&text=Preserving+Local+History&dates=20251231T100000/20251231T120000&details=Help+in+the+preservation+of+our+local+history+and+collections%2C+including+transcriptionists%2C+preservationists%2C+digitizers%2C+and+organization%C2%A0projects.&location=2525+Oakley+Seaver+Dr%2C+Clermont%2C+FL%2C+34711%2C+United+States&trp=false&sprop=https%3A%2F%2Fwordpress-810691-5571285.cloudwaysapps.com%2Fevents%2Fpreserving-local-history-2025-12-31%2F&sprop=name:Pastfinders&ctz=America%2FNew_York
DEBUG:root:Checking external hyperlink: https://outlook.office.com/calendar/0/deeplink/compose?allday=false&body=Help+in+the+preservation+of+our+local+history+and+collections%2C+including+transcriptionists%2C+preservationists%2C+digitizers%2C+and+organization%C2%A0projects.&location=2525+Oakley+Seaver+Dr%2C+Clermont%2C+FL%2C+34711%2C+United+States&path=/calendar/action/compose&rru=addevent&startdt=2025-12-31T10%3A00%3A00-05%3A00&enddt=2025-12-31T12%3A00%3A00-05%3A00&subject=Preserving+Local+History
DEBUG:urllib3.connectionpool:Starting new HTTPS connection (1): outlook.office.com:443
DEBUG:urllib3.connectionpool:https://wordpress-810691-5571285.cloudwaysapps.com:443 "GET /wp-content/uploads/2025/08/2019_10_Oct_10_Annette_Lyttle_30_Ann75_1571880107-805x1024.webp HTTP/1.1" 200 72740
DEBUG:urllib3.connectionpool:https://wordpress-810691-5571285.cloudwaysapps.com:443 "GET /wp-content/uploads/2025/08/IMG_0019_1566271654-1024x457.webp HTTP/1.1" 200 78270
DEBUG:root:✅ Image OK: https://wordpress-810691-5571285.cloudwaysapps.com/wp-content/uploads/2025/08/2019_10_Oct_10_Annette_Lyttle_30_Ann75_1571880107-805x1024.webp
DEBUG:root:Checking internal image: https://wordpress-810691-5571285.cloudwaysapps.com/wp-content/uploads/2025/08/2019_10_Oct_10_Annette_Lyttle_30_Ann12_1571880000-1024x683.webp
DEBUG:urllib3.connectionpool:Starting new HTTPS connection (1): wordpress-810691-5571285.cloudwaysapps.com:443
DEBUG:root:✅ Image OK: https://wordpress-810691-5571285.cloudwaysapps.com/wp-content/uploads/2025/08/IMG_0019_1566271654-1024x457.webp
DEBUG:root:Checking internal image: https://wordpress-810691-5571285.cloudwaysapps.com/wp-content/uploads/2025/08/IMG_0016_7_1566271654-1024x607.webp
DEBUG:urllib3.connectionpool:Starting new HTTPS connection (1): wordpress-810691-5571285.cloudwaysapps.com:443
DEBUG:urllib3.connectionpool:https://outlook.live.com:443 "GET /calendar/0/deeplink/compose?allday=false&body=Help+in+the+preservation+of+our+local+history+and+collections%2C+including+transcriptionists%2C+preservationists%2C+digitizers%2C+and+organization%C2%A0projects.&location=2525+Oakley+Seaver+Dr%2C+Clermont%2C+FL%2C+34711%2C+United+States&path=/calendar/action/compose&rru=addevent&startdt=2026-05-27T10%3A00%3A00-04%3A00&enddt=2026-05-27T12%3A00%3A00-04%3A00&subject=Preserving+Local+History HTTP/1.1" 200 None
DEBUG:root:✅ Hyperlink OK: https://outlook.live.com/calendar/0/deeplink/compose?allday=false&body=Help+in+the+preservation+of+our+local+history+and+collections%2C+including+transcriptionists%2C+preservationists%2C+digitizers%2C+and+organization%C2%A0projects.&location=2525+Oakley+Seaver+Dr%2C+Clermont%2C+FL%2C+34711%2C+United+States&path=/calendar/action/compose&rru=addevent&startdt=2026-05-27T10%3A00%3A00-04%3A00&enddt=2026-05-27T12%3A00%3A00-04%3A00&subject=Preserving+Local+History
DEBUG:root:Using regex pattern: \b[a-zA-Z]{3,}\b
DEBUG:root:Found 44 words to check in https://wordpress-810691-5571285.cloudwaysapps.com/events/preserving-local-history-2026-05-27/ (min_length=3)
DEBUG:root:Sample words from https://wordpress-810691-5571285.cloudwaysapps.com/events/preserving-local-history-2026-05-27/: ['This', 'alert', 'Skip', 'content', 'Preserving', 'Local', 'History', 'When', 'May', 'Add']
DEBUG:root:Misspelled word found: 'transcriptionists' in https://wordpress-810691-5571285.cloudwaysapps.com/events/preserving-local-history-2026-05-27/
DEBUG:root:Spell check results for https://wordpress-810691-5571285.cloudwaysapps.com/events/preserving-local-history-2026-05-27/: 17 words checked, 27 skipped, 1 errors found
INFO:root:✅ Processed https://wordpress-810691-5571285.cloudwaysapps.com/events/preserving-local-history-2026-05-27/: 1 errors found, 65 words checked
DEBUG:root:Attempting to fetch: https://wordpress-810691-5571285.cloudwaysapps.com/events/tags/
Processing pages:  19%|█▉        | 72/381 [00:44<01:32,  3.33it/s]DEBUG:urllib3.connectionpool:https://outlook.office.com:443 "GET /calendar/0/deeplink/compose?allday=false&body=Help+in+the+preservation+of+our+local+history+and+collections%2C+including+transcriptionists%2C+preservationists%2C+digitizers%2C+and+organization%C2%A0projects.&location=2525+Oakley+Seaver+Dr%2C+Clermont%2C+FL%2C+34711%2C+United+States&path=/calendar/action/compose&rru=addevent&startdt=2026-01-21T10%3A00%3A00-05%3A00&enddt=2026-01-21T12%3A00%3A00-05%3A00&subject=Preserving+Local+History HTTP/1.1" 200 None
DEBUG:root:✅ Hyperlink OK: https://outlook.office.com/calendar/0/deeplink/compose?allday=false&body=Help+in+the+preservation+of+our+local+history+and+collections%2C+including+transcriptionists%2C+preservationists%2C+digitizers%2C+and+organization%C2%A0projects.&location=2525+Oakley+Seaver+Dr%2C+Clermont%2C+FL%2C+34711%2C+United+States&path=/calendar/action/compose&rru=addevent&startdt=2026-01-21T10%3A00%3A00-05%3A00&enddt=2026-01-21T12%3A00%3A00-05%3A00&subject=Preserving+Local+History
DEBUG:root:Checking external hyperlink: https://outlook.live.com/calendar/0/deeplink/compose?allday=false&body=Help+in+the+preservation+of+our+local+history+and+collections%2C+including+transcriptionists%2C+preservationists%2C+digitizers%2C+and+organization%C2%A0projects.&location=2525+Oakley+Seaver+Dr%2C+Clermont%2C+FL%2C+34711%2C+United+States&path=/calendar/action/compose&rru=addevent&startdt=2026-01-21T10%3A00%3A00-05%3A00&enddt=2026-01-21T12%3A00%3A00-05%3A00&subject=Preserving+Local+History
DEBUG:urllib3.connectionpool:https://outlook.office.com:443 "GET /calendar/0/deeplink/compose?allday=false&body=Help+in+the+preservation+of+our+local+history+and+collections%2C+including+transcriptionists%2C+preservationists%2C+digitizers%2C+and+organization%C2%A0projects.&location=2525+Oakley+Seaver+Dr%2C+Clermont%2C+FL%2C+34711%2C+United+States&path=/calendar/action/compose&rru=addevent&startdt=2025-12-31T10%3A00%3A00-05%3A00&enddt=2025-12-31T12%3A00%3A00-05%3A00&subject=Preserving+Local+History HTTP/1.1" 200 None
DEBUG:root:✅ Hyperlink OK: https://outlook.office.com/calendar/0/deeplink/compose?allday=false&body=Help+in+the+preservation+of+our+local+history+and+collections%2C+including+transcriptionists%2C+preservationists%2C+digitizers%2C+and+organization%C2%A0projects.&location=2525+Oakley+Seaver+Dr%2C+Clermont%2C+FL%2C+34711%2C+United+States&path=/calendar/action/compose&rru=addevent&startdt=2025-12-31T10%3A00%3A00-05%3A00&enddt=2025-12-31T12%3A00%3A00-05%3A00&subject=Preserving+Local+History
DEBUG:root:Checking external hyperlink: https://outlook.live.com/calendar/0/deeplink/compose?allday=false&body=Help+in+the+preservation+of+our+local+history+and+collections%2C+including+transcriptionists%2C+preservationists%2C+digitizers%2C+and+organization%C2%A0projects.&location=2525+Oakley+Seaver+Dr%2C+Clermont%2C+FL%2C+34711%2C+United+States&path=/calendar/action/compose&rru=addevent&startdt=2025-12-31T10%3A00%3A00-05%3A00&enddt=2025-12-31T12%3A00%3A00-05%3A00&subject=Preserving+Local+History
DEBUG:urllib3.connectionpool:Starting new HTTPS connection (1): outlook.live.com:443
DEBUG:urllib3.connectionpool:Starting new HTTPS connection (1): outlook.live.com:443
DEBUG:urllib3.connectionpool:https://wordpress-810691-5571285.cloudwaysapps.com:443 "GET /events/tags/ HTTP/1.1" 200 None
DEBUG:root:Successfully fetched https://wordpress-810691-5571285.cloudwaysapps.com/events/tags/ (Content-Length: 37051)
DEBUG:charset_normalizer:Encoding detection: utf_8 is most likely the one.
DEBUG:root:Extracted 51 characters, 11 words from https://wordpress-810691-5571285.cloudwaysapps.com/events/tags/
DEBUG:root:Using regex pattern: \b[a-zA-Z]{3,}\b
DEBUG:root:Found 6 words to check in https://wordpress-810691-5571285.cloudwaysapps.com/events/tags/ (min_length=3)
DEBUG:root:Sample words from https://wordpress-810691-5571285.cloudwaysapps.com/events/tags/: ['This', 'alert', 'Skip', 'content', 'Tags', 'Tags']
DEBUG:root:Spell check results for https://wordpress-810691-5571285.cloudwaysapps.com/events/tags/: 2 words checked, 4 skipped, 0 errors found
INFO:root:✅ Processed https://wordpress-810691-5571285.cloudwaysapps.com/events/tags/: 0 errors found, 11 words checked
DEBUG:root:Attempting to fetch: https://wordpress-810691-5571285.cloudwaysapps.com/events/family-history-research-beginning-genealogy-class-3-of-3/
DEBUG:urllib3.connectionpool:https://wordpress-810691-5571285.cloudwaysapps.com:443 "GET /events/family-history-research-beginning-genealogy-class-3-of-3/ HTTP/1.1" 200 None
DEBUG:root:Successfully fetched https://wordpress-810691-5571285.cloudwaysapps.com/events/family-history-research-beginning-genealogy-class-3-of-3/ (Content-Length: 42995)
DEBUG:charset_normalizer:Encoding detection: utf_8 is most likely the one.
DEBUG:root:Extracted 949 characters, 150 words from https://wordpress-810691-5571285.cloudwaysapps.com/events/family-history-research-beginning-genealogy-class-3-of-3/
DEBUG:root:Checking external hyperlink: https://www.google.com/calendar/event?action=TEMPLATE&text=Family+History+Research%3A+Beginning+Genealogy+Class+3+of+3&dates=20251001T130000/20251001T150000&details=This+class+will+cover+the+various+types+of+obituary+notices+and+their+genealogical+value.+The+phases+of+the+US+Naturalization+Process+and+their+connection+to+the+US+Census+will+be+explored.%C2%A0&location=&trp=false&sprop=https%3A%2F%2Fwordpress-810691-5571285.cloudwaysapps.com%2Fevents%2Ffamily-history-research-beginning-genealogy-class-3-of-3%2F&sprop=name:Pastfinders&ctz=America%2FNew_York
DEBUG:urllib3.connectionpool:Starting new HTTPS connection (1): www.google.com:443
DEBUG:urllib3.connectionpool:https://wordpress-810691-5571285.cloudwaysapps.com:443 "GET /wp-content/uploads/2025/08/2019_10_Oct_10_Annette_Lyttle_30_Ann12_1571880000-1024x683.webp HTTP/1.1" 200 88702
DEBUG:urllib3.connectionpool:https://wordpress-810691-5571285.cloudwaysapps.com:443 "GET /wp-content/uploads/2025/08/IMG_0016_7_1566271654-1024x607.webp HTTP/1.1" 200 105188
DEBUG:root:✅ Image OK: https://wordpress-810691-5571285.cloudwaysapps.com/wp-content/uploads/2025/08/2019_10_Oct_10_Annette_Lyttle_30_Ann12_1571880000-1024x683.webp
DEBUG:root:Checking internal image: https://wordpress-810691-5571285.cloudwaysapps.com/wp-content/uploads/2025/08/2019_10_Oct_10_Annette_Lyttle_30_Ann45_1571880000-1024x683.webp
DEBUG:urllib3.connectionpool:Starting new HTTPS connection (1): wordpress-810691-5571285.cloudwaysapps.com:443
DEBUG:urllib3.connectionpool:https://outlook.live.com:443 "GET /calendar/0/deeplink/compose?allday=false&body=Help+in+the+preservation+of+our+local+history+and+collections%2C+including+transcriptionists%2C+preservationists%2C+digitizers%2C+and+organization%C2%A0projects.&location=2525+Oakley+Seaver+Dr%2C+Clermont%2C+FL%2C+34711%2C+United+States&path=/calendar/action/compose&rru=addevent&startdt=2025-12-31T10%3A00%3A00-05%3A00&enddt=2025-12-31T12%3A00%3A00-05%3A00&subject=Preserving+Local+History HTTP/1.1" 200 None
DEBUG:urllib3.connectionpool:https://outlook.live.com:443 "GET /calendar/0/deeplink/compose?allday=false&body=Help+in+the+preservation+of+our+local+history+and+collections%2C+including+transcriptionists%2C+preservationists%2C+digitizers%2C+and+organization%C2%A0projects.&location=2525+Oakley+Seaver+Dr%2C+Clermont%2C+FL%2C+34711%2C+United+States&path=/calendar/action/compose&rru=addevent&startdt=2026-01-21T10%3A00%3A00-05%3A00&enddt=2026-01-21T12%3A00%3A00-05%3A00&subject=Preserving+Local+History HTTP/1.1" 200 None
DEBUG:root:✅ Hyperlink OK: https://outlook.live.com/calendar/0/deeplink/compose?allday=false&body=Help+in+the+preservation+of+our+local+history+and+collections%2C+including+transcriptionists%2C+preservationists%2C+digitizers%2C+and+organization%C2%A0projects.&location=2525+Oakley+Seaver+Dr%2C+Clermont%2C+FL%2C+34711%2C+United+States&path=/calendar/action/compose&rru=addevent&startdt=2026-01-21T10%3A00%3A00-05%3A00&enddt=2026-01-21T12%3A00%3A00-05%3A00&subject=Preserving+Local+History
DEBUG:root:✅ Hyperlink OK: https://outlook.live.com/calendar/0/deeplink/compose?allday=false&body=Help+in+the+preservation+of+our+local+history+and+collections%2C+including+transcriptionists%2C+preservationists%2C+digitizers%2C+and+organization%C2%A0projects.&location=2525+Oakley+Seaver+Dr%2C+Clermont%2C+FL%2C+34711%2C+United+States&path=/calendar/action/compose&rru=addevent&startdt=2025-12-31T10%3A00%3A00-05%3A00&enddt=2025-12-31T12%3A00%3A00-05%3A00&subject=Preserving+Local+History
DEBUG:root:Using regex pattern: \b[a-zA-Z]{3,}\b
DEBUG:root:Found 44 words to check in https://wordpress-810691-5571285.cloudwaysapps.com/events/preserving-local-history-2026-01-21/ (min_length=3)
DEBUG:root:Sample words from https://wordpress-810691-5571285.cloudwaysapps.com/events/preserving-local-history-2026-01-21/: ['This', 'alert', 'Skip', 'content', 'Preserving', 'Local', 'History', 'When', 'January', 'Add']
DEBUG:root:Misspelled word found: 'transcriptionists' in https://wordpress-810691-5571285.cloudwaysapps.com/events/preserving-local-history-2026-01-21/
DEBUG:root:Spell check results for https://wordpress-810691-5571285.cloudwaysapps.com/events/preserving-local-history-2026-01-21/: 17 words checked, 27 skipped, 1 errors found
INFO:root:✅ Processed https://wordpress-810691-5571285.cloudwaysapps.com/events/preserving-local-history-2026-01-21/: 1 errors found, 65 words checked
DEBUG:root:Attempting to fetch: https://wordpress-810691-5571285.cloudwaysapps.com/events/research-assistance-2025-08-27-2025-09-03-2025-09-10-2025-09-17-2025-09-24-2025-10-01-2025-10-08-2025-10-15-2025-10-22-2025-10-29-2025-11-05-2025-11-12-2025-11-19-2025-11-26-2025-12-03-2-13-2026-05-20/
Processing pages:  19%|█▉        | 74/381 [00:44<01:12,  4.23it/s]DEBUG:root:Using regex pattern: \b[a-zA-Z]{3,}\b
DEBUG:root:Found 44 words to check in https://wordpress-810691-5571285.cloudwaysapps.com/events/preserving-local-history-2025-12-31/ (min_length=3)
DEBUG:root:Sample words from https://wordpress-810691-5571285.cloudwaysapps.com/events/preserving-local-history-2025-12-31/: ['This', 'alert', 'Skip', 'content', 'Preserving', 'Local', 'History', 'When', 'December', 'Add']
DEBUG:root:Misspelled word found: 'transcriptionists' in https://wordpress-810691-5571285.cloudwaysapps.com/events/preserving-local-history-2025-12-31/
DEBUG:root:Spell check results for https://wordpress-810691-5571285.cloudwaysapps.com/events/preserving-local-history-2025-12-31/: 17 words checked, 27 skipped, 1 errors found
INFO:root:✅ Processed https://wordpress-810691-5571285.cloudwaysapps.com/events/preserving-local-history-2025-12-31/: 1 errors found, 65 words checked
DEBUG:root:Attempting to fetch: https://wordpress-810691-5571285.cloudwaysapps.com/galleries/2014-holiday-party/
DEBUG:root:✅ Image OK: https://wordpress-810691-5571285.cloudwaysapps.com/wp-content/uploads/2025/08/IMG_0016_7_1566271654-1024x607.webp
DEBUG:root:Checking internal image: https://wordpress-810691-5571285.cloudwaysapps.com/wp-content/uploads/2025/08/IMG_0015_1566271654-343x1024.webp
DEBUG:urllib3.connectionpool:Starting new HTTPS connection (1): wordpress-810691-5571285.cloudwaysapps.com:443
DEBUG:urllib3.connectionpool:https://www.google.com:443 "GET /calendar/event?action=TEMPLATE&text=Family+History+Research%3A+Beginning+Genealogy+Class+3+of+3&dates=20251001T130000/20251001T150000&details=This+class+will+cover+the+various+types+of+obituary+notices+and+their+genealogical+value.+The+phases+of+the+US+Naturalization+Process+and+their+connection+to+the+US+Census+will+be+explored.%C2%A0&location=&trp=false&sprop=https%3A%2F%2Fwordpress-810691-5571285.cloudwaysapps.com%2Fevents%2Ffamily-history-research-beginning-genealogy-class-3-of-3%2F&sprop=name:Pastfinders&ctz=America%2FNew_York HTTP/1.1" 302 0
DEBUG:urllib3.connectionpool:Starting new HTTPS connection (1): calendar.google.com:443
DEBUG:urllib3.connectionpool:https://wordpress-810691-5571285.cloudwaysapps.com:443 "GET /galleries/2014-holiday-party/ HTTP/1.1" 200 None
DEBUG:root:Successfully fetched https://wordpress-810691-5571285.cloudwaysapps.com/galleries/2014-holiday-party/ (Content-Length: 123136)
DEBUG:charset_normalizer:Encoding detection: utf_8 is most likely the one.
DEBUG:root:Extracted 733 characters, 163 words from https://wordpress-810691-5571285.cloudwaysapps.com/galleries/2014-holiday-party/
DEBUG:root:Checking internal image: https://wordpress-810691-5571285.cloudwaysapps.com/wp-content/uploads/2025/08/2014_12_Christmas_Dinner_4_1525055518-1024x683.webp
DEBUG:urllib3.connectionpool:Starting new HTTPS connection (1): wordpress-810691-5571285.cloudwaysapps.com:443
DEBUG:urllib3.connectionpool:https://calendar.google.com:443 "GET /calendar/event?action=TEMPLATE&text=Family+History+Research:+Beginning+Genealogy+Class+3+of+3&dates=20251001T130000/20251001T150000&details=This+class+will+cover+the+various+types+of+obituary+notices+and+their+genealogical+value.+The+phases+of+the+US+Naturalization+Process+and+their+connection+to+the+US+Census+will+be+explored.%C2%A0&location&trp=false&sprop=https://wordpress-810691-5571285.cloudwaysapps.com/events/family-history-research-beginning-genealogy-class-3-of-3/&sprop=name:Pastfinders&ctz=America/New_York HTTP/1.1" 302 0
DEBUG:urllib3.connectionpool:Starting new HTTPS connection (1): accounts.google.com:443
DEBUG:urllib3.connectionpool:https://wordpress-810691-5571285.cloudwaysapps.com:443 "GET /wp-content/uploads/2025/08/2019_10_Oct_10_Annette_Lyttle_30_Ann45_1571880000-1024x683.webp HTTP/1.1" 200 93560
DEBUG:root:✅ Image OK: https://wordpress-810691-5571285.cloudwaysapps.com/wp-content/uploads/2025/08/2019_10_Oct_10_Annette_Lyttle_30_Ann45_1571880000-1024x683.webp
DEBUG:root:Checking internal image: https://wordpress-810691-5571285.cloudwaysapps.com/wp-content/uploads/2025/08/2019_October_window_FH_month_9_1571880107-1024x683.webp
DEBUG:urllib3.connectionpool:Starting new HTTPS connection (1): wordpress-810691-5571285.cloudwaysapps.com:443
DEBUG:urllib3.connectionpool:https://wordpress-810691-5571285.cloudwaysapps.com:443 "GET /wp-content/uploads/2025/08/IMG_0015_1566271654-343x1024.webp HTTP/1.1" 200 70484
DEBUG:urllib3.connectionpool:https://accounts.google.com:443 "GET /ServiceLogin?service=cl&passive=1209600&osid=1&continue=https://calendar.google.com/calendar/event?action%3DTEMPLATE%26text%3DFamily%2BHistory%2BResearch:%2BBeginning%2BGenealogy%2BClass%2B3%2Bof%2B3%26dates%3D20251001T130000/20251001T150000%26details%3DThis%2Bclass%2Bwill%2Bcover%2Bthe%2Bvarious%2Btypes%2Bof%2Bobituary%2Bnotices%2Band%2Btheir%2Bgenealogical%2Bvalue.%2BThe%2Bphases%2Bof%2Bthe%2BUS%2BNaturalization%2BProcess%2Band%2Btheir%2Bconnection%2Bto%2Bthe%2BUS%2BCensus%2Bwill%2Bbe%2Bexplored.%25C2%25A0%26location%26trp%3Dfalse%26sprop%3Dhttps://wordpress-810691-5571285.cloudwaysapps.com/events/family-history-research-beginning-genealogy-class-3-of-3/%26sprop%3Dname:Pastfinders%26ctz%3DAmerica/New_York&followup=https://calendar.google.com/calendar/event?action%3DTEMPLATE%26text%3DFamily%2BHistory%2BResearch:%2BBeginning%2BGenealogy%2BClass%2B3%2Bof%2B3%26dates%3D20251001T130000/20251001T150000%26details%3DThis%2Bclass%2Bwill%2Bcover%2Bthe%2Bvarious%2Btypes%2Bof%2Bobituary%2Bnotices%2Band%2Btheir%2Bgenealogical%2Bvalue.%2BThe%2Bphases%2Bof%2Bthe%2BUS%2BNaturalization%2BProcess%2Band%2Btheir%2Bconnection%2Bto%2Bthe%2BUS%2BCensus%2Bwill%2Bbe%2Bexplored.%25C2%25A0%26location%26trp%3Dfalse%26sprop%3Dhttps://wordpress-810691-5571285.cloudwaysapps.com/events/family-history-research-beginning-genealogy-class-3-of-3/%26sprop%3Dname:Pastfinders%26ctz%3DAmerica/New_York&emr=1 HTTP/1.1" 302 0
DEBUG:root:✅ Image OK: https://wordpress-810691-5571285.cloudwaysapps.com/wp-content/uploads/2025/08/IMG_0015_1566271654-343x1024.webp
DEBUG:root:Checking internal image: https://wordpress-810691-5571285.cloudwaysapps.com/wp-content/uploads/2025/08/IMG_0028_1566271769-1024x691.webp
DEBUG:urllib3.connectionpool:Starting new HTTPS connection (1): wordpress-810691-5571285.cloudwaysapps.com:443
DEBUG:urllib3.connectionpool:https://accounts.google.com:443 "GET /InteractiveLogin?continue=https://calendar.google.com/calendar/event?action%3DTEMPLATE%26text%3DFamily%2BHistory%2BResearch:%2BBeginning%2BGenealogy%2BClass%2B3%2Bof%2B3%26dates%3D20251001T130000/20251001T150000%26details%3DThis%2Bclass%2Bwill%2Bcover%2Bthe%2Bvarious%2Btypes%2Bof%2Bobituary%2Bnotices%2Band%2Btheir%2Bgenealogical%2Bvalue.%2BThe%2Bphases%2Bof%2Bthe%2BUS%2BNaturalization%2BProcess%2Band%2Btheir%2Bconnection%2Bto%2Bthe%2BUS%2BCensus%2Bwill%2Bbe%2Bexplored.%25C2%25A0%26location%26trp%3Dfalse%26sprop%3Dhttps://wordpress-810691-5571285.cloudwaysapps.com/events/family-history-research-beginning-genealogy-class-3-of-3/%26sprop%3Dname:Pastfinders%26ctz%3DAmerica/New_York&emr=1&followup=https://calendar.google.com/calendar/event?action%3DTEMPLATE%26text%3DFamily%2BHistory%2BResearch:%2BBeginning%2BGenealogy%2BClass%2B3%2Bof%2B3%26dates%3D20251001T130000/20251001T150000%26details%3DThis%2Bclass%2Bwill%2Bcover%2Bthe%2Bvarious%2Btypes%2Bof%2Bobituary%2Bnotices%2Band%2Btheir%2Bgenealogical%2Bvalue.%2BThe%2Bphases%2Bof%2Bthe%2BUS%2BNaturalization%2BProcess%2Band%2Btheir%2Bconnection%2Bto%2Bthe%2BUS%2BCensus%2Bwill%2Bbe%2Bexplored.%25C2%25A0%26location%26trp%3Dfalse%26sprop%3Dhttps://wordpress-810691-5571285.cloudwaysapps.com/events/family-history-research-beginning-genealogy-class-3-of-3/%26sprop%3Dname:Pastfinders%26ctz%3DAmerica/New_York&osid=1&passive=1209600&service=cl&ifkv=AdBytiN-zcTbYGBHwtoEkBOss0ao3KyKsSaE7kBC9VrfuAah2P4vcd2MSMLkmPhyzA8L_ia9PSwa HTTP/1.1" 302 None
DEBUG:urllib3.connectionpool:https://wordpress-810691-5571285.cloudwaysapps.com:443 "GET /wp-content/uploads/2025/08/2014_12_Christmas_Dinner_4_1525055518-1024x683.webp HTTP/1.1" 200 107638
DEBUG:urllib3.connectionpool:https://accounts.google.com:443 "GET /v3/signin/identifier?continue=https%3A%2F%2Fcalendar.google.com%2Fcalendar%2Fevent%3Faction%3DTEMPLATE%26text%3DFamily%2BHistory%2BResearch%3A%2BBeginning%2BGenealogy%2BClass%2B3%2Bof%2B3%26dates%3D20251001T130000%2F20251001T150000%26details%3DThis%2Bclass%2Bwill%2Bcover%2Bthe%2Bvarious%2Btypes%2Bof%2Bobituary%2Bnotices%2Band%2Btheir%2Bgenealogical%2Bvalue.%2BThe%2Bphases%2Bof%2Bthe%2BUS%2BNaturalization%2BProcess%2Band%2Btheir%2Bconnection%2Bto%2Bthe%2BUS%2BCensus%2Bwill%2Bbe%2Bexplored.%25C2%25A0%26location%26trp%3Dfalse%26sprop%3Dhttps%3A%2F%2Fwordpress-810691-5571285.cloudwaysapps.com%2Fevents%2Ffamily-history-research-beginning-genealogy-class-3-of-3%2F%26sprop%3Dname%3APastfinders%26ctz%3DAmerica%2FNew_York&emr=1&followup=https%3A%2F%2Fcalendar.google.com%2Fcalendar%2Fevent%3Faction%3DTEMPLATE%26text%3DFamily%2BHistory%2BResearch%3A%2BBeginning%2BGenealogy%2BClass%2B3%2Bof%2B3%26dates%3D20251001T130000%2F20251001T150000%26details%3DThis%2Bclass%2Bwill%2Bcover%2Bthe%2Bvarious%2Btypes%2Bof%2Bobituary%2Bnotices%2Band%2Btheir%2Bgenealogical%2Bvalue.%2BThe%2Bphases%2Bof%2Bthe%2BUS%2BNaturalization%2BProcess%2Band%2Btheir%2Bconnection%2Bto%2Bthe%2BUS%2BCensus%2Bwill%2Bbe%2Bexplored.%25C2%25A0%26location%26trp%3Dfalse%26sprop%3Dhttps%3A%2F%2Fwordpress-810691-5571285.cloudwaysapps.com%2Fevents%2Ffamily-history-research-beginning-genealogy-class-3-of-3%2F%26sprop%3Dname%3APastfinders%26ctz%3DAmerica%2FNew_York&ifkv=AdBytiOO4tirzlpiuTdvqF6PJegPDGXCs1HlIpI_O0LLPxuBe0vboJf-7nTs6soLHuE9BLsnMQWn&osid=1&passive=1209600&service=cl&flowName=WebLiteSignIn&flowEntry=ServiceLogin&dsh=S1057314785%3A1756758169076383 HTTP/1.1" 200 None
DEBUG:root:✅ Image OK: https://wordpress-810691-5571285.cloudwaysapps.com/wp-content/uploads/2025/08/2014_12_Christmas_Dinner_4_1525055518-1024x683.webp
DEBUG:urllib3.connectionpool:https://wordpress-810691-5571285.cloudwaysapps.com:443 "GET /wp-content/uploads/2025/08/2019_October_window_FH_month_9_1571880107-1024x683.webp HTTP/1.1" 200 105440
DEBUG:root:Checking internal image: https://wordpress-810691-5571285.cloudwaysapps.com/wp-content/uploads/2025/08/2014_12_Christmas_Dinner_31_1525056068-1024x683.webp
DEBUG:urllib3.connectionpool:Starting new HTTPS connection (1): wordpress-810691-5571285.cloudwaysapps.com:443
DEBUG:root:✅ Hyperlink OK: https://www.google.com/calendar/event?action=TEMPLATE&text=Family+History+Research%3A+Beginning+Genealogy+Class+3+of+3&dates=20251001T130000/20251001T150000&details=This+class+will+cover+the+various+types+of+obituary+notices+and+their+genealogical+value.+The+phases+of+the+US+Naturalization+Process+and+their+connection+to+the+US+Census+will+be+explored.%C2%A0&location=&trp=false&sprop=https%3A%2F%2Fwordpress-810691-5571285.cloudwaysapps.com%2Fevents%2Ffamily-history-research-beginning-genealogy-class-3-of-3%2F&sprop=name:Pastfinders&ctz=America%2FNew_York
DEBUG:root:Checking external hyperlink: https://outlook.office.com/calendar/0/deeplink/compose?allday=false&body=This+class+will+cover+the+various+types+of+obituary+notices+and+their+genealogical+value.+The+phases+of+the+US+Naturalization+Process+and+their+connection+to+the+US+Census+will+be+explored.%C2%A0&location=&path=/calendar/action/compose&rru=addevent&startdt=2025-10-01T13%3A00%3A00-04%3A00&enddt=2025-10-01T15%3A00%3A00-04%3A00&subject=Family+History+Research%3A+Beginning+Genealogy+Class+3+of+3
DEBUG:urllib3.connectionpool:Starting new HTTPS connection (1): outlook.office.com:443
DEBUG:root:✅ Image OK: https://wordpress-810691-5571285.cloudwaysapps.com/wp-content/uploads/2025/08/2019_October_window_FH_month_9_1571880107-1024x683.webp
DEBUG:root:Checking internal image: https://wordpress-810691-5571285.cloudwaysapps.com/wp-content/uploads/2025/08/2019_October_window_FH_month_15_1571880107-1024x683.webp
DEBUG:urllib3.connectionpool:Starting new HTTPS connection (1): wordpress-810691-5571285.cloudwaysapps.com:443
DEBUG:urllib3.connectionpool:https://wordpress-810691-5571285.cloudwaysapps.com:443 "GET /wp-content/uploads/2025/08/IMG_0028_1566271769-1024x691.webp HTTP/1.1" 200 127450
DEBUG:root:✅ Image OK: https://wordpress-810691-5571285.cloudwaysapps.com/wp-content/uploads/2025/08/IMG_0028_1566271769-1024x691.webp
DEBUG:root:Checking internal image: https://wordpress-810691-5571285.cloudwaysapps.com/wp-content/uploads/2025/08/IMG_0013_1566271544-791x1024.webp
DEBUG:urllib3.connectionpool:Starting new HTTPS connection (1): wordpress-810691-5571285.cloudwaysapps.com:443
DEBUG:urllib3.connectionpool:https://wordpress-810691-5571285.cloudwaysapps.com:443 "GET /wp-content/uploads/2025/08/2014_12_Christmas_Dinner_31_1525056068-1024x683.webp HTTP/1.1" 200 75308
DEBUG:urllib3.connectionpool:https://outlook.office.com:443 "GET /calendar/0/deeplink/compose?allday=false&body=This+class+will+cover+the+various+types+of+obituary+notices+and+their+genealogical+value.+The+phases+of+the+US+Naturalization+Process+and+their+connection+to+the+US+Census+will+be+explored.%C2%A0&location=&path=/calendar/action/compose&rru=addevent&startdt=2025-10-01T13%3A00%3A00-04%3A00&enddt=2025-10-01T15%3A00%3A00-04%3A00&subject=Family+History+Research%3A+Beginning+Genealogy+Class+3+of+3 HTTP/1.1" 200 None
DEBUG:root:✅ Hyperlink OK: https://outlook.office.com/calendar/0/deeplink/compose?allday=false&body=This+class+will+cover+the+various+types+of+obituary+notices+and+their+genealogical+value.+The+phases+of+the+US+Naturalization+Process+and+their+connection+to+the+US+Census+will+be+explored.%C2%A0&location=&path=/calendar/action/compose&rru=addevent&startdt=2025-10-01T13%3A00%3A00-04%3A00&enddt=2025-10-01T15%3A00%3A00-04%3A00&subject=Family+History+Research%3A+Beginning+Genealogy+Class+3+of+3
DEBUG:root:Checking external hyperlink: https://outlook.live.com/calendar/0/deeplink/compose?allday=false&body=This+class+will+cover+the+various+types+of+obituary+notices+and+their+genealogical+value.+The+phases+of+the+US+Naturalization+Process+and+their+connection+to+the+US+Census+will+be+explored.%C2%A0&location=&path=/calendar/action/compose&rru=addevent&startdt=2025-10-01T13%3A00%3A00-04%3A00&enddt=2025-10-01T15%3A00%3A00-04%3A00&subject=Family+History+Research%3A+Beginning+Genealogy+Class+3+of+3
DEBUG:urllib3.connectionpool:Starting new HTTPS connection (1): outlook.live.com:443
DEBUG:root:✅ Image OK: https://wordpress-810691-5571285.cloudwaysapps.com/wp-content/uploads/2025/08/2014_12_Christmas_Dinner_31_1525056068-1024x683.webp
DEBUG:root:Checking internal image: https://wordpress-810691-5571285.cloudwaysapps.com/wp-content/uploads/2025/08/2014_12_Christmas_Dinner_21_1525055834-1024x683.webp
DEBUG:urllib3.connectionpool:Starting new HTTPS connection (1): wordpress-810691-5571285.cloudwaysapps.com:443
DEBUG:urllib3.connectionpool:https://wordpress-810691-5571285.cloudwaysapps.com:443 "GET /wp-content/uploads/2025/08/2019_October_window_FH_month_15_1571880107-1024x683.webp HTTP/1.1" 200 97750
DEBUG:root:✅ Image OK: https://wordpress-810691-5571285.cloudwaysapps.com/wp-content/uploads/2025/08/2019_October_window_FH_month_15_1571880107-1024x683.webp
DEBUG:root:Checking internal image: https://wordpress-810691-5571285.cloudwaysapps.com/wp-content/uploads/2025/08/2019_10_Oct_10_Annette_Lyttle_30_Ann34_1571880000-1024x683.webp
DEBUG:urllib3.connectionpool:Starting new HTTPS connection (1): wordpress-810691-5571285.cloudwaysapps.com:443
DEBUG:urllib3.connectionpool:https://wordpress-810691-5571285.cloudwaysapps.com:443 "GET /wp-content/uploads/2025/08/IMG_0013_1566271544-791x1024.webp HTTP/1.1" 200 79220
DEBUG:urllib3.connectionpool:https://wordpress-810691-5571285.cloudwaysapps.com:443 "GET /events/research-assistance-2025-08-27-2025-09-03-2025-09-10-2025-09-17-2025-09-24-2025-10-01-2025-10-08-2025-10-15-2025-10-22-2025-10-29-2025-11-05-2025-11-12-2025-11-19-2025-11-26-2025-12-03-2-13-2026-05-20/ HTTP/1.1" 200 None
DEBUG:root:Successfully fetched https://wordpress-810691-5571285.cloudwaysapps.com/events/research-assistance-2025-08-27-2025-09-03-2025-09-10-2025-09-17-2025-09-24-2025-10-01-2025-10-08-2025-10-15-2025-10-22-2025-10-29-2025-11-05-2025-11-12-2025-11-19-2025-11-26-2025-12-03-2-13-2026-05-20/ (Content-Length: 44171)
DEBUG:charset_normalizer:Encoding detection: utf_8 is most likely the one.
DEBUG:urllib3.connectionpool:https://outlook.live.com:443 "GET /calendar/0/deeplink/compose?allday=false&body=This+class+will+cover+the+various+types+of+obituary+notices+and+their+genealogical+value.+The+phases+of+the+US+Naturalization+Process+and+their+connection+to+the+US+Census+will+be+explored.%C2%A0&location=&path=/calendar/action/compose&rru=addevent&startdt=2025-10-01T13%3A00%3A00-04%3A00&enddt=2025-10-01T15%3A00%3A00-04%3A00&subject=Family+History+Research%3A+Beginning+Genealogy+Class+3+of+3 HTTP/1.1" 200 None
DEBUG:root:✅ Hyperlink OK: https://outlook.live.com/calendar/0/deeplink/compose?allday=false&body=This+class+will+cover+the+various+types+of+obituary+notices+and+their+genealogical+value.+The+phases+of+the+US+Naturalization+Process+and+their+connection+to+the+US+Census+will+be+explored.%C2%A0&location=&path=/calendar/action/compose&rru=addevent&startdt=2025-10-01T13%3A00%3A00-04%3A00&enddt=2025-10-01T15%3A00%3A00-04%3A00&subject=Family+History+Research%3A+Beginning+Genealogy+Class+3+of+3
DEBUG:root:Checking external hyperlink: https://us06web.zoom.us/meeting/register/OH840mxBQnuE6yhObt_i6g
DEBUG:root:Extracted 487 characters, 85 words from https://wordpress-810691-5571285.cloudwaysapps.com/events/research-assistance-2025-08-27-2025-09-03-2025-09-10-2025-09-17-2025-09-24-2025-10-01-2025-10-08-2025-10-15-2025-10-22-2025-10-29-2025-11-05-2025-11-12-2025-11-19-2025-11-26-2025-12-03-2-13-2026-05-20/
DEBUG:root:Checking external hyperlink: https://www.google.com/calendar/event?action=TEMPLATE&text=Research+Assistance&dates=20260520T130000/20260520T150000&details=Join+us+weekly+in+the+Genealogy+Room+for+in-person+help+with+your+research.+It%E2%80%99s+a+great+chance+to+get+one-on-one+guidance%2C+ask+questions%2C+and+connect+with+others+who+share+your+passion+for+family+history.&location=2525+Oakley+Seaver+Dr%2C+Clermont%2C+FL%2C+34711%2C+United+States&trp=false&sprop=https%3A%2F%2Fwordpress-810691-5571285.cloudwaysapps.com%2Fevents%2Fresearch-assistance-2025-08-27-2025-09-03-2025-09-10-2025-09-17-2025-09-24-2025-10-01-2025-10-08-2025-10-15-2025-10-22-2025-10-29-2025-11-05-2025-11-12-2025-11-19-2025-11-26-2025-12-03-2-13-2026-05-20%2F&sprop=name:Pastfinders&ctz=America%2FNew_York
DEBUG:urllib3.connectionpool:Starting new HTTPS connection (1): us06web.zoom.us:443
DEBUG:root:✅ Image OK: https://wordpress-810691-5571285.cloudwaysapps.com/wp-content/uploads/2025/08/IMG_0013_1566271544-791x1024.webp
DEBUG:root:Checking internal image: https://wordpress-810691-5571285.cloudwaysapps.com/wp-content/uploads/2025/08/IMG_0014_3_1566271544-765x1024.webp
DEBUG:urllib3.connectionpool:Starting new HTTPS connection (1): www.google.com:443
DEBUG:urllib3.connectionpool:Starting new HTTPS connection (1): wordpress-810691-5571285.cloudwaysapps.com:443
DEBUG:urllib3.connectionpool:https://wordpress-810691-5571285.cloudwaysapps.com:443 "GET /wp-content/uploads/2025/08/2014_12_Christmas_Dinner_21_1525055834-1024x683.webp HTTP/1.1" 200 70808
DEBUG:root:✅ Image OK: https://wordpress-810691-5571285.cloudwaysapps.com/wp-content/uploads/2025/08/2014_12_Christmas_Dinner_21_1525055834-1024x683.webp
DEBUG:root:Checking internal image: https://wordpress-810691-5571285.cloudwaysapps.com/wp-content/uploads/2025/08/2014_12_Christmas_Dinner_27_1525055963-1024x683.webp
DEBUG:urllib3.connectionpool:Starting new HTTPS connection (1): wordpress-810691-5571285.cloudwaysapps.com:443
DEBUG:urllib3.connectionpool:https://www.google.com:443 "GET /calendar/event?action=TEMPLATE&text=Research+Assistance&dates=20260520T130000/20260520T150000&details=Join+us+weekly+in+the+Genealogy+Room+for+in-person+help+with+your+research.+It%E2%80%99s+a+great+chance+to+get+one-on-one+guidance%2C+ask+questions%2C+and+connect+with+others+who+share+your+passion+for+family+history.&location=2525+Oakley+Seaver+Dr%2C+Clermont%2C+FL%2C+34711%2C+United+States&trp=false&sprop=https%3A%2F%2Fwordpress-810691-5571285.cloudwaysapps.com%2Fevents%2Fresearch-assistance-2025-08-27-2025-09-03-2025-09-10-2025-09-17-2025-09-24-2025-10-01-2025-10-08-2025-10-15-2025-10-22-2025-10-29-2025-11-05-2025-11-12-2025-11-19-2025-11-26-2025-12-03-2-13-2026-05-20%2F&sprop=name:Pastfinders&ctz=America%2FNew_York HTTP/1.1" 302 0
DEBUG:urllib3.connectionpool:https://wordpress-810691-5571285.cloudwaysapps.com:443 "GET /wp-content/uploads/2025/08/2019_10_Oct_10_Annette_Lyttle_30_Ann34_1571880000-1024x683.webp HTTP/1.1" 200 71806
DEBUG:urllib3.connectionpool:Starting new HTTPS connection (1): calendar.google.com:443
DEBUG:root:✅ Image OK: https://wordpress-810691-5571285.cloudwaysapps.com/wp-content/uploads/2025/08/2019_10_Oct_10_Annette_Lyttle_30_Ann34_1571880000-1024x683.webp
DEBUG:root:Checking internal image: https://wordpress-810691-5571285.cloudwaysapps.com/wp-content/uploads/2025/08/2019_10_Oct_10_Annette_Lyttle_30_Ann41_1571880000-1024x683.webp
DEBUG:urllib3.connectionpool:Starting new HTTPS connection (1): wordpress-810691-5571285.cloudwaysapps.com:443
DEBUG:urllib3.connectionpool:https://us06web.zoom.us:443 "GET /meeting/register/OH840mxBQnuE6yhObt_i6g HTTP/1.1" 200 None
DEBUG:root:✅ Hyperlink OK: https://us06web.zoom.us/meeting/register/OH840mxBQnuE6yhObt_i6g
DEBUG:root:Using regex pattern: \b[a-zA-Z]{3,}\b
DEBUG:root:Found 117 words to check in https://wordpress-810691-5571285.cloudwaysapps.com/events/family-history-research-beginning-genealogy-class-3-of-3/ (min_length=3)
DEBUG:root:Sample words from https://wordpress-810691-5571285.cloudwaysapps.com/events/family-history-research-beginning-genealogy-class-3-of-3/: ['This', 'alert', 'Skip', 'content', 'Family', 'History', 'Research', 'Beginning', 'Genealogy', 'Class']
DEBUG:root:Spell check results for https://wordpress-810691-5571285.cloudwaysapps.com/events/family-history-research-beginning-genealogy-class-3-of-3/: 61 words checked, 56 skipped, 0 errors found
INFO:root:✅ Processed https://wordpress-810691-5571285.cloudwaysapps.com/events/family-history-research-beginning-genealogy-class-3-of-3/: 0 errors found, 150 words checked
DEBUG:root:Attempting to fetch: https://wordpress-810691-5571285.cloudwaysapps.com/events/categories/monthly-meeting/
Processing pages:  20%|█▉        | 76/381 [00:45<01:51,  2.74it/s]DEBUG:urllib3.connectionpool:https://wordpress-810691-5571285.cloudwaysapps.com:443 "GET /wp-content/uploads/2025/08/IMG_0014_3_1566271544-765x1024.webp HTTP/1.1" 200 98796
DEBUG:urllib3.connectionpool:https://calendar.google.com:443 "GET /calendar/event?action=TEMPLATE&text=Research+Assistance&dates=20260520T130000/20260520T150000&details=Join+us+weekly+in+the+Genealogy+Room+for+in-person+help+with+your+research.+It%E2%80%99s+a+great+chance+to+get+one-on-one+guidance,+ask+questions,+and+connect+with+others+who+share+your+passion+for+family+history.&location=2525+Oakley+Seaver+Dr,+Clermont,+FL,+34711,+United+States&trp=false&sprop=https://wordpress-810691-5571285.cloudwaysapps.com/events/research-assistance-2025-08-27-2025-09-03-2025-09-10-2025-09-17-2025-09-24-2025-10-01-2025-10-08-2025-10-15-2025-10-22-2025-10-29-2025-11-05-2025-11-12-2025-11-19-2025-11-26-2025-12-03-2-13-2026-05-20/&sprop=name:Pastfinders&ctz=America/New_York HTTP/1.1" 302 0
DEBUG:urllib3.connectionpool:Starting new HTTPS connection (1): accounts.google.com:443
DEBUG:urllib3.connectionpool:https://wordpress-810691-5571285.cloudwaysapps.com:443 "GET /wp-content/uploads/2025/08/2014_12_Christmas_Dinner_27_1525055963-1024x683.webp HTTP/1.1" 200 49660
DEBUG:root:✅ Image OK: https://wordpress-810691-5571285.cloudwaysapps.com/wp-content/uploads/2025/08/2014_12_Christmas_Dinner_27_1525055963-1024x683.webp
DEBUG:root:Checking internal image: https://wordpress-810691-5571285.cloudwaysapps.com/wp-content/uploads/2025/08/2014_12_Christmas_Dinner_10_1525055613-1024x683.webp
DEBUG:root:✅ Image OK: https://wordpress-810691-5571285.cloudwaysapps.com/wp-content/uploads/2025/08/IMG_0014_3_1566271544-765x1024.webp
DEBUG:root:Checking internal image: https://wordpress-810691-5571285.cloudwaysapps.com/wp-content/uploads/2025/08/IMG_0020_1566271654-916x1024.webp
DEBUG:urllib3.connectionpool:https://wordpress-810691-5571285.cloudwaysapps.com:443 "GET /wp-content/uploads/2025/08/2019_10_Oct_10_Annette_Lyttle_30_Ann41_1571880000-1024x683.webp HTTP/1.1" 200 93422
DEBUG:urllib3.connectionpool:Starting new HTTPS connection (1): wordpress-810691-5571285.cloudwaysapps.com:443
DEBUG:urllib3.connectionpool:Starting new HTTPS connection (1): wordpress-810691-5571285.cloudwaysapps.com:443
DEBUG:urllib3.connectionpool:https://accounts.google.com:443 "GET /ServiceLogin?service=cl&passive=1209600&osid=1&continue=https://calendar.google.com/calendar/event?action%3DTEMPLATE%26text%3DResearch%2BAssistance%26dates%3D20260520T130000/20260520T150000%26details%3DJoin%2Bus%2Bweekly%2Bin%2Bthe%2BGenealogy%2BRoom%2Bfor%2Bin-person%2Bhelp%2Bwith%2Byour%2Bresearch.%2BIt%25E2%2580%2599s%2Ba%2Bgreat%2Bchance%2Bto%2Bget%2Bone-on-one%2Bguidance,%2Bask%2Bquestions,%2Band%2Bconnect%2Bwith%2Bothers%2Bwho%2Bshare%2Byour%2Bpassion%2Bfor%2Bfamily%2Bhistory.%26location%3D2525%2BOakley%2BSeaver%2BDr,%2BClermont,%2BFL,%2B34711,%2BUnited%2BStates%26trp%3Dfalse%26sprop%3Dhttps://wordpress-810691-5571285.cloudwaysapps.com/events/research-assistance-2025-08-27-2025-09-03-2025-09-10-2025-09-17-2025-09-24-2025-10-01-2025-10-08-2025-10-15-2025-10-22-2025-10-29-2025-11-05-2025-11-12-2025-11-19-2025-11-26-2025-12-03-2-13-2026-05-20/%26sprop%3Dname:Pastfinders%26ctz%3DAmerica/New_York&followup=https://calendar.google.com/calendar/event?action%3DTEMPLATE%26text%3DResearch%2BAssistance%26dates%3D20260520T130000/20260520T150000%26details%3DJoin%2Bus%2Bweekly%2Bin%2Bthe%2BGenealogy%2BRoom%2Bfor%2Bin-person%2Bhelp%2Bwith%2Byour%2Bresearch.%2BIt%25E2%2580%2599s%2Ba%2Bgreat%2Bchance%2Bto%2Bget%2Bone-on-one%2Bguidance,%2Bask%2Bquestions,%2Band%2Bconnect%2Bwith%2Bothers%2Bwho%2Bshare%2Byour%2Bpassion%2Bfor%2Bfamily%2Bhistory.%26location%3D2525%2BOakley%2BSeaver%2BDr,%2BClermont,%2BFL,%2B34711,%2BUnited%2BStates%26trp%3Dfalse%26sprop%3Dhttps://wordpress-810691-5571285.cloudwaysapps.com/events/research-assistance-2025-08-27-2025-09-03-2025-09-10-2025-09-17-2025-09-24-2025-10-01-2025-10-08-2025-10-15-2025-10-22-2025-10-29-2025-11-05-2025-11-12-2025-11-19-2025-11-26-2025-12-03-2-13-2026-05-20/%26sprop%3Dname:Pastfinders%26ctz%3DAmerica/New_York&emr=1 HTTP/1.1" 302 0
DEBUG:root:✅ Image OK: https://wordpress-810691-5571285.cloudwaysapps.com/wp-content/uploads/2025/08/2019_10_Oct_10_Annette_Lyttle_30_Ann41_1571880000-1024x683.webp
DEBUG:root:Checking internal image: https://wordpress-810691-5571285.cloudwaysapps.com/wp-content/uploads/2025/08/2019_10_Oct_10_Annette_Lyttle_30_Ann43_1571880000-1024x683.webp
DEBUG:urllib3.connectionpool:Starting new HTTPS connection (1): wordpress-810691-5571285.cloudwaysapps.com:443
DEBUG:urllib3.connectionpool:https://accounts.google.com:443 "GET /InteractiveLogin?continue=https://calendar.google.com/calendar/event?action%3DTEMPLATE%26text%3DResearch%2BAssistance%26dates%3D20260520T130000/20260520T150000%26details%3DJoin%2Bus%2Bweekly%2Bin%2Bthe%2BGenealogy%2BRoom%2Bfor%2Bin-person%2Bhelp%2Bwith%2Byour%2Bresearch.%2BIt%25E2%2580%2599s%2Ba%2Bgreat%2Bchance%2Bto%2Bget%2Bone-on-one%2Bguidance,%2Bask%2Bquestions,%2Band%2Bconnect%2Bwith%2Bothers%2Bwho%2Bshare%2Byour%2Bpassion%2Bfor%2Bfamily%2Bhistory.%26location%3D2525%2BOakley%2BSeaver%2BDr,%2BClermont,%2BFL,%2B34711,%2BUnited%2BStates%26trp%3Dfalse%26sprop%3Dhttps://wordpress-810691-5571285.cloudwaysapps.com/events/research-assistance-2025-08-27-2025-09-03-2025-09-10-2025-09-17-2025-09-24-2025-10-01-2025-10-08-2025-10-15-2025-10-22-2025-10-29-2025-11-05-2025-11-12-2025-11-19-2025-11-26-2025-12-03-2-13-2026-05-20/%26sprop%3Dname:Pastfinders%26ctz%3DAmerica/New_York&emr=1&followup=https://calendar.google.com/calendar/event?action%3DTEMPLATE%26text%3DResearch%2BAssistance%26dates%3D20260520T130000/20260520T150000%26details%3DJoin%2Bus%2Bweekly%2Bin%2Bthe%2BGenealogy%2BRoom%2Bfor%2Bin-person%2Bhelp%2Bwith%2Byour%2Bresearch.%2BIt%25E2%2580%2599s%2Ba%2Bgreat%2Bchance%2Bto%2Bget%2Bone-on-one%2Bguidance,%2Bask%2Bquestions,%2Band%2Bconnect%2Bwith%2Bothers%2Bwho%2Bshare%2Byour%2Bpassion%2Bfor%2Bfamily%2Bhistory.%26location%3D2525%2BOakley%2BSeaver%2BDr,%2BClermont,%2BFL,%2B34711,%2BUnited%2BStates%26trp%3Dfalse%26sprop%3Dhttps://wordpress-810691-5571285.cloudwaysapps.com/events/research-assistance-2025-08-27-2025-09-03-2025-09-10-2025-09-17-2025-09-24-2025-10-01-2025-10-08-2025-10-15-2025-10-22-2025-10-29-2025-11-05-2025-11-12-2025-11-19-2025-11-26-2025-12-03-2-13-2026-05-20/%26sprop%3Dname:Pastfinders%26ctz%3DAmerica/New_York&osid=1&passive=1209600&service=cl&ifkv=AdBytiMvCQeAr1dQsI3Nf_3TrYkzYmfAQRvaTF1n1A-BlFmqCBi8j2CLENnzhNmG2phsB53AeNT2jg HTTP/1.1" 302 None
DEBUG:urllib3.connectionpool:https://accounts.google.com:443 "GET /v3/signin/identifier?continue=https%3A%2F%2Fcalendar.google.com%2Fcalendar%2Fevent%3Faction%3DTEMPLATE%26text%3DResearch%2BAssistance%26dates%3D20260520T130000%2F20260520T150000%26details%3DJoin%2Bus%2Bweekly%2Bin%2Bthe%2BGenealogy%2BRoom%2Bfor%2Bin-person%2Bhelp%2Bwith%2Byour%2Bresearch.%2BIt%25E2%2580%2599s%2Ba%2Bgreat%2Bchance%2Bto%2Bget%2Bone-on-one%2Bguidance%2C%2Bask%2Bquestions%2C%2Band%2Bconnect%2Bwith%2Bothers%2Bwho%2Bshare%2Byour%2Bpassion%2Bfor%2Bfamily%2Bhistory.%26location%3D2525%2BOakley%2BSeaver%2BDr%2C%2BClermont%2C%2BFL%2C%2B34711%2C%2BUnited%2BStates%26trp%3Dfalse%26sprop%3Dhttps%3A%2F%2Fwordpress-810691-5571285.cloudwaysapps.com%2Fevents%2Fresearch-assistance-2025-08-27-2025-09-03-2025-09-10-2025-09-17-2025-09-24-2025-10-01-2025-10-08-2025-10-15-2025-10-22-2025-10-29-2025-11-05-2025-11-12-2025-11-19-2025-11-26-2025-12-03-2-13-2026-05-20%2F%26sprop%3Dname%3APastfinders%26ctz%3DAmerica%2FNew_York&emr=1&followup=https%3A%2F%2Fcalendar.google.com%2Fcalendar%2Fevent%3Faction%3DTEMPLATE%26text%3DResearch%2BAssistance%26dates%3D20260520T130000%2F20260520T150000%26details%3DJoin%2Bus%2Bweekly%2Bin%2Bthe%2BGenealogy%2BRoom%2Bfor%2Bin-person%2Bhelp%2Bwith%2Byour%2Bresearch.%2BIt%25E2%2580%2599s%2Ba%2Bgreat%2Bchance%2Bto%2Bget%2Bone-on-one%2Bguidance%2C%2Bask%2Bquestions%2C%2Band%2Bconnect%2Bwith%2Bothers%2Bwho%2Bshare%2Byour%2Bpassion%2Bfor%2Bfamily%2Bhistory.%26location%3D2525%2BOakley%2BSeaver%2BDr%2C%2BClermont%2C%2BFL%2C%2B34711%2C%2BUnited%2BStates%26trp%3Dfalse%26sprop%3Dhttps%3A%2F%2Fwordpress-810691-5571285.cloudwaysapps.com%2Fevents%2Fresearch-assistance-2025-08-27-2025-09-03-2025-09-10-2025-09-17-2025-09-24-2025-10-01-2025-10-08-2025-10-15-2025-10-22-2025-10-29-2025-11-05-2025-11-12-2025-11-19-2025-11-26-2025-12-03-2-13-2026-05-20%2F%26sprop%3Dname%3APastfinders%26ctz%3DAmerica%2FNew_York&ifkv=AdBytiMs9JZjSHoG5iMG1scu2zILmnVPcrev2rYVGnduQC4s31vhm6UPX4YFZ9go4m55dcsD8bJbhA&osid=1&passive=1209600&service=cl&flowName=WebLiteSignIn&flowEntry=ServiceLogin&dsh=S119513746%3A1756758170324823 HTTP/1.1" 200 None
DEBUG:root:✅ Hyperlink OK: https://www.google.com/calendar/event?action=TEMPLATE&text=Research+Assistance&dates=20260520T130000/20260520T150000&details=Join+us+weekly+in+the+Genealogy+Room+for+in-person+help+with+your+research.+It%E2%80%99s+a+great+chance+to+get+one-on-one+guidance%2C+ask+questions%2C+and+connect+with+others+who+share+your+passion+for+family+history.&location=2525+Oakley+Seaver+Dr%2C+Clermont%2C+FL%2C+34711%2C+United+States&trp=false&sprop=https%3A%2F%2Fwordpress-810691-5571285.cloudwaysapps.com%2Fevents%2Fresearch-assistance-2025-08-27-2025-09-03-2025-09-10-2025-09-17-2025-09-24-2025-10-01-2025-10-08-2025-10-15-2025-10-22-2025-10-29-2025-11-05-2025-11-12-2025-11-19-2025-11-26-2025-12-03-2-13-2026-05-20%2F&sprop=name:Pastfinders&ctz=America%2FNew_York
DEBUG:root:Checking external hyperlink: https://outlook.office.com/calendar/0/deeplink/compose?allday=false&body=Join+us+weekly+in+the+Genealogy+Room+for+in-person+help+with+your+research.+It%E2%80%99s+a+great+chance+to+get+one-on-one+guidance%2C+ask+questions%2C+and+connect+with+others+who+share+your+passion+for+family+history.&location=2525+Oakley+Seaver+Dr%2C+Clermont%2C+FL%2C+34711%2C+United+States&path=/calendar/action/compose&rru=addevent&startdt=2026-05-20T13%3A00%3A00-04%3A00&enddt=2026-05-20T15%3A00%3A00-04%3A00&subject=Research+Assistance
DEBUG:urllib3.connectionpool:Starting new HTTPS connection (1): outlook.office.com:443
DEBUG:urllib3.connectionpool:https://wordpress-810691-5571285.cloudwaysapps.com:443 "GET /wp-content/uploads/2025/08/2014_12_Christmas_Dinner_10_1525055613-1024x683.webp HTTP/1.1" 200 76776
DEBUG:urllib3.connectionpool:https://wordpress-810691-5571285.cloudwaysapps.com:443 "GET /wp-content/uploads/2025/08/IMG_0020_1566271654-916x1024.webp HTTP/1.1" 200 63820
DEBUG:urllib3.connectionpool:https://wordpress-810691-5571285.cloudwaysapps.com:443 "GET /wp-content/uploads/2025/08/2019_10_Oct_10_Annette_Lyttle_30_Ann43_1571880000-1024x683.webp HTTP/1.1" 200 84228
DEBUG:root:✅ Image OK: https://wordpress-810691-5571285.cloudwaysapps.com/wp-content/uploads/2025/08/2014_12_Christmas_Dinner_10_1525055613-1024x683.webp
DEBUG:root:Checking internal image: https://wordpress-810691-5571285.cloudwaysapps.com/wp-content/uploads/2025/08/2014_12_Christmas_Dinner_9_1525055596-1024x683.webp
DEBUG:root:✅ Image OK: https://wordpress-810691-5571285.cloudwaysapps.com/wp-content/uploads/2025/08/IMG_0020_1566271654-916x1024.webp
DEBUG:root:Checking internal image: https://wordpress-810691-5571285.cloudwaysapps.com/wp-content/uploads/2025/08/IMG_0018_1566271654-1024x893.webp
DEBUG:urllib3.connectionpool:Starting new HTTPS connection (1): wordpress-810691-5571285.cloudwaysapps.com:443
DEBUG:urllib3.connectionpool:Starting new HTTPS connection (1): wordpress-810691-5571285.cloudwaysapps.com:443
DEBUG:root:✅ Image OK: https://wordpress-810691-5571285.cloudwaysapps.com/wp-content/uploads/2025/08/2019_10_Oct_10_Annette_Lyttle_30_Ann43_1571880000-1024x683.webp
DEBUG:root:Checking internal image: https://wordpress-810691-5571285.cloudwaysapps.com/wp-content/uploads/2025/08/2019_10_Oct_10_Annette_Lyttle_30_Ann38_1571880000-1024x683.webp
DEBUG:urllib3.connectionpool:Starting new HTTPS connection (1): wordpress-810691-5571285.cloudwaysapps.com:443
DEBUG:urllib3.connectionpool:https://outlook.office.com:443 "GET /calendar/0/deeplink/compose?allday=false&body=Join+us+weekly+in+the+Genealogy+Room+for+in-person+help+with+your+research.+It%E2%80%99s+a+great+chance+to+get+one-on-one+guidance%2C+ask+questions%2C+and+connect+with+others+who+share+your+passion+for+family+history.&location=2525+Oakley+Seaver+Dr%2C+Clermont%2C+FL%2C+34711%2C+United+States&path=/calendar/action/compose&rru=addevent&startdt=2026-05-20T13%3A00%3A00-04%3A00&enddt=2026-05-20T15%3A00%3A00-04%3A00&subject=Research+Assistance HTTP/1.1" 200 None
DEBUG:root:✅ Hyperlink OK: https://outlook.office.com/calendar/0/deeplink/compose?allday=false&body=Join+us+weekly+in+the+Genealogy+Room+for+in-person+help+with+your+research.+It%E2%80%99s+a+great+chance+to+get+one-on-one+guidance%2C+ask+questions%2C+and+connect+with+others+who+share+your+passion+for+family+history.&location=2525+Oakley+Seaver+Dr%2C+Clermont%2C+FL%2C+34711%2C+United+States&path=/calendar/action/compose&rru=addevent&startdt=2026-05-20T13%3A00%3A00-04%3A00&enddt=2026-05-20T15%3A00%3A00-04%3A00&subject=Research+Assistance
DEBUG:root:Checking external hyperlink: https://outlook.live.com/calendar/0/deeplink/compose?allday=false&body=Join+us+weekly+in+the+Genealogy+Room+for+in-person+help+with+your+research.+It%E2%80%99s+a+great+chance+to+get+one-on-one+guidance%2C+ask+questions%2C+and+connect+with+others+who+share+your+passion+for+family+history.&location=2525+Oakley+Seaver+Dr%2C+Clermont%2C+FL%2C+34711%2C+United+States&path=/calendar/action/compose&rru=addevent&startdt=2026-05-20T13%3A00%3A00-04%3A00&enddt=2026-05-20T15%3A00%3A00-04%3A00&subject=Research+Assistance
DEBUG:urllib3.connectionpool:Starting new HTTPS connection (1): outlook.live.com:443
DEBUG:urllib3.connectionpool:https://wordpress-810691-5571285.cloudwaysapps.com:443 "GET /wp-content/uploads/2025/08/IMG_0018_1566271654-1024x893.webp HTTP/1.1" 200 130632
DEBUG:urllib3.connectionpool:https://wordpress-810691-5571285.cloudwaysapps.com:443 "GET /wp-content/uploads/2025/08/2019_10_Oct_10_Annette_Lyttle_30_Ann38_1571880000-1024x683.webp HTTP/1.1" 200 82510
DEBUG:urllib3.connectionpool:https://wordpress-810691-5571285.cloudwaysapps.com:443 "GET /wp-content/uploads/2025/08/2014_12_Christmas_Dinner_9_1525055596-1024x683.webp HTTP/1.1" 200 108702
DEBUG:root:✅ Image OK: https://wordpress-810691-5571285.cloudwaysapps.com/wp-content/uploads/2025/08/2019_10_Oct_10_Annette_Lyttle_30_Ann38_1571880000-1024x683.webp
DEBUG:root:Checking internal image: https://wordpress-810691-5571285.cloudwaysapps.com/wp-content/uploads/2025/08/2019_10_Oct_10_Annette_Lyttle_30_Ann7_1571880000-1024x683.webp
DEBUG:urllib3.connectionpool:Starting new HTTPS connection (1): wordpress-810691-5571285.cloudwaysapps.com:443
DEBUG:urllib3.connectionpool:https://outlook.live.com:443 "GET /calendar/0/deeplink/compose?allday=false&body=Join+us+weekly+in+the+Genealogy+Room+for+in-person+help+with+your+research.+It%E2%80%99s+a+great+chance+to+get+one-on-one+guidance%2C+ask+questions%2C+and+connect+with+others+who+share+your+passion+for+family+history.&location=2525+Oakley+Seaver+Dr%2C+Clermont%2C+FL%2C+34711%2C+United+States&path=/calendar/action/compose&rru=addevent&startdt=2026-05-20T13%3A00%3A00-04%3A00&enddt=2026-05-20T15%3A00%3A00-04%3A00&subject=Research+Assistance HTTP/1.1" 200 None
DEBUG:root:✅ Hyperlink OK: https://outlook.live.com/calendar/0/deeplink/compose?allday=false&body=Join+us+weekly+in+the+Genealogy+Room+for+in-person+help+with+your+research.+It%E2%80%99s+a+great+chance+to+get+one-on-one+guidance%2C+ask+questions%2C+and+connect+with+others+who+share+your+passion+for+family+history.&location=2525+Oakley+Seaver+Dr%2C+Clermont%2C+FL%2C+34711%2C+United+States&path=/calendar/action/compose&rru=addevent&startdt=2026-05-20T13%3A00%3A00-04%3A00&enddt=2026-05-20T15%3A00%3A00-04%3A00&subject=Research+Assistance
DEBUG:root:Using regex pattern: \b[a-zA-Z]{3,}\b
DEBUG:root:Found 58 words to check in https://wordpress-810691-5571285.cloudwaysapps.com/events/research-assistance-2025-08-27-2025-09-03-2025-09-10-2025-09-17-2025-09-24-2025-10-01-2025-10-08-2025-10-15-2025-10-22-2025-10-29-2025-11-05-2025-11-12-2025-11-19-2025-11-26-2025-12-03-2-13-2026-05-20/ (min_length=3)
DEBUG:root:Sample words from https://wordpress-810691-5571285.cloudwaysapps.com/events/research-assistance-2025-08-27-2025-09-03-2025-09-10-2025-09-17-2025-09-24-2025-10-01-2025-10-08-2025-10-15-2025-10-22-2025-10-29-2025-11-05-2025-11-12-2025-11-19-2025-11-26-2025-12-03-2-13-2026-05-20/: ['This', 'alert', 'Skip', 'content', 'Research', 'Assistance', 'When', 'May', 'Add', 'Calendar']
DEBUG:root:Spell check results for https://wordpress-810691-5571285.cloudwaysapps.com/events/research-assistance-2025-08-27-2025-09-03-2025-09-10-2025-09-17-2025-09-24-2025-10-01-2025-10-08-2025-10-15-2025-10-22-2025-10-29-2025-11-05-2025-11-12-2025-11-19-2025-11-26-2025-12-03-2-13-2026-05-20/: 30 words checked, 28 skipped, 0 errors found
INFO:root:✅ Processed https://wordpress-810691-5571285.cloudwaysapps.com/events/research-assistance-2025-08-27-2025-09-03-2025-09-10-2025-09-17-2025-09-24-2025-10-01-2025-10-08-2025-10-15-2025-10-22-2025-10-29-2025-11-05-2025-11-12-2025-11-19-2025-11-26-2025-12-03-2-13-2026-05-20/: 0 errors found, 85 words checked
DEBUG:root:Attempting to fetch: https://wordpress-810691-5571285.cloudwaysapps.com/events/family-book-creator-special-interest-group-sig-2025-09-22/
Processing pages:  20%|██        | 77/381 [00:46<02:32,  2.00it/s]DEBUG:root:✅ Image OK: https://wordpress-810691-5571285.cloudwaysapps.com/wp-content/uploads/2025/08/IMG_0018_1566271654-1024x893.webp
DEBUG:root:Checking internal image: https://wordpress-810691-5571285.cloudwaysapps.com/wp-content/uploads/2025/08/IMG_0028_6_1566271769-1024x646.webp
DEBUG:urllib3.connectionpool:Starting new HTTPS connection (1): wordpress-810691-5571285.cloudwaysapps.com:443
DEBUG:root:✅ Image OK: https://wordpress-810691-5571285.cloudwaysapps.com/wp-content/uploads/2025/08/2014_12_Christmas_Dinner_9_1525055596-1024x683.webp
DEBUG:root:Checking internal image: https://wordpress-810691-5571285.cloudwaysapps.com/wp-content/uploads/2025/08/2014_12_Christmas_Dinner_24_1525055886-1024x683.webp
DEBUG:urllib3.connectionpool:Starting new HTTPS connection (1): wordpress-810691-5571285.cloudwaysapps.com:443
DEBUG:urllib3.connectionpool:https://wordpress-810691-5571285.cloudwaysapps.com:443 "GET /events/family-book-creator-special-interest-group-sig-2025-09-22/ HTTP/1.1" 200 None
DEBUG:root:Successfully fetched https://wordpress-810691-5571285.cloudwaysapps.com/events/family-book-creator-special-interest-group-sig-2025-09-22/ (Content-Length: 42531)
DEBUG:charset_normalizer:Encoding detection: utf_8 is most likely the one.
DEBUG:root:Extracted 848 characters, 141 words from https://wordpress-810691-5571285.cloudwaysapps.com/events/family-book-creator-special-interest-group-sig-2025-09-22/
DEBUG:root:Checking external hyperlink: https://www.google.com/calendar/event?action=TEMPLATE&text=Family+Book+Creator+Special+Interest+Group+%28SIG%29&dates=20250922T190000/20250922T200000&details=This+group+grew+out+of+our+original+FBC+Study+Group%2C+a+joint+effort+between+Pastfinders+and+Kinseekers.+For+now%2C+membership+is+limited+to+participants+of+that+original+group%2C+but+we+hope+to+welcome+more+members+in+the+future.&location=&trp=false&sprop=https%3A%2F%2Fwordpress-810691-5571285.cloudwaysapps.com%2Fevents%2Ffamily-book-creator-special-interest-group-sig-2025-09-22%2F&sprop=name:Pastfinders&ctz=America%2FNew_York
DEBUG:urllib3.connectionpool:Starting new HTTPS connection (1): www.google.com:443
DEBUG:urllib3.connectionpool:https://wordpress-810691-5571285.cloudwaysapps.com:443 "GET /wp-content/uploads/2025/08/2019_10_Oct_10_Annette_Lyttle_30_Ann7_1571880000-1024x683.webp HTTP/1.1" 200 80154
DEBUG:urllib3.connectionpool:https://www.google.com:443 "GET /calendar/event?action=TEMPLATE&text=Family+Book+Creator+Special+Interest+Group+%28SIG%29&dates=20250922T190000/20250922T200000&details=This+group+grew+out+of+our+original+FBC+Study+Group%2C+a+joint+effort+between+Pastfinders+and+Kinseekers.+For+now%2C+membership+is+limited+to+participants+of+that+original+group%2C+but+we+hope+to+welcome+more+members+in+the+future.&location=&trp=false&sprop=https%3A%2F%2Fwordpress-810691-5571285.cloudwaysapps.com%2Fevents%2Ffamily-book-creator-special-interest-group-sig-2025-09-22%2F&sprop=name:Pastfinders&ctz=America%2FNew_York HTTP/1.1" 302 0
DEBUG:urllib3.connectionpool:Starting new HTTPS connection (1): calendar.google.com:443
DEBUG:urllib3.connectionpool:https://wordpress-810691-5571285.cloudwaysapps.com:443 "GET /wp-content/uploads/2025/08/IMG_0028_6_1566271769-1024x646.webp HTTP/1.1" 200 159598
DEBUG:root:✅ Image OK: https://wordpress-810691-5571285.cloudwaysapps.com/wp-content/uploads/2025/08/2019_10_Oct_10_Annette_Lyttle_30_Ann7_1571880000-1024x683.webp
DEBUG:root:Checking internal image: https://wordpress-810691-5571285.cloudwaysapps.com/wp-content/uploads/2025/08/2019_10_Oct_10_Annette_Lyttle_30_Ann13_1571880000-1024x683.webp
DEBUG:urllib3.connectionpool:Starting new HTTPS connection (1): wordpress-810691-5571285.cloudwaysapps.com:443
DEBUG:urllib3.connectionpool:https://wordpress-810691-5571285.cloudwaysapps.com:443 "GET /wp-content/uploads/2025/08/2014_12_Christmas_Dinner_24_1525055886-1024x683.webp HTTP/1.1" 200 56072
DEBUG:root:✅ Image OK: https://wordpress-810691-5571285.cloudwaysapps.com/wp-content/uploads/2025/08/IMG_0028_6_1566271769-1024x646.webp
DEBUG:root:Checking internal image: https://wordpress-810691-5571285.cloudwaysapps.com/wp-content/uploads/2025/08/IMG_0029_9_1566271769-723x1024.webp
DEBUG:urllib3.connectionpool:Starting new HTTPS connection (1): wordpress-810691-5571285.cloudwaysapps.com:443
DEBUG:root:✅ Image OK: https://wordpress-810691-5571285.cloudwaysapps.com/wp-content/uploads/2025/08/2014_12_Christmas_Dinner_24_1525055886-1024x683.webp
DEBUG:root:Checking internal image: https://wordpress-810691-5571285.cloudwaysapps.com/wp-content/uploads/2025/08/2014_12_Christmas_Dinner_29_1525055994-1024x683.webp
DEBUG:urllib3.connectionpool:Starting new HTTPS connection (1): wordpress-810691-5571285.cloudwaysapps.com:443
DEBUG:urllib3.connectionpool:https://calendar.google.com:443 "GET /calendar/event?action=TEMPLATE&text=Family+Book+Creator+Special+Interest+Group+(SIG)&dates=20250922T190000/20250922T200000&details=This+group+grew+out+of+our+original+FBC+Study+Group,+a+joint+effort+between+Pastfinders+and+Kinseekers.+For+now,+membership+is+limited+to+participants+of+that+original+group,+but+we+hope+to+welcome+more+members+in+the+future.&location&trp=false&sprop=https://wordpress-810691-5571285.cloudwaysapps.com/events/family-book-creator-special-interest-group-sig-2025-09-22/&sprop=name:Pastfinders&ctz=America/New_York HTTP/1.1" 302 0
DEBUG:urllib3.connectionpool:Starting new HTTPS connection (1): accounts.google.com:443
DEBUG:urllib3.connectionpool:https://wordpress-810691-5571285.cloudwaysapps.com:443 "GET /events/categories/monthly-meeting/ HTTP/1.1" 200 None
DEBUG:root:Successfully fetched https://wordpress-810691-5571285.cloudwaysapps.com/events/categories/monthly-meeting/ (Content-Length: 37225)
DEBUG:charset_normalizer:Encoding detection: utf_8 is most likely the one.
DEBUG:root:Extracted 297 characters, 45 words from https://wordpress-810691-5571285.cloudwaysapps.com/events/categories/monthly-meeting/
DEBUG:root:Using regex pattern: \b[a-zA-Z]{3,}\b
DEBUG:root:Found 25 words to check in https://wordpress-810691-5571285.cloudwaysapps.com/events/categories/monthly-meeting/ (min_length=3)
DEBUG:root:Sample words from https://wordpress-810691-5571285.cloudwaysapps.com/events/categories/monthly-meeting/: ['This', 'alert', 'Skip', 'content', 'Monthly', 'Meeting', 'Next', 'Event', 'September', 'Presentation']
DEBUG:root:Spell check results for https://wordpress-810691-5571285.cloudwaysapps.com/events/categories/monthly-meeting/: 2 words checked, 23 skipped, 0 errors found
INFO:root:✅ Processed https://wordpress-810691-5571285.cloudwaysapps.com/events/categories/monthly-meeting/: 0 errors found, 45 words checked
DEBUG:root:Attempting to fetch: https://wordpress-810691-5571285.cloudwaysapps.com/members-only/pastfinders-quarterly-newsletter/
Processing pages:  20%|██        | 78/381 [00:47<02:24,  2.10it/s]DEBUG:urllib3.connectionpool:https://wordpress-810691-5571285.cloudwaysapps.com:443 "GET /members-only/pastfinders-quarterly-newsletter/ HTTP/1.1" 200 None
DEBUG:root:Successfully fetched https://wordpress-810691-5571285.cloudwaysapps.com/members-only/pastfinders-quarterly-newsletter/ (Content-Length: 53268)
DEBUG:charset_normalizer:Encoding detection: utf_8 is most likely the one.
DEBUG:root:Extracted 2734 characters, 413 words from https://wordpress-810691-5571285.cloudwaysapps.com/members-only/pastfinders-quarterly-newsletter/
DEBUG:urllib3.connectionpool:https://wordpress-810691-5571285.cloudwaysapps.com:443 "GET /wp-content/uploads/2025/08/2019_10_Oct_10_Annette_Lyttle_30_Ann13_1571880000-1024x683.webp HTTP/1.1" 200 117636
DEBUG:urllib3.connectionpool:https://accounts.google.com:443 "GET /ServiceLogin?service=cl&passive=1209600&osid=1&continue=https://calendar.google.com/calendar/event?action%3DTEMPLATE%26text%3DFamily%2BBook%2BCreator%2BSpecial%2BInterest%2BGroup%2B(SIG)%26dates%3D20250922T190000/20250922T200000%26details%3DThis%2Bgroup%2Bgrew%2Bout%2Bof%2Bour%2Boriginal%2BFBC%2BStudy%2BGroup,%2Ba%2Bjoint%2Beffort%2Bbetween%2BPastfinders%2Band%2BKinseekers.%2BFor%2Bnow,%2Bmembership%2Bis%2Blimited%2Bto%2Bparticipants%2Bof%2Bthat%2Boriginal%2Bgroup,%2Bbut%2Bwe%2Bhope%2Bto%2Bwelcome%2Bmore%2Bmembers%2Bin%2Bthe%2Bfuture.%26location%26trp%3Dfalse%26sprop%3Dhttps://wordpress-810691-5571285.cloudwaysapps.com/events/family-book-creator-special-interest-group-sig-2025-09-22/%26sprop%3Dname:Pastfinders%26ctz%3DAmerica/New_York&followup=https://calendar.google.com/calendar/event?action%3DTEMPLATE%26text%3DFamily%2BBook%2BCreator%2BSpecial%2BInterest%2BGroup%2B(SIG)%26dates%3D20250922T190000/20250922T200000%26details%3DThis%2Bgroup%2Bgrew%2Bout%2Bof%2Bour%2Boriginal%2BFBC%2BStudy%2BGroup,%2Ba%2Bjoint%2Beffort%2Bbetween%2BPastfinders%2Band%2BKinseekers.%2BFor%2Bnow,%2Bmembership%2Bis%2Blimited%2Bto%2Bparticipants%2Bof%2Bthat%2Boriginal%2Bgroup,%2Bbut%2Bwe%2Bhope%2Bto%2Bwelcome%2Bmore%2Bmembers%2Bin%2Bthe%2Bfuture.%26location%26trp%3Dfalse%26sprop%3Dhttps://wordpress-810691-5571285.cloudwaysapps.com/events/family-book-creator-special-interest-group-sig-2025-09-22/%26sprop%3Dname:Pastfinders%26ctz%3DAmerica/New_York&emr=1 HTTP/1.1" 302 0
DEBUG:root:Checking internal document: https://wordpress-810691-5571285.cloudwaysapps.com/wp-content/uploads/2025/08/1751369104_June_2025_NewsletterV35N3.pdf
DEBUG:urllib3.connectionpool:Starting new HTTPS connection (1): wordpress-810691-5571285.cloudwaysapps.com:443
DEBUG:urllib3.connectionpool:https://wordpress-810691-5571285.cloudwaysapps.com:443 "GET /wp-content/uploads/2025/08/IMG_0029_9_1566271769-723x1024.webp HTTP/1.1" 200 87870
DEBUG:urllib3.connectionpool:https://accounts.google.com:443 "GET /InteractiveLogin?continue=https://calendar.google.com/calendar/event?action%3DTEMPLATE%26text%3DFamily%2BBook%2BCreator%2BSpecial%2BInterest%2BGroup%2B(SIG)%26dates%3D20250922T190000/20250922T200000%26details%3DThis%2Bgroup%2Bgrew%2Bout%2Bof%2Bour%2Boriginal%2BFBC%2BStudy%2BGroup,%2Ba%2Bjoint%2Beffort%2Bbetween%2BPastfinders%2Band%2BKinseekers.%2BFor%2Bnow,%2Bmembership%2Bis%2Blimited%2Bto%2Bparticipants%2Bof%2Bthat%2Boriginal%2Bgroup,%2Bbut%2Bwe%2Bhope%2Bto%2Bwelcome%2Bmore%2Bmembers%2Bin%2Bthe%2Bfuture.%26location%26trp%3Dfalse%26sprop%3Dhttps://wordpress-810691-5571285.cloudwaysapps.com/events/family-book-creator-special-interest-group-sig-2025-09-22/%26sprop%3Dname:Pastfinders%26ctz%3DAmerica/New_York&emr=1&followup=https://calendar.google.com/calendar/event?action%3DTEMPLATE%26text%3DFamily%2BBook%2BCreator%2BSpecial%2BInterest%2BGroup%2B(SIG)%26dates%3D20250922T190000/20250922T200000%26details%3DThis%2Bgroup%2Bgrew%2Bout%2Bof%2Bour%2Boriginal%2BFBC%2BStudy%2BGroup,%2Ba%2Bjoint%2Beffort%2Bbetween%2BPastfinders%2Band%2BKinseekers.%2BFor%2Bnow,%2Bmembership%2Bis%2Blimited%2Bto%2Bparticipants%2Bof%2Bthat%2Boriginal%2Bgroup,%2Bbut%2Bwe%2Bhope%2Bto%2Bwelcome%2Bmore%2Bmembers%2Bin%2Bthe%2Bfuture.%26location%26trp%3Dfalse%26sprop%3Dhttps://wordpress-810691-5571285.cloudwaysapps.com/events/family-book-creator-special-interest-group-sig-2025-09-22/%26sprop%3Dname:Pastfinders%26ctz%3DAmerica/New_York&osid=1&passive=1209600&service=cl&ifkv=AdBytiNrTD-j9q9dDGQV3gHFAGLbn5qx6cq6g83mhQrcinKSySp2RmmJYJ2Q1Qqun6LuwbwtfhApXg HTTP/1.1" 302 None
DEBUG:urllib3.connectionpool:https://wordpress-810691-5571285.cloudwaysapps.com:443 "GET /wp-content/uploads/2025/08/2014_12_Christmas_Dinner_29_1525055994-1024x683.webp HTTP/1.1" 200 69736
DEBUG:root:✅ Image OK: https://wordpress-810691-5571285.cloudwaysapps.com/wp-content/uploads/2025/08/2019_10_Oct_10_Annette_Lyttle_30_Ann13_1571880000-1024x683.webp
DEBUG:root:Checking internal image: https://wordpress-810691-5571285.cloudwaysapps.com/wp-content/uploads/2025/08/2019_10_Oct_10_Annette_Lyttle_30_Ann33_1571880000-1024x683.webp
DEBUG:urllib3.connectionpool:Starting new HTTPS connection (1): wordpress-810691-5571285.cloudwaysapps.com:443
DEBUG:root:✅ Image OK: https://wordpress-810691-5571285.cloudwaysapps.com/wp-content/uploads/2025/08/IMG_0029_9_1566271769-723x1024.webp
DEBUG:root:Checking internal image: https://wordpress-810691-5571285.cloudwaysapps.com/wp-content/uploads/2025/08/IMG_0015_6_1566271544-1024x325.webp
DEBUG:urllib3.connectionpool:Starting new HTTPS connection (1): wordpress-810691-5571285.cloudwaysapps.com:443
DEBUG:root:✅ Image OK: https://wordpress-810691-5571285.cloudwaysapps.com/wp-content/uploads/2025/08/2014_12_Christmas_Dinner_29_1525055994-1024x683.webp
DEBUG:root:Checking internal image: https://wordpress-810691-5571285.cloudwaysapps.com/wp-content/uploads/2025/08/2014_12_Christmas_Dinner_3_1525055496-1024x683.webp
DEBUG:urllib3.connectionpool:Starting new HTTPS connection (1): wordpress-810691-5571285.cloudwaysapps.com:443
DEBUG:urllib3.connectionpool:https://accounts.google.com:443 "GET /v3/signin/identifier?continue=https%3A%2F%2Fcalendar.google.com%2Fcalendar%2Fevent%3Faction%3DTEMPLATE%26text%3DFamily%2BBook%2BCreator%2BSpecial%2BInterest%2BGroup%2B%28SIG%29%26dates%3D20250922T190000%2F20250922T200000%26details%3DThis%2Bgroup%2Bgrew%2Bout%2Bof%2Bour%2Boriginal%2BFBC%2BStudy%2BGroup%2C%2Ba%2Bjoint%2Beffort%2Bbetween%2BPastfinders%2Band%2BKinseekers.%2BFor%2Bnow%2C%2Bmembership%2Bis%2Blimited%2Bto%2Bparticipants%2Bof%2Bthat%2Boriginal%2Bgroup%2C%2Bbut%2Bwe%2Bhope%2Bto%2Bwelcome%2Bmore%2Bmembers%2Bin%2Bthe%2Bfuture.%26location%26trp%3Dfalse%26sprop%3Dhttps%3A%2F%2Fwordpress-810691-5571285.cloudwaysapps.com%2Fevents%2Ffamily-book-creator-special-interest-group-sig-2025-09-22%2F%26sprop%3Dname%3APastfinders%26ctz%3DAmerica%2FNew_York&emr=1&followup=https%3A%2F%2Fcalendar.google.com%2Fcalendar%2Fevent%3Faction%3DTEMPLATE%26text%3DFamily%2BBook%2BCreator%2BSpecial%2BInterest%2BGroup%2B%28SIG%29%26dates%3D20250922T190000%2F20250922T200000%26details%3DThis%2Bgroup%2Bgrew%2Bout%2Bof%2Bour%2Boriginal%2BFBC%2BStudy%2BGroup%2C%2Ba%2Bjoint%2Beffort%2Bbetween%2BPastfinders%2Band%2BKinseekers.%2BFor%2Bnow%2C%2Bmembership%2Bis%2Blimited%2Bto%2Bparticipants%2Bof%2Bthat%2Boriginal%2Bgroup%2C%2Bbut%2Bwe%2Bhope%2Bto%2Bwelcome%2Bmore%2Bmembers%2Bin%2Bthe%2Bfuture.%26location%26trp%3Dfalse%26sprop%3Dhttps%3A%2F%2Fwordpress-810691-5571285.cloudwaysapps.com%2Fevents%2Ffamily-book-creator-special-interest-group-sig-2025-09-22%2F%26sprop%3Dname%3APastfinders%26ctz%3DAmerica%2FNew_York&ifkv=AdBytiN0mYEXspeIMCnKYW2Crt0li6I8VMeXb0HtPgIuSDM9Vc1cOBkOWtlqcYzXiNH_ELrHCiuFtw&osid=1&passive=1209600&service=cl&flowName=WebLiteSignIn&flowEntry=ServiceLogin&dsh=S674885685%3A1756758171433340 HTTP/1.1" 200 None
DEBUG:root:✅ Hyperlink OK: https://www.google.com/calendar/event?action=TEMPLATE&text=Family+Book+Creator+Special+Interest+Group+%28SIG%29&dates=20250922T190000/20250922T200000&details=This+group+grew+out+of+our+original+FBC+Study+Group%2C+a+joint+effort+between+Pastfinders+and+Kinseekers.+For+now%2C+membership+is+limited+to+participants+of+that+original+group%2C+but+we+hope+to+welcome+more+members+in+the+future.&location=&trp=false&sprop=https%3A%2F%2Fwordpress-810691-5571285.cloudwaysapps.com%2Fevents%2Ffamily-book-creator-special-interest-group-sig-2025-09-22%2F&sprop=name:Pastfinders&ctz=America%2FNew_York
DEBUG:root:Checking external hyperlink: https://outlook.office.com/calendar/0/deeplink/compose?allday=false&body=This+group+grew+out+of+our+original+FBC+Study+Group%2C+a+joint+effort+between+Pastfinders+and+Kinseekers.+For+now%2C+membership+is+limited+to+participants+of+that+original+group%2C+but+we+hope+to+welcome+more+members+in+the+future.&location=&path=/calendar/action/compose&rru=addevent&startdt=2025-09-22T19%3A00%3A00-04%3A00&enddt=2025-09-22T20%3A00%3A00-04%3A00&subject=Family+Book+Creator+Special+Interest+Group+%28SIG%29
DEBUG:urllib3.connectionpool:Starting new HTTPS connection (1): outlook.office.com:443
DEBUG:urllib3.connectionpool:https://wordpress-810691-5571285.cloudwaysapps.com:443 "GET /wp-content/uploads/2025/08/1751369104_June_2025_NewsletterV35N3.pdf HTTP/1.1" 200 7217891
DEBUG:urllib3.connectionpool:https://wordpress-810691-5571285.cloudwaysapps.com:443 "GET /wp-content/uploads/2025/08/2019_10_Oct_10_Annette_Lyttle_30_Ann33_1571880000-1024x683.webp HTTP/1.1" 200 81060
DEBUG:urllib3.connectionpool:https://wordpress-810691-5571285.cloudwaysapps.com:443 "GET /wp-content/uploads/2025/08/IMG_0015_6_1566271544-1024x325.webp HTTP/1.1" 200 52814
DEBUG:urllib3.connectionpool:https://wordpress-810691-5571285.cloudwaysapps.com:443 "GET /wp-content/uploads/2025/08/2014_12_Christmas_Dinner_3_1525055496-1024x683.webp HTTP/1.1" 200 58170
DEBUG:root:✅ Image OK: https://wordpress-810691-5571285.cloudwaysapps.com/wp-content/uploads/2025/08/2019_10_Oct_10_Annette_Lyttle_30_Ann33_1571880000-1024x683.webp
DEBUG:root:Checking internal image: https://wordpress-810691-5571285.cloudwaysapps.com/wp-content/uploads/2025/08/2019_10_Oct_10_Annette_Lyttle_30_Ann17_1571880000-1024x683.webp
DEBUG:urllib3.connectionpool:Starting new HTTPS connection (1): wordpress-810691-5571285.cloudwaysapps.com:443
DEBUG:root:✅ Image OK: https://wordpress-810691-5571285.cloudwaysapps.com/wp-content/uploads/2025/08/IMG_0015_6_1566271544-1024x325.webp
DEBUG:root:Checking internal image: https://wordpress-810691-5571285.cloudwaysapps.com/wp-content/uploads/2025/08/IMG_0024_5_1566271654-348x1024.webp
DEBUG:urllib3.connectionpool:Starting new HTTPS connection (1): wordpress-810691-5571285.cloudwaysapps.com:443
DEBUG:root:✅ Image OK: https://wordpress-810691-5571285.cloudwaysapps.com/wp-content/uploads/2025/08/2014_12_Christmas_Dinner_3_1525055496-1024x683.webp
DEBUG:root:Checking internal image: https://wordpress-810691-5571285.cloudwaysapps.com/wp-content/uploads/2025/08/2014_12_Christmas_Dinner_30_1525056012-1024x683.webp
DEBUG:urllib3.connectionpool:Starting new HTTPS connection (1): wordpress-810691-5571285.cloudwaysapps.com:443
DEBUG:urllib3.connectionpool:https://outlook.office.com:443 "GET /calendar/0/deeplink/compose?allday=false&body=This+group+grew+out+of+our+original+FBC+Study+Group%2C+a+joint+effort+between+Pastfinders+and+Kinseekers.+For+now%2C+membership+is+limited+to+participants+of+that+original+group%2C+but+we+hope+to+welcome+more+members+in+the+future.&location=&path=/calendar/action/compose&rru=addevent&startdt=2025-09-22T19%3A00%3A00-04%3A00&enddt=2025-09-22T20%3A00%3A00-04%3A00&subject=Family+Book+Creator+Special+Interest+Group+%28SIG%29 HTTP/1.1" 200 None
DEBUG:root:✅ Hyperlink OK: https://outlook.office.com/calendar/0/deeplink/compose?allday=false&body=This+group+grew+out+of+our+original+FBC+Study+Group%2C+a+joint+effort+between+Pastfinders+and+Kinseekers.+For+now%2C+membership+is+limited+to+participants+of+that+original+group%2C+but+we+hope+to+welcome+more+members+in+the+future.&location=&path=/calendar/action/compose&rru=addevent&startdt=2025-09-22T19%3A00%3A00-04%3A00&enddt=2025-09-22T20%3A00%3A00-04%3A00&subject=Family+Book+Creator+Special+Interest+Group+%28SIG%29
DEBUG:root:Checking external hyperlink: https://outlook.live.com/calendar/0/deeplink/compose?allday=false&body=This+group+grew+out+of+our+original+FBC+Study+Group%2C+a+joint+effort+between+Pastfinders+and+Kinseekers.+For+now%2C+membership+is+limited+to+participants+of+that+original+group%2C+but+we+hope+to+welcome+more+members+in+the+future.&location=&path=/calendar/action/compose&rru=addevent&startdt=2025-09-22T19%3A00%3A00-04%3A00&enddt=2025-09-22T20%3A00%3A00-04%3A00&subject=Family+Book+Creator+Special+Interest+Group+%28SIG%29
DEBUG:urllib3.connectionpool:Starting new HTTPS connection (1): outlook.live.com:443
DEBUG:urllib3.connectionpool:https://wordpress-810691-5571285.cloudwaysapps.com:443 "GET /wp-content/uploads/2025/08/2019_10_Oct_10_Annette_Lyttle_30_Ann17_1571880000-1024x683.webp HTTP/1.1" 200 78458
DEBUG:urllib3.connectionpool:https://wordpress-810691-5571285.cloudwaysapps.com:443 "GET /wp-content/uploads/2025/08/IMG_0024_5_1566271654-348x1024.webp HTTP/1.1" 200 71628
DEBUG:urllib3.connectionpool:https://wordpress-810691-5571285.cloudwaysapps.com:443 "GET /wp-content/uploads/2025/08/2014_12_Christmas_Dinner_30_1525056012-1024x683.webp HTTP/1.1" 200 43156
DEBUG:urllib3.connectionpool:https://outlook.live.com:443 "GET /calendar/0/deeplink/compose?allday=false&body=This+group+grew+out+of+our+original+FBC+Study+Group%2C+a+joint+effort+between+Pastfinders+and+Kinseekers.+For+now%2C+membership+is+limited+to+participants+of+that+original+group%2C+but+we+hope+to+welcome+more+members+in+the+future.&location=&path=/calendar/action/compose&rru=addevent&startdt=2025-09-22T19%3A00%3A00-04%3A00&enddt=2025-09-22T20%3A00%3A00-04%3A00&subject=Family+Book+Creator+Special+Interest+Group+%28SIG%29 HTTP/1.1" 200 None
DEBUG:root:✅ Image OK: https://wordpress-810691-5571285.cloudwaysapps.com/wp-content/uploads/2025/08/2019_10_Oct_10_Annette_Lyttle_30_Ann17_1571880000-1024x683.webp
DEBUG:root:Checking internal image: https://wordpress-810691-5571285.cloudwaysapps.com/wp-content/uploads/2025/08/2019_October_window_FH_month_12_1571880107-1024x683.webp
DEBUG:urllib3.connectionpool:Starting new HTTPS connection (1): wordpress-810691-5571285.cloudwaysapps.com:443
DEBUG:root:✅ Hyperlink OK: https://outlook.live.com/calendar/0/deeplink/compose?allday=false&body=This+group+grew+out+of+our+original+FBC+Study+Group%2C+a+joint+effort+between+Pastfinders+and+Kinseekers.+For+now%2C+membership+is+limited+to+participants+of+that+original+group%2C+but+we+hope+to+welcome+more+members+in+the+future.&location=&path=/calendar/action/compose&rru=addevent&startdt=2025-09-22T19%3A00%3A00-04%3A00&enddt=2025-09-22T20%3A00%3A00-04%3A00&subject=Family+Book+Creator+Special+Interest+Group+%28SIG%29
DEBUG:root:Using regex pattern: \b[a-zA-Z]{3,}\b
DEBUG:root:Found 109 words to check in https://wordpress-810691-5571285.cloudwaysapps.com/events/family-book-creator-special-interest-group-sig-2025-09-22/ (min_length=3)
DEBUG:root:Sample words from https://wordpress-810691-5571285.cloudwaysapps.com/events/family-book-creator-special-interest-group-sig-2025-09-22/: ['This', 'alert', 'Skip', 'content', 'Family', 'Book', 'Creator', 'Special', 'Interest', 'Group']
DEBUG:root:Spell check results for https://wordpress-810691-5571285.cloudwaysapps.com/events/family-book-creator-special-interest-group-sig-2025-09-22/: 62 words checked, 47 skipped, 0 errors found
INFO:root:✅ Processed https://wordpress-810691-5571285.cloudwaysapps.com/events/family-book-creator-special-interest-group-sig-2025-09-22/: 0 errors found, 141 words checked
DEBUG:root:Attempting to fetch: https://wordpress-810691-5571285.cloudwaysapps.com/resources/allen-county-public-library-genealogy-center/
DEBUG:root:✅ Image OK: https://wordpress-810691-5571285.cloudwaysapps.com/wp-content/uploads/2025/08/2014_12_Christmas_Dinner_30_1525056012-1024x683.webp
Processing pages:  21%|██        | 79/381 [00:47<02:51,  1.76it/s]DEBUG:root:Checking internal image: https://wordpress-810691-5571285.cloudwaysapps.com/wp-content/uploads/2025/08/2014_12_Christmas_Dinner_23_1525055872-1024x683.webp
DEBUG:root:✅ Image OK: https://wordpress-810691-5571285.cloudwaysapps.com/wp-content/uploads/2025/08/IMG_0024_5_1566271654-348x1024.webp
DEBUG:root:Checking internal image: https://wordpress-810691-5571285.cloudwaysapps.com/wp-content/uploads/2025/08/IMG_0010_4_1566271544-1024x571.webp
DEBUG:urllib3.connectionpool:Starting new HTTPS connection (1): wordpress-810691-5571285.cloudwaysapps.com:443
DEBUG:urllib3.connectionpool:Starting new HTTPS connection (1): wordpress-810691-5571285.cloudwaysapps.com:443
DEBUG:urllib3.connectionpool:https://wordpress-810691-5571285.cloudwaysapps.com:443 "GET /wp-content/uploads/2025/08/IMG_0010_4_1566271544-1024x571.webp HTTP/1.1" 200 96976
DEBUG:urllib3.connectionpool:https://wordpress-810691-5571285.cloudwaysapps.com:443 "GET /wp-content/uploads/2025/08/2019_October_window_FH_month_12_1571880107-1024x683.webp HTTP/1.1" 200 101320
DEBUG:urllib3.connectionpool:https://wordpress-810691-5571285.cloudwaysapps.com:443 "GET /wp-content/uploads/2025/08/2014_12_Christmas_Dinner_23_1525055872-1024x683.webp HTTP/1.1" 200 59260
DEBUG:root:✅ Image OK: https://wordpress-810691-5571285.cloudwaysapps.com/wp-content/uploads/2025/08/IMG_0010_4_1566271544-1024x571.webp
DEBUG:root:Checking internal image: https://wordpress-810691-5571285.cloudwaysapps.com/wp-content/uploads/2025/08/IMG_0023_4_1566271654-1024x905.webp
DEBUG:urllib3.connectionpool:Starting new HTTPS connection (1): wordpress-810691-5571285.cloudwaysapps.com:443
DEBUG:root:✅ Image OK: https://wordpress-810691-5571285.cloudwaysapps.com/wp-content/uploads/2025/08/2014_12_Christmas_Dinner_23_1525055872-1024x683.webp
DEBUG:root:Checking internal image: https://wordpress-810691-5571285.cloudwaysapps.com/wp-content/uploads/2025/08/2014_12_Christmas_Dinner_25_1525055904-1024x683.webp
DEBUG:urllib3.connectionpool:Starting new HTTPS connection (1): wordpress-810691-5571285.cloudwaysapps.com:443
DEBUG:root:✅ Image OK: https://wordpress-810691-5571285.cloudwaysapps.com/wp-content/uploads/2025/08/2019_October_window_FH_month_12_1571880107-1024x683.webp
DEBUG:root:Checking internal image: https://wordpress-810691-5571285.cloudwaysapps.com/wp-content/uploads/2025/08/2019_10_Oct_10_Annette_Lyttle_30_Ann20_1571880000-1024x683.webp
DEBUG:urllib3.connectionpool:Starting new HTTPS connection (1): wordpress-810691-5571285.cloudwaysapps.com:443
DEBUG:urllib3.connectionpool:https://wordpress-810691-5571285.cloudwaysapps.com:443 "GET /wp-content/uploads/2025/08/IMG_0023_4_1566271654-1024x905.webp HTTP/1.1" 200 116666
DEBUG:urllib3.connectionpool:https://wordpress-810691-5571285.cloudwaysapps.com:443 "GET /wp-content/uploads/2025/08/2014_12_Christmas_Dinner_25_1525055904-1024x683.webp HTTP/1.1" 200 54470
DEBUG:urllib3.connectionpool:https://wordpress-810691-5571285.cloudwaysapps.com:443 "GET /wp-content/uploads/2025/08/2019_10_Oct_10_Annette_Lyttle_30_Ann20_1571880000-1024x683.webp HTTP/1.1" 200 53310
DEBUG:root:✅ Image OK: https://wordpress-810691-5571285.cloudwaysapps.com/wp-content/uploads/2025/08/2014_12_Christmas_Dinner_25_1525055904-1024x683.webp
DEBUG:root:✅ Image OK: https://wordpress-810691-5571285.cloudwaysapps.com/wp-content/uploads/2025/08/2019_10_Oct_10_Annette_Lyttle_30_Ann20_1571880000-1024x683.webp
DEBUG:root:Checking internal image: https://wordpress-810691-5571285.cloudwaysapps.com/wp-content/uploads/2025/08/2014_12_Christmas_Dinner_31_1525056038-1024x683.webp
DEBUG:root:Checking internal image: https://wordpress-810691-5571285.cloudwaysapps.com/wp-content/uploads/2025/08/2019_10_Oct_10_Annette_Lyttle_30_Ann40_1571880000-1024x683.webp
DEBUG:root:✅ Image OK: https://wordpress-810691-5571285.cloudwaysapps.com/wp-content/uploads/2025/08/IMG_0023_4_1566271654-1024x905.webp
DEBUG:root:Checking internal image: https://wordpress-810691-5571285.cloudwaysapps.com/wp-content/uploads/2025/08/IMG_0004_1566271544-1024x847.webp
DEBUG:urllib3.connectionpool:Starting new HTTPS connection (1): wordpress-810691-5571285.cloudwaysapps.com:443
DEBUG:urllib3.connectionpool:Starting new HTTPS connection (1): wordpress-810691-5571285.cloudwaysapps.com:443
DEBUG:urllib3.connectionpool:Starting new HTTPS connection (1): wordpress-810691-5571285.cloudwaysapps.com:443
DEBUG:urllib3.connectionpool:https://wordpress-810691-5571285.cloudwaysapps.com:443 "GET /resources/allen-county-public-library-genealogy-center/ HTTP/1.1" 200 None
DEBUG:root:Successfully fetched https://wordpress-810691-5571285.cloudwaysapps.com/resources/allen-county-public-library-genealogy-center/ (Content-Length: 39474)
DEBUG:charset_normalizer:Encoding detection: utf_8 is most likely the one.
DEBUG:root:Extracted 939 characters, 144 words from https://wordpress-810691-5571285.cloudwaysapps.com/resources/allen-county-public-library-genealogy-center/
DEBUG:root:Using regex pattern: \b[a-zA-Z]{3,}\b
DEBUG:root:Found 109 words to check in https://wordpress-810691-5571285.cloudwaysapps.com/resources/allen-county-public-library-genealogy-center/ (min_length=3)
DEBUG:root:Sample words from https://wordpress-810691-5571285.cloudwaysapps.com/resources/allen-county-public-library-genealogy-center/: ['This', 'alert', 'Skip', 'content', 'Allen', 'County', 'Public', 'Library', 'Genealogy', 'Center']
DEBUG:root:Spell check results for https://wordpress-810691-5571285.cloudwaysapps.com/resources/allen-county-public-library-genealogy-center/: 85 words checked, 24 skipped, 0 errors found
INFO:root:✅ Processed https://wordpress-810691-5571285.cloudwaysapps.com/resources/allen-county-public-library-genealogy-center/: 0 errors found, 144 words checked
DEBUG:root:Attempting to fetch: https://wordpress-810691-5571285.cloudwaysapps.com/events/family-book-creator-special-interest-group-sig-2025-11-24/
Processing pages:  21%|██        | 80/381 [00:48<03:26,  1.46it/s]DEBUG:urllib3.connectionpool:https://wordpress-810691-5571285.cloudwaysapps.com:443 "GET /wp-content/uploads/2025/08/IMG_0004_1566271544-1024x847.webp HTTP/1.1" 200 115594
DEBUG:urllib3.connectionpool:https://wordpress-810691-5571285.cloudwaysapps.com:443 "GET /wp-content/uploads/2025/08/2014_12_Christmas_Dinner_31_1525056038-1024x683.webp HTTP/1.1" 200 75308
DEBUG:urllib3.connectionpool:https://wordpress-810691-5571285.cloudwaysapps.com:443 "GET /events/family-book-creator-special-interest-group-sig-2025-11-24/ HTTP/1.1" 200 None
DEBUG:root:Successfully fetched https://wordpress-810691-5571285.cloudwaysapps.com/events/family-book-creator-special-interest-group-sig-2025-11-24/ (Content-Length: 42527)
DEBUG:charset_normalizer:Encoding detection: utf_8 is most likely the one.
DEBUG:urllib3.connectionpool:https://wordpress-810691-5571285.cloudwaysapps.com:443 "GET /wp-content/uploads/2025/08/2019_10_Oct_10_Annette_Lyttle_30_Ann40_1571880000-1024x683.webp HTTP/1.1" 200 103034
DEBUG:root:✅ Image OK: https://wordpress-810691-5571285.cloudwaysapps.com/wp-content/uploads/2025/08/2014_12_Christmas_Dinner_31_1525056038-1024x683.webp
DEBUG:root:Checking internal image: https://wordpress-810691-5571285.cloudwaysapps.com/wp-content/uploads/2025/08/2014_12_Christmas_Dinner_4_1525055516-1024x683.webp
DEBUG:urllib3.connectionpool:Starting new HTTPS connection (1): wordpress-810691-5571285.cloudwaysapps.com:443
DEBUG:root:Extracted 847 characters, 141 words from https://wordpress-810691-5571285.cloudwaysapps.com/events/family-book-creator-special-interest-group-sig-2025-11-24/
DEBUG:root:Checking external hyperlink: https://www.google.com/calendar/event?action=TEMPLATE&text=Family+Book+Creator+Special+Interest+Group+%28SIG%29&dates=20251124T190000/20251124T200000&details=This+group+grew+out+of+our+original+FBC+Study+Group%2C+a+joint+effort+between+Pastfinders+and+Kinseekers.+For+now%2C+membership+is+limited+to+participants+of+that+original+group%2C+but+we+hope+to+welcome+more+members+in+the+future.&location=&trp=false&sprop=https%3A%2F%2Fwordpress-810691-5571285.cloudwaysapps.com%2Fevents%2Ffamily-book-creator-special-interest-group-sig-2025-11-24%2F&sprop=name:Pastfinders&ctz=America%2FNew_York
DEBUG:urllib3.connectionpool:Starting new HTTPS connection (1): www.google.com:443
DEBUG:root:✅ Image OK: https://wordpress-810691-5571285.cloudwaysapps.com/wp-content/uploads/2025/08/IMG_0004_1566271544-1024x847.webp
DEBUG:root:Checking internal image: https://wordpress-810691-5571285.cloudwaysapps.com/wp-content/uploads/2025/08/IMG_0027_1566271769-595x1024.webp
DEBUG:urllib3.connectionpool:Starting new HTTPS connection (1): wordpress-810691-5571285.cloudwaysapps.com:443
DEBUG:root:✅ Image OK: https://wordpress-810691-5571285.cloudwaysapps.com/wp-content/uploads/2025/08/2019_10_Oct_10_Annette_Lyttle_30_Ann40_1571880000-1024x683.webp
DEBUG:root:Checking internal image: https://wordpress-810691-5571285.cloudwaysapps.com/wp-content/uploads/2025/08/2019_October_window_FH_month_6_1571880107-1024x683.webp
DEBUG:urllib3.connectionpool:Starting new HTTPS connection (1): wordpress-810691-5571285.cloudwaysapps.com:443
DEBUG:urllib3.connectionpool:https://www.google.com:443 "GET /calendar/event?action=TEMPLATE&text=Family+Book+Creator+Special+Interest+Group+%28SIG%29&dates=20251124T190000/20251124T200000&details=This+group+grew+out+of+our+original+FBC+Study+Group%2C+a+joint+effort+between+Pastfinders+and+Kinseekers.+For+now%2C+membership+is+limited+to+participants+of+that+original+group%2C+but+we+hope+to+welcome+more+members+in+the+future.&location=&trp=false&sprop=https%3A%2F%2Fwordpress-810691-5571285.cloudwaysapps.com%2Fevents%2Ffamily-book-creator-special-interest-group-sig-2025-11-24%2F&sprop=name:Pastfinders&ctz=America%2FNew_York HTTP/1.1" 302 0
DEBUG:urllib3.connectionpool:Starting new HTTPS connection (1): calendar.google.com:443
DEBUG:urllib3.connectionpool:https://wordpress-810691-5571285.cloudwaysapps.com:443 "GET /wp-content/uploads/2025/08/2014_12_Christmas_Dinner_4_1525055516-1024x683.webp HTTP/1.1" 200 107638
DEBUG:urllib3.connectionpool:https://wordpress-810691-5571285.cloudwaysapps.com:443 "GET /wp-content/uploads/2025/08/IMG_0027_1566271769-595x1024.webp HTTP/1.1" 200 110614
DEBUG:urllib3.connectionpool:https://calendar.google.com:443 "GET /calendar/event?action=TEMPLATE&text=Family+Book+Creator+Special+Interest+Group+(SIG)&dates=20251124T190000/20251124T200000&details=This+group+grew+out+of+our+original+FBC+Study+Group,+a+joint+effort+between+Pastfinders+and+Kinseekers.+For+now,+membership+is+limited+to+participants+of+that+original+group,+but+we+hope+to+welcome+more+members+in+the+future.&location&trp=false&sprop=https://wordpress-810691-5571285.cloudwaysapps.com/events/family-book-creator-special-interest-group-sig-2025-11-24/&sprop=name:Pastfinders&ctz=America/New_York HTTP/1.1" 302 0
DEBUG:urllib3.connectionpool:Starting new HTTPS connection (1): accounts.google.com:443
DEBUG:root:✅ Image OK: https://wordpress-810691-5571285.cloudwaysapps.com/wp-content/uploads/2025/08/2014_12_Christmas_Dinner_4_1525055516-1024x683.webp
DEBUG:root:Checking internal image: https://wordpress-810691-5571285.cloudwaysapps.com/wp-content/uploads/2025/08/2014_12_Christmas_Dinner_11_1525055629-1024x683.webp
DEBUG:urllib3.connectionpool:Starting new HTTPS connection (1): wordpress-810691-5571285.cloudwaysapps.com:443
DEBUG:urllib3.connectionpool:https://wordpress-810691-5571285.cloudwaysapps.com:443 "GET /wp-content/uploads/2025/08/2019_October_window_FH_month_6_1571880107-1024x683.webp HTTP/1.1" 200 97326
DEBUG:root:✅ Image OK: https://wordpress-810691-5571285.cloudwaysapps.com/wp-content/uploads/2025/08/IMG_0027_1566271769-595x1024.webp
DEBUG:root:Checking internal image: https://wordpress-810691-5571285.cloudwaysapps.com/wp-content/uploads/2025/08/IMG_0021_5_1566271654-1024x681.webp
DEBUG:urllib3.connectionpool:Starting new HTTPS connection (1): wordpress-810691-5571285.cloudwaysapps.com:443
DEBUG:root:✅ Image OK: https://wordpress-810691-5571285.cloudwaysapps.com/wp-content/uploads/2025/08/2019_October_window_FH_month_6_1571880107-1024x683.webp
DEBUG:root:Checking internal image: https://wordpress-810691-5571285.cloudwaysapps.com/wp-content/uploads/2025/08/20191002_112548_1571880107-1024x419.webp
DEBUG:urllib3.connectionpool:Starting new HTTPS connection (1): wordpress-810691-5571285.cloudwaysapps.com:443
DEBUG:urllib3.connectionpool:https://accounts.google.com:443 "GET /ServiceLogin?service=cl&passive=1209600&osid=1&continue=https://calendar.google.com/calendar/event?action%3DTEMPLATE%26text%3DFamily%2BBook%2BCreator%2BSpecial%2BInterest%2BGroup%2B(SIG)%26dates%3D20251124T190000/20251124T200000%26details%3DThis%2Bgroup%2Bgrew%2Bout%2Bof%2Bour%2Boriginal%2BFBC%2BStudy%2BGroup,%2Ba%2Bjoint%2Beffort%2Bbetween%2BPastfinders%2Band%2BKinseekers.%2BFor%2Bnow,%2Bmembership%2Bis%2Blimited%2Bto%2Bparticipants%2Bof%2Bthat%2Boriginal%2Bgroup,%2Bbut%2Bwe%2Bhope%2Bto%2Bwelcome%2Bmore%2Bmembers%2Bin%2Bthe%2Bfuture.%26location%26trp%3Dfalse%26sprop%3Dhttps://wordpress-810691-5571285.cloudwaysapps.com/events/family-book-creator-special-interest-group-sig-2025-11-24/%26sprop%3Dname:Pastfinders%26ctz%3DAmerica/New_York&followup=https://calendar.google.com/calendar/event?action%3DTEMPLATE%26text%3DFamily%2BBook%2BCreator%2BSpecial%2BInterest%2BGroup%2B(SIG)%26dates%3D20251124T190000/20251124T200000%26details%3DThis%2Bgroup%2Bgrew%2Bout%2Bof%2Bour%2Boriginal%2BFBC%2BStudy%2BGroup,%2Ba%2Bjoint%2Beffort%2Bbetween%2BPastfinders%2Band%2BKinseekers.%2BFor%2Bnow,%2Bmembership%2Bis%2Blimited%2Bto%2Bparticipants%2Bof%2Bthat%2Boriginal%2Bgroup,%2Bbut%2Bwe%2Bhope%2Bto%2Bwelcome%2Bmore%2Bmembers%2Bin%2Bthe%2Bfuture.%26location%26trp%3Dfalse%26sprop%3Dhttps://wordpress-810691-5571285.cloudwaysapps.com/events/family-book-creator-special-interest-group-sig-2025-11-24/%26sprop%3Dname:Pastfinders%26ctz%3DAmerica/New_York&emr=1 HTTP/1.1" 302 0
DEBUG:urllib3.connectionpool:https://accounts.google.com:443 "GET /InteractiveLogin?continue=https://calendar.google.com/calendar/event?action%3DTEMPLATE%26text%3DFamily%2BBook%2BCreator%2BSpecial%2BInterest%2BGroup%2B(SIG)%26dates%3D20251124T190000/20251124T200000%26details%3DThis%2Bgroup%2Bgrew%2Bout%2Bof%2Bour%2Boriginal%2BFBC%2BStudy%2BGroup,%2Ba%2Bjoint%2Beffort%2Bbetween%2BPastfinders%2Band%2BKinseekers.%2BFor%2Bnow,%2Bmembership%2Bis%2Blimited%2Bto%2Bparticipants%2Bof%2Bthat%2Boriginal%2Bgroup,%2Bbut%2Bwe%2Bhope%2Bto%2Bwelcome%2Bmore%2Bmembers%2Bin%2Bthe%2Bfuture.%26location%26trp%3Dfalse%26sprop%3Dhttps://wordpress-810691-5571285.cloudwaysapps.com/events/family-book-creator-special-interest-group-sig-2025-11-24/%26sprop%3Dname:Pastfinders%26ctz%3DAmerica/New_York&emr=1&followup=https://calendar.google.com/calendar/event?action%3DTEMPLATE%26text%3DFamily%2BBook%2BCreator%2BSpecial%2BInterest%2BGroup%2B(SIG)%26dates%3D20251124T190000/20251124T200000%26details%3DThis%2Bgroup%2Bgrew%2Bout%2Bof%2Bour%2Boriginal%2BFBC%2BStudy%2BGroup,%2Ba%2Bjoint%2Beffort%2Bbetween%2BPastfinders%2Band%2BKinseekers.%2BFor%2Bnow,%2Bmembership%2Bis%2Blimited%2Bto%2Bparticipants%2Bof%2Bthat%2Boriginal%2Bgroup,%2Bbut%2Bwe%2Bhope%2Bto%2Bwelcome%2Bmore%2Bmembers%2Bin%2Bthe%2Bfuture.%26location%26trp%3Dfalse%26sprop%3Dhttps://wordpress-810691-5571285.cloudwaysapps.com/events/family-book-creator-special-interest-group-sig-2025-11-24/%26sprop%3Dname:Pastfinders%26ctz%3DAmerica/New_York&osid=1&passive=1209600&service=cl&ifkv=AdBytiMPPI88nZ4we23srx2JyN0KaaSnxuucef3BUEPrsx1zWv9dALrAhBR_lMFOkilYp3b_F8rc6Q HTTP/1.1" 302 None
DEBUG:urllib3.connectionpool:https://accounts.google.com:443 "GET /v3/signin/identifier?continue=https%3A%2F%2Fcalendar.google.com%2Fcalendar%2Fevent%3Faction%3DTEMPLATE%26text%3DFamily%2BBook%2BCreator%2BSpecial%2BInterest%2BGroup%2B%28SIG%29%26dates%3D20251124T190000%2F20251124T200000%26details%3DThis%2Bgroup%2Bgrew%2Bout%2Bof%2Bour%2Boriginal%2BFBC%2BStudy%2BGroup%2C%2Ba%2Bjoint%2Beffort%2Bbetween%2BPastfinders%2Band%2BKinseekers.%2BFor%2Bnow%2C%2Bmembership%2Bis%2Blimited%2Bto%2Bparticipants%2Bof%2Bthat%2Boriginal%2Bgroup%2C%2Bbut%2Bwe%2Bhope%2Bto%2Bwelcome%2Bmore%2Bmembers%2Bin%2Bthe%2Bfuture.%26location%26trp%3Dfalse%26sprop%3Dhttps%3A%2F%2Fwordpress-810691-5571285.cloudwaysapps.com%2Fevents%2Ffamily-book-creator-special-interest-group-sig-2025-11-24%2F%26sprop%3Dname%3APastfinders%26ctz%3DAmerica%2FNew_York&emr=1&followup=https%3A%2F%2Fcalendar.google.com%2Fcalendar%2Fevent%3Faction%3DTEMPLATE%26text%3DFamily%2BBook%2BCreator%2BSpecial%2BInterest%2BGroup%2B%28SIG%29%26dates%3D20251124T190000%2F20251124T200000%26details%3DThis%2Bgroup%2Bgrew%2Bout%2Bof%2Bour%2Boriginal%2BFBC%2BStudy%2BGroup%2C%2Ba%2Bjoint%2Beffort%2Bbetween%2BPastfinders%2Band%2BKinseekers.%2BFor%2Bnow%2C%2Bmembership%2Bis%2Blimited%2Bto%2Bparticipants%2Bof%2Bthat%2Boriginal%2Bgroup%2C%2Bbut%2Bwe%2Bhope%2Bto%2Bwelcome%2Bmore%2Bmembers%2Bin%2Bthe%2Bfuture.%26location%26trp%3Dfalse%26sprop%3Dhttps%3A%2F%2Fwordpress-810691-5571285.cloudwaysapps.com%2Fevents%2Ffamily-book-creator-special-interest-group-sig-2025-11-24%2F%26sprop%3Dname%3APastfinders%26ctz%3DAmerica%2FNew_York&ifkv=AdBytiOzUDD80hcF9FhnBVNyBKADkiKdcgeT5YHdk-KrBiu8xYvurQ_bnt0evB5sD7dPxves-CBJnw&osid=1&passive=1209600&service=cl&flowName=WebLiteSignIn&flowEntry=ServiceLogin&dsh=S439602702%3A1756758173685340 HTTP/1.1" 200 None
DEBUG:urllib3.connectionpool:https://wordpress-810691-5571285.cloudwaysapps.com:443 "GET /wp-content/uploads/2025/08/2014_12_Christmas_Dinner_11_1525055629-1024x683.webp HTTP/1.1" 200 90422
DEBUG:urllib3.connectionpool:https://wordpress-810691-5571285.cloudwaysapps.com:443 "GET /wp-content/uploads/2025/08/IMG_0021_5_1566271654-1024x681.webp HTTP/1.1" 200 120654
DEBUG:root:✅ Hyperlink OK: https://www.google.com/calendar/event?action=TEMPLATE&text=Family+Book+Creator+Special+Interest+Group+%28SIG%29&dates=20251124T190000/20251124T200000&details=This+group+grew+out+of+our+original+FBC+Study+Group%2C+a+joint+effort+between+Pastfinders+and+Kinseekers.+For+now%2C+membership+is+limited+to+participants+of+that+original+group%2C+but+we+hope+to+welcome+more+members+in+the+future.&location=&trp=false&sprop=https%3A%2F%2Fwordpress-810691-5571285.cloudwaysapps.com%2Fevents%2Ffamily-book-creator-special-interest-group-sig-2025-11-24%2F&sprop=name:Pastfinders&ctz=America%2FNew_York
DEBUG:root:Checking external hyperlink: https://outlook.office.com/calendar/0/deeplink/compose?allday=false&body=This+group+grew+out+of+our+original+FBC+Study+Group%2C+a+joint+effort+between+Pastfinders+and+Kinseekers.+For+now%2C+membership+is+limited+to+participants+of+that+original+group%2C+but+we+hope+to+welcome+more+members+in+the+future.&location=&path=/calendar/action/compose&rru=addevent&startdt=2025-11-24T19%3A00%3A00-05%3A00&enddt=2025-11-24T20%3A00%3A00-05%3A00&subject=Family+Book+Creator+Special+Interest+Group+%28SIG%29
DEBUG:urllib3.connectionpool:Starting new HTTPS connection (1): outlook.office.com:443
DEBUG:urllib3.connectionpool:https://wordpress-810691-5571285.cloudwaysapps.com:443 "GET /wp-content/uploads/2025/08/20191002_112548_1571880107-1024x419.webp HTTP/1.1" 200 56730
DEBUG:root:✅ Image OK: https://wordpress-810691-5571285.cloudwaysapps.com/wp-content/uploads/2025/08/2014_12_Christmas_Dinner_11_1525055629-1024x683.webp
DEBUG:root:Checking internal image: https://wordpress-810691-5571285.cloudwaysapps.com/wp-content/uploads/2025/08/2014_12_Christmas_Dinner_26_1525055920-1024x683.webp
DEBUG:urllib3.connectionpool:Starting new HTTPS connection (1): wordpress-810691-5571285.cloudwaysapps.com:443
DEBUG:root:✅ Image OK: https://wordpress-810691-5571285.cloudwaysapps.com/wp-content/uploads/2025/08/20191002_112548_1571880107-1024x419.webp
DEBUG:root:Checking internal image: https://wordpress-810691-5571285.cloudwaysapps.com/wp-content/uploads/2025/08/2019_10_Oct_10_Annette_Lyttle_30_Ann30_1571880000-1024x683.webp
DEBUG:root:✅ Image OK: https://wordpress-810691-5571285.cloudwaysapps.com/wp-content/uploads/2025/08/IMG_0021_5_1566271654-1024x681.webp
DEBUG:root:Checking internal image: https://wordpress-810691-5571285.cloudwaysapps.com/wp-content/uploads/2025/08/IMG_0018_7_1566271654-1024x569.webp
DEBUG:urllib3.connectionpool:Starting new HTTPS connection (1): wordpress-810691-5571285.cloudwaysapps.com:443
DEBUG:urllib3.connectionpool:Starting new HTTPS connection (1): wordpress-810691-5571285.cloudwaysapps.com:443
DEBUG:root:✅ Document OK: https://wordpress-810691-5571285.cloudwaysapps.com/wp-content/uploads/2025/08/1751369104_June_2025_NewsletterV35N3.pdf
DEBUG:root:Checking internal document: https://wordpress-810691-5571285.cloudwaysapps.com/wp-content/uploads/2025/08/1738631943_Pathway_for_Pastfinders_V35_N1_2025_Winter.pdf
DEBUG:urllib3.connectionpool:Starting new HTTPS connection (1): wordpress-810691-5571285.cloudwaysapps.com:443
DEBUG:urllib3.connectionpool:https://outlook.office.com:443 "GET /calendar/0/deeplink/compose?allday=false&body=This+group+grew+out+of+our+original+FBC+Study+Group%2C+a+joint+effort+between+Pastfinders+and+Kinseekers.+For+now%2C+membership+is+limited+to+participants+of+that+original+group%2C+but+we+hope+to+welcome+more+members+in+the+future.&location=&path=/calendar/action/compose&rru=addevent&startdt=2025-11-24T19%3A00%3A00-05%3A00&enddt=2025-11-24T20%3A00%3A00-05%3A00&subject=Family+Book+Creator+Special+Interest+Group+%28SIG%29 HTTP/1.1" 200 None
DEBUG:root:✅ Hyperlink OK: https://outlook.office.com/calendar/0/deeplink/compose?allday=false&body=This+group+grew+out+of+our+original+FBC+Study+Group%2C+a+joint+effort+between+Pastfinders+and+Kinseekers.+For+now%2C+membership+is+limited+to+participants+of+that+original+group%2C+but+we+hope+to+welcome+more+members+in+the+future.&location=&path=/calendar/action/compose&rru=addevent&startdt=2025-11-24T19%3A00%3A00-05%3A00&enddt=2025-11-24T20%3A00%3A00-05%3A00&subject=Family+Book+Creator+Special+Interest+Group+%28SIG%29
DEBUG:root:Checking external hyperlink: https://outlook.live.com/calendar/0/deeplink/compose?allday=false&body=This+group+grew+out+of+our+original+FBC+Study+Group%2C+a+joint+effort+between+Pastfinders+and+Kinseekers.+For+now%2C+membership+is+limited+to+participants+of+that+original+group%2C+but+we+hope+to+welcome+more+members+in+the+future.&location=&path=/calendar/action/compose&rru=addevent&startdt=2025-11-24T19%3A00%3A00-05%3A00&enddt=2025-11-24T20%3A00%3A00-05%3A00&subject=Family+Book+Creator+Special+Interest+Group+%28SIG%29
DEBUG:urllib3.connectionpool:https://wordpress-810691-5571285.cloudwaysapps.com:443 "GET /wp-content/uploads/2025/08/2014_12_Christmas_Dinner_26_1525055920-1024x683.webp HTTP/1.1" 200 71468
DEBUG:urllib3.connectionpool:Starting new HTTPS connection (1): outlook.live.com:443
DEBUG:root:✅ Image OK: https://wordpress-810691-5571285.cloudwaysapps.com/wp-content/uploads/2025/08/2014_12_Christmas_Dinner_26_1525055920-1024x683.webp
DEBUG:root:Checking internal image: https://wordpress-810691-5571285.cloudwaysapps.com/wp-content/uploads/2025/08/2014_12_Christmas_Dinner_16_1525055737-1024x683.webp
DEBUG:urllib3.connectionpool:https://wordpress-810691-5571285.cloudwaysapps.com:443 "GET /wp-content/uploads/2025/08/2019_10_Oct_10_Annette_Lyttle_30_Ann30_1571880000-1024x683.webp HTTP/1.1" 200 98992
DEBUG:urllib3.connectionpool:Starting new HTTPS connection (1): wordpress-810691-5571285.cloudwaysapps.com:443
DEBUG:urllib3.connectionpool:https://wordpress-810691-5571285.cloudwaysapps.com:443 "GET /wp-content/uploads/2025/08/IMG_0018_7_1566271654-1024x569.webp HTTP/1.1" 200 89258
DEBUG:root:✅ Image OK: https://wordpress-810691-5571285.cloudwaysapps.com/wp-content/uploads/2025/08/2019_10_Oct_10_Annette_Lyttle_30_Ann30_1571880000-1024x683.webp
DEBUG:root:Checking internal image: https://wordpress-810691-5571285.cloudwaysapps.com/wp-content/uploads/2025/08/2019_10_Oct_10_Annette_Lyttle_30_Ann3_1571880000-1024x683.webp
DEBUG:urllib3.connectionpool:Starting new HTTPS connection (1): wordpress-810691-5571285.cloudwaysapps.com:443
DEBUG:root:✅ Image OK: https://wordpress-810691-5571285.cloudwaysapps.com/wp-content/uploads/2025/08/IMG_0018_7_1566271654-1024x569.webp
DEBUG:root:Checking internal image: https://wordpress-810691-5571285.cloudwaysapps.com/wp-content/uploads/2025/08/IMG_0023_1566271654-1024x323.webp
DEBUG:urllib3.connectionpool:Starting new HTTPS connection (1): wordpress-810691-5571285.cloudwaysapps.com:443
DEBUG:urllib3.connectionpool:https://wordpress-810691-5571285.cloudwaysapps.com:443 "GET /wp-content/uploads/2025/08/1738631943_Pathway_for_Pastfinders_V35_N1_2025_Winter.pdf HTTP/1.1" 200 9312565
DEBUG:urllib3.connectionpool:https://outlook.live.com:443 "GET /calendar/0/deeplink/compose?allday=false&body=This+group+grew+out+of+our+original+FBC+Study+Group%2C+a+joint+effort+between+Pastfinders+and+Kinseekers.+For+now%2C+membership+is+limited+to+participants+of+that+original+group%2C+but+we+hope+to+welcome+more+members+in+the+future.&location=&path=/calendar/action/compose&rru=addevent&startdt=2025-11-24T19%3A00%3A00-05%3A00&enddt=2025-11-24T20%3A00%3A00-05%3A00&subject=Family+Book+Creator+Special+Interest+Group+%28SIG%29 HTTP/1.1" 200 None
DEBUG:root:✅ Hyperlink OK: https://outlook.live.com/calendar/0/deeplink/compose?allday=false&body=This+group+grew+out+of+our+original+FBC+Study+Group%2C+a+joint+effort+between+Pastfinders+and+Kinseekers.+For+now%2C+membership+is+limited+to+participants+of+that+original+group%2C+but+we+hope+to+welcome+more+members+in+the+future.&location=&path=/calendar/action/compose&rru=addevent&startdt=2025-11-24T19%3A00%3A00-05%3A00&enddt=2025-11-24T20%3A00%3A00-05%3A00&subject=Family+Book+Creator+Special+Interest+Group+%28SIG%29
DEBUG:root:Using regex pattern: \b[a-zA-Z]{3,}\b
DEBUG:root:Found 109 words to check in https://wordpress-810691-5571285.cloudwaysapps.com/events/family-book-creator-special-interest-group-sig-2025-11-24/ (min_length=3)
DEBUG:root:Sample words from https://wordpress-810691-5571285.cloudwaysapps.com/events/family-book-creator-special-interest-group-sig-2025-11-24/: ['This', 'alert', 'Skip', 'content', 'Family', 'Book', 'Creator', 'Special', 'Interest', 'Group']
DEBUG:root:Spell check results for https://wordpress-810691-5571285.cloudwaysapps.com/events/family-book-creator-special-interest-group-sig-2025-11-24/: 62 words checked, 47 skipped, 0 errors found
INFO:root:✅ Processed https://wordpress-810691-5571285.cloudwaysapps.com/events/family-book-creator-special-interest-group-sig-2025-11-24/: 0 errors found, 141 words checked
DEBUG:root:Attempting to fetch: https://wordpress-810691-5571285.cloudwaysapps.com/resources/family-tree-maker-2017/
Processing pages:  21%|██▏       | 81/381 [00:50<04:15,  1.17it/s]DEBUG:urllib3.connectionpool:https://wordpress-810691-5571285.cloudwaysapps.com:443 "GET /wp-content/uploads/2025/08/2014_12_Christmas_Dinner_16_1525055737-1024x683.webp HTTP/1.1" 200 92474
DEBUG:urllib3.connectionpool:https://wordpress-810691-5571285.cloudwaysapps.com:443 "GET /resources/family-tree-maker-2017/ HTTP/1.1" 200 None
DEBUG:root:Successfully fetched https://wordpress-810691-5571285.cloudwaysapps.com/resources/family-tree-maker-2017/ (Content-Length: 38981)
DEBUG:charset_normalizer:Encoding detection: utf_8 is most likely the one.
DEBUG:root:Extracted 855 characters, 148 words from https://wordpress-810691-5571285.cloudwaysapps.com/resources/family-tree-maker-2017/
DEBUG:root:Using regex pattern: \b[a-zA-Z]{3,}\b
DEBUG:root:Found 120 words to check in https://wordpress-810691-5571285.cloudwaysapps.com/resources/family-tree-maker-2017/ (min_length=3)
DEBUG:root:Sample words from https://wordpress-810691-5571285.cloudwaysapps.com/resources/family-tree-maker-2017/: ['This', 'alert', 'Skip', 'content', 'Family', 'Tree', 'Maker', 'June', 'Family', 'Tree']
DEBUG:root:Spell check results for https://wordpress-810691-5571285.cloudwaysapps.com/resources/family-tree-maker-2017/: 99 words checked, 21 skipped, 0 errors found
INFO:root:✅ Processed https://wordpress-810691-5571285.cloudwaysapps.com/resources/family-tree-maker-2017/: 0 errors found, 148 words checked
DEBUG:root:Attempting to fetch: https://wordpress-810691-5571285.cloudwaysapps.com/events/preserving-local-history-2026-07-22/
Processing pages:  22%|██▏       | 82/381 [00:50<03:13,  1.55it/s]DEBUG:urllib3.connectionpool:https://wordpress-810691-5571285.cloudwaysapps.com:443 "GET /wp-content/uploads/2025/08/2019_10_Oct_10_Annette_Lyttle_30_Ann3_1571880000-1024x683.webp HTTP/1.1" 200 92838
DEBUG:urllib3.connectionpool:https://wordpress-810691-5571285.cloudwaysapps.com:443 "GET /wp-content/uploads/2025/08/IMG_0023_1566271654-1024x323.webp HTTP/1.1" 200 69808
DEBUG:root:✅ Image OK: https://wordpress-810691-5571285.cloudwaysapps.com/wp-content/uploads/2025/08/2014_12_Christmas_Dinner_16_1525055737-1024x683.webp
DEBUG:root:Checking internal image: https://wordpress-810691-5571285.cloudwaysapps.com/wp-content/uploads/2025/08/2014_12_Christmas_Dinner_12_1525055646-1024x683.webp
DEBUG:urllib3.connectionpool:Starting new HTTPS connection (1): wordpress-810691-5571285.cloudwaysapps.com:443
DEBUG:urllib3.connectionpool:https://wordpress-810691-5571285.cloudwaysapps.com:443 "GET /events/preserving-local-history-2026-07-22/ HTTP/1.1" 200 None
DEBUG:root:✅ Image OK: https://wordpress-810691-5571285.cloudwaysapps.com/wp-content/uploads/2025/08/IMG_0023_1566271654-1024x323.webp
DEBUG:root:Checking internal image: https://wordpress-810691-5571285.cloudwaysapps.com/wp-content/uploads/2025/08/IMG_0001_1566271544-956x1024.webp
DEBUG:root:Successfully fetched https://wordpress-810691-5571285.cloudwaysapps.com/events/preserving-local-history-2026-07-22/ (Content-Length: 43611)
DEBUG:root:✅ Image OK: https://wordpress-810691-5571285.cloudwaysapps.com/wp-content/uploads/2025/08/2019_10_Oct_10_Annette_Lyttle_30_Ann3_1571880000-1024x683.webp
DEBUG:root:Checking internal image: https://wordpress-810691-5571285.cloudwaysapps.com/wp-content/uploads/2025/08/2019_October_window_FH_month_16_1571880107-1024x683.webp
DEBUG:urllib3.connectionpool:Starting new HTTPS connection (1): wordpress-810691-5571285.cloudwaysapps.com:443
DEBUG:charset_normalizer:Encoding detection: utf_8 is most likely the one.
DEBUG:urllib3.connectionpool:Starting new HTTPS connection (1): wordpress-810691-5571285.cloudwaysapps.com:443
DEBUG:root:Extracted 443 characters, 65 words from https://wordpress-810691-5571285.cloudwaysapps.com/events/preserving-local-history-2026-07-22/
DEBUG:root:Checking external hyperlink: https://www.google.com/calendar/event?action=TEMPLATE&text=Preserving+Local+History&dates=20260722T100000/20260722T120000&details=Help+in+the+preservation+of+our+local+history+and+collections%2C+including+transcriptionists%2C+preservationists%2C+digitizers%2C+and+organization%C2%A0projects.&location=2525+Oakley+Seaver+Dr%2C+Clermont%2C+FL%2C+34711%2C+United+States&trp=false&sprop=https%3A%2F%2Fwordpress-810691-5571285.cloudwaysapps.com%2Fevents%2Fpreserving-local-history-2026-07-22%2F&sprop=name:Pastfinders&ctz=America%2FNew_York
DEBUG:urllib3.connectionpool:Starting new HTTPS connection (1): www.google.com:443
DEBUG:urllib3.connectionpool:https://www.google.com:443 "GET /calendar/event?action=TEMPLATE&text=Preserving+Local+History&dates=20260722T100000/20260722T120000&details=Help+in+the+preservation+of+our+local+history+and+collections%2C+including+transcriptionists%2C+preservationists%2C+digitizers%2C+and+organization%C2%A0projects.&location=2525+Oakley+Seaver+Dr%2C+Clermont%2C+FL%2C+34711%2C+United+States&trp=false&sprop=https%3A%2F%2Fwordpress-810691-5571285.cloudwaysapps.com%2Fevents%2Fpreserving-local-history-2026-07-22%2F&sprop=name:Pastfinders&ctz=America%2FNew_York HTTP/1.1" 302 0
DEBUG:urllib3.connectionpool:Starting new HTTPS connection (1): calendar.google.com:443
DEBUG:urllib3.connectionpool:https://wordpress-810691-5571285.cloudwaysapps.com:443 "GET /wp-content/uploads/2025/08/2014_12_Christmas_Dinner_12_1525055646-1024x683.webp HTTP/1.1" 200 94192
DEBUG:urllib3.connectionpool:https://wordpress-810691-5571285.cloudwaysapps.com:443 "GET /wp-content/uploads/2025/08/2019_October_window_FH_month_16_1571880107-1024x683.webp HTTP/1.1" 200 103858
DEBUG:root:✅ Image OK: https://wordpress-810691-5571285.cloudwaysapps.com/wp-content/uploads/2025/08/2014_12_Christmas_Dinner_12_1525055646-1024x683.webp
DEBUG:root:Checking internal image: https://wordpress-810691-5571285.cloudwaysapps.com/wp-content/uploads/2025/08/2014_12_Christmas_Dinner_7_1525055562-1024x683.webp
DEBUG:urllib3.connectionpool:Starting new HTTPS connection (1): wordpress-810691-5571285.cloudwaysapps.com:443
DEBUG:urllib3.connectionpool:https://wordpress-810691-5571285.cloudwaysapps.com:443 "GET /wp-content/uploads/2025/08/IMG_0001_1566271544-956x1024.webp HTTP/1.1" 200 140430
DEBUG:urllib3.connectionpool:https://calendar.google.com:443 "GET /calendar/event?action=TEMPLATE&text=Preserving+Local+History&dates=20260722T100000/20260722T120000&details=Help+in+the+preservation+of+our+local+history+and+collections,+including+transcriptionists,+preservationists,+digitizers,+and+organization%C2%A0projects.&location=2525+Oakley+Seaver+Dr,+Clermont,+FL,+34711,+United+States&trp=false&sprop=https://wordpress-810691-5571285.cloudwaysapps.com/events/preserving-local-history-2026-07-22/&sprop=name:Pastfinders&ctz=America/New_York HTTP/1.1" 302 0
DEBUG:urllib3.connectionpool:Starting new HTTPS connection (1): accounts.google.com:443
DEBUG:root:✅ Image OK: https://wordpress-810691-5571285.cloudwaysapps.com/wp-content/uploads/2025/08/2019_October_window_FH_month_16_1571880107-1024x683.webp
DEBUG:root:Checking internal image: https://wordpress-810691-5571285.cloudwaysapps.com/wp-content/uploads/2025/08/2019_October_window_FH_month_10_1571880107-1024x683.webp
DEBUG:urllib3.connectionpool:Starting new HTTPS connection (1): wordpress-810691-5571285.cloudwaysapps.com:443
DEBUG:root:✅ Image OK: https://wordpress-810691-5571285.cloudwaysapps.com/wp-content/uploads/2025/08/IMG_0001_1566271544-956x1024.webp
DEBUG:root:Checking internal image: https://wordpress-810691-5571285.cloudwaysapps.com/wp-content/uploads/2025/08/IMG_0005_Stitch_1566271544-753x1024.webp
DEBUG:urllib3.connectionpool:Starting new HTTPS connection (1): wordpress-810691-5571285.cloudwaysapps.com:443
DEBUG:urllib3.connectionpool:https://accounts.google.com:443 "GET /ServiceLogin?service=cl&passive=1209600&osid=1&continue=https://calendar.google.com/calendar/event?action%3DTEMPLATE%26text%3DPreserving%2BLocal%2BHistory%26dates%3D20260722T100000/20260722T120000%26details%3DHelp%2Bin%2Bthe%2Bpreservation%2Bof%2Bour%2Blocal%2Bhistory%2Band%2Bcollections,%2Bincluding%2Btranscriptionists,%2Bpreservationists,%2Bdigitizers,%2Band%2Borganization%25C2%25A0projects.%26location%3D2525%2BOakley%2BSeaver%2BDr,%2BClermont,%2BFL,%2B34711,%2BUnited%2BStates%26trp%3Dfalse%26sprop%3Dhttps://wordpress-810691-5571285.cloudwaysapps.com/events/preserving-local-history-2026-07-22/%26sprop%3Dname:Pastfinders%26ctz%3DAmerica/New_York&followup=https://calendar.google.com/calendar/event?action%3DTEMPLATE%26text%3DPreserving%2BLocal%2BHistory%26dates%3D20260722T100000/20260722T120000%26details%3DHelp%2Bin%2Bthe%2Bpreservation%2Bof%2Bour%2Blocal%2Bhistory%2Band%2Bcollections,%2Bincluding%2Btranscriptionists,%2Bpreservationists,%2Bdigitizers,%2Band%2Borganization%25C2%25A0projects.%26location%3D2525%2BOakley%2BSeaver%2BDr,%2BClermont,%2BFL,%2B34711,%2BUnited%2BStates%26trp%3Dfalse%26sprop%3Dhttps://wordpress-810691-5571285.cloudwaysapps.com/events/preserving-local-history-2026-07-22/%26sprop%3Dname:Pastfinders%26ctz%3DAmerica/New_York&emr=1 HTTP/1.1" 302 0
DEBUG:urllib3.connectionpool:https://accounts.google.com:443 "GET /InteractiveLogin?continue=https://calendar.google.com/calendar/event?action%3DTEMPLATE%26text%3DPreserving%2BLocal%2BHistory%26dates%3D20260722T100000/20260722T120000%26details%3DHelp%2Bin%2Bthe%2Bpreservation%2Bof%2Bour%2Blocal%2Bhistory%2Band%2Bcollections,%2Bincluding%2Btranscriptionists,%2Bpreservationists,%2Bdigitizers,%2Band%2Borganization%25C2%25A0projects.%26location%3D2525%2BOakley%2BSeaver%2BDr,%2BClermont,%2BFL,%2B34711,%2BUnited%2BStates%26trp%3Dfalse%26sprop%3Dhttps://wordpress-810691-5571285.cloudwaysapps.com/events/preserving-local-history-2026-07-22/%26sprop%3Dname:Pastfinders%26ctz%3DAmerica/New_York&emr=1&followup=https://calendar.google.com/calendar/event?action%3DTEMPLATE%26text%3DPreserving%2BLocal%2BHistory%26dates%3D20260722T100000/20260722T120000%26details%3DHelp%2Bin%2Bthe%2Bpreservation%2Bof%2Bour%2Blocal%2Bhistory%2Band%2Bcollections,%2Bincluding%2Btranscriptionists,%2Bpreservationists,%2Bdigitizers,%2Band%2Borganization%25C2%25A0projects.%26location%3D2525%2BOakley%2BSeaver%2BDr,%2BClermont,%2BFL,%2B34711,%2BUnited%2BStates%26trp%3Dfalse%26sprop%3Dhttps://wordpress-810691-5571285.cloudwaysapps.com/events/preserving-local-history-2026-07-22/%26sprop%3Dname:Pastfinders%26ctz%3DAmerica/New_York&osid=1&passive=1209600&service=cl&ifkv=AdBytiM-BjLfucFywnAb0JFVZdvuOEuyqLQlS1HPbWv3HH3xkXfGIydhyyP-vFckBRsUdutQOPc6 HTTP/1.1" 302 None
DEBUG:urllib3.connectionpool:https://wordpress-810691-5571285.cloudwaysapps.com:443 "GET /wp-content/uploads/2025/08/2014_12_Christmas_Dinner_7_1525055562-1024x683.webp HTTP/1.1" 200 97938
DEBUG:root:✅ Image OK: https://wordpress-810691-5571285.cloudwaysapps.com/wp-content/uploads/2025/08/2014_12_Christmas_Dinner_7_1525055562-1024x683.webp
DEBUG:root:Checking internal image: https://wordpress-810691-5571285.cloudwaysapps.com/wp-content/uploads/2025/08/2014_12_Christmas_Dinner_27_1525055949-1024x683.webp
DEBUG:urllib3.connectionpool:Starting new HTTPS connection (1): wordpress-810691-5571285.cloudwaysapps.com:443
DEBUG:urllib3.connectionpool:https://accounts.google.com:443 "GET /v3/signin/identifier?continue=https%3A%2F%2Fcalendar.google.com%2Fcalendar%2Fevent%3Faction%3DTEMPLATE%26text%3DPreserving%2BLocal%2BHistory%26dates%3D20260722T100000%2F20260722T120000%26details%3DHelp%2Bin%2Bthe%2Bpreservation%2Bof%2Bour%2Blocal%2Bhistory%2Band%2Bcollections%2C%2Bincluding%2Btranscriptionists%2C%2Bpreservationists%2C%2Bdigitizers%2C%2Band%2Borganization%25C2%25A0projects.%26location%3D2525%2BOakley%2BSeaver%2BDr%2C%2BClermont%2C%2BFL%2C%2B34711%2C%2BUnited%2BStates%26trp%3Dfalse%26sprop%3Dhttps%3A%2F%2Fwordpress-810691-5571285.cloudwaysapps.com%2Fevents%2Fpreserving-local-history-2026-07-22%2F%26sprop%3Dname%3APastfinders%26ctz%3DAmerica%2FNew_York&emr=1&followup=https%3A%2F%2Fcalendar.google.com%2Fcalendar%2Fevent%3Faction%3DTEMPLATE%26text%3DPreserving%2BLocal%2BHistory%26dates%3D20260722T100000%2F20260722T120000%26details%3DHelp%2Bin%2Bthe%2Bpreservation%2Bof%2Bour%2Blocal%2Bhistory%2Band%2Bcollections%2C%2Bincluding%2Btranscriptionists%2C%2Bpreservationists%2C%2Bdigitizers%2C%2Band%2Borganization%25C2%25A0projects.%26location%3D2525%2BOakley%2BSeaver%2BDr%2C%2BClermont%2C%2BFL%2C%2B34711%2C%2BUnited%2BStates%26trp%3Dfalse%26sprop%3Dhttps%3A%2F%2Fwordpress-810691-5571285.cloudwaysapps.com%2Fevents%2Fpreserving-local-history-2026-07-22%2F%26sprop%3Dname%3APastfinders%26ctz%3DAmerica%2FNew_York&ifkv=AdBytiPLmRm7QW6E8jRtO2iH29J_ybo4u_WuS1Sv5Wp3GKPj_Wh8hY0aREq-yo6h3qp63nnJajlx&osid=1&passive=1209600&service=cl&flowName=WebLiteSignIn&flowEntry=ServiceLogin&dsh=S1175136708%3A1756758175101674 HTTP/1.1" 200 None
DEBUG:urllib3.connectionpool:https://wordpress-810691-5571285.cloudwaysapps.com:443 "GET /wp-content/uploads/2025/08/2019_October_window_FH_month_10_1571880107-1024x683.webp HTTP/1.1" 200 99698
DEBUG:urllib3.connectionpool:https://wordpress-810691-5571285.cloudwaysapps.com:443 "GET /wp-content/uploads/2025/08/IMG_0005_Stitch_1566271544-753x1024.webp HTTP/1.1" 200 178530
DEBUG:root:✅ Image OK: https://wordpress-810691-5571285.cloudwaysapps.com/wp-content/uploads/2025/08/2019_October_window_FH_month_10_1571880107-1024x683.webp
DEBUG:root:Checking internal image: https://wordpress-810691-5571285.cloudwaysapps.com/wp-content/uploads/2025/08/2019_October_window_FH_month_17_1571880107-1024x683.webp
DEBUG:root:✅ Hyperlink OK: https://www.google.com/calendar/event?action=TEMPLATE&text=Preserving+Local+History&dates=20260722T100000/20260722T120000&details=Help+in+the+preservation+of+our+local+history+and+collections%2C+including+transcriptionists%2C+preservationists%2C+digitizers%2C+and+organization%C2%A0projects.&location=2525+Oakley+Seaver+Dr%2C+Clermont%2C+FL%2C+34711%2C+United+States&trp=false&sprop=https%3A%2F%2Fwordpress-810691-5571285.cloudwaysapps.com%2Fevents%2Fpreserving-local-history-2026-07-22%2F&sprop=name:Pastfinders&ctz=America%2FNew_York
DEBUG:root:Checking external hyperlink: https://outlook.office.com/calendar/0/deeplink/compose?allday=false&body=Help+in+the+preservation+of+our+local+history+and+collections%2C+including+transcriptionists%2C+preservationists%2C+digitizers%2C+and+organization%C2%A0projects.&location=2525+Oakley+Seaver+Dr%2C+Clermont%2C+FL%2C+34711%2C+United+States&path=/calendar/action/compose&rru=addevent&startdt=2026-07-22T10%3A00%3A00-04%3A00&enddt=2026-07-22T12%3A00%3A00-04%3A00&subject=Preserving+Local+History
DEBUG:urllib3.connectionpool:Starting new HTTPS connection (1): wordpress-810691-5571285.cloudwaysapps.com:443
DEBUG:urllib3.connectionpool:Starting new HTTPS connection (1): outlook.office.com:443
DEBUG:root:✅ Image OK: https://wordpress-810691-5571285.cloudwaysapps.com/wp-content/uploads/2025/08/IMG_0005_Stitch_1566271544-753x1024.webp
DEBUG:root:Checking internal image: https://wordpress-810691-5571285.cloudwaysapps.com/wp-content/uploads/2025/08/IMG_0004_3_1566271544-1024x764.webp
DEBUG:urllib3.connectionpool:Starting new HTTPS connection (1): wordpress-810691-5571285.cloudwaysapps.com:443
DEBUG:urllib3.connectionpool:https://wordpress-810691-5571285.cloudwaysapps.com:443 "GET /wp-content/uploads/2025/08/2014_12_Christmas_Dinner_27_1525055949-1024x683.webp HTTP/1.1" 200 49660
DEBUG:urllib3.connectionpool:https://outlook.office.com:443 "GET /calendar/0/deeplink/compose?allday=false&body=Help+in+the+preservation+of+our+local+history+and+collections%2C+including+transcriptionists%2C+preservationists%2C+digitizers%2C+and+organization%C2%A0projects.&location=2525+Oakley+Seaver+Dr%2C+Clermont%2C+FL%2C+34711%2C+United+States&path=/calendar/action/compose&rru=addevent&startdt=2026-07-22T10%3A00%3A00-04%3A00&enddt=2026-07-22T12%3A00%3A00-04%3A00&subject=Preserving+Local+History HTTP/1.1" 200 None
DEBUG:root:✅ Hyperlink OK: https://outlook.office.com/calendar/0/deeplink/compose?allday=false&body=Help+in+the+preservation+of+our+local+history+and+collections%2C+including+transcriptionists%2C+preservationists%2C+digitizers%2C+and+organization%C2%A0projects.&location=2525+Oakley+Seaver+Dr%2C+Clermont%2C+FL%2C+34711%2C+United+States&path=/calendar/action/compose&rru=addevent&startdt=2026-07-22T10%3A00%3A00-04%3A00&enddt=2026-07-22T12%3A00%3A00-04%3A00&subject=Preserving+Local+History
DEBUG:root:Checking external hyperlink: https://outlook.live.com/calendar/0/deeplink/compose?allday=false&body=Help+in+the+preservation+of+our+local+history+and+collections%2C+including+transcriptionists%2C+preservationists%2C+digitizers%2C+and+organization%C2%A0projects.&location=2525+Oakley+Seaver+Dr%2C+Clermont%2C+FL%2C+34711%2C+United+States&path=/calendar/action/compose&rru=addevent&startdt=2026-07-22T10%3A00%3A00-04%3A00&enddt=2026-07-22T12%3A00%3A00-04%3A00&subject=Preserving+Local+History
DEBUG:urllib3.connectionpool:Starting new HTTPS connection (1): outlook.live.com:443
DEBUG:root:✅ Image OK: https://wordpress-810691-5571285.cloudwaysapps.com/wp-content/uploads/2025/08/2014_12_Christmas_Dinner_27_1525055949-1024x683.webp
DEBUG:root:Checking internal image: https://wordpress-810691-5571285.cloudwaysapps.com/wp-content/uploads/2025/08/2014_12_Christmas_Dinner_20_1525055821-1024x683.webp
DEBUG:urllib3.connectionpool:Starting new HTTPS connection (1): wordpress-810691-5571285.cloudwaysapps.com:443
DEBUG:urllib3.connectionpool:https://wordpress-810691-5571285.cloudwaysapps.com:443 "GET /wp-content/uploads/2025/08/2019_October_window_FH_month_17_1571880107-1024x683.webp HTTP/1.1" 200 112010
DEBUG:urllib3.connectionpool:https://wordpress-810691-5571285.cloudwaysapps.com:443 "GET /wp-content/uploads/2025/08/IMG_0004_3_1566271544-1024x764.webp HTTP/1.1" 200 116378
DEBUG:root:✅ Image OK: https://wordpress-810691-5571285.cloudwaysapps.com/wp-content/uploads/2025/08/2019_October_window_FH_month_17_1571880107-1024x683.webp
DEBUG:root:Checking internal image: https://wordpress-810691-5571285.cloudwaysapps.com/wp-content/uploads/2025/08/2019_10_Oct_10_Annette_Lyttle_30_Ann10_1571880000-1024x683.webp
DEBUG:urllib3.connectionpool:Starting new HTTPS connection (1): wordpress-810691-5571285.cloudwaysapps.com:443
DEBUG:root:✅ Image OK: https://wordpress-810691-5571285.cloudwaysapps.com/wp-content/uploads/2025/08/IMG_0004_3_1566271544-1024x764.webp
DEBUG:root:Checking internal image: https://wordpress-810691-5571285.cloudwaysapps.com/wp-content/uploads/2025/08/IMG_0021_1566271654-1024x783.webp
DEBUG:urllib3.connectionpool:Starting new HTTPS connection (1): wordpress-810691-5571285.cloudwaysapps.com:443
DEBUG:urllib3.connectionpool:https://wordpress-810691-5571285.cloudwaysapps.com:443 "GET /wp-content/uploads/2025/08/2014_12_Christmas_Dinner_20_1525055821-1024x683.webp HTTP/1.1" 200 112720
DEBUG:urllib3.connectionpool:https://outlook.live.com:443 "GET /calendar/0/deeplink/compose?allday=false&body=Help+in+the+preservation+of+our+local+history+and+collections%2C+including+transcriptionists%2C+preservationists%2C+digitizers%2C+and+organization%C2%A0projects.&location=2525+Oakley+Seaver+Dr%2C+Clermont%2C+FL%2C+34711%2C+United+States&path=/calendar/action/compose&rru=addevent&startdt=2026-07-22T10%3A00%3A00-04%3A00&enddt=2026-07-22T12%3A00%3A00-04%3A00&subject=Preserving+Local+History HTTP/1.1" 200 None
DEBUG:root:✅ Hyperlink OK: https://outlook.live.com/calendar/0/deeplink/compose?allday=false&body=Help+in+the+preservation+of+our+local+history+and+collections%2C+including+transcriptionists%2C+preservationists%2C+digitizers%2C+and+organization%C2%A0projects.&location=2525+Oakley+Seaver+Dr%2C+Clermont%2C+FL%2C+34711%2C+United+States&path=/calendar/action/compose&rru=addevent&startdt=2026-07-22T10%3A00%3A00-04%3A00&enddt=2026-07-22T12%3A00%3A00-04%3A00&subject=Preserving+Local+History
DEBUG:root:Using regex pattern: \b[a-zA-Z]{3,}\b
DEBUG:root:Found 44 words to check in https://wordpress-810691-5571285.cloudwaysapps.com/events/preserving-local-history-2026-07-22/ (min_length=3)
DEBUG:root:Sample words from https://wordpress-810691-5571285.cloudwaysapps.com/events/preserving-local-history-2026-07-22/: ['This', 'alert', 'Skip', 'content', 'Preserving', 'Local', 'History', 'When', 'July', 'Add']
DEBUG:root:Misspelled word found: 'transcriptionists' in https://wordpress-810691-5571285.cloudwaysapps.com/events/preserving-local-history-2026-07-22/
DEBUG:root:Spell check results for https://wordpress-810691-5571285.cloudwaysapps.com/events/preserving-local-history-2026-07-22/: 17 words checked, 27 skipped, 1 errors found
INFO:root:✅ Processed https://wordpress-810691-5571285.cloudwaysapps.com/events/preserving-local-history-2026-07-22/: 1 errors found, 65 words checked
DEBUG:root:Attempting to fetch: https://wordpress-810691-5571285.cloudwaysapps.com/galleries/2016-guest-speakers-and-events/
Processing pages:  22%|██▏       | 83/381 [00:51<04:01,  1.24it/s]DEBUG:urllib3.connectionpool:https://wordpress-810691-5571285.cloudwaysapps.com:443 "GET /galleries/2016-guest-speakers-and-events/ HTTP/1.1" 200 None
DEBUG:root:Successfully fetched https://wordpress-810691-5571285.cloudwaysapps.com/galleries/2016-guest-speakers-and-events/ (Content-Length: 125766)
DEBUG:charset_normalizer:Encoding detection: utf_8 is most likely the one.
DEBUG:root:Extracted 779 characters, 173 words from https://wordpress-810691-5571285.cloudwaysapps.com/galleries/2016-guest-speakers-and-events/
DEBUG:root:✅ Image OK: https://wordpress-810691-5571285.cloudwaysapps.com/wp-content/uploads/2025/08/2014_12_Christmas_Dinner_20_1525055821-1024x683.webp
DEBUG:root:Checking internal image: https://wordpress-810691-5571285.cloudwaysapps.com/wp-content/uploads/2025/08/one_on_one_poster_1525135597.webp
DEBUG:root:Checking internal image: https://wordpress-810691-5571285.cloudwaysapps.com/wp-content/uploads/2025/08/2014_12_Christmas_Dinner_22_1525055857-1024x683.webp
DEBUG:urllib3.connectionpool:Starting new HTTPS connection (1): wordpress-810691-5571285.cloudwaysapps.com:443
DEBUG:urllib3.connectionpool:Starting new HTTPS connection (1): wordpress-810691-5571285.cloudwaysapps.com:443
DEBUG:urllib3.connectionpool:https://wordpress-810691-5571285.cloudwaysapps.com:443 "GET /wp-content/uploads/2025/08/2019_10_Oct_10_Annette_Lyttle_30_Ann10_1571880000-1024x683.webp HTTP/1.1" 200 60920
DEBUG:root:✅ Image OK: https://wordpress-810691-5571285.cloudwaysapps.com/wp-content/uploads/2025/08/2019_10_Oct_10_Annette_Lyttle_30_Ann10_1571880000-1024x683.webp
DEBUG:root:Checking internal image: https://wordpress-810691-5571285.cloudwaysapps.com/wp-content/uploads/2025/08/2019_10_Oct_10_Annette_Lyttle_30_Ann29_1571880000-1024x683.webp
DEBUG:urllib3.connectionpool:Starting new HTTPS connection (1): wordpress-810691-5571285.cloudwaysapps.com:443
DEBUG:urllib3.connectionpool:https://wordpress-810691-5571285.cloudwaysapps.com:443 "GET /wp-content/uploads/2025/08/IMG_0021_1566271654-1024x783.webp HTTP/1.1" 200 169840
DEBUG:urllib3.connectionpool:https://wordpress-810691-5571285.cloudwaysapps.com:443 "GET /wp-content/uploads/2025/08/2014_12_Christmas_Dinner_22_1525055857-1024x683.webp HTTP/1.1" 200 63224
DEBUG:urllib3.connectionpool:https://wordpress-810691-5571285.cloudwaysapps.com:443 "GET /wp-content/uploads/2025/08/one_on_one_poster_1525135597.webp HTTP/1.1" 200 96378
DEBUG:root:✅ Image OK: https://wordpress-810691-5571285.cloudwaysapps.com/wp-content/uploads/2025/08/2014_12_Christmas_Dinner_22_1525055857-1024x683.webp
DEBUG:root:Checking internal image: https://wordpress-810691-5571285.cloudwaysapps.com/wp-content/uploads/2025/08/2014_12_Christmas_Dinner_15_1525055696-1024x683.webp
DEBUG:root:✅ Image OK: https://wordpress-810691-5571285.cloudwaysapps.com/wp-content/uploads/2025/08/one_on_one_poster_1525135597.webp
DEBUG:root:Checking internal image: https://wordpress-810691-5571285.cloudwaysapps.com/wp-content/uploads/2025/08/2016_9_6_knight_black_mayflower_1_1525135363-226x1024.webp
DEBUG:urllib3.connectionpool:Starting new HTTPS connection (1): wordpress-810691-5571285.cloudwaysapps.com:443
DEBUG:urllib3.connectionpool:Starting new HTTPS connection (1): wordpress-810691-5571285.cloudwaysapps.com:443
DEBUG:root:✅ Image OK: https://wordpress-810691-5571285.cloudwaysapps.com/wp-content/uploads/2025/08/IMG_0021_1566271654-1024x783.webp
DEBUG:root:Checking internal image: https://wordpress-810691-5571285.cloudwaysapps.com/wp-content/uploads/2025/08/IMG_0002_1_1566271544-1024x819.webp
DEBUG:urllib3.connectionpool:Starting new HTTPS connection (1): wordpress-810691-5571285.cloudwaysapps.com:443
DEBUG:urllib3.connectionpool:https://wordpress-810691-5571285.cloudwaysapps.com:443 "GET /wp-content/uploads/2025/08/2019_10_Oct_10_Annette_Lyttle_30_Ann29_1571880000-1024x683.webp HTTP/1.1" 200 82778
DEBUG:root:✅ Image OK: https://wordpress-810691-5571285.cloudwaysapps.com/wp-content/uploads/2025/08/2019_10_Oct_10_Annette_Lyttle_30_Ann29_1571880000-1024x683.webp
DEBUG:root:Checking internal image: https://wordpress-810691-5571285.cloudwaysapps.com/wp-content/uploads/2025/08/2019_10_Oct_10_Annette_Lyttle_30_Ann26_1571880000-1024x683.webp
DEBUG:urllib3.connectionpool:Starting new HTTPS connection (1): wordpress-810691-5571285.cloudwaysapps.com:443
DEBUG:urllib3.connectionpool:https://wordpress-810691-5571285.cloudwaysapps.com:443 "GET /wp-content/uploads/2025/08/2014_12_Christmas_Dinner_15_1525055696-1024x683.webp HTTP/1.1" 200 72898
DEBUG:urllib3.connectionpool:https://wordpress-810691-5571285.cloudwaysapps.com:443 "GET /wp-content/uploads/2025/08/IMG_0002_1_1566271544-1024x819.webp HTTP/1.1" 200 123488
DEBUG:urllib3.connectionpool:https://wordpress-810691-5571285.cloudwaysapps.com:443 "GET /wp-content/uploads/2025/08/2016_9_6_knight_black_mayflower_1_1525135363-226x1024.webp HTTP/1.1" 200 66598
DEBUG:root:✅ Image OK: https://wordpress-810691-5571285.cloudwaysapps.com/wp-content/uploads/2025/08/2014_12_Christmas_Dinner_15_1525055696-1024x683.webp
DEBUG:root:Checking internal image: https://wordpress-810691-5571285.cloudwaysapps.com/wp-content/uploads/2025/08/2014_12_Christmas_Dinner_33_1525056096-1024x683.webp
DEBUG:urllib3.connectionpool:Starting new HTTPS connection (1): wordpress-810691-5571285.cloudwaysapps.com:443
DEBUG:root:✅ Image OK: https://wordpress-810691-5571285.cloudwaysapps.com/wp-content/uploads/2025/08/2016_9_6_knight_black_mayflower_1_1525135363-226x1024.webp
DEBUG:root:Checking internal image: https://wordpress-810691-5571285.cloudwaysapps.com/wp-content/uploads/2025/08/IMG_0015_1566946405-476x1024.webp
DEBUG:root:✅ Image OK: https://wordpress-810691-5571285.cloudwaysapps.com/wp-content/uploads/2025/08/IMG_0002_1_1566271544-1024x819.webp
DEBUG:root:Using regex pattern: \b[a-zA-Z]{3,}\b
DEBUG:root:Found 111 words to check in https://wordpress-810691-5571285.cloudwaysapps.com/galleries/2011-pastfinders-news/ (min_length=3)
DEBUG:root:Sample words from https://wordpress-810691-5571285.cloudwaysapps.com/galleries/2011-pastfinders-news/: ['This', 'alert', 'Skip', 'content', 'Pastfinders', 'News', 'images', 'Click', 'view', 'Click']
DEBUG:root:Spell check results for https://wordpress-810691-5571285.cloudwaysapps.com/galleries/2011-pastfinders-news/: 53 words checked, 58 skipped, 0 errors found
INFO:root:✅ Processed https://wordpress-810691-5571285.cloudwaysapps.com/galleries/2011-pastfinders-news/: 0 errors found, 223 words checked
DEBUG:root:Attempting to fetch: https://wordpress-810691-5571285.cloudwaysapps.com/events/family-book-creator-special-interest-group-sig-2027-08-23/
DEBUG:urllib3.connectionpool:https://wordpress-810691-5571285.cloudwaysapps.com:443 "GET /wp-content/uploads/2025/08/2019_10_Oct_10_Annette_Lyttle_30_Ann26_1571880000-1024x683.webp HTTP/1.1" 200 87802
Processing pages:  22%|██▏       | 84/381 [00:53<05:38,  1.14s/it]DEBUG:urllib3.connectionpool:Starting new HTTPS connection (1): wordpress-810691-5571285.cloudwaysapps.com:443
DEBUG:root:✅ Image OK: https://wordpress-810691-5571285.cloudwaysapps.com/wp-content/uploads/2025/08/2019_10_Oct_10_Annette_Lyttle_30_Ann26_1571880000-1024x683.webp
DEBUG:root:Checking internal image: https://wordpress-810691-5571285.cloudwaysapps.com/wp-content/uploads/2025/08/2019_10_Oct_10_Annette_Lyttle_30_Ann6_1571880246-1024x683.webp
DEBUG:urllib3.connectionpool:Starting new HTTPS connection (1): wordpress-810691-5571285.cloudwaysapps.com:443
DEBUG:urllib3.connectionpool:https://wordpress-810691-5571285.cloudwaysapps.com:443 "GET /events/family-book-creator-special-interest-group-sig-2027-08-23/ HTTP/1.1" 200 None
DEBUG:root:Successfully fetched https://wordpress-810691-5571285.cloudwaysapps.com/events/family-book-creator-special-interest-group-sig-2027-08-23/ (Content-Length: 42523)
DEBUG:charset_normalizer:Encoding detection: utf_8 is most likely the one.
DEBUG:root:Extracted 845 characters, 141 words from https://wordpress-810691-5571285.cloudwaysapps.com/events/family-book-creator-special-interest-group-sig-2027-08-23/
DEBUG:root:Checking external hyperlink: https://www.google.com/calendar/event?action=TEMPLATE&text=Family+Book+Creator+Special+Interest+Group+%28SIG%29&dates=20270823T190000/20270823T200000&details=This+group+grew+out+of+our+original+FBC+Study+Group%2C+a+joint+effort+between+Pastfinders+and+Kinseekers.+For+now%2C+membership+is+limited+to+participants+of+that+original+group%2C+but+we+hope+to+welcome+more+members+in+the+future.&location=&trp=false&sprop=https%3A%2F%2Fwordpress-810691-5571285.cloudwaysapps.com%2Fevents%2Ffamily-book-creator-special-interest-group-sig-2027-08-23%2F&sprop=name:Pastfinders&ctz=America%2FNew_York
DEBUG:urllib3.connectionpool:Starting new HTTPS connection (1): www.google.com:443
DEBUG:urllib3.connectionpool:https://wordpress-810691-5571285.cloudwaysapps.com:443 "GET /wp-content/uploads/2025/08/2014_12_Christmas_Dinner_33_1525056096-1024x683.webp HTTP/1.1" 200 65180
DEBUG:urllib3.connectionpool:https://www.google.com:443 "GET /calendar/event?action=TEMPLATE&text=Family+Book+Creator+Special+Interest+Group+%28SIG%29&dates=20270823T190000/20270823T200000&details=This+group+grew+out+of+our+original+FBC+Study+Group%2C+a+joint+effort+between+Pastfinders+and+Kinseekers.+For+now%2C+membership+is+limited+to+participants+of+that+original+group%2C+but+we+hope+to+welcome+more+members+in+the+future.&location=&trp=false&sprop=https%3A%2F%2Fwordpress-810691-5571285.cloudwaysapps.com%2Fevents%2Ffamily-book-creator-special-interest-group-sig-2027-08-23%2F&sprop=name:Pastfinders&ctz=America%2FNew_York HTTP/1.1" 302 0
DEBUG:urllib3.connectionpool:Starting new HTTPS connection (1): calendar.google.com:443
DEBUG:root:✅ Image OK: https://wordpress-810691-5571285.cloudwaysapps.com/wp-content/uploads/2025/08/2014_12_Christmas_Dinner_33_1525056096-1024x683.webp
DEBUG:root:Checking internal image: https://wordpress-810691-5571285.cloudwaysapps.com/wp-content/uploads/2025/08/2014_12_Christmas_Dinner_18_1525055767-1024x683.webp
DEBUG:urllib3.connectionpool:Starting new HTTPS connection (1): wordpress-810691-5571285.cloudwaysapps.com:443
DEBUG:urllib3.connectionpool:https://wordpress-810691-5571285.cloudwaysapps.com:443 "GET /wp-content/uploads/2025/08/IMG_0015_1566946405-476x1024.webp HTTP/1.1" 200 90126
DEBUG:root:✅ Image OK: https://wordpress-810691-5571285.cloudwaysapps.com/wp-content/uploads/2025/08/IMG_0015_1566946405-476x1024.webp
DEBUG:root:Checking internal image: https://wordpress-810691-5571285.cloudwaysapps.com/wp-content/uploads/2025/08/1112_1566946156-925x1024.webp
DEBUG:urllib3.connectionpool:Starting new HTTPS connection (1): wordpress-810691-5571285.cloudwaysapps.com:443
DEBUG:urllib3.connectionpool:https://wordpress-810691-5571285.cloudwaysapps.com:443 "GET /wp-content/uploads/2025/08/2019_10_Oct_10_Annette_Lyttle_30_Ann6_1571880246-1024x683.webp HTTP/1.1" 200 90002
DEBUG:root:✅ Image OK: https://wordpress-810691-5571285.cloudwaysapps.com/wp-content/uploads/2025/08/2019_10_Oct_10_Annette_Lyttle_30_Ann6_1571880246-1024x683.webp
DEBUG:root:Checking internal image: https://wordpress-810691-5571285.cloudwaysapps.com/wp-content/uploads/2025/08/2019_10_Oct_10_Annette_Lyttle_30_Ann68_1571880107-1024x683.webp
DEBUG:urllib3.connectionpool:Starting new HTTPS connection (1): wordpress-810691-5571285.cloudwaysapps.com:443
DEBUG:urllib3.connectionpool:https://calendar.google.com:443 "GET /calendar/event?action=TEMPLATE&text=Family+Book+Creator+Special+Interest+Group+(SIG)&dates=20270823T190000/20270823T200000&details=This+group+grew+out+of+our+original+FBC+Study+Group,+a+joint+effort+between+Pastfinders+and+Kinseekers.+For+now,+membership+is+limited+to+participants+of+that+original+group,+but+we+hope+to+welcome+more+members+in+the+future.&location&trp=false&sprop=https://wordpress-810691-5571285.cloudwaysapps.com/events/family-book-creator-special-interest-group-sig-2027-08-23/&sprop=name:Pastfinders&ctz=America/New_York HTTP/1.1" 302 0
DEBUG:urllib3.connectionpool:Starting new HTTPS connection (1): accounts.google.com:443
DEBUG:urllib3.connectionpool:https://wordpress-810691-5571285.cloudwaysapps.com:443 "GET /wp-content/uploads/2025/08/2014_12_Christmas_Dinner_18_1525055767-1024x683.webp HTTP/1.1" 200 113792
DEBUG:urllib3.connectionpool:https://accounts.google.com:443 "GET /ServiceLogin?service=cl&passive=1209600&osid=1&continue=https://calendar.google.com/calendar/event?action%3DTEMPLATE%26text%3DFamily%2BBook%2BCreator%2BSpecial%2BInterest%2BGroup%2B(SIG)%26dates%3D20270823T190000/20270823T200000%26details%3DThis%2Bgroup%2Bgrew%2Bout%2Bof%2Bour%2Boriginal%2BFBC%2BStudy%2BGroup,%2Ba%2Bjoint%2Beffort%2Bbetween%2BPastfinders%2Band%2BKinseekers.%2BFor%2Bnow,%2Bmembership%2Bis%2Blimited%2Bto%2Bparticipants%2Bof%2Bthat%2Boriginal%2Bgroup,%2Bbut%2Bwe%2Bhope%2Bto%2Bwelcome%2Bmore%2Bmembers%2Bin%2Bthe%2Bfuture.%26location%26trp%3Dfalse%26sprop%3Dhttps://wordpress-810691-5571285.cloudwaysapps.com/events/family-book-creator-special-interest-group-sig-2027-08-23/%26sprop%3Dname:Pastfinders%26ctz%3DAmerica/New_York&followup=https://calendar.google.com/calendar/event?action%3DTEMPLATE%26text%3DFamily%2BBook%2BCreator%2BSpecial%2BInterest%2BGroup%2B(SIG)%26dates%3D20270823T190000/20270823T200000%26details%3DThis%2Bgroup%2Bgrew%2Bout%2Bof%2Bour%2Boriginal%2BFBC%2BStudy%2BGroup,%2Ba%2Bjoint%2Beffort%2Bbetween%2BPastfinders%2Band%2BKinseekers.%2BFor%2Bnow,%2Bmembership%2Bis%2Blimited%2Bto%2Bparticipants%2Bof%2Bthat%2Boriginal%2Bgroup,%2Bbut%2Bwe%2Bhope%2Bto%2Bwelcome%2Bmore%2Bmembers%2Bin%2Bthe%2Bfuture.%26location%26trp%3Dfalse%26sprop%3Dhttps://wordpress-810691-5571285.cloudwaysapps.com/events/family-book-creator-special-interest-group-sig-2027-08-23/%26sprop%3Dname:Pastfinders%26ctz%3DAmerica/New_York&emr=1 HTTP/1.1" 302 0
DEBUG:urllib3.connectionpool:https://accounts.google.com:443 "GET /InteractiveLogin?continue=https://calendar.google.com/calendar/event?action%3DTEMPLATE%26text%3DFamily%2BBook%2BCreator%2BSpecial%2BInterest%2BGroup%2B(SIG)%26dates%3D20270823T190000/20270823T200000%26details%3DThis%2Bgroup%2Bgrew%2Bout%2Bof%2Bour%2Boriginal%2BFBC%2BStudy%2BGroup,%2Ba%2Bjoint%2Beffort%2Bbetween%2BPastfinders%2Band%2BKinseekers.%2BFor%2Bnow,%2Bmembership%2Bis%2Blimited%2Bto%2Bparticipants%2Bof%2Bthat%2Boriginal%2Bgroup,%2Bbut%2Bwe%2Bhope%2Bto%2Bwelcome%2Bmore%2Bmembers%2Bin%2Bthe%2Bfuture.%26location%26trp%3Dfalse%26sprop%3Dhttps://wordpress-810691-5571285.cloudwaysapps.com/events/family-book-creator-special-interest-group-sig-2027-08-23/%26sprop%3Dname:Pastfinders%26ctz%3DAmerica/New_York&emr=1&followup=https://calendar.google.com/calendar/event?action%3DTEMPLATE%26text%3DFamily%2BBook%2BCreator%2BSpecial%2BInterest%2BGroup%2B(SIG)%26dates%3D20270823T190000/20270823T200000%26details%3DThis%2Bgroup%2Bgrew%2Bout%2Bof%2Bour%2Boriginal%2BFBC%2BStudy%2BGroup,%2Ba%2Bjoint%2Beffort%2Bbetween%2BPastfinders%2Band%2BKinseekers.%2BFor%2Bnow,%2Bmembership%2Bis%2Blimited%2Bto%2Bparticipants%2Bof%2Bthat%2Boriginal%2Bgroup,%2Bbut%2Bwe%2Bhope%2Bto%2Bwelcome%2Bmore%2Bmembers%2Bin%2Bthe%2Bfuture.%26location%26trp%3Dfalse%26sprop%3Dhttps://wordpress-810691-5571285.cloudwaysapps.com/events/family-book-creator-special-interest-group-sig-2027-08-23/%26sprop%3Dname:Pastfinders%26ctz%3DAmerica/New_York&osid=1&passive=1209600&service=cl&ifkv=AdBytiPuL50TruxB4twaOnonxtMBONYxU9Oe1mcJ7aJAWeYXQQBXnSxAF65o_oUfXPsu0TZOfWPi HTTP/1.1" 302 None
DEBUG:urllib3.connectionpool:https://wordpress-810691-5571285.cloudwaysapps.com:443 "GET /wp-content/uploads/2025/08/1112_1566946156-925x1024.webp HTTP/1.1" 200 114948
DEBUG:root:✅ Image OK: https://wordpress-810691-5571285.cloudwaysapps.com/wp-content/uploads/2025/08/2014_12_Christmas_Dinner_18_1525055767-1024x683.webp
DEBUG:root:Checking internal image: https://wordpress-810691-5571285.cloudwaysapps.com/wp-content/uploads/2025/08/2014_12_Christmas_Dinner_28_1525055976-1024x683.webp
DEBUG:urllib3.connectionpool:Starting new HTTPS connection (1): wordpress-810691-5571285.cloudwaysapps.com:443
DEBUG:urllib3.connectionpool:https://wordpress-810691-5571285.cloudwaysapps.com:443 "GET /wp-content/uploads/2025/08/2019_10_Oct_10_Annette_Lyttle_30_Ann68_1571880107-1024x683.webp HTTP/1.1" 200 59522
DEBUG:root:✅ Image OK: https://wordpress-810691-5571285.cloudwaysapps.com/wp-content/uploads/2025/08/2019_10_Oct_10_Annette_Lyttle_30_Ann68_1571880107-1024x683.webp
DEBUG:root:Checking internal image: https://wordpress-810691-5571285.cloudwaysapps.com/wp-content/uploads/2025/08/2019_October_window_FH_month_8_1571880107-1024x683.webp
DEBUG:urllib3.connectionpool:Starting new HTTPS connection (1): wordpress-810691-5571285.cloudwaysapps.com:443
DEBUG:urllib3.connectionpool:https://accounts.google.com:443 "GET /v3/signin/identifier?continue=https%3A%2F%2Fcalendar.google.com%2Fcalendar%2Fevent%3Faction%3DTEMPLATE%26text%3DFamily%2BBook%2BCreator%2BSpecial%2BInterest%2BGroup%2B%28SIG%29%26dates%3D20270823T190000%2F20270823T200000%26details%3DThis%2Bgroup%2Bgrew%2Bout%2Bof%2Bour%2Boriginal%2BFBC%2BStudy%2BGroup%2C%2Ba%2Bjoint%2Beffort%2Bbetween%2BPastfinders%2Band%2BKinseekers.%2BFor%2Bnow%2C%2Bmembership%2Bis%2Blimited%2Bto%2Bparticipants%2Bof%2Bthat%2Boriginal%2Bgroup%2C%2Bbut%2Bwe%2Bhope%2Bto%2Bwelcome%2Bmore%2Bmembers%2Bin%2Bthe%2Bfuture.%26location%26trp%3Dfalse%26sprop%3Dhttps%3A%2F%2Fwordpress-810691-5571285.cloudwaysapps.com%2Fevents%2Ffamily-book-creator-special-interest-group-sig-2027-08-23%2F%26sprop%3Dname%3APastfinders%26ctz%3DAmerica%2FNew_York&emr=1&followup=https%3A%2F%2Fcalendar.google.com%2Fcalendar%2Fevent%3Faction%3DTEMPLATE%26text%3DFamily%2BBook%2BCreator%2BSpecial%2BInterest%2BGroup%2B%28SIG%29%26dates%3D20270823T190000%2F20270823T200000%26details%3DThis%2Bgroup%2Bgrew%2Bout%2Bof%2Bour%2Boriginal%2BFBC%2BStudy%2BGroup%2C%2Ba%2Bjoint%2Beffort%2Bbetween%2BPastfinders%2Band%2BKinseekers.%2BFor%2Bnow%2C%2Bmembership%2Bis%2Blimited%2Bto%2Bparticipants%2Bof%2Bthat%2Boriginal%2Bgroup%2C%2Bbut%2Bwe%2Bhope%2Bto%2Bwelcome%2Bmore%2Bmembers%2Bin%2Bthe%2Bfuture.%26location%26trp%3Dfalse%26sprop%3Dhttps%3A%2F%2Fwordpress-810691-5571285.cloudwaysapps.com%2Fevents%2Ffamily-book-creator-special-interest-group-sig-2027-08-23%2F%26sprop%3Dname%3APastfinders%26ctz%3DAmerica%2FNew_York&ifkv=AdBytiOQWbz8mJS9SqE9_-oJKbMjW_pcQyuzopsnjpWKrRo0Zq3iketJkbBIXyqc2DevEQSByhtG&osid=1&passive=1209600&service=cl&flowName=WebLiteSignIn&flowEntry=ServiceLogin&dsh=S118745705%3A1756758178245526 HTTP/1.1" 200 None
DEBUG:root:✅ Image OK: https://wordpress-810691-5571285.cloudwaysapps.com/wp-content/uploads/2025/08/1112_1566946156-925x1024.webp
DEBUG:root:Checking internal image: https://wordpress-810691-5571285.cloudwaysapps.com/wp-content/uploads/2025/08/IMG_0023_1566946405-1024x574.webp
DEBUG:urllib3.connectionpool:Starting new HTTPS connection (1): wordpress-810691-5571285.cloudwaysapps.com:443
DEBUG:root:✅ Hyperlink OK: https://www.google.com/calendar/event?action=TEMPLATE&text=Family+Book+Creator+Special+Interest+Group+%28SIG%29&dates=20270823T190000/20270823T200000&details=This+group+grew+out+of+our+original+FBC+Study+Group%2C+a+joint+effort+between+Pastfinders+and+Kinseekers.+For+now%2C+membership+is+limited+to+participants+of+that+original+group%2C+but+we+hope+to+welcome+more+members+in+the+future.&location=&trp=false&sprop=https%3A%2F%2Fwordpress-810691-5571285.cloudwaysapps.com%2Fevents%2Ffamily-book-creator-special-interest-group-sig-2027-08-23%2F&sprop=name:Pastfinders&ctz=America%2FNew_York
DEBUG:root:Checking external hyperlink: https://outlook.office.com/calendar/0/deeplink/compose?allday=false&body=This+group+grew+out+of+our+original+FBC+Study+Group%2C+a+joint+effort+between+Pastfinders+and+Kinseekers.+For+now%2C+membership+is+limited+to+participants+of+that+original+group%2C+but+we+hope+to+welcome+more+members+in+the+future.&location=&path=/calendar/action/compose&rru=addevent&startdt=2027-08-23T19%3A00%3A00-04%3A00&enddt=2027-08-23T20%3A00%3A00-04%3A00&subject=Family+Book+Creator+Special+Interest+Group+%28SIG%29
DEBUG:urllib3.connectionpool:Starting new HTTPS connection (1): outlook.office.com:443
DEBUG:urllib3.connectionpool:https://wordpress-810691-5571285.cloudwaysapps.com:443 "GET /wp-content/uploads/2025/08/2014_12_Christmas_Dinner_28_1525055976-1024x683.webp HTTP/1.1" 200 56264
DEBUG:root:✅ Image OK: https://wordpress-810691-5571285.cloudwaysapps.com/wp-content/uploads/2025/08/2014_12_Christmas_Dinner_28_1525055976-1024x683.webp
DEBUG:root:Checking internal image: https://wordpress-810691-5571285.cloudwaysapps.com/wp-content/uploads/2025/08/2014_12_Christmas_Dinner_5_1525055532-1024x683.webp
DEBUG:urllib3.connectionpool:Starting new HTTPS connection (1): wordpress-810691-5571285.cloudwaysapps.com:443
DEBUG:urllib3.connectionpool:https://wordpress-810691-5571285.cloudwaysapps.com:443 "GET /wp-content/uploads/2025/08/2019_October_window_FH_month_8_1571880107-1024x683.webp HTTP/1.1" 200 78772
DEBUG:urllib3.connectionpool:https://outlook.office.com:443 "GET /calendar/0/deeplink/compose?allday=false&body=This+group+grew+out+of+our+original+FBC+Study+Group%2C+a+joint+effort+between+Pastfinders+and+Kinseekers.+For+now%2C+membership+is+limited+to+participants+of+that+original+group%2C+but+we+hope+to+welcome+more+members+in+the+future.&location=&path=/calendar/action/compose&rru=addevent&startdt=2027-08-23T19%3A00%3A00-04%3A00&enddt=2027-08-23T20%3A00%3A00-04%3A00&subject=Family+Book+Creator+Special+Interest+Group+%28SIG%29 HTTP/1.1" 200 None
DEBUG:root:✅ Hyperlink OK: https://outlook.office.com/calendar/0/deeplink/compose?allday=false&body=This+group+grew+out+of+our+original+FBC+Study+Group%2C+a+joint+effort+between+Pastfinders+and+Kinseekers.+For+now%2C+membership+is+limited+to+participants+of+that+original+group%2C+but+we+hope+to+welcome+more+members+in+the+future.&location=&path=/calendar/action/compose&rru=addevent&startdt=2027-08-23T19%3A00%3A00-04%3A00&enddt=2027-08-23T20%3A00%3A00-04%3A00&subject=Family+Book+Creator+Special+Interest+Group+%28SIG%29
DEBUG:root:Checking external hyperlink: https://outlook.live.com/calendar/0/deeplink/compose?allday=false&body=This+group+grew+out+of+our+original+FBC+Study+Group%2C+a+joint+effort+between+Pastfinders+and+Kinseekers.+For+now%2C+membership+is+limited+to+participants+of+that+original+group%2C+but+we+hope+to+welcome+more+members+in+the+future.&location=&path=/calendar/action/compose&rru=addevent&startdt=2027-08-23T19%3A00%3A00-04%3A00&enddt=2027-08-23T20%3A00%3A00-04%3A00&subject=Family+Book+Creator+Special+Interest+Group+%28SIG%29
DEBUG:urllib3.connectionpool:Starting new HTTPS connection (1): outlook.live.com:443
DEBUG:urllib3.connectionpool:https://wordpress-810691-5571285.cloudwaysapps.com:443 "GET /wp-content/uploads/2025/08/IMG_0023_1566946405-1024x574.webp HTTP/1.1" 200 116404
DEBUG:root:✅ Image OK: https://wordpress-810691-5571285.cloudwaysapps.com/wp-content/uploads/2025/08/2019_October_window_FH_month_8_1571880107-1024x683.webp
DEBUG:root:Checking internal image: https://wordpress-810691-5571285.cloudwaysapps.com/wp-content/uploads/2025/08/2019_October_window_FH_month_20_1571880107-1024x683.webp
DEBUG:urllib3.connectionpool:Starting new HTTPS connection (1): wordpress-810691-5571285.cloudwaysapps.com:443
DEBUG:root:✅ Image OK: https://wordpress-810691-5571285.cloudwaysapps.com/wp-content/uploads/2025/08/IMG_0023_1566946405-1024x574.webp
DEBUG:root:Checking internal image: https://wordpress-810691-5571285.cloudwaysapps.com/wp-content/uploads/2025/08/IMG_0021_6_1566946405-1024x471.webp
DEBUG:urllib3.connectionpool:Starting new HTTPS connection (1): wordpress-810691-5571285.cloudwaysapps.com:443
DEBUG:urllib3.connectionpool:https://wordpress-810691-5571285.cloudwaysapps.com:443 "GET /wp-content/uploads/2025/08/2014_12_Christmas_Dinner_5_1525055532-1024x683.webp HTTP/1.1" 200 90688
DEBUG:urllib3.connectionpool:https://outlook.live.com:443 "GET /calendar/0/deeplink/compose?allday=false&body=This+group+grew+out+of+our+original+FBC+Study+Group%2C+a+joint+effort+between+Pastfinders+and+Kinseekers.+For+now%2C+membership+is+limited+to+participants+of+that+original+group%2C+but+we+hope+to+welcome+more+members+in+the+future.&location=&path=/calendar/action/compose&rru=addevent&startdt=2027-08-23T19%3A00%3A00-04%3A00&enddt=2027-08-23T20%3A00%3A00-04%3A00&subject=Family+Book+Creator+Special+Interest+Group+%28SIG%29 HTTP/1.1" 200 None
DEBUG:root:✅ Hyperlink OK: https://outlook.live.com/calendar/0/deeplink/compose?allday=false&body=This+group+grew+out+of+our+original+FBC+Study+Group%2C+a+joint+effort+between+Pastfinders+and+Kinseekers.+For+now%2C+membership+is+limited+to+participants+of+that+original+group%2C+but+we+hope+to+welcome+more+members+in+the+future.&location=&path=/calendar/action/compose&rru=addevent&startdt=2027-08-23T19%3A00%3A00-04%3A00&enddt=2027-08-23T20%3A00%3A00-04%3A00&subject=Family+Book+Creator+Special+Interest+Group+%28SIG%29
DEBUG:root:Using regex pattern: \b[a-zA-Z]{3,}\b
DEBUG:root:Found 109 words to check in https://wordpress-810691-5571285.cloudwaysapps.com/events/family-book-creator-special-interest-group-sig-2027-08-23/ (min_length=3)
DEBUG:root:Sample words from https://wordpress-810691-5571285.cloudwaysapps.com/events/family-book-creator-special-interest-group-sig-2027-08-23/: ['This', 'alert', 'Skip', 'content', 'Family', 'Book', 'Creator', 'Special', 'Interest', 'Group']
DEBUG:root:Spell check results for https://wordpress-810691-5571285.cloudwaysapps.com/events/family-book-creator-special-interest-group-sig-2027-08-23/: 62 words checked, 47 skipped, 0 errors found
INFO:root:✅ Processed https://wordpress-810691-5571285.cloudwaysapps.com/events/family-book-creator-special-interest-group-sig-2027-08-23/: 0 errors found, 141 words checked
DEBUG:root:Attempting to fetch: https://wordpress-810691-5571285.cloudwaysapps.com/galleries/2015-speakers-and-events/
Processing pages:  22%|██▏       | 85/381 [00:54<05:35,  1.13s/it]DEBUG:root:✅ Image OK: https://wordpress-810691-5571285.cloudwaysapps.com/wp-content/uploads/2025/08/2014_12_Christmas_Dinner_5_1525055532-1024x683.webp
DEBUG:root:Checking internal image: https://wordpress-810691-5571285.cloudwaysapps.com/wp-content/uploads/2025/08/2014_12_Christmas_Dinner_1_1525055456-1024x683.webp
DEBUG:urllib3.connectionpool:Starting new HTTPS connection (1): wordpress-810691-5571285.cloudwaysapps.com:443
DEBUG:urllib3.connectionpool:https://wordpress-810691-5571285.cloudwaysapps.com:443 "GET /wp-content/uploads/2025/08/2019_October_window_FH_month_20_1571880107-1024x683.webp HTTP/1.1" 200 113924
DEBUG:urllib3.connectionpool:https://wordpress-810691-5571285.cloudwaysapps.com:443 "GET /wp-content/uploads/2025/08/IMG_0021_6_1566946405-1024x471.webp HTTP/1.1" 200 77210
DEBUG:root:✅ Image OK: https://wordpress-810691-5571285.cloudwaysapps.com/wp-content/uploads/2025/08/2019_October_window_FH_month_20_1571880107-1024x683.webp
DEBUG:root:Checking internal image: https://wordpress-810691-5571285.cloudwaysapps.com/wp-content/uploads/2025/08/2019_10_Oct_10_Annette_Lyttle_30_Ann15_1571880000-1024x683.webp
DEBUG:urllib3.connectionpool:Starting new HTTPS connection (1): wordpress-810691-5571285.cloudwaysapps.com:443
DEBUG:root:✅ Image OK: https://wordpress-810691-5571285.cloudwaysapps.com/wp-content/uploads/2025/08/IMG_0021_6_1566946405-1024x471.webp
DEBUG:root:Checking internal image: https://wordpress-810691-5571285.cloudwaysapps.com/wp-content/uploads/2025/08/Mary_Lai_Pan_1525135490.webp
DEBUG:urllib3.connectionpool:Starting new HTTPS connection (1): wordpress-810691-5571285.cloudwaysapps.com:443
DEBUG:urllib3.connectionpool:https://wordpress-810691-5571285.cloudwaysapps.com:443 "GET /wp-content/uploads/2025/08/2014_12_Christmas_Dinner_1_1525055456-1024x683.webp HTTP/1.1" 200 51616
DEBUG:root:✅ Image OK: https://wordpress-810691-5571285.cloudwaysapps.com/wp-content/uploads/2025/08/2014_12_Christmas_Dinner_1_1525055456-1024x683.webp
DEBUG:root:Checking internal image: https://wordpress-810691-5571285.cloudwaysapps.com/wp-content/uploads/2025/08/2014_12_Christmas_Dinner_13_1525055660-1024x683.webp
DEBUG:urllib3.connectionpool:Starting new HTTPS connection (1): wordpress-810691-5571285.cloudwaysapps.com:443
DEBUG:urllib3.connectionpool:https://wordpress-810691-5571285.cloudwaysapps.com:443 "GET /wp-content/uploads/2025/08/Mary_Lai_Pan_1525135490.webp HTTP/1.1" 200 71370
DEBUG:urllib3.connectionpool:https://wordpress-810691-5571285.cloudwaysapps.com:443 "GET /wp-content/uploads/2025/08/2019_10_Oct_10_Annette_Lyttle_30_Ann15_1571880000-1024x683.webp HTTP/1.1" 200 97636
DEBUG:root:✅ Image OK: https://wordpress-810691-5571285.cloudwaysapps.com/wp-content/uploads/2025/08/Mary_Lai_Pan_1525135490.webp
DEBUG:root:✅ Image OK: https://wordpress-810691-5571285.cloudwaysapps.com/wp-content/uploads/2025/08/2019_10_Oct_10_Annette_Lyttle_30_Ann15_1571880000-1024x683.webp
DEBUG:root:Checking internal image: https://wordpress-810691-5571285.cloudwaysapps.com/wp-content/uploads/2025/08/1112_1566946155-925x1024.webp
DEBUG:root:Checking internal image: https://wordpress-810691-5571285.cloudwaysapps.com/wp-content/uploads/2025/08/2019_10_Oct_10_Annette_Lyttle_30_Ann11_1571880000-1024x683.webp
DEBUG:urllib3.connectionpool:Starting new HTTPS connection (1): wordpress-810691-5571285.cloudwaysapps.com:443
DEBUG:urllib3.connectionpool:Starting new HTTPS connection (1): wordpress-810691-5571285.cloudwaysapps.com:443
DEBUG:urllib3.connectionpool:https://wordpress-810691-5571285.cloudwaysapps.com:443 "GET /wp-content/uploads/2025/08/2014_12_Christmas_Dinner_13_1525055660-1024x683.webp HTTP/1.1" 200 89386
DEBUG:urllib3.connectionpool:https://wordpress-810691-5571285.cloudwaysapps.com:443 "GET /galleries/2015-speakers-and-events/ HTTP/1.1" 200 None
DEBUG:root:✅ Image OK: https://wordpress-810691-5571285.cloudwaysapps.com/wp-content/uploads/2025/08/2014_12_Christmas_Dinner_13_1525055660-1024x683.webp
DEBUG:root:Checking internal image: https://wordpress-810691-5571285.cloudwaysapps.com/wp-content/uploads/2025/08/2014_12_Christmas_Dinner_2_1525055483-1024x683.webp
DEBUG:urllib3.connectionpool:Starting new HTTPS connection (1): wordpress-810691-5571285.cloudwaysapps.com:443
DEBUG:root:Successfully fetched https://wordpress-810691-5571285.cloudwaysapps.com/galleries/2015-speakers-and-events/ (Content-Length: 45176)
DEBUG:charset_normalizer:Encoding detection: utf_8 is most likely the one.
DEBUG:root:Extracted 177 characters, 32 words from https://wordpress-810691-5571285.cloudwaysapps.com/galleries/2015-speakers-and-events/
DEBUG:root:Checking internal image: https://wordpress-810691-5571285.cloudwaysapps.com/wp-content/uploads/2025/08/IMG_0010_5_1566944033-1024x862.webp
DEBUG:urllib3.connectionpool:Starting new HTTPS connection (1): wordpress-810691-5571285.cloudwaysapps.com:443
DEBUG:urllib3.connectionpool:https://wordpress-810691-5571285.cloudwaysapps.com:443 "GET /wp-content/uploads/2025/08/1112_1566946155-925x1024.webp HTTP/1.1" 200 114948
DEBUG:urllib3.connectionpool:https://wordpress-810691-5571285.cloudwaysapps.com:443 "GET /wp-content/uploads/2025/08/2019_10_Oct_10_Annette_Lyttle_30_Ann11_1571880000-1024x683.webp HTTP/1.1" 200 48708
DEBUG:root:✅ Image OK: https://wordpress-810691-5571285.cloudwaysapps.com/wp-content/uploads/2025/08/2019_10_Oct_10_Annette_Lyttle_30_Ann11_1571880000-1024x683.webp
DEBUG:root:Using regex pattern: \b[a-zA-Z]{3,}\b
DEBUG:root:Found 74 words to check in https://wordpress-810691-5571285.cloudwaysapps.com/galleries/2019-oct-30years-annette-lyttl/ (min_length=3)
DEBUG:root:Sample words from https://wordpress-810691-5571285.cloudwaysapps.com/galleries/2019-oct-30years-annette-lyttl/: ['This', 'alert', 'Skip', 'content', 'Oct', 'Annette', 'Lyttl', 'images', 'Click', 'view']
DEBUG:root:Spell check results for https://wordpress-810691-5571285.cloudwaysapps.com/galleries/2019-oct-30years-annette-lyttl/: 35 words checked, 39 skipped, 0 errors found
INFO:root:✅ Processed https://wordpress-810691-5571285.cloudwaysapps.com/galleries/2019-oct-30years-annette-lyttl/: 0 errors found, 150 words checked
DEBUG:root:Attempting to fetch: https://wordpress-810691-5571285.cloudwaysapps.com/libraries/netting-your-ancestors-genealogical-research-on-the-internet/
Processing pages:  23%|██▎       | 86/381 [00:55<05:41,  1.16s/it]DEBUG:root:✅ Image OK: https://wordpress-810691-5571285.cloudwaysapps.com/wp-content/uploads/2025/08/1112_1566946155-925x1024.webp
DEBUG:root:Checking internal image: https://wordpress-810691-5571285.cloudwaysapps.com/wp-content/uploads/2025/08/IMG_0020_8_1566946405-1024x515.webp
DEBUG:urllib3.connectionpool:Starting new HTTPS connection (1): wordpress-810691-5571285.cloudwaysapps.com:443
DEBUG:urllib3.connectionpool:https://wordpress-810691-5571285.cloudwaysapps.com:443 "GET /wp-content/uploads/2025/08/2014_12_Christmas_Dinner_2_1525055483-1024x683.webp HTTP/1.1" 200 60022
DEBUG:urllib3.connectionpool:https://wordpress-810691-5571285.cloudwaysapps.com:443 "GET /libraries/netting-your-ancestors-genealogical-research-on-the-internet/ HTTP/1.1" 200 None
DEBUG:root:Successfully fetched https://wordpress-810691-5571285.cloudwaysapps.com/libraries/netting-your-ancestors-genealogical-research-on-the-internet/ (Content-Length: 36543)
DEBUG:charset_normalizer:Encoding detection: utf_8 is most likely the one.
DEBUG:root:Extracted 126 characters, 21 words from https://wordpress-810691-5571285.cloudwaysapps.com/libraries/netting-your-ancestors-genealogical-research-on-the-internet/
DEBUG:root:Using regex pattern: \b[a-zA-Z]{3,}\b
DEBUG:root:Found 12 words to check in https://wordpress-810691-5571285.cloudwaysapps.com/libraries/netting-your-ancestors-genealogical-research-on-the-internet/ (min_length=3)
DEBUG:root:Sample words from https://wordpress-810691-5571285.cloudwaysapps.com/libraries/netting-your-ancestors-genealogical-research-on-the-internet/: ['This', 'alert', 'Skip', 'content', 'Netting', 'your', 'ancestors', 'Genealogical', 'research', 'the']
DEBUG:root:Spell check results for https://wordpress-810691-5571285.cloudwaysapps.com/libraries/netting-your-ancestors-genealogical-research-on-the-internet/: 6 words checked, 6 skipped, 0 errors found
INFO:root:✅ Processed https://wordpress-810691-5571285.cloudwaysapps.com/libraries/netting-your-ancestors-genealogical-research-on-the-internet/: 0 errors found, 21 words checked
DEBUG:root:Attempting to fetch: https://wordpress-810691-5571285.cloudwaysapps.com/libraries/ancestrys-concise-genealogical-dictionary/
Processing pages:  23%|██▎       | 87/381 [00:55<04:10,  1.17it/s]DEBUG:urllib3.connectionpool:https://wordpress-810691-5571285.cloudwaysapps.com:443 "GET /wp-content/uploads/2025/08/IMG_0010_5_1566944033-1024x862.webp HTTP/1.1" 200 63076
DEBUG:root:✅ Image OK: https://wordpress-810691-5571285.cloudwaysapps.com/wp-content/uploads/2025/08/2014_12_Christmas_Dinner_2_1525055483-1024x683.webp
DEBUG:root:Checking internal image: https://wordpress-810691-5571285.cloudwaysapps.com/wp-content/uploads/2025/08/2014_12_Christmas_Dinner_26_1525055936-1024x683.webp
DEBUG:urllib3.connectionpool:Starting new HTTPS connection (1): wordpress-810691-5571285.cloudwaysapps.com:443
DEBUG:root:✅ Image OK: https://wordpress-810691-5571285.cloudwaysapps.com/wp-content/uploads/2025/08/IMG_0010_5_1566944033-1024x862.webp
DEBUG:root:Checking internal image: https://wordpress-810691-5571285.cloudwaysapps.com/wp-content/uploads/2025/08/IMG_0013_1566944033-1024x902.webp
DEBUG:urllib3.connectionpool:Starting new HTTPS connection (1): wordpress-810691-5571285.cloudwaysapps.com:443
DEBUG:urllib3.connectionpool:https://wordpress-810691-5571285.cloudwaysapps.com:443 "GET /libraries/ancestrys-concise-genealogical-dictionary/ HTTP/1.1" 200 None
DEBUG:root:Successfully fetched https://wordpress-810691-5571285.cloudwaysapps.com/libraries/ancestrys-concise-genealogical-dictionary/ (Content-Length: 36207)
DEBUG:charset_normalizer:Encoding detection: utf_8 is most likely the one.
DEBUG:root:Extracted 107 characters, 18 words from https://wordpress-810691-5571285.cloudwaysapps.com/libraries/ancestrys-concise-genealogical-dictionary/
DEBUG:root:Using regex pattern: \b[a-zA-Z]{3,}\b
DEBUG:root:Found 9 words to check in https://wordpress-810691-5571285.cloudwaysapps.com/libraries/ancestrys-concise-genealogical-dictionary/ (min_length=3)
DEBUG:root:Sample words from https://wordpress-810691-5571285.cloudwaysapps.com/libraries/ancestrys-concise-genealogical-dictionary/: ['This', 'alert', 'Skip', 'content', 'Ancestry', 'concise', 'genealogical', 'dictionary', 'March']
DEBUG:root:Spell check results for https://wordpress-810691-5571285.cloudwaysapps.com/libraries/ancestrys-concise-genealogical-dictionary/: 5 words checked, 4 skipped, 0 errors found
INFO:root:✅ Processed https://wordpress-810691-5571285.cloudwaysapps.com/libraries/ancestrys-concise-genealogical-dictionary/: 0 errors found, 18 words checked
DEBUG:root:Attempting to fetch: https://wordpress-810691-5571285.cloudwaysapps.com/resources/brevard-genealogical-society/
DEBUG:urllib3.connectionpool:https://wordpress-810691-5571285.cloudwaysapps.com:443 "GET /wp-content/uploads/2025/08/IMG_0020_8_1566946405-1024x515.webp HTTP/1.1" 200 85412
DEBUG:root:✅ Image OK: https://wordpress-810691-5571285.cloudwaysapps.com/wp-content/uploads/2025/08/IMG_0020_8_1566946405-1024x515.webp
DEBUG:root:Checking internal image: https://wordpress-810691-5571285.cloudwaysapps.com/wp-content/uploads/2025/08/2016_9_6_knight_black_mayflower_2_1525135350-1024x254.webp
DEBUG:urllib3.connectionpool:Starting new HTTPS connection (1): wordpress-810691-5571285.cloudwaysapps.com:443
DEBUG:urllib3.connectionpool:https://wordpress-810691-5571285.cloudwaysapps.com:443 "GET /wp-content/uploads/2025/08/2014_12_Christmas_Dinner_26_1525055936-1024x683.webp HTTP/1.1" 200 71468
DEBUG:root:✅ Image OK: https://wordpress-810691-5571285.cloudwaysapps.com/wp-content/uploads/2025/08/2014_12_Christmas_Dinner_26_1525055936-1024x683.webp
DEBUG:root:Checking internal image: https://wordpress-810691-5571285.cloudwaysapps.com/wp-content/uploads/2025/08/2014_12_Christmas_Dinner_6_1525055546-1024x683.webp
DEBUG:urllib3.connectionpool:Starting new HTTPS connection (1): wordpress-810691-5571285.cloudwaysapps.com:443
DEBUG:urllib3.connectionpool:https://wordpress-810691-5571285.cloudwaysapps.com:443 "GET /wp-content/uploads/2025/08/IMG_0013_1566944033-1024x902.webp HTTP/1.1" 200 49932
DEBUG:root:✅ Image OK: https://wordpress-810691-5571285.cloudwaysapps.com/wp-content/uploads/2025/08/IMG_0013_1566944033-1024x902.webp
DEBUG:root:Using regex pattern: \b[a-zA-Z]{3,}\b
DEBUG:root:Found 16 words to check in https://wordpress-810691-5571285.cloudwaysapps.com/galleries/2015-speakers-and-events/ (min_length=3)
DEBUG:root:Sample words from https://wordpress-810691-5571285.cloudwaysapps.com/galleries/2015-speakers-and-events/: ['This', 'alert', 'Skip', 'content', 'Speakers', 'and', 'Events', 'images', 'Click', 'view']
DEBUG:root:Spell check results for https://wordpress-810691-5571285.cloudwaysapps.com/galleries/2015-speakers-and-events/: 6 words checked, 10 skipped, 0 errors found
INFO:root:✅ Processed https://wordpress-810691-5571285.cloudwaysapps.com/galleries/2015-speakers-and-events/: 0 errors found, 32 words checked
DEBUG:root:Attempting to fetch: https://wordpress-810691-5571285.cloudwaysapps.com/events/preserving-local-history-2026-04-29/
Processing pages:  23%|██▎       | 89/381 [00:56<02:37,  1.85it/s]DEBUG:urllib3.connectionpool:https://wordpress-810691-5571285.cloudwaysapps.com:443 "GET /events/preserving-local-history-2026-04-29/ HTTP/1.1" 200 None
DEBUG:root:Successfully fetched https://wordpress-810691-5571285.cloudwaysapps.com/events/preserving-local-history-2026-04-29/ (Content-Length: 43610)
DEBUG:charset_normalizer:Encoding detection: utf_8 is most likely the one.
DEBUG:urllib3.connectionpool:https://wordpress-810691-5571285.cloudwaysapps.com:443 "GET /wp-content/uploads/2025/08/2016_9_6_knight_black_mayflower_2_1525135350-1024x254.webp HTTP/1.1" 200 16788
DEBUG:root:✅ Image OK: https://wordpress-810691-5571285.cloudwaysapps.com/wp-content/uploads/2025/08/2016_9_6_knight_black_mayflower_2_1525135350-1024x254.webp
DEBUG:root:Checking internal image: https://wordpress-810691-5571285.cloudwaysapps.com/wp-content/uploads/2025/08/garage_sale_sign_1525136266-752x1024.webp
DEBUG:root:Extracted 444 characters, 65 words from https://wordpress-810691-5571285.cloudwaysapps.com/events/preserving-local-history-2026-04-29/
DEBUG:root:Checking external hyperlink: https://www.google.com/calendar/event?action=TEMPLATE&text=Preserving+Local+History&dates=20260429T100000/20260429T120000&details=Help+in+the+preservation+of+our+local+history+and+collections%2C+including+transcriptionists%2C+preservationists%2C+digitizers%2C+and+organization%C2%A0projects.&location=2525+Oakley+Seaver+Dr%2C+Clermont%2C+FL%2C+34711%2C+United+States&trp=false&sprop=https%3A%2F%2Fwordpress-810691-5571285.cloudwaysapps.com%2Fevents%2Fpreserving-local-history-2026-04-29%2F&sprop=name:Pastfinders&ctz=America%2FNew_York
DEBUG:urllib3.connectionpool:Starting new HTTPS connection (1): wordpress-810691-5571285.cloudwaysapps.com:443
DEBUG:urllib3.connectionpool:Starting new HTTPS connection (1): www.google.com:443
DEBUG:urllib3.connectionpool:https://wordpress-810691-5571285.cloudwaysapps.com:443 "GET /wp-content/uploads/2025/08/2014_12_Christmas_Dinner_6_1525055546-1024x683.webp HTTP/1.1" 200 95452
DEBUG:root:✅ Image OK: https://wordpress-810691-5571285.cloudwaysapps.com/wp-content/uploads/2025/08/2014_12_Christmas_Dinner_6_1525055546-1024x683.webp
DEBUG:root:Checking internal image: https://wordpress-810691-5571285.cloudwaysapps.com/wp-content/uploads/2025/08/2014_12_Christmas_Dinner_8_1525055581-1024x683.webp
DEBUG:urllib3.connectionpool:Starting new HTTPS connection (1): wordpress-810691-5571285.cloudwaysapps.com:443
DEBUG:urllib3.connectionpool:https://www.google.com:443 "GET /calendar/event?action=TEMPLATE&text=Preserving+Local+History&dates=20260429T100000/20260429T120000&details=Help+in+the+preservation+of+our+local+history+and+collections%2C+including+transcriptionists%2C+preservationists%2C+digitizers%2C+and+organization%C2%A0projects.&location=2525+Oakley+Seaver+Dr%2C+Clermont%2C+FL%2C+34711%2C+United+States&trp=false&sprop=https%3A%2F%2Fwordpress-810691-5571285.cloudwaysapps.com%2Fevents%2Fpreserving-local-history-2026-04-29%2F&sprop=name:Pastfinders&ctz=America%2FNew_York HTTP/1.1" 302 0
DEBUG:urllib3.connectionpool:Starting new HTTPS connection (1): calendar.google.com:443
DEBUG:urllib3.connectionpool:https://wordpress-810691-5571285.cloudwaysapps.com:443 "GET /wp-content/uploads/2025/08/garage_sale_sign_1525136266-752x1024.webp HTTP/1.1" 200 127530
DEBUG:urllib3.connectionpool:https://calendar.google.com:443 "GET /calendar/event?action=TEMPLATE&text=Preserving+Local+History&dates=20260429T100000/20260429T120000&details=Help+in+the+preservation+of+our+local+history+and+collections,+including+transcriptionists,+preservationists,+digitizers,+and+organization%C2%A0projects.&location=2525+Oakley+Seaver+Dr,+Clermont,+FL,+34711,+United+States&trp=false&sprop=https://wordpress-810691-5571285.cloudwaysapps.com/events/preserving-local-history-2026-04-29/&sprop=name:Pastfinders&ctz=America/New_York HTTP/1.1" 302 0
DEBUG:urllib3.connectionpool:Starting new HTTPS connection (1): accounts.google.com:443
DEBUG:urllib3.connectionpool:https://wordpress-810691-5571285.cloudwaysapps.com:443 "GET /wp-content/uploads/2025/08/2014_12_Christmas_Dinner_8_1525055581-1024x683.webp HTTP/1.1" 200 91588
DEBUG:root:✅ Image OK: https://wordpress-810691-5571285.cloudwaysapps.com/wp-content/uploads/2025/08/garage_sale_sign_1525136266-752x1024.webp
DEBUG:root:Checking internal image: https://wordpress-810691-5571285.cloudwaysapps.com/wp-content/uploads/2025/08/scanning_Party_2_1525135616.webp
DEBUG:urllib3.connectionpool:Starting new HTTPS connection (1): wordpress-810691-5571285.cloudwaysapps.com:443
DEBUG:urllib3.connectionpool:https://accounts.google.com:443 "GET /ServiceLogin?service=cl&passive=1209600&osid=1&continue=https://calendar.google.com/calendar/event?action%3DTEMPLATE%26text%3DPreserving%2BLocal%2BHistory%26dates%3D20260429T100000/20260429T120000%26details%3DHelp%2Bin%2Bthe%2Bpreservation%2Bof%2Bour%2Blocal%2Bhistory%2Band%2Bcollections,%2Bincluding%2Btranscriptionists,%2Bpreservationists,%2Bdigitizers,%2Band%2Borganization%25C2%25A0projects.%26location%3D2525%2BOakley%2BSeaver%2BDr,%2BClermont,%2BFL,%2B34711,%2BUnited%2BStates%26trp%3Dfalse%26sprop%3Dhttps://wordpress-810691-5571285.cloudwaysapps.com/events/preserving-local-history-2026-04-29/%26sprop%3Dname:Pastfinders%26ctz%3DAmerica/New_York&followup=https://calendar.google.com/calendar/event?action%3DTEMPLATE%26text%3DPreserving%2BLocal%2BHistory%26dates%3D20260429T100000/20260429T120000%26details%3DHelp%2Bin%2Bthe%2Bpreservation%2Bof%2Bour%2Blocal%2Bhistory%2Band%2Bcollections,%2Bincluding%2Btranscriptionists,%2Bpreservationists,%2Bdigitizers,%2Band%2Borganization%25C2%25A0projects.%26location%3D2525%2BOakley%2BSeaver%2BDr,%2BClermont,%2BFL,%2B34711,%2BUnited%2BStates%26trp%3Dfalse%26sprop%3Dhttps://wordpress-810691-5571285.cloudwaysapps.com/events/preserving-local-history-2026-04-29/%26sprop%3Dname:Pastfinders%26ctz%3DAmerica/New_York&emr=1 HTTP/1.1" 302 0
DEBUG:root:✅ Image OK: https://wordpress-810691-5571285.cloudwaysapps.com/wp-content/uploads/2025/08/2014_12_Christmas_Dinner_8_1525055581-1024x683.webp
DEBUG:root:Checking internal image: https://wordpress-810691-5571285.cloudwaysapps.com/wp-content/uploads/2025/08/2014_12_Christmas_Dinner_14_1525055676-1024x683.webp
DEBUG:urllib3.connectionpool:Starting new HTTPS connection (1): wordpress-810691-5571285.cloudwaysapps.com:443
DEBUG:urllib3.connectionpool:https://accounts.google.com:443 "GET /InteractiveLogin?continue=https://calendar.google.com/calendar/event?action%3DTEMPLATE%26text%3DPreserving%2BLocal%2BHistory%26dates%3D20260429T100000/20260429T120000%26details%3DHelp%2Bin%2Bthe%2Bpreservation%2Bof%2Bour%2Blocal%2Bhistory%2Band%2Bcollections,%2Bincluding%2Btranscriptionists,%2Bpreservationists,%2Bdigitizers,%2Band%2Borganization%25C2%25A0projects.%26location%3D2525%2BOakley%2BSeaver%2BDr,%2BClermont,%2BFL,%2B34711,%2BUnited%2BStates%26trp%3Dfalse%26sprop%3Dhttps://wordpress-810691-5571285.cloudwaysapps.com/events/preserving-local-history-2026-04-29/%26sprop%3Dname:Pastfinders%26ctz%3DAmerica/New_York&emr=1&followup=https://calendar.google.com/calendar/event?action%3DTEMPLATE%26text%3DPreserving%2BLocal%2BHistory%26dates%3D20260429T100000/20260429T120000%26details%3DHelp%2Bin%2Bthe%2Bpreservation%2Bof%2Bour%2Blocal%2Bhistory%2Band%2Bcollections,%2Bincluding%2Btranscriptionists,%2Bpreservationists,%2Bdigitizers,%2Band%2Borganization%25C2%25A0projects.%26location%3D2525%2BOakley%2BSeaver%2BDr,%2BClermont,%2BFL,%2B34711,%2BUnited%2BStates%26trp%3Dfalse%26sprop%3Dhttps://wordpress-810691-5571285.cloudwaysapps.com/events/preserving-local-history-2026-04-29/%26sprop%3Dname:Pastfinders%26ctz%3DAmerica/New_York&osid=1&passive=1209600&service=cl&ifkv=AdBytiO8FNbpo8HWP7-6qsKjtaqSItk7pYCU3B2XdxQzAB0f0ehyww9CXn0YF24bLKlpzaxIAfRTbA HTTP/1.1" 302 None
DEBUG:urllib3.connectionpool:https://accounts.google.com:443 "GET /v3/signin/identifier?continue=https%3A%2F%2Fcalendar.google.com%2Fcalendar%2Fevent%3Faction%3DTEMPLATE%26text%3DPreserving%2BLocal%2BHistory%26dates%3D20260429T100000%2F20260429T120000%26details%3DHelp%2Bin%2Bthe%2Bpreservation%2Bof%2Bour%2Blocal%2Bhistory%2Band%2Bcollections%2C%2Bincluding%2Btranscriptionists%2C%2Bpreservationists%2C%2Bdigitizers%2C%2Band%2Borganization%25C2%25A0projects.%26location%3D2525%2BOakley%2BSeaver%2BDr%2C%2BClermont%2C%2BFL%2C%2B34711%2C%2BUnited%2BStates%26trp%3Dfalse%26sprop%3Dhttps%3A%2F%2Fwordpress-810691-5571285.cloudwaysapps.com%2Fevents%2Fpreserving-local-history-2026-04-29%2F%26sprop%3Dname%3APastfinders%26ctz%3DAmerica%2FNew_York&emr=1&followup=https%3A%2F%2Fcalendar.google.com%2Fcalendar%2Fevent%3Faction%3DTEMPLATE%26text%3DPreserving%2BLocal%2BHistory%26dates%3D20260429T100000%2F20260429T120000%26details%3DHelp%2Bin%2Bthe%2Bpreservation%2Bof%2Bour%2Blocal%2Bhistory%2Band%2Bcollections%2C%2Bincluding%2Btranscriptionists%2C%2Bpreservationists%2C%2Bdigitizers%2C%2Band%2Borganization%25C2%25A0projects.%26location%3D2525%2BOakley%2BSeaver%2BDr%2C%2BClermont%2C%2BFL%2C%2B34711%2C%2BUnited%2BStates%26trp%3Dfalse%26sprop%3Dhttps%3A%2F%2Fwordpress-810691-5571285.cloudwaysapps.com%2Fevents%2Fpreserving-local-history-2026-04-29%2F%26sprop%3Dname%3APastfinders%26ctz%3DAmerica%2FNew_York&ifkv=AdBytiOUM-VOvhJXJcyr1OwK8dFkv3rfJbrT7ofbUcoL63-6IGxp4YakI5_5_JnB3rsQYqRn_9hT&osid=1&passive=1209600&service=cl&flowName=WebLiteSignIn&flowEntry=ServiceLogin&dsh=S925628148%3A1756758181042985 HTTP/1.1" 200 None
DEBUG:root:✅ Hyperlink OK: https://www.google.com/calendar/event?action=TEMPLATE&text=Preserving+Local+History&dates=20260429T100000/20260429T120000&details=Help+in+the+preservation+of+our+local+history+and+collections%2C+including+transcriptionists%2C+preservationists%2C+digitizers%2C+and+organization%C2%A0projects.&location=2525+Oakley+Seaver+Dr%2C+Clermont%2C+FL%2C+34711%2C+United+States&trp=false&sprop=https%3A%2F%2Fwordpress-810691-5571285.cloudwaysapps.com%2Fevents%2Fpreserving-local-history-2026-04-29%2F&sprop=name:Pastfinders&ctz=America%2FNew_York
DEBUG:root:Checking external hyperlink: https://outlook.office.com/calendar/0/deeplink/compose?allday=false&body=Help+in+the+preservation+of+our+local+history+and+collections%2C+including+transcriptionists%2C+preservationists%2C+digitizers%2C+and+organization%C2%A0projects.&location=2525+Oakley+Seaver+Dr%2C+Clermont%2C+FL%2C+34711%2C+United+States&path=/calendar/action/compose&rru=addevent&startdt=2026-04-29T10%3A00%3A00-04%3A00&enddt=2026-04-29T12%3A00%3A00-04%3A00&subject=Preserving+Local+History
DEBUG:urllib3.connectionpool:Starting new HTTPS connection (1): outlook.office.com:443
DEBUG:urllib3.connectionpool:https://wordpress-810691-5571285.cloudwaysapps.com:443 "GET /wp-content/uploads/2025/08/scanning_Party_2_1525135616.webp HTTP/1.1" 200 88014
DEBUG:root:✅ Image OK: https://wordpress-810691-5571285.cloudwaysapps.com/wp-content/uploads/2025/08/scanning_Party_2_1525135616.webp
DEBUG:urllib3.connectionpool:https://wordpress-810691-5571285.cloudwaysapps.com:443 "GET /wp-content/uploads/2025/08/2014_12_Christmas_Dinner_14_1525055676-1024x683.webp HTTP/1.1" 200 79066
DEBUG:root:Checking internal image: https://wordpress-810691-5571285.cloudwaysapps.com/wp-content/uploads/2025/08/IMG_0020_4_1566946405-964x1024.webp
DEBUG:urllib3.connectionpool:Starting new HTTPS connection (1): wordpress-810691-5571285.cloudwaysapps.com:443
DEBUG:urllib3.connectionpool:https://wordpress-810691-5571285.cloudwaysapps.com:443 "GET /resources/brevard-genealogical-society/ HTTP/1.1" 200 None
DEBUG:root:✅ Image OK: https://wordpress-810691-5571285.cloudwaysapps.com/wp-content/uploads/2025/08/2014_12_Christmas_Dinner_14_1525055676-1024x683.webp
DEBUG:root:Checking internal image: https://wordpress-810691-5571285.cloudwaysapps.com/wp-content/uploads/2025/08/2014_12_Christmas_Dinner_32_1525056082-1024x683.webp
DEBUG:urllib3.connectionpool:Starting new HTTPS connection (1): wordpress-810691-5571285.cloudwaysapps.com:443
DEBUG:root:Successfully fetched https://wordpress-810691-5571285.cloudwaysapps.com/resources/brevard-genealogical-society/ (Content-Length: 36990)
DEBUG:charset_normalizer:Encoding detection: utf_8 is most likely the one.
DEBUG:root:Extracted 639 characters, 99 words from https://wordpress-810691-5571285.cloudwaysapps.com/resources/brevard-genealogical-society/
DEBUG:root:Using regex pattern: \b[a-zA-Z]{3,}\b
DEBUG:root:Found 76 words to check in https://wordpress-810691-5571285.cloudwaysapps.com/resources/brevard-genealogical-society/ (min_length=3)
DEBUG:root:Sample words from https://wordpress-810691-5571285.cloudwaysapps.com/resources/brevard-genealogical-society/: ['This', 'alert', 'Skip', 'content', 'Brevard', 'Genealogical', 'Society', 'Inc', 'June', 'The']
DEBUG:root:Spell check results for https://wordpress-810691-5571285.cloudwaysapps.com/resources/brevard-genealogical-society/: 64 words checked, 12 skipped, 0 errors found
INFO:root:✅ Processed https://wordpress-810691-5571285.cloudwaysapps.com/resources/brevard-genealogical-society/: 0 errors found, 99 words checked
DEBUG:root:Attempting to fetch: https://wordpress-810691-5571285.cloudwaysapps.com/resources/reasons-why-knowing-your-family-history-is-important/
Processing pages:  24%|██▎       | 90/381 [00:57<02:59,  1.62it/s]DEBUG:root:✅ Document OK: https://wordpress-810691-5571285.cloudwaysapps.com/wp-content/uploads/2025/08/1738631943_Pathway_for_Pastfinders_V35_N1_2025_Winter.pdf
DEBUG:root:Checking external document: https://pastfindersslc.org/upload/newsletters/1733258079_Newsletter_Dec_2024_N34_V4.pdf
DEBUG:urllib3.connectionpool:Starting new HTTPS connection (1): pastfindersslc.org:443
DEBUG:urllib3.connectionpool:https://outlook.office.com:443 "GET /calendar/0/deeplink/compose?allday=false&body=Help+in+the+preservation+of+our+local+history+and+collections%2C+including+transcriptionists%2C+preservationists%2C+digitizers%2C+and+organization%C2%A0projects.&location=2525+Oakley+Seaver+Dr%2C+Clermont%2C+FL%2C+34711%2C+United+States&path=/calendar/action/compose&rru=addevent&startdt=2026-04-29T10%3A00%3A00-04%3A00&enddt=2026-04-29T12%3A00%3A00-04%3A00&subject=Preserving+Local+History HTTP/1.1" 200 None
DEBUG:root:✅ Hyperlink OK: https://outlook.office.com/calendar/0/deeplink/compose?allday=false&body=Help+in+the+preservation+of+our+local+history+and+collections%2C+including+transcriptionists%2C+preservationists%2C+digitizers%2C+and+organization%C2%A0projects.&location=2525+Oakley+Seaver+Dr%2C+Clermont%2C+FL%2C+34711%2C+United+States&path=/calendar/action/compose&rru=addevent&startdt=2026-04-29T10%3A00%3A00-04%3A00&enddt=2026-04-29T12%3A00%3A00-04%3A00&subject=Preserving+Local+History
DEBUG:root:Checking external hyperlink: https://outlook.live.com/calendar/0/deeplink/compose?allday=false&body=Help+in+the+preservation+of+our+local+history+and+collections%2C+including+transcriptionists%2C+preservationists%2C+digitizers%2C+and+organization%C2%A0projects.&location=2525+Oakley+Seaver+Dr%2C+Clermont%2C+FL%2C+34711%2C+United+States&path=/calendar/action/compose&rru=addevent&startdt=2026-04-29T10%3A00%3A00-04%3A00&enddt=2026-04-29T12%3A00%3A00-04%3A00&subject=Preserving+Local+History
DEBUG:urllib3.connectionpool:Starting new HTTPS connection (1): outlook.live.com:443
DEBUG:urllib3.connectionpool:https://pastfindersslc.org:443 "GET /upload/newsletters/1733258079_Newsletter_Dec_2024_N34_V4.pdf HTTP/1.1" 200 14009277
DEBUG:urllib3.connectionpool:https://wordpress-810691-5571285.cloudwaysapps.com:443 "GET /wp-content/uploads/2025/08/IMG_0020_4_1566946405-964x1024.webp HTTP/1.1" 200 183260
DEBUG:urllib3.connectionpool:https://wordpress-810691-5571285.cloudwaysapps.com:443 "GET /wp-content/uploads/2025/08/2014_12_Christmas_Dinner_32_1525056082-1024x683.webp HTTP/1.1" 200 72918
DEBUG:root:✅ Image OK: https://wordpress-810691-5571285.cloudwaysapps.com/wp-content/uploads/2025/08/2014_12_Christmas_Dinner_32_1525056082-1024x683.webp
DEBUG:root:Using regex pattern: \b[a-zA-Z]{3,}\b
DEBUG:root:Found 81 words to check in https://wordpress-810691-5571285.cloudwaysapps.com/galleries/2014-holiday-party/ (min_length=3)
DEBUG:root:Sample words from https://wordpress-810691-5571285.cloudwaysapps.com/galleries/2014-holiday-party/: ['This', 'alert', 'Skip', 'content', 'Holiday', 'Party', 'images', 'Click', 'view', 'Click']
DEBUG:root:Spell check results for https://wordpress-810691-5571285.cloudwaysapps.com/galleries/2014-holiday-party/: 38 words checked, 43 skipped, 0 errors found
INFO:root:✅ Processed https://wordpress-810691-5571285.cloudwaysapps.com/galleries/2014-holiday-party/: 0 errors found, 163 words checked
DEBUG:root:Attempting to fetch: https://wordpress-810691-5571285.cloudwaysapps.com/events/preserving-local-history-2025-09-17/
Processing pages:  24%|██▍       | 91/381 [00:57<02:44,  1.76it/s]DEBUG:urllib3.connectionpool:https://wordpress-810691-5571285.cloudwaysapps.com:443 "GET /events/preserving-local-history-2025-09-17/ HTTP/1.1" 200 None
DEBUG:root:Successfully fetched https://wordpress-810691-5571285.cloudwaysapps.com/events/preserving-local-history-2025-09-17/ (Content-Length: 42300)
DEBUG:charset_normalizer:Encoding detection: utf_8 is most likely the one.
DEBUG:root:✅ Image OK: https://wordpress-810691-5571285.cloudwaysapps.com/wp-content/uploads/2025/08/IMG_0020_4_1566946405-964x1024.webp
DEBUG:root:Checking internal image: https://wordpress-810691-5571285.cloudwaysapps.com/wp-content/uploads/2025/08/IMG_0018_5_1566946405-1024x680.webp
DEBUG:root:Extracted 448 characters, 65 words from https://wordpress-810691-5571285.cloudwaysapps.com/events/preserving-local-history-2025-09-17/
DEBUG:root:Checking external hyperlink: https://www.google.com/calendar/event?action=TEMPLATE&text=Preserving+Local+History&dates=20250917T100000/20250917T120000&details=Help+in+the+preservation+of+our+local+history+and+collections%2C+including+transcriptionists%2C+preservationists%2C+digitizers%2C+and+organization%C2%A0projects.&location=2525+Oakley+Seaver+Dr%2C+Clermont%2C+FL%2C+34711%2C+United+States&trp=false&sprop=https%3A%2F%2Fwordpress-810691-5571285.cloudwaysapps.com%2Fevents%2Fpreserving-local-history-2025-09-17%2F&sprop=name:Pastfinders&ctz=America%2FNew_York
DEBUG:urllib3.connectionpool:Starting new HTTPS connection (1): wordpress-810691-5571285.cloudwaysapps.com:443
DEBUG:urllib3.connectionpool:Starting new HTTPS connection (1): www.google.com:443
DEBUG:urllib3.connectionpool:https://outlook.live.com:443 "GET /calendar/0/deeplink/compose?allday=false&body=Help+in+the+preservation+of+our+local+history+and+collections%2C+including+transcriptionists%2C+preservationists%2C+digitizers%2C+and+organization%C2%A0projects.&location=2525+Oakley+Seaver+Dr%2C+Clermont%2C+FL%2C+34711%2C+United+States&path=/calendar/action/compose&rru=addevent&startdt=2026-04-29T10%3A00%3A00-04%3A00&enddt=2026-04-29T12%3A00%3A00-04%3A00&subject=Preserving+Local+History HTTP/1.1" 200 None
DEBUG:root:✅ Hyperlink OK: https://outlook.live.com/calendar/0/deeplink/compose?allday=false&body=Help+in+the+preservation+of+our+local+history+and+collections%2C+including+transcriptionists%2C+preservationists%2C+digitizers%2C+and+organization%C2%A0projects.&location=2525+Oakley+Seaver+Dr%2C+Clermont%2C+FL%2C+34711%2C+United+States&path=/calendar/action/compose&rru=addevent&startdt=2026-04-29T10%3A00%3A00-04%3A00&enddt=2026-04-29T12%3A00%3A00-04%3A00&subject=Preserving+Local+History
DEBUG:root:Using regex pattern: \b[a-zA-Z]{3,}\b
DEBUG:root:Found 44 words to check in https://wordpress-810691-5571285.cloudwaysapps.com/events/preserving-local-history-2026-04-29/ (min_length=3)
DEBUG:root:Sample words from https://wordpress-810691-5571285.cloudwaysapps.com/events/preserving-local-history-2026-04-29/: ['This', 'alert', 'Skip', 'content', 'Preserving', 'Local', 'History', 'When', 'April', 'Add']
DEBUG:root:Misspelled word found: 'transcriptionists' in https://wordpress-810691-5571285.cloudwaysapps.com/events/preserving-local-history-2026-04-29/
DEBUG:root:Spell check results for https://wordpress-810691-5571285.cloudwaysapps.com/events/preserving-local-history-2026-04-29/: 17 words checked, 27 skipped, 1 errors found
INFO:root:✅ Processed https://wordpress-810691-5571285.cloudwaysapps.com/events/preserving-local-history-2026-04-29/: 1 errors found, 65 words checked
DEBUG:root:Attempting to fetch: https://wordpress-810691-5571285.cloudwaysapps.com/events/preserving-local-history-2025-11-26/
Processing pages:  24%|██▍       | 92/381 [00:57<02:10,  2.21it/s]DEBUG:urllib3.connectionpool:https://wordpress-810691-5571285.cloudwaysapps.com:443 "GET /events/preserving-local-history-2025-11-26/ HTTP/1.1" 200 None
DEBUG:root:Successfully fetched https://wordpress-810691-5571285.cloudwaysapps.com/events/preserving-local-history-2025-11-26/ (Content-Length: 43398)
DEBUG:charset_normalizer:Encoding detection: utf_8 is most likely the one.
DEBUG:root:Extracted 447 characters, 65 words from https://wordpress-810691-5571285.cloudwaysapps.com/events/preserving-local-history-2025-11-26/
DEBUG:urllib3.connectionpool:https://www.google.com:443 "GET /calendar/event?action=TEMPLATE&text=Preserving+Local+History&dates=20250917T100000/20250917T120000&details=Help+in+the+preservation+of+our+local+history+and+collections%2C+including+transcriptionists%2C+preservationists%2C+digitizers%2C+and+organization%C2%A0projects.&location=2525+Oakley+Seaver+Dr%2C+Clermont%2C+FL%2C+34711%2C+United+States&trp=false&sprop=https%3A%2F%2Fwordpress-810691-5571285.cloudwaysapps.com%2Fevents%2Fpreserving-local-history-2025-09-17%2F&sprop=name:Pastfinders&ctz=America%2FNew_York HTTP/1.1" 302 0
DEBUG:root:Checking external hyperlink: https://www.google.com/calendar/event?action=TEMPLATE&text=Preserving+Local+History&dates=20251126T100000/20251126T120000&details=Help+in+the+preservation+of+our+local+history+and+collections%2C+including+transcriptionists%2C+preservationists%2C+digitizers%2C+and+organization%C2%A0projects.&location=2525+Oakley+Seaver+Dr%2C+Clermont%2C+FL%2C+34711%2C+United+States&trp=false&sprop=https%3A%2F%2Fwordpress-810691-5571285.cloudwaysapps.com%2Fevents%2Fpreserving-local-history-2025-11-26%2F&sprop=name:Pastfinders&ctz=America%2FNew_York
DEBUG:urllib3.connectionpool:Starting new HTTPS connection (1): www.google.com:443
DEBUG:urllib3.connectionpool:Starting new HTTPS connection (1): calendar.google.com:443
DEBUG:urllib3.connectionpool:https://wordpress-810691-5571285.cloudwaysapps.com:443 "GET /wp-content/uploads/2025/08/IMG_0018_5_1566946405-1024x680.webp HTTP/1.1" 200 131950
DEBUG:urllib3.connectionpool:https://www.google.com:443 "GET /calendar/event?action=TEMPLATE&text=Preserving+Local+History&dates=20251126T100000/20251126T120000&details=Help+in+the+preservation+of+our+local+history+and+collections%2C+including+transcriptionists%2C+preservationists%2C+digitizers%2C+and+organization%C2%A0projects.&location=2525+Oakley+Seaver+Dr%2C+Clermont%2C+FL%2C+34711%2C+United+States&trp=false&sprop=https%3A%2F%2Fwordpress-810691-5571285.cloudwaysapps.com%2Fevents%2Fpreserving-local-history-2025-11-26%2F&sprop=name:Pastfinders&ctz=America%2FNew_York HTTP/1.1" 302 0
DEBUG:urllib3.connectionpool:Starting new HTTPS connection (1): calendar.google.com:443
DEBUG:urllib3.connectionpool:https://calendar.google.com:443 "GET /calendar/event?action=TEMPLATE&text=Preserving+Local+History&dates=20250917T100000/20250917T120000&details=Help+in+the+preservation+of+our+local+history+and+collections,+including+transcriptionists,+preservationists,+digitizers,+and+organization%C2%A0projects.&location=2525+Oakley+Seaver+Dr,+Clermont,+FL,+34711,+United+States&trp=false&sprop=https://wordpress-810691-5571285.cloudwaysapps.com/events/preserving-local-history-2025-09-17/&sprop=name:Pastfinders&ctz=America/New_York HTTP/1.1" 302 0
DEBUG:urllib3.connectionpool:Starting new HTTPS connection (1): accounts.google.com:443
DEBUG:root:✅ Image OK: https://wordpress-810691-5571285.cloudwaysapps.com/wp-content/uploads/2025/08/IMG_0018_5_1566946405-1024x680.webp
DEBUG:root:Checking internal image: https://wordpress-810691-5571285.cloudwaysapps.com/wp-content/uploads/2025/08/IMG_0017_1566946405-1024x462.webp
DEBUG:urllib3.connectionpool:Starting new HTTPS connection (1): wordpress-810691-5571285.cloudwaysapps.com:443
DEBUG:urllib3.connectionpool:https://wordpress-810691-5571285.cloudwaysapps.com:443 "GET /resources/reasons-why-knowing-your-family-history-is-important/ HTTP/1.1" 200 None
DEBUG:root:Successfully fetched https://wordpress-810691-5571285.cloudwaysapps.com/resources/reasons-why-knowing-your-family-history-is-important/ (Content-Length: 39208)
DEBUG:charset_normalizer:Encoding detection: utf_8 is most likely the one.
DEBUG:urllib3.connectionpool:https://accounts.google.com:443 "GET /ServiceLogin?service=cl&passive=1209600&osid=1&continue=https://calendar.google.com/calendar/event?action%3DTEMPLATE%26text%3DPreserving%2BLocal%2BHistory%26dates%3D20250917T100000/20250917T120000%26details%3DHelp%2Bin%2Bthe%2Bpreservation%2Bof%2Bour%2Blocal%2Bhistory%2Band%2Bcollections,%2Bincluding%2Btranscriptionists,%2Bpreservationists,%2Bdigitizers,%2Band%2Borganization%25C2%25A0projects.%26location%3D2525%2BOakley%2BSeaver%2BDr,%2BClermont,%2BFL,%2B34711,%2BUnited%2BStates%26trp%3Dfalse%26sprop%3Dhttps://wordpress-810691-5571285.cloudwaysapps.com/events/preserving-local-history-2025-09-17/%26sprop%3Dname:Pastfinders%26ctz%3DAmerica/New_York&followup=https://calendar.google.com/calendar/event?action%3DTEMPLATE%26text%3DPreserving%2BLocal%2BHistory%26dates%3D20250917T100000/20250917T120000%26details%3DHelp%2Bin%2Bthe%2Bpreservation%2Bof%2Bour%2Blocal%2Bhistory%2Band%2Bcollections,%2Bincluding%2Btranscriptionists,%2Bpreservationists,%2Bdigitizers,%2Band%2Borganization%25C2%25A0projects.%26location%3D2525%2BOakley%2BSeaver%2BDr,%2BClermont,%2BFL,%2B34711,%2BUnited%2BStates%26trp%3Dfalse%26sprop%3Dhttps://wordpress-810691-5571285.cloudwaysapps.com/events/preserving-local-history-2025-09-17/%26sprop%3Dname:Pastfinders%26ctz%3DAmerica/New_York&emr=1 HTTP/1.1" 302 0
DEBUG:root:Extracted 614 characters, 101 words from https://wordpress-810691-5571285.cloudwaysapps.com/resources/reasons-why-knowing-your-family-history-is-important/
DEBUG:urllib3.connectionpool:https://calendar.google.com:443 "GET /calendar/event?action=TEMPLATE&text=Preserving+Local+History&dates=20251126T100000/20251126T120000&details=Help+in+the+preservation+of+our+local+history+and+collections,+including+transcriptionists,+preservationists,+digitizers,+and+organization%C2%A0projects.&location=2525+Oakley+Seaver+Dr,+Clermont,+FL,+34711,+United+States&trp=false&sprop=https://wordpress-810691-5571285.cloudwaysapps.com/events/preserving-local-history-2025-11-26/&sprop=name:Pastfinders&ctz=America/New_York HTTP/1.1" 302 0
DEBUG:root:Using regex pattern: \b[a-zA-Z]{3,}\b
DEBUG:root:Found 83 words to check in https://wordpress-810691-5571285.cloudwaysapps.com/resources/reasons-why-knowing-your-family-history-is-important/ (min_length=3)
DEBUG:root:Sample words from https://wordpress-810691-5571285.cloudwaysapps.com/resources/reasons-why-knowing-your-family-history-is-important/: ['This', 'alert', 'Skip', 'content', 'Reasons', 'why', 'Knowing', 'Your', 'Family', 'History']
DEBUG:root:Spell check results for https://wordpress-810691-5571285.cloudwaysapps.com/resources/reasons-why-knowing-your-family-history-is-important/: 61 words checked, 22 skipped, 0 errors found
INFO:root:✅ Processed https://wordpress-810691-5571285.cloudwaysapps.com/resources/reasons-why-knowing-your-family-history-is-important/: 0 errors found, 101 words checked
DEBUG:root:Attempting to fetch: https://wordpress-810691-5571285.cloudwaysapps.com/members-only/bonus-study-group-videos/
Processing pages:  24%|██▍       | 93/381 [00:58<02:13,  2.15it/s]DEBUG:urllib3.connectionpool:Starting new HTTPS connection (1): accounts.google.com:443
DEBUG:urllib3.connectionpool:https://accounts.google.com:443 "GET /InteractiveLogin?continue=https://calendar.google.com/calendar/event?action%3DTEMPLATE%26text%3DPreserving%2BLocal%2BHistory%26dates%3D20250917T100000/20250917T120000%26details%3DHelp%2Bin%2Bthe%2Bpreservation%2Bof%2Bour%2Blocal%2Bhistory%2Band%2Bcollections,%2Bincluding%2Btranscriptionists,%2Bpreservationists,%2Bdigitizers,%2Band%2Borganization%25C2%25A0projects.%26location%3D2525%2BOakley%2BSeaver%2BDr,%2BClermont,%2BFL,%2B34711,%2BUnited%2BStates%26trp%3Dfalse%26sprop%3Dhttps://wordpress-810691-5571285.cloudwaysapps.com/events/preserving-local-history-2025-09-17/%26sprop%3Dname:Pastfinders%26ctz%3DAmerica/New_York&emr=1&followup=https://calendar.google.com/calendar/event?action%3DTEMPLATE%26text%3DPreserving%2BLocal%2BHistory%26dates%3D20250917T100000/20250917T120000%26details%3DHelp%2Bin%2Bthe%2Bpreservation%2Bof%2Bour%2Blocal%2Bhistory%2Band%2Bcollections,%2Bincluding%2Btranscriptionists,%2Bpreservationists,%2Bdigitizers,%2Band%2Borganization%25C2%25A0projects.%26location%3D2525%2BOakley%2BSeaver%2BDr,%2BClermont,%2BFL,%2B34711,%2BUnited%2BStates%26trp%3Dfalse%26sprop%3Dhttps://wordpress-810691-5571285.cloudwaysapps.com/events/preserving-local-history-2025-09-17/%26sprop%3Dname:Pastfinders%26ctz%3DAmerica/New_York&osid=1&passive=1209600&service=cl&ifkv=AdBytiNNIvrUYID5PML3Geez3-mFxokkw7VZu1UVzJ8g7kuJu6auQREQyj2YbE-9Q37GXZbA3PwhTw HTTP/1.1" 302 None
DEBUG:urllib3.connectionpool:https://wordpress-810691-5571285.cloudwaysapps.com:443 "GET /members-only/bonus-study-group-videos/ HTTP/1.1" 200 None
DEBUG:root:Successfully fetched https://wordpress-810691-5571285.cloudwaysapps.com/members-only/bonus-study-group-videos/ (Content-Length: 40219)
DEBUG:charset_normalizer:Encoding detection: utf_8 is most likely the one.
DEBUG:root:Extracted 924 characters, 165 words from https://wordpress-810691-5571285.cloudwaysapps.com/members-only/bonus-study-group-videos/
DEBUG:root:Checking internal document: https://wordpress-810691-5571285.cloudwaysapps.com/wp-content/uploads/2024/03/FBC_Study_Group_1_Handout_by_Rebecca_Shamblin.01.pdf
DEBUG:urllib3.connectionpool:https://wordpress-810691-5571285.cloudwaysapps.com:443 "GET /wp-content/uploads/2025/08/IMG_0017_1566946405-1024x462.webp HTTP/1.1" 200 77566
DEBUG:urllib3.connectionpool:Starting new HTTPS connection (1): wordpress-810691-5571285.cloudwaysapps.com:443
DEBUG:urllib3.connectionpool:https://accounts.google.com:443 "GET /v3/signin/identifier?continue=https%3A%2F%2Fcalendar.google.com%2Fcalendar%2Fevent%3Faction%3DTEMPLATE%26text%3DPreserving%2BLocal%2BHistory%26dates%3D20250917T100000%2F20250917T120000%26details%3DHelp%2Bin%2Bthe%2Bpreservation%2Bof%2Bour%2Blocal%2Bhistory%2Band%2Bcollections%2C%2Bincluding%2Btranscriptionists%2C%2Bpreservationists%2C%2Bdigitizers%2C%2Band%2Borganization%25C2%25A0projects.%26location%3D2525%2BOakley%2BSeaver%2BDr%2C%2BClermont%2C%2BFL%2C%2B34711%2C%2BUnited%2BStates%26trp%3Dfalse%26sprop%3Dhttps%3A%2F%2Fwordpress-810691-5571285.cloudwaysapps.com%2Fevents%2Fpreserving-local-history-2025-09-17%2F%26sprop%3Dname%3APastfinders%26ctz%3DAmerica%2FNew_York&emr=1&followup=https%3A%2F%2Fcalendar.google.com%2Fcalendar%2Fevent%3Faction%3DTEMPLATE%26text%3DPreserving%2BLocal%2BHistory%26dates%3D20250917T100000%2F20250917T120000%26details%3DHelp%2Bin%2Bthe%2Bpreservation%2Bof%2Bour%2Blocal%2Bhistory%2Band%2Bcollections%2C%2Bincluding%2Btranscriptionists%2C%2Bpreservationists%2C%2Bdigitizers%2C%2Band%2Borganization%25C2%25A0projects.%26location%3D2525%2BOakley%2BSeaver%2BDr%2C%2BClermont%2C%2BFL%2C%2B34711%2C%2BUnited%2BStates%26trp%3Dfalse%26sprop%3Dhttps%3A%2F%2Fwordpress-810691-5571285.cloudwaysapps.com%2Fevents%2Fpreserving-local-history-2025-09-17%2F%26sprop%3Dname%3APastfinders%26ctz%3DAmerica%2FNew_York&ifkv=AdBytiOhkjsIPUzYyQ78PNMhjTCuQaknhWw3J7t25vuuHKNS-lOS1b3hqW1vUU6Ct4WrkzMAoPWlbw&osid=1&passive=1209600&service=cl&flowName=WebLiteSignIn&flowEntry=ServiceLogin&dsh=S-1073419009%3A1756758182476176 HTTP/1.1" 200 None
DEBUG:urllib3.connectionpool:https://accounts.google.com:443 "GET /ServiceLogin?service=cl&passive=1209600&osid=1&continue=https://calendar.google.com/calendar/event?action%3DTEMPLATE%26text%3DPreserving%2BLocal%2BHistory%26dates%3D20251126T100000/20251126T120000%26details%3DHelp%2Bin%2Bthe%2Bpreservation%2Bof%2Bour%2Blocal%2Bhistory%2Band%2Bcollections,%2Bincluding%2Btranscriptionists,%2Bpreservationists,%2Bdigitizers,%2Band%2Borganization%25C2%25A0projects.%26location%3D2525%2BOakley%2BSeaver%2BDr,%2BClermont,%2BFL,%2B34711,%2BUnited%2BStates%26trp%3Dfalse%26sprop%3Dhttps://wordpress-810691-5571285.cloudwaysapps.com/events/preserving-local-history-2025-11-26/%26sprop%3Dname:Pastfinders%26ctz%3DAmerica/New_York&followup=https://calendar.google.com/calendar/event?action%3DTEMPLATE%26text%3DPreserving%2BLocal%2BHistory%26dates%3D20251126T100000/20251126T120000%26details%3DHelp%2Bin%2Bthe%2Bpreservation%2Bof%2Bour%2Blocal%2Bhistory%2Band%2Bcollections,%2Bincluding%2Btranscriptionists,%2Bpreservationists,%2Bdigitizers,%2Band%2Borganization%25C2%25A0projects.%26location%3D2525%2BOakley%2BSeaver%2BDr,%2BClermont,%2BFL,%2B34711,%2BUnited%2BStates%26trp%3Dfalse%26sprop%3Dhttps://wordpress-810691-5571285.cloudwaysapps.com/events/preserving-local-history-2025-11-26/%26sprop%3Dname:Pastfinders%26ctz%3DAmerica/New_York&emr=1 HTTP/1.1" 302 0
DEBUG:root:✅ Image OK: https://wordpress-810691-5571285.cloudwaysapps.com/wp-content/uploads/2025/08/IMG_0017_1566946405-1024x462.webp
DEBUG:root:Checking internal image: https://wordpress-810691-5571285.cloudwaysapps.com/wp-content/uploads/2025/08/IMG_0015_8_1566946405-1024x818.webp
DEBUG:urllib3.connectionpool:Starting new HTTPS connection (1): wordpress-810691-5571285.cloudwaysapps.com:443
DEBUG:urllib3.connectionpool:https://accounts.google.com:443 "GET /InteractiveLogin?continue=https://calendar.google.com/calendar/event?action%3DTEMPLATE%26text%3DPreserving%2BLocal%2BHistory%26dates%3D20251126T100000/20251126T120000%26details%3DHelp%2Bin%2Bthe%2Bpreservation%2Bof%2Bour%2Blocal%2Bhistory%2Band%2Bcollections,%2Bincluding%2Btranscriptionists,%2Bpreservationists,%2Bdigitizers,%2Band%2Borganization%25C2%25A0projects.%26location%3D2525%2BOakley%2BSeaver%2BDr,%2BClermont,%2BFL,%2B34711,%2BUnited%2BStates%26trp%3Dfalse%26sprop%3Dhttps://wordpress-810691-5571285.cloudwaysapps.com/events/preserving-local-history-2025-11-26/%26sprop%3Dname:Pastfinders%26ctz%3DAmerica/New_York&emr=1&followup=https://calendar.google.com/calendar/event?action%3DTEMPLATE%26text%3DPreserving%2BLocal%2BHistory%26dates%3D20251126T100000/20251126T120000%26details%3DHelp%2Bin%2Bthe%2Bpreservation%2Bof%2Bour%2Blocal%2Bhistory%2Band%2Bcollections,%2Bincluding%2Btranscriptionists,%2Bpreservationists,%2Bdigitizers,%2Band%2Borganization%25C2%25A0projects.%26location%3D2525%2BOakley%2BSeaver%2BDr,%2BClermont,%2BFL,%2B34711,%2BUnited%2BStates%26trp%3Dfalse%26sprop%3Dhttps://wordpress-810691-5571285.cloudwaysapps.com/events/preserving-local-history-2025-11-26/%26sprop%3Dname:Pastfinders%26ctz%3DAmerica/New_York&osid=1&passive=1209600&service=cl&ifkv=AdBytiPsvHtFqV1HeC5BwgqxIk2XtjXvgw-4A8UZCibqQaA7IqoHJ6sZO1TpYmIz1qjrdWjlXoNzpw HTTP/1.1" 302 None
DEBUG:root:✅ Hyperlink OK: https://www.google.com/calendar/event?action=TEMPLATE&text=Preserving+Local+History&dates=20250917T100000/20250917T120000&details=Help+in+the+preservation+of+our+local+history+and+collections%2C+including+transcriptionists%2C+preservationists%2C+digitizers%2C+and+organization%C2%A0projects.&location=2525+Oakley+Seaver+Dr%2C+Clermont%2C+FL%2C+34711%2C+United+States&trp=false&sprop=https%3A%2F%2Fwordpress-810691-5571285.cloudwaysapps.com%2Fevents%2Fpreserving-local-history-2025-09-17%2F&sprop=name:Pastfinders&ctz=America%2FNew_York
DEBUG:root:Checking external hyperlink: https://outlook.office.com/calendar/0/deeplink/compose?allday=false&body=Help+in+the+preservation+of+our+local+history+and+collections%2C+including+transcriptionists%2C+preservationists%2C+digitizers%2C+and+organization%C2%A0projects.&location=2525+Oakley+Seaver+Dr%2C+Clermont%2C+FL%2C+34711%2C+United+States&path=/calendar/action/compose&rru=addevent&startdt=2025-09-17T10%3A00%3A00-04%3A00&enddt=2025-09-17T12%3A00%3A00-04%3A00&subject=Preserving+Local+History
DEBUG:urllib3.connectionpool:Starting new HTTPS connection (1): outlook.office.com:443
DEBUG:urllib3.connectionpool:https://accounts.google.com:443 "GET /v3/signin/identifier?continue=https%3A%2F%2Fcalendar.google.com%2Fcalendar%2Fevent%3Faction%3DTEMPLATE%26text%3DPreserving%2BLocal%2BHistory%26dates%3D20251126T100000%2F20251126T120000%26details%3DHelp%2Bin%2Bthe%2Bpreservation%2Bof%2Bour%2Blocal%2Bhistory%2Band%2Bcollections%2C%2Bincluding%2Btranscriptionists%2C%2Bpreservationists%2C%2Bdigitizers%2C%2Band%2Borganization%25C2%25A0projects.%26location%3D2525%2BOakley%2BSeaver%2BDr%2C%2BClermont%2C%2BFL%2C%2B34711%2C%2BUnited%2BStates%26trp%3Dfalse%26sprop%3Dhttps%3A%2F%2Fwordpress-810691-5571285.cloudwaysapps.com%2Fevents%2Fpreserving-local-history-2025-11-26%2F%26sprop%3Dname%3APastfinders%26ctz%3DAmerica%2FNew_York&emr=1&followup=https%3A%2F%2Fcalendar.google.com%2Fcalendar%2Fevent%3Faction%3DTEMPLATE%26text%3DPreserving%2BLocal%2BHistory%26dates%3D20251126T100000%2F20251126T120000%26details%3DHelp%2Bin%2Bthe%2Bpreservation%2Bof%2Bour%2Blocal%2Bhistory%2Band%2Bcollections%2C%2Bincluding%2Btranscriptionists%2C%2Bpreservationists%2C%2Bdigitizers%2C%2Band%2Borganization%25C2%25A0projects.%26location%3D2525%2BOakley%2BSeaver%2BDr%2C%2BClermont%2C%2BFL%2C%2B34711%2C%2BUnited%2BStates%26trp%3Dfalse%26sprop%3Dhttps%3A%2F%2Fwordpress-810691-5571285.cloudwaysapps.com%2Fevents%2Fpreserving-local-history-2025-11-26%2F%26sprop%3Dname%3APastfinders%26ctz%3DAmerica%2FNew_York&ifkv=AdBytiNzSnYTII1nwHMpa4vdxO5A5uTX-coV8vPtDgSwwf_ccM3GECJX1D2Kug5d0Pd3UASITsQg-Q&osid=1&passive=1209600&service=cl&flowName=WebLiteSignIn&flowEntry=ServiceLogin&dsh=S1059017876%3A1756758182616378 HTTP/1.1" 200 None
DEBUG:urllib3.connectionpool:https://wordpress-810691-5571285.cloudwaysapps.com:443 "GET /wp-content/uploads/2024/03/FBC_Study_Group_1_Handout_by_Rebecca_Shamblin.01.pdf HTTP/1.1" 200 262533
DEBUG:urllib3.connectionpool:https://wordpress-810691-5571285.cloudwaysapps.com:443 "GET /wp-content/uploads/2025/08/IMG_0015_8_1566946405-1024x818.webp HTTP/1.1" 200 147436
DEBUG:root:✅ Hyperlink OK: https://www.google.com/calendar/event?action=TEMPLATE&text=Preserving+Local+History&dates=20251126T100000/20251126T120000&details=Help+in+the+preservation+of+our+local+history+and+collections%2C+including+transcriptionists%2C+preservationists%2C+digitizers%2C+and+organization%C2%A0projects.&location=2525+Oakley+Seaver+Dr%2C+Clermont%2C+FL%2C+34711%2C+United+States&trp=false&sprop=https%3A%2F%2Fwordpress-810691-5571285.cloudwaysapps.com%2Fevents%2Fpreserving-local-history-2025-11-26%2F&sprop=name:Pastfinders&ctz=America%2FNew_York
DEBUG:root:Checking external hyperlink: https://outlook.office.com/calendar/0/deeplink/compose?allday=false&body=Help+in+the+preservation+of+our+local+history+and+collections%2C+including+transcriptionists%2C+preservationists%2C+digitizers%2C+and+organization%C2%A0projects.&location=2525+Oakley+Seaver+Dr%2C+Clermont%2C+FL%2C+34711%2C+United+States&path=/calendar/action/compose&rru=addevent&startdt=2025-11-26T10%3A00%3A00-05%3A00&enddt=2025-11-26T12%3A00%3A00-05%3A00&subject=Preserving+Local+History
DEBUG:urllib3.connectionpool:Starting new HTTPS connection (1): outlook.office.com:443
DEBUG:urllib3.connectionpool:https://outlook.office.com:443 "GET /calendar/0/deeplink/compose?allday=false&body=Help+in+the+preservation+of+our+local+history+and+collections%2C+including+transcriptionists%2C+preservationists%2C+digitizers%2C+and+organization%C2%A0projects.&location=2525+Oakley+Seaver+Dr%2C+Clermont%2C+FL%2C+34711%2C+United+States&path=/calendar/action/compose&rru=addevent&startdt=2025-09-17T10%3A00%3A00-04%3A00&enddt=2025-09-17T12%3A00%3A00-04%3A00&subject=Preserving+Local+History HTTP/1.1" 200 None
DEBUG:root:✅ Hyperlink OK: https://outlook.office.com/calendar/0/deeplink/compose?allday=false&body=Help+in+the+preservation+of+our+local+history+and+collections%2C+including+transcriptionists%2C+preservationists%2C+digitizers%2C+and+organization%C2%A0projects.&location=2525+Oakley+Seaver+Dr%2C+Clermont%2C+FL%2C+34711%2C+United+States&path=/calendar/action/compose&rru=addevent&startdt=2025-09-17T10%3A00%3A00-04%3A00&enddt=2025-09-17T12%3A00%3A00-04%3A00&subject=Preserving+Local+History
DEBUG:root:Checking external hyperlink: https://outlook.live.com/calendar/0/deeplink/compose?allday=false&body=Help+in+the+preservation+of+our+local+history+and+collections%2C+including+transcriptionists%2C+preservationists%2C+digitizers%2C+and+organization%C2%A0projects.&location=2525+Oakley+Seaver+Dr%2C+Clermont%2C+FL%2C+34711%2C+United+States&path=/calendar/action/compose&rru=addevent&startdt=2025-09-17T10%3A00%3A00-04%3A00&enddt=2025-09-17T12%3A00%3A00-04%3A00&subject=Preserving+Local+History
DEBUG:urllib3.connectionpool:Starting new HTTPS connection (1): outlook.live.com:443
DEBUG:root:✅ Image OK: https://wordpress-810691-5571285.cloudwaysapps.com/wp-content/uploads/2025/08/IMG_0015_8_1566946405-1024x818.webp
DEBUG:root:Checking internal image: https://wordpress-810691-5571285.cloudwaysapps.com/wp-content/uploads/2025/08/flyer_oct_1566946156-664x1024.webp
DEBUG:urllib3.connectionpool:Starting new HTTPS connection (1): wordpress-810691-5571285.cloudwaysapps.com:443
DEBUG:root:✅ Document OK: https://wordpress-810691-5571285.cloudwaysapps.com/wp-content/uploads/2024/03/FBC_Study_Group_1_Handout_by_Rebecca_Shamblin.01.pdf
DEBUG:root:Checking external javascript: https://player.vimeo.com/api/player.js
DEBUG:urllib3.connectionpool:Starting new HTTPS connection (1): player.vimeo.com:443
DEBUG:urllib3.connectionpool:https://outlook.office.com:443 "GET /calendar/0/deeplink/compose?allday=false&body=Help+in+the+preservation+of+our+local+history+and+collections%2C+including+transcriptionists%2C+preservationists%2C+digitizers%2C+and+organization%C2%A0projects.&location=2525+Oakley+Seaver+Dr%2C+Clermont%2C+FL%2C+34711%2C+United+States&path=/calendar/action/compose&rru=addevent&startdt=2025-11-26T10%3A00%3A00-05%3A00&enddt=2025-11-26T12%3A00%3A00-05%3A00&subject=Preserving+Local+History HTTP/1.1" 200 None
DEBUG:root:✅ Hyperlink OK: https://outlook.office.com/calendar/0/deeplink/compose?allday=false&body=Help+in+the+preservation+of+our+local+history+and+collections%2C+including+transcriptionists%2C+preservationists%2C+digitizers%2C+and+organization%C2%A0projects.&location=2525+Oakley+Seaver+Dr%2C+Clermont%2C+FL%2C+34711%2C+United+States&path=/calendar/action/compose&rru=addevent&startdt=2025-11-26T10%3A00%3A00-05%3A00&enddt=2025-11-26T12%3A00%3A00-05%3A00&subject=Preserving+Local+History
DEBUG:root:Checking external hyperlink: https://outlook.live.com/calendar/0/deeplink/compose?allday=false&body=Help+in+the+preservation+of+our+local+history+and+collections%2C+including+transcriptionists%2C+preservationists%2C+digitizers%2C+and+organization%C2%A0projects.&location=2525+Oakley+Seaver+Dr%2C+Clermont%2C+FL%2C+34711%2C+United+States&path=/calendar/action/compose&rru=addevent&startdt=2025-11-26T10%3A00%3A00-05%3A00&enddt=2025-11-26T12%3A00%3A00-05%3A00&subject=Preserving+Local+History
DEBUG:urllib3.connectionpool:https://outlook.live.com:443 "GET /calendar/0/deeplink/compose?allday=false&body=Help+in+the+preservation+of+our+local+history+and+collections%2C+including+transcriptionists%2C+preservationists%2C+digitizers%2C+and+organization%C2%A0projects.&location=2525+Oakley+Seaver+Dr%2C+Clermont%2C+FL%2C+34711%2C+United+States&path=/calendar/action/compose&rru=addevent&startdt=2025-09-17T10%3A00%3A00-04%3A00&enddt=2025-09-17T12%3A00%3A00-04%3A00&subject=Preserving+Local+History HTTP/1.1" 200 None
DEBUG:root:✅ Hyperlink OK: https://outlook.live.com/calendar/0/deeplink/compose?allday=false&body=Help+in+the+preservation+of+our+local+history+and+collections%2C+including+transcriptionists%2C+preservationists%2C+digitizers%2C+and+organization%C2%A0projects.&location=2525+Oakley+Seaver+Dr%2C+Clermont%2C+FL%2C+34711%2C+United+States&path=/calendar/action/compose&rru=addevent&startdt=2025-09-17T10%3A00%3A00-04%3A00&enddt=2025-09-17T12%3A00%3A00-04%3A00&subject=Preserving+Local+History
DEBUG:root:Using regex pattern: \b[a-zA-Z]{3,}\b
DEBUG:root:Found 44 words to check in https://wordpress-810691-5571285.cloudwaysapps.com/events/preserving-local-history-2025-09-17/ (min_length=3)
DEBUG:root:Sample words from https://wordpress-810691-5571285.cloudwaysapps.com/events/preserving-local-history-2025-09-17/: ['This', 'alert', 'Skip', 'content', 'Preserving', 'Local', 'History', 'When', 'September', 'Add']
DEBUG:root:Misspelled word found: 'transcriptionists' in https://wordpress-810691-5571285.cloudwaysapps.com/events/preserving-local-history-2025-09-17/
DEBUG:root:Spell check results for https://wordpress-810691-5571285.cloudwaysapps.com/events/preserving-local-history-2025-09-17/: 17 words checked, 27 skipped, 1 errors found
INFO:root:✅ Processed https://wordpress-810691-5571285.cloudwaysapps.com/events/preserving-local-history-2025-09-17/: 1 errors found, 65 words checked
DEBUG:root:Attempting to fetch: https://wordpress-810691-5571285.cloudwaysapps.com/galleries/1998-holiday-party/
Processing pages:  25%|██▍       | 94/381 [00:58<02:25,  1.98it/s]DEBUG:urllib3.connectionpool:Starting new HTTPS connection (1): outlook.live.com:443
DEBUG:urllib3.connectionpool:https://player.vimeo.com:443 "GET /api/player.js HTTP/1.1" 200 12111
DEBUG:root:✅ Javascript OK: https://player.vimeo.com/api/player.js
DEBUG:root:Using regex pattern: \b[a-zA-Z]{3,}\b
DEBUG:root:Found 126 words to check in https://wordpress-810691-5571285.cloudwaysapps.com/members-only/bonus-study-group-videos/ (min_length=3)
DEBUG:root:Sample words from https://wordpress-810691-5571285.cloudwaysapps.com/members-only/bonus-study-group-videos/: ['This', 'alert', 'Skip', 'content', 'Bonus', 'Study', 'Group', 'Videos', 'Using', 'Family']
DEBUG:root:Spell check results for https://wordpress-810691-5571285.cloudwaysapps.com/members-only/bonus-study-group-videos/: 99 words checked, 27 skipped, 0 errors found
INFO:root:✅ Processed https://wordpress-810691-5571285.cloudwaysapps.com/members-only/bonus-study-group-videos/: 0 errors found, 165 words checked
DEBUG:root:Attempting to fetch: https://wordpress-810691-5571285.cloudwaysapps.com/family-book-creator-sig/
DEBUG:urllib3.connectionpool:https://wordpress-810691-5571285.cloudwaysapps.com:443 "GET /galleries/1998-holiday-party/ HTTP/1.1" 200 None
DEBUG:urllib3.connectionpool:https://wordpress-810691-5571285.cloudwaysapps.com:443 "GET /family-book-creator-sig/ HTTP/1.1" 200 None
DEBUG:root:Successfully fetched https://wordpress-810691-5571285.cloudwaysapps.com/galleries/1998-holiday-party/ (Content-Length: 153582)
DEBUG:root:Successfully fetched https://wordpress-810691-5571285.cloudwaysapps.com/family-book-creator-sig/ (Content-Length: 37893)
DEBUG:urllib3.connectionpool:https://wordpress-810691-5571285.cloudwaysapps.com:443 "GET /wp-content/uploads/2025/08/flyer_oct_1566946156-664x1024.webp HTTP/1.1" 200 129982
DEBUG:charset_normalizer:Encoding detection: utf_8 is most likely the one.
DEBUG:charset_normalizer:Encoding detection: utf_8 is most likely the one.
DEBUG:root:Extracted 481 characters, 84 words from https://wordpress-810691-5571285.cloudwaysapps.com/family-book-creator-sig/
DEBUG:root:Checking external hyperlink: http://pastfinders.local/contact-us/
DEBUG:urllib3.connectionpool:Starting new HTTP connection (1): pastfinders.local:80
DEBUG:root:Extracted 971 characters, 219 words from https://wordpress-810691-5571285.cloudwaysapps.com/galleries/1998-holiday-party/
DEBUG:root:Checking internal image: https://wordpress-810691-5571285.cloudwaysapps.com/wp-content/uploads/2025/08/IMG_0012_6_Vivid_shr_1606257492-634x1024.webp
DEBUG:urllib3.connectionpool:Starting new HTTPS connection (1): wordpress-810691-5571285.cloudwaysapps.com:443
DEBUG:urllib3.connectionpool:https://outlook.live.com:443 "GET /calendar/0/deeplink/compose?allday=false&body=Help+in+the+preservation+of+our+local+history+and+collections%2C+including+transcriptionists%2C+preservationists%2C+digitizers%2C+and+organization%C2%A0projects.&location=2525+Oakley+Seaver+Dr%2C+Clermont%2C+FL%2C+34711%2C+United+States&path=/calendar/action/compose&rru=addevent&startdt=2025-11-26T10%3A00%3A00-05%3A00&enddt=2025-11-26T12%3A00%3A00-05%3A00&subject=Preserving+Local+History HTTP/1.1" 200 None
DEBUG:root:✅ Hyperlink OK: https://outlook.live.com/calendar/0/deeplink/compose?allday=false&body=Help+in+the+preservation+of+our+local+history+and+collections%2C+including+transcriptionists%2C+preservationists%2C+digitizers%2C+and+organization%C2%A0projects.&location=2525+Oakley+Seaver+Dr%2C+Clermont%2C+FL%2C+34711%2C+United+States&path=/calendar/action/compose&rru=addevent&startdt=2025-11-26T10%3A00%3A00-05%3A00&enddt=2025-11-26T12%3A00%3A00-05%3A00&subject=Preserving+Local+History
DEBUG:root:Using regex pattern: \b[a-zA-Z]{3,}\b
DEBUG:root:Found 44 words to check in https://wordpress-810691-5571285.cloudwaysapps.com/events/preserving-local-history-2025-11-26/ (min_length=3)
DEBUG:root:Sample words from https://wordpress-810691-5571285.cloudwaysapps.com/events/preserving-local-history-2025-11-26/: ['This', 'alert', 'Skip', 'content', 'Preserving', 'Local', 'History', 'When', 'November', 'Add']
DEBUG:root:Misspelled word found: 'transcriptionists' in https://wordpress-810691-5571285.cloudwaysapps.com/events/preserving-local-history-2025-11-26/
DEBUG:root:Spell check results for https://wordpress-810691-5571285.cloudwaysapps.com/events/preserving-local-history-2025-11-26/: 17 words checked, 27 skipped, 1 errors found
INFO:root:✅ Processed https://wordpress-810691-5571285.cloudwaysapps.com/events/preserving-local-history-2025-11-26/: 1 errors found, 65 words checked
DEBUG:root:Attempting to fetch: https://wordpress-810691-5571285.cloudwaysapps.com/resources/genetic-genealogy-simplified-part-2/
Processing pages:  25%|██▌       | 96/381 [00:59<01:43,  2.76it/s]DEBUG:root:✅ Image OK: https://wordpress-810691-5571285.cloudwaysapps.com/wp-content/uploads/2025/08/flyer_oct_1566946156-664x1024.webp
DEBUG:root:Checking internal image: https://wordpress-810691-5571285.cloudwaysapps.com/wp-content/uploads/2025/08/flyer_oct_2_1566946155-774x1024.webp
DEBUG:urllib3.connectionpool:https://wordpress-810691-5571285.cloudwaysapps.com:443 "GET /resources/genetic-genealogy-simplified-part-2/ HTTP/1.1" 200 None
DEBUG:root:Successfully fetched https://wordpress-810691-5571285.cloudwaysapps.com/resources/genetic-genealogy-simplified-part-2/ (Content-Length: 38815)
DEBUG:urllib3.connectionpool:Starting new HTTPS connection (1): wordpress-810691-5571285.cloudwaysapps.com:443
DEBUG:charset_normalizer:Encoding detection: utf_8 is most likely the one.
DEBUG:root:Extracted 510 characters, 82 words from https://wordpress-810691-5571285.cloudwaysapps.com/resources/genetic-genealogy-simplified-part-2/
DEBUG:root:Using regex pattern: \b[a-zA-Z]{3,}\b
DEBUG:root:Found 61 words to check in https://wordpress-810691-5571285.cloudwaysapps.com/resources/genetic-genealogy-simplified-part-2/ (min_length=3)
DEBUG:root:Sample words from https://wordpress-810691-5571285.cloudwaysapps.com/resources/genetic-genealogy-simplified-part-2/: ['This', 'alert', 'Skip', 'content', 'Genetic', 'Genealogy', 'Simplified', 'Part', 'July', 'continuing']
DEBUG:root:Spell check results for https://wordpress-810691-5571285.cloudwaysapps.com/resources/genetic-genealogy-simplified-part-2/: 38 words checked, 23 skipped, 0 errors found
INFO:root:✅ Processed https://wordpress-810691-5571285.cloudwaysapps.com/resources/genetic-genealogy-simplified-part-2/: 0 errors found, 82 words checked
DEBUG:root:Attempting to fetch: https://wordpress-810691-5571285.cloudwaysapps.com/galleries/2017-holiday-party/
Processing pages:  25%|██▌       | 97/381 [00:59<01:38,  2.87it/s]DEBUG:urllib3.connectionpool:https://wordpress-810691-5571285.cloudwaysapps.com:443 "GET /galleries/2017-holiday-party/ HTTP/1.1" 200 None
DEBUG:root:Successfully fetched https://wordpress-810691-5571285.cloudwaysapps.com/galleries/2017-holiday-party/ (Content-Length: 86464)
DEBUG:charset_normalizer:Encoding detection: utf_8 is most likely the one.
DEBUG:root:Extracted 478 characters, 103 words from https://wordpress-810691-5571285.cloudwaysapps.com/galleries/2017-holiday-party/
DEBUG:urllib3.connectionpool:https://wordpress-810691-5571285.cloudwaysapps.com:443 "GET /wp-content/uploads/2025/08/IMG_0012_6_Vivid_shr_1606257492-634x1024.webp HTTP/1.1" 200 66612
DEBUG:root:Checking internal image: https://wordpress-810691-5571285.cloudwaysapps.com/wp-content/uploads/2025/08/IMG_7903_1541643643-1024x683.webp
DEBUG:urllib3.connectionpool:Starting new HTTPS connection (1): wordpress-810691-5571285.cloudwaysapps.com:443
DEBUG:root:✅ Image OK: https://wordpress-810691-5571285.cloudwaysapps.com/wp-content/uploads/2025/08/IMG_0012_6_Vivid_shr_1606257492-634x1024.webp
DEBUG:root:Checking internal image: https://wordpress-810691-5571285.cloudwaysapps.com/wp-content/uploads/2025/08/IMG_0008_4_Vivid_shr_1606257685-1024x809.webp
DEBUG:urllib3.connectionpool:Starting new HTTPS connection (1): wordpress-810691-5571285.cloudwaysapps.com:443
DEBUG:urllib3.connectionpool:https://wordpress-810691-5571285.cloudwaysapps.com:443 "GET /wp-content/uploads/2025/08/flyer_oct_2_1566946155-774x1024.webp HTTP/1.1" 200 169068
DEBUG:urllib3.connectionpool:https://wordpress-810691-5571285.cloudwaysapps.com:443 "GET /wp-content/uploads/2025/08/IMG_7903_1541643643-1024x683.webp HTTP/1.1" 200 67008
DEBUG:urllib3.connectionpool:https://wordpress-810691-5571285.cloudwaysapps.com:443 "GET /wp-content/uploads/2025/08/IMG_0008_4_Vivid_shr_1606257685-1024x809.webp HTTP/1.1" 200 80694
DEBUG:root:✅ Image OK: https://wordpress-810691-5571285.cloudwaysapps.com/wp-content/uploads/2025/08/flyer_oct_2_1566946155-774x1024.webp
DEBUG:root:Checking internal image: https://wordpress-810691-5571285.cloudwaysapps.com/wp-content/uploads/2025/08/IMG_0021_1566946405-1024x777.webp
DEBUG:urllib3.connectionpool:Starting new HTTPS connection (1): wordpress-810691-5571285.cloudwaysapps.com:443
DEBUG:root:✅ Image OK: https://wordpress-810691-5571285.cloudwaysapps.com/wp-content/uploads/2025/08/IMG_7903_1541643643-1024x683.webp
DEBUG:root:✅ Image OK: https://wordpress-810691-5571285.cloudwaysapps.com/wp-content/uploads/2025/08/IMG_0008_4_Vivid_shr_1606257685-1024x809.webp
DEBUG:root:Checking internal image: https://wordpress-810691-5571285.cloudwaysapps.com/wp-content/uploads/2025/08/IMG_7912_1541643643-1024x683.webp
DEBUG:root:Checking internal image: https://wordpress-810691-5571285.cloudwaysapps.com/wp-content/uploads/2025/08/IMG_0011_6_1606257144-623x1024.webp
DEBUG:urllib3.connectionpool:Starting new HTTPS connection (1): wordpress-810691-5571285.cloudwaysapps.com:443
DEBUG:urllib3.connectionpool:Starting new HTTPS connection (1): wordpress-810691-5571285.cloudwaysapps.com:443
DEBUG:urllib3.connectionpool:https://wordpress-810691-5571285.cloudwaysapps.com:443 "GET /wp-content/uploads/2025/08/IMG_0021_1566946405-1024x777.webp HTTP/1.1" 200 137968
DEBUG:urllib3.connectionpool:https://wordpress-810691-5571285.cloudwaysapps.com:443 "GET /wp-content/uploads/2025/08/IMG_0011_6_1606257144-623x1024.webp HTTP/1.1" 200 41574
DEBUG:root:✅ Image OK: https://wordpress-810691-5571285.cloudwaysapps.com/wp-content/uploads/2025/08/IMG_0011_6_1606257144-623x1024.webp
DEBUG:root:Checking internal image: https://wordpress-810691-5571285.cloudwaysapps.com/wp-content/uploads/2025/08/IMG_0012_8_Vivid_shr_1606257492-1024x605.webp
DEBUG:urllib3.connectionpool:Starting new HTTPS connection (1): wordpress-810691-5571285.cloudwaysapps.com:443
DEBUG:urllib3.connectionpool:https://wordpress-810691-5571285.cloudwaysapps.com:443 "GET /wp-content/uploads/2025/08/IMG_7912_1541643643-1024x683.webp HTTP/1.1" 200 64138
DEBUG:root:✅ Image OK: https://wordpress-810691-5571285.cloudwaysapps.com/wp-content/uploads/2025/08/IMG_0021_1566946405-1024x777.webp
DEBUG:root:Checking internal image: https://wordpress-810691-5571285.cloudwaysapps.com/wp-content/uploads/2025/08/IMG_0022_1566946405-598x1024.webp
DEBUG:urllib3.connectionpool:Starting new HTTPS connection (1): wordpress-810691-5571285.cloudwaysapps.com:443
DEBUG:root:✅ Image OK: https://wordpress-810691-5571285.cloudwaysapps.com/wp-content/uploads/2025/08/IMG_7912_1541643643-1024x683.webp
DEBUG:root:Checking internal image: https://wordpress-810691-5571285.cloudwaysapps.com/wp-content/uploads/2025/08/IMG_7898_1541643643-1024x683.webp
DEBUG:urllib3.connectionpool:Starting new HTTPS connection (1): wordpress-810691-5571285.cloudwaysapps.com:443
DEBUG:urllib3.connectionpool:https://wordpress-810691-5571285.cloudwaysapps.com:443 "GET /wp-content/uploads/2025/08/IMG_0022_1566946405-598x1024.webp HTTP/1.1" 200 115218
DEBUG:urllib3.connectionpool:https://wordpress-810691-5571285.cloudwaysapps.com:443 "GET /wp-content/uploads/2025/08/IMG_0012_8_Vivid_shr_1606257492-1024x605.webp HTTP/1.1" 200 40414
DEBUG:root:✅ Image OK: https://wordpress-810691-5571285.cloudwaysapps.com/wp-content/uploads/2025/08/IMG_0012_8_Vivid_shr_1606257492-1024x605.webp
DEBUG:root:Checking internal image: https://wordpress-810691-5571285.cloudwaysapps.com/wp-content/uploads/2025/08/IMG_0008_2_Vivid_shr_1606256939-1024x622.webp
DEBUG:urllib3.connectionpool:Starting new HTTPS connection (1): wordpress-810691-5571285.cloudwaysapps.com:443
DEBUG:urllib3.connectionpool:https://wordpress-810691-5571285.cloudwaysapps.com:443 "GET /wp-content/uploads/2025/08/IMG_7898_1541643643-1024x683.webp HTTP/1.1" 200 118206
DEBUG:root:✅ Image OK: https://wordpress-810691-5571285.cloudwaysapps.com/wp-content/uploads/2025/08/IMG_0022_1566946405-598x1024.webp
DEBUG:root:Checking internal image: https://wordpress-810691-5571285.cloudwaysapps.com/wp-content/uploads/2025/08/IMG_0024_1566946405-1024x993.webp
DEBUG:urllib3.connectionpool:Starting new HTTPS connection (1): wordpress-810691-5571285.cloudwaysapps.com:443
DEBUG:root:✅ Image OK: https://wordpress-810691-5571285.cloudwaysapps.com/wp-content/uploads/2025/08/IMG_7898_1541643643-1024x683.webp
DEBUG:root:Checking internal image: https://wordpress-810691-5571285.cloudwaysapps.com/wp-content/uploads/2025/08/IMG_7901_1541643643-683x1024.webp
DEBUG:urllib3.connectionpool:Starting new HTTPS connection (1): wordpress-810691-5571285.cloudwaysapps.com:443
DEBUG:urllib3.connectionpool:https://wordpress-810691-5571285.cloudwaysapps.com:443 "GET /wp-content/uploads/2025/08/IMG_0008_2_Vivid_shr_1606256939-1024x622.webp HTTP/1.1" 200 67676
DEBUG:root:✅ Image OK: https://wordpress-810691-5571285.cloudwaysapps.com/wp-content/uploads/2025/08/IMG_0008_2_Vivid_shr_1606256939-1024x622.webp
DEBUG:root:Checking internal image: https://wordpress-810691-5571285.cloudwaysapps.com/wp-content/uploads/2025/08/IMG_0009_4_1606257144-904x1024.webp
DEBUG:urllib3.connectionpool:Starting new HTTPS connection (1): wordpress-810691-5571285.cloudwaysapps.com:443
DEBUG:urllib3.connectionpool:https://wordpress-810691-5571285.cloudwaysapps.com:443 "GET /wp-content/uploads/2025/08/IMG_0024_1566946405-1024x993.webp HTTP/1.1" 200 186354
DEBUG:urllib3.connectionpool:https://wordpress-810691-5571285.cloudwaysapps.com:443 "GET /wp-content/uploads/2025/08/IMG_7901_1541643643-683x1024.webp HTTP/1.1" 200 49098
DEBUG:root:✅ Image OK: https://wordpress-810691-5571285.cloudwaysapps.com/wp-content/uploads/2025/08/IMG_7901_1541643643-683x1024.webp
DEBUG:root:Checking internal image: https://wordpress-810691-5571285.cloudwaysapps.com/wp-content/uploads/2025/08/IMG_7909_1541643643-1024x683.webp
DEBUG:root:✅ Image OK: https://wordpress-810691-5571285.cloudwaysapps.com/wp-content/uploads/2025/08/IMG_0024_1566946405-1024x993.webp
DEBUG:urllib3.connectionpool:Starting new HTTPS connection (1): wordpress-810691-5571285.cloudwaysapps.com:443
DEBUG:root:Checking internal image: https://wordpress-810691-5571285.cloudwaysapps.com/wp-content/uploads/2025/08/IMG_0016_6_1566946405-1024x877.webp
DEBUG:urllib3.connectionpool:Starting new HTTPS connection (1): wordpress-810691-5571285.cloudwaysapps.com:443
DEBUG:root:✅ Document OK: https://pastfindersslc.org/upload/newsletters/1733258079_Newsletter_Dec_2024_N34_V4.pdf
DEBUG:root:Checking external document: https://pastfindersslc.org/upload/newsletters/1715091123_0524_Pastfinders_Quarterly_Newsletter_N34V2.pdf
DEBUG:urllib3.connectionpool:Starting new HTTPS connection (1): pastfindersslc.org:443
DEBUG:urllib3.connectionpool:https://wordpress-810691-5571285.cloudwaysapps.com:443 "GET /wp-content/uploads/2025/08/IMG_0009_4_1606257144-904x1024.webp HTTP/1.1" 200 64124
DEBUG:root:✅ Image OK: https://wordpress-810691-5571285.cloudwaysapps.com/wp-content/uploads/2025/08/IMG_0009_4_1606257144-904x1024.webp
DEBUG:root:Checking internal image: https://wordpress-810691-5571285.cloudwaysapps.com/wp-content/uploads/2025/08/IMG_0013_3_1606257300-737x1024.webp
DEBUG:urllib3.connectionpool:Starting new HTTPS connection (1): wordpress-810691-5571285.cloudwaysapps.com:443
DEBUG:urllib3.connectionpool:https://pastfindersslc.org:443 "GET /upload/newsletters/1715091123_0524_Pastfinders_Quarterly_Newsletter_N34V2.pdf HTTP/1.1" 200 9660681
DEBUG:urllib3.connectionpool:https://wordpress-810691-5571285.cloudwaysapps.com:443 "GET /wp-content/uploads/2025/08/IMG_7909_1541643643-1024x683.webp HTTP/1.1" 200 123156
DEBUG:urllib3.connectionpool:https://wordpress-810691-5571285.cloudwaysapps.com:443 "GET /wp-content/uploads/2025/08/IMG_0016_6_1566946405-1024x877.webp HTTP/1.1" 200 135480
DEBUG:root:✅ Image OK: https://wordpress-810691-5571285.cloudwaysapps.com/wp-content/uploads/2025/08/IMG_7909_1541643643-1024x683.webp
DEBUG:root:Checking internal image: https://wordpress-810691-5571285.cloudwaysapps.com/wp-content/uploads/2025/08/IMG_7917_1541643643-1024x683.webp
DEBUG:urllib3.connectionpool:Starting new HTTPS connection (1): wordpress-810691-5571285.cloudwaysapps.com:443
DEBUG:root:✅ Image OK: https://wordpress-810691-5571285.cloudwaysapps.com/wp-content/uploads/2025/08/IMG_0016_6_1566946405-1024x877.webp
DEBUG:root:Checking internal image: https://wordpress-810691-5571285.cloudwaysapps.com/wp-content/uploads/2025/08/IMG_0016_1566946405-1024x489.webp
DEBUG:urllib3.connectionpool:Starting new HTTPS connection (1): wordpress-810691-5571285.cloudwaysapps.com:443
DEBUG:urllib3.connectionpool:https://wordpress-810691-5571285.cloudwaysapps.com:443 "GET /wp-content/uploads/2025/08/IMG_0013_3_1606257300-737x1024.webp HTTP/1.1" 200 57738
DEBUG:root:✅ Image OK: https://wordpress-810691-5571285.cloudwaysapps.com/wp-content/uploads/2025/08/IMG_0013_3_1606257300-737x1024.webp
DEBUG:root:Checking internal image: https://wordpress-810691-5571285.cloudwaysapps.com/wp-content/uploads/2025/08/IMG_0010_5_1606257144.webp
DEBUG:urllib3.connectionpool:Starting new HTTPS connection (1): wordpress-810691-5571285.cloudwaysapps.com:443
DEBUG:urllib3.connectionpool:https://wordpress-810691-5571285.cloudwaysapps.com:443 "GET /wp-content/uploads/2025/08/IMG_0016_1566946405-1024x489.webp HTTP/1.1" 200 77968
DEBUG:urllib3.connectionpool:https://wordpress-810691-5571285.cloudwaysapps.com:443 "GET /wp-content/uploads/2025/08/IMG_7917_1541643643-1024x683.webp HTTP/1.1" 200 86060
DEBUG:root:✅ Image OK: https://wordpress-810691-5571285.cloudwaysapps.com/wp-content/uploads/2025/08/IMG_0016_1566946405-1024x489.webp
DEBUG:root:Checking internal image: https://wordpress-810691-5571285.cloudwaysapps.com/wp-content/uploads/2025/08/Lilysgarden_1525135421.webp
DEBUG:urllib3.connectionpool:Starting new HTTPS connection (1): wordpress-810691-5571285.cloudwaysapps.com:443
DEBUG:root:✅ Image OK: https://wordpress-810691-5571285.cloudwaysapps.com/wp-content/uploads/2025/08/IMG_7917_1541643643-1024x683.webp
DEBUG:root:Checking internal image: https://wordpress-810691-5571285.cloudwaysapps.com/wp-content/uploads/2025/08/IMG_7911_1541643643-1024x683.webp
DEBUG:urllib3.connectionpool:Starting new HTTPS connection (1): wordpress-810691-5571285.cloudwaysapps.com:443
DEBUG:urllib3.connectionpool:https://wordpress-810691-5571285.cloudwaysapps.com:443 "GET /wp-content/uploads/2025/08/IMG_0010_5_1606257144.webp HTTP/1.1" 200 70412
DEBUG:root:✅ Image OK: https://wordpress-810691-5571285.cloudwaysapps.com/wp-content/uploads/2025/08/IMG_0010_5_1606257144.webp
DEBUG:root:Checking internal image: https://wordpress-810691-5571285.cloudwaysapps.com/wp-content/uploads/2025/08/IMG_0012_6_Vivid_shr_1606257492-1-634x1024.webp
DEBUG:urllib3.connectionpool:Starting new HTTPS connection (1): wordpress-810691-5571285.cloudwaysapps.com:443
DEBUG:urllib3.connectionpool:https://wordpress-810691-5571285.cloudwaysapps.com:443 "GET /wp-content/uploads/2025/08/IMG_7911_1541643643-1024x683.webp HTTP/1.1" 200 78014
DEBUG:urllib3.connectionpool:https://wordpress-810691-5571285.cloudwaysapps.com:443 "GET /wp-content/uploads/2025/08/Lilysgarden_1525135421.webp HTTP/1.1" 200 40186
DEBUG:root:✅ Image OK: https://wordpress-810691-5571285.cloudwaysapps.com/wp-content/uploads/2025/08/Lilysgarden_1525135421.webp
DEBUG:root:Checking internal image: https://wordpress-810691-5571285.cloudwaysapps.com/wp-content/uploads/2025/08/2016_9_8_K_Knight_Black_mayflower_3_1525135386.webp
DEBUG:urllib3.connectionpool:Starting new HTTPS connection (1): wordpress-810691-5571285.cloudwaysapps.com:443
DEBUG:root:✅ Image OK: https://wordpress-810691-5571285.cloudwaysapps.com/wp-content/uploads/2025/08/IMG_7911_1541643643-1024x683.webp
DEBUG:root:Checking internal image: https://wordpress-810691-5571285.cloudwaysapps.com/wp-content/uploads/2025/08/IMG_7907_1541643643-683x1024.webp
DEBUG:urllib3.connectionpool:Starting new HTTPS connection (1): wordpress-810691-5571285.cloudwaysapps.com:443
DEBUG:urllib3.connectionpool:https://wordpress-810691-5571285.cloudwaysapps.com:443 "GET /wp-content/uploads/2025/08/IMG_0012_6_Vivid_shr_1606257492-1-634x1024.webp HTTP/1.1" 200 66612
DEBUG:root:✅ Image OK: https://wordpress-810691-5571285.cloudwaysapps.com/wp-content/uploads/2025/08/IMG_0012_6_Vivid_shr_1606257492-1-634x1024.webp
DEBUG:root:Checking internal image: https://wordpress-810691-5571285.cloudwaysapps.com/wp-content/uploads/2025/08/IMG_0012_5_Vivid_shr_1606257492-625x1024.webp
DEBUG:urllib3.connectionpool:https://wordpress-810691-5571285.cloudwaysapps.com:443 "GET /wp-content/uploads/2025/08/2016_9_8_K_Knight_Black_mayflower_3_1525135386.webp HTTP/1.1" 200 30662
DEBUG:root:✅ Image OK: https://wordpress-810691-5571285.cloudwaysapps.com/wp-content/uploads/2025/08/2016_9_8_K_Knight_Black_mayflower_3_1525135386.webp
DEBUG:root:Checking internal image: https://wordpress-810691-5571285.cloudwaysapps.com/wp-content/uploads/2025/08/IMG_0019_1566946405-1024x629.webp
DEBUG:urllib3.connectionpool:Starting new HTTPS connection (1): wordpress-810691-5571285.cloudwaysapps.com:443
DEBUG:urllib3.connectionpool:Starting new HTTPS connection (1): wordpress-810691-5571285.cloudwaysapps.com:443
DEBUG:urllib3.connectionpool:https://wordpress-810691-5571285.cloudwaysapps.com:443 "GET /wp-content/uploads/2025/08/IMG_7907_1541643643-683x1024.webp HTTP/1.1" 200 69336
DEBUG:root:✅ Image OK: https://wordpress-810691-5571285.cloudwaysapps.com/wp-content/uploads/2025/08/IMG_7907_1541643643-683x1024.webp
DEBUG:root:Checking internal image: https://wordpress-810691-5571285.cloudwaysapps.com/wp-content/uploads/2025/08/IMG_7903_1541643646-1024x683.webp
DEBUG:urllib3.connectionpool:Starting new HTTPS connection (1): wordpress-810691-5571285.cloudwaysapps.com:443
DEBUG:urllib3.connectionpool:https://wordpress-810691-5571285.cloudwaysapps.com:443 "GET /wp-content/uploads/2025/08/IMG_0019_1566946405-1024x629.webp HTTP/1.1" 200 128032
DEBUG:urllib3.connectionpool:https://wordpress-810691-5571285.cloudwaysapps.com:443 "GET /wp-content/uploads/2025/08/IMG_0012_5_Vivid_shr_1606257492-625x1024.webp HTTP/1.1" 200 66436
DEBUG:root:✅ Image OK: https://wordpress-810691-5571285.cloudwaysapps.com/wp-content/uploads/2025/08/IMG_0012_5_Vivid_shr_1606257492-625x1024.webp
DEBUG:root:Checking internal image: https://wordpress-810691-5571285.cloudwaysapps.com/wp-content/uploads/2025/08/IMG_0011_5_1606257144-486x1024.webp
DEBUG:urllib3.connectionpool:Starting new HTTPS connection (1): wordpress-810691-5571285.cloudwaysapps.com:443
DEBUG:root:✅ Image OK: https://wordpress-810691-5571285.cloudwaysapps.com/wp-content/uploads/2025/08/IMG_0019_1566946405-1024x629.webp
DEBUG:root:Checking internal image: https://wordpress-810691-5571285.cloudwaysapps.com/wp-content/uploads/2025/08/IMG_0020_1566946405-1024x518.webp
DEBUG:urllib3.connectionpool:https://wordpress-810691-5571285.cloudwaysapps.com:443 "GET /wp-content/uploads/2025/08/IMG_7903_1541643646-1024x683.webp HTTP/1.1" 200 67008
DEBUG:urllib3.connectionpool:Starting new HTTPS connection (1): wordpress-810691-5571285.cloudwaysapps.com:443
DEBUG:root:✅ Image OK: https://wordpress-810691-5571285.cloudwaysapps.com/wp-content/uploads/2025/08/IMG_7903_1541643646-1024x683.webp
DEBUG:root:Checking internal image: https://wordpress-810691-5571285.cloudwaysapps.com/wp-content/uploads/2025/08/IMG_7905_1541643643-1024x683.webp
DEBUG:urllib3.connectionpool:Starting new HTTPS connection (1): wordpress-810691-5571285.cloudwaysapps.com:443
DEBUG:urllib3.connectionpool:https://wordpress-810691-5571285.cloudwaysapps.com:443 "GET /wp-content/uploads/2025/08/IMG_0011_5_1606257144-486x1024.webp HTTP/1.1" 200 32242
DEBUG:root:✅ Image OK: https://wordpress-810691-5571285.cloudwaysapps.com/wp-content/uploads/2025/08/IMG_0011_5_1606257144-486x1024.webp
DEBUG:root:Checking internal image: https://wordpress-810691-5571285.cloudwaysapps.com/wp-content/uploads/2025/08/IMG_0010_2_1606257144-939x1024.webp
DEBUG:urllib3.connectionpool:Starting new HTTPS connection (1): wordpress-810691-5571285.cloudwaysapps.com:443
DEBUG:urllib3.connectionpool:https://wordpress-810691-5571285.cloudwaysapps.com:443 "GET /wp-content/uploads/2025/08/IMG_0020_1566946405-1024x518.webp HTTP/1.1" 200 88510
DEBUG:root:✅ Image OK: https://wordpress-810691-5571285.cloudwaysapps.com/wp-content/uploads/2025/08/IMG_0020_1566946405-1024x518.webp
DEBUG:root:Checking internal image: https://wordpress-810691-5571285.cloudwaysapps.com/wp-content/uploads/2025/08/Member_Presentation_Fall_1525135541.gif
DEBUG:urllib3.connectionpool:Starting new HTTPS connection (1): wordpress-810691-5571285.cloudwaysapps.com:443
DEBUG:urllib3.connectionpool:https://wordpress-810691-5571285.cloudwaysapps.com:443 "GET /wp-content/uploads/2025/08/IMG_7905_1541643643-1024x683.webp HTTP/1.1" 200 105694
DEBUG:urllib3.connectionpool:https://wordpress-810691-5571285.cloudwaysapps.com:443 "GET /wp-content/uploads/2025/08/IMG_0010_2_1606257144-939x1024.webp HTTP/1.1" 200 71174
DEBUG:root:✅ Image OK: https://wordpress-810691-5571285.cloudwaysapps.com/wp-content/uploads/2025/08/IMG_7905_1541643643-1024x683.webp
DEBUG:root:Checking internal image: https://wordpress-810691-5571285.cloudwaysapps.com/wp-content/uploads/2025/08/IMG_7901_1541643646-683x1024.webp
DEBUG:urllib3.connectionpool:Starting new HTTPS connection (1): wordpress-810691-5571285.cloudwaysapps.com:443
DEBUG:root:✅ Image OK: https://wordpress-810691-5571285.cloudwaysapps.com/wp-content/uploads/2025/08/IMG_0010_2_1606257144-939x1024.webp
DEBUG:root:Checking internal image: https://wordpress-810691-5571285.cloudwaysapps.com/wp-content/uploads/2025/08/IMG_0012_4_1606257300-657x1024.webp
DEBUG:urllib3.connectionpool:Starting new HTTPS connection (1): wordpress-810691-5571285.cloudwaysapps.com:443
DEBUG:urllib3.connectionpool:https://wordpress-810691-5571285.cloudwaysapps.com:443 "GET /wp-content/uploads/2025/08/Member_Presentation_Fall_1525135541.gif HTTP/1.1" 200 380931
WARNING:root:🔗 Hyperlink connection error: http://pastfinders.local/contact-us/ found on https://wordpress-810691-5571285.cloudwaysapps.com/family-book-creator-sig/
DEBUG:root:Using regex pattern: \b[a-zA-Z]{3,}\b
DEBUG:root:Found 66 words to check in https://wordpress-810691-5571285.cloudwaysapps.com/family-book-creator-sig/ (min_length=3)
DEBUG:root:Sample words from https://wordpress-810691-5571285.cloudwaysapps.com/family-book-creator-sig/: ['This', 'alert', 'Skip', 'content', 'Family', 'Book', 'Creator', 'SIG', 'This', 'group']
DEBUG:root:Spell check results for https://wordpress-810691-5571285.cloudwaysapps.com/family-book-creator-sig/: 47 words checked, 19 skipped, 0 errors found
INFO:root:✅ Processed https://wordpress-810691-5571285.cloudwaysapps.com/family-book-creator-sig/: 0 errors found, 84 words checked
DEBUG:root:Attempting to fetch: https://wordpress-810691-5571285.cloudwaysapps.com/resources/find-a-grave/
Processing pages:  26%|██▌       | 98/381 [01:04<06:40,  1.42s/it]DEBUG:urllib3.connectionpool:https://wordpress-810691-5571285.cloudwaysapps.com:443 "GET /wp-content/uploads/2025/08/IMG_7901_1541643646-683x1024.webp HTTP/1.1" 200 49098
DEBUG:root:✅ Image OK: https://wordpress-810691-5571285.cloudwaysapps.com/wp-content/uploads/2025/08/Member_Presentation_Fall_1525135541.gif
DEBUG:root:Checking internal image: https://wordpress-810691-5571285.cloudwaysapps.com/wp-content/uploads/2025/08/IMG_0025_1566946405-791x1024.webp
DEBUG:urllib3.connectionpool:Starting new HTTPS connection (1): wordpress-810691-5571285.cloudwaysapps.com:443
DEBUG:urllib3.connectionpool:https://wordpress-810691-5571285.cloudwaysapps.com:443 "GET /resources/find-a-grave/ HTTP/1.1" 200 None
DEBUG:root:Successfully fetched https://wordpress-810691-5571285.cloudwaysapps.com/resources/find-a-grave/ (Content-Length: 38506)
DEBUG:charset_normalizer:Encoding detection: utf_8 is most likely the one.
DEBUG:root:✅ Image OK: https://wordpress-810691-5571285.cloudwaysapps.com/wp-content/uploads/2025/08/IMG_7901_1541643646-683x1024.webp
DEBUG:root:Checking internal image: https://wordpress-810691-5571285.cloudwaysapps.com/wp-content/uploads/2025/08/FB_IMG_1513301750410_1571795615-1024x576.webp
DEBUG:urllib3.connectionpool:Starting new HTTPS connection (1): wordpress-810691-5571285.cloudwaysapps.com:443
DEBUG:root:Extracted 514 characters, 90 words from https://wordpress-810691-5571285.cloudwaysapps.com/resources/find-a-grave/
DEBUG:urllib3.connectionpool:https://wordpress-810691-5571285.cloudwaysapps.com:443 "GET /wp-content/uploads/2025/08/IMG_0012_4_1606257300-657x1024.webp HTTP/1.1" 200 39584
DEBUG:root:Using regex pattern: \b[a-zA-Z]{3,}\b
DEBUG:root:Found 69 words to check in https://wordpress-810691-5571285.cloudwaysapps.com/resources/find-a-grave/ (min_length=3)
DEBUG:root:Sample words from https://wordpress-810691-5571285.cloudwaysapps.com/resources/find-a-grave/: ['This', 'alert', 'Skip', 'content', 'Find', 'Grave', 'June', 'Find', 'the', 'graves']
DEBUG:root:Spell check results for https://wordpress-810691-5571285.cloudwaysapps.com/resources/find-a-grave/: 52 words checked, 17 skipped, 0 errors found
INFO:root:✅ Processed https://wordpress-810691-5571285.cloudwaysapps.com/resources/find-a-grave/: 0 errors found, 90 words checked
DEBUG:root:Attempting to fetch: https://wordpress-810691-5571285.cloudwaysapps.com/libraries/genealogy-online-for-dummies/
Processing pages:  26%|██▌       | 99/381 [01:04<05:00,  1.07s/it]DEBUG:root:✅ Image OK: https://wordpress-810691-5571285.cloudwaysapps.com/wp-content/uploads/2025/08/IMG_0012_4_1606257300-657x1024.webp
DEBUG:root:Checking internal image: https://wordpress-810691-5571285.cloudwaysapps.com/wp-content/uploads/2025/08/IMG_0012_2_1606257300-679x1024.webp
DEBUG:urllib3.connectionpool:Starting new HTTPS connection (1): wordpress-810691-5571285.cloudwaysapps.com:443
DEBUG:urllib3.connectionpool:https://wordpress-810691-5571285.cloudwaysapps.com:443 "GET /libraries/genealogy-online-for-dummies/ HTTP/1.1" 200 None
DEBUG:root:Successfully fetched https://wordpress-810691-5571285.cloudwaysapps.com/libraries/genealogy-online-for-dummies/ (Content-Length: 36154)
DEBUG:charset_normalizer:Encoding detection: utf_8 is most likely the one.
DEBUG:root:Extracted 93 characters, 17 words from https://wordpress-810691-5571285.cloudwaysapps.com/libraries/genealogy-online-for-dummies/
DEBUG:root:Using regex pattern: \b[a-zA-Z]{3,}\b
DEBUG:root:Found 9 words to check in https://wordpress-810691-5571285.cloudwaysapps.com/libraries/genealogy-online-for-dummies/ (min_length=3)
DEBUG:root:Sample words from https://wordpress-810691-5571285.cloudwaysapps.com/libraries/genealogy-online-for-dummies/: ['This', 'alert', 'Skip', 'content', 'Genealogy', 'online', 'for', 'Dummies', 'March']
DEBUG:root:Spell check results for https://wordpress-810691-5571285.cloudwaysapps.com/libraries/genealogy-online-for-dummies/: 4 words checked, 5 skipped, 0 errors found
INFO:root:✅ Processed https://wordpress-810691-5571285.cloudwaysapps.com/libraries/genealogy-online-for-dummies/: 0 errors found, 17 words checked
DEBUG:root:Attempting to fetch: https://wordpress-810691-5571285.cloudwaysapps.com/resources/guide-to-researching-the-history-of-a-house/
Processing pages:  26%|██▌       | 100/381 [01:04<03:44,  1.25it/s]DEBUG:urllib3.connectionpool:https://wordpress-810691-5571285.cloudwaysapps.com:443 "GET /resources/guide-to-researching-the-history-of-a-house/ HTTP/1.1" 200 None
DEBUG:root:Successfully fetched https://wordpress-810691-5571285.cloudwaysapps.com/resources/guide-to-researching-the-history-of-a-house/ (Content-Length: 39254)
DEBUG:charset_normalizer:Encoding detection: utf_8 is most likely the one.
DEBUG:root:Extracted 875 characters, 152 words from https://wordpress-810691-5571285.cloudwaysapps.com/resources/guide-to-researching-the-history-of-a-house/
DEBUG:root:Using regex pattern: \b[a-zA-Z]{3,}\b
DEBUG:root:Found 117 words to check in https://wordpress-810691-5571285.cloudwaysapps.com/resources/guide-to-researching-the-history-of-a-house/ (min_length=3)
DEBUG:root:Sample words from https://wordpress-810691-5571285.cloudwaysapps.com/resources/guide-to-researching-the-history-of-a-house/: ['This', 'alert', 'Skip', 'content', 'Guide', 'researching', 'the', 'history', 'house', 'February']
DEBUG:root:Spell check results for https://wordpress-810691-5571285.cloudwaysapps.com/resources/guide-to-researching-the-history-of-a-house/: 95 words checked, 22 skipped, 0 errors found
INFO:root:✅ Processed https://wordpress-810691-5571285.cloudwaysapps.com/resources/guide-to-researching-the-history-of-a-house/: 0 errors found, 152 words checked
DEBUG:root:Attempting to fetch: https://wordpress-810691-5571285.cloudwaysapps.com/events/research-assistance-2025-08-27-2025-09-03-2025-09-10-2025-09-17-2025-09-24-2025-10-01-2025-10-08-2025-10-15-2025-10-22-2025-10-29-2025-11-05/
DEBUG:urllib3.connectionpool:https://wordpress-810691-5571285.cloudwaysapps.com:443 "GET /wp-content/uploads/2025/08/IMG_0025_1566946405-791x1024.webp HTTP/1.1" 200 151926
DEBUG:urllib3.connectionpool:https://wordpress-810691-5571285.cloudwaysapps.com:443 "GET /wp-content/uploads/2025/08/FB_IMG_1513301750410_1571795615-1024x576.webp HTTP/1.1" 200 39356
DEBUG:root:✅ Image OK: https://wordpress-810691-5571285.cloudwaysapps.com/wp-content/uploads/2025/08/FB_IMG_1513301750410_1571795615-1024x576.webp
DEBUG:root:Checking internal image: https://wordpress-810691-5571285.cloudwaysapps.com/wp-content/uploads/2025/08/IMG_7894_1541643643-1024x683.webp
DEBUG:urllib3.connectionpool:Starting new HTTPS connection (1): wordpress-810691-5571285.cloudwaysapps.com:443
DEBUG:urllib3.connectionpool:https://wordpress-810691-5571285.cloudwaysapps.com:443 "GET /wp-content/uploads/2025/08/IMG_0012_2_1606257300-679x1024.webp HTTP/1.1" 200 38734
DEBUG:root:✅ Image OK: https://wordpress-810691-5571285.cloudwaysapps.com/wp-content/uploads/2025/08/IMG_0012_2_1606257300-679x1024.webp
DEBUG:root:Checking internal image: https://wordpress-810691-5571285.cloudwaysapps.com/wp-content/uploads/2025/08/IMG_0012_7_Vivid_shr_1606257492-662x1024.webp
DEBUG:urllib3.connectionpool:Starting new HTTPS connection (1): wordpress-810691-5571285.cloudwaysapps.com:443
DEBUG:root:✅ Document OK: https://pastfindersslc.org/upload/newsletters/1715091123_0524_Pastfinders_Quarterly_Newsletter_N34V2.pdf
DEBUG:root:Checking external document: https://pastfindersslc.org/upload/newsletters/1708379187_0224_Pastfinders_Quarterly_Newsletter_N34V1.pdf
DEBUG:urllib3.connectionpool:Starting new HTTPS connection (1): pastfindersslc.org:443
DEBUG:urllib3.connectionpool:https://wordpress-810691-5571285.cloudwaysapps.com:443 "GET /events/research-assistance-2025-08-27-2025-09-03-2025-09-10-2025-09-17-2025-09-24-2025-10-01-2025-10-08-2025-10-15-2025-10-22-2025-10-29-2025-11-05/ HTTP/1.1" 200 None
DEBUG:root:Successfully fetched https://wordpress-810691-5571285.cloudwaysapps.com/events/research-assistance-2025-08-27-2025-09-03-2025-09-10-2025-09-17-2025-09-24-2025-10-01-2025-10-08-2025-10-15-2025-10-22-2025-10-29-2025-11-05/ (Content-Length: 43437)
DEBUG:charset_normalizer:Encoding detection: utf_8 is most likely the one.
DEBUG:root:Extracted 491 characters, 85 words from https://wordpress-810691-5571285.cloudwaysapps.com/events/research-assistance-2025-08-27-2025-09-03-2025-09-10-2025-09-17-2025-09-24-2025-10-01-2025-10-08-2025-10-15-2025-10-22-2025-10-29-2025-11-05/
DEBUG:root:Checking external hyperlink: https://www.google.com/calendar/event?action=TEMPLATE&text=Research+Assistance&dates=20251105T130000/20251105T150000&details=Join+us+weekly+in+the+Genealogy+Room+for+in-person+help+with+your+research.+It%E2%80%99s+a+great+chance+to+get+one-on-one+guidance%2C+ask+questions%2C+and+connect+with+others+who+share+your+passion+for+family+history.&location=2525+Oakley+Seaver+Dr%2C+Clermont%2C+FL%2C+34711%2C+United+States&trp=false&sprop=https%3A%2F%2Fwordpress-810691-5571285.cloudwaysapps.com%2Fevents%2Fresearch-assistance-2025-08-27-2025-09-03-2025-09-10-2025-09-17-2025-09-24-2025-10-01-2025-10-08-2025-10-15-2025-10-22-2025-10-29-2025-11-05%2F&sprop=name:Pastfinders&ctz=America%2FNew_York
DEBUG:root:✅ Image OK: https://wordpress-810691-5571285.cloudwaysapps.com/wp-content/uploads/2025/08/IMG_0025_1566946405-791x1024.webp
DEBUG:root:Checking internal image: https://wordpress-810691-5571285.cloudwaysapps.com/wp-content/uploads/2025/08/past_1525135658-1024x621.webp
DEBUG:urllib3.connectionpool:Starting new HTTPS connection (1): www.google.com:443
DEBUG:urllib3.connectionpool:Starting new HTTPS connection (1): wordpress-810691-5571285.cloudwaysapps.com:443
DEBUG:urllib3.connectionpool:https://www.google.com:443 "GET /calendar/event?action=TEMPLATE&text=Research+Assistance&dates=20251105T130000/20251105T150000&details=Join+us+weekly+in+the+Genealogy+Room+for+in-person+help+with+your+research.+It%E2%80%99s+a+great+chance+to+get+one-on-one+guidance%2C+ask+questions%2C+and+connect+with+others+who+share+your+passion+for+family+history.&location=2525+Oakley+Seaver+Dr%2C+Clermont%2C+FL%2C+34711%2C+United+States&trp=false&sprop=https%3A%2F%2Fwordpress-810691-5571285.cloudwaysapps.com%2Fevents%2Fresearch-assistance-2025-08-27-2025-09-03-2025-09-10-2025-09-17-2025-09-24-2025-10-01-2025-10-08-2025-10-15-2025-10-22-2025-10-29-2025-11-05%2F&sprop=name:Pastfinders&ctz=America%2FNew_York HTTP/1.1" 302 0
DEBUG:urllib3.connectionpool:https://pastfindersslc.org:443 "GET /upload/newsletters/1708379187_0224_Pastfinders_Quarterly_Newsletter_N34V1.pdf HTTP/1.1" 200 7268626
DEBUG:urllib3.connectionpool:Starting new HTTPS connection (1): calendar.google.com:443
DEBUG:urllib3.connectionpool:https://wordpress-810691-5571285.cloudwaysapps.com:443 "GET /wp-content/uploads/2025/08/IMG_0012_7_Vivid_shr_1606257492-662x1024.webp HTTP/1.1" 200 49106
DEBUG:urllib3.connectionpool:https://wordpress-810691-5571285.cloudwaysapps.com:443 "GET /wp-content/uploads/2025/08/IMG_7894_1541643643-1024x683.webp HTTP/1.1" 200 76960
DEBUG:urllib3.connectionpool:https://wordpress-810691-5571285.cloudwaysapps.com:443 "GET /wp-content/uploads/2025/08/past_1525135658-1024x621.webp HTTP/1.1" 200 114786
DEBUG:root:✅ Image OK: https://wordpress-810691-5571285.cloudwaysapps.com/wp-content/uploads/2025/08/IMG_0012_7_Vivid_shr_1606257492-662x1024.webp
DEBUG:root:Checking internal image: https://wordpress-810691-5571285.cloudwaysapps.com/wp-content/uploads/2025/08/IMG_0010_6_1606257144-840x1024.webp
DEBUG:root:✅ Image OK: https://wordpress-810691-5571285.cloudwaysapps.com/wp-content/uploads/2025/08/IMG_7894_1541643643-1024x683.webp
DEBUG:root:Checking internal image: https://wordpress-810691-5571285.cloudwaysapps.com/wp-content/uploads/2025/08/IMG_7916_1541643643-1024x683.webp
DEBUG:urllib3.connectionpool:Starting new HTTPS connection (1): wordpress-810691-5571285.cloudwaysapps.com:443
DEBUG:urllib3.connectionpool:https://calendar.google.com:443 "GET /calendar/event?action=TEMPLATE&text=Research+Assistance&dates=20251105T130000/20251105T150000&details=Join+us+weekly+in+the+Genealogy+Room+for+in-person+help+with+your+research.+It%E2%80%99s+a+great+chance+to+get+one-on-one+guidance,+ask+questions,+and+connect+with+others+who+share+your+passion+for+family+history.&location=2525+Oakley+Seaver+Dr,+Clermont,+FL,+34711,+United+States&trp=false&sprop=https://wordpress-810691-5571285.cloudwaysapps.com/events/research-assistance-2025-08-27-2025-09-03-2025-09-10-2025-09-17-2025-09-24-2025-10-01-2025-10-08-2025-10-15-2025-10-22-2025-10-29-2025-11-05/&sprop=name:Pastfinders&ctz=America/New_York HTTP/1.1" 302 0
DEBUG:urllib3.connectionpool:Starting new HTTPS connection (1): wordpress-810691-5571285.cloudwaysapps.com:443
DEBUG:urllib3.connectionpool:Starting new HTTPS connection (1): accounts.google.com:443
DEBUG:root:✅ Image OK: https://wordpress-810691-5571285.cloudwaysapps.com/wp-content/uploads/2025/08/past_1525135658-1024x621.webp
DEBUG:root:Checking internal image: https://wordpress-810691-5571285.cloudwaysapps.com/wp-content/uploads/2025/08/2016_9_8_K_Knight_Black_mayflower_10_1525135402.webp
DEBUG:urllib3.connectionpool:Starting new HTTPS connection (1): wordpress-810691-5571285.cloudwaysapps.com:443
DEBUG:urllib3.connectionpool:https://accounts.google.com:443 "GET /ServiceLogin?service=cl&passive=1209600&osid=1&continue=https://calendar.google.com/calendar/event?action%3DTEMPLATE%26text%3DResearch%2BAssistance%26dates%3D20251105T130000/20251105T150000%26details%3DJoin%2Bus%2Bweekly%2Bin%2Bthe%2BGenealogy%2BRoom%2Bfor%2Bin-person%2Bhelp%2Bwith%2Byour%2Bresearch.%2BIt%25E2%2580%2599s%2Ba%2Bgreat%2Bchance%2Bto%2Bget%2Bone-on-one%2Bguidance,%2Bask%2Bquestions,%2Band%2Bconnect%2Bwith%2Bothers%2Bwho%2Bshare%2Byour%2Bpassion%2Bfor%2Bfamily%2Bhistory.%26location%3D2525%2BOakley%2BSeaver%2BDr,%2BClermont,%2BFL,%2B34711,%2BUnited%2BStates%26trp%3Dfalse%26sprop%3Dhttps://wordpress-810691-5571285.cloudwaysapps.com/events/research-assistance-2025-08-27-2025-09-03-2025-09-10-2025-09-17-2025-09-24-2025-10-01-2025-10-08-2025-10-15-2025-10-22-2025-10-29-2025-11-05/%26sprop%3Dname:Pastfinders%26ctz%3DAmerica/New_York&followup=https://calendar.google.com/calendar/event?action%3DTEMPLATE%26text%3DResearch%2BAssistance%26dates%3D20251105T130000/20251105T150000%26details%3DJoin%2Bus%2Bweekly%2Bin%2Bthe%2BGenealogy%2BRoom%2Bfor%2Bin-person%2Bhelp%2Bwith%2Byour%2Bresearch.%2BIt%25E2%2580%2599s%2Ba%2Bgreat%2Bchance%2Bto%2Bget%2Bone-on-one%2Bguidance,%2Bask%2Bquestions,%2Band%2Bconnect%2Bwith%2Bothers%2Bwho%2Bshare%2Byour%2Bpassion%2Bfor%2Bfamily%2Bhistory.%26location%3D2525%2BOakley%2BSeaver%2BDr,%2BClermont,%2BFL,%2B34711,%2BUnited%2BStates%26trp%3Dfalse%26sprop%3Dhttps://wordpress-810691-5571285.cloudwaysapps.com/events/research-assistance-2025-08-27-2025-09-03-2025-09-10-2025-09-17-2025-09-24-2025-10-01-2025-10-08-2025-10-15-2025-10-22-2025-10-29-2025-11-05/%26sprop%3Dname:Pastfinders%26ctz%3DAmerica/New_York&emr=1 HTTP/1.1" 302 0
DEBUG:urllib3.connectionpool:https://accounts.google.com:443 "GET /InteractiveLogin?continue=https://calendar.google.com/calendar/event?action%3DTEMPLATE%26text%3DResearch%2BAssistance%26dates%3D20251105T130000/20251105T150000%26details%3DJoin%2Bus%2Bweekly%2Bin%2Bthe%2BGenealogy%2BRoom%2Bfor%2Bin-person%2Bhelp%2Bwith%2Byour%2Bresearch.%2BIt%25E2%2580%2599s%2Ba%2Bgreat%2Bchance%2Bto%2Bget%2Bone-on-one%2Bguidance,%2Bask%2Bquestions,%2Band%2Bconnect%2Bwith%2Bothers%2Bwho%2Bshare%2Byour%2Bpassion%2Bfor%2Bfamily%2Bhistory.%26location%3D2525%2BOakley%2BSeaver%2BDr,%2BClermont,%2BFL,%2B34711,%2BUnited%2BStates%26trp%3Dfalse%26sprop%3Dhttps://wordpress-810691-5571285.cloudwaysapps.com/events/research-assistance-2025-08-27-2025-09-03-2025-09-10-2025-09-17-2025-09-24-2025-10-01-2025-10-08-2025-10-15-2025-10-22-2025-10-29-2025-11-05/%26sprop%3Dname:Pastfinders%26ctz%3DAmerica/New_York&emr=1&followup=https://calendar.google.com/calendar/event?action%3DTEMPLATE%26text%3DResearch%2BAssistance%26dates%3D20251105T130000/20251105T150000%26details%3DJoin%2Bus%2Bweekly%2Bin%2Bthe%2BGenealogy%2BRoom%2Bfor%2Bin-person%2Bhelp%2Bwith%2Byour%2Bresearch.%2BIt%25E2%2580%2599s%2Ba%2Bgreat%2Bchance%2Bto%2Bget%2Bone-on-one%2Bguidance,%2Bask%2Bquestions,%2Band%2Bconnect%2Bwith%2Bothers%2Bwho%2Bshare%2Byour%2Bpassion%2Bfor%2Bfamily%2Bhistory.%26location%3D2525%2BOakley%2BSeaver%2BDr,%2BClermont,%2BFL,%2B34711,%2BUnited%2BStates%26trp%3Dfalse%26sprop%3Dhttps://wordpress-810691-5571285.cloudwaysapps.com/events/research-assistance-2025-08-27-2025-09-03-2025-09-10-2025-09-17-2025-09-24-2025-10-01-2025-10-08-2025-10-15-2025-10-22-2025-10-29-2025-11-05/%26sprop%3Dname:Pastfinders%26ctz%3DAmerica/New_York&osid=1&passive=1209600&service=cl&ifkv=AdBytiOj0eG_k_-uxhe0W7LkMe5N8lz5aP1kowiwE2Y5eQhvDTj5mlgDf5ZkZnilJoKcpzy9S7Df HTTP/1.1" 302 None
DEBUG:urllib3.connectionpool:https://wordpress-810691-5571285.cloudwaysapps.com:443 "GET /wp-content/uploads/2025/08/IMG_7916_1541643643-1024x683.webp HTTP/1.1" 200 97566
DEBUG:urllib3.connectionpool:https://wordpress-810691-5571285.cloudwaysapps.com:443 "GET /wp-content/uploads/2025/08/IMG_0010_6_1606257144-840x1024.webp HTTP/1.1" 200 48028
DEBUG:urllib3.connectionpool:https://accounts.google.com:443 "GET /v3/signin/identifier?continue=https%3A%2F%2Fcalendar.google.com%2Fcalendar%2Fevent%3Faction%3DTEMPLATE%26text%3DResearch%2BAssistance%26dates%3D20251105T130000%2F20251105T150000%26details%3DJoin%2Bus%2Bweekly%2Bin%2Bthe%2BGenealogy%2BRoom%2Bfor%2Bin-person%2Bhelp%2Bwith%2Byour%2Bresearch.%2BIt%25E2%2580%2599s%2Ba%2Bgreat%2Bchance%2Bto%2Bget%2Bone-on-one%2Bguidance%2C%2Bask%2Bquestions%2C%2Band%2Bconnect%2Bwith%2Bothers%2Bwho%2Bshare%2Byour%2Bpassion%2Bfor%2Bfamily%2Bhistory.%26location%3D2525%2BOakley%2BSeaver%2BDr%2C%2BClermont%2C%2BFL%2C%2B34711%2C%2BUnited%2BStates%26trp%3Dfalse%26sprop%3Dhttps%3A%2F%2Fwordpress-810691-5571285.cloudwaysapps.com%2Fevents%2Fresearch-assistance-2025-08-27-2025-09-03-2025-09-10-2025-09-17-2025-09-24-2025-10-01-2025-10-08-2025-10-15-2025-10-22-2025-10-29-2025-11-05%2F%26sprop%3Dname%3APastfinders%26ctz%3DAmerica%2FNew_York&emr=1&followup=https%3A%2F%2Fcalendar.google.com%2Fcalendar%2Fevent%3Faction%3DTEMPLATE%26text%3DResearch%2BAssistance%26dates%3D20251105T130000%2F20251105T150000%26details%3DJoin%2Bus%2Bweekly%2Bin%2Bthe%2BGenealogy%2BRoom%2Bfor%2Bin-person%2Bhelp%2Bwith%2Byour%2Bresearch.%2BIt%25E2%2580%2599s%2Ba%2Bgreat%2Bchance%2Bto%2Bget%2Bone-on-one%2Bguidance%2C%2Bask%2Bquestions%2C%2Band%2Bconnect%2Bwith%2Bothers%2Bwho%2Bshare%2Byour%2Bpassion%2Bfor%2Bfamily%2Bhistory.%26location%3D2525%2BOakley%2BSeaver%2BDr%2C%2BClermont%2C%2BFL%2C%2B34711%2C%2BUnited%2BStates%26trp%3Dfalse%26sprop%3Dhttps%3A%2F%2Fwordpress-810691-5571285.cloudwaysapps.com%2Fevents%2Fresearch-assistance-2025-08-27-2025-09-03-2025-09-10-2025-09-17-2025-09-24-2025-10-01-2025-10-08-2025-10-15-2025-10-22-2025-10-29-2025-11-05%2F%26sprop%3Dname%3APastfinders%26ctz%3DAmerica%2FNew_York&ifkv=AdBytiNBbEmI9RQ6LObGa0-ddS_cqJrD_JKUFK6N72b5NmgllZOT2egHBcOkstCzDvY4N5hEdpvC&osid=1&passive=1209600&service=cl&flowName=WebLiteSignIn&flowEntry=ServiceLogin&dsh=S-1828361561%3A1756758189096098 HTTP/1.1" 200 None
DEBUG:root:✅ Image OK: https://wordpress-810691-5571285.cloudwaysapps.com/wp-content/uploads/2025/08/IMG_7916_1541643643-1024x683.webp
DEBUG:root:Checking internal image: https://wordpress-810691-5571285.cloudwaysapps.com/wp-content/uploads/2025/08/IMG_7892_1541643643-1024x683.webp
DEBUG:root:✅ Image OK: https://wordpress-810691-5571285.cloudwaysapps.com/wp-content/uploads/2025/08/IMG_0010_6_1606257144-840x1024.webp
DEBUG:root:Checking internal image: https://wordpress-810691-5571285.cloudwaysapps.com/wp-content/uploads/2025/08/IMG_0009_3_1606257144-851x1024.webp
DEBUG:urllib3.connectionpool:Starting new HTTPS connection (1): wordpress-810691-5571285.cloudwaysapps.com:443
DEBUG:urllib3.connectionpool:Starting new HTTPS connection (1): wordpress-810691-5571285.cloudwaysapps.com:443
DEBUG:urllib3.connectionpool:https://wordpress-810691-5571285.cloudwaysapps.com:443 "GET /wp-content/uploads/2025/08/2016_9_8_K_Knight_Black_mayflower_10_1525135402.webp HTTP/1.1" 200 18248
DEBUG:root:✅ Image OK: https://wordpress-810691-5571285.cloudwaysapps.com/wp-content/uploads/2025/08/2016_9_8_K_Knight_Black_mayflower_10_1525135402.webp
DEBUG:root:Checking internal image: https://wordpress-810691-5571285.cloudwaysapps.com/wp-content/uploads/2025/08/flyer_oct_2_1566946156-774x1024.webp
DEBUG:urllib3.connectionpool:Starting new HTTPS connection (1): wordpress-810691-5571285.cloudwaysapps.com:443
DEBUG:root:✅ Hyperlink OK: https://www.google.com/calendar/event?action=TEMPLATE&text=Research+Assistance&dates=20251105T130000/20251105T150000&details=Join+us+weekly+in+the+Genealogy+Room+for+in-person+help+with+your+research.+It%E2%80%99s+a+great+chance+to+get+one-on-one+guidance%2C+ask+questions%2C+and+connect+with+others+who+share+your+passion+for+family+history.&location=2525+Oakley+Seaver+Dr%2C+Clermont%2C+FL%2C+34711%2C+United+States&trp=false&sprop=https%3A%2F%2Fwordpress-810691-5571285.cloudwaysapps.com%2Fevents%2Fresearch-assistance-2025-08-27-2025-09-03-2025-09-10-2025-09-17-2025-09-24-2025-10-01-2025-10-08-2025-10-15-2025-10-22-2025-10-29-2025-11-05%2F&sprop=name:Pastfinders&ctz=America%2FNew_York
DEBUG:root:Checking external hyperlink: https://outlook.office.com/calendar/0/deeplink/compose?allday=false&body=Join+us+weekly+in+the+Genealogy+Room+for+in-person+help+with+your+research.+It%E2%80%99s+a+great+chance+to+get+one-on-one+guidance%2C+ask+questions%2C+and+connect+with+others+who+share+your+passion+for+family+history.&location=2525+Oakley+Seaver+Dr%2C+Clermont%2C+FL%2C+34711%2C+United+States&path=/calendar/action/compose&rru=addevent&startdt=2025-11-05T13%3A00%3A00-05%3A00&enddt=2025-11-05T15%3A00%3A00-05%3A00&subject=Research+Assistance
DEBUG:urllib3.connectionpool:Starting new HTTPS connection (1): outlook.office.com:443
DEBUG:urllib3.connectionpool:https://wordpress-810691-5571285.cloudwaysapps.com:443 "GET /wp-content/uploads/2025/08/IMG_7892_1541643643-1024x683.webp HTTP/1.1" 200 95606
DEBUG:urllib3.connectionpool:https://wordpress-810691-5571285.cloudwaysapps.com:443 "GET /wp-content/uploads/2025/08/IMG_0009_3_1606257144-851x1024.webp HTTP/1.1" 200 56754
DEBUG:root:✅ Image OK: https://wordpress-810691-5571285.cloudwaysapps.com/wp-content/uploads/2025/08/IMG_7892_1541643643-1024x683.webp
DEBUG:root:Checking internal image: https://wordpress-810691-5571285.cloudwaysapps.com/wp-content/uploads/2025/08/IMG_7910_1541643643-1024x683.webp
DEBUG:urllib3.connectionpool:https://wordpress-810691-5571285.cloudwaysapps.com:443 "GET /wp-content/uploads/2025/08/flyer_oct_2_1566946156-774x1024.webp HTTP/1.1" 200 169068
DEBUG:urllib3.connectionpool:Starting new HTTPS connection (1): wordpress-810691-5571285.cloudwaysapps.com:443
DEBUG:urllib3.connectionpool:https://outlook.office.com:443 "GET /calendar/0/deeplink/compose?allday=false&body=Join+us+weekly+in+the+Genealogy+Room+for+in-person+help+with+your+research.+It%E2%80%99s+a+great+chance+to+get+one-on-one+guidance%2C+ask+questions%2C+and+connect+with+others+who+share+your+passion+for+family+history.&location=2525+Oakley+Seaver+Dr%2C+Clermont%2C+FL%2C+34711%2C+United+States&path=/calendar/action/compose&rru=addevent&startdt=2025-11-05T13%3A00%3A00-05%3A00&enddt=2025-11-05T15%3A00%3A00-05%3A00&subject=Research+Assistance HTTP/1.1" 200 None
DEBUG:root:✅ Image OK: https://wordpress-810691-5571285.cloudwaysapps.com/wp-content/uploads/2025/08/IMG_0009_3_1606257144-851x1024.webp
DEBUG:root:Checking internal image: https://wordpress-810691-5571285.cloudwaysapps.com/wp-content/uploads/2025/08/IMG_0013_2_Vivid_shr_1606257492.webp
DEBUG:root:✅ Hyperlink OK: https://outlook.office.com/calendar/0/deeplink/compose?allday=false&body=Join+us+weekly+in+the+Genealogy+Room+for+in-person+help+with+your+research.+It%E2%80%99s+a+great+chance+to+get+one-on-one+guidance%2C+ask+questions%2C+and+connect+with+others+who+share+your+passion+for+family+history.&location=2525+Oakley+Seaver+Dr%2C+Clermont%2C+FL%2C+34711%2C+United+States&path=/calendar/action/compose&rru=addevent&startdt=2025-11-05T13%3A00%3A00-05%3A00&enddt=2025-11-05T15%3A00%3A00-05%3A00&subject=Research+Assistance
DEBUG:root:Checking external hyperlink: https://outlook.live.com/calendar/0/deeplink/compose?allday=false&body=Join+us+weekly+in+the+Genealogy+Room+for+in-person+help+with+your+research.+It%E2%80%99s+a+great+chance+to+get+one-on-one+guidance%2C+ask+questions%2C+and+connect+with+others+who+share+your+passion+for+family+history.&location=2525+Oakley+Seaver+Dr%2C+Clermont%2C+FL%2C+34711%2C+United+States&path=/calendar/action/compose&rru=addevent&startdt=2025-11-05T13%3A00%3A00-05%3A00&enddt=2025-11-05T15%3A00%3A00-05%3A00&subject=Research+Assistance
DEBUG:urllib3.connectionpool:Starting new HTTPS connection (1): wordpress-810691-5571285.cloudwaysapps.com:443
DEBUG:root:✅ Image OK: https://wordpress-810691-5571285.cloudwaysapps.com/wp-content/uploads/2025/08/flyer_oct_2_1566946156-774x1024.webp
DEBUG:root:Checking internal image: https://wordpress-810691-5571285.cloudwaysapps.com/wp-content/uploads/2025/08/IMG_0019_5_1566946405-1024x587.webp
DEBUG:urllib3.connectionpool:Starting new HTTPS connection (1): wordpress-810691-5571285.cloudwaysapps.com:443
DEBUG:urllib3.connectionpool:Starting new HTTPS connection (1): outlook.live.com:443
DEBUG:root:✅ Document OK: https://pastfindersslc.org/upload/newsletters/1708379187_0224_Pastfinders_Quarterly_Newsletter_N34V1.pdf
DEBUG:root:Checking external document: https://pastfindersslc.org/upload/newsletters/202105V31N1.pdf
DEBUG:urllib3.connectionpool:https://wordpress-810691-5571285.cloudwaysapps.com:443 "GET /wp-content/uploads/2025/08/IMG_7910_1541643643-1024x683.webp HTTP/1.1" 200 103682
DEBUG:urllib3.connectionpool:Starting new HTTPS connection (1): pastfindersslc.org:443
DEBUG:urllib3.connectionpool:https://wordpress-810691-5571285.cloudwaysapps.com:443 "GET /wp-content/uploads/2025/08/IMG_0013_2_Vivid_shr_1606257492.webp HTTP/1.1" 200 92328
DEBUG:root:✅ Image OK: https://wordpress-810691-5571285.cloudwaysapps.com/wp-content/uploads/2025/08/IMG_7910_1541643643-1024x683.webp
DEBUG:root:Checking internal image: https://wordpress-810691-5571285.cloudwaysapps.com/wp-content/uploads/2025/08/IMG_7914_1541643643-1024x683.webp
DEBUG:urllib3.connectionpool:Starting new HTTPS connection (1): wordpress-810691-5571285.cloudwaysapps.com:443
DEBUG:urllib3.connectionpool:https://wordpress-810691-5571285.cloudwaysapps.com:443 "GET /wp-content/uploads/2025/08/IMG_0019_5_1566946405-1024x587.webp HTTP/1.1" 200 99708
DEBUG:root:✅ Image OK: https://wordpress-810691-5571285.cloudwaysapps.com/wp-content/uploads/2025/08/IMG_0013_2_Vivid_shr_1606257492.webp
DEBUG:root:Checking internal image: https://wordpress-810691-5571285.cloudwaysapps.com/wp-content/uploads/2025/08/IMG_0005_2_Vivid_shr_1606256736-1024x705.webp
DEBUG:urllib3.connectionpool:Starting new HTTPS connection (1): wordpress-810691-5571285.cloudwaysapps.com:443
DEBUG:urllib3.connectionpool:https://outlook.live.com:443 "GET /calendar/0/deeplink/compose?allday=false&body=Join+us+weekly+in+the+Genealogy+Room+for+in-person+help+with+your+research.+It%E2%80%99s+a+great+chance+to+get+one-on-one+guidance%2C+ask+questions%2C+and+connect+with+others+who+share+your+passion+for+family+history.&location=2525+Oakley+Seaver+Dr%2C+Clermont%2C+FL%2C+34711%2C+United+States&path=/calendar/action/compose&rru=addevent&startdt=2025-11-05T13%3A00%3A00-05%3A00&enddt=2025-11-05T15%3A00%3A00-05%3A00&subject=Research+Assistance HTTP/1.1" 200 None
DEBUG:root:✅ Hyperlink OK: https://outlook.live.com/calendar/0/deeplink/compose?allday=false&body=Join+us+weekly+in+the+Genealogy+Room+for+in-person+help+with+your+research.+It%E2%80%99s+a+great+chance+to+get+one-on-one+guidance%2C+ask+questions%2C+and+connect+with+others+who+share+your+passion+for+family+history.&location=2525+Oakley+Seaver+Dr%2C+Clermont%2C+FL%2C+34711%2C+United+States&path=/calendar/action/compose&rru=addevent&startdt=2025-11-05T13%3A00%3A00-05%3A00&enddt=2025-11-05T15%3A00%3A00-05%3A00&subject=Research+Assistance
DEBUG:root:Using regex pattern: \b[a-zA-Z]{3,}\b
DEBUG:root:Found 58 words to check in https://wordpress-810691-5571285.cloudwaysapps.com/events/research-assistance-2025-08-27-2025-09-03-2025-09-10-2025-09-17-2025-09-24-2025-10-01-2025-10-08-2025-10-15-2025-10-22-2025-10-29-2025-11-05/ (min_length=3)
DEBUG:root:Sample words from https://wordpress-810691-5571285.cloudwaysapps.com/events/research-assistance-2025-08-27-2025-09-03-2025-09-10-2025-09-17-2025-09-24-2025-10-01-2025-10-08-2025-10-15-2025-10-22-2025-10-29-2025-11-05/: ['This', 'alert', 'Skip', 'content', 'Research', 'Assistance', 'When', 'November', 'Add', 'Calendar']
DEBUG:root:Spell check results for https://wordpress-810691-5571285.cloudwaysapps.com/events/research-assistance-2025-08-27-2025-09-03-2025-09-10-2025-09-17-2025-09-24-2025-10-01-2025-10-08-2025-10-15-2025-10-22-2025-10-29-2025-11-05/: 30 words checked, 28 skipped, 0 errors found
INFO:root:✅ Processed https://wordpress-810691-5571285.cloudwaysapps.com/events/research-assistance-2025-08-27-2025-09-03-2025-09-10-2025-09-17-2025-09-24-2025-10-01-2025-10-08-2025-10-15-2025-10-22-2025-10-29-2025-11-05/: 0 errors found, 85 words checked
DEBUG:root:Attempting to fetch: https://wordpress-810691-5571285.cloudwaysapps.com/events/research-assistance-2025-08-27-2025-09-03-2025-09-10-2025-09-17-2025-09-24-2025-10-01-2025-10-08-2025-10-15-2025-10-22-2025-10-29-2025-11-05-2025-11-12-2025-11-19-2025-11-26-2025-12-03-2-02-2026-09-09/
Processing pages:  27%|██▋       | 102/381 [01:05<03:36,  1.29it/s]DEBUG:urllib3.connectionpool:https://pastfindersslc.org:443 "GET /upload/newsletters/202105V31N1.pdf HTTP/1.1" 200 863987
DEBUG:root:✅ Image OK: https://wordpress-810691-5571285.cloudwaysapps.com/wp-content/uploads/2025/08/IMG_0019_5_1566946405-1024x587.webp
DEBUG:root:Checking internal image: https://wordpress-810691-5571285.cloudwaysapps.com/wp-content/uploads/2025/08/IMG_0022_8_1566946405-1017x1024.webp
DEBUG:urllib3.connectionpool:Starting new HTTPS connection (1): wordpress-810691-5571285.cloudwaysapps.com:443
DEBUG:root:✅ Document OK: https://pastfindersslc.org/upload/newsletters/202105V31N1.pdf
DEBUG:root:Checking external document: https://pastfindersslc.org/upload/newsletters/Pastfinders_Newsletter_V29N3.pdf
DEBUG:urllib3.connectionpool:Starting new HTTPS connection (1): pastfindersslc.org:443
DEBUG:urllib3.connectionpool:https://wordpress-810691-5571285.cloudwaysapps.com:443 "GET /wp-content/uploads/2025/08/IMG_7914_1541643643-1024x683.webp HTTP/1.1" 200 103746
DEBUG:urllib3.connectionpool:https://wordpress-810691-5571285.cloudwaysapps.com:443 "GET /wp-content/uploads/2025/08/IMG_0005_2_Vivid_shr_1606256736-1024x705.webp HTTP/1.1" 200 101598
DEBUG:urllib3.connectionpool:https://wordpress-810691-5571285.cloudwaysapps.com:443 "GET /wp-content/uploads/2025/08/IMG_0022_8_1566946405-1017x1024.webp HTTP/1.1" 200 193838
DEBUG:root:✅ Image OK: https://wordpress-810691-5571285.cloudwaysapps.com/wp-content/uploads/2025/08/IMG_7914_1541643643-1024x683.webp
DEBUG:root:Checking internal image: https://wordpress-810691-5571285.cloudwaysapps.com/wp-content/uploads/2025/08/IMG_7906_1541643643-1024x683.webp
DEBUG:root:✅ Image OK: https://wordpress-810691-5571285.cloudwaysapps.com/wp-content/uploads/2025/08/IMG_0005_2_Vivid_shr_1606256736-1024x705.webp
DEBUG:root:Checking internal image: https://wordpress-810691-5571285.cloudwaysapps.com/wp-content/uploads/2025/08/IMG_0011_2_1606257144-860x1024.webp
DEBUG:urllib3.connectionpool:Starting new HTTPS connection (1): wordpress-810691-5571285.cloudwaysapps.com:443
DEBUG:urllib3.connectionpool:Starting new HTTPS connection (1): wordpress-810691-5571285.cloudwaysapps.com:443
DEBUG:urllib3.connectionpool:https://pastfindersslc.org:443 "GET /upload/newsletters/Pastfinders_Newsletter_V29N3.pdf HTTP/1.1" 200 2038333
DEBUG:root:✅ Image OK: https://wordpress-810691-5571285.cloudwaysapps.com/wp-content/uploads/2025/08/IMG_0022_8_1566946405-1017x1024.webp
DEBUG:root:Checking internal image: https://wordpress-810691-5571285.cloudwaysapps.com/wp-content/uploads/2025/08/IMG_0016_3_1566946405-586x1024.webp
DEBUG:urllib3.connectionpool:Starting new HTTPS connection (1): wordpress-810691-5571285.cloudwaysapps.com:443
DEBUG:urllib3.connectionpool:https://wordpress-810691-5571285.cloudwaysapps.com:443 "GET /wp-content/uploads/2025/08/IMG_7906_1541643643-1024x683.webp HTTP/1.1" 200 94198
DEBUG:urllib3.connectionpool:https://wordpress-810691-5571285.cloudwaysapps.com:443 "GET /wp-content/uploads/2025/08/IMG_0011_2_1606257144-860x1024.webp HTTP/1.1" 200 55524
DEBUG:root:✅ Image OK: https://wordpress-810691-5571285.cloudwaysapps.com/wp-content/uploads/2025/08/IMG_7906_1541643643-1024x683.webp
DEBUG:root:Checking internal image: https://wordpress-810691-5571285.cloudwaysapps.com/wp-content/uploads/2025/08/Presentation2_1541644977.webp
DEBUG:urllib3.connectionpool:Starting new HTTPS connection (1): wordpress-810691-5571285.cloudwaysapps.com:443
DEBUG:root:✅ Image OK: https://wordpress-810691-5571285.cloudwaysapps.com/wp-content/uploads/2025/08/IMG_0011_2_1606257144-860x1024.webp
DEBUG:root:Checking internal image: https://wordpress-810691-5571285.cloudwaysapps.com/wp-content/uploads/2025/08/IMG_0008_5_1606257144-780x1024.webp
DEBUG:urllib3.connectionpool:Starting new HTTPS connection (1): wordpress-810691-5571285.cloudwaysapps.com:443
DEBUG:urllib3.connectionpool:https://wordpress-810691-5571285.cloudwaysapps.com:443 "GET /wp-content/uploads/2025/08/IMG_0016_3_1566946405-586x1024.webp HTTP/1.1" 200 90306
DEBUG:root:✅ Document OK: https://pastfindersslc.org/upload/newsletters/Pastfinders_Newsletter_V29N3.pdf
DEBUG:root:Checking external document: https://pastfindersslc.org/upload/newsletters/Pastfinders_Newsletter_V29N2.pdf
DEBUG:urllib3.connectionpool:Starting new HTTPS connection (1): pastfindersslc.org:443
DEBUG:root:✅ Image OK: https://wordpress-810691-5571285.cloudwaysapps.com/wp-content/uploads/2025/08/IMG_0016_3_1566946405-586x1024.webp
DEBUG:root:Checking internal image: https://wordpress-810691-5571285.cloudwaysapps.com/wp-content/uploads/2025/08/IMG_0018_1566946405-1024x817.webp
DEBUG:urllib3.connectionpool:Starting new HTTPS connection (1): wordpress-810691-5571285.cloudwaysapps.com:443
DEBUG:urllib3.connectionpool:https://pastfindersslc.org:443 "GET /upload/newsletters/Pastfinders_Newsletter_V29N2.pdf HTTP/1.1" 200 2406347
DEBUG:urllib3.connectionpool:https://wordpress-810691-5571285.cloudwaysapps.com:443 "GET /wp-content/uploads/2025/08/Presentation2_1541644977.webp HTTP/1.1" 200 67112
DEBUG:urllib3.connectionpool:https://wordpress-810691-5571285.cloudwaysapps.com:443 "GET /wp-content/uploads/2025/08/IMG_0008_5_1606257144-780x1024.webp HTTP/1.1" 200 47964
DEBUG:urllib3.connectionpool:https://wordpress-810691-5571285.cloudwaysapps.com:443 "GET /events/research-assistance-2025-08-27-2025-09-03-2025-09-10-2025-09-17-2025-09-24-2025-10-01-2025-10-08-2025-10-15-2025-10-22-2025-10-29-2025-11-05-2025-11-12-2025-11-19-2025-11-26-2025-12-03-2-02-2026-09-09/ HTTP/1.1" 200 None
DEBUG:root:Successfully fetched https://wordpress-810691-5571285.cloudwaysapps.com/events/research-assistance-2025-08-27-2025-09-03-2025-09-10-2025-09-17-2025-09-24-2025-10-01-2025-10-08-2025-10-15-2025-10-22-2025-10-29-2025-11-05-2025-11-12-2025-11-19-2025-11-26-2025-12-03-2-02-2026-09-09/ (Content-Length: 44181)
DEBUG:charset_normalizer:Encoding detection: utf_8 is most likely the one.
DEBUG:root:Extracted 492 characters, 85 words from https://wordpress-810691-5571285.cloudwaysapps.com/events/research-assistance-2025-08-27-2025-09-03-2025-09-10-2025-09-17-2025-09-24-2025-10-01-2025-10-08-2025-10-15-2025-10-22-2025-10-29-2025-11-05-2025-11-12-2025-11-19-2025-11-26-2025-12-03-2-02-2026-09-09/
DEBUG:root:Checking external hyperlink: https://www.google.com/calendar/event?action=TEMPLATE&text=Research+Assistance&dates=20260909T130000/20260909T150000&details=Join+us+weekly+in+the+Genealogy+Room+for+in-person+help+with+your+research.+It%E2%80%99s+a+great+chance+to+get+one-on-one+guidance%2C+ask+questions%2C+and+connect+with+others+who+share+your+passion+for+family+history.&location=2525+Oakley+Seaver+Dr%2C+Clermont%2C+FL%2C+34711%2C+United+States&trp=false&sprop=https%3A%2F%2Fwordpress-810691-5571285.cloudwaysapps.com%2Fevents%2Fresearch-assistance-2025-08-27-2025-09-03-2025-09-10-2025-09-17-2025-09-24-2025-10-01-2025-10-08-2025-10-15-2025-10-22-2025-10-29-2025-11-05-2025-11-12-2025-11-19-2025-11-26-2025-12-03-2-02-2026-09-09%2F&sprop=name:Pastfinders&ctz=America%2FNew_York
DEBUG:root:✅ Image OK: https://wordpress-810691-5571285.cloudwaysapps.com/wp-content/uploads/2025/08/IMG_0008_5_1606257144-780x1024.webp
DEBUG:root:✅ Image OK: https://wordpress-810691-5571285.cloudwaysapps.com/wp-content/uploads/2025/08/Presentation2_1541644977.webp
DEBUG:root:Checking internal image: https://wordpress-810691-5571285.cloudwaysapps.com/wp-content/uploads/2025/08/IMG_0005_3_Vivid_shr_1606256736-1024x748.webp
DEBUG:root:Checking internal image: https://wordpress-810691-5571285.cloudwaysapps.com/wp-content/uploads/2025/08/IMG_7913_1541643643-1024x683.webp
DEBUG:urllib3.connectionpool:Starting new HTTPS connection (1): www.google.com:443
DEBUG:urllib3.connectionpool:Starting new HTTPS connection (1): wordpress-810691-5571285.cloudwaysapps.com:443
DEBUG:urllib3.connectionpool:Starting new HTTPS connection (1): wordpress-810691-5571285.cloudwaysapps.com:443
DEBUG:urllib3.connectionpool:https://wordpress-810691-5571285.cloudwaysapps.com:443 "GET /wp-content/uploads/2025/08/IMG_0018_1566946405-1024x817.webp HTTP/1.1" 200 112442
DEBUG:urllib3.connectionpool:https://www.google.com:443 "GET /calendar/event?action=TEMPLATE&text=Research+Assistance&dates=20260909T130000/20260909T150000&details=Join+us+weekly+in+the+Genealogy+Room+for+in-person+help+with+your+research.+It%E2%80%99s+a+great+chance+to+get+one-on-one+guidance%2C+ask+questions%2C+and+connect+with+others+who+share+your+passion+for+family+history.&location=2525+Oakley+Seaver+Dr%2C+Clermont%2C+FL%2C+34711%2C+United+States&trp=false&sprop=https%3A%2F%2Fwordpress-810691-5571285.cloudwaysapps.com%2Fevents%2Fresearch-assistance-2025-08-27-2025-09-03-2025-09-10-2025-09-17-2025-09-24-2025-10-01-2025-10-08-2025-10-15-2025-10-22-2025-10-29-2025-11-05-2025-11-12-2025-11-19-2025-11-26-2025-12-03-2-02-2026-09-09%2F&sprop=name:Pastfinders&ctz=America%2FNew_York HTTP/1.1" 302 0
DEBUG:urllib3.connectionpool:Starting new HTTPS connection (1): calendar.google.com:443
DEBUG:root:✅ Image OK: https://wordpress-810691-5571285.cloudwaysapps.com/wp-content/uploads/2025/08/IMG_0018_1566946405-1024x817.webp
DEBUG:root:Checking internal image: https://wordpress-810691-5571285.cloudwaysapps.com/wp-content/uploads/2025/08/flyer_oct_1566946155-664x1024.webp
DEBUG:urllib3.connectionpool:Starting new HTTPS connection (1): wordpress-810691-5571285.cloudwaysapps.com:443
DEBUG:urllib3.connectionpool:https://wordpress-810691-5571285.cloudwaysapps.com:443 "GET /wp-content/uploads/2025/08/IMG_0005_3_Vivid_shr_1606256736-1024x748.webp HTTP/1.1" 200 74480
DEBUG:urllib3.connectionpool:https://wordpress-810691-5571285.cloudwaysapps.com:443 "GET /wp-content/uploads/2025/08/IMG_7913_1541643643-1024x683.webp HTTP/1.1" 200 129920
DEBUG:urllib3.connectionpool:https://calendar.google.com:443 "GET /calendar/event?action=TEMPLATE&text=Research+Assistance&dates=20260909T130000/20260909T150000&details=Join+us+weekly+in+the+Genealogy+Room+for+in-person+help+with+your+research.+It%E2%80%99s+a+great+chance+to+get+one-on-one+guidance,+ask+questions,+and+connect+with+others+who+share+your+passion+for+family+history.&location=2525+Oakley+Seaver+Dr,+Clermont,+FL,+34711,+United+States&trp=false&sprop=https://wordpress-810691-5571285.cloudwaysapps.com/events/research-assistance-2025-08-27-2025-09-03-2025-09-10-2025-09-17-2025-09-24-2025-10-01-2025-10-08-2025-10-15-2025-10-22-2025-10-29-2025-11-05-2025-11-12-2025-11-19-2025-11-26-2025-12-03-2-02-2026-09-09/&sprop=name:Pastfinders&ctz=America/New_York HTTP/1.1" 302 0
DEBUG:urllib3.connectionpool:Starting new HTTPS connection (1): accounts.google.com:443
DEBUG:root:✅ Image OK: https://wordpress-810691-5571285.cloudwaysapps.com/wp-content/uploads/2025/08/IMG_0005_3_Vivid_shr_1606256736-1024x748.webp
DEBUG:root:Checking internal image: https://wordpress-810691-5571285.cloudwaysapps.com/wp-content/uploads/2025/08/IMG_0009_6_1606257144.webp
DEBUG:urllib3.connectionpool:Starting new HTTPS connection (1): wordpress-810691-5571285.cloudwaysapps.com:443
DEBUG:root:✅ Image OK: https://wordpress-810691-5571285.cloudwaysapps.com/wp-content/uploads/2025/08/IMG_7913_1541643643-1024x683.webp
DEBUG:root:Using regex pattern: \b[a-zA-Z]{3,}\b
DEBUG:root:Found 51 words to check in https://wordpress-810691-5571285.cloudwaysapps.com/galleries/2017-holiday-party/ (min_length=3)
DEBUG:root:Sample words from https://wordpress-810691-5571285.cloudwaysapps.com/galleries/2017-holiday-party/: ['This', 'alert', 'Skip', 'content', 'Holiday', 'Party', 'images', 'Click', 'view', 'Click']
DEBUG:root:Spell check results for https://wordpress-810691-5571285.cloudwaysapps.com/galleries/2017-holiday-party/: 23 words checked, 28 skipped, 0 errors found
INFO:root:✅ Processed https://wordpress-810691-5571285.cloudwaysapps.com/galleries/2017-holiday-party/: 0 errors found, 103 words checked
DEBUG:root:Attempting to fetch: https://wordpress-810691-5571285.cloudwaysapps.com/resources/genealogical-society-of-palm-beach-county/
Processing pages:  27%|██▋       | 103/381 [01:07<04:22,  1.06it/s]DEBUG:urllib3.connectionpool:https://accounts.google.com:443 "GET /ServiceLogin?service=cl&passive=1209600&osid=1&continue=https://calendar.google.com/calendar/event?action%3DTEMPLATE%26text%3DResearch%2BAssistance%26dates%3D20260909T130000/20260909T150000%26details%3DJoin%2Bus%2Bweekly%2Bin%2Bthe%2BGenealogy%2BRoom%2Bfor%2Bin-person%2Bhelp%2Bwith%2Byour%2Bresearch.%2BIt%25E2%2580%2599s%2Ba%2Bgreat%2Bchance%2Bto%2Bget%2Bone-on-one%2Bguidance,%2Bask%2Bquestions,%2Band%2Bconnect%2Bwith%2Bothers%2Bwho%2Bshare%2Byour%2Bpassion%2Bfor%2Bfamily%2Bhistory.%26location%3D2525%2BOakley%2BSeaver%2BDr,%2BClermont,%2BFL,%2B34711,%2BUnited%2BStates%26trp%3Dfalse%26sprop%3Dhttps://wordpress-810691-5571285.cloudwaysapps.com/events/research-assistance-2025-08-27-2025-09-03-2025-09-10-2025-09-17-2025-09-24-2025-10-01-2025-10-08-2025-10-15-2025-10-22-2025-10-29-2025-11-05-2025-11-12-2025-11-19-2025-11-26-2025-12-03-2-02-2026-09-09/%26sprop%3Dname:Pastfinders%26ctz%3DAmerica/New_York&followup=https://calendar.google.com/calendar/event?action%3DTEMPLATE%26text%3DResearch%2BAssistance%26dates%3D20260909T130000/20260909T150000%26details%3DJoin%2Bus%2Bweekly%2Bin%2Bthe%2BGenealogy%2BRoom%2Bfor%2Bin-person%2Bhelp%2Bwith%2Byour%2Bresearch.%2BIt%25E2%2580%2599s%2Ba%2Bgreat%2Bchance%2Bto%2Bget%2Bone-on-one%2Bguidance,%2Bask%2Bquestions,%2Band%2Bconnect%2Bwith%2Bothers%2Bwho%2Bshare%2Byour%2Bpassion%2Bfor%2Bfamily%2Bhistory.%26location%3D2525%2BOakley%2BSeaver%2BDr,%2BClermont,%2BFL,%2B34711,%2BUnited%2BStates%26trp%3Dfalse%26sprop%3Dhttps://wordpress-810691-5571285.cloudwaysapps.com/events/research-assistance-2025-08-27-2025-09-03-2025-09-10-2025-09-17-2025-09-24-2025-10-01-2025-10-08-2025-10-15-2025-10-22-2025-10-29-2025-11-05-2025-11-12-2025-11-19-2025-11-26-2025-12-03-2-02-2026-09-09/%26sprop%3Dname:Pastfinders%26ctz%3DAmerica/New_York&emr=1 HTTP/1.1" 302 0
DEBUG:urllib3.connectionpool:https://wordpress-810691-5571285.cloudwaysapps.com:443 "GET /wp-content/uploads/2025/08/flyer_oct_1566946155-664x1024.webp HTTP/1.1" 200 129982
DEBUG:urllib3.connectionpool:https://accounts.google.com:443 "GET /InteractiveLogin?continue=https://calendar.google.com/calendar/event?action%3DTEMPLATE%26text%3DResearch%2BAssistance%26dates%3D20260909T130000/20260909T150000%26details%3DJoin%2Bus%2Bweekly%2Bin%2Bthe%2BGenealogy%2BRoom%2Bfor%2Bin-person%2Bhelp%2Bwith%2Byour%2Bresearch.%2BIt%25E2%2580%2599s%2Ba%2Bgreat%2Bchance%2Bto%2Bget%2Bone-on-one%2Bguidance,%2Bask%2Bquestions,%2Band%2Bconnect%2Bwith%2Bothers%2Bwho%2Bshare%2Byour%2Bpassion%2Bfor%2Bfamily%2Bhistory.%26location%3D2525%2BOakley%2BSeaver%2BDr,%2BClermont,%2BFL,%2B34711,%2BUnited%2BStates%26trp%3Dfalse%26sprop%3Dhttps://wordpress-810691-5571285.cloudwaysapps.com/events/research-assistance-2025-08-27-2025-09-03-2025-09-10-2025-09-17-2025-09-24-2025-10-01-2025-10-08-2025-10-15-2025-10-22-2025-10-29-2025-11-05-2025-11-12-2025-11-19-2025-11-26-2025-12-03-2-02-2026-09-09/%26sprop%3Dname:Pastfinders%26ctz%3DAmerica/New_York&emr=1&followup=https://calendar.google.com/calendar/event?action%3DTEMPLATE%26text%3DResearch%2BAssistance%26dates%3D20260909T130000/20260909T150000%26details%3DJoin%2Bus%2Bweekly%2Bin%2Bthe%2BGenealogy%2BRoom%2Bfor%2Bin-person%2Bhelp%2Bwith%2Byour%2Bresearch.%2BIt%25E2%2580%2599s%2Ba%2Bgreat%2Bchance%2Bto%2Bget%2Bone-on-one%2Bguidance,%2Bask%2Bquestions,%2Band%2Bconnect%2Bwith%2Bothers%2Bwho%2Bshare%2Byour%2Bpassion%2Bfor%2Bfamily%2Bhistory.%26location%3D2525%2BOakley%2BSeaver%2BDr,%2BClermont,%2BFL,%2B34711,%2BUnited%2BStates%26trp%3Dfalse%26sprop%3Dhttps://wordpress-810691-5571285.cloudwaysapps.com/events/research-assistance-2025-08-27-2025-09-03-2025-09-10-2025-09-17-2025-09-24-2025-10-01-2025-10-08-2025-10-15-2025-10-22-2025-10-29-2025-11-05-2025-11-12-2025-11-19-2025-11-26-2025-12-03-2-02-2026-09-09/%26sprop%3Dname:Pastfinders%26ctz%3DAmerica/New_York&osid=1&passive=1209600&service=cl&ifkv=AdBytiOLizHPL3QspRJIhrTQnuhuKKrr6stwKSXDPYdLBHJWCbaMChEhcsnOOgS04ycFHOEWRXPf6A HTTP/1.1" 302 None
DEBUG:root:✅ Image OK: https://wordpress-810691-5571285.cloudwaysapps.com/wp-content/uploads/2025/08/flyer_oct_1566946155-664x1024.webp
DEBUG:root:Using regex pattern: \b[a-zA-Z]{3,}\b
DEBUG:root:Found 87 words to check in https://wordpress-810691-5571285.cloudwaysapps.com/galleries/2016-guest-speakers-and-events/ (min_length=3)
DEBUG:root:Sample words from https://wordpress-810691-5571285.cloudwaysapps.com/galleries/2016-guest-speakers-and-events/: ['This', 'alert', 'Skip', 'content', 'Guest', 'Speakers', 'and', 'Events', 'images', 'Click']
DEBUG:root:Spell check results for https://wordpress-810691-5571285.cloudwaysapps.com/galleries/2016-guest-speakers-and-events/: 41 words checked, 46 skipped, 0 errors found
INFO:root:✅ Processed https://wordpress-810691-5571285.cloudwaysapps.com/galleries/2016-guest-speakers-and-events/: 0 errors found, 173 words checked
DEBUG:root:Attempting to fetch: https://wordpress-810691-5571285.cloudwaysapps.com/events/research-assistance-2025-08-27-2025-09-03-2025-09-10-2025-09-17-2025-09-24-2025-10-01-2025-10-08-2025-10-15-2025-10-22-2025-10-29-2025-11-05-2025-11-12-2025-11-19-2025-11-26-2025-12-03-2-22-2026-04-29/
Processing pages:  27%|██▋       | 104/381 [01:07<03:26,  1.34it/s]DEBUG:urllib3.connectionpool:https://wordpress-810691-5571285.cloudwaysapps.com:443 "GET /wp-content/uploads/2025/08/IMG_0009_6_1606257144.webp HTTP/1.1" 200 65968
DEBUG:urllib3.connectionpool:https://accounts.google.com:443 "GET /v3/signin/identifier?continue=https%3A%2F%2Fcalendar.google.com%2Fcalendar%2Fevent%3Faction%3DTEMPLATE%26text%3DResearch%2BAssistance%26dates%3D20260909T130000%2F20260909T150000%26details%3DJoin%2Bus%2Bweekly%2Bin%2Bthe%2BGenealogy%2BRoom%2Bfor%2Bin-person%2Bhelp%2Bwith%2Byour%2Bresearch.%2BIt%25E2%2580%2599s%2Ba%2Bgreat%2Bchance%2Bto%2Bget%2Bone-on-one%2Bguidance%2C%2Bask%2Bquestions%2C%2Band%2Bconnect%2Bwith%2Bothers%2Bwho%2Bshare%2Byour%2Bpassion%2Bfor%2Bfamily%2Bhistory.%26location%3D2525%2BOakley%2BSeaver%2BDr%2C%2BClermont%2C%2BFL%2C%2B34711%2C%2BUnited%2BStates%26trp%3Dfalse%26sprop%3Dhttps%3A%2F%2Fwordpress-810691-5571285.cloudwaysapps.com%2Fevents%2Fresearch-assistance-2025-08-27-2025-09-03-2025-09-10-2025-09-17-2025-09-24-2025-10-01-2025-10-08-2025-10-15-2025-10-22-2025-10-29-2025-11-05-2025-11-12-2025-11-19-2025-11-26-2025-12-03-2-02-2026-09-09%2F%26sprop%3Dname%3APastfinders%26ctz%3DAmerica%2FNew_York&emr=1&followup=https%3A%2F%2Fcalendar.google.com%2Fcalendar%2Fevent%3Faction%3DTEMPLATE%26text%3DResearch%2BAssistance%26dates%3D20260909T130000%2F20260909T150000%26details%3DJoin%2Bus%2Bweekly%2Bin%2Bthe%2BGenealogy%2BRoom%2Bfor%2Bin-person%2Bhelp%2Bwith%2Byour%2Bresearch.%2BIt%25E2%2580%2599s%2Ba%2Bgreat%2Bchance%2Bto%2Bget%2Bone-on-one%2Bguidance%2C%2Bask%2Bquestions%2C%2Band%2Bconnect%2Bwith%2Bothers%2Bwho%2Bshare%2Byour%2Bpassion%2Bfor%2Bfamily%2Bhistory.%26location%3D2525%2BOakley%2BSeaver%2BDr%2C%2BClermont%2C%2BFL%2C%2B34711%2C%2BUnited%2BStates%26trp%3Dfalse%26sprop%3Dhttps%3A%2F%2Fwordpress-810691-5571285.cloudwaysapps.com%2Fevents%2Fresearch-assistance-2025-08-27-2025-09-03-2025-09-10-2025-09-17-2025-09-24-2025-10-01-2025-10-08-2025-10-15-2025-10-22-2025-10-29-2025-11-05-2025-11-12-2025-11-19-2025-11-26-2025-12-03-2-02-2026-09-09%2F%26sprop%3Dname%3APastfinders%26ctz%3DAmerica%2FNew_York&ifkv=AdBytiP0cWdp6F_Ro1XlAmTkv1iuAfDLPfciMnU_npeE4eOSKWCibz6L2LQ2pXHwZpWjBASeKKOkJw&osid=1&passive=1209600&service=cl&flowName=WebLiteSignIn&flowEntry=ServiceLogin&dsh=S991709208%3A1756758191487760 HTTP/1.1" 200 None
DEBUG:root:✅ Image OK: https://wordpress-810691-5571285.cloudwaysapps.com/wp-content/uploads/2025/08/IMG_0009_6_1606257144.webp
DEBUG:root:Checking internal image: https://wordpress-810691-5571285.cloudwaysapps.com/wp-content/uploads/2025/08/IMG_0013_4_1606257300-1024x669.webp
DEBUG:urllib3.connectionpool:Starting new HTTPS connection (1): wordpress-810691-5571285.cloudwaysapps.com:443
DEBUG:root:✅ Hyperlink OK: https://www.google.com/calendar/event?action=TEMPLATE&text=Research+Assistance&dates=20260909T130000/20260909T150000&details=Join+us+weekly+in+the+Genealogy+Room+for+in-person+help+with+your+research.+It%E2%80%99s+a+great+chance+to+get+one-on-one+guidance%2C+ask+questions%2C+and+connect+with+others+who+share+your+passion+for+family+history.&location=2525+Oakley+Seaver+Dr%2C+Clermont%2C+FL%2C+34711%2C+United+States&trp=false&sprop=https%3A%2F%2Fwordpress-810691-5571285.cloudwaysapps.com%2Fevents%2Fresearch-assistance-2025-08-27-2025-09-03-2025-09-10-2025-09-17-2025-09-24-2025-10-01-2025-10-08-2025-10-15-2025-10-22-2025-10-29-2025-11-05-2025-11-12-2025-11-19-2025-11-26-2025-12-03-2-02-2026-09-09%2F&sprop=name:Pastfinders&ctz=America%2FNew_York
DEBUG:root:Checking external hyperlink: https://outlook.office.com/calendar/0/deeplink/compose?allday=false&body=Join+us+weekly+in+the+Genealogy+Room+for+in-person+help+with+your+research.+It%E2%80%99s+a+great+chance+to+get+one-on-one+guidance%2C+ask+questions%2C+and+connect+with+others+who+share+your+passion+for+family+history.&location=2525+Oakley+Seaver+Dr%2C+Clermont%2C+FL%2C+34711%2C+United+States&path=/calendar/action/compose&rru=addevent&startdt=2026-09-09T13%3A00%3A00-04%3A00&enddt=2026-09-09T15%3A00%3A00-04%3A00&subject=Research+Assistance
DEBUG:urllib3.connectionpool:Starting new HTTPS connection (1): outlook.office.com:443
DEBUG:urllib3.connectionpool:https://outlook.office.com:443 "GET /calendar/0/deeplink/compose?allday=false&body=Join+us+weekly+in+the+Genealogy+Room+for+in-person+help+with+your+research.+It%E2%80%99s+a+great+chance+to+get+one-on-one+guidance%2C+ask+questions%2C+and+connect+with+others+who+share+your+passion+for+family+history.&location=2525+Oakley+Seaver+Dr%2C+Clermont%2C+FL%2C+34711%2C+United+States&path=/calendar/action/compose&rru=addevent&startdt=2026-09-09T13%3A00%3A00-04%3A00&enddt=2026-09-09T15%3A00%3A00-04%3A00&subject=Research+Assistance HTTP/1.1" 200 None
DEBUG:root:✅ Hyperlink OK: https://outlook.office.com/calendar/0/deeplink/compose?allday=false&body=Join+us+weekly+in+the+Genealogy+Room+for+in-person+help+with+your+research.+It%E2%80%99s+a+great+chance+to+get+one-on-one+guidance%2C+ask+questions%2C+and+connect+with+others+who+share+your+passion+for+family+history.&location=2525+Oakley+Seaver+Dr%2C+Clermont%2C+FL%2C+34711%2C+United+States&path=/calendar/action/compose&rru=addevent&startdt=2026-09-09T13%3A00%3A00-04%3A00&enddt=2026-09-09T15%3A00%3A00-04%3A00&subject=Research+Assistance
DEBUG:root:Checking external hyperlink: https://outlook.live.com/calendar/0/deeplink/compose?allday=false&body=Join+us+weekly+in+the+Genealogy+Room+for+in-person+help+with+your+research.+It%E2%80%99s+a+great+chance+to+get+one-on-one+guidance%2C+ask+questions%2C+and+connect+with+others+who+share+your+passion+for+family+history.&location=2525+Oakley+Seaver+Dr%2C+Clermont%2C+FL%2C+34711%2C+United+States&path=/calendar/action/compose&rru=addevent&startdt=2026-09-09T13%3A00%3A00-04%3A00&enddt=2026-09-09T15%3A00%3A00-04%3A00&subject=Research+Assistance
DEBUG:urllib3.connectionpool:Starting new HTTPS connection (1): outlook.live.com:443
DEBUG:urllib3.connectionpool:https://wordpress-810691-5571285.cloudwaysapps.com:443 "GET /wp-content/uploads/2025/08/IMG_0013_4_1606257300-1024x669.webp HTTP/1.1" 200 63242
DEBUG:root:✅ Image OK: https://wordpress-810691-5571285.cloudwaysapps.com/wp-content/uploads/2025/08/IMG_0013_4_1606257300-1024x669.webp
DEBUG:root:Checking internal image: https://wordpress-810691-5571285.cloudwaysapps.com/wp-content/uploads/2025/08/IMG_0005_4_Vivid_shr_1606256736-1024x802.webp
DEBUG:urllib3.connectionpool:Starting new HTTPS connection (1): wordpress-810691-5571285.cloudwaysapps.com:443
DEBUG:urllib3.connectionpool:https://outlook.live.com:443 "GET /calendar/0/deeplink/compose?allday=false&body=Join+us+weekly+in+the+Genealogy+Room+for+in-person+help+with+your+research.+It%E2%80%99s+a+great+chance+to+get+one-on-one+guidance%2C+ask+questions%2C+and+connect+with+others+who+share+your+passion+for+family+history.&location=2525+Oakley+Seaver+Dr%2C+Clermont%2C+FL%2C+34711%2C+United+States&path=/calendar/action/compose&rru=addevent&startdt=2026-09-09T13%3A00%3A00-04%3A00&enddt=2026-09-09T15%3A00%3A00-04%3A00&subject=Research+Assistance HTTP/1.1" 200 None
DEBUG:root:✅ Hyperlink OK: https://outlook.live.com/calendar/0/deeplink/compose?allday=false&body=Join+us+weekly+in+the+Genealogy+Room+for+in-person+help+with+your+research.+It%E2%80%99s+a+great+chance+to+get+one-on-one+guidance%2C+ask+questions%2C+and+connect+with+others+who+share+your+passion+for+family+history.&location=2525+Oakley+Seaver+Dr%2C+Clermont%2C+FL%2C+34711%2C+United+States&path=/calendar/action/compose&rru=addevent&startdt=2026-09-09T13%3A00%3A00-04%3A00&enddt=2026-09-09T15%3A00%3A00-04%3A00&subject=Research+Assistance
DEBUG:root:Using regex pattern: \b[a-zA-Z]{3,}\b
DEBUG:root:Found 58 words to check in https://wordpress-810691-5571285.cloudwaysapps.com/events/research-assistance-2025-08-27-2025-09-03-2025-09-10-2025-09-17-2025-09-24-2025-10-01-2025-10-08-2025-10-15-2025-10-22-2025-10-29-2025-11-05-2025-11-12-2025-11-19-2025-11-26-2025-12-03-2-02-2026-09-09/ (min_length=3)
DEBUG:root:Sample words from https://wordpress-810691-5571285.cloudwaysapps.com/events/research-assistance-2025-08-27-2025-09-03-2025-09-10-2025-09-17-2025-09-24-2025-10-01-2025-10-08-2025-10-15-2025-10-22-2025-10-29-2025-11-05-2025-11-12-2025-11-19-2025-11-26-2025-12-03-2-02-2026-09-09/: ['This', 'alert', 'Skip', 'content', 'Research', 'Assistance', 'When', 'September', 'Add', 'Calendar']
DEBUG:root:Spell check results for https://wordpress-810691-5571285.cloudwaysapps.com/events/research-assistance-2025-08-27-2025-09-03-2025-09-10-2025-09-17-2025-09-24-2025-10-01-2025-10-08-2025-10-15-2025-10-22-2025-10-29-2025-11-05-2025-11-12-2025-11-19-2025-11-26-2025-12-03-2-02-2026-09-09/: 30 words checked, 28 skipped, 0 errors found
INFO:root:✅ Processed https://wordpress-810691-5571285.cloudwaysapps.com/events/research-assistance-2025-08-27-2025-09-03-2025-09-10-2025-09-17-2025-09-24-2025-10-01-2025-10-08-2025-10-15-2025-10-22-2025-10-29-2025-11-05-2025-11-12-2025-11-19-2025-11-26-2025-12-03-2-02-2026-09-09/: 0 errors found, 85 words checked
DEBUG:root:Attempting to fetch: https://wordpress-810691-5571285.cloudwaysapps.com/events/preserving-local-history-2025-09-24/
Processing pages:  28%|██▊       | 105/381 [01:08<03:23,  1.36it/s]DEBUG:root:✅ Document OK: https://pastfindersslc.org/upload/newsletters/Pastfinders_Newsletter_V29N2.pdf
DEBUG:root:Checking external document: https://pastfindersslc.org/upload/newsletters/3-Newsletter_vol_29-2.pdf
DEBUG:urllib3.connectionpool:Starting new HTTPS connection (1): pastfindersslc.org:443
DEBUG:urllib3.connectionpool:https://wordpress-810691-5571285.cloudwaysapps.com:443 "GET /wp-content/uploads/2025/08/IMG_0005_4_Vivid_shr_1606256736-1024x802.webp HTTP/1.1" 200 93320
DEBUG:urllib3.connectionpool:https://wordpress-810691-5571285.cloudwaysapps.com:443 "GET /events/preserving-local-history-2025-09-24/ HTTP/1.1" 200 None
DEBUG:root:Successfully fetched https://wordpress-810691-5571285.cloudwaysapps.com/events/preserving-local-history-2025-09-24/ (Content-Length: 42410)
DEBUG:charset_normalizer:Encoding detection: utf_8 is most likely the one.
DEBUG:root:Extracted 448 characters, 65 words from https://wordpress-810691-5571285.cloudwaysapps.com/events/preserving-local-history-2025-09-24/
DEBUG:root:Checking external hyperlink: https://www.google.com/calendar/event?action=TEMPLATE&text=Preserving+Local+History&dates=20250924T100000/20250924T120000&details=Help+in+the+preservation+of+our+local+history+and+collections%2C+including+transcriptionists%2C+preservationists%2C+digitizers%2C+and+organization%C2%A0projects.&location=2525+Oakley+Seaver+Dr%2C+Clermont%2C+FL%2C+34711%2C+United+States&trp=false&sprop=https%3A%2F%2Fwordpress-810691-5571285.cloudwaysapps.com%2Fevents%2Fpreserving-local-history-2025-09-24%2F&sprop=name:Pastfinders&ctz=America%2FNew_York
DEBUG:root:✅ Image OK: https://wordpress-810691-5571285.cloudwaysapps.com/wp-content/uploads/2025/08/IMG_0005_4_Vivid_shr_1606256736-1024x802.webp
DEBUG:root:Checking internal image: https://wordpress-810691-5571285.cloudwaysapps.com/wp-content/uploads/2025/08/IMG_0013_6_1606257300-805x1024.webp
DEBUG:urllib3.connectionpool:Starting new HTTPS connection (1): www.google.com:443
DEBUG:urllib3.connectionpool:Starting new HTTPS connection (1): wordpress-810691-5571285.cloudwaysapps.com:443
DEBUG:urllib3.connectionpool:https://pastfindersslc.org:443 "GET /upload/newsletters/3-Newsletter_vol_29-2.pdf HTTP/1.1" 200 2044691
DEBUG:urllib3.connectionpool:https://www.google.com:443 "GET /calendar/event?action=TEMPLATE&text=Preserving+Local+History&dates=20250924T100000/20250924T120000&details=Help+in+the+preservation+of+our+local+history+and+collections%2C+including+transcriptionists%2C+preservationists%2C+digitizers%2C+and+organization%C2%A0projects.&location=2525+Oakley+Seaver+Dr%2C+Clermont%2C+FL%2C+34711%2C+United+States&trp=false&sprop=https%3A%2F%2Fwordpress-810691-5571285.cloudwaysapps.com%2Fevents%2Fpreserving-local-history-2025-09-24%2F&sprop=name:Pastfinders&ctz=America%2FNew_York HTTP/1.1" 302 0
DEBUG:urllib3.connectionpool:Starting new HTTPS connection (1): calendar.google.com:443
DEBUG:urllib3.connectionpool:https://wordpress-810691-5571285.cloudwaysapps.com:443 "GET /wp-content/uploads/2025/08/IMG_0013_6_1606257300-805x1024.webp HTTP/1.1" 200 54490
DEBUG:urllib3.connectionpool:https://calendar.google.com:443 "GET /calendar/event?action=TEMPLATE&text=Preserving+Local+History&dates=20250924T100000/20250924T120000&details=Help+in+the+preservation+of+our+local+history+and+collections,+including+transcriptionists,+preservationists,+digitizers,+and+organization%C2%A0projects.&location=2525+Oakley+Seaver+Dr,+Clermont,+FL,+34711,+United+States&trp=false&sprop=https://wordpress-810691-5571285.cloudwaysapps.com/events/preserving-local-history-2025-09-24/&sprop=name:Pastfinders&ctz=America/New_York HTTP/1.1" 302 0
DEBUG:urllib3.connectionpool:Starting new HTTPS connection (1): accounts.google.com:443
DEBUG:root:✅ Image OK: https://wordpress-810691-5571285.cloudwaysapps.com/wp-content/uploads/2025/08/IMG_0013_6_1606257300-805x1024.webp
DEBUG:root:Checking internal image: https://wordpress-810691-5571285.cloudwaysapps.com/wp-content/uploads/2025/08/IMG_0011_3_1606257144-681x1024.webp
DEBUG:urllib3.connectionpool:Starting new HTTPS connection (1): wordpress-810691-5571285.cloudwaysapps.com:443
DEBUG:root:✅ Document OK: https://pastfindersslc.org/upload/newsletters/3-Newsletter_vol_29-2.pdf
DEBUG:root:Checking external document: https://pastfindersslc.org/upload/newsletters/2-2017_Newsletter_vol_29-1.pdf
DEBUG:urllib3.connectionpool:Starting new HTTPS connection (1): pastfindersslc.org:443
DEBUG:urllib3.connectionpool:https://accounts.google.com:443 "GET /ServiceLogin?service=cl&passive=1209600&osid=1&continue=https://calendar.google.com/calendar/event?action%3DTEMPLATE%26text%3DPreserving%2BLocal%2BHistory%26dates%3D20250924T100000/20250924T120000%26details%3DHelp%2Bin%2Bthe%2Bpreservation%2Bof%2Bour%2Blocal%2Bhistory%2Band%2Bcollections,%2Bincluding%2Btranscriptionists,%2Bpreservationists,%2Bdigitizers,%2Band%2Borganization%25C2%25A0projects.%26location%3D2525%2BOakley%2BSeaver%2BDr,%2BClermont,%2BFL,%2B34711,%2BUnited%2BStates%26trp%3Dfalse%26sprop%3Dhttps://wordpress-810691-5571285.cloudwaysapps.com/events/preserving-local-history-2025-09-24/%26sprop%3Dname:Pastfinders%26ctz%3DAmerica/New_York&followup=https://calendar.google.com/calendar/event?action%3DTEMPLATE%26text%3DPreserving%2BLocal%2BHistory%26dates%3D20250924T100000/20250924T120000%26details%3DHelp%2Bin%2Bthe%2Bpreservation%2Bof%2Bour%2Blocal%2Bhistory%2Band%2Bcollections,%2Bincluding%2Btranscriptionists,%2Bpreservationists,%2Bdigitizers,%2Band%2Borganization%25C2%25A0projects.%26location%3D2525%2BOakley%2BSeaver%2BDr,%2BClermont,%2BFL,%2B34711,%2BUnited%2BStates%26trp%3Dfalse%26sprop%3Dhttps://wordpress-810691-5571285.cloudwaysapps.com/events/preserving-local-history-2025-09-24/%26sprop%3Dname:Pastfinders%26ctz%3DAmerica/New_York&emr=1 HTTP/1.1" 302 0
DEBUG:urllib3.connectionpool:https://accounts.google.com:443 "GET /InteractiveLogin?continue=https://calendar.google.com/calendar/event?action%3DTEMPLATE%26text%3DPreserving%2BLocal%2BHistory%26dates%3D20250924T100000/20250924T120000%26details%3DHelp%2Bin%2Bthe%2Bpreservation%2Bof%2Bour%2Blocal%2Bhistory%2Band%2Bcollections,%2Bincluding%2Btranscriptionists,%2Bpreservationists,%2Bdigitizers,%2Band%2Borganization%25C2%25A0projects.%26location%3D2525%2BOakley%2BSeaver%2BDr,%2BClermont,%2BFL,%2B34711,%2BUnited%2BStates%26trp%3Dfalse%26sprop%3Dhttps://wordpress-810691-5571285.cloudwaysapps.com/events/preserving-local-history-2025-09-24/%26sprop%3Dname:Pastfinders%26ctz%3DAmerica/New_York&emr=1&followup=https://calendar.google.com/calendar/event?action%3DTEMPLATE%26text%3DPreserving%2BLocal%2BHistory%26dates%3D20250924T100000/20250924T120000%26details%3DHelp%2Bin%2Bthe%2Bpreservation%2Bof%2Bour%2Blocal%2Bhistory%2Band%2Bcollections,%2Bincluding%2Btranscriptionists,%2Bpreservationists,%2Bdigitizers,%2Band%2Borganization%25C2%25A0projects.%26location%3D2525%2BOakley%2BSeaver%2BDr,%2BClermont,%2BFL,%2B34711,%2BUnited%2BStates%26trp%3Dfalse%26sprop%3Dhttps://wordpress-810691-5571285.cloudwaysapps.com/events/preserving-local-history-2025-09-24/%26sprop%3Dname:Pastfinders%26ctz%3DAmerica/New_York&osid=1&passive=1209600&service=cl&ifkv=AdBytiMVVfQCV15ny-ndfl2w77yg-GtzNSSclr2WbYRQRXGm_BmEhnvm28tHkfZ1MAQJlGEYLhzDdA HTTP/1.1" 302 None
DEBUG:urllib3.connectionpool:https://pastfindersslc.org:443 "GET /upload/newsletters/2-2017_Newsletter_vol_29-1.pdf HTTP/1.1" 200 2135136
DEBUG:urllib3.connectionpool:https://wordpress-810691-5571285.cloudwaysapps.com:443 "GET /wp-content/uploads/2025/08/IMG_0011_3_1606257144-681x1024.webp HTTP/1.1" 200 36532
DEBUG:root:✅ Image OK: https://wordpress-810691-5571285.cloudwaysapps.com/wp-content/uploads/2025/08/IMG_0011_3_1606257144-681x1024.webp
DEBUG:root:Checking internal image: https://wordpress-810691-5571285.cloudwaysapps.com/wp-content/uploads/2025/08/IMG_0011_4_1606257144-530x1024.webp
DEBUG:urllib3.connectionpool:Starting new HTTPS connection (1): wordpress-810691-5571285.cloudwaysapps.com:443
DEBUG:urllib3.connectionpool:https://accounts.google.com:443 "GET /v3/signin/identifier?continue=https%3A%2F%2Fcalendar.google.com%2Fcalendar%2Fevent%3Faction%3DTEMPLATE%26text%3DPreserving%2BLocal%2BHistory%26dates%3D20250924T100000%2F20250924T120000%26details%3DHelp%2Bin%2Bthe%2Bpreservation%2Bof%2Bour%2Blocal%2Bhistory%2Band%2Bcollections%2C%2Bincluding%2Btranscriptionists%2C%2Bpreservationists%2C%2Bdigitizers%2C%2Band%2Borganization%25C2%25A0projects.%26location%3D2525%2BOakley%2BSeaver%2BDr%2C%2BClermont%2C%2BFL%2C%2B34711%2C%2BUnited%2BStates%26trp%3Dfalse%26sprop%3Dhttps%3A%2F%2Fwordpress-810691-5571285.cloudwaysapps.com%2Fevents%2Fpreserving-local-history-2025-09-24%2F%26sprop%3Dname%3APastfinders%26ctz%3DAmerica%2FNew_York&emr=1&followup=https%3A%2F%2Fcalendar.google.com%2Fcalendar%2Fevent%3Faction%3DTEMPLATE%26text%3DPreserving%2BLocal%2BHistory%26dates%3D20250924T100000%2F20250924T120000%26details%3DHelp%2Bin%2Bthe%2Bpreservation%2Bof%2Bour%2Blocal%2Bhistory%2Band%2Bcollections%2C%2Bincluding%2Btranscriptionists%2C%2Bpreservationists%2C%2Bdigitizers%2C%2Band%2Borganization%25C2%25A0projects.%26location%3D2525%2BOakley%2BSeaver%2BDr%2C%2BClermont%2C%2BFL%2C%2B34711%2C%2BUnited%2BStates%26trp%3Dfalse%26sprop%3Dhttps%3A%2F%2Fwordpress-810691-5571285.cloudwaysapps.com%2Fevents%2Fpreserving-local-history-2025-09-24%2F%26sprop%3Dname%3APastfinders%26ctz%3DAmerica%2FNew_York&ifkv=AdBytiNlTf8hLpJEdvgUY6y7nFhEom4XlkpWuT0hQsojklVPuNnG6zfISdzNWPPSbg5hF3kQnJiLmQ&osid=1&passive=1209600&service=cl&flowName=WebLiteSignIn&flowEntry=ServiceLogin&dsh=S-1324010846%3A1756758192916485 HTTP/1.1" 200 None
DEBUG:root:✅ Hyperlink OK: https://www.google.com/calendar/event?action=TEMPLATE&text=Preserving+Local+History&dates=20250924T100000/20250924T120000&details=Help+in+the+preservation+of+our+local+history+and+collections%2C+including+transcriptionists%2C+preservationists%2C+digitizers%2C+and+organization%C2%A0projects.&location=2525+Oakley+Seaver+Dr%2C+Clermont%2C+FL%2C+34711%2C+United+States&trp=false&sprop=https%3A%2F%2Fwordpress-810691-5571285.cloudwaysapps.com%2Fevents%2Fpreserving-local-history-2025-09-24%2F&sprop=name:Pastfinders&ctz=America%2FNew_York
DEBUG:root:Checking external hyperlink: https://outlook.office.com/calendar/0/deeplink/compose?allday=false&body=Help+in+the+preservation+of+our+local+history+and+collections%2C+including+transcriptionists%2C+preservationists%2C+digitizers%2C+and+organization%C2%A0projects.&location=2525+Oakley+Seaver+Dr%2C+Clermont%2C+FL%2C+34711%2C+United+States&path=/calendar/action/compose&rru=addevent&startdt=2025-09-24T10%3A00%3A00-04%3A00&enddt=2025-09-24T12%3A00%3A00-04%3A00&subject=Preserving+Local+History
DEBUG:urllib3.connectionpool:Starting new HTTPS connection (1): outlook.office.com:443
DEBUG:urllib3.connectionpool:https://wordpress-810691-5571285.cloudwaysapps.com:443 "GET /resources/genealogical-society-of-palm-beach-county/ HTTP/1.1" 200 None
DEBUG:root:✅ Document OK: https://pastfindersslc.org/upload/newsletters/2-2017_Newsletter_vol_29-1.pdf
DEBUG:root:Checking external document: https://pastfindersslc.org/upload/newsletters/Pastfinders_Newsletter__V28N4.pdf
DEBUG:urllib3.connectionpool:Starting new HTTPS connection (1): pastfindersslc.org:443
DEBUG:urllib3.connectionpool:https://wordpress-810691-5571285.cloudwaysapps.com:443 "GET /wp-content/uploads/2025/08/IMG_0011_4_1606257144-530x1024.webp HTTP/1.1" 200 39248
DEBUG:urllib3.connectionpool:https://wordpress-810691-5571285.cloudwaysapps.com:443 "GET /events/research-assistance-2025-08-27-2025-09-03-2025-09-10-2025-09-17-2025-09-24-2025-10-01-2025-10-08-2025-10-15-2025-10-22-2025-10-29-2025-11-05-2025-11-12-2025-11-19-2025-11-26-2025-12-03-2-22-2026-04-29/ HTTP/1.1" 200 None
DEBUG:root:✅ Image OK: https://wordpress-810691-5571285.cloudwaysapps.com/wp-content/uploads/2025/08/IMG_0011_4_1606257144-530x1024.webp
DEBUG:root:Checking internal image: https://wordpress-810691-5571285.cloudwaysapps.com/wp-content/uploads/2025/08/IMG_0011_7_1606257144-1024x555.webp
DEBUG:urllib3.connectionpool:Starting new HTTPS connection (1): wordpress-810691-5571285.cloudwaysapps.com:443
DEBUG:urllib3.connectionpool:https://pastfindersslc.org:443 "GET /upload/newsletters/Pastfinders_Newsletter__V28N4.pdf HTTP/1.1" 200 1547521
DEBUG:urllib3.connectionpool:https://outlook.office.com:443 "GET /calendar/0/deeplink/compose?allday=false&body=Help+in+the+preservation+of+our+local+history+and+collections%2C+including+transcriptionists%2C+preservationists%2C+digitizers%2C+and+organization%C2%A0projects.&location=2525+Oakley+Seaver+Dr%2C+Clermont%2C+FL%2C+34711%2C+United+States&path=/calendar/action/compose&rru=addevent&startdt=2025-09-24T10%3A00%3A00-04%3A00&enddt=2025-09-24T12%3A00%3A00-04%3A00&subject=Preserving+Local+History HTTP/1.1" 200 None
DEBUG:root:✅ Hyperlink OK: https://outlook.office.com/calendar/0/deeplink/compose?allday=false&body=Help+in+the+preservation+of+our+local+history+and+collections%2C+including+transcriptionists%2C+preservationists%2C+digitizers%2C+and+organization%C2%A0projects.&location=2525+Oakley+Seaver+Dr%2C+Clermont%2C+FL%2C+34711%2C+United+States&path=/calendar/action/compose&rru=addevent&startdt=2025-09-24T10%3A00%3A00-04%3A00&enddt=2025-09-24T12%3A00%3A00-04%3A00&subject=Preserving+Local+History
DEBUG:root:Checking external hyperlink: https://outlook.live.com/calendar/0/deeplink/compose?allday=false&body=Help+in+the+preservation+of+our+local+history+and+collections%2C+including+transcriptionists%2C+preservationists%2C+digitizers%2C+and+organization%C2%A0projects.&location=2525+Oakley+Seaver+Dr%2C+Clermont%2C+FL%2C+34711%2C+United+States&path=/calendar/action/compose&rru=addevent&startdt=2025-09-24T10%3A00%3A00-04%3A00&enddt=2025-09-24T12%3A00%3A00-04%3A00&subject=Preserving+Local+History
DEBUG:urllib3.connectionpool:Starting new HTTPS connection (1): outlook.live.com:443
DEBUG:root:Successfully fetched https://wordpress-810691-5571285.cloudwaysapps.com/resources/genealogical-society-of-palm-beach-county/ (Content-Length: 39117)
DEBUG:charset_normalizer:Encoding detection: utf_8 is most likely the one.
DEBUG:root:Extracted 670 characters, 108 words from https://wordpress-810691-5571285.cloudwaysapps.com/resources/genealogical-society-of-palm-beach-county/
DEBUG:root:Using regex pattern: \b[a-zA-Z]{3,}\b
DEBUG:root:Found 81 words to check in https://wordpress-810691-5571285.cloudwaysapps.com/resources/genealogical-society-of-palm-beach-county/ (min_length=3)
DEBUG:root:Sample words from https://wordpress-810691-5571285.cloudwaysapps.com/resources/genealogical-society-of-palm-beach-county/: ['This', 'alert', 'Skip', 'content', 'Genealogical', 'Society', 'Palm', 'Beach', 'County', 'March']
DEBUG:root:Spell check results for https://wordpress-810691-5571285.cloudwaysapps.com/resources/genealogical-society-of-palm-beach-county/: 48 words checked, 33 skipped, 0 errors found
INFO:root:✅ Processed https://wordpress-810691-5571285.cloudwaysapps.com/resources/genealogical-society-of-palm-beach-county/: 0 errors found, 108 words checked
DEBUG:root:Attempting to fetch: https://wordpress-810691-5571285.cloudwaysapps.com/subject/genealogy-resources/
Processing pages:  28%|██▊       | 106/381 [01:09<03:53,  1.18it/s]DEBUG:root:Successfully fetched https://wordpress-810691-5571285.cloudwaysapps.com/events/research-assistance-2025-08-27-2025-09-03-2025-09-10-2025-09-17-2025-09-24-2025-10-01-2025-10-08-2025-10-15-2025-10-22-2025-10-29-2025-11-05-2025-11-12-2025-11-19-2025-11-26-2025-12-03-2-22-2026-04-29/ (Content-Length: 44173)
DEBUG:charset_normalizer:Encoding detection: utf_8 is most likely the one.
DEBUG:root:Extracted 489 characters, 85 words from https://wordpress-810691-5571285.cloudwaysapps.com/events/research-assistance-2025-08-27-2025-09-03-2025-09-10-2025-09-17-2025-09-24-2025-10-01-2025-10-08-2025-10-15-2025-10-22-2025-10-29-2025-11-05-2025-11-12-2025-11-19-2025-11-26-2025-12-03-2-22-2026-04-29/
DEBUG:root:Checking external hyperlink: https://www.google.com/calendar/event?action=TEMPLATE&text=Research+Assistance&dates=20260429T130000/20260429T150000&details=Join+us+weekly+in+the+Genealogy+Room+for+in-person+help+with+your+research.+It%E2%80%99s+a+great+chance+to+get+one-on-one+guidance%2C+ask+questions%2C+and+connect+with+others+who+share+your+passion+for+family+history.&location=2525+Oakley+Seaver+Dr%2C+Clermont%2C+FL%2C+34711%2C+United+States&trp=false&sprop=https%3A%2F%2Fwordpress-810691-5571285.cloudwaysapps.com%2Fevents%2Fresearch-assistance-2025-08-27-2025-09-03-2025-09-10-2025-09-17-2025-09-24-2025-10-01-2025-10-08-2025-10-15-2025-10-22-2025-10-29-2025-11-05-2025-11-12-2025-11-19-2025-11-26-2025-12-03-2-22-2026-04-29%2F&sprop=name:Pastfinders&ctz=America%2FNew_York
DEBUG:urllib3.connectionpool:Starting new HTTPS connection (1): www.google.com:443
DEBUG:urllib3.connectionpool:https://wordpress-810691-5571285.cloudwaysapps.com:443 "GET /wp-content/uploads/2025/08/IMG_0011_7_1606257144-1024x555.webp HTTP/1.1" 200 40630
DEBUG:root:✅ Image OK: https://wordpress-810691-5571285.cloudwaysapps.com/wp-content/uploads/2025/08/IMG_0011_7_1606257144-1024x555.webp
DEBUG:root:Checking internal image: https://wordpress-810691-5571285.cloudwaysapps.com/wp-content/uploads/2025/08/IMG_0010_3_1606257144-1024x707.webp
DEBUG:urllib3.connectionpool:Starting new HTTPS connection (1): wordpress-810691-5571285.cloudwaysapps.com:443
DEBUG:urllib3.connectionpool:https://outlook.live.com:443 "GET /calendar/0/deeplink/compose?allday=false&body=Help+in+the+preservation+of+our+local+history+and+collections%2C+including+transcriptionists%2C+preservationists%2C+digitizers%2C+and+organization%C2%A0projects.&location=2525+Oakley+Seaver+Dr%2C+Clermont%2C+FL%2C+34711%2C+United+States&path=/calendar/action/compose&rru=addevent&startdt=2025-09-24T10%3A00%3A00-04%3A00&enddt=2025-09-24T12%3A00%3A00-04%3A00&subject=Preserving+Local+History HTTP/1.1" 200 None
DEBUG:root:✅ Hyperlink OK: https://outlook.live.com/calendar/0/deeplink/compose?allday=false&body=Help+in+the+preservation+of+our+local+history+and+collections%2C+including+transcriptionists%2C+preservationists%2C+digitizers%2C+and+organization%C2%A0projects.&location=2525+Oakley+Seaver+Dr%2C+Clermont%2C+FL%2C+34711%2C+United+States&path=/calendar/action/compose&rru=addevent&startdt=2025-09-24T10%3A00%3A00-04%3A00&enddt=2025-09-24T12%3A00%3A00-04%3A00&subject=Preserving+Local+History
DEBUG:root:Using regex pattern: \b[a-zA-Z]{3,}\b
DEBUG:root:Found 44 words to check in https://wordpress-810691-5571285.cloudwaysapps.com/events/preserving-local-history-2025-09-24/ (min_length=3)
DEBUG:root:Sample words from https://wordpress-810691-5571285.cloudwaysapps.com/events/preserving-local-history-2025-09-24/: ['This', 'alert', 'Skip', 'content', 'Preserving', 'Local', 'History', 'When', 'September', 'Add']
DEBUG:root:Misspelled word found: 'transcriptionists' in https://wordpress-810691-5571285.cloudwaysapps.com/events/preserving-local-history-2025-09-24/
DEBUG:root:Spell check results for https://wordpress-810691-5571285.cloudwaysapps.com/events/preserving-local-history-2025-09-24/: 17 words checked, 27 skipped, 1 errors found
INFO:root:✅ Processed https://wordpress-810691-5571285.cloudwaysapps.com/events/preserving-local-history-2025-09-24/: 1 errors found, 65 words checked
DEBUG:root:Attempting to fetch: https://wordpress-810691-5571285.cloudwaysapps.com/events/british-colonies-and-puerto-rico-research/
Processing pages:  28%|██▊       | 107/381 [01:09<02:56,  1.55it/s]DEBUG:urllib3.connectionpool:https://wordpress-810691-5571285.cloudwaysapps.com:443 "GET /events/british-colonies-and-puerto-rico-research/ HTTP/1.1" 200 None
DEBUG:root:Successfully fetched https://wordpress-810691-5571285.cloudwaysapps.com/events/british-colonies-and-puerto-rico-research/ (Content-Length: 41753)
DEBUG:urllib3.connectionpool:https://www.google.com:443 "GET /calendar/event?action=TEMPLATE&text=Research+Assistance&dates=20260429T130000/20260429T150000&details=Join+us+weekly+in+the+Genealogy+Room+for+in-person+help+with+your+research.+It%E2%80%99s+a+great+chance+to+get+one-on-one+guidance%2C+ask+questions%2C+and+connect+with+others+who+share+your+passion+for+family+history.&location=2525+Oakley+Seaver+Dr%2C+Clermont%2C+FL%2C+34711%2C+United+States&trp=false&sprop=https%3A%2F%2Fwordpress-810691-5571285.cloudwaysapps.com%2Fevents%2Fresearch-assistance-2025-08-27-2025-09-03-2025-09-10-2025-09-17-2025-09-24-2025-10-01-2025-10-08-2025-10-15-2025-10-22-2025-10-29-2025-11-05-2025-11-12-2025-11-19-2025-11-26-2025-12-03-2-22-2026-04-29%2F&sprop=name:Pastfinders&ctz=America%2FNew_York HTTP/1.1" 302 0
DEBUG:charset_normalizer:Encoding detection: utf_8 is most likely the one.
DEBUG:urllib3.connectionpool:Starting new HTTPS connection (1): calendar.google.com:443
DEBUG:root:Extracted 403 characters, 68 words from https://wordpress-810691-5571285.cloudwaysapps.com/events/british-colonies-and-puerto-rico-research/
DEBUG:root:Checking external hyperlink: https://www.google.com/calendar/event?action=TEMPLATE&text=British+Colonies+and+Puerto+Rico+Research&dates=20250820T120000/20250820T130000&details=Presented+By+Carol+Landry-Fiske+%26amp%3B+Anjanette+MercerBy+registering+once%2C+you+will+receive+a+Zoom+link+in+your+email+a+few+days+before+the+chat+session.&location=&trp=false&sprop=https%3A%2F%2Fwordpress-810691-5571285.cloudwaysapps.com%2Fevents%2Fbritish-colonies-and-puerto-rico-research%2F&sprop=name:Pastfinders&ctz=America%2FNew_York
DEBUG:urllib3.connectionpool:Starting new HTTPS connection (1): www.google.com:443
DEBUG:root:✅ Document OK: https://pastfindersslc.org/upload/newsletters/Pastfinders_Newsletter__V28N4.pdf
DEBUG:root:Checking external document: https://pastfindersslc.org/upload/newsletters/201608V28N2.pdf
DEBUG:urllib3.connectionpool:Starting new HTTPS connection (1): pastfindersslc.org:443
DEBUG:urllib3.connectionpool:https://www.google.com:443 "GET /calendar/event?action=TEMPLATE&text=British+Colonies+and+Puerto+Rico+Research&dates=20250820T120000/20250820T130000&details=Presented+By+Carol+Landry-Fiske+%26amp%3B+Anjanette+MercerBy+registering+once%2C+you+will+receive+a+Zoom+link+in+your+email+a+few+days+before+the+chat+session.&location=&trp=false&sprop=https%3A%2F%2Fwordpress-810691-5571285.cloudwaysapps.com%2Fevents%2Fbritish-colonies-and-puerto-rico-research%2F&sprop=name:Pastfinders&ctz=America%2FNew_York HTTP/1.1" 302 0
DEBUG:urllib3.connectionpool:Starting new HTTPS connection (1): calendar.google.com:443
DEBUG:urllib3.connectionpool:https://calendar.google.com:443 "GET /calendar/event?action=TEMPLATE&text=Research+Assistance&dates=20260429T130000/20260429T150000&details=Join+us+weekly+in+the+Genealogy+Room+for+in-person+help+with+your+research.+It%E2%80%99s+a+great+chance+to+get+one-on-one+guidance,+ask+questions,+and+connect+with+others+who+share+your+passion+for+family+history.&location=2525+Oakley+Seaver+Dr,+Clermont,+FL,+34711,+United+States&trp=false&sprop=https://wordpress-810691-5571285.cloudwaysapps.com/events/research-assistance-2025-08-27-2025-09-03-2025-09-10-2025-09-17-2025-09-24-2025-10-01-2025-10-08-2025-10-15-2025-10-22-2025-10-29-2025-11-05-2025-11-12-2025-11-19-2025-11-26-2025-12-03-2-22-2026-04-29/&sprop=name:Pastfinders&ctz=America/New_York HTTP/1.1" 302 0
DEBUG:urllib3.connectionpool:https://wordpress-810691-5571285.cloudwaysapps.com:443 "GET /wp-content/uploads/2025/08/IMG_0010_3_1606257144-1024x707.webp HTTP/1.1" 200 52094
DEBUG:urllib3.connectionpool:Starting new HTTPS connection (1): accounts.google.com:443
DEBUG:urllib3.connectionpool:https://pastfindersslc.org:443 "GET /upload/newsletters/201608V28N2.pdf HTTP/1.1" 200 1900572
DEBUG:root:✅ Image OK: https://wordpress-810691-5571285.cloudwaysapps.com/wp-content/uploads/2025/08/IMG_0010_3_1606257144-1024x707.webp
DEBUG:root:Checking internal image: https://wordpress-810691-5571285.cloudwaysapps.com/wp-content/uploads/2025/08/IMG_0012_5_Vivid_shr_1606257492-1-625x1024.webp
DEBUG:urllib3.connectionpool:Starting new HTTPS connection (1): wordpress-810691-5571285.cloudwaysapps.com:443
DEBUG:urllib3.connectionpool:https://accounts.google.com:443 "GET /ServiceLogin?service=cl&passive=1209600&osid=1&continue=https://calendar.google.com/calendar/event?action%3DTEMPLATE%26text%3DResearch%2BAssistance%26dates%3D20260429T130000/20260429T150000%26details%3DJoin%2Bus%2Bweekly%2Bin%2Bthe%2BGenealogy%2BRoom%2Bfor%2Bin-person%2Bhelp%2Bwith%2Byour%2Bresearch.%2BIt%25E2%2580%2599s%2Ba%2Bgreat%2Bchance%2Bto%2Bget%2Bone-on-one%2Bguidance,%2Bask%2Bquestions,%2Band%2Bconnect%2Bwith%2Bothers%2Bwho%2Bshare%2Byour%2Bpassion%2Bfor%2Bfamily%2Bhistory.%26location%3D2525%2BOakley%2BSeaver%2BDr,%2BClermont,%2BFL,%2B34711,%2BUnited%2BStates%26trp%3Dfalse%26sprop%3Dhttps://wordpress-810691-5571285.cloudwaysapps.com/events/research-assistance-2025-08-27-2025-09-03-2025-09-10-2025-09-17-2025-09-24-2025-10-01-2025-10-08-2025-10-15-2025-10-22-2025-10-29-2025-11-05-2025-11-12-2025-11-19-2025-11-26-2025-12-03-2-22-2026-04-29/%26sprop%3Dname:Pastfinders%26ctz%3DAmerica/New_York&followup=https://calendar.google.com/calendar/event?action%3DTEMPLATE%26text%3DResearch%2BAssistance%26dates%3D20260429T130000/20260429T150000%26details%3DJoin%2Bus%2Bweekly%2Bin%2Bthe%2BGenealogy%2BRoom%2Bfor%2Bin-person%2Bhelp%2Bwith%2Byour%2Bresearch.%2BIt%25E2%2580%2599s%2Ba%2Bgreat%2Bchance%2Bto%2Bget%2Bone-on-one%2Bguidance,%2Bask%2Bquestions,%2Band%2Bconnect%2Bwith%2Bothers%2Bwho%2Bshare%2Byour%2Bpassion%2Bfor%2Bfamily%2Bhistory.%26location%3D2525%2BOakley%2BSeaver%2BDr,%2BClermont,%2BFL,%2B34711,%2BUnited%2BStates%26trp%3Dfalse%26sprop%3Dhttps://wordpress-810691-5571285.cloudwaysapps.com/events/research-assistance-2025-08-27-2025-09-03-2025-09-10-2025-09-17-2025-09-24-2025-10-01-2025-10-08-2025-10-15-2025-10-22-2025-10-29-2025-11-05-2025-11-12-2025-11-19-2025-11-26-2025-12-03-2-22-2026-04-29/%26sprop%3Dname:Pastfinders%26ctz%3DAmerica/New_York&emr=1 HTTP/1.1" 302 0
DEBUG:urllib3.connectionpool:https://calendar.google.com:443 "GET /calendar/event?action=TEMPLATE&text=British+Colonies+and+Puerto+Rico+Research&dates=20250820T120000/20250820T130000&details=Presented+By+Carol+Landry-Fiske+%26amp;+Anjanette+MercerBy+registering+once,+you+will+receive+a+Zoom+link+in+your+email+a+few+days+before+the+chat+session.&location&trp=false&sprop=https://wordpress-810691-5571285.cloudwaysapps.com/events/british-colonies-and-puerto-rico-research/&sprop=name:Pastfinders&ctz=America/New_York HTTP/1.1" 302 0
DEBUG:urllib3.connectionpool:Starting new HTTPS connection (1): accounts.google.com:443
DEBUG:urllib3.connectionpool:https://accounts.google.com:443 "GET /InteractiveLogin?continue=https://calendar.google.com/calendar/event?action%3DTEMPLATE%26text%3DResearch%2BAssistance%26dates%3D20260429T130000/20260429T150000%26details%3DJoin%2Bus%2Bweekly%2Bin%2Bthe%2BGenealogy%2BRoom%2Bfor%2Bin-person%2Bhelp%2Bwith%2Byour%2Bresearch.%2BIt%25E2%2580%2599s%2Ba%2Bgreat%2Bchance%2Bto%2Bget%2Bone-on-one%2Bguidance,%2Bask%2Bquestions,%2Band%2Bconnect%2Bwith%2Bothers%2Bwho%2Bshare%2Byour%2Bpassion%2Bfor%2Bfamily%2Bhistory.%26location%3D2525%2BOakley%2BSeaver%2BDr,%2BClermont,%2BFL,%2B34711,%2BUnited%2BStates%26trp%3Dfalse%26sprop%3Dhttps://wordpress-810691-5571285.cloudwaysapps.com/events/research-assistance-2025-08-27-2025-09-03-2025-09-10-2025-09-17-2025-09-24-2025-10-01-2025-10-08-2025-10-15-2025-10-22-2025-10-29-2025-11-05-2025-11-12-2025-11-19-2025-11-26-2025-12-03-2-22-2026-04-29/%26sprop%3Dname:Pastfinders%26ctz%3DAmerica/New_York&emr=1&followup=https://calendar.google.com/calendar/event?action%3DTEMPLATE%26text%3DResearch%2BAssistance%26dates%3D20260429T130000/20260429T150000%26details%3DJoin%2Bus%2Bweekly%2Bin%2Bthe%2BGenealogy%2BRoom%2Bfor%2Bin-person%2Bhelp%2Bwith%2Byour%2Bresearch.%2BIt%25E2%2580%2599s%2Ba%2Bgreat%2Bchance%2Bto%2Bget%2Bone-on-one%2Bguidance,%2Bask%2Bquestions,%2Band%2Bconnect%2Bwith%2Bothers%2Bwho%2Bshare%2Byour%2Bpassion%2Bfor%2Bfamily%2Bhistory.%26location%3D2525%2BOakley%2BSeaver%2BDr,%2BClermont,%2BFL,%2B34711,%2BUnited%2BStates%26trp%3Dfalse%26sprop%3Dhttps://wordpress-810691-5571285.cloudwaysapps.com/events/research-assistance-2025-08-27-2025-09-03-2025-09-10-2025-09-17-2025-09-24-2025-10-01-2025-10-08-2025-10-15-2025-10-22-2025-10-29-2025-11-05-2025-11-12-2025-11-19-2025-11-26-2025-12-03-2-22-2026-04-29/%26sprop%3Dname:Pastfinders%26ctz%3DAmerica/New_York&osid=1&passive=1209600&service=cl&ifkv=AdBytiMqR5iqsf90qJkoRb1D9tuiJi3NI-75OQHyDmRmT6_HSg0TJn0Ir6QhqngqYe4IuphQbHWCPw HTTP/1.1" 302 None
DEBUG:urllib3.connectionpool:https://accounts.google.com:443 "GET /v3/signin/identifier?continue=https%3A%2F%2Fcalendar.google.com%2Fcalendar%2Fevent%3Faction%3DTEMPLATE%26text%3DResearch%2BAssistance%26dates%3D20260429T130000%2F20260429T150000%26details%3DJoin%2Bus%2Bweekly%2Bin%2Bthe%2BGenealogy%2BRoom%2Bfor%2Bin-person%2Bhelp%2Bwith%2Byour%2Bresearch.%2BIt%25E2%2580%2599s%2Ba%2Bgreat%2Bchance%2Bto%2Bget%2Bone-on-one%2Bguidance%2C%2Bask%2Bquestions%2C%2Band%2Bconnect%2Bwith%2Bothers%2Bwho%2Bshare%2Byour%2Bpassion%2Bfor%2Bfamily%2Bhistory.%26location%3D2525%2BOakley%2BSeaver%2BDr%2C%2BClermont%2C%2BFL%2C%2B34711%2C%2BUnited%2BStates%26trp%3Dfalse%26sprop%3Dhttps%3A%2F%2Fwordpress-810691-5571285.cloudwaysapps.com%2Fevents%2Fresearch-assistance-2025-08-27-2025-09-03-2025-09-10-2025-09-17-2025-09-24-2025-10-01-2025-10-08-2025-10-15-2025-10-22-2025-10-29-2025-11-05-2025-11-12-2025-11-19-2025-11-26-2025-12-03-2-22-2026-04-29%2F%26sprop%3Dname%3APastfinders%26ctz%3DAmerica%2FNew_York&emr=1&followup=https%3A%2F%2Fcalendar.google.com%2Fcalendar%2Fevent%3Faction%3DTEMPLATE%26text%3DResearch%2BAssistance%26dates%3D20260429T130000%2F20260429T150000%26details%3DJoin%2Bus%2Bweekly%2Bin%2Bthe%2BGenealogy%2BRoom%2Bfor%2Bin-person%2Bhelp%2Bwith%2Byour%2Bresearch.%2BIt%25E2%2580%2599s%2Ba%2Bgreat%2Bchance%2Bto%2Bget%2Bone-on-one%2Bguidance%2C%2Bask%2Bquestions%2C%2Band%2Bconnect%2Bwith%2Bothers%2Bwho%2Bshare%2Byour%2Bpassion%2Bfor%2Bfamily%2Bhistory.%26location%3D2525%2BOakley%2BSeaver%2BDr%2C%2BClermont%2C%2BFL%2C%2B34711%2C%2BUnited%2BStates%26trp%3Dfalse%26sprop%3Dhttps%3A%2F%2Fwordpress-810691-5571285.cloudwaysapps.com%2Fevents%2Fresearch-assistance-2025-08-27-2025-09-03-2025-09-10-2025-09-17-2025-09-24-2025-10-01-2025-10-08-2025-10-15-2025-10-22-2025-10-29-2025-11-05-2025-11-12-2025-11-19-2025-11-26-2025-12-03-2-22-2026-04-29%2F%26sprop%3Dname%3APastfinders%26ctz%3DAmerica%2FNew_York&ifkv=AdBytiO3U8pOeMCEBSGzuw6aNnLJzp6xhIGV-6jXhcKFV_9pEOdsqnlQceB86Lv9zyVJud8tmvKYLA&osid=1&passive=1209600&service=cl&flowName=WebLiteSignIn&flowEntry=ServiceLogin&dsh=S-1926475839%3A1756758193965846 HTTP/1.1" 200 None
DEBUG:root:✅ Document OK: https://pastfindersslc.org/upload/newsletters/201608V28N2.pdf
DEBUG:root:Checking external document: https://pastfindersslc.org/upload/newsletters/201602V28N1.pdf
DEBUG:urllib3.connectionpool:Starting new HTTPS connection (1): pastfindersslc.org:443
DEBUG:urllib3.connectionpool:https://wordpress-810691-5571285.cloudwaysapps.com:443 "GET /wp-content/uploads/2025/08/IMG_0012_5_Vivid_shr_1606257492-1-625x1024.webp HTTP/1.1" 200 66436
DEBUG:urllib3.connectionpool:https://accounts.google.com:443 "GET /ServiceLogin?service=cl&passive=1209600&osid=1&continue=https://calendar.google.com/calendar/event?action%3DTEMPLATE%26text%3DBritish%2BColonies%2Band%2BPuerto%2BRico%2BResearch%26dates%3D20250820T120000/20250820T130000%26details%3DPresented%2BBy%2BCarol%2BLandry-Fiske%2B%2526amp;%2BAnjanette%2BMercerBy%2Bregistering%2Bonce,%2Byou%2Bwill%2Breceive%2Ba%2BZoom%2Blink%2Bin%2Byour%2Bemail%2Ba%2Bfew%2Bdays%2Bbefore%2Bthe%2Bchat%2Bsession.%26location%26trp%3Dfalse%26sprop%3Dhttps://wordpress-810691-5571285.cloudwaysapps.com/events/british-colonies-and-puerto-rico-research/%26sprop%3Dname:Pastfinders%26ctz%3DAmerica/New_York&followup=https://calendar.google.com/calendar/event?action%3DTEMPLATE%26text%3DBritish%2BColonies%2Band%2BPuerto%2BRico%2BResearch%26dates%3D20250820T120000/20250820T130000%26details%3DPresented%2BBy%2BCarol%2BLandry-Fiske%2B%2526amp;%2BAnjanette%2BMercerBy%2Bregistering%2Bonce,%2Byou%2Bwill%2Breceive%2Ba%2BZoom%2Blink%2Bin%2Byour%2Bemail%2Ba%2Bfew%2Bdays%2Bbefore%2Bthe%2Bchat%2Bsession.%26location%26trp%3Dfalse%26sprop%3Dhttps://wordpress-810691-5571285.cloudwaysapps.com/events/british-colonies-and-puerto-rico-research/%26sprop%3Dname:Pastfinders%26ctz%3DAmerica/New_York&emr=1 HTTP/1.1" 302 0
DEBUG:root:✅ Hyperlink OK: https://www.google.com/calendar/event?action=TEMPLATE&text=Research+Assistance&dates=20260429T130000/20260429T150000&details=Join+us+weekly+in+the+Genealogy+Room+for+in-person+help+with+your+research.+It%E2%80%99s+a+great+chance+to+get+one-on-one+guidance%2C+ask+questions%2C+and+connect+with+others+who+share+your+passion+for+family+history.&location=2525+Oakley+Seaver+Dr%2C+Clermont%2C+FL%2C+34711%2C+United+States&trp=false&sprop=https%3A%2F%2Fwordpress-810691-5571285.cloudwaysapps.com%2Fevents%2Fresearch-assistance-2025-08-27-2025-09-03-2025-09-10-2025-09-17-2025-09-24-2025-10-01-2025-10-08-2025-10-15-2025-10-22-2025-10-29-2025-11-05-2025-11-12-2025-11-19-2025-11-26-2025-12-03-2-22-2026-04-29%2F&sprop=name:Pastfinders&ctz=America%2FNew_York
DEBUG:root:Checking external hyperlink: https://outlook.office.com/calendar/0/deeplink/compose?allday=false&body=Join+us+weekly+in+the+Genealogy+Room+for+in-person+help+with+your+research.+It%E2%80%99s+a+great+chance+to+get+one-on-one+guidance%2C+ask+questions%2C+and+connect+with+others+who+share+your+passion+for+family+history.&location=2525+Oakley+Seaver+Dr%2C+Clermont%2C+FL%2C+34711%2C+United+States&path=/calendar/action/compose&rru=addevent&startdt=2026-04-29T13%3A00%3A00-04%3A00&enddt=2026-04-29T15%3A00%3A00-04%3A00&subject=Research+Assistance
DEBUG:urllib3.connectionpool:Starting new HTTPS connection (1): outlook.office.com:443
DEBUG:root:✅ Image OK: https://wordpress-810691-5571285.cloudwaysapps.com/wp-content/uploads/2025/08/IMG_0012_5_Vivid_shr_1606257492-1-625x1024.webp
DEBUG:root:Checking internal image: https://wordpress-810691-5571285.cloudwaysapps.com/wp-content/uploads/2025/08/IMG_0004_4_Vivid_shr_1606256736-1024x825.webp
DEBUG:urllib3.connectionpool:Starting new HTTPS connection (1): wordpress-810691-5571285.cloudwaysapps.com:443
DEBUG:urllib3.connectionpool:https://accounts.google.com:443 "GET /InteractiveLogin?continue=https://calendar.google.com/calendar/event?action%3DTEMPLATE%26text%3DBritish%2BColonies%2Band%2BPuerto%2BRico%2BResearch%26dates%3D20250820T120000/20250820T130000%26details%3DPresented%2BBy%2BCarol%2BLandry-Fiske%2B%2526amp;%2BAnjanette%2BMercerBy%2Bregistering%2Bonce,%2Byou%2Bwill%2Breceive%2Ba%2BZoom%2Blink%2Bin%2Byour%2Bemail%2Ba%2Bfew%2Bdays%2Bbefore%2Bthe%2Bchat%2Bsession.%26location%26trp%3Dfalse%26sprop%3Dhttps://wordpress-810691-5571285.cloudwaysapps.com/events/british-colonies-and-puerto-rico-research/%26sprop%3Dname:Pastfinders%26ctz%3DAmerica/New_York&emr=1&followup=https://calendar.google.com/calendar/event?action%3DTEMPLATE%26text%3DBritish%2BColonies%2Band%2BPuerto%2BRico%2BResearch%26dates%3D20250820T120000/20250820T130000%26details%3DPresented%2BBy%2BCarol%2BLandry-Fiske%2B%2526amp;%2BAnjanette%2BMercerBy%2Bregistering%2Bonce,%2Byou%2Bwill%2Breceive%2Ba%2BZoom%2Blink%2Bin%2Byour%2Bemail%2Ba%2Bfew%2Bdays%2Bbefore%2Bthe%2Bchat%2Bsession.%26location%26trp%3Dfalse%26sprop%3Dhttps://wordpress-810691-5571285.cloudwaysapps.com/events/british-colonies-and-puerto-rico-research/%26sprop%3Dname:Pastfinders%26ctz%3DAmerica/New_York&osid=1&passive=1209600&service=cl&ifkv=AdBytiN1b_GrLXdK0i24KUcEbhC6VuHSzPAHZqBtVCpDWhjMLqLieouKsDyaF9Lk_5IDKudG-7wJ HTTP/1.1" 302 None
DEBUG:urllib3.connectionpool:https://pastfindersslc.org:443 "GET /upload/newsletters/201602V28N1.pdf HTTP/1.1" 200 1438612
DEBUG:urllib3.connectionpool:https://accounts.google.com:443 "GET /v3/signin/identifier?continue=https%3A%2F%2Fcalendar.google.com%2Fcalendar%2Fevent%3Faction%3DTEMPLATE%26text%3DBritish%2BColonies%2Band%2BPuerto%2BRico%2BResearch%26dates%3D20250820T120000%2F20250820T130000%26details%3DPresented%2BBy%2BCarol%2BLandry-Fiske%2B%2526amp%3B%2BAnjanette%2BMercerBy%2Bregistering%2Bonce%2C%2Byou%2Bwill%2Breceive%2Ba%2BZoom%2Blink%2Bin%2Byour%2Bemail%2Ba%2Bfew%2Bdays%2Bbefore%2Bthe%2Bchat%2Bsession.%26location%26trp%3Dfalse%26sprop%3Dhttps%3A%2F%2Fwordpress-810691-5571285.cloudwaysapps.com%2Fevents%2Fbritish-colonies-and-puerto-rico-research%2F%26sprop%3Dname%3APastfinders%26ctz%3DAmerica%2FNew_York&emr=1&followup=https%3A%2F%2Fcalendar.google.com%2Fcalendar%2Fevent%3Faction%3DTEMPLATE%26text%3DBritish%2BColonies%2Band%2BPuerto%2BRico%2BResearch%26dates%3D20250820T120000%2F20250820T130000%26details%3DPresented%2BBy%2BCarol%2BLandry-Fiske%2B%2526amp%3B%2BAnjanette%2BMercerBy%2Bregistering%2Bonce%2C%2Byou%2Bwill%2Breceive%2Ba%2BZoom%2Blink%2Bin%2Byour%2Bemail%2Ba%2Bfew%2Bdays%2Bbefore%2Bthe%2Bchat%2Bsession.%26location%26trp%3Dfalse%26sprop%3Dhttps%3A%2F%2Fwordpress-810691-5571285.cloudwaysapps.com%2Fevents%2Fbritish-colonies-and-puerto-rico-research%2F%26sprop%3Dname%3APastfinders%26ctz%3DAmerica%2FNew_York&ifkv=AdBytiM_vhTdpAu97HF37ZCd3S4HFvioEUeh4wLG3GtW8chMHsCEUX9KygzPwOMOYrYBS544yYxL&osid=1&passive=1209600&service=cl&flowName=WebLiteSignIn&flowEntry=ServiceLogin&dsh=S2131731407%3A1756758194183188 HTTP/1.1" 200 None
DEBUG:urllib3.connectionpool:https://outlook.office.com:443 "GET /calendar/0/deeplink/compose?allday=false&body=Join+us+weekly+in+the+Genealogy+Room+for+in-person+help+with+your+research.+It%E2%80%99s+a+great+chance+to+get+one-on-one+guidance%2C+ask+questions%2C+and+connect+with+others+who+share+your+passion+for+family+history.&location=2525+Oakley+Seaver+Dr%2C+Clermont%2C+FL%2C+34711%2C+United+States&path=/calendar/action/compose&rru=addevent&startdt=2026-04-29T13%3A00%3A00-04%3A00&enddt=2026-04-29T15%3A00%3A00-04%3A00&subject=Research+Assistance HTTP/1.1" 200 None
DEBUG:root:✅ Hyperlink OK: https://outlook.office.com/calendar/0/deeplink/compose?allday=false&body=Join+us+weekly+in+the+Genealogy+Room+for+in-person+help+with+your+research.+It%E2%80%99s+a+great+chance+to+get+one-on-one+guidance%2C+ask+questions%2C+and+connect+with+others+who+share+your+passion+for+family+history.&location=2525+Oakley+Seaver+Dr%2C+Clermont%2C+FL%2C+34711%2C+United+States&path=/calendar/action/compose&rru=addevent&startdt=2026-04-29T13%3A00%3A00-04%3A00&enddt=2026-04-29T15%3A00%3A00-04%3A00&subject=Research+Assistance
DEBUG:root:Checking external hyperlink: https://outlook.live.com/calendar/0/deeplink/compose?allday=false&body=Join+us+weekly+in+the+Genealogy+Room+for+in-person+help+with+your+research.+It%E2%80%99s+a+great+chance+to+get+one-on-one+guidance%2C+ask+questions%2C+and+connect+with+others+who+share+your+passion+for+family+history.&location=2525+Oakley+Seaver+Dr%2C+Clermont%2C+FL%2C+34711%2C+United+States&path=/calendar/action/compose&rru=addevent&startdt=2026-04-29T13%3A00%3A00-04%3A00&enddt=2026-04-29T15%3A00%3A00-04%3A00&subject=Research+Assistance
DEBUG:urllib3.connectionpool:Starting new HTTPS connection (1): outlook.live.com:443
DEBUG:root:✅ Hyperlink OK: https://www.google.com/calendar/event?action=TEMPLATE&text=British+Colonies+and+Puerto+Rico+Research&dates=20250820T120000/20250820T130000&details=Presented+By+Carol+Landry-Fiske+%26amp%3B+Anjanette+MercerBy+registering+once%2C+you+will+receive+a+Zoom+link+in+your+email+a+few+days+before+the+chat+session.&location=&trp=false&sprop=https%3A%2F%2Fwordpress-810691-5571285.cloudwaysapps.com%2Fevents%2Fbritish-colonies-and-puerto-rico-research%2F&sprop=name:Pastfinders&ctz=America%2FNew_York
DEBUG:root:Checking external hyperlink: https://outlook.office.com/calendar/0/deeplink/compose?allday=false&body=Presented+By+Carol+Landry-Fiske+%26amp%3B+Anjanette+MercerBy+registering+once%2C+you+will+receive+a+Zoom+link+in+your+email+a+few+days+before+the+chat+session.&location=&path=/calendar/action/compose&rru=addevent&startdt=2025-08-20T12%3A00%3A00-04%3A00&enddt=2025-08-20T13%3A00%3A00-04%3A00&subject=British+Colonies+and+Puerto+Rico+Research
DEBUG:urllib3.connectionpool:Starting new HTTPS connection (1): outlook.office.com:443
DEBUG:urllib3.connectionpool:https://wordpress-810691-5571285.cloudwaysapps.com:443 "GET /wp-content/uploads/2025/08/IMG_0004_4_Vivid_shr_1606256736-1024x825.webp HTTP/1.1" 200 82952
DEBUG:urllib3.connectionpool:https://wordpress-810691-5571285.cloudwaysapps.com:443 "GET /subject/genealogy-resources/ HTTP/1.1" 404 None
DEBUG:root:✅ Image OK: https://wordpress-810691-5571285.cloudwaysapps.com/wp-content/uploads/2025/08/IMG_0004_4_Vivid_shr_1606256736-1024x825.webp
DEBUG:root:Checking internal image: https://wordpress-810691-5571285.cloudwaysapps.com/wp-content/uploads/2025/08/IMG_0013_2_Vivid_shr_1606257492-1.webp
DEBUG:urllib3.connectionpool:Starting new HTTPS connection (1): wordpress-810691-5571285.cloudwaysapps.com:443
WARNING:root:❌ HTTP 404 for https://wordpress-810691-5571285.cloudwaysapps.com/subject/genealogy-resources/ - Not Found
DEBUG:root:Attempting to fetch: https://wordpress-810691-5571285.cloudwaysapps.com/events/research-assistance-2025-08-27-2025-09-03-2025-09-10-2025-09-17-2025-09-24-2025-10-01-2025-10-08-2025-10-15-2025-10-22/
Processing pages:  28%|██▊       | 108/381 [01:10<03:35,  1.27it/s]DEBUG:urllib3.connectionpool:https://outlook.live.com:443 "GET /calendar/0/deeplink/compose?allday=false&body=Join+us+weekly+in+the+Genealogy+Room+for+in-person+help+with+your+research.+It%E2%80%99s+a+great+chance+to+get+one-on-one+guidance%2C+ask+questions%2C+and+connect+with+others+who+share+your+passion+for+family+history.&location=2525+Oakley+Seaver+Dr%2C+Clermont%2C+FL%2C+34711%2C+United+States&path=/calendar/action/compose&rru=addevent&startdt=2026-04-29T13%3A00%3A00-04%3A00&enddt=2026-04-29T15%3A00%3A00-04%3A00&subject=Research+Assistance HTTP/1.1" 200 None
DEBUG:root:✅ Hyperlink OK: https://outlook.live.com/calendar/0/deeplink/compose?allday=false&body=Join+us+weekly+in+the+Genealogy+Room+for+in-person+help+with+your+research.+It%E2%80%99s+a+great+chance+to+get+one-on-one+guidance%2C+ask+questions%2C+and+connect+with+others+who+share+your+passion+for+family+history.&location=2525+Oakley+Seaver+Dr%2C+Clermont%2C+FL%2C+34711%2C+United+States&path=/calendar/action/compose&rru=addevent&startdt=2026-04-29T13%3A00%3A00-04%3A00&enddt=2026-04-29T15%3A00%3A00-04%3A00&subject=Research+Assistance
DEBUG:root:Using regex pattern: \b[a-zA-Z]{3,}\b
DEBUG:root:Found 58 words to check in https://wordpress-810691-5571285.cloudwaysapps.com/events/research-assistance-2025-08-27-2025-09-03-2025-09-10-2025-09-17-2025-09-24-2025-10-01-2025-10-08-2025-10-15-2025-10-22-2025-10-29-2025-11-05-2025-11-12-2025-11-19-2025-11-26-2025-12-03-2-22-2026-04-29/ (min_length=3)
DEBUG:root:Sample words from https://wordpress-810691-5571285.cloudwaysapps.com/events/research-assistance-2025-08-27-2025-09-03-2025-09-10-2025-09-17-2025-09-24-2025-10-01-2025-10-08-2025-10-15-2025-10-22-2025-10-29-2025-11-05-2025-11-12-2025-11-19-2025-11-26-2025-12-03-2-22-2026-04-29/: ['This', 'alert', 'Skip', 'content', 'Research', 'Assistance', 'When', 'April', 'Add', 'Calendar']
DEBUG:root:Spell check results for https://wordpress-810691-5571285.cloudwaysapps.com/events/research-assistance-2025-08-27-2025-09-03-2025-09-10-2025-09-17-2025-09-24-2025-10-01-2025-10-08-2025-10-15-2025-10-22-2025-10-29-2025-11-05-2025-11-12-2025-11-19-2025-11-26-2025-12-03-2-22-2026-04-29/: 30 words checked, 28 skipped, 0 errors found
INFO:root:✅ Processed https://wordpress-810691-5571285.cloudwaysapps.com/events/research-assistance-2025-08-27-2025-09-03-2025-09-10-2025-09-17-2025-09-24-2025-10-01-2025-10-08-2025-10-15-2025-10-22-2025-10-29-2025-11-05-2025-11-12-2025-11-19-2025-11-26-2025-12-03-2-22-2026-04-29/: 0 errors found, 85 words checked
DEBUG:root:Attempting to fetch: https://wordpress-810691-5571285.cloudwaysapps.com/membership-login/membership-profile/
DEBUG:urllib3.connectionpool:https://outlook.office.com:443 "GET /calendar/0/deeplink/compose?allday=false&body=Presented+By+Carol+Landry-Fiske+%26amp%3B+Anjanette+MercerBy+registering+once%2C+you+will+receive+a+Zoom+link+in+your+email+a+few+days+before+the+chat+session.&location=&path=/calendar/action/compose&rru=addevent&startdt=2025-08-20T12%3A00%3A00-04%3A00&enddt=2025-08-20T13%3A00%3A00-04%3A00&subject=British+Colonies+and+Puerto+Rico+Research HTTP/1.1" 200 None
DEBUG:root:✅ Hyperlink OK: https://outlook.office.com/calendar/0/deeplink/compose?allday=false&body=Presented+By+Carol+Landry-Fiske+%26amp%3B+Anjanette+MercerBy+registering+once%2C+you+will+receive+a+Zoom+link+in+your+email+a+few+days+before+the+chat+session.&location=&path=/calendar/action/compose&rru=addevent&startdt=2025-08-20T12%3A00%3A00-04%3A00&enddt=2025-08-20T13%3A00%3A00-04%3A00&subject=British+Colonies+and+Puerto+Rico+Research
DEBUG:root:Checking external hyperlink: https://outlook.live.com/calendar/0/deeplink/compose?allday=false&body=Presented+By+Carol+Landry-Fiske+%26amp%3B+Anjanette+MercerBy+registering+once%2C+you+will+receive+a+Zoom+link+in+your+email+a+few+days+before+the+chat+session.&location=&path=/calendar/action/compose&rru=addevent&startdt=2025-08-20T12%3A00%3A00-04%3A00&enddt=2025-08-20T13%3A00%3A00-04%3A00&subject=British+Colonies+and+Puerto+Rico+Research
DEBUG:urllib3.connectionpool:Starting new HTTPS connection (1): outlook.live.com:443
DEBUG:urllib3.connectionpool:https://wordpress-810691-5571285.cloudwaysapps.com:443 "GET /events/research-assistance-2025-08-27-2025-09-03-2025-09-10-2025-09-17-2025-09-24-2025-10-01-2025-10-08-2025-10-15-2025-10-22/ HTTP/1.1" 200 None
DEBUG:root:Successfully fetched https://wordpress-810691-5571285.cloudwaysapps.com/events/research-assistance-2025-08-27-2025-09-03-2025-09-10-2025-09-17-2025-09-24-2025-10-01-2025-10-08-2025-10-15-2025-10-22/ (Content-Length: 43149)
DEBUG:charset_normalizer:Encoding detection: utf_8 is most likely the one.
DEBUG:root:Extracted 491 characters, 85 words from https://wordpress-810691-5571285.cloudwaysapps.com/events/research-assistance-2025-08-27-2025-09-03-2025-09-10-2025-09-17-2025-09-24-2025-10-01-2025-10-08-2025-10-15-2025-10-22/
DEBUG:root:Checking external hyperlink: https://www.google.com/calendar/event?action=TEMPLATE&text=Research+Assistance&dates=20251022T130000/20251022T150000&details=Join+us+weekly+in+the+Genealogy+Room+for+in-person+help+with+your+research.+It%E2%80%99s+a+great+chance+to+get+one-on-one+guidance%2C+ask+questions%2C+and+connect+with+others+who+share+your+passion+for+family+history.&location=2525+Oakley+Seaver+Dr%2C+Clermont%2C+FL%2C+34711%2C+United+States&trp=false&sprop=https%3A%2F%2Fwordpress-810691-5571285.cloudwaysapps.com%2Fevents%2Fresearch-assistance-2025-08-27-2025-09-03-2025-09-10-2025-09-17-2025-09-24-2025-10-01-2025-10-08-2025-10-15-2025-10-22%2F&sprop=name:Pastfinders&ctz=America%2FNew_York
DEBUG:urllib3.connectionpool:Starting new HTTPS connection (1): www.google.com:443
DEBUG:urllib3.connectionpool:https://wordpress-810691-5571285.cloudwaysapps.com:443 "GET /membership-login/membership-profile/ HTTP/1.1" 200 None
DEBUG:root:Successfully fetched https://wordpress-810691-5571285.cloudwaysapps.com/membership-login/membership-profile/ (Content-Length: 37542)
DEBUG:charset_normalizer:Encoding detection: utf_8 is most likely the one.
DEBUG:root:Extracted 69 characters, 14 words from https://wordpress-810691-5571285.cloudwaysapps.com/membership-login/membership-profile/
DEBUG:root:Using regex pattern: \b[a-zA-Z]{3,}\b
DEBUG:root:Found 9 words to check in https://wordpress-810691-5571285.cloudwaysapps.com/membership-login/membership-profile/ (min_length=3)
DEBUG:root:Sample words from https://wordpress-810691-5571285.cloudwaysapps.com/membership-login/membership-profile/: ['This', 'alert', 'Skip', 'content', 'Profile', 'You', 'are', 'not', 'logged']
DEBUG:root:Spell check results for https://wordpress-810691-5571285.cloudwaysapps.com/membership-login/membership-profile/: 5 words checked, 4 skipped, 0 errors found
INFO:root:✅ Processed https://wordpress-810691-5571285.cloudwaysapps.com/membership-login/membership-profile/: 0 errors found, 14 words checked
DEBUG:root:Attempting to fetch: https://wordpress-810691-5571285.cloudwaysapps.com/libraries/complete-beginners-guide-to-genealogy-the-internet-your-genealogy-computer-program/
Processing pages:  29%|██▉       | 110/381 [01:10<02:06,  2.14it/s]DEBUG:urllib3.connectionpool:https://wordpress-810691-5571285.cloudwaysapps.com:443 "GET /wp-content/uploads/2025/08/IMG_0013_2_Vivid_shr_1606257492-1.webp HTTP/1.1" 200 92328
DEBUG:root:✅ Document OK: https://pastfindersslc.org/upload/newsletters/201602V28N1.pdf
DEBUG:root:Checking external document: https://pastfindersslc.org/upload/newsletters/201509V27N4.pdf
DEBUG:urllib3.connectionpool:Starting new HTTPS connection (1): pastfindersslc.org:443
DEBUG:urllib3.connectionpool:https://wordpress-810691-5571285.cloudwaysapps.com:443 "GET /libraries/complete-beginners-guide-to-genealogy-the-internet-your-genealogy-computer-program/ HTTP/1.1" 200 None
DEBUG:root:Successfully fetched https://wordpress-810691-5571285.cloudwaysapps.com/libraries/complete-beginners-guide-to-genealogy-the-internet-your-genealogy-computer-program/ (Content-Length: 36870)
DEBUG:urllib3.connectionpool:https://www.google.com:443 "GET /calendar/event?action=TEMPLATE&text=Research+Assistance&dates=20251022T130000/20251022T150000&details=Join+us+weekly+in+the+Genealogy+Room+for+in-person+help+with+your+research.+It%E2%80%99s+a+great+chance+to+get+one-on-one+guidance%2C+ask+questions%2C+and+connect+with+others+who+share+your+passion+for+family+history.&location=2525+Oakley+Seaver+Dr%2C+Clermont%2C+FL%2C+34711%2C+United+States&trp=false&sprop=https%3A%2F%2Fwordpress-810691-5571285.cloudwaysapps.com%2Fevents%2Fresearch-assistance-2025-08-27-2025-09-03-2025-09-10-2025-09-17-2025-09-24-2025-10-01-2025-10-08-2025-10-15-2025-10-22%2F&sprop=name:Pastfinders&ctz=America%2FNew_York HTTP/1.1" 302 0
DEBUG:charset_normalizer:Encoding detection: utf_8 is most likely the one.
DEBUG:urllib3.connectionpool:Starting new HTTPS connection (1): calendar.google.com:443
DEBUG:root:Extracted 151 characters, 25 words from https://wordpress-810691-5571285.cloudwaysapps.com/libraries/complete-beginners-guide-to-genealogy-the-internet-your-genealogy-computer-program/
DEBUG:root:Using regex pattern: \b[a-zA-Z]{3,}\b
DEBUG:root:Found 15 words to check in https://wordpress-810691-5571285.cloudwaysapps.com/libraries/complete-beginners-guide-to-genealogy-the-internet-your-genealogy-computer-program/ (min_length=3)
DEBUG:root:Sample words from https://wordpress-810691-5571285.cloudwaysapps.com/libraries/complete-beginners-guide-to-genealogy-the-internet-your-genealogy-computer-program/: ['This', 'alert', 'Skip', 'content', 'Complete', 'beginner', 'guide', 'Genealogy', 'the', 'Internet']
DEBUG:root:Spell check results for https://wordpress-810691-5571285.cloudwaysapps.com/libraries/complete-beginners-guide-to-genealogy-the-internet-your-genealogy-computer-program/: 7 words checked, 8 skipped, 0 errors found
INFO:root:✅ Processed https://wordpress-810691-5571285.cloudwaysapps.com/libraries/complete-beginners-guide-to-genealogy-the-internet-your-genealogy-computer-program/: 0 errors found, 25 words checked
DEBUG:root:Attempting to fetch: https://wordpress-810691-5571285.cloudwaysapps.com/events/family-book-creator-special-interest-group-sig-2027-01-25/
Processing pages:  29%|██▉       | 111/381 [01:10<01:41,  2.65it/s]DEBUG:root:✅ Image OK: https://wordpress-810691-5571285.cloudwaysapps.com/wp-content/uploads/2025/08/IMG_0013_2_Vivid_shr_1606257492-1.webp
DEBUG:root:Checking internal image: https://wordpress-810691-5571285.cloudwaysapps.com/wp-content/uploads/2025/08/IMG_0012_3_1606257300-644x1024.webp
DEBUG:urllib3.connectionpool:Starting new HTTPS connection (1): wordpress-810691-5571285.cloudwaysapps.com:443
DEBUG:urllib3.connectionpool:https://wordpress-810691-5571285.cloudwaysapps.com:443 "GET /events/family-book-creator-special-interest-group-sig-2027-01-25/ HTTP/1.1" 200 None
DEBUG:root:Successfully fetched https://wordpress-810691-5571285.cloudwaysapps.com/events/family-book-creator-special-interest-group-sig-2027-01-25/ (Content-Length: 42527)
DEBUG:charset_normalizer:Encoding detection: utf_8 is most likely the one.
DEBUG:root:Extracted 846 characters, 141 words from https://wordpress-810691-5571285.cloudwaysapps.com/events/family-book-creator-special-interest-group-sig-2027-01-25/
DEBUG:root:Checking external hyperlink: https://www.google.com/calendar/event?action=TEMPLATE&text=Family+Book+Creator+Special+Interest+Group+%28SIG%29&dates=20270125T190000/20270125T200000&details=This+group+grew+out+of+our+original+FBC+Study+Group%2C+a+joint+effort+between+Pastfinders+and+Kinseekers.+For+now%2C+membership+is+limited+to+participants+of+that+original+group%2C+but+we+hope+to+welcome+more+members+in+the+future.&location=&trp=false&sprop=https%3A%2F%2Fwordpress-810691-5571285.cloudwaysapps.com%2Fevents%2Ffamily-book-creator-special-interest-group-sig-2027-01-25%2F&sprop=name:Pastfinders&ctz=America%2FNew_York
DEBUG:urllib3.connectionpool:https://pastfindersslc.org:443 "GET /upload/newsletters/201509V27N4.pdf HTTP/1.1" 200 2183322
DEBUG:urllib3.connectionpool:Starting new HTTPS connection (1): www.google.com:443
DEBUG:urllib3.connectionpool:https://calendar.google.com:443 "GET /calendar/event?action=TEMPLATE&text=Research+Assistance&dates=20251022T130000/20251022T150000&details=Join+us+weekly+in+the+Genealogy+Room+for+in-person+help+with+your+research.+It%E2%80%99s+a+great+chance+to+get+one-on-one+guidance,+ask+questions,+and+connect+with+others+who+share+your+passion+for+family+history.&location=2525+Oakley+Seaver+Dr,+Clermont,+FL,+34711,+United+States&trp=false&sprop=https://wordpress-810691-5571285.cloudwaysapps.com/events/research-assistance-2025-08-27-2025-09-03-2025-09-10-2025-09-17-2025-09-24-2025-10-01-2025-10-08-2025-10-15-2025-10-22/&sprop=name:Pastfinders&ctz=America/New_York HTTP/1.1" 302 0
DEBUG:urllib3.connectionpool:Starting new HTTPS connection (1): accounts.google.com:443
DEBUG:urllib3.connectionpool:https://www.google.com:443 "GET /calendar/event?action=TEMPLATE&text=Family+Book+Creator+Special+Interest+Group+%28SIG%29&dates=20270125T190000/20270125T200000&details=This+group+grew+out+of+our+original+FBC+Study+Group%2C+a+joint+effort+between+Pastfinders+and+Kinseekers.+For+now%2C+membership+is+limited+to+participants+of+that+original+group%2C+but+we+hope+to+welcome+more+members+in+the+future.&location=&trp=false&sprop=https%3A%2F%2Fwordpress-810691-5571285.cloudwaysapps.com%2Fevents%2Ffamily-book-creator-special-interest-group-sig-2027-01-25%2F&sprop=name:Pastfinders&ctz=America%2FNew_York HTTP/1.1" 302 0
DEBUG:urllib3.connectionpool:Starting new HTTPS connection (1): calendar.google.com:443
DEBUG:urllib3.connectionpool:https://outlook.live.com:443 "GET /calendar/0/deeplink/compose?allday=false&body=Presented+By+Carol+Landry-Fiske+%26amp%3B+Anjanette+MercerBy+registering+once%2C+you+will+receive+a+Zoom+link+in+your+email+a+few+days+before+the+chat+session.&location=&path=/calendar/action/compose&rru=addevent&startdt=2025-08-20T12%3A00%3A00-04%3A00&enddt=2025-08-20T13%3A00%3A00-04%3A00&subject=British+Colonies+and+Puerto+Rico+Research HTTP/1.1" 200 None
DEBUG:urllib3.connectionpool:https://wordpress-810691-5571285.cloudwaysapps.com:443 "GET /wp-content/uploads/2025/08/IMG_0012_3_1606257300-644x1024.webp HTTP/1.1" 200 38192
DEBUG:root:✅ Image OK: https://wordpress-810691-5571285.cloudwaysapps.com/wp-content/uploads/2025/08/IMG_0012_3_1606257300-644x1024.webp
DEBUG:root:Checking internal image: https://wordpress-810691-5571285.cloudwaysapps.com/wp-content/uploads/2025/08/IMG_0012_8_Vivid_shr_1606257492-1-1024x605.webp
DEBUG:urllib3.connectionpool:Starting new HTTPS connection (1): wordpress-810691-5571285.cloudwaysapps.com:443
DEBUG:urllib3.connectionpool:https://accounts.google.com:443 "GET /ServiceLogin?service=cl&passive=1209600&osid=1&continue=https://calendar.google.com/calendar/event?action%3DTEMPLATE%26text%3DResearch%2BAssistance%26dates%3D20251022T130000/20251022T150000%26details%3DJoin%2Bus%2Bweekly%2Bin%2Bthe%2BGenealogy%2BRoom%2Bfor%2Bin-person%2Bhelp%2Bwith%2Byour%2Bresearch.%2BIt%25E2%2580%2599s%2Ba%2Bgreat%2Bchance%2Bto%2Bget%2Bone-on-one%2Bguidance,%2Bask%2Bquestions,%2Band%2Bconnect%2Bwith%2Bothers%2Bwho%2Bshare%2Byour%2Bpassion%2Bfor%2Bfamily%2Bhistory.%26location%3D2525%2BOakley%2BSeaver%2BDr,%2BClermont,%2BFL,%2B34711,%2BUnited%2BStates%26trp%3Dfalse%26sprop%3Dhttps://wordpress-810691-5571285.cloudwaysapps.com/events/research-assistance-2025-08-27-2025-09-03-2025-09-10-2025-09-17-2025-09-24-2025-10-01-2025-10-08-2025-10-15-2025-10-22/%26sprop%3Dname:Pastfinders%26ctz%3DAmerica/New_York&followup=https://calendar.google.com/calendar/event?action%3DTEMPLATE%26text%3DResearch%2BAssistance%26dates%3D20251022T130000/20251022T150000%26details%3DJoin%2Bus%2Bweekly%2Bin%2Bthe%2BGenealogy%2BRoom%2Bfor%2Bin-person%2Bhelp%2Bwith%2Byour%2Bresearch.%2BIt%25E2%2580%2599s%2Ba%2Bgreat%2Bchance%2Bto%2Bget%2Bone-on-one%2Bguidance,%2Bask%2Bquestions,%2Band%2Bconnect%2Bwith%2Bothers%2Bwho%2Bshare%2Byour%2Bpassion%2Bfor%2Bfamily%2Bhistory.%26location%3D2525%2BOakley%2BSeaver%2BDr,%2BClermont,%2BFL,%2B34711,%2BUnited%2BStates%26trp%3Dfalse%26sprop%3Dhttps://wordpress-810691-5571285.cloudwaysapps.com/events/research-assistance-2025-08-27-2025-09-03-2025-09-10-2025-09-17-2025-09-24-2025-10-01-2025-10-08-2025-10-15-2025-10-22/%26sprop%3Dname:Pastfinders%26ctz%3DAmerica/New_York&emr=1 HTTP/1.1" 302 0
DEBUG:root:✅ Document OK: https://pastfindersslc.org/upload/newsletters/201509V27N4.pdf
DEBUG:root:Checking external document: https://pastfindersslc.org/upload/newsletters/201506V27N3.pdf
DEBUG:urllib3.connectionpool:Starting new HTTPS connection (1): pastfindersslc.org:443
DEBUG:urllib3.connectionpool:https://accounts.google.com:443 "GET /InteractiveLogin?continue=https://calendar.google.com/calendar/event?action%3DTEMPLATE%26text%3DResearch%2BAssistance%26dates%3D20251022T130000/20251022T150000%26details%3DJoin%2Bus%2Bweekly%2Bin%2Bthe%2BGenealogy%2BRoom%2Bfor%2Bin-person%2Bhelp%2Bwith%2Byour%2Bresearch.%2BIt%25E2%2580%2599s%2Ba%2Bgreat%2Bchance%2Bto%2Bget%2Bone-on-one%2Bguidance,%2Bask%2Bquestions,%2Band%2Bconnect%2Bwith%2Bothers%2Bwho%2Bshare%2Byour%2Bpassion%2Bfor%2Bfamily%2Bhistory.%26location%3D2525%2BOakley%2BSeaver%2BDr,%2BClermont,%2BFL,%2B34711,%2BUnited%2BStates%26trp%3Dfalse%26sprop%3Dhttps://wordpress-810691-5571285.cloudwaysapps.com/events/research-assistance-2025-08-27-2025-09-03-2025-09-10-2025-09-17-2025-09-24-2025-10-01-2025-10-08-2025-10-15-2025-10-22/%26sprop%3Dname:Pastfinders%26ctz%3DAmerica/New_York&emr=1&followup=https://calendar.google.com/calendar/event?action%3DTEMPLATE%26text%3DResearch%2BAssistance%26dates%3D20251022T130000/20251022T150000%26details%3DJoin%2Bus%2Bweekly%2Bin%2Bthe%2BGenealogy%2BRoom%2Bfor%2Bin-person%2Bhelp%2Bwith%2Byour%2Bresearch.%2BIt%25E2%2580%2599s%2Ba%2Bgreat%2Bchance%2Bto%2Bget%2Bone-on-one%2Bguidance,%2Bask%2Bquestions,%2Band%2Bconnect%2Bwith%2Bothers%2Bwho%2Bshare%2Byour%2Bpassion%2Bfor%2Bfamily%2Bhistory.%26location%3D2525%2BOakley%2BSeaver%2BDr,%2BClermont,%2BFL,%2B34711,%2BUnited%2BStates%26trp%3Dfalse%26sprop%3Dhttps://wordpress-810691-5571285.cloudwaysapps.com/events/research-assistance-2025-08-27-2025-09-03-2025-09-10-2025-09-17-2025-09-24-2025-10-01-2025-10-08-2025-10-15-2025-10-22/%26sprop%3Dname:Pastfinders%26ctz%3DAmerica/New_York&osid=1&passive=1209600&service=cl&ifkv=AdBytiM2xf8XZ4WOKMhIJkTddZ0CwHTUwHclMFnLrE-eHXXnaDtNUbyPfFX3uuyTGbdvhDhU_6fO HTTP/1.1" 302 None
DEBUG:root:✅ Hyperlink OK: https://outlook.live.com/calendar/0/deeplink/compose?allday=false&body=Presented+By+Carol+Landry-Fiske+%26amp%3B+Anjanette+MercerBy+registering+once%2C+you+will+receive+a+Zoom+link+in+your+email+a+few+days+before+the+chat+session.&location=&path=/calendar/action/compose&rru=addevent&startdt=2025-08-20T12%3A00%3A00-04%3A00&enddt=2025-08-20T13%3A00%3A00-04%3A00&subject=British+Colonies+and+Puerto+Rico+Research
DEBUG:root:Using regex pattern: \b[a-zA-Z]{3,}\b
DEBUG:root:Found 49 words to check in https://wordpress-810691-5571285.cloudwaysapps.com/events/british-colonies-and-puerto-rico-research/ (min_length=3)
DEBUG:root:Sample words from https://wordpress-810691-5571285.cloudwaysapps.com/events/british-colonies-and-puerto-rico-research/: ['This', 'alert', 'Skip', 'content', 'British', 'Colonies', 'and', 'Puerto', 'Rico', 'Research']
DEBUG:root:Spell check results for https://wordpress-810691-5571285.cloudwaysapps.com/events/british-colonies-and-puerto-rico-research/: 18 words checked, 31 skipped, 0 errors found
INFO:root:✅ Processed https://wordpress-810691-5571285.cloudwaysapps.com/events/british-colonies-and-puerto-rico-research/: 0 errors found, 68 words checked
DEBUG:root:Attempting to fetch: https://wordpress-810691-5571285.cloudwaysapps.com/events/research-assistance-2025-08-27-2025-09-03-2025-09-10-2025-09-17-2025-09-24-2025-10-01-2025-10-08-2025-10-15-2025-10-22-2025-10-29-2025-11-05-2025-11-12-2025-11-19-2025-11-26-2025-12-03-2025-12-10/
Processing pages:  29%|██▉       | 112/381 [01:11<01:37,  2.75it/s]DEBUG:urllib3.connectionpool:https://calendar.google.com:443 "GET /calendar/event?action=TEMPLATE&text=Family+Book+Creator+Special+Interest+Group+(SIG)&dates=20270125T190000/20270125T200000&details=This+group+grew+out+of+our+original+FBC+Study+Group,+a+joint+effort+between+Pastfinders+and+Kinseekers.+For+now,+membership+is+limited+to+participants+of+that+original+group,+but+we+hope+to+welcome+more+members+in+the+future.&location&trp=false&sprop=https://wordpress-810691-5571285.cloudwaysapps.com/events/family-book-creator-special-interest-group-sig-2027-01-25/&sprop=name:Pastfinders&ctz=America/New_York HTTP/1.1" 302 0
DEBUG:urllib3.connectionpool:Starting new HTTPS connection (1): accounts.google.com:443
DEBUG:urllib3.connectionpool:https://wordpress-810691-5571285.cloudwaysapps.com:443 "GET /events/research-assistance-2025-08-27-2025-09-03-2025-09-10-2025-09-17-2025-09-24-2025-10-01-2025-10-08-2025-10-15-2025-10-22-2025-10-29-2025-11-05-2025-11-12-2025-11-19-2025-11-26-2025-12-03-2025-12-10/ HTTP/1.1" 200 None
DEBUG:root:Successfully fetched https://wordpress-810691-5571285.cloudwaysapps.com/events/research-assistance-2025-08-27-2025-09-03-2025-09-10-2025-09-17-2025-09-24-2025-10-01-2025-10-08-2025-10-15-2025-10-22-2025-10-29-2025-11-05-2025-11-12-2025-11-19-2025-11-26-2025-12-03-2025-12-10/ (Content-Length: 44154)
DEBUG:charset_normalizer:Encoding detection: utf_8 is most likely the one.
DEBUG:root:Extracted 492 characters, 85 words from https://wordpress-810691-5571285.cloudwaysapps.com/events/research-assistance-2025-08-27-2025-09-03-2025-09-10-2025-09-17-2025-09-24-2025-10-01-2025-10-08-2025-10-15-2025-10-22-2025-10-29-2025-11-05-2025-11-12-2025-11-19-2025-11-26-2025-12-03-2025-12-10/
DEBUG:root:Checking external hyperlink: https://www.google.com/calendar/event?action=TEMPLATE&text=Research+Assistance&dates=20251210T130000/20251210T150000&details=Join+us+weekly+in+the+Genealogy+Room+for+in-person+help+with+your+research.+It%E2%80%99s+a+great+chance+to+get+one-on-one+guidance%2C+ask+questions%2C+and+connect+with+others+who+share+your+passion+for+family+history.&location=2525+Oakley+Seaver+Dr%2C+Clermont%2C+FL%2C+34711%2C+United+States&trp=false&sprop=https%3A%2F%2Fwordpress-810691-5571285.cloudwaysapps.com%2Fevents%2Fresearch-assistance-2025-08-27-2025-09-03-2025-09-10-2025-09-17-2025-09-24-2025-10-01-2025-10-08-2025-10-15-2025-10-22-2025-10-29-2025-11-05-2025-11-12-2025-11-19-2025-11-26-2025-12-03-2025-12-10%2F&sprop=name:Pastfinders&ctz=America%2FNew_York
DEBUG:urllib3.connectionpool:https://accounts.google.com:443 "GET /v3/signin/identifier?continue=https%3A%2F%2Fcalendar.google.com%2Fcalendar%2Fevent%3Faction%3DTEMPLATE%26text%3DResearch%2BAssistance%26dates%3D20251022T130000%2F20251022T150000%26details%3DJoin%2Bus%2Bweekly%2Bin%2Bthe%2BGenealogy%2BRoom%2Bfor%2Bin-person%2Bhelp%2Bwith%2Byour%2Bresearch.%2BIt%25E2%2580%2599s%2Ba%2Bgreat%2Bchance%2Bto%2Bget%2Bone-on-one%2Bguidance%2C%2Bask%2Bquestions%2C%2Band%2Bconnect%2Bwith%2Bothers%2Bwho%2Bshare%2Byour%2Bpassion%2Bfor%2Bfamily%2Bhistory.%26location%3D2525%2BOakley%2BSeaver%2BDr%2C%2BClermont%2C%2BFL%2C%2B34711%2C%2BUnited%2BStates%26trp%3Dfalse%26sprop%3Dhttps%3A%2F%2Fwordpress-810691-5571285.cloudwaysapps.com%2Fevents%2Fresearch-assistance-2025-08-27-2025-09-03-2025-09-10-2025-09-17-2025-09-24-2025-10-01-2025-10-08-2025-10-15-2025-10-22%2F%26sprop%3Dname%3APastfinders%26ctz%3DAmerica%2FNew_York&emr=1&followup=https%3A%2F%2Fcalendar.google.com%2Fcalendar%2Fevent%3Faction%3DTEMPLATE%26text%3DResearch%2BAssistance%26dates%3D20251022T130000%2F20251022T150000%26details%3DJoin%2Bus%2Bweekly%2Bin%2Bthe%2BGenealogy%2BRoom%2Bfor%2Bin-person%2Bhelp%2Bwith%2Byour%2Bresearch.%2BIt%25E2%2580%2599s%2Ba%2Bgreat%2Bchance%2Bto%2Bget%2Bone-on-one%2Bguidance%2C%2Bask%2Bquestions%2C%2Band%2Bconnect%2Bwith%2Bothers%2Bwho%2Bshare%2Byour%2Bpassion%2Bfor%2Bfamily%2Bhistory.%26location%3D2525%2BOakley%2BSeaver%2BDr%2C%2BClermont%2C%2BFL%2C%2B34711%2C%2BUnited%2BStates%26trp%3Dfalse%26sprop%3Dhttps%3A%2F%2Fwordpress-810691-5571285.cloudwaysapps.com%2Fevents%2Fresearch-assistance-2025-08-27-2025-09-03-2025-09-10-2025-09-17-2025-09-24-2025-10-01-2025-10-08-2025-10-15-2025-10-22%2F%26sprop%3Dname%3APastfinders%26ctz%3DAmerica%2FNew_York&ifkv=AdBytiPC7dC8aTWhmDCQSp9Z_uZWK7dNah_8pYV5s05SK5VQb6E0O8v1krhbUuZd-uOq8PyPe5g-&osid=1&passive=1209600&service=cl&flowName=WebLiteSignIn&flowEntry=ServiceLogin&dsh=S805693407%3A1756758195254454 HTTP/1.1" 200 None
DEBUG:urllib3.connectionpool:Starting new HTTPS connection (1): www.google.com:443
DEBUG:urllib3.connectionpool:https://pastfindersslc.org:443 "GET /upload/newsletters/201506V27N3.pdf HTTP/1.1" 200 1644421
DEBUG:urllib3.connectionpool:https://accounts.google.com:443 "GET /ServiceLogin?service=cl&passive=1209600&osid=1&continue=https://calendar.google.com/calendar/event?action%3DTEMPLATE%26text%3DFamily%2BBook%2BCreator%2BSpecial%2BInterest%2BGroup%2B(SIG)%26dates%3D20270125T190000/20270125T200000%26details%3DThis%2Bgroup%2Bgrew%2Bout%2Bof%2Bour%2Boriginal%2BFBC%2BStudy%2BGroup,%2Ba%2Bjoint%2Beffort%2Bbetween%2BPastfinders%2Band%2BKinseekers.%2BFor%2Bnow,%2Bmembership%2Bis%2Blimited%2Bto%2Bparticipants%2Bof%2Bthat%2Boriginal%2Bgroup,%2Bbut%2Bwe%2Bhope%2Bto%2Bwelcome%2Bmore%2Bmembers%2Bin%2Bthe%2Bfuture.%26location%26trp%3Dfalse%26sprop%3Dhttps://wordpress-810691-5571285.cloudwaysapps.com/events/family-book-creator-special-interest-group-sig-2027-01-25/%26sprop%3Dname:Pastfinders%26ctz%3DAmerica/New_York&followup=https://calendar.google.com/calendar/event?action%3DTEMPLATE%26text%3DFamily%2BBook%2BCreator%2BSpecial%2BInterest%2BGroup%2B(SIG)%26dates%3D20270125T190000/20270125T200000%26details%3DThis%2Bgroup%2Bgrew%2Bout%2Bof%2Bour%2Boriginal%2BFBC%2BStudy%2BGroup,%2Ba%2Bjoint%2Beffort%2Bbetween%2BPastfinders%2Band%2BKinseekers.%2BFor%2Bnow,%2Bmembership%2Bis%2Blimited%2Bto%2Bparticipants%2Bof%2Bthat%2Boriginal%2Bgroup,%2Bbut%2Bwe%2Bhope%2Bto%2Bwelcome%2Bmore%2Bmembers%2Bin%2Bthe%2Bfuture.%26location%26trp%3Dfalse%26sprop%3Dhttps://wordpress-810691-5571285.cloudwaysapps.com/events/family-book-creator-special-interest-group-sig-2027-01-25/%26sprop%3Dname:Pastfinders%26ctz%3DAmerica/New_York&emr=1 HTTP/1.1" 302 0
DEBUG:root:✅ Hyperlink OK: https://www.google.com/calendar/event?action=TEMPLATE&text=Research+Assistance&dates=20251022T130000/20251022T150000&details=Join+us+weekly+in+the+Genealogy+Room+for+in-person+help+with+your+research.+It%E2%80%99s+a+great+chance+to+get+one-on-one+guidance%2C+ask+questions%2C+and+connect+with+others+who+share+your+passion+for+family+history.&location=2525+Oakley+Seaver+Dr%2C+Clermont%2C+FL%2C+34711%2C+United+States&trp=false&sprop=https%3A%2F%2Fwordpress-810691-5571285.cloudwaysapps.com%2Fevents%2Fresearch-assistance-2025-08-27-2025-09-03-2025-09-10-2025-09-17-2025-09-24-2025-10-01-2025-10-08-2025-10-15-2025-10-22%2F&sprop=name:Pastfinders&ctz=America%2FNew_York
DEBUG:root:Checking external hyperlink: https://outlook.office.com/calendar/0/deeplink/compose?allday=false&body=Join+us+weekly+in+the+Genealogy+Room+for+in-person+help+with+your+research.+It%E2%80%99s+a+great+chance+to+get+one-on-one+guidance%2C+ask+questions%2C+and+connect+with+others+who+share+your+passion+for+family+history.&location=2525+Oakley+Seaver+Dr%2C+Clermont%2C+FL%2C+34711%2C+United+States&path=/calendar/action/compose&rru=addevent&startdt=2025-10-22T13%3A00%3A00-04%3A00&enddt=2025-10-22T15%3A00%3A00-04%3A00&subject=Research+Assistance
DEBUG:urllib3.connectionpool:Starting new HTTPS connection (1): outlook.office.com:443
DEBUG:urllib3.connectionpool:https://wordpress-810691-5571285.cloudwaysapps.com:443 "GET /wp-content/uploads/2025/08/IMG_0012_8_Vivid_shr_1606257492-1-1024x605.webp HTTP/1.1" 200 40414
DEBUG:root:✅ Image OK: https://wordpress-810691-5571285.cloudwaysapps.com/wp-content/uploads/2025/08/IMG_0012_8_Vivid_shr_1606257492-1-1024x605.webp
DEBUG:root:Checking internal image: https://wordpress-810691-5571285.cloudwaysapps.com/wp-content/uploads/2025/08/IMG_0013_5_1606257300-620x1024.webp
DEBUG:urllib3.connectionpool:Starting new HTTPS connection (1): wordpress-810691-5571285.cloudwaysapps.com:443
DEBUG:urllib3.connectionpool:https://accounts.google.com:443 "GET /InteractiveLogin?continue=https://calendar.google.com/calendar/event?action%3DTEMPLATE%26text%3DFamily%2BBook%2BCreator%2BSpecial%2BInterest%2BGroup%2B(SIG)%26dates%3D20270125T190000/20270125T200000%26details%3DThis%2Bgroup%2Bgrew%2Bout%2Bof%2Bour%2Boriginal%2BFBC%2BStudy%2BGroup,%2Ba%2Bjoint%2Beffort%2Bbetween%2BPastfinders%2Band%2BKinseekers.%2BFor%2Bnow,%2Bmembership%2Bis%2Blimited%2Bto%2Bparticipants%2Bof%2Bthat%2Boriginal%2Bgroup,%2Bbut%2Bwe%2Bhope%2Bto%2Bwelcome%2Bmore%2Bmembers%2Bin%2Bthe%2Bfuture.%26location%26trp%3Dfalse%26sprop%3Dhttps://wordpress-810691-5571285.cloudwaysapps.com/events/family-book-creator-special-interest-group-sig-2027-01-25/%26sprop%3Dname:Pastfinders%26ctz%3DAmerica/New_York&emr=1&followup=https://calendar.google.com/calendar/event?action%3DTEMPLATE%26text%3DFamily%2BBook%2BCreator%2BSpecial%2BInterest%2BGroup%2B(SIG)%26dates%3D20270125T190000/20270125T200000%26details%3DThis%2Bgroup%2Bgrew%2Bout%2Bof%2Bour%2Boriginal%2BFBC%2BStudy%2BGroup,%2Ba%2Bjoint%2Beffort%2Bbetween%2BPastfinders%2Band%2BKinseekers.%2BFor%2Bnow,%2Bmembership%2Bis%2Blimited%2Bto%2Bparticipants%2Bof%2Bthat%2Boriginal%2Bgroup,%2Bbut%2Bwe%2Bhope%2Bto%2Bwelcome%2Bmore%2Bmembers%2Bin%2Bthe%2Bfuture.%26location%26trp%3Dfalse%26sprop%3Dhttps://wordpress-810691-5571285.cloudwaysapps.com/events/family-book-creator-special-interest-group-sig-2027-01-25/%26sprop%3Dname:Pastfinders%26ctz%3DAmerica/New_York&osid=1&passive=1209600&service=cl&ifkv=AdBytiP64OdmloSMdE-mQtAKogbw8oj2UGMbARvPHwxRknO3Q3D6N8Ir_ErJ14n4o20qvbikkY2ptA HTTP/1.1" 302 None
DEBUG:urllib3.connectionpool:https://www.google.com:443 "GET /calendar/event?action=TEMPLATE&text=Research+Assistance&dates=20251210T130000/20251210T150000&details=Join+us+weekly+in+the+Genealogy+Room+for+in-person+help+with+your+research.+It%E2%80%99s+a+great+chance+to+get+one-on-one+guidance%2C+ask+questions%2C+and+connect+with+others+who+share+your+passion+for+family+history.&location=2525+Oakley+Seaver+Dr%2C+Clermont%2C+FL%2C+34711%2C+United+States&trp=false&sprop=https%3A%2F%2Fwordpress-810691-5571285.cloudwaysapps.com%2Fevents%2Fresearch-assistance-2025-08-27-2025-09-03-2025-09-10-2025-09-17-2025-09-24-2025-10-01-2025-10-08-2025-10-15-2025-10-22-2025-10-29-2025-11-05-2025-11-12-2025-11-19-2025-11-26-2025-12-03-2025-12-10%2F&sprop=name:Pastfinders&ctz=America%2FNew_York HTTP/1.1" 302 0
DEBUG:urllib3.connectionpool:Starting new HTTPS connection (1): calendar.google.com:443
DEBUG:urllib3.connectionpool:https://accounts.google.com:443 "GET /v3/signin/identifier?continue=https%3A%2F%2Fcalendar.google.com%2Fcalendar%2Fevent%3Faction%3DTEMPLATE%26text%3DFamily%2BBook%2BCreator%2BSpecial%2BInterest%2BGroup%2B%28SIG%29%26dates%3D20270125T190000%2F20270125T200000%26details%3DThis%2Bgroup%2Bgrew%2Bout%2Bof%2Bour%2Boriginal%2BFBC%2BStudy%2BGroup%2C%2Ba%2Bjoint%2Beffort%2Bbetween%2BPastfinders%2Band%2BKinseekers.%2BFor%2Bnow%2C%2Bmembership%2Bis%2Blimited%2Bto%2Bparticipants%2Bof%2Bthat%2Boriginal%2Bgroup%2C%2Bbut%2Bwe%2Bhope%2Bto%2Bwelcome%2Bmore%2Bmembers%2Bin%2Bthe%2Bfuture.%26location%26trp%3Dfalse%26sprop%3Dhttps%3A%2F%2Fwordpress-810691-5571285.cloudwaysapps.com%2Fevents%2Ffamily-book-creator-special-interest-group-sig-2027-01-25%2F%26sprop%3Dname%3APastfinders%26ctz%3DAmerica%2FNew_York&emr=1&followup=https%3A%2F%2Fcalendar.google.com%2Fcalendar%2Fevent%3Faction%3DTEMPLATE%26text%3DFamily%2BBook%2BCreator%2BSpecial%2BInterest%2BGroup%2B%28SIG%29%26dates%3D20270125T190000%2F20270125T200000%26details%3DThis%2Bgroup%2Bgrew%2Bout%2Bof%2Bour%2Boriginal%2BFBC%2BStudy%2BGroup%2C%2Ba%2Bjoint%2Beffort%2Bbetween%2BPastfinders%2Band%2BKinseekers.%2BFor%2Bnow%2C%2Bmembership%2Bis%2Blimited%2Bto%2Bparticipants%2Bof%2Bthat%2Boriginal%2Bgroup%2C%2Bbut%2Bwe%2Bhope%2Bto%2Bwelcome%2Bmore%2Bmembers%2Bin%2Bthe%2Bfuture.%26location%26trp%3Dfalse%26sprop%3Dhttps%3A%2F%2Fwordpress-810691-5571285.cloudwaysapps.com%2Fevents%2Ffamily-book-creator-special-interest-group-sig-2027-01-25%2F%26sprop%3Dname%3APastfinders%26ctz%3DAmerica%2FNew_York&ifkv=AdBytiPnh4nzf9AAqPPagUi1DLva56qA1EhQFpsM4AIJVHjyw2chEhlQ1i4Zo8IzPCVyTwdcq9xYZA&osid=1&passive=1209600&service=cl&flowName=WebLiteSignIn&flowEntry=ServiceLogin&dsh=S-1828361561%3A1756758195462535 HTTP/1.1" 200 None
DEBUG:root:✅ Hyperlink OK: https://www.google.com/calendar/event?action=TEMPLATE&text=Family+Book+Creator+Special+Interest+Group+%28SIG%29&dates=20270125T190000/20270125T200000&details=This+group+grew+out+of+our+original+FBC+Study+Group%2C+a+joint+effort+between+Pastfinders+and+Kinseekers.+For+now%2C+membership+is+limited+to+participants+of+that+original+group%2C+but+we+hope+to+welcome+more+members+in+the+future.&location=&trp=false&sprop=https%3A%2F%2Fwordpress-810691-5571285.cloudwaysapps.com%2Fevents%2Ffamily-book-creator-special-interest-group-sig-2027-01-25%2F&sprop=name:Pastfinders&ctz=America%2FNew_York
DEBUG:root:Checking external hyperlink: https://outlook.office.com/calendar/0/deeplink/compose?allday=false&body=This+group+grew+out+of+our+original+FBC+Study+Group%2C+a+joint+effort+between+Pastfinders+and+Kinseekers.+For+now%2C+membership+is+limited+to+participants+of+that+original+group%2C+but+we+hope+to+welcome+more+members+in+the+future.&location=&path=/calendar/action/compose&rru=addevent&startdt=2027-01-25T19%3A00%3A00-05%3A00&enddt=2027-01-25T20%3A00%3A00-05%3A00&subject=Family+Book+Creator+Special+Interest+Group+%28SIG%29
DEBUG:urllib3.connectionpool:Starting new HTTPS connection (1): outlook.office.com:443
DEBUG:urllib3.connectionpool:https://calendar.google.com:443 "GET /calendar/event?action=TEMPLATE&text=Research+Assistance&dates=20251210T130000/20251210T150000&details=Join+us+weekly+in+the+Genealogy+Room+for+in-person+help+with+your+research.+It%E2%80%99s+a+great+chance+to+get+one-on-one+guidance,+ask+questions,+and+connect+with+others+who+share+your+passion+for+family+history.&location=2525+Oakley+Seaver+Dr,+Clermont,+FL,+34711,+United+States&trp=false&sprop=https://wordpress-810691-5571285.cloudwaysapps.com/events/research-assistance-2025-08-27-2025-09-03-2025-09-10-2025-09-17-2025-09-24-2025-10-01-2025-10-08-2025-10-15-2025-10-22-2025-10-29-2025-11-05-2025-11-12-2025-11-19-2025-11-26-2025-12-03-2025-12-10/&sprop=name:Pastfinders&ctz=America/New_York HTTP/1.1" 302 0
DEBUG:root:✅ Document OK: https://pastfindersslc.org/upload/newsletters/201506V27N3.pdf
DEBUG:root:Checking external document: https://pastfindersslc.org/upload/newsletters/201503V27N2.pdf
DEBUG:urllib3.connectionpool:Starting new HTTPS connection (1): pastfindersslc.org:443
DEBUG:urllib3.connectionpool:Starting new HTTPS connection (1): accounts.google.com:443
DEBUG:urllib3.connectionpool:https://outlook.office.com:443 "GET /calendar/0/deeplink/compose?allday=false&body=Join+us+weekly+in+the+Genealogy+Room+for+in-person+help+with+your+research.+It%E2%80%99s+a+great+chance+to+get+one-on-one+guidance%2C+ask+questions%2C+and+connect+with+others+who+share+your+passion+for+family+history.&location=2525+Oakley+Seaver+Dr%2C+Clermont%2C+FL%2C+34711%2C+United+States&path=/calendar/action/compose&rru=addevent&startdt=2025-10-22T13%3A00%3A00-04%3A00&enddt=2025-10-22T15%3A00%3A00-04%3A00&subject=Research+Assistance HTTP/1.1" 200 None
DEBUG:root:✅ Hyperlink OK: https://outlook.office.com/calendar/0/deeplink/compose?allday=false&body=Join+us+weekly+in+the+Genealogy+Room+for+in-person+help+with+your+research.+It%E2%80%99s+a+great+chance+to+get+one-on-one+guidance%2C+ask+questions%2C+and+connect+with+others+who+share+your+passion+for+family+history.&location=2525+Oakley+Seaver+Dr%2C+Clermont%2C+FL%2C+34711%2C+United+States&path=/calendar/action/compose&rru=addevent&startdt=2025-10-22T13%3A00%3A00-04%3A00&enddt=2025-10-22T15%3A00%3A00-04%3A00&subject=Research+Assistance
DEBUG:root:Checking external hyperlink: https://outlook.live.com/calendar/0/deeplink/compose?allday=false&body=Join+us+weekly+in+the+Genealogy+Room+for+in-person+help+with+your+research.+It%E2%80%99s+a+great+chance+to+get+one-on-one+guidance%2C+ask+questions%2C+and+connect+with+others+who+share+your+passion+for+family+history.&location=2525+Oakley+Seaver+Dr%2C+Clermont%2C+FL%2C+34711%2C+United+States&path=/calendar/action/compose&rru=addevent&startdt=2025-10-22T13%3A00%3A00-04%3A00&enddt=2025-10-22T15%3A00%3A00-04%3A00&subject=Research+Assistance
DEBUG:urllib3.connectionpool:Starting new HTTPS connection (1): outlook.live.com:443
DEBUG:urllib3.connectionpool:https://wordpress-810691-5571285.cloudwaysapps.com:443 "GET /wp-content/uploads/2025/08/IMG_0013_5_1606257300-620x1024.webp HTTP/1.1" 200 39992
DEBUG:root:✅ Image OK: https://wordpress-810691-5571285.cloudwaysapps.com/wp-content/uploads/2025/08/IMG_0013_5_1606257300-620x1024.webp
DEBUG:root:Checking internal image: https://wordpress-810691-5571285.cloudwaysapps.com/wp-content/uploads/2025/08/IMG_0004_3_Vivid_shr_1606256736-1024x736.webp
DEBUG:urllib3.connectionpool:Starting new HTTPS connection (1): wordpress-810691-5571285.cloudwaysapps.com:443
DEBUG:urllib3.connectionpool:https://pastfindersslc.org:443 "GET /upload/newsletters/201503V27N2.pdf HTTP/1.1" 200 2213073
DEBUG:urllib3.connectionpool:https://accounts.google.com:443 "GET /ServiceLogin?service=cl&passive=1209600&osid=1&continue=https://calendar.google.com/calendar/event?action%3DTEMPLATE%26text%3DResearch%2BAssistance%26dates%3D20251210T130000/20251210T150000%26details%3DJoin%2Bus%2Bweekly%2Bin%2Bthe%2BGenealogy%2BRoom%2Bfor%2Bin-person%2Bhelp%2Bwith%2Byour%2Bresearch.%2BIt%25E2%2580%2599s%2Ba%2Bgreat%2Bchance%2Bto%2Bget%2Bone-on-one%2Bguidance,%2Bask%2Bquestions,%2Band%2Bconnect%2Bwith%2Bothers%2Bwho%2Bshare%2Byour%2Bpassion%2Bfor%2Bfamily%2Bhistory.%26location%3D2525%2BOakley%2BSeaver%2BDr,%2BClermont,%2BFL,%2B34711,%2BUnited%2BStates%26trp%3Dfalse%26sprop%3Dhttps://wordpress-810691-5571285.cloudwaysapps.com/events/research-assistance-2025-08-27-2025-09-03-2025-09-10-2025-09-17-2025-09-24-2025-10-01-2025-10-08-2025-10-15-2025-10-22-2025-10-29-2025-11-05-2025-11-12-2025-11-19-2025-11-26-2025-12-03-2025-12-10/%26sprop%3Dname:Pastfinders%26ctz%3DAmerica/New_York&followup=https://calendar.google.com/calendar/event?action%3DTEMPLATE%26text%3DResearch%2BAssistance%26dates%3D20251210T130000/20251210T150000%26details%3DJoin%2Bus%2Bweekly%2Bin%2Bthe%2BGenealogy%2BRoom%2Bfor%2Bin-person%2Bhelp%2Bwith%2Byour%2Bresearch.%2BIt%25E2%2580%2599s%2Ba%2Bgreat%2Bchance%2Bto%2Bget%2Bone-on-one%2Bguidance,%2Bask%2Bquestions,%2Band%2Bconnect%2Bwith%2Bothers%2Bwho%2Bshare%2Byour%2Bpassion%2Bfor%2Bfamily%2Bhistory.%26location%3D2525%2BOakley%2BSeaver%2BDr,%2BClermont,%2BFL,%2B34711,%2BUnited%2BStates%26trp%3Dfalse%26sprop%3Dhttps://wordpress-810691-5571285.cloudwaysapps.com/events/research-assistance-2025-08-27-2025-09-03-2025-09-10-2025-09-17-2025-09-24-2025-10-01-2025-10-08-2025-10-15-2025-10-22-2025-10-29-2025-11-05-2025-11-12-2025-11-19-2025-11-26-2025-12-03-2025-12-10/%26sprop%3Dname:Pastfinders%26ctz%3DAmerica/New_York&emr=1 HTTP/1.1" 302 0
DEBUG:urllib3.connectionpool:https://accounts.google.com:443 "GET /InteractiveLogin?continue=https://calendar.google.com/calendar/event?action%3DTEMPLATE%26text%3DResearch%2BAssistance%26dates%3D20251210T130000/20251210T150000%26details%3DJoin%2Bus%2Bweekly%2Bin%2Bthe%2BGenealogy%2BRoom%2Bfor%2Bin-person%2Bhelp%2Bwith%2Byour%2Bresearch.%2BIt%25E2%2580%2599s%2Ba%2Bgreat%2Bchance%2Bto%2Bget%2Bone-on-one%2Bguidance,%2Bask%2Bquestions,%2Band%2Bconnect%2Bwith%2Bothers%2Bwho%2Bshare%2Byour%2Bpassion%2Bfor%2Bfamily%2Bhistory.%26location%3D2525%2BOakley%2BSeaver%2BDr,%2BClermont,%2BFL,%2B34711,%2BUnited%2BStates%26trp%3Dfalse%26sprop%3Dhttps://wordpress-810691-5571285.cloudwaysapps.com/events/research-assistance-2025-08-27-2025-09-03-2025-09-10-2025-09-17-2025-09-24-2025-10-01-2025-10-08-2025-10-15-2025-10-22-2025-10-29-2025-11-05-2025-11-12-2025-11-19-2025-11-26-2025-12-03-2025-12-10/%26sprop%3Dname:Pastfinders%26ctz%3DAmerica/New_York&emr=1&followup=https://calendar.google.com/calendar/event?action%3DTEMPLATE%26text%3DResearch%2BAssistance%26dates%3D20251210T130000/20251210T150000%26details%3DJoin%2Bus%2Bweekly%2Bin%2Bthe%2BGenealogy%2BRoom%2Bfor%2Bin-person%2Bhelp%2Bwith%2Byour%2Bresearch.%2BIt%25E2%2580%2599s%2Ba%2Bgreat%2Bchance%2Bto%2Bget%2Bone-on-one%2Bguidance,%2Bask%2Bquestions,%2Band%2Bconnect%2Bwith%2Bothers%2Bwho%2Bshare%2Byour%2Bpassion%2Bfor%2Bfamily%2Bhistory.%26location%3D2525%2BOakley%2BSeaver%2BDr,%2BClermont,%2BFL,%2B34711,%2BUnited%2BStates%26trp%3Dfalse%26sprop%3Dhttps://wordpress-810691-5571285.cloudwaysapps.com/events/research-assistance-2025-08-27-2025-09-03-2025-09-10-2025-09-17-2025-09-24-2025-10-01-2025-10-08-2025-10-15-2025-10-22-2025-10-29-2025-11-05-2025-11-12-2025-11-19-2025-11-26-2025-12-03-2025-12-10/%26sprop%3Dname:Pastfinders%26ctz%3DAmerica/New_York&osid=1&passive=1209600&service=cl&ifkv=AdBytiMdasnM8TxkcwAvCA1NK7Ab0X5Srpq4f86iEMqbFFsoqAmEOVZNER_4Cdarg7Md-tKQBiSR_Q HTTP/1.1" 302 None
DEBUG:urllib3.connectionpool:https://outlook.office.com:443 "GET /calendar/0/deeplink/compose?allday=false&body=This+group+grew+out+of+our+original+FBC+Study+Group%2C+a+joint+effort+between+Pastfinders+and+Kinseekers.+For+now%2C+membership+is+limited+to+participants+of+that+original+group%2C+but+we+hope+to+welcome+more+members+in+the+future.&location=&path=/calendar/action/compose&rru=addevent&startdt=2027-01-25T19%3A00%3A00-05%3A00&enddt=2027-01-25T20%3A00%3A00-05%3A00&subject=Family+Book+Creator+Special+Interest+Group+%28SIG%29 HTTP/1.1" 200 None
DEBUG:root:✅ Hyperlink OK: https://outlook.office.com/calendar/0/deeplink/compose?allday=false&body=This+group+grew+out+of+our+original+FBC+Study+Group%2C+a+joint+effort+between+Pastfinders+and+Kinseekers.+For+now%2C+membership+is+limited+to+participants+of+that+original+group%2C+but+we+hope+to+welcome+more+members+in+the+future.&location=&path=/calendar/action/compose&rru=addevent&startdt=2027-01-25T19%3A00%3A00-05%3A00&enddt=2027-01-25T20%3A00%3A00-05%3A00&subject=Family+Book+Creator+Special+Interest+Group+%28SIG%29
DEBUG:root:Checking external hyperlink: https://outlook.live.com/calendar/0/deeplink/compose?allday=false&body=This+group+grew+out+of+our+original+FBC+Study+Group%2C+a+joint+effort+between+Pastfinders+and+Kinseekers.+For+now%2C+membership+is+limited+to+participants+of+that+original+group%2C+but+we+hope+to+welcome+more+members+in+the+future.&location=&path=/calendar/action/compose&rru=addevent&startdt=2027-01-25T19%3A00%3A00-05%3A00&enddt=2027-01-25T20%3A00%3A00-05%3A00&subject=Family+Book+Creator+Special+Interest+Group+%28SIG%29
DEBUG:urllib3.connectionpool:Starting new HTTPS connection (1): outlook.live.com:443
DEBUG:urllib3.connectionpool:https://accounts.google.com:443 "GET /v3/signin/identifier?continue=https%3A%2F%2Fcalendar.google.com%2Fcalendar%2Fevent%3Faction%3DTEMPLATE%26text%3DResearch%2BAssistance%26dates%3D20251210T130000%2F20251210T150000%26details%3DJoin%2Bus%2Bweekly%2Bin%2Bthe%2BGenealogy%2BRoom%2Bfor%2Bin-person%2Bhelp%2Bwith%2Byour%2Bresearch.%2BIt%25E2%2580%2599s%2Ba%2Bgreat%2Bchance%2Bto%2Bget%2Bone-on-one%2Bguidance%2C%2Bask%2Bquestions%2C%2Band%2Bconnect%2Bwith%2Bothers%2Bwho%2Bshare%2Byour%2Bpassion%2Bfor%2Bfamily%2Bhistory.%26location%3D2525%2BOakley%2BSeaver%2BDr%2C%2BClermont%2C%2BFL%2C%2B34711%2C%2BUnited%2BStates%26trp%3Dfalse%26sprop%3Dhttps%3A%2F%2Fwordpress-810691-5571285.cloudwaysapps.com%2Fevents%2Fresearch-assistance-2025-08-27-2025-09-03-2025-09-10-2025-09-17-2025-09-24-2025-10-01-2025-10-08-2025-10-15-2025-10-22-2025-10-29-2025-11-05-2025-11-12-2025-11-19-2025-11-26-2025-12-03-2025-12-10%2F%26sprop%3Dname%3APastfinders%26ctz%3DAmerica%2FNew_York&emr=1&followup=https%3A%2F%2Fcalendar.google.com%2Fcalendar%2Fevent%3Faction%3DTEMPLATE%26text%3DResearch%2BAssistance%26dates%3D20251210T130000%2F20251210T150000%26details%3DJoin%2Bus%2Bweekly%2Bin%2Bthe%2BGenealogy%2BRoom%2Bfor%2Bin-person%2Bhelp%2Bwith%2Byour%2Bresearch.%2BIt%25E2%2580%2599s%2Ba%2Bgreat%2Bchance%2Bto%2Bget%2Bone-on-one%2Bguidance%2C%2Bask%2Bquestions%2C%2Band%2Bconnect%2Bwith%2Bothers%2Bwho%2Bshare%2Byour%2Bpassion%2Bfor%2Bfamily%2Bhistory.%26location%3D2525%2BOakley%2BSeaver%2BDr%2C%2BClermont%2C%2BFL%2C%2B34711%2C%2BUnited%2BStates%26trp%3Dfalse%26sprop%3Dhttps%3A%2F%2Fwordpress-810691-5571285.cloudwaysapps.com%2Fevents%2Fresearch-assistance-2025-08-27-2025-09-03-2025-09-10-2025-09-17-2025-09-24-2025-10-01-2025-10-08-2025-10-15-2025-10-22-2025-10-29-2025-11-05-2025-11-12-2025-11-19-2025-11-26-2025-12-03-2025-12-10%2F%26sprop%3Dname%3APastfinders%26ctz%3DAmerica%2FNew_York&ifkv=AdBytiOMRGIQS3prl8LIrprZDqwVEurPCnZuWoYIQMw4Q_KJcAugSPnetf6Z0u1T-SvrfYeE-jetJA&osid=1&passive=1209600&service=cl&flowName=WebLiteSignIn&flowEntry=ServiceLogin&dsh=S-1926475839%3A1756758195795107 HTTP/1.1" 200 None
DEBUG:root:✅ Document OK: https://pastfindersslc.org/upload/newsletters/201503V27N2.pdf
DEBUG:root:Checking external document: https://pastfindersslc.org/upload/newsletters/201501V27N1.pdf
DEBUG:urllib3.connectionpool:Starting new HTTPS connection (1): pastfindersslc.org:443
DEBUG:urllib3.connectionpool:https://outlook.live.com:443 "GET /calendar/0/deeplink/compose?allday=false&body=Join+us+weekly+in+the+Genealogy+Room+for+in-person+help+with+your+research.+It%E2%80%99s+a+great+chance+to+get+one-on-one+guidance%2C+ask+questions%2C+and+connect+with+others+who+share+your+passion+for+family+history.&location=2525+Oakley+Seaver+Dr%2C+Clermont%2C+FL%2C+34711%2C+United+States&path=/calendar/action/compose&rru=addevent&startdt=2025-10-22T13%3A00%3A00-04%3A00&enddt=2025-10-22T15%3A00%3A00-04%3A00&subject=Research+Assistance HTTP/1.1" 200 None
DEBUG:root:✅ Hyperlink OK: https://www.google.com/calendar/event?action=TEMPLATE&text=Research+Assistance&dates=20251210T130000/20251210T150000&details=Join+us+weekly+in+the+Genealogy+Room+for+in-person+help+with+your+research.+It%E2%80%99s+a+great+chance+to+get+one-on-one+guidance%2C+ask+questions%2C+and+connect+with+others+who+share+your+passion+for+family+history.&location=2525+Oakley+Seaver+Dr%2C+Clermont%2C+FL%2C+34711%2C+United+States&trp=false&sprop=https%3A%2F%2Fwordpress-810691-5571285.cloudwaysapps.com%2Fevents%2Fresearch-assistance-2025-08-27-2025-09-03-2025-09-10-2025-09-17-2025-09-24-2025-10-01-2025-10-08-2025-10-15-2025-10-22-2025-10-29-2025-11-05-2025-11-12-2025-11-19-2025-11-26-2025-12-03-2025-12-10%2F&sprop=name:Pastfinders&ctz=America%2FNew_York
DEBUG:root:Checking external hyperlink: https://outlook.office.com/calendar/0/deeplink/compose?allday=false&body=Join+us+weekly+in+the+Genealogy+Room+for+in-person+help+with+your+research.+It%E2%80%99s+a+great+chance+to+get+one-on-one+guidance%2C+ask+questions%2C+and+connect+with+others+who+share+your+passion+for+family+history.&location=2525+Oakley+Seaver+Dr%2C+Clermont%2C+FL%2C+34711%2C+United+States&path=/calendar/action/compose&rru=addevent&startdt=2025-12-10T13%3A00%3A00-05%3A00&enddt=2025-12-10T15%3A00%3A00-05%3A00&subject=Research+Assistance
DEBUG:root:✅ Hyperlink OK: https://outlook.live.com/calendar/0/deeplink/compose?allday=false&body=Join+us+weekly+in+the+Genealogy+Room+for+in-person+help+with+your+research.+It%E2%80%99s+a+great+chance+to+get+one-on-one+guidance%2C+ask+questions%2C+and+connect+with+others+who+share+your+passion+for+family+history.&location=2525+Oakley+Seaver+Dr%2C+Clermont%2C+FL%2C+34711%2C+United+States&path=/calendar/action/compose&rru=addevent&startdt=2025-10-22T13%3A00%3A00-04%3A00&enddt=2025-10-22T15%3A00%3A00-04%3A00&subject=Research+Assistance
DEBUG:root:Using regex pattern: \b[a-zA-Z]{3,}\b
DEBUG:root:Found 58 words to check in https://wordpress-810691-5571285.cloudwaysapps.com/events/research-assistance-2025-08-27-2025-09-03-2025-09-10-2025-09-17-2025-09-24-2025-10-01-2025-10-08-2025-10-15-2025-10-22/ (min_length=3)
DEBUG:root:Sample words from https://wordpress-810691-5571285.cloudwaysapps.com/events/research-assistance-2025-08-27-2025-09-03-2025-09-10-2025-09-17-2025-09-24-2025-10-01-2025-10-08-2025-10-15-2025-10-22/: ['This', 'alert', 'Skip', 'content', 'Research', 'Assistance', 'When', 'October', 'Add', 'Calendar']
DEBUG:root:Spell check results for https://wordpress-810691-5571285.cloudwaysapps.com/events/research-assistance-2025-08-27-2025-09-03-2025-09-10-2025-09-17-2025-09-24-2025-10-01-2025-10-08-2025-10-15-2025-10-22/: 30 words checked, 28 skipped, 0 errors found
INFO:root:✅ Processed https://wordpress-810691-5571285.cloudwaysapps.com/events/research-assistance-2025-08-27-2025-09-03-2025-09-10-2025-09-17-2025-09-24-2025-10-01-2025-10-08-2025-10-15-2025-10-22/: 0 errors found, 85 words checked
DEBUG:root:Attempting to fetch: https://wordpress-810691-5571285.cloudwaysapps.com/events/research-assistance-2025-08-27-2025-09-03-2025-09-10-2025-09-17-2025-09-24-2025-10-01-2025-10-08-2025-10-15-2025-10-22-2025-10-29-2025-11-05-2025-11-12-2025-11-19-2025-11-26-2025-12-03-2-08-2026-04-15/
Processing pages:  30%|██▉       | 113/381 [01:11<02:02,  2.19it/s]DEBUG:urllib3.connectionpool:Starting new HTTPS connection (1): outlook.office.com:443
DEBUG:urllib3.connectionpool:https://wordpress-810691-5571285.cloudwaysapps.com:443 "GET /wp-content/uploads/2025/08/IMG_0004_3_Vivid_shr_1606256736-1024x736.webp HTTP/1.1" 200 75950
DEBUG:root:✅ Image OK: https://wordpress-810691-5571285.cloudwaysapps.com/wp-content/uploads/2025/08/IMG_0004_3_Vivid_shr_1606256736-1024x736.webp
DEBUG:root:Checking internal image: https://wordpress-810691-5571285.cloudwaysapps.com/wp-content/uploads/2025/08/IMG_0008_3_Vivid_shr_1606257685-1024x743.webp
DEBUG:urllib3.connectionpool:Starting new HTTPS connection (1): wordpress-810691-5571285.cloudwaysapps.com:443
DEBUG:urllib3.connectionpool:https://wordpress-810691-5571285.cloudwaysapps.com:443 "GET /events/research-assistance-2025-08-27-2025-09-03-2025-09-10-2025-09-17-2025-09-24-2025-10-01-2025-10-08-2025-10-15-2025-10-22-2025-10-29-2025-11-05-2025-11-12-2025-11-19-2025-11-26-2025-12-03-2-08-2026-04-15/ HTTP/1.1" 200 None
DEBUG:root:Successfully fetched https://wordpress-810691-5571285.cloudwaysapps.com/events/research-assistance-2025-08-27-2025-09-03-2025-09-10-2025-09-17-2025-09-24-2025-10-01-2025-10-08-2025-10-15-2025-10-22-2025-10-29-2025-11-05-2025-11-12-2025-11-19-2025-11-26-2025-12-03-2-08-2026-04-15/ (Content-Length: 44211)
DEBUG:charset_normalizer:Encoding detection: utf_8 is most likely the one.
DEBUG:root:Extracted 489 characters, 85 words from https://wordpress-810691-5571285.cloudwaysapps.com/events/research-assistance-2025-08-27-2025-09-03-2025-09-10-2025-09-17-2025-09-24-2025-10-01-2025-10-08-2025-10-15-2025-10-22-2025-10-29-2025-11-05-2025-11-12-2025-11-19-2025-11-26-2025-12-03-2-08-2026-04-15/
DEBUG:urllib3.connectionpool:https://outlook.live.com:443 "GET /calendar/0/deeplink/compose?allday=false&body=This+group+grew+out+of+our+original+FBC+Study+Group%2C+a+joint+effort+between+Pastfinders+and+Kinseekers.+For+now%2C+membership+is+limited+to+participants+of+that+original+group%2C+but+we+hope+to+welcome+more+members+in+the+future.&location=&path=/calendar/action/compose&rru=addevent&startdt=2027-01-25T19%3A00%3A00-05%3A00&enddt=2027-01-25T20%3A00%3A00-05%3A00&subject=Family+Book+Creator+Special+Interest+Group+%28SIG%29 HTTP/1.1" 200 None
DEBUG:root:✅ Hyperlink OK: https://outlook.live.com/calendar/0/deeplink/compose?allday=false&body=This+group+grew+out+of+our+original+FBC+Study+Group%2C+a+joint+effort+between+Pastfinders+and+Kinseekers.+For+now%2C+membership+is+limited+to+participants+of+that+original+group%2C+but+we+hope+to+welcome+more+members+in+the+future.&location=&path=/calendar/action/compose&rru=addevent&startdt=2027-01-25T19%3A00%3A00-05%3A00&enddt=2027-01-25T20%3A00%3A00-05%3A00&subject=Family+Book+Creator+Special+Interest+Group+%28SIG%29
DEBUG:root:Using regex pattern: \b[a-zA-Z]{3,}\b
DEBUG:root:Found 109 words to check in https://wordpress-810691-5571285.cloudwaysapps.com/events/family-book-creator-special-interest-group-sig-2027-01-25/ (min_length=3)
DEBUG:root:Sample words from https://wordpress-810691-5571285.cloudwaysapps.com/events/family-book-creator-special-interest-group-sig-2027-01-25/: ['This', 'alert', 'Skip', 'content', 'Family', 'Book', 'Creator', 'Special', 'Interest', 'Group']
DEBUG:root:Spell check results for https://wordpress-810691-5571285.cloudwaysapps.com/events/family-book-creator-special-interest-group-sig-2027-01-25/: 62 words checked, 47 skipped, 0 errors found
INFO:root:✅ Processed https://wordpress-810691-5571285.cloudwaysapps.com/events/family-book-creator-special-interest-group-sig-2027-01-25/: 0 errors found, 141 words checked
DEBUG:root:Attempting to fetch: https://wordpress-810691-5571285.cloudwaysapps.com/galleries/2016-garage-sale/
DEBUG:root:Checking external hyperlink: https://www.google.com/calendar/event?action=TEMPLATE&text=Research+Assistance&dates=20260415T130000/20260415T150000&details=Join+us+weekly+in+the+Genealogy+Room+for+in-person+help+with+your+research.+It%E2%80%99s+a+great+chance+to+get+one-on-one+guidance%2C+ask+questions%2C+and+connect+with+others+who+share+your+passion+for+family+history.&location=2525+Oakley+Seaver+Dr%2C+Clermont%2C+FL%2C+34711%2C+United+States&trp=false&sprop=https%3A%2F%2Fwordpress-810691-5571285.cloudwaysapps.com%2Fevents%2Fresearch-assistance-2025-08-27-2025-09-03-2025-09-10-2025-09-17-2025-09-24-2025-10-01-2025-10-08-2025-10-15-2025-10-22-2025-10-29-2025-11-05-2025-11-12-2025-11-19-2025-11-26-2025-12-03-2-08-2026-04-15%2F&sprop=name:Pastfinders&ctz=America%2FNew_York
DEBUG:urllib3.connectionpool:Starting new HTTPS connection (1): www.google.com:443
DEBUG:urllib3.connectionpool:https://pastfindersslc.org:443 "GET /upload/newsletters/201501V27N1.pdf HTTP/1.1" 200 3297107
DEBUG:urllib3.connectionpool:https://www.google.com:443 "GET /calendar/event?action=TEMPLATE&text=Research+Assistance&dates=20260415T130000/20260415T150000&details=Join+us+weekly+in+the+Genealogy+Room+for+in-person+help+with+your+research.+It%E2%80%99s+a+great+chance+to+get+one-on-one+guidance%2C+ask+questions%2C+and+connect+with+others+who+share+your+passion+for+family+history.&location=2525+Oakley+Seaver+Dr%2C+Clermont%2C+FL%2C+34711%2C+United+States&trp=false&sprop=https%3A%2F%2Fwordpress-810691-5571285.cloudwaysapps.com%2Fevents%2Fresearch-assistance-2025-08-27-2025-09-03-2025-09-10-2025-09-17-2025-09-24-2025-10-01-2025-10-08-2025-10-15-2025-10-22-2025-10-29-2025-11-05-2025-11-12-2025-11-19-2025-11-26-2025-12-03-2-08-2026-04-15%2F&sprop=name:Pastfinders&ctz=America%2FNew_York HTTP/1.1" 302 0
DEBUG:urllib3.connectionpool:Starting new HTTPS connection (1): calendar.google.com:443
DEBUG:urllib3.connectionpool:https://outlook.office.com:443 "GET /calendar/0/deeplink/compose?allday=false&body=Join+us+weekly+in+the+Genealogy+Room+for+in-person+help+with+your+research.+It%E2%80%99s+a+great+chance+to+get+one-on-one+guidance%2C+ask+questions%2C+and+connect+with+others+who+share+your+passion+for+family+history.&location=2525+Oakley+Seaver+Dr%2C+Clermont%2C+FL%2C+34711%2C+United+States&path=/calendar/action/compose&rru=addevent&startdt=2025-12-10T13%3A00%3A00-05%3A00&enddt=2025-12-10T15%3A00%3A00-05%3A00&subject=Research+Assistance HTTP/1.1" 200 None
DEBUG:root:✅ Hyperlink OK: https://outlook.office.com/calendar/0/deeplink/compose?allday=false&body=Join+us+weekly+in+the+Genealogy+Room+for+in-person+help+with+your+research.+It%E2%80%99s+a+great+chance+to+get+one-on-one+guidance%2C+ask+questions%2C+and+connect+with+others+who+share+your+passion+for+family+history.&location=2525+Oakley+Seaver+Dr%2C+Clermont%2C+FL%2C+34711%2C+United+States&path=/calendar/action/compose&rru=addevent&startdt=2025-12-10T13%3A00%3A00-05%3A00&enddt=2025-12-10T15%3A00%3A00-05%3A00&subject=Research+Assistance
DEBUG:root:Checking external hyperlink: https://outlook.live.com/calendar/0/deeplink/compose?allday=false&body=Join+us+weekly+in+the+Genealogy+Room+for+in-person+help+with+your+research.+It%E2%80%99s+a+great+chance+to+get+one-on-one+guidance%2C+ask+questions%2C+and+connect+with+others+who+share+your+passion+for+family+history.&location=2525+Oakley+Seaver+Dr%2C+Clermont%2C+FL%2C+34711%2C+United+States&path=/calendar/action/compose&rru=addevent&startdt=2025-12-10T13%3A00%3A00-05%3A00&enddt=2025-12-10T15%3A00%3A00-05%3A00&subject=Research+Assistance
DEBUG:urllib3.connectionpool:Starting new HTTPS connection (1): outlook.live.com:443
DEBUG:urllib3.connectionpool:https://wordpress-810691-5571285.cloudwaysapps.com:443 "GET /wp-content/uploads/2025/08/IMG_0008_3_Vivid_shr_1606257685-1024x743.webp HTTP/1.1" 200 83362
DEBUG:urllib3.connectionpool:https://calendar.google.com:443 "GET /calendar/event?action=TEMPLATE&text=Research+Assistance&dates=20260415T130000/20260415T150000&details=Join+us+weekly+in+the+Genealogy+Room+for+in-person+help+with+your+research.+It%E2%80%99s+a+great+chance+to+get+one-on-one+guidance,+ask+questions,+and+connect+with+others+who+share+your+passion+for+family+history.&location=2525+Oakley+Seaver+Dr,+Clermont,+FL,+34711,+United+States&trp=false&sprop=https://wordpress-810691-5571285.cloudwaysapps.com/events/research-assistance-2025-08-27-2025-09-03-2025-09-10-2025-09-17-2025-09-24-2025-10-01-2025-10-08-2025-10-15-2025-10-22-2025-10-29-2025-11-05-2025-11-12-2025-11-19-2025-11-26-2025-12-03-2-08-2026-04-15/&sprop=name:Pastfinders&ctz=America/New_York HTTP/1.1" 302 0
DEBUG:urllib3.connectionpool:Starting new HTTPS connection (1): accounts.google.com:443
DEBUG:root:✅ Image OK: https://wordpress-810691-5571285.cloudwaysapps.com/wp-content/uploads/2025/08/IMG_0008_3_Vivid_shr_1606257685-1024x743.webp
DEBUG:urllib3.connectionpool:https://outlook.live.com:443 "GET /calendar/0/deeplink/compose?allday=false&body=Join+us+weekly+in+the+Genealogy+Room+for+in-person+help+with+your+research.+It%E2%80%99s+a+great+chance+to+get+one-on-one+guidance%2C+ask+questions%2C+and+connect+with+others+who+share+your+passion+for+family+history.&location=2525+Oakley+Seaver+Dr%2C+Clermont%2C+FL%2C+34711%2C+United+States&path=/calendar/action/compose&rru=addevent&startdt=2025-12-10T13%3A00%3A00-05%3A00&enddt=2025-12-10T15%3A00%3A00-05%3A00&subject=Research+Assistance HTTP/1.1" 200 None
DEBUG:root:Checking internal image: https://wordpress-810691-5571285.cloudwaysapps.com/wp-content/uploads/2025/08/IMG_0006_2_Vivid_shr_1606256939-1024x771.webp
DEBUG:root:✅ Hyperlink OK: https://outlook.live.com/calendar/0/deeplink/compose?allday=false&body=Join+us+weekly+in+the+Genealogy+Room+for+in-person+help+with+your+research.+It%E2%80%99s+a+great+chance+to+get+one-on-one+guidance%2C+ask+questions%2C+and+connect+with+others+who+share+your+passion+for+family+history.&location=2525+Oakley+Seaver+Dr%2C+Clermont%2C+FL%2C+34711%2C+United+States&path=/calendar/action/compose&rru=addevent&startdt=2025-12-10T13%3A00%3A00-05%3A00&enddt=2025-12-10T15%3A00%3A00-05%3A00&subject=Research+Assistance
DEBUG:root:Using regex pattern: \b[a-zA-Z]{3,}\b
DEBUG:root:Found 58 words to check in https://wordpress-810691-5571285.cloudwaysapps.com/events/research-assistance-2025-08-27-2025-09-03-2025-09-10-2025-09-17-2025-09-24-2025-10-01-2025-10-08-2025-10-15-2025-10-22-2025-10-29-2025-11-05-2025-11-12-2025-11-19-2025-11-26-2025-12-03-2025-12-10/ (min_length=3)
DEBUG:root:Sample words from https://wordpress-810691-5571285.cloudwaysapps.com/events/research-assistance-2025-08-27-2025-09-03-2025-09-10-2025-09-17-2025-09-24-2025-10-01-2025-10-08-2025-10-15-2025-10-22-2025-10-29-2025-11-05-2025-11-12-2025-11-19-2025-11-26-2025-12-03-2025-12-10/: ['This', 'alert', 'Skip', 'content', 'Research', 'Assistance', 'When', 'December', 'Add', 'Calendar']
DEBUG:root:Spell check results for https://wordpress-810691-5571285.cloudwaysapps.com/events/research-assistance-2025-08-27-2025-09-03-2025-09-10-2025-09-17-2025-09-24-2025-10-01-2025-10-08-2025-10-15-2025-10-22-2025-10-29-2025-11-05-2025-11-12-2025-11-19-2025-11-26-2025-12-03-2025-12-10/: 30 words checked, 28 skipped, 0 errors found
INFO:root:✅ Processed https://wordpress-810691-5571285.cloudwaysapps.com/events/research-assistance-2025-08-27-2025-09-03-2025-09-10-2025-09-17-2025-09-24-2025-10-01-2025-10-08-2025-10-15-2025-10-22-2025-10-29-2025-11-05-2025-11-12-2025-11-19-2025-11-26-2025-12-03-2025-12-10/: 0 errors found, 85 words checked
DEBUG:root:Attempting to fetch: https://wordpress-810691-5571285.cloudwaysapps.com/resources/new-to-genealogy-help-for-beginners/
Processing pages:  30%|███       | 115/381 [01:12<01:48,  2.44it/s]DEBUG:urllib3.connectionpool:Starting new HTTPS connection (1): wordpress-810691-5571285.cloudwaysapps.com:443
DEBUG:urllib3.connectionpool:https://accounts.google.com:443 "GET /ServiceLogin?service=cl&passive=1209600&osid=1&continue=https://calendar.google.com/calendar/event?action%3DTEMPLATE%26text%3DResearch%2BAssistance%26dates%3D20260415T130000/20260415T150000%26details%3DJoin%2Bus%2Bweekly%2Bin%2Bthe%2BGenealogy%2BRoom%2Bfor%2Bin-person%2Bhelp%2Bwith%2Byour%2Bresearch.%2BIt%25E2%2580%2599s%2Ba%2Bgreat%2Bchance%2Bto%2Bget%2Bone-on-one%2Bguidance,%2Bask%2Bquestions,%2Band%2Bconnect%2Bwith%2Bothers%2Bwho%2Bshare%2Byour%2Bpassion%2Bfor%2Bfamily%2Bhistory.%26location%3D2525%2BOakley%2BSeaver%2BDr,%2BClermont,%2BFL,%2B34711,%2BUnited%2BStates%26trp%3Dfalse%26sprop%3Dhttps://wordpress-810691-5571285.cloudwaysapps.com/events/research-assistance-2025-08-27-2025-09-03-2025-09-10-2025-09-17-2025-09-24-2025-10-01-2025-10-08-2025-10-15-2025-10-22-2025-10-29-2025-11-05-2025-11-12-2025-11-19-2025-11-26-2025-12-03-2-08-2026-04-15/%26sprop%3Dname:Pastfinders%26ctz%3DAmerica/New_York&followup=https://calendar.google.com/calendar/event?action%3DTEMPLATE%26text%3DResearch%2BAssistance%26dates%3D20260415T130000/20260415T150000%26details%3DJoin%2Bus%2Bweekly%2Bin%2Bthe%2BGenealogy%2BRoom%2Bfor%2Bin-person%2Bhelp%2Bwith%2Byour%2Bresearch.%2BIt%25E2%2580%2599s%2Ba%2Bgreat%2Bchance%2Bto%2Bget%2Bone-on-one%2Bguidance,%2Bask%2Bquestions,%2Band%2Bconnect%2Bwith%2Bothers%2Bwho%2Bshare%2Byour%2Bpassion%2Bfor%2Bfamily%2Bhistory.%26location%3D2525%2BOakley%2BSeaver%2BDr,%2BClermont,%2BFL,%2B34711,%2BUnited%2BStates%26trp%3Dfalse%26sprop%3Dhttps://wordpress-810691-5571285.cloudwaysapps.com/events/research-assistance-2025-08-27-2025-09-03-2025-09-10-2025-09-17-2025-09-24-2025-10-01-2025-10-08-2025-10-15-2025-10-22-2025-10-29-2025-11-05-2025-11-12-2025-11-19-2025-11-26-2025-12-03-2-08-2026-04-15/%26sprop%3Dname:Pastfinders%26ctz%3DAmerica/New_York&emr=1 HTTP/1.1" 302 0
DEBUG:urllib3.connectionpool:https://accounts.google.com:443 "GET /InteractiveLogin?continue=https://calendar.google.com/calendar/event?action%3DTEMPLATE%26text%3DResearch%2BAssistance%26dates%3D20260415T130000/20260415T150000%26details%3DJoin%2Bus%2Bweekly%2Bin%2Bthe%2BGenealogy%2BRoom%2Bfor%2Bin-person%2Bhelp%2Bwith%2Byour%2Bresearch.%2BIt%25E2%2580%2599s%2Ba%2Bgreat%2Bchance%2Bto%2Bget%2Bone-on-one%2Bguidance,%2Bask%2Bquestions,%2Band%2Bconnect%2Bwith%2Bothers%2Bwho%2Bshare%2Byour%2Bpassion%2Bfor%2Bfamily%2Bhistory.%26location%3D2525%2BOakley%2BSeaver%2BDr,%2BClermont,%2BFL,%2B34711,%2BUnited%2BStates%26trp%3Dfalse%26sprop%3Dhttps://wordpress-810691-5571285.cloudwaysapps.com/events/research-assistance-2025-08-27-2025-09-03-2025-09-10-2025-09-17-2025-09-24-2025-10-01-2025-10-08-2025-10-15-2025-10-22-2025-10-29-2025-11-05-2025-11-12-2025-11-19-2025-11-26-2025-12-03-2-08-2026-04-15/%26sprop%3Dname:Pastfinders%26ctz%3DAmerica/New_York&emr=1&followup=https://calendar.google.com/calendar/event?action%3DTEMPLATE%26text%3DResearch%2BAssistance%26dates%3D20260415T130000/20260415T150000%26details%3DJoin%2Bus%2Bweekly%2Bin%2Bthe%2BGenealogy%2BRoom%2Bfor%2Bin-person%2Bhelp%2Bwith%2Byour%2Bresearch.%2BIt%25E2%2580%2599s%2Ba%2Bgreat%2Bchance%2Bto%2Bget%2Bone-on-one%2Bguidance,%2Bask%2Bquestions,%2Band%2Bconnect%2Bwith%2Bothers%2Bwho%2Bshare%2Byour%2Bpassion%2Bfor%2Bfamily%2Bhistory.%26location%3D2525%2BOakley%2BSeaver%2BDr,%2BClermont,%2BFL,%2B34711,%2BUnited%2BStates%26trp%3Dfalse%26sprop%3Dhttps://wordpress-810691-5571285.cloudwaysapps.com/events/research-assistance-2025-08-27-2025-09-03-2025-09-10-2025-09-17-2025-09-24-2025-10-01-2025-10-08-2025-10-15-2025-10-22-2025-10-29-2025-11-05-2025-11-12-2025-11-19-2025-11-26-2025-12-03-2-08-2026-04-15/%26sprop%3Dname:Pastfinders%26ctz%3DAmerica/New_York&osid=1&passive=1209600&service=cl&ifkv=AdBytiMtd1wYWefG9i3JdAIDY20rCLpxCrlbfbReYe3YydQAh6BlgTpQnA_q3u2N4RTZ3Ar6mM-_Ng HTTP/1.1" 302 None
DEBUG:urllib3.connectionpool:https://wordpress-810691-5571285.cloudwaysapps.com:443 "GET /resources/new-to-genealogy-help-for-beginners/ HTTP/1.1" 200 None
DEBUG:root:Successfully fetched https://wordpress-810691-5571285.cloudwaysapps.com/resources/new-to-genealogy-help-for-beginners/ (Content-Length: 38861)
DEBUG:charset_normalizer:Encoding detection: utf_8 is most likely the one.
DEBUG:root:Extracted 565 characters, 99 words from https://wordpress-810691-5571285.cloudwaysapps.com/resources/new-to-genealogy-help-for-beginners/
DEBUG:root:Using regex pattern: \b[a-zA-Z]{3,}\b
DEBUG:root:Found 77 words to check in https://wordpress-810691-5571285.cloudwaysapps.com/resources/new-to-genealogy-help-for-beginners/ (min_length=3)
DEBUG:root:Sample words from https://wordpress-810691-5571285.cloudwaysapps.com/resources/new-to-genealogy-help-for-beginners/: ['This', 'alert', 'Skip', 'content', 'New', 'Genealogy', 'Help', 'for', 'Beginners', 'June']
DEBUG:root:Spell check results for https://wordpress-810691-5571285.cloudwaysapps.com/resources/new-to-genealogy-help-for-beginners/: 50 words checked, 27 skipped, 0 errors found
INFO:root:✅ Processed https://wordpress-810691-5571285.cloudwaysapps.com/resources/new-to-genealogy-help-for-beginners/: 0 errors found, 99 words checked
DEBUG:root:Attempting to fetch: https://wordpress-810691-5571285.cloudwaysapps.com/resources/getting-started-on-ancestry-14-minutes/
Processing pages:  30%|███       | 116/381 [01:12<01:34,  2.81it/s]DEBUG:urllib3.connectionpool:https://accounts.google.com:443 "GET /v3/signin/identifier?continue=https%3A%2F%2Fcalendar.google.com%2Fcalendar%2Fevent%3Faction%3DTEMPLATE%26text%3DResearch%2BAssistance%26dates%3D20260415T130000%2F20260415T150000%26details%3DJoin%2Bus%2Bweekly%2Bin%2Bthe%2BGenealogy%2BRoom%2Bfor%2Bin-person%2Bhelp%2Bwith%2Byour%2Bresearch.%2BIt%25E2%2580%2599s%2Ba%2Bgreat%2Bchance%2Bto%2Bget%2Bone-on-one%2Bguidance%2C%2Bask%2Bquestions%2C%2Band%2Bconnect%2Bwith%2Bothers%2Bwho%2Bshare%2Byour%2Bpassion%2Bfor%2Bfamily%2Bhistory.%26location%3D2525%2BOakley%2BSeaver%2BDr%2C%2BClermont%2C%2BFL%2C%2B34711%2C%2BUnited%2BStates%26trp%3Dfalse%26sprop%3Dhttps%3A%2F%2Fwordpress-810691-5571285.cloudwaysapps.com%2Fevents%2Fresearch-assistance-2025-08-27-2025-09-03-2025-09-10-2025-09-17-2025-09-24-2025-10-01-2025-10-08-2025-10-15-2025-10-22-2025-10-29-2025-11-05-2025-11-12-2025-11-19-2025-11-26-2025-12-03-2-08-2026-04-15%2F%26sprop%3Dname%3APastfinders%26ctz%3DAmerica%2FNew_York&emr=1&followup=https%3A%2F%2Fcalendar.google.com%2Fcalendar%2Fevent%3Faction%3DTEMPLATE%26text%3DResearch%2BAssistance%26dates%3D20260415T130000%2F20260415T150000%26details%3DJoin%2Bus%2Bweekly%2Bin%2Bthe%2BGenealogy%2BRoom%2Bfor%2Bin-person%2Bhelp%2Bwith%2Byour%2Bresearch.%2BIt%25E2%2580%2599s%2Ba%2Bgreat%2Bchance%2Bto%2Bget%2Bone-on-one%2Bguidance%2C%2Bask%2Bquestions%2C%2Band%2Bconnect%2Bwith%2Bothers%2Bwho%2Bshare%2Byour%2Bpassion%2Bfor%2Bfamily%2Bhistory.%26location%3D2525%2BOakley%2BSeaver%2BDr%2C%2BClermont%2C%2BFL%2C%2B34711%2C%2BUnited%2BStates%26trp%3Dfalse%26sprop%3Dhttps%3A%2F%2Fwordpress-810691-5571285.cloudwaysapps.com%2Fevents%2Fresearch-assistance-2025-08-27-2025-09-03-2025-09-10-2025-09-17-2025-09-24-2025-10-01-2025-10-08-2025-10-15-2025-10-22-2025-10-29-2025-11-05-2025-11-12-2025-11-19-2025-11-26-2025-12-03-2-08-2026-04-15%2F%26sprop%3Dname%3APastfinders%26ctz%3DAmerica%2FNew_York&ifkv=AdBytiPPeaEPkFCgW6s6UrYVcY6qZm6vcnr9V188hU-8jPpagplRWzScrTQqHkIue9NU6kF5thadEQ&osid=1&passive=1209600&service=cl&flowName=WebLiteSignIn&flowEntry=ServiceLogin&dsh=S1627735669%3A1756758196748906 HTTP/1.1" 200 None
DEBUG:urllib3.connectionpool:https://wordpress-810691-5571285.cloudwaysapps.com:443 "GET /resources/getting-started-on-ancestry-14-minutes/ HTTP/1.1" 200 None
DEBUG:root:Successfully fetched https://wordpress-810691-5571285.cloudwaysapps.com/resources/getting-started-on-ancestry-14-minutes/ (Content-Length: 38802)
DEBUG:urllib3.connectionpool:https://wordpress-810691-5571285.cloudwaysapps.com:443 "GET /galleries/2016-garage-sale/ HTTP/1.1" 200 None
DEBUG:charset_normalizer:Encoding detection: utf_8 is most likely the one.
DEBUG:root:Extracted 491 characters, 88 words from https://wordpress-810691-5571285.cloudwaysapps.com/resources/getting-started-on-ancestry-14-minutes/
DEBUG:root:Using regex pattern: \b[a-zA-Z]{3,}\b
DEBUG:root:Found 64 words to check in https://wordpress-810691-5571285.cloudwaysapps.com/resources/getting-started-on-ancestry-14-minutes/ (min_length=3)
DEBUG:root:Sample words from https://wordpress-810691-5571285.cloudwaysapps.com/resources/getting-started-on-ancestry-14-minutes/: ['This', 'alert', 'Skip', 'content', 'Getting', 'Started', 'Ancestry', 'minutes', 'May', 'New']
DEBUG:root:Spell check results for https://wordpress-810691-5571285.cloudwaysapps.com/resources/getting-started-on-ancestry-14-minutes/: 43 words checked, 21 skipped, 0 errors found
INFO:root:✅ Processed https://wordpress-810691-5571285.cloudwaysapps.com/resources/getting-started-on-ancestry-14-minutes/: 0 errors found, 88 words checked
DEBUG:root:Attempting to fetch: https://wordpress-810691-5571285.cloudwaysapps.com/events/research-assistance-2025-08-27-2025-09-03-2025-09-10-2025-09-17-2025-09-24-2025-10-01-2025-10-08-2025-10-15-2025-10-22-2025-10-29-2025-11-05-2025-11-12-2025-11-19-2025-11-26-2025-12-03-2-25-2026-03-04/
Processing pages:  31%|███       | 117/381 [01:12<01:25,  3.08it/s]DEBUG:urllib3.connectionpool:https://wordpress-810691-5571285.cloudwaysapps.com:443 "GET /wp-content/uploads/2025/08/IMG_0006_2_Vivid_shr_1606256939-1024x771.webp HTTP/1.1" 200 98108
DEBUG:root:Successfully fetched https://wordpress-810691-5571285.cloudwaysapps.com/galleries/2016-garage-sale/ (Content-Length: 47054)
DEBUG:charset_normalizer:Encoding detection: utf_8 is most likely the one.
DEBUG:root:Extracted 186 characters, 35 words from https://wordpress-810691-5571285.cloudwaysapps.com/galleries/2016-garage-sale/
DEBUG:root:Checking internal image: https://wordpress-810691-5571285.cloudwaysapps.com/wp-content/uploads/2025/08/20160928_134707_1555553770-1024x576.webp
DEBUG:urllib3.connectionpool:Starting new HTTPS connection (1): wordpress-810691-5571285.cloudwaysapps.com:443
DEBUG:root:✅ Hyperlink OK: https://www.google.com/calendar/event?action=TEMPLATE&text=Research+Assistance&dates=20260415T130000/20260415T150000&details=Join+us+weekly+in+the+Genealogy+Room+for+in-person+help+with+your+research.+It%E2%80%99s+a+great+chance+to+get+one-on-one+guidance%2C+ask+questions%2C+and+connect+with+others+who+share+your+passion+for+family+history.&location=2525+Oakley+Seaver+Dr%2C+Clermont%2C+FL%2C+34711%2C+United+States&trp=false&sprop=https%3A%2F%2Fwordpress-810691-5571285.cloudwaysapps.com%2Fevents%2Fresearch-assistance-2025-08-27-2025-09-03-2025-09-10-2025-09-17-2025-09-24-2025-10-01-2025-10-08-2025-10-15-2025-10-22-2025-10-29-2025-11-05-2025-11-12-2025-11-19-2025-11-26-2025-12-03-2-08-2026-04-15%2F&sprop=name:Pastfinders&ctz=America%2FNew_York
DEBUG:root:Checking external hyperlink: https://outlook.office.com/calendar/0/deeplink/compose?allday=false&body=Join+us+weekly+in+the+Genealogy+Room+for+in-person+help+with+your+research.+It%E2%80%99s+a+great+chance+to+get+one-on-one+guidance%2C+ask+questions%2C+and+connect+with+others+who+share+your+passion+for+family+history.&location=2525+Oakley+Seaver+Dr%2C+Clermont%2C+FL%2C+34711%2C+United+States&path=/calendar/action/compose&rru=addevent&startdt=2026-04-15T13%3A00%3A00-04%3A00&enddt=2026-04-15T15%3A00%3A00-04%3A00&subject=Research+Assistance
DEBUG:root:✅ Image OK: https://wordpress-810691-5571285.cloudwaysapps.com/wp-content/uploads/2025/08/IMG_0006_2_Vivid_shr_1606256939-1024x771.webp
DEBUG:root:Checking internal image: https://wordpress-810691-5571285.cloudwaysapps.com/wp-content/uploads/2025/08/IMG_0007_2_Vivid_shr_1606256939-1024x777.webp
DEBUG:urllib3.connectionpool:Starting new HTTPS connection (1): outlook.office.com:443
DEBUG:urllib3.connectionpool:Starting new HTTPS connection (1): wordpress-810691-5571285.cloudwaysapps.com:443
DEBUG:urllib3.connectionpool:https://wordpress-810691-5571285.cloudwaysapps.com:443 "GET /events/research-assistance-2025-08-27-2025-09-03-2025-09-10-2025-09-17-2025-09-24-2025-10-01-2025-10-08-2025-10-15-2025-10-22-2025-10-29-2025-11-05-2025-11-12-2025-11-19-2025-11-26-2025-12-03-2-25-2026-03-04/ HTTP/1.1" 200 None
DEBUG:root:Successfully fetched https://wordpress-810691-5571285.cloudwaysapps.com/events/research-assistance-2025-08-27-2025-09-03-2025-09-10-2025-09-17-2025-09-24-2025-10-01-2025-10-08-2025-10-15-2025-10-22-2025-10-29-2025-11-05-2025-11-12-2025-11-19-2025-11-26-2025-12-03-2-25-2026-03-04/ (Content-Length: 44211)
DEBUG:charset_normalizer:Encoding detection: utf_8 is most likely the one.
DEBUG:root:Extracted 488 characters, 85 words from https://wordpress-810691-5571285.cloudwaysapps.com/events/research-assistance-2025-08-27-2025-09-03-2025-09-10-2025-09-17-2025-09-24-2025-10-01-2025-10-08-2025-10-15-2025-10-22-2025-10-29-2025-11-05-2025-11-12-2025-11-19-2025-11-26-2025-12-03-2-25-2026-03-04/
DEBUG:root:Checking external hyperlink: https://www.google.com/calendar/event?action=TEMPLATE&text=Research+Assistance&dates=20260304T130000/20260304T150000&details=Join+us+weekly+in+the+Genealogy+Room+for+in-person+help+with+your+research.+It%E2%80%99s+a+great+chance+to+get+one-on-one+guidance%2C+ask+questions%2C+and+connect+with+others+who+share+your+passion+for+family+history.&location=2525+Oakley+Seaver+Dr%2C+Clermont%2C+FL%2C+34711%2C+United+States&trp=false&sprop=https%3A%2F%2Fwordpress-810691-5571285.cloudwaysapps.com%2Fevents%2Fresearch-assistance-2025-08-27-2025-09-03-2025-09-10-2025-09-17-2025-09-24-2025-10-01-2025-10-08-2025-10-15-2025-10-22-2025-10-29-2025-11-05-2025-11-12-2025-11-19-2025-11-26-2025-12-03-2-25-2026-03-04%2F&sprop=name:Pastfinders&ctz=America%2FNew_York
DEBUG:urllib3.connectionpool:Starting new HTTPS connection (1): www.google.com:443
DEBUG:urllib3.connectionpool:https://www.google.com:443 "GET /calendar/event?action=TEMPLATE&text=Research+Assistance&dates=20260304T130000/20260304T150000&details=Join+us+weekly+in+the+Genealogy+Room+for+in-person+help+with+your+research.+It%E2%80%99s+a+great+chance+to+get+one-on-one+guidance%2C+ask+questions%2C+and+connect+with+others+who+share+your+passion+for+family+history.&location=2525+Oakley+Seaver+Dr%2C+Clermont%2C+FL%2C+34711%2C+United+States&trp=false&sprop=https%3A%2F%2Fwordpress-810691-5571285.cloudwaysapps.com%2Fevents%2Fresearch-assistance-2025-08-27-2025-09-03-2025-09-10-2025-09-17-2025-09-24-2025-10-01-2025-10-08-2025-10-15-2025-10-22-2025-10-29-2025-11-05-2025-11-12-2025-11-19-2025-11-26-2025-12-03-2-25-2026-03-04%2F&sprop=name:Pastfinders&ctz=America%2FNew_York HTTP/1.1" 302 0
DEBUG:urllib3.connectionpool:Starting new HTTPS connection (1): calendar.google.com:443
DEBUG:urllib3.connectionpool:https://wordpress-810691-5571285.cloudwaysapps.com:443 "GET /wp-content/uploads/2025/08/20160928_134707_1555553770-1024x576.webp HTTP/1.1" 200 82394
DEBUG:urllib3.connectionpool:https://wordpress-810691-5571285.cloudwaysapps.com:443 "GET /wp-content/uploads/2025/08/IMG_0007_2_Vivid_shr_1606256939-1024x777.webp HTTP/1.1" 200 82736
DEBUG:urllib3.connectionpool:https://outlook.office.com:443 "GET /calendar/0/deeplink/compose?allday=false&body=Join+us+weekly+in+the+Genealogy+Room+for+in-person+help+with+your+research.+It%E2%80%99s+a+great+chance+to+get+one-on-one+guidance%2C+ask+questions%2C+and+connect+with+others+who+share+your+passion+for+family+history.&location=2525+Oakley+Seaver+Dr%2C+Clermont%2C+FL%2C+34711%2C+United+States&path=/calendar/action/compose&rru=addevent&startdt=2026-04-15T13%3A00%3A00-04%3A00&enddt=2026-04-15T15%3A00%3A00-04%3A00&subject=Research+Assistance HTTP/1.1" 200 None
DEBUG:root:✅ Hyperlink OK: https://outlook.office.com/calendar/0/deeplink/compose?allday=false&body=Join+us+weekly+in+the+Genealogy+Room+for+in-person+help+with+your+research.+It%E2%80%99s+a+great+chance+to+get+one-on-one+guidance%2C+ask+questions%2C+and+connect+with+others+who+share+your+passion+for+family+history.&location=2525+Oakley+Seaver+Dr%2C+Clermont%2C+FL%2C+34711%2C+United+States&path=/calendar/action/compose&rru=addevent&startdt=2026-04-15T13%3A00%3A00-04%3A00&enddt=2026-04-15T15%3A00%3A00-04%3A00&subject=Research+Assistance
DEBUG:root:Checking external hyperlink: https://outlook.live.com/calendar/0/deeplink/compose?allday=false&body=Join+us+weekly+in+the+Genealogy+Room+for+in-person+help+with+your+research.+It%E2%80%99s+a+great+chance+to+get+one-on-one+guidance%2C+ask+questions%2C+and+connect+with+others+who+share+your+passion+for+family+history.&location=2525+Oakley+Seaver+Dr%2C+Clermont%2C+FL%2C+34711%2C+United+States&path=/calendar/action/compose&rru=addevent&startdt=2026-04-15T13%3A00%3A00-04%3A00&enddt=2026-04-15T15%3A00%3A00-04%3A00&subject=Research+Assistance
DEBUG:urllib3.connectionpool:Starting new HTTPS connection (1): outlook.live.com:443
DEBUG:root:✅ Image OK: https://wordpress-810691-5571285.cloudwaysapps.com/wp-content/uploads/2025/08/IMG_0007_2_Vivid_shr_1606256939-1024x777.webp
DEBUG:root:Checking internal image: https://wordpress-810691-5571285.cloudwaysapps.com/wp-content/uploads/2025/08/IMG_0012_7_Vivid_shr_1606257492-1-662x1024.webp
DEBUG:urllib3.connectionpool:Starting new HTTPS connection (1): wordpress-810691-5571285.cloudwaysapps.com:443
DEBUG:urllib3.connectionpool:https://calendar.google.com:443 "GET /calendar/event?action=TEMPLATE&text=Research+Assistance&dates=20260304T130000/20260304T150000&details=Join+us+weekly+in+the+Genealogy+Room+for+in-person+help+with+your+research.+It%E2%80%99s+a+great+chance+to+get+one-on-one+guidance,+ask+questions,+and+connect+with+others+who+share+your+passion+for+family+history.&location=2525+Oakley+Seaver+Dr,+Clermont,+FL,+34711,+United+States&trp=false&sprop=https://wordpress-810691-5571285.cloudwaysapps.com/events/research-assistance-2025-08-27-2025-09-03-2025-09-10-2025-09-17-2025-09-24-2025-10-01-2025-10-08-2025-10-15-2025-10-22-2025-10-29-2025-11-05-2025-11-12-2025-11-19-2025-11-26-2025-12-03-2-25-2026-03-04/&sprop=name:Pastfinders&ctz=America/New_York HTTP/1.1" 302 0
DEBUG:urllib3.connectionpool:Starting new HTTPS connection (1): accounts.google.com:443
DEBUG:root:✅ Image OK: https://wordpress-810691-5571285.cloudwaysapps.com/wp-content/uploads/2025/08/20160928_134707_1555553770-1024x576.webp
DEBUG:root:Checking internal image: https://wordpress-810691-5571285.cloudwaysapps.com/wp-content/uploads/2025/08/montverde_1555552503-791x1024.webp
DEBUG:urllib3.connectionpool:Starting new HTTPS connection (1): wordpress-810691-5571285.cloudwaysapps.com:443
DEBUG:urllib3.connectionpool:https://accounts.google.com:443 "GET /ServiceLogin?service=cl&passive=1209600&osid=1&continue=https://calendar.google.com/calendar/event?action%3DTEMPLATE%26text%3DResearch%2BAssistance%26dates%3D20260304T130000/20260304T150000%26details%3DJoin%2Bus%2Bweekly%2Bin%2Bthe%2BGenealogy%2BRoom%2Bfor%2Bin-person%2Bhelp%2Bwith%2Byour%2Bresearch.%2BIt%25E2%2580%2599s%2Ba%2Bgreat%2Bchance%2Bto%2Bget%2Bone-on-one%2Bguidance,%2Bask%2Bquestions,%2Band%2Bconnect%2Bwith%2Bothers%2Bwho%2Bshare%2Byour%2Bpassion%2Bfor%2Bfamily%2Bhistory.%26location%3D2525%2BOakley%2BSeaver%2BDr,%2BClermont,%2BFL,%2B34711,%2BUnited%2BStates%26trp%3Dfalse%26sprop%3Dhttps://wordpress-810691-5571285.cloudwaysapps.com/events/research-assistance-2025-08-27-2025-09-03-2025-09-10-2025-09-17-2025-09-24-2025-10-01-2025-10-08-2025-10-15-2025-10-22-2025-10-29-2025-11-05-2025-11-12-2025-11-19-2025-11-26-2025-12-03-2-25-2026-03-04/%26sprop%3Dname:Pastfinders%26ctz%3DAmerica/New_York&followup=https://calendar.google.com/calendar/event?action%3DTEMPLATE%26text%3DResearch%2BAssistance%26dates%3D20260304T130000/20260304T150000%26details%3DJoin%2Bus%2Bweekly%2Bin%2Bthe%2BGenealogy%2BRoom%2Bfor%2Bin-person%2Bhelp%2Bwith%2Byour%2Bresearch.%2BIt%25E2%2580%2599s%2Ba%2Bgreat%2Bchance%2Bto%2Bget%2Bone-on-one%2Bguidance,%2Bask%2Bquestions,%2Band%2Bconnect%2Bwith%2Bothers%2Bwho%2Bshare%2Byour%2Bpassion%2Bfor%2Bfamily%2Bhistory.%26location%3D2525%2BOakley%2BSeaver%2BDr,%2BClermont,%2BFL,%2B34711,%2BUnited%2BStates%26trp%3Dfalse%26sprop%3Dhttps://wordpress-810691-5571285.cloudwaysapps.com/events/research-assistance-2025-08-27-2025-09-03-2025-09-10-2025-09-17-2025-09-24-2025-10-01-2025-10-08-2025-10-15-2025-10-22-2025-10-29-2025-11-05-2025-11-12-2025-11-19-2025-11-26-2025-12-03-2-25-2026-03-04/%26sprop%3Dname:Pastfinders%26ctz%3DAmerica/New_York&emr=1 HTTP/1.1" 302 0
DEBUG:urllib3.connectionpool:https://accounts.google.com:443 "GET /InteractiveLogin?continue=https://calendar.google.com/calendar/event?action%3DTEMPLATE%26text%3DResearch%2BAssistance%26dates%3D20260304T130000/20260304T150000%26details%3DJoin%2Bus%2Bweekly%2Bin%2Bthe%2BGenealogy%2BRoom%2Bfor%2Bin-person%2Bhelp%2Bwith%2Byour%2Bresearch.%2BIt%25E2%2580%2599s%2Ba%2Bgreat%2Bchance%2Bto%2Bget%2Bone-on-one%2Bguidance,%2Bask%2Bquestions,%2Band%2Bconnect%2Bwith%2Bothers%2Bwho%2Bshare%2Byour%2Bpassion%2Bfor%2Bfamily%2Bhistory.%26location%3D2525%2BOakley%2BSeaver%2BDr,%2BClermont,%2BFL,%2B34711,%2BUnited%2BStates%26trp%3Dfalse%26sprop%3Dhttps://wordpress-810691-5571285.cloudwaysapps.com/events/research-assistance-2025-08-27-2025-09-03-2025-09-10-2025-09-17-2025-09-24-2025-10-01-2025-10-08-2025-10-15-2025-10-22-2025-10-29-2025-11-05-2025-11-12-2025-11-19-2025-11-26-2025-12-03-2-25-2026-03-04/%26sprop%3Dname:Pastfinders%26ctz%3DAmerica/New_York&emr=1&followup=https://calendar.google.com/calendar/event?action%3DTEMPLATE%26text%3DResearch%2BAssistance%26dates%3D20260304T130000/20260304T150000%26details%3DJoin%2Bus%2Bweekly%2Bin%2Bthe%2BGenealogy%2BRoom%2Bfor%2Bin-person%2Bhelp%2Bwith%2Byour%2Bresearch.%2BIt%25E2%2580%2599s%2Ba%2Bgreat%2Bchance%2Bto%2Bget%2Bone-on-one%2Bguidance,%2Bask%2Bquestions,%2Band%2Bconnect%2Bwith%2Bothers%2Bwho%2Bshare%2Byour%2Bpassion%2Bfor%2Bfamily%2Bhistory.%26location%3D2525%2BOakley%2BSeaver%2BDr,%2BClermont,%2BFL,%2B34711,%2BUnited%2BStates%26trp%3Dfalse%26sprop%3Dhttps://wordpress-810691-5571285.cloudwaysapps.com/events/research-assistance-2025-08-27-2025-09-03-2025-09-10-2025-09-17-2025-09-24-2025-10-01-2025-10-08-2025-10-15-2025-10-22-2025-10-29-2025-11-05-2025-11-12-2025-11-19-2025-11-26-2025-12-03-2-25-2026-03-04/%26sprop%3Dname:Pastfinders%26ctz%3DAmerica/New_York&osid=1&passive=1209600&service=cl&ifkv=AdBytiP_3S5Gyx-V6SlyJG7FI8dla4YOp-uCs7rFLA5jOesZ2hK6hNEn4Yt_MK_ZF16OZZdLJDjyCA HTTP/1.1" 302 None
DEBUG:root:✅ Document OK: https://pastfindersslc.org/upload/newsletters/201501V27N1.pdf
DEBUG:root:Checking external document: https://pastfindersslc.org/upload/newsletters/201412V26N5.pdf
DEBUG:urllib3.connectionpool:Starting new HTTPS connection (1): pastfindersslc.org:443
DEBUG:urllib3.connectionpool:https://outlook.live.com:443 "GET /calendar/0/deeplink/compose?allday=false&body=Join+us+weekly+in+the+Genealogy+Room+for+in-person+help+with+your+research.+It%E2%80%99s+a+great+chance+to+get+one-on-one+guidance%2C+ask+questions%2C+and+connect+with+others+who+share+your+passion+for+family+history.&location=2525+Oakley+Seaver+Dr%2C+Clermont%2C+FL%2C+34711%2C+United+States&path=/calendar/action/compose&rru=addevent&startdt=2026-04-15T13%3A00%3A00-04%3A00&enddt=2026-04-15T15%3A00%3A00-04%3A00&subject=Research+Assistance HTTP/1.1" 200 None
DEBUG:root:✅ Hyperlink OK: https://outlook.live.com/calendar/0/deeplink/compose?allday=false&body=Join+us+weekly+in+the+Genealogy+Room+for+in-person+help+with+your+research.+It%E2%80%99s+a+great+chance+to+get+one-on-one+guidance%2C+ask+questions%2C+and+connect+with+others+who+share+your+passion+for+family+history.&location=2525+Oakley+Seaver+Dr%2C+Clermont%2C+FL%2C+34711%2C+United+States&path=/calendar/action/compose&rru=addevent&startdt=2026-04-15T13%3A00%3A00-04%3A00&enddt=2026-04-15T15%3A00%3A00-04%3A00&subject=Research+Assistance
DEBUG:root:Using regex pattern: \b[a-zA-Z]{3,}\b
DEBUG:root:Found 58 words to check in https://wordpress-810691-5571285.cloudwaysapps.com/events/research-assistance-2025-08-27-2025-09-03-2025-09-10-2025-09-17-2025-09-24-2025-10-01-2025-10-08-2025-10-15-2025-10-22-2025-10-29-2025-11-05-2025-11-12-2025-11-19-2025-11-26-2025-12-03-2-08-2026-04-15/ (min_length=3)
DEBUG:root:Sample words from https://wordpress-810691-5571285.cloudwaysapps.com/events/research-assistance-2025-08-27-2025-09-03-2025-09-10-2025-09-17-2025-09-24-2025-10-01-2025-10-08-2025-10-15-2025-10-22-2025-10-29-2025-11-05-2025-11-12-2025-11-19-2025-11-26-2025-12-03-2-08-2026-04-15/: ['This', 'alert', 'Skip', 'content', 'Research', 'Assistance', 'When', 'April', 'Add', 'Calendar']
DEBUG:root:Spell check results for https://wordpress-810691-5571285.cloudwaysapps.com/events/research-assistance-2025-08-27-2025-09-03-2025-09-10-2025-09-17-2025-09-24-2025-10-01-2025-10-08-2025-10-15-2025-10-22-2025-10-29-2025-11-05-2025-11-12-2025-11-19-2025-11-26-2025-12-03-2-08-2026-04-15/: 30 words checked, 28 skipped, 0 errors found
INFO:root:✅ Processed https://wordpress-810691-5571285.cloudwaysapps.com/events/research-assistance-2025-08-27-2025-09-03-2025-09-10-2025-09-17-2025-09-24-2025-10-01-2025-10-08-2025-10-15-2025-10-22-2025-10-29-2025-11-05-2025-11-12-2025-11-19-2025-11-26-2025-12-03-2-08-2026-04-15/: 0 errors found, 85 words checked
DEBUG:root:Attempting to fetch: https://wordpress-810691-5571285.cloudwaysapps.com/resources/genetic-genealogy-simplified-part-1/
Processing pages:  31%|███       | 118/381 [01:13<01:42,  2.56it/s]DEBUG:urllib3.connectionpool:https://accounts.google.com:443 "GET /v3/signin/identifier?continue=https%3A%2F%2Fcalendar.google.com%2Fcalendar%2Fevent%3Faction%3DTEMPLATE%26text%3DResearch%2BAssistance%26dates%3D20260304T130000%2F20260304T150000%26details%3DJoin%2Bus%2Bweekly%2Bin%2Bthe%2BGenealogy%2BRoom%2Bfor%2Bin-person%2Bhelp%2Bwith%2Byour%2Bresearch.%2BIt%25E2%2580%2599s%2Ba%2Bgreat%2Bchance%2Bto%2Bget%2Bone-on-one%2Bguidance%2C%2Bask%2Bquestions%2C%2Band%2Bconnect%2Bwith%2Bothers%2Bwho%2Bshare%2Byour%2Bpassion%2Bfor%2Bfamily%2Bhistory.%26location%3D2525%2BOakley%2BSeaver%2BDr%2C%2BClermont%2C%2BFL%2C%2B34711%2C%2BUnited%2BStates%26trp%3Dfalse%26sprop%3Dhttps%3A%2F%2Fwordpress-810691-5571285.cloudwaysapps.com%2Fevents%2Fresearch-assistance-2025-08-27-2025-09-03-2025-09-10-2025-09-17-2025-09-24-2025-10-01-2025-10-08-2025-10-15-2025-10-22-2025-10-29-2025-11-05-2025-11-12-2025-11-19-2025-11-26-2025-12-03-2-25-2026-03-04%2F%26sprop%3Dname%3APastfinders%26ctz%3DAmerica%2FNew_York&emr=1&followup=https%3A%2F%2Fcalendar.google.com%2Fcalendar%2Fevent%3Faction%3DTEMPLATE%26text%3DResearch%2BAssistance%26dates%3D20260304T130000%2F20260304T150000%26details%3DJoin%2Bus%2Bweekly%2Bin%2Bthe%2BGenealogy%2BRoom%2Bfor%2Bin-person%2Bhelp%2Bwith%2Byour%2Bresearch.%2BIt%25E2%2580%2599s%2Ba%2Bgreat%2Bchance%2Bto%2Bget%2Bone-on-one%2Bguidance%2C%2Bask%2Bquestions%2C%2Band%2Bconnect%2Bwith%2Bothers%2Bwho%2Bshare%2Byour%2Bpassion%2Bfor%2Bfamily%2Bhistory.%26location%3D2525%2BOakley%2BSeaver%2BDr%2C%2BClermont%2C%2BFL%2C%2B34711%2C%2BUnited%2BStates%26trp%3Dfalse%26sprop%3Dhttps%3A%2F%2Fwordpress-810691-5571285.cloudwaysapps.com%2Fevents%2Fresearch-assistance-2025-08-27-2025-09-03-2025-09-10-2025-09-17-2025-09-24-2025-10-01-2025-10-08-2025-10-15-2025-10-22-2025-10-29-2025-11-05-2025-11-12-2025-11-19-2025-11-26-2025-12-03-2-25-2026-03-04%2F%26sprop%3Dname%3APastfinders%26ctz%3DAmerica%2FNew_York&ifkv=AdBytiPvcC16c68stzf1nGT3o3gEm_X_UnAhk9tHqfBog9iI0YQ8vCJLEoZsI9hJPWo090OyVtovuw&osid=1&passive=1209600&service=cl&flowName=WebLiteSignIn&flowEntry=ServiceLogin&dsh=S873368438%3A1756758197588466 HTTP/1.1" 200 None
DEBUG:urllib3.connectionpool:https://wordpress-810691-5571285.cloudwaysapps.com:443 "GET /wp-content/uploads/2025/08/IMG_0012_7_Vivid_shr_1606257492-1-662x1024.webp HTTP/1.1" 200 49106
DEBUG:urllib3.connectionpool:https://wordpress-810691-5571285.cloudwaysapps.com:443 "GET /wp-content/uploads/2025/08/montverde_1555552503-791x1024.webp HTTP/1.1" 200 180930
DEBUG:root:✅ Image OK: https://wordpress-810691-5571285.cloudwaysapps.com/wp-content/uploads/2025/08/IMG_0012_7_Vivid_shr_1606257492-1-662x1024.webp
DEBUG:root:Checking internal image: https://wordpress-810691-5571285.cloudwaysapps.com/wp-content/uploads/2025/08/IMG_0009_5_1606257144-717x1024.webp
DEBUG:urllib3.connectionpool:https://wordpress-810691-5571285.cloudwaysapps.com:443 "GET /resources/genetic-genealogy-simplified-part-1/ HTTP/1.1" 200 None
DEBUG:root:Successfully fetched https://wordpress-810691-5571285.cloudwaysapps.com/resources/genetic-genealogy-simplified-part-1/ (Content-Length: 38752)
DEBUG:charset_normalizer:Encoding detection: utf_8 is most likely the one.
DEBUG:urllib3.connectionpool:Starting new HTTPS connection (1): wordpress-810691-5571285.cloudwaysapps.com:443
DEBUG:root:✅ Hyperlink OK: https://www.google.com/calendar/event?action=TEMPLATE&text=Research+Assistance&dates=20260304T130000/20260304T150000&details=Join+us+weekly+in+the+Genealogy+Room+for+in-person+help+with+your+research.+It%E2%80%99s+a+great+chance+to+get+one-on-one+guidance%2C+ask+questions%2C+and+connect+with+others+who+share+your+passion+for+family+history.&location=2525+Oakley+Seaver+Dr%2C+Clermont%2C+FL%2C+34711%2C+United+States&trp=false&sprop=https%3A%2F%2Fwordpress-810691-5571285.cloudwaysapps.com%2Fevents%2Fresearch-assistance-2025-08-27-2025-09-03-2025-09-10-2025-09-17-2025-09-24-2025-10-01-2025-10-08-2025-10-15-2025-10-22-2025-10-29-2025-11-05-2025-11-12-2025-11-19-2025-11-26-2025-12-03-2-25-2026-03-04%2F&sprop=name:Pastfinders&ctz=America%2FNew_York
DEBUG:root:Checking external hyperlink: https://outlook.office.com/calendar/0/deeplink/compose?allday=false&body=Join+us+weekly+in+the+Genealogy+Room+for+in-person+help+with+your+research.+It%E2%80%99s+a+great+chance+to+get+one-on-one+guidance%2C+ask+questions%2C+and+connect+with+others+who+share+your+passion+for+family+history.&location=2525+Oakley+Seaver+Dr%2C+Clermont%2C+FL%2C+34711%2C+United+States&path=/calendar/action/compose&rru=addevent&startdt=2026-03-04T13%3A00%3A00-05%3A00&enddt=2026-03-04T15%3A00%3A00-05%3A00&subject=Research+Assistance
DEBUG:urllib3.connectionpool:Starting new HTTPS connection (1): outlook.office.com:443
DEBUG:root:Extracted 484 characters, 83 words from https://wordpress-810691-5571285.cloudwaysapps.com/resources/genetic-genealogy-simplified-part-1/
DEBUG:urllib3.connectionpool:https://pastfindersslc.org:443 "GET /upload/newsletters/201412V26N5.pdf HTTP/1.1" 200 1598477
DEBUG:root:Using regex pattern: \b[a-zA-Z]{3,}\b
DEBUG:root:Found 63 words to check in https://wordpress-810691-5571285.cloudwaysapps.com/resources/genetic-genealogy-simplified-part-1/ (min_length=3)
DEBUG:root:Sample words from https://wordpress-810691-5571285.cloudwaysapps.com/resources/genetic-genealogy-simplified-part-1/: ['This', 'alert', 'Skip', 'content', 'Genetic', 'Genealogy', 'Simplified', 'Part', 'July', 'Thinking']
DEBUG:root:Spell check results for https://wordpress-810691-5571285.cloudwaysapps.com/resources/genetic-genealogy-simplified-part-1/: 42 words checked, 21 skipped, 0 errors found
INFO:root:✅ Processed https://wordpress-810691-5571285.cloudwaysapps.com/resources/genetic-genealogy-simplified-part-1/: 0 errors found, 83 words checked
DEBUG:root:Attempting to fetch: https://wordpress-810691-5571285.cloudwaysapps.com/galleries/2007-holiday-party/
Processing pages:  31%|███       | 119/381 [01:13<01:21,  3.20it/s]DEBUG:root:✅ Image OK: https://wordpress-810691-5571285.cloudwaysapps.com/wp-content/uploads/2025/08/montverde_1555552503-791x1024.webp
DEBUG:root:Checking internal image: https://wordpress-810691-5571285.cloudwaysapps.com/wp-content/uploads/2025/08/Charirty_1555553839.webp
DEBUG:urllib3.connectionpool:Starting new HTTPS connection (1): wordpress-810691-5571285.cloudwaysapps.com:443
DEBUG:urllib3.connectionpool:https://wordpress-810691-5571285.cloudwaysapps.com:443 "GET /galleries/2007-holiday-party/ HTTP/1.1" 200 None
DEBUG:root:Successfully fetched https://wordpress-810691-5571285.cloudwaysapps.com/galleries/2007-holiday-party/ (Content-Length: 50237)
DEBUG:charset_normalizer:Encoding detection: utf_8 is most likely the one.
DEBUG:root:Extracted 205 characters, 39 words from https://wordpress-810691-5571285.cloudwaysapps.com/galleries/2007-holiday-party/
DEBUG:root:Checking internal image: https://wordpress-810691-5571285.cloudwaysapps.com/wp-content/uploads/2025/08/IMG_0013_Vivid_shr_1566261093-1024x706.webp
DEBUG:urllib3.connectionpool:Starting new HTTPS connection (1): wordpress-810691-5571285.cloudwaysapps.com:443
DEBUG:urllib3.connectionpool:https://outlook.office.com:443 "GET /calendar/0/deeplink/compose?allday=false&body=Join+us+weekly+in+the+Genealogy+Room+for+in-person+help+with+your+research.+It%E2%80%99s+a+great+chance+to+get+one-on-one+guidance%2C+ask+questions%2C+and+connect+with+others+who+share+your+passion+for+family+history.&location=2525+Oakley+Seaver+Dr%2C+Clermont%2C+FL%2C+34711%2C+United+States&path=/calendar/action/compose&rru=addevent&startdt=2026-03-04T13%3A00%3A00-05%3A00&enddt=2026-03-04T15%3A00%3A00-05%3A00&subject=Research+Assistance HTTP/1.1" 200 None
DEBUG:urllib3.connectionpool:https://wordpress-810691-5571285.cloudwaysapps.com:443 "GET /wp-content/uploads/2025/08/IMG_0009_5_1606257144-717x1024.webp HTTP/1.1" 200 74370
DEBUG:root:✅ Hyperlink OK: https://outlook.office.com/calendar/0/deeplink/compose?allday=false&body=Join+us+weekly+in+the+Genealogy+Room+for+in-person+help+with+your+research.+It%E2%80%99s+a+great+chance+to+get+one-on-one+guidance%2C+ask+questions%2C+and+connect+with+others+who+share+your+passion+for+family+history.&location=2525+Oakley+Seaver+Dr%2C+Clermont%2C+FL%2C+34711%2C+United+States&path=/calendar/action/compose&rru=addevent&startdt=2026-03-04T13%3A00%3A00-05%3A00&enddt=2026-03-04T15%3A00%3A00-05%3A00&subject=Research+Assistance
DEBUG:root:Checking external hyperlink: https://outlook.live.com/calendar/0/deeplink/compose?allday=false&body=Join+us+weekly+in+the+Genealogy+Room+for+in-person+help+with+your+research.+It%E2%80%99s+a+great+chance+to+get+one-on-one+guidance%2C+ask+questions%2C+and+connect+with+others+who+share+your+passion+for+family+history.&location=2525+Oakley+Seaver+Dr%2C+Clermont%2C+FL%2C+34711%2C+United+States&path=/calendar/action/compose&rru=addevent&startdt=2026-03-04T13%3A00%3A00-05%3A00&enddt=2026-03-04T15%3A00%3A00-05%3A00&subject=Research+Assistance
DEBUG:urllib3.connectionpool:Starting new HTTPS connection (1): outlook.live.com:443
DEBUG:root:✅ Document OK: https://pastfindersslc.org/upload/newsletters/201412V26N5.pdf
DEBUG:root:Checking external document: https://pastfindersslc.org/upload/newsletters/201410V26N4.pdf
DEBUG:urllib3.connectionpool:Starting new HTTPS connection (1): pastfindersslc.org:443
DEBUG:root:✅ Image OK: https://wordpress-810691-5571285.cloudwaysapps.com/wp-content/uploads/2025/08/IMG_0009_5_1606257144-717x1024.webp
DEBUG:root:Checking internal image: https://wordpress-810691-5571285.cloudwaysapps.com/wp-content/uploads/2025/08/IMG_0009_2_1606257144-1019x1024.webp
DEBUG:urllib3.connectionpool:https://wordpress-810691-5571285.cloudwaysapps.com:443 "GET /wp-content/uploads/2025/08/Charirty_1555553839.webp HTTP/1.1" 200 50824
DEBUG:urllib3.connectionpool:Starting new HTTPS connection (1): wordpress-810691-5571285.cloudwaysapps.com:443
DEBUG:root:✅ Image OK: https://wordpress-810691-5571285.cloudwaysapps.com/wp-content/uploads/2025/08/Charirty_1555553839.webp
DEBUG:root:Using regex pattern: \b[a-zA-Z]{3,}\b
DEBUG:root:Found 17 words to check in https://wordpress-810691-5571285.cloudwaysapps.com/galleries/2016-garage-sale/ (min_length=3)
DEBUG:root:Sample words from https://wordpress-810691-5571285.cloudwaysapps.com/galleries/2016-garage-sale/: ['This', 'alert', 'Skip', 'content', 'Garage', 'Sale', 'images', 'Click', 'view', 'Click']
DEBUG:root:Spell check results for https://wordpress-810691-5571285.cloudwaysapps.com/galleries/2016-garage-sale/: 6 words checked, 11 skipped, 0 errors found
INFO:root:✅ Processed https://wordpress-810691-5571285.cloudwaysapps.com/galleries/2016-garage-sale/: 0 errors found, 35 words checked
DEBUG:root:Attempting to fetch: https://wordpress-810691-5571285.cloudwaysapps.com/galleries/2014-october-open-house/
Processing pages:  31%|███▏      | 120/381 [01:13<01:25,  3.04it/s]DEBUG:urllib3.connectionpool:https://wordpress-810691-5571285.cloudwaysapps.com:443 "GET /wp-content/uploads/2025/08/IMG_0013_Vivid_shr_1566261093-1024x706.webp HTTP/1.1" 200 89058
DEBUG:urllib3.connectionpool:https://wordpress-810691-5571285.cloudwaysapps.com:443 "GET /galleries/2014-october-open-house/ HTTP/1.1" 200 None
DEBUG:root:Successfully fetched https://wordpress-810691-5571285.cloudwaysapps.com/galleries/2014-october-open-house/ (Content-Length: 71858)
DEBUG:urllib3.connectionpool:https://pastfindersslc.org:443 "GET /upload/newsletters/201410V26N4.pdf HTTP/1.1" 200 1545478
DEBUG:charset_normalizer:Encoding detection: utf_8 is most likely the one.
DEBUG:urllib3.connectionpool:https://outlook.live.com:443 "GET /calendar/0/deeplink/compose?allday=false&body=Join+us+weekly+in+the+Genealogy+Room+for+in-person+help+with+your+research.+It%E2%80%99s+a+great+chance+to+get+one-on-one+guidance%2C+ask+questions%2C+and+connect+with+others+who+share+your+passion+for+family+history.&location=2525+Oakley+Seaver+Dr%2C+Clermont%2C+FL%2C+34711%2C+United+States&path=/calendar/action/compose&rru=addevent&startdt=2026-03-04T13%3A00%3A00-05%3A00&enddt=2026-03-04T15%3A00%3A00-05%3A00&subject=Research+Assistance HTTP/1.1" 200 None
DEBUG:root:✅ Image OK: https://wordpress-810691-5571285.cloudwaysapps.com/wp-content/uploads/2025/08/IMG_0013_Vivid_shr_1566261093-1024x706.webp
DEBUG:root:Checking internal image: https://wordpress-810691-5571285.cloudwaysapps.com/wp-content/uploads/2025/08/IMG_0014_2_Vivid_shr_1566261093-1024x886.webp
DEBUG:root:✅ Hyperlink OK: https://outlook.live.com/calendar/0/deeplink/compose?allday=false&body=Join+us+weekly+in+the+Genealogy+Room+for+in-person+help+with+your+research.+It%E2%80%99s+a+great+chance+to+get+one-on-one+guidance%2C+ask+questions%2C+and+connect+with+others+who+share+your+passion+for+family+history.&location=2525+Oakley+Seaver+Dr%2C+Clermont%2C+FL%2C+34711%2C+United+States&path=/calendar/action/compose&rru=addevent&startdt=2026-03-04T13%3A00%3A00-05%3A00&enddt=2026-03-04T15%3A00%3A00-05%3A00&subject=Research+Assistance
DEBUG:root:Using regex pattern: \b[a-zA-Z]{3,}\b
DEBUG:root:Found 58 words to check in https://wordpress-810691-5571285.cloudwaysapps.com/events/research-assistance-2025-08-27-2025-09-03-2025-09-10-2025-09-17-2025-09-24-2025-10-01-2025-10-08-2025-10-15-2025-10-22-2025-10-29-2025-11-05-2025-11-12-2025-11-19-2025-11-26-2025-12-03-2-25-2026-03-04/ (min_length=3)
DEBUG:root:Sample words from https://wordpress-810691-5571285.cloudwaysapps.com/events/research-assistance-2025-08-27-2025-09-03-2025-09-10-2025-09-17-2025-09-24-2025-10-01-2025-10-08-2025-10-15-2025-10-22-2025-10-29-2025-11-05-2025-11-12-2025-11-19-2025-11-26-2025-12-03-2-25-2026-03-04/: ['This', 'alert', 'Skip', 'content', 'Research', 'Assistance', 'When', 'March', 'Add', 'Calendar']
DEBUG:root:Spell check results for https://wordpress-810691-5571285.cloudwaysapps.com/events/research-assistance-2025-08-27-2025-09-03-2025-09-10-2025-09-17-2025-09-24-2025-10-01-2025-10-08-2025-10-15-2025-10-22-2025-10-29-2025-11-05-2025-11-12-2025-11-19-2025-11-26-2025-12-03-2-25-2026-03-04/: 30 words checked, 28 skipped, 0 errors found
INFO:root:✅ Processed https://wordpress-810691-5571285.cloudwaysapps.com/events/research-assistance-2025-08-27-2025-09-03-2025-09-10-2025-09-17-2025-09-24-2025-10-01-2025-10-08-2025-10-15-2025-10-22-2025-10-29-2025-11-05-2025-11-12-2025-11-19-2025-11-26-2025-12-03-2-25-2026-03-04/: 0 errors found, 85 words checked
DEBUG:root:Attempting to fetch: https://wordpress-810691-5571285.cloudwaysapps.com/events/family-book-creator-special-interest-group-sig-2025-08-25/
Processing pages:  32%|███▏      | 121/381 [01:14<01:08,  3.79it/s]DEBUG:root:Extracted 364 characters, 76 words from https://wordpress-810691-5571285.cloudwaysapps.com/galleries/2014-october-open-house/
DEBUG:urllib3.connectionpool:Starting new HTTPS connection (1): wordpress-810691-5571285.cloudwaysapps.com:443
DEBUG:root:Checking internal image: https://wordpress-810691-5571285.cloudwaysapps.com/wp-content/uploads/2025/08/2014_8_pastfinders_open_house_15_1525039599-1024x683.webp
DEBUG:urllib3.connectionpool:Starting new HTTPS connection (1): wordpress-810691-5571285.cloudwaysapps.com:443
DEBUG:urllib3.connectionpool:https://wordpress-810691-5571285.cloudwaysapps.com:443 "GET /events/family-book-creator-special-interest-group-sig-2025-08-25/ HTTP/1.1" 200 None
DEBUG:root:Successfully fetched https://wordpress-810691-5571285.cloudwaysapps.com/events/family-book-creator-special-interest-group-sig-2025-08-25/ (Content-Length: 42523)
DEBUG:charset_normalizer:Encoding detection: utf_8 is most likely the one.
DEBUG:root:Extracted 845 characters, 141 words from https://wordpress-810691-5571285.cloudwaysapps.com/events/family-book-creator-special-interest-group-sig-2025-08-25/
DEBUG:root:Checking external hyperlink: https://www.google.com/calendar/event?action=TEMPLATE&text=Family+Book+Creator+Special+Interest+Group+%28SIG%29&dates=20250825T190000/20250825T200000&details=This+group+grew+out+of+our+original+FBC+Study+Group%2C+a+joint+effort+between+Pastfinders+and+Kinseekers.+For+now%2C+membership+is+limited+to+participants+of+that+original+group%2C+but+we+hope+to+welcome+more+members+in+the+future.&location=&trp=false&sprop=https%3A%2F%2Fwordpress-810691-5571285.cloudwaysapps.com%2Fevents%2Ffamily-book-creator-special-interest-group-sig-2025-08-25%2F&sprop=name:Pastfinders&ctz=America%2FNew_York
DEBUG:urllib3.connectionpool:Starting new HTTPS connection (1): www.google.com:443
DEBUG:urllib3.connectionpool:https://wordpress-810691-5571285.cloudwaysapps.com:443 "GET /wp-content/uploads/2025/08/IMG_0009_2_1606257144-1019x1024.webp HTTP/1.1" 200 62578
DEBUG:root:✅ Image OK: https://wordpress-810691-5571285.cloudwaysapps.com/wp-content/uploads/2025/08/IMG_0009_2_1606257144-1019x1024.webp
DEBUG:root:Checking internal image: https://wordpress-810691-5571285.cloudwaysapps.com/wp-content/uploads/2025/08/IMG_0007_4_Vivid_shr_1606256939-1024x745.webp
DEBUG:urllib3.connectionpool:Starting new HTTPS connection (1): wordpress-810691-5571285.cloudwaysapps.com:443
DEBUG:root:✅ Document OK: https://pastfindersslc.org/upload/newsletters/201410V26N4.pdf
DEBUG:root:Checking external document: https://pastfindersslc.org/upload/newsletters/201409V26N3.pdf
DEBUG:urllib3.connectionpool:Starting new HTTPS connection (1): pastfindersslc.org:443
DEBUG:urllib3.connectionpool:https://www.google.com:443 "GET /calendar/event?action=TEMPLATE&text=Family+Book+Creator+Special+Interest+Group+%28SIG%29&dates=20250825T190000/20250825T200000&details=This+group+grew+out+of+our+original+FBC+Study+Group%2C+a+joint+effort+between+Pastfinders+and+Kinseekers.+For+now%2C+membership+is+limited+to+participants+of+that+original+group%2C+but+we+hope+to+welcome+more+members+in+the+future.&location=&trp=false&sprop=https%3A%2F%2Fwordpress-810691-5571285.cloudwaysapps.com%2Fevents%2Ffamily-book-creator-special-interest-group-sig-2025-08-25%2F&sprop=name:Pastfinders&ctz=America%2FNew_York HTTP/1.1" 302 0
DEBUG:urllib3.connectionpool:Starting new HTTPS connection (1): calendar.google.com:443
DEBUG:urllib3.connectionpool:https://wordpress-810691-5571285.cloudwaysapps.com:443 "GET /wp-content/uploads/2025/08/2014_8_pastfinders_open_house_15_1525039599-1024x683.webp HTTP/1.1" 200 93692
DEBUG:urllib3.connectionpool:https://wordpress-810691-5571285.cloudwaysapps.com:443 "GET /wp-content/uploads/2025/08/IMG_0014_2_Vivid_shr_1566261093-1024x886.webp HTTP/1.1" 200 134454
DEBUG:root:✅ Image OK: https://wordpress-810691-5571285.cloudwaysapps.com/wp-content/uploads/2025/08/2014_8_pastfinders_open_house_15_1525039599-1024x683.webp
DEBUG:root:Checking internal image: https://wordpress-810691-5571285.cloudwaysapps.com/wp-content/uploads/2025/08/2014_8_pastfinders_open_house_14_1525039589-1024x683.webp
DEBUG:urllib3.connectionpool:Starting new HTTPS connection (1): wordpress-810691-5571285.cloudwaysapps.com:443
DEBUG:urllib3.connectionpool:https://pastfindersslc.org:443 "GET /upload/newsletters/201409V26N3.pdf HTTP/1.1" 200 1803750
DEBUG:urllib3.connectionpool:https://calendar.google.com:443 "GET /calendar/event?action=TEMPLATE&text=Family+Book+Creator+Special+Interest+Group+(SIG)&dates=20250825T190000/20250825T200000&details=This+group+grew+out+of+our+original+FBC+Study+Group,+a+joint+effort+between+Pastfinders+and+Kinseekers.+For+now,+membership+is+limited+to+participants+of+that+original+group,+but+we+hope+to+welcome+more+members+in+the+future.&location&trp=false&sprop=https://wordpress-810691-5571285.cloudwaysapps.com/events/family-book-creator-special-interest-group-sig-2025-08-25/&sprop=name:Pastfinders&ctz=America/New_York HTTP/1.1" 302 0
DEBUG:urllib3.connectionpool:Starting new HTTPS connection (1): accounts.google.com:443
DEBUG:root:✅ Image OK: https://wordpress-810691-5571285.cloudwaysapps.com/wp-content/uploads/2025/08/IMG_0014_2_Vivid_shr_1566261093-1024x886.webp
DEBUG:root:Checking internal image: https://wordpress-810691-5571285.cloudwaysapps.com/wp-content/uploads/2025/08/IMG_0014_1566261093-1024x811.webp
DEBUG:urllib3.connectionpool:Starting new HTTPS connection (1): wordpress-810691-5571285.cloudwaysapps.com:443
DEBUG:urllib3.connectionpool:https://wordpress-810691-5571285.cloudwaysapps.com:443 "GET /wp-content/uploads/2025/08/IMG_0007_4_Vivid_shr_1606256939-1024x745.webp HTTP/1.1" 200 65234
DEBUG:root:✅ Image OK: https://wordpress-810691-5571285.cloudwaysapps.com/wp-content/uploads/2025/08/IMG_0007_4_Vivid_shr_1606256939-1024x745.webp
DEBUG:root:Checking internal image: https://wordpress-810691-5571285.cloudwaysapps.com/wp-content/uploads/2025/08/IMG_0006_3_Vivid_shr_1606256939-1024x730.webp
DEBUG:urllib3.connectionpool:Starting new HTTPS connection (1): wordpress-810691-5571285.cloudwaysapps.com:443
DEBUG:urllib3.connectionpool:https://accounts.google.com:443 "GET /ServiceLogin?service=cl&passive=1209600&osid=1&continue=https://calendar.google.com/calendar/event?action%3DTEMPLATE%26text%3DFamily%2BBook%2BCreator%2BSpecial%2BInterest%2BGroup%2B(SIG)%26dates%3D20250825T190000/20250825T200000%26details%3DThis%2Bgroup%2Bgrew%2Bout%2Bof%2Bour%2Boriginal%2BFBC%2BStudy%2BGroup,%2Ba%2Bjoint%2Beffort%2Bbetween%2BPastfinders%2Band%2BKinseekers.%2BFor%2Bnow,%2Bmembership%2Bis%2Blimited%2Bto%2Bparticipants%2Bof%2Bthat%2Boriginal%2Bgroup,%2Bbut%2Bwe%2Bhope%2Bto%2Bwelcome%2Bmore%2Bmembers%2Bin%2Bthe%2Bfuture.%26location%26trp%3Dfalse%26sprop%3Dhttps://wordpress-810691-5571285.cloudwaysapps.com/events/family-book-creator-special-interest-group-sig-2025-08-25/%26sprop%3Dname:Pastfinders%26ctz%3DAmerica/New_York&followup=https://calendar.google.com/calendar/event?action%3DTEMPLATE%26text%3DFamily%2BBook%2BCreator%2BSpecial%2BInterest%2BGroup%2B(SIG)%26dates%3D20250825T190000/20250825T200000%26details%3DThis%2Bgroup%2Bgrew%2Bout%2Bof%2Bour%2Boriginal%2BFBC%2BStudy%2BGroup,%2Ba%2Bjoint%2Beffort%2Bbetween%2BPastfinders%2Band%2BKinseekers.%2BFor%2Bnow,%2Bmembership%2Bis%2Blimited%2Bto%2Bparticipants%2Bof%2Bthat%2Boriginal%2Bgroup,%2Bbut%2Bwe%2Bhope%2Bto%2Bwelcome%2Bmore%2Bmembers%2Bin%2Bthe%2Bfuture.%26location%26trp%3Dfalse%26sprop%3Dhttps://wordpress-810691-5571285.cloudwaysapps.com/events/family-book-creator-special-interest-group-sig-2025-08-25/%26sprop%3Dname:Pastfinders%26ctz%3DAmerica/New_York&emr=1 HTTP/1.1" 302 0
DEBUG:urllib3.connectionpool:https://accounts.google.com:443 "GET /InteractiveLogin?continue=https://calendar.google.com/calendar/event?action%3DTEMPLATE%26text%3DFamily%2BBook%2BCreator%2BSpecial%2BInterest%2BGroup%2B(SIG)%26dates%3D20250825T190000/20250825T200000%26details%3DThis%2Bgroup%2Bgrew%2Bout%2Bof%2Bour%2Boriginal%2BFBC%2BStudy%2BGroup,%2Ba%2Bjoint%2Beffort%2Bbetween%2BPastfinders%2Band%2BKinseekers.%2BFor%2Bnow,%2Bmembership%2Bis%2Blimited%2Bto%2Bparticipants%2Bof%2Bthat%2Boriginal%2Bgroup,%2Bbut%2Bwe%2Bhope%2Bto%2Bwelcome%2Bmore%2Bmembers%2Bin%2Bthe%2Bfuture.%26location%26trp%3Dfalse%26sprop%3Dhttps://wordpress-810691-5571285.cloudwaysapps.com/events/family-book-creator-special-interest-group-sig-2025-08-25/%26sprop%3Dname:Pastfinders%26ctz%3DAmerica/New_York&emr=1&followup=https://calendar.google.com/calendar/event?action%3DTEMPLATE%26text%3DFamily%2BBook%2BCreator%2BSpecial%2BInterest%2BGroup%2B(SIG)%26dates%3D20250825T190000/20250825T200000%26details%3DThis%2Bgroup%2Bgrew%2Bout%2Bof%2Bour%2Boriginal%2BFBC%2BStudy%2BGroup,%2Ba%2Bjoint%2Beffort%2Bbetween%2BPastfinders%2Band%2BKinseekers.%2BFor%2Bnow,%2Bmembership%2Bis%2Blimited%2Bto%2Bparticipants%2Bof%2Bthat%2Boriginal%2Bgroup,%2Bbut%2Bwe%2Bhope%2Bto%2Bwelcome%2Bmore%2Bmembers%2Bin%2Bthe%2Bfuture.%26location%26trp%3Dfalse%26sprop%3Dhttps://wordpress-810691-5571285.cloudwaysapps.com/events/family-book-creator-special-interest-group-sig-2025-08-25/%26sprop%3Dname:Pastfinders%26ctz%3DAmerica/New_York&osid=1&passive=1209600&service=cl&ifkv=AdBytiMdJ7ElGbfsTXjtq4gUpBUuvDchxrZqCGfVbG22Np8-V56QXsIKuR2jJUmCWahv8G2IzswsYA HTTP/1.1" 302 None
DEBUG:urllib3.connectionpool:https://wordpress-810691-5571285.cloudwaysapps.com:443 "GET /wp-content/uploads/2025/08/2014_8_pastfinders_open_house_14_1525039589-1024x683.webp HTTP/1.1" 200 95382
DEBUG:root:✅ Document OK: https://pastfindersslc.org/upload/newsletters/201409V26N3.pdf
DEBUG:root:Checking external document: https://pastfindersslc.org/upload/newsletters/201404V26N2.pdf
DEBUG:urllib3.connectionpool:https://accounts.google.com:443 "GET /v3/signin/identifier?continue=https%3A%2F%2Fcalendar.google.com%2Fcalendar%2Fevent%3Faction%3DTEMPLATE%26text%3DFamily%2BBook%2BCreator%2BSpecial%2BInterest%2BGroup%2B%28SIG%29%26dates%3D20250825T190000%2F20250825T200000%26details%3DThis%2Bgroup%2Bgrew%2Bout%2Bof%2Bour%2Boriginal%2BFBC%2BStudy%2BGroup%2C%2Ba%2Bjoint%2Beffort%2Bbetween%2BPastfinders%2Band%2BKinseekers.%2BFor%2Bnow%2C%2Bmembership%2Bis%2Blimited%2Bto%2Bparticipants%2Bof%2Bthat%2Boriginal%2Bgroup%2C%2Bbut%2Bwe%2Bhope%2Bto%2Bwelcome%2Bmore%2Bmembers%2Bin%2Bthe%2Bfuture.%26location%26trp%3Dfalse%26sprop%3Dhttps%3A%2F%2Fwordpress-810691-5571285.cloudwaysapps.com%2Fevents%2Ffamily-book-creator-special-interest-group-sig-2025-08-25%2F%26sprop%3Dname%3APastfinders%26ctz%3DAmerica%2FNew_York&emr=1&followup=https%3A%2F%2Fcalendar.google.com%2Fcalendar%2Fevent%3Faction%3DTEMPLATE%26text%3DFamily%2BBook%2BCreator%2BSpecial%2BInterest%2BGroup%2B%28SIG%29%26dates%3D20250825T190000%2F20250825T200000%26details%3DThis%2Bgroup%2Bgrew%2Bout%2Bof%2Bour%2Boriginal%2BFBC%2BStudy%2BGroup%2C%2Ba%2Bjoint%2Beffort%2Bbetween%2BPastfinders%2Band%2BKinseekers.%2BFor%2Bnow%2C%2Bmembership%2Bis%2Blimited%2Bto%2Bparticipants%2Bof%2Bthat%2Boriginal%2Bgroup%2C%2Bbut%2Bwe%2Bhope%2Bto%2Bwelcome%2Bmore%2Bmembers%2Bin%2Bthe%2Bfuture.%26location%26trp%3Dfalse%26sprop%3Dhttps%3A%2F%2Fwordpress-810691-5571285.cloudwaysapps.com%2Fevents%2Ffamily-book-creator-special-interest-group-sig-2025-08-25%2F%26sprop%3Dname%3APastfinders%26ctz%3DAmerica%2FNew_York&ifkv=AdBytiNSl5mz-zifk3fPmZoxEKMhrGJhuBYn6hD_d-0jK7W0fSeqwDQkD_HhYP-oUPbAj1vJqaoMJQ&osid=1&passive=1209600&service=cl&flowName=WebLiteSignIn&flowEntry=ServiceLogin&dsh=S202052593%3A1756758198993411 HTTP/1.1" 200 None
DEBUG:urllib3.connectionpool:Starting new HTTPS connection (1): pastfindersslc.org:443
DEBUG:urllib3.connectionpool:https://wordpress-810691-5571285.cloudwaysapps.com:443 "GET /wp-content/uploads/2025/08/IMG_0014_1566261093-1024x811.webp HTTP/1.1" 200 84232
DEBUG:root:✅ Image OK: https://wordpress-810691-5571285.cloudwaysapps.com/wp-content/uploads/2025/08/2014_8_pastfinders_open_house_14_1525039589-1024x683.webp
DEBUG:root:Checking internal image: https://wordpress-810691-5571285.cloudwaysapps.com/wp-content/uploads/2025/08/2014_8_pastfinders_open_house_16_1525039612-1024x683.webp
DEBUG:urllib3.connectionpool:Starting new HTTPS connection (1): wordpress-810691-5571285.cloudwaysapps.com:443
DEBUG:root:✅ Image OK: https://wordpress-810691-5571285.cloudwaysapps.com/wp-content/uploads/2025/08/IMG_0014_1566261093-1024x811.webp
DEBUG:root:Checking internal image: https://wordpress-810691-5571285.cloudwaysapps.com/wp-content/uploads/2025/08/IMG_0013_2_Vivid_shr_1566261093-1024x596.webp
DEBUG:urllib3.connectionpool:Starting new HTTPS connection (1): wordpress-810691-5571285.cloudwaysapps.com:443
DEBUG:urllib3.connectionpool:https://wordpress-810691-5571285.cloudwaysapps.com:443 "GET /wp-content/uploads/2025/08/IMG_0006_3_Vivid_shr_1606256939-1024x730.webp HTTP/1.1" 200 75650
DEBUG:root:✅ Hyperlink OK: https://www.google.com/calendar/event?action=TEMPLATE&text=Family+Book+Creator+Special+Interest+Group+%28SIG%29&dates=20250825T190000/20250825T200000&details=This+group+grew+out+of+our+original+FBC+Study+Group%2C+a+joint+effort+between+Pastfinders+and+Kinseekers.+For+now%2C+membership+is+limited+to+participants+of+that+original+group%2C+but+we+hope+to+welcome+more+members+in+the+future.&location=&trp=false&sprop=https%3A%2F%2Fwordpress-810691-5571285.cloudwaysapps.com%2Fevents%2Ffamily-book-creator-special-interest-group-sig-2025-08-25%2F&sprop=name:Pastfinders&ctz=America%2FNew_York
DEBUG:root:Checking external hyperlink: https://outlook.office.com/calendar/0/deeplink/compose?allday=false&body=This+group+grew+out+of+our+original+FBC+Study+Group%2C+a+joint+effort+between+Pastfinders+and+Kinseekers.+For+now%2C+membership+is+limited+to+participants+of+that+original+group%2C+but+we+hope+to+welcome+more+members+in+the+future.&location=&path=/calendar/action/compose&rru=addevent&startdt=2025-08-25T19%3A00%3A00-04%3A00&enddt=2025-08-25T20%3A00%3A00-04%3A00&subject=Family+Book+Creator+Special+Interest+Group+%28SIG%29
DEBUG:urllib3.connectionpool:Starting new HTTPS connection (1): outlook.office.com:443
DEBUG:urllib3.connectionpool:https://pastfindersslc.org:443 "GET /upload/newsletters/201404V26N2.pdf HTTP/1.1" 200 1621522
DEBUG:root:✅ Image OK: https://wordpress-810691-5571285.cloudwaysapps.com/wp-content/uploads/2025/08/IMG_0006_3_Vivid_shr_1606256939-1024x730.webp
DEBUG:root:Checking internal image: https://wordpress-810691-5571285.cloudwaysapps.com/wp-content/uploads/2025/08/IMG_0007_3_Vivid_shr_1606256939-1024x719.webp
DEBUG:urllib3.connectionpool:Starting new HTTPS connection (1): wordpress-810691-5571285.cloudwaysapps.com:443
DEBUG:urllib3.connectionpool:https://wordpress-810691-5571285.cloudwaysapps.com:443 "GET /wp-content/uploads/2025/08/2014_8_pastfinders_open_house_16_1525039612-1024x683.webp HTTP/1.1" 200 110528
DEBUG:urllib3.connectionpool:https://wordpress-810691-5571285.cloudwaysapps.com:443 "GET /wp-content/uploads/2025/08/IMG_0013_2_Vivid_shr_1566261093-1024x596.webp HTTP/1.1" 200 94058
DEBUG:root:✅ Document OK: https://pastfindersslc.org/upload/newsletters/201404V26N2.pdf
DEBUG:root:Checking external document: https://pastfindersslc.org/upload/newsletters/201403V26N1.pdf
DEBUG:urllib3.connectionpool:Starting new HTTPS connection (1): pastfindersslc.org:443
DEBUG:urllib3.connectionpool:https://outlook.office.com:443 "GET /calendar/0/deeplink/compose?allday=false&body=This+group+grew+out+of+our+original+FBC+Study+Group%2C+a+joint+effort+between+Pastfinders+and+Kinseekers.+For+now%2C+membership+is+limited+to+participants+of+that+original+group%2C+but+we+hope+to+welcome+more+members+in+the+future.&location=&path=/calendar/action/compose&rru=addevent&startdt=2025-08-25T19%3A00%3A00-04%3A00&enddt=2025-08-25T20%3A00%3A00-04%3A00&subject=Family+Book+Creator+Special+Interest+Group+%28SIG%29 HTTP/1.1" 200 None
DEBUG:root:✅ Hyperlink OK: https://outlook.office.com/calendar/0/deeplink/compose?allday=false&body=This+group+grew+out+of+our+original+FBC+Study+Group%2C+a+joint+effort+between+Pastfinders+and+Kinseekers.+For+now%2C+membership+is+limited+to+participants+of+that+original+group%2C+but+we+hope+to+welcome+more+members+in+the+future.&location=&path=/calendar/action/compose&rru=addevent&startdt=2025-08-25T19%3A00%3A00-04%3A00&enddt=2025-08-25T20%3A00%3A00-04%3A00&subject=Family+Book+Creator+Special+Interest+Group+%28SIG%29
DEBUG:root:Checking external hyperlink: https://outlook.live.com/calendar/0/deeplink/compose?allday=false&body=This+group+grew+out+of+our+original+FBC+Study+Group%2C+a+joint+effort+between+Pastfinders+and+Kinseekers.+For+now%2C+membership+is+limited+to+participants+of+that+original+group%2C+but+we+hope+to+welcome+more+members+in+the+future.&location=&path=/calendar/action/compose&rru=addevent&startdt=2025-08-25T19%3A00%3A00-04%3A00&enddt=2025-08-25T20%3A00%3A00-04%3A00&subject=Family+Book+Creator+Special+Interest+Group+%28SIG%29
DEBUG:urllib3.connectionpool:Starting new HTTPS connection (1): outlook.live.com:443
DEBUG:urllib3.connectionpool:https://wordpress-810691-5571285.cloudwaysapps.com:443 "GET /wp-content/uploads/2025/08/IMG_0007_3_Vivid_shr_1606256939-1024x719.webp HTTP/1.1" 200 65686
DEBUG:root:✅ Image OK: https://wordpress-810691-5571285.cloudwaysapps.com/wp-content/uploads/2025/08/2014_8_pastfinders_open_house_16_1525039612-1024x683.webp
DEBUG:root:Checking internal image: https://wordpress-810691-5571285.cloudwaysapps.com/wp-content/uploads/2025/08/2014_8_pastfinders_open_house_8_1525039539-1024x683.webp
DEBUG:urllib3.connectionpool:Starting new HTTPS connection (1): wordpress-810691-5571285.cloudwaysapps.com:443
DEBUG:root:✅ Image OK: https://wordpress-810691-5571285.cloudwaysapps.com/wp-content/uploads/2025/08/IMG_0007_3_Vivid_shr_1606256939-1024x719.webp
DEBUG:root:Checking internal image: https://wordpress-810691-5571285.cloudwaysapps.com/wp-content/uploads/2025/08/IMG_0004_2_1606256736-1024x727.webp
DEBUG:urllib3.connectionpool:Starting new HTTPS connection (1): wordpress-810691-5571285.cloudwaysapps.com:443
DEBUG:urllib3.connectionpool:https://pastfindersslc.org:443 "GET /upload/newsletters/201403V26N1.pdf HTTP/1.1" 200 5226742
DEBUG:root:✅ Image OK: https://wordpress-810691-5571285.cloudwaysapps.com/wp-content/uploads/2025/08/IMG_0013_2_Vivid_shr_1566261093-1024x596.webp
DEBUG:root:Using regex pattern: \b[a-zA-Z]{3,}\b
DEBUG:root:Found 19 words to check in https://wordpress-810691-5571285.cloudwaysapps.com/galleries/2007-holiday-party/ (min_length=3)
DEBUG:root:Sample words from https://wordpress-810691-5571285.cloudwaysapps.com/galleries/2007-holiday-party/: ['This', 'alert', 'Skip', 'content', 'Holiday', 'Party', 'images', 'Click', 'view', 'Click']
DEBUG:root:Spell check results for https://wordpress-810691-5571285.cloudwaysapps.com/galleries/2007-holiday-party/: 7 words checked, 12 skipped, 0 errors found
INFO:root:✅ Processed https://wordpress-810691-5571285.cloudwaysapps.com/galleries/2007-holiday-party/: 0 errors found, 39 words checked
DEBUG:root:Attempting to fetch: https://wordpress-810691-5571285.cloudwaysapps.com/galleries/2018-ann-mohr-osisek/
Processing pages:  32%|███▏      | 122/381 [01:15<02:25,  1.78it/s]DEBUG:urllib3.connectionpool:https://wordpress-810691-5571285.cloudwaysapps.com:443 "GET /galleries/2018-ann-mohr-osisek/ HTTP/1.1" 200 None
DEBUG:root:Successfully fetched https://wordpress-810691-5571285.cloudwaysapps.com/galleries/2018-ann-mohr-osisek/ (Content-Length: 54684)
DEBUG:charset_normalizer:Encoding detection: utf_8 is most likely the one.
DEBUG:root:Extracted 241 characters, 48 words from https://wordpress-810691-5571285.cloudwaysapps.com/galleries/2018-ann-mohr-osisek/
DEBUG:root:Checking internal image: https://wordpress-810691-5571285.cloudwaysapps.com/wp-content/uploads/2025/08/IMG_1380_1571796468-1024x683.webp
DEBUG:urllib3.connectionpool:Starting new HTTPS connection (1): wordpress-810691-5571285.cloudwaysapps.com:443
DEBUG:urllib3.connectionpool:https://outlook.live.com:443 "GET /calendar/0/deeplink/compose?allday=false&body=This+group+grew+out+of+our+original+FBC+Study+Group%2C+a+joint+effort+between+Pastfinders+and+Kinseekers.+For+now%2C+membership+is+limited+to+participants+of+that+original+group%2C+but+we+hope+to+welcome+more+members+in+the+future.&location=&path=/calendar/action/compose&rru=addevent&startdt=2025-08-25T19%3A00%3A00-04%3A00&enddt=2025-08-25T20%3A00%3A00-04%3A00&subject=Family+Book+Creator+Special+Interest+Group+%28SIG%29 HTTP/1.1" 200 None
DEBUG:root:✅ Hyperlink OK: https://outlook.live.com/calendar/0/deeplink/compose?allday=false&body=This+group+grew+out+of+our+original+FBC+Study+Group%2C+a+joint+effort+between+Pastfinders+and+Kinseekers.+For+now%2C+membership+is+limited+to+participants+of+that+original+group%2C+but+we+hope+to+welcome+more+members+in+the+future.&location=&path=/calendar/action/compose&rru=addevent&startdt=2025-08-25T19%3A00%3A00-04%3A00&enddt=2025-08-25T20%3A00%3A00-04%3A00&subject=Family+Book+Creator+Special+Interest+Group+%28SIG%29
DEBUG:root:Using regex pattern: \b[a-zA-Z]{3,}\b
DEBUG:root:Found 109 words to check in https://wordpress-810691-5571285.cloudwaysapps.com/events/family-book-creator-special-interest-group-sig-2025-08-25/ (min_length=3)
DEBUG:root:Sample words from https://wordpress-810691-5571285.cloudwaysapps.com/events/family-book-creator-special-interest-group-sig-2025-08-25/: ['This', 'alert', 'Skip', 'content', 'Family', 'Book', 'Creator', 'Special', 'Interest', 'Group']
DEBUG:root:Spell check results for https://wordpress-810691-5571285.cloudwaysapps.com/events/family-book-creator-special-interest-group-sig-2025-08-25/: 62 words checked, 47 skipped, 0 errors found
INFO:root:✅ Processed https://wordpress-810691-5571285.cloudwaysapps.com/events/family-book-creator-special-interest-group-sig-2025-08-25/: 0 errors found, 141 words checked
DEBUG:root:Attempting to fetch: https://wordpress-810691-5571285.cloudwaysapps.com/galleries/2006-guest-speakers-events/
Processing pages:  32%|███▏      | 123/381 [01:15<02:05,  2.06it/s]DEBUG:urllib3.connectionpool:https://wordpress-810691-5571285.cloudwaysapps.com:443 "GET /galleries/2006-guest-speakers-events/ HTTP/1.1" 200 None
DEBUG:root:Successfully fetched https://wordpress-810691-5571285.cloudwaysapps.com/galleries/2006-guest-speakers-events/ (Content-Length: 43440)
DEBUG:charset_normalizer:Encoding detection: utf_8 is most likely the one.
DEBUG:urllib3.connectionpool:https://wordpress-810691-5571285.cloudwaysapps.com:443 "GET /wp-content/uploads/2025/08/IMG_0004_2_1606256736-1024x727.webp HTTP/1.1" 200 55568
DEBUG:urllib3.connectionpool:https://wordpress-810691-5571285.cloudwaysapps.com:443 "GET /wp-content/uploads/2025/08/2014_8_pastfinders_open_house_8_1525039539-1024x683.webp HTTP/1.1" 200 77144
DEBUG:root:Extracted 164 characters, 28 words from https://wordpress-810691-5571285.cloudwaysapps.com/galleries/2006-guest-speakers-events/
DEBUG:root:Checking internal image: https://wordpress-810691-5571285.cloudwaysapps.com/wp-content/uploads/2025/08/IMG_0003_1565112917-791x1024.webp
DEBUG:urllib3.connectionpool:Starting new HTTPS connection (1): wordpress-810691-5571285.cloudwaysapps.com:443
DEBUG:root:✅ Image OK: https://wordpress-810691-5571285.cloudwaysapps.com/wp-content/uploads/2025/08/IMG_0004_2_1606256736-1024x727.webp
DEBUG:root:Checking internal image: https://wordpress-810691-5571285.cloudwaysapps.com/wp-content/uploads/2025/08/IMG_0006_4_1606256939-1024x815.webp
DEBUG:urllib3.connectionpool:Starting new HTTPS connection (1): wordpress-810691-5571285.cloudwaysapps.com:443
DEBUG:root:✅ Image OK: https://wordpress-810691-5571285.cloudwaysapps.com/wp-content/uploads/2025/08/2014_8_pastfinders_open_house_8_1525039539-1024x683.webp
DEBUG:root:Checking internal image: https://wordpress-810691-5571285.cloudwaysapps.com/wp-content/uploads/2025/08/2014_8_pastfinders_open_house_18_1525039640-1024x683.webp
DEBUG:urllib3.connectionpool:https://wordpress-810691-5571285.cloudwaysapps.com:443 "GET /wp-content/uploads/2025/08/IMG_1380_1571796468-1024x683.webp HTTP/1.1" 200 98984
DEBUG:urllib3.connectionpool:Starting new HTTPS connection (1): wordpress-810691-5571285.cloudwaysapps.com:443
DEBUG:root:✅ Image OK: https://wordpress-810691-5571285.cloudwaysapps.com/wp-content/uploads/2025/08/IMG_1380_1571796468-1024x683.webp
DEBUG:root:Checking internal image: https://wordpress-810691-5571285.cloudwaysapps.com/wp-content/uploads/2025/08/IMG_1379_1571796468-1024x683.webp
DEBUG:urllib3.connectionpool:Starting new HTTPS connection (1): wordpress-810691-5571285.cloudwaysapps.com:443
DEBUG:urllib3.connectionpool:https://wordpress-810691-5571285.cloudwaysapps.com:443 "GET /wp-content/uploads/2025/08/IMG_0003_1565112917-791x1024.webp HTTP/1.1" 200 164192
DEBUG:urllib3.connectionpool:https://wordpress-810691-5571285.cloudwaysapps.com:443 "GET /wp-content/uploads/2025/08/IMG_0006_4_1606256939-1024x815.webp HTTP/1.1" 200 66352
DEBUG:root:✅ Image OK: https://wordpress-810691-5571285.cloudwaysapps.com/wp-content/uploads/2025/08/IMG_0006_4_1606256939-1024x815.webp
DEBUG:root:Checking internal image: https://wordpress-810691-5571285.cloudwaysapps.com/wp-content/uploads/2025/08/IMG_0010_4_1606257144-951x1024.webp
DEBUG:root:✅ Image OK: https://wordpress-810691-5571285.cloudwaysapps.com/wp-content/uploads/2025/08/IMG_0003_1565112917-791x1024.webp
DEBUG:root:Using regex pattern: \b[a-zA-Z]{3,}\b
DEBUG:root:Found 14 words to check in https://wordpress-810691-5571285.cloudwaysapps.com/galleries/2006-guest-speakers-events/ (min_length=3)
DEBUG:root:Sample words from https://wordpress-810691-5571285.cloudwaysapps.com/galleries/2006-guest-speakers-events/: ['This', 'alert', 'Skip', 'content', 'Guest', 'Speakers', 'Events', 'images', 'Click', 'view']
DEBUG:root:Spell check results for https://wordpress-810691-5571285.cloudwaysapps.com/galleries/2006-guest-speakers-events/: 4 words checked, 10 skipped, 0 errors found
INFO:root:✅ Processed https://wordpress-810691-5571285.cloudwaysapps.com/galleries/2006-guest-speakers-events/: 0 errors found, 28 words checked
DEBUG:root:Attempting to fetch: https://wordpress-810691-5571285.cloudwaysapps.com/galleries/2017-open-house-downtown-evt/
Processing pages:  33%|███▎      | 124/381 [01:16<02:19,  1.85it/s]DEBUG:urllib3.connectionpool:Starting new HTTPS connection (1): wordpress-810691-5571285.cloudwaysapps.com:443
DEBUG:urllib3.connectionpool:https://wordpress-810691-5571285.cloudwaysapps.com:443 "GET /wp-content/uploads/2025/08/2014_8_pastfinders_open_house_18_1525039640-1024x683.webp HTTP/1.1" 200 97386
DEBUG:root:✅ Image OK: https://wordpress-810691-5571285.cloudwaysapps.com/wp-content/uploads/2025/08/2014_8_pastfinders_open_house_18_1525039640-1024x683.webp
DEBUG:root:Checking internal image: https://wordpress-810691-5571285.cloudwaysapps.com/wp-content/uploads/2025/08/2014_8_pastfinders_open_house_21_1525039682-1024x683.webp
DEBUG:urllib3.connectionpool:Starting new HTTPS connection (1): wordpress-810691-5571285.cloudwaysapps.com:443
DEBUG:urllib3.connectionpool:https://wordpress-810691-5571285.cloudwaysapps.com:443 "GET /galleries/2017-open-house-downtown-evt/ HTTP/1.1" 200 None
DEBUG:root:Successfully fetched https://wordpress-810691-5571285.cloudwaysapps.com/galleries/2017-open-house-downtown-evt/ (Content-Length: 52873)
DEBUG:charset_normalizer:Encoding detection: utf_8 is most likely the one.
DEBUG:urllib3.connectionpool:https://wordpress-810691-5571285.cloudwaysapps.com:443 "GET /wp-content/uploads/2025/08/IMG_1379_1571796468-1024x683.webp HTTP/1.1" 200 74734
DEBUG:root:Extracted 234 characters, 45 words from https://wordpress-810691-5571285.cloudwaysapps.com/galleries/2017-open-house-downtown-evt/
DEBUG:root:Checking internal image: https://wordpress-810691-5571285.cloudwaysapps.com/wp-content/uploads/2025/08/11227548_1092311527450318_5619803930033564707_o_1555553526-1024x604.webp
DEBUG:urllib3.connectionpool:Starting new HTTPS connection (1): wordpress-810691-5571285.cloudwaysapps.com:443
DEBUG:root:✅ Image OK: https://wordpress-810691-5571285.cloudwaysapps.com/wp-content/uploads/2025/08/IMG_1379_1571796468-1024x683.webp
DEBUG:root:Checking internal image: https://wordpress-810691-5571285.cloudwaysapps.com/wp-content/uploads/2025/08/IMG_1377_1571796468-1024x683.webp
DEBUG:urllib3.connectionpool:Starting new HTTPS connection (1): wordpress-810691-5571285.cloudwaysapps.com:443
DEBUG:urllib3.connectionpool:https://wordpress-810691-5571285.cloudwaysapps.com:443 "GET /wp-content/uploads/2025/08/IMG_0010_4_1606257144-951x1024.webp HTTP/1.1" 200 81556
DEBUG:root:✅ Image OK: https://wordpress-810691-5571285.cloudwaysapps.com/wp-content/uploads/2025/08/IMG_0010_4_1606257144-951x1024.webp
DEBUG:root:Using regex pattern: \b[a-zA-Z]{3,}\b
DEBUG:root:Found 109 words to check in https://wordpress-810691-5571285.cloudwaysapps.com/galleries/1998-holiday-party/ (min_length=3)
DEBUG:root:Sample words from https://wordpress-810691-5571285.cloudwaysapps.com/galleries/1998-holiday-party/: ['This', 'alert', 'Skip', 'content', 'Holiday', 'Party', 'images', 'Click', 'view', 'Click']
DEBUG:root:Spell check results for https://wordpress-810691-5571285.cloudwaysapps.com/galleries/1998-holiday-party/: 52 words checked, 57 skipped, 0 errors found
INFO:root:✅ Processed https://wordpress-810691-5571285.cloudwaysapps.com/galleries/1998-holiday-party/: 0 errors found, 219 words checked
DEBUG:root:Attempting to fetch: https://wordpress-810691-5571285.cloudwaysapps.com/events/family-book-creator-special-interest-group-sig-2026-07-27/
Processing pages:  33%|███▎      | 125/381 [01:16<02:00,  2.13it/s]DEBUG:urllib3.connectionpool:https://wordpress-810691-5571285.cloudwaysapps.com:443 "GET /wp-content/uploads/2025/08/2014_8_pastfinders_open_house_21_1525039682-1024x683.webp HTTP/1.1" 200 85430
DEBUG:urllib3.connectionpool:https://wordpress-810691-5571285.cloudwaysapps.com:443 "GET /wp-content/uploads/2025/08/11227548_1092311527450318_5619803930033564707_o_1555553526-1024x604.webp HTTP/1.1" 200 73030
DEBUG:root:✅ Image OK: https://wordpress-810691-5571285.cloudwaysapps.com/wp-content/uploads/2025/08/2014_8_pastfinders_open_house_21_1525039682-1024x683.webp
DEBUG:root:Checking internal image: https://wordpress-810691-5571285.cloudwaysapps.com/wp-content/uploads/2025/08/2014_8_pastfinders_open_house_4_1525039472-1024x683.webp
DEBUG:urllib3.connectionpool:Starting new HTTPS connection (1): wordpress-810691-5571285.cloudwaysapps.com:443
DEBUG:urllib3.connectionpool:https://wordpress-810691-5571285.cloudwaysapps.com:443 "GET /events/family-book-creator-special-interest-group-sig-2026-07-27/ HTTP/1.1" 200 None
DEBUG:root:Successfully fetched https://wordpress-810691-5571285.cloudwaysapps.com/events/family-book-creator-special-interest-group-sig-2026-07-27/ (Content-Length: 42519)
DEBUG:charset_normalizer:Encoding detection: utf_8 is most likely the one.
DEBUG:urllib3.connectionpool:https://wordpress-810691-5571285.cloudwaysapps.com:443 "GET /wp-content/uploads/2025/08/IMG_1377_1571796468-1024x683.webp HTTP/1.1" 200 67832
DEBUG:root:Extracted 843 characters, 141 words from https://wordpress-810691-5571285.cloudwaysapps.com/events/family-book-creator-special-interest-group-sig-2026-07-27/
DEBUG:root:Checking external hyperlink: https://www.google.com/calendar/event?action=TEMPLATE&text=Family+Book+Creator+Special+Interest+Group+%28SIG%29&dates=20260727T190000/20260727T200000&details=This+group+grew+out+of+our+original+FBC+Study+Group%2C+a+joint+effort+between+Pastfinders+and+Kinseekers.+For+now%2C+membership+is+limited+to+participants+of+that+original+group%2C+but+we+hope+to+welcome+more+members+in+the+future.&location=&trp=false&sprop=https%3A%2F%2Fwordpress-810691-5571285.cloudwaysapps.com%2Fevents%2Ffamily-book-creator-special-interest-group-sig-2026-07-27%2F&sprop=name:Pastfinders&ctz=America%2FNew_York
DEBUG:urllib3.connectionpool:Starting new HTTPS connection (1): www.google.com:443
DEBUG:root:✅ Image OK: https://wordpress-810691-5571285.cloudwaysapps.com/wp-content/uploads/2025/08/11227548_1092311527450318_5619803930033564707_o_1555553526-1024x604.webp
DEBUG:root:Checking internal image: https://wordpress-810691-5571285.cloudwaysapps.com/wp-content/uploads/2025/08/First_Friday_3_1555553339.webp
DEBUG:urllib3.connectionpool:Starting new HTTPS connection (1): wordpress-810691-5571285.cloudwaysapps.com:443
DEBUG:root:✅ Image OK: https://wordpress-810691-5571285.cloudwaysapps.com/wp-content/uploads/2025/08/IMG_1377_1571796468-1024x683.webp
DEBUG:root:Checking internal image: https://wordpress-810691-5571285.cloudwaysapps.com/wp-content/uploads/2025/08/IMG_1376_1571796468-1024x683.webp
DEBUG:urllib3.connectionpool:Starting new HTTPS connection (1): wordpress-810691-5571285.cloudwaysapps.com:443
DEBUG:urllib3.connectionpool:https://www.google.com:443 "GET /calendar/event?action=TEMPLATE&text=Family+Book+Creator+Special+Interest+Group+%28SIG%29&dates=20260727T190000/20260727T200000&details=This+group+grew+out+of+our+original+FBC+Study+Group%2C+a+joint+effort+between+Pastfinders+and+Kinseekers.+For+now%2C+membership+is+limited+to+participants+of+that+original+group%2C+but+we+hope+to+welcome+more+members+in+the+future.&location=&trp=false&sprop=https%3A%2F%2Fwordpress-810691-5571285.cloudwaysapps.com%2Fevents%2Ffamily-book-creator-special-interest-group-sig-2026-07-27%2F&sprop=name:Pastfinders&ctz=America%2FNew_York HTTP/1.1" 302 0
DEBUG:urllib3.connectionpool:Starting new HTTPS connection (1): calendar.google.com:443
DEBUG:urllib3.connectionpool:https://wordpress-810691-5571285.cloudwaysapps.com:443 "GET /wp-content/uploads/2025/08/2014_8_pastfinders_open_house_4_1525039472-1024x683.webp HTTP/1.1" 200 108322
DEBUG:urllib3.connectionpool:https://wordpress-810691-5571285.cloudwaysapps.com:443 "GET /wp-content/uploads/2025/08/First_Friday_3_1555553339.webp HTTP/1.1" 200 61274
DEBUG:root:✅ Image OK: https://wordpress-810691-5571285.cloudwaysapps.com/wp-content/uploads/2025/08/2014_8_pastfinders_open_house_4_1525039472-1024x683.webp
DEBUG:urllib3.connectionpool:https://wordpress-810691-5571285.cloudwaysapps.com:443 "GET /wp-content/uploads/2025/08/IMG_1376_1571796468-1024x683.webp HTTP/1.1" 200 41386
DEBUG:root:Checking internal image: https://wordpress-810691-5571285.cloudwaysapps.com/wp-content/uploads/2025/08/2014_8_pastfinders_open_house_17_1525039627-1024x683.webp
DEBUG:root:✅ Image OK: https://wordpress-810691-5571285.cloudwaysapps.com/wp-content/uploads/2025/08/IMG_1376_1571796468-1024x683.webp
DEBUG:root:Checking internal image: https://wordpress-810691-5571285.cloudwaysapps.com/wp-content/uploads/2025/08/IMG_1378_1571796468-1024x683.webp
DEBUG:urllib3.connectionpool:Starting new HTTPS connection (1): wordpress-810691-5571285.cloudwaysapps.com:443
DEBUG:urllib3.connectionpool:Starting new HTTPS connection (1): wordpress-810691-5571285.cloudwaysapps.com:443
DEBUG:urllib3.connectionpool:https://calendar.google.com:443 "GET /calendar/event?action=TEMPLATE&text=Family+Book+Creator+Special+Interest+Group+(SIG)&dates=20260727T190000/20260727T200000&details=This+group+grew+out+of+our+original+FBC+Study+Group,+a+joint+effort+between+Pastfinders+and+Kinseekers.+For+now,+membership+is+limited+to+participants+of+that+original+group,+but+we+hope+to+welcome+more+members+in+the+future.&location&trp=false&sprop=https://wordpress-810691-5571285.cloudwaysapps.com/events/family-book-creator-special-interest-group-sig-2026-07-27/&sprop=name:Pastfinders&ctz=America/New_York HTTP/1.1" 302 0
DEBUG:root:✅ Image OK: https://wordpress-810691-5571285.cloudwaysapps.com/wp-content/uploads/2025/08/First_Friday_3_1555553339.webp
DEBUG:root:Checking internal image: https://wordpress-810691-5571285.cloudwaysapps.com/wp-content/uploads/2025/08/First_Friday_2_1555553579.webp
DEBUG:urllib3.connectionpool:Starting new HTTPS connection (1): wordpress-810691-5571285.cloudwaysapps.com:443
DEBUG:urllib3.connectionpool:Starting new HTTPS connection (1): accounts.google.com:443
DEBUG:urllib3.connectionpool:https://accounts.google.com:443 "GET /ServiceLogin?service=cl&passive=1209600&osid=1&continue=https://calendar.google.com/calendar/event?action%3DTEMPLATE%26text%3DFamily%2BBook%2BCreator%2BSpecial%2BInterest%2BGroup%2B(SIG)%26dates%3D20260727T190000/20260727T200000%26details%3DThis%2Bgroup%2Bgrew%2Bout%2Bof%2Bour%2Boriginal%2BFBC%2BStudy%2BGroup,%2Ba%2Bjoint%2Beffort%2Bbetween%2BPastfinders%2Band%2BKinseekers.%2BFor%2Bnow,%2Bmembership%2Bis%2Blimited%2Bto%2Bparticipants%2Bof%2Bthat%2Boriginal%2Bgroup,%2Bbut%2Bwe%2Bhope%2Bto%2Bwelcome%2Bmore%2Bmembers%2Bin%2Bthe%2Bfuture.%26location%26trp%3Dfalse%26sprop%3Dhttps://wordpress-810691-5571285.cloudwaysapps.com/events/family-book-creator-special-interest-group-sig-2026-07-27/%26sprop%3Dname:Pastfinders%26ctz%3DAmerica/New_York&followup=https://calendar.google.com/calendar/event?action%3DTEMPLATE%26text%3DFamily%2BBook%2BCreator%2BSpecial%2BInterest%2BGroup%2B(SIG)%26dates%3D20260727T190000/20260727T200000%26details%3DThis%2Bgroup%2Bgrew%2Bout%2Bof%2Bour%2Boriginal%2BFBC%2BStudy%2BGroup,%2Ba%2Bjoint%2Beffort%2Bbetween%2BPastfinders%2Band%2BKinseekers.%2BFor%2Bnow,%2Bmembership%2Bis%2Blimited%2Bto%2Bparticipants%2Bof%2Bthat%2Boriginal%2Bgroup,%2Bbut%2Bwe%2Bhope%2Bto%2Bwelcome%2Bmore%2Bmembers%2Bin%2Bthe%2Bfuture.%26location%26trp%3Dfalse%26sprop%3Dhttps://wordpress-810691-5571285.cloudwaysapps.com/events/family-book-creator-special-interest-group-sig-2026-07-27/%26sprop%3Dname:Pastfinders%26ctz%3DAmerica/New_York&emr=1 HTTP/1.1" 302 0
DEBUG:urllib3.connectionpool:https://accounts.google.com:443 "GET /InteractiveLogin?continue=https://calendar.google.com/calendar/event?action%3DTEMPLATE%26text%3DFamily%2BBook%2BCreator%2BSpecial%2BInterest%2BGroup%2B(SIG)%26dates%3D20260727T190000/20260727T200000%26details%3DThis%2Bgroup%2Bgrew%2Bout%2Bof%2Bour%2Boriginal%2BFBC%2BStudy%2BGroup,%2Ba%2Bjoint%2Beffort%2Bbetween%2BPastfinders%2Band%2BKinseekers.%2BFor%2Bnow,%2Bmembership%2Bis%2Blimited%2Bto%2Bparticipants%2Bof%2Bthat%2Boriginal%2Bgroup,%2Bbut%2Bwe%2Bhope%2Bto%2Bwelcome%2Bmore%2Bmembers%2Bin%2Bthe%2Bfuture.%26location%26trp%3Dfalse%26sprop%3Dhttps://wordpress-810691-5571285.cloudwaysapps.com/events/family-book-creator-special-interest-group-sig-2026-07-27/%26sprop%3Dname:Pastfinders%26ctz%3DAmerica/New_York&emr=1&followup=https://calendar.google.com/calendar/event?action%3DTEMPLATE%26text%3DFamily%2BBook%2BCreator%2BSpecial%2BInterest%2BGroup%2B(SIG)%26dates%3D20260727T190000/20260727T200000%26details%3DThis%2Bgroup%2Bgrew%2Bout%2Bof%2Bour%2Boriginal%2BFBC%2BStudy%2BGroup,%2Ba%2Bjoint%2Beffort%2Bbetween%2BPastfinders%2Band%2BKinseekers.%2BFor%2Bnow,%2Bmembership%2Bis%2Blimited%2Bto%2Bparticipants%2Bof%2Bthat%2Boriginal%2Bgroup,%2Bbut%2Bwe%2Bhope%2Bto%2Bwelcome%2Bmore%2Bmembers%2Bin%2Bthe%2Bfuture.%26location%26trp%3Dfalse%26sprop%3Dhttps://wordpress-810691-5571285.cloudwaysapps.com/events/family-book-creator-special-interest-group-sig-2026-07-27/%26sprop%3Dname:Pastfinders%26ctz%3DAmerica/New_York&osid=1&passive=1209600&service=cl&ifkv=AdBytiOHq7p_E_UHeCMQ5MhWvCztNVAwsHAKJi2BDSyMi6J3TiDSXwVg08ZU2OG_qtKQWMS_g6ia6g HTTP/1.1" 302 None
DEBUG:urllib3.connectionpool:https://wordpress-810691-5571285.cloudwaysapps.com:443 "GET /wp-content/uploads/2025/08/2014_8_pastfinders_open_house_17_1525039627-1024x683.webp HTTP/1.1" 200 123488
DEBUG:urllib3.connectionpool:https://wordpress-810691-5571285.cloudwaysapps.com:443 "GET /wp-content/uploads/2025/08/IMG_1378_1571796468-1024x683.webp HTTP/1.1" 200 97916
DEBUG:urllib3.connectionpool:https://wordpress-810691-5571285.cloudwaysapps.com:443 "GET /wp-content/uploads/2025/08/First_Friday_2_1555553579.webp HTTP/1.1" 200 41958
DEBUG:root:✅ Image OK: https://wordpress-810691-5571285.cloudwaysapps.com/wp-content/uploads/2025/08/First_Friday_2_1555553579.webp
DEBUG:root:Checking internal image: https://wordpress-810691-5571285.cloudwaysapps.com/wp-content/uploads/2025/08/First_Friday_1_1555553562.webp
DEBUG:urllib3.connectionpool:Starting new HTTPS connection (1): wordpress-810691-5571285.cloudwaysapps.com:443
DEBUG:urllib3.connectionpool:https://accounts.google.com:443 "GET /v3/signin/identifier?continue=https%3A%2F%2Fcalendar.google.com%2Fcalendar%2Fevent%3Faction%3DTEMPLATE%26text%3DFamily%2BBook%2BCreator%2BSpecial%2BInterest%2BGroup%2B%28SIG%29%26dates%3D20260727T190000%2F20260727T200000%26details%3DThis%2Bgroup%2Bgrew%2Bout%2Bof%2Bour%2Boriginal%2BFBC%2BStudy%2BGroup%2C%2Ba%2Bjoint%2Beffort%2Bbetween%2BPastfinders%2Band%2BKinseekers.%2BFor%2Bnow%2C%2Bmembership%2Bis%2Blimited%2Bto%2Bparticipants%2Bof%2Bthat%2Boriginal%2Bgroup%2C%2Bbut%2Bwe%2Bhope%2Bto%2Bwelcome%2Bmore%2Bmembers%2Bin%2Bthe%2Bfuture.%26location%26trp%3Dfalse%26sprop%3Dhttps%3A%2F%2Fwordpress-810691-5571285.cloudwaysapps.com%2Fevents%2Ffamily-book-creator-special-interest-group-sig-2026-07-27%2F%26sprop%3Dname%3APastfinders%26ctz%3DAmerica%2FNew_York&emr=1&followup=https%3A%2F%2Fcalendar.google.com%2Fcalendar%2Fevent%3Faction%3DTEMPLATE%26text%3DFamily%2BBook%2BCreator%2BSpecial%2BInterest%2BGroup%2B%28SIG%29%26dates%3D20260727T190000%2F20260727T200000%26details%3DThis%2Bgroup%2Bgrew%2Bout%2Bof%2Bour%2Boriginal%2BFBC%2BStudy%2BGroup%2C%2Ba%2Bjoint%2Beffort%2Bbetween%2BPastfinders%2Band%2BKinseekers.%2BFor%2Bnow%2C%2Bmembership%2Bis%2Blimited%2Bto%2Bparticipants%2Bof%2Bthat%2Boriginal%2Bgroup%2C%2Bbut%2Bwe%2Bhope%2Bto%2Bwelcome%2Bmore%2Bmembers%2Bin%2Bthe%2Bfuture.%26location%26trp%3Dfalse%26sprop%3Dhttps%3A%2F%2Fwordpress-810691-5571285.cloudwaysapps.com%2Fevents%2Ffamily-book-creator-special-interest-group-sig-2026-07-27%2F%26sprop%3Dname%3APastfinders%26ctz%3DAmerica%2FNew_York&ifkv=AdBytiNbtziXdYAABHcDB3eQqdMm8M03fFnRgk_RdmeKn5GdnwKZjDPVd_aRQebYAWX_WfmIoPqXoA&osid=1&passive=1209600&service=cl&flowName=WebLiteSignIn&flowEntry=ServiceLogin&dsh=S-1845131059%3A1756758201367557 HTTP/1.1" 200 None
DEBUG:root:✅ Image OK: https://wordpress-810691-5571285.cloudwaysapps.com/wp-content/uploads/2025/08/IMG_1378_1571796468-1024x683.webp
DEBUG:root:Checking internal image: https://wordpress-810691-5571285.cloudwaysapps.com/wp-content/uploads/2025/08/IMG_1373_1571796532-1024x683.webp
DEBUG:urllib3.connectionpool:Starting new HTTPS connection (1): wordpress-810691-5571285.cloudwaysapps.com:443
DEBUG:root:✅ Image OK: https://wordpress-810691-5571285.cloudwaysapps.com/wp-content/uploads/2025/08/2014_8_pastfinders_open_house_17_1525039627-1024x683.webp
DEBUG:root:Checking internal image: https://wordpress-810691-5571285.cloudwaysapps.com/wp-content/uploads/2025/08/2014_8_pastfinders_open_house_11_1525039549-1024x683.webp
DEBUG:urllib3.connectionpool:Starting new HTTPS connection (1): wordpress-810691-5571285.cloudwaysapps.com:443
DEBUG:root:✅ Hyperlink OK: https://www.google.com/calendar/event?action=TEMPLATE&text=Family+Book+Creator+Special+Interest+Group+%28SIG%29&dates=20260727T190000/20260727T200000&details=This+group+grew+out+of+our+original+FBC+Study+Group%2C+a+joint+effort+between+Pastfinders+and+Kinseekers.+For+now%2C+membership+is+limited+to+participants+of+that+original+group%2C+but+we+hope+to+welcome+more+members+in+the+future.&location=&trp=false&sprop=https%3A%2F%2Fwordpress-810691-5571285.cloudwaysapps.com%2Fevents%2Ffamily-book-creator-special-interest-group-sig-2026-07-27%2F&sprop=name:Pastfinders&ctz=America%2FNew_York
DEBUG:root:Checking external hyperlink: https://outlook.office.com/calendar/0/deeplink/compose?allday=false&body=This+group+grew+out+of+our+original+FBC+Study+Group%2C+a+joint+effort+between+Pastfinders+and+Kinseekers.+For+now%2C+membership+is+limited+to+participants+of+that+original+group%2C+but+we+hope+to+welcome+more+members+in+the+future.&location=&path=/calendar/action/compose&rru=addevent&startdt=2026-07-27T19%3A00%3A00-04%3A00&enddt=2026-07-27T20%3A00%3A00-04%3A00&subject=Family+Book+Creator+Special+Interest+Group+%28SIG%29
DEBUG:urllib3.connectionpool:Starting new HTTPS connection (1): outlook.office.com:443
DEBUG:urllib3.connectionpool:https://wordpress-810691-5571285.cloudwaysapps.com:443 "GET /wp-content/uploads/2025/08/IMG_1373_1571796532-1024x683.webp HTTP/1.1" 200 57216
DEBUG:urllib3.connectionpool:https://wordpress-810691-5571285.cloudwaysapps.com:443 "GET /wp-content/uploads/2025/08/First_Friday_1_1555553562.webp HTTP/1.1" 200 54536
DEBUG:urllib3.connectionpool:https://outlook.office.com:443 "GET /calendar/0/deeplink/compose?allday=false&body=This+group+grew+out+of+our+original+FBC+Study+Group%2C+a+joint+effort+between+Pastfinders+and+Kinseekers.+For+now%2C+membership+is+limited+to+participants+of+that+original+group%2C+but+we+hope+to+welcome+more+members+in+the+future.&location=&path=/calendar/action/compose&rru=addevent&startdt=2026-07-27T19%3A00%3A00-04%3A00&enddt=2026-07-27T20%3A00%3A00-04%3A00&subject=Family+Book+Creator+Special+Interest+Group+%28SIG%29 HTTP/1.1" 200 None
DEBUG:root:✅ Image OK: https://wordpress-810691-5571285.cloudwaysapps.com/wp-content/uploads/2025/08/IMG_1373_1571796532-1024x683.webp
DEBUG:root:✅ Hyperlink OK: https://outlook.office.com/calendar/0/deeplink/compose?allday=false&body=This+group+grew+out+of+our+original+FBC+Study+Group%2C+a+joint+effort+between+Pastfinders+and+Kinseekers.+For+now%2C+membership+is+limited+to+participants+of+that+original+group%2C+but+we+hope+to+welcome+more+members+in+the+future.&location=&path=/calendar/action/compose&rru=addevent&startdt=2026-07-27T19%3A00%3A00-04%3A00&enddt=2026-07-27T20%3A00%3A00-04%3A00&subject=Family+Book+Creator+Special+Interest+Group+%28SIG%29
DEBUG:root:Using regex pattern: \b[a-zA-Z]{3,}\b
DEBUG:root:Found 24 words to check in https://wordpress-810691-5571285.cloudwaysapps.com/galleries/2018-ann-mohr-osisek/ (min_length=3)
DEBUG:root:Sample words from https://wordpress-810691-5571285.cloudwaysapps.com/galleries/2018-ann-mohr-osisek/: ['This', 'alert', 'Skip', 'content', 'Ann', 'Mohr', 'Osisek', 'images', 'Click', 'view']
DEBUG:root:Spell check results for https://wordpress-810691-5571285.cloudwaysapps.com/galleries/2018-ann-mohr-osisek/: 9 words checked, 15 skipped, 0 errors found
INFO:root:✅ Processed https://wordpress-810691-5571285.cloudwaysapps.com/galleries/2018-ann-mohr-osisek/: 0 errors found, 48 words checked
DEBUG:root:Attempting to fetch: https://wordpress-810691-5571285.cloudwaysapps.com/resources/marion-county-genealogical-society/
Processing pages:  33%|███▎      | 126/381 [01:17<02:34,  1.65it/s]DEBUG:root:Checking external hyperlink: https://outlook.live.com/calendar/0/deeplink/compose?allday=false&body=This+group+grew+out+of+our+original+FBC+Study+Group%2C+a+joint+effort+between+Pastfinders+and+Kinseekers.+For+now%2C+membership+is+limited+to+participants+of+that+original+group%2C+but+we+hope+to+welcome+more+members+in+the+future.&location=&path=/calendar/action/compose&rru=addevent&startdt=2026-07-27T19%3A00%3A00-04%3A00&enddt=2026-07-27T20%3A00%3A00-04%3A00&subject=Family+Book+Creator+Special+Interest+Group+%28SIG%29
DEBUG:urllib3.connectionpool:https://wordpress-810691-5571285.cloudwaysapps.com:443 "GET /wp-content/uploads/2025/08/2014_8_pastfinders_open_house_11_1525039549-1024x683.webp HTTP/1.1" 200 98230
DEBUG:urllib3.connectionpool:Starting new HTTPS connection (1): outlook.live.com:443
DEBUG:root:✅ Image OK: https://wordpress-810691-5571285.cloudwaysapps.com/wp-content/uploads/2025/08/First_Friday_1_1555553562.webp
DEBUG:root:Checking internal image: https://wordpress-810691-5571285.cloudwaysapps.com/wp-content/uploads/2025/08/11427254_1092311814116956_3594745816722265184_o_1555553545-1024x683.webp
DEBUG:urllib3.connectionpool:Starting new HTTPS connection (1): wordpress-810691-5571285.cloudwaysapps.com:443
DEBUG:root:✅ Image OK: https://wordpress-810691-5571285.cloudwaysapps.com/wp-content/uploads/2025/08/2014_8_pastfinders_open_house_11_1525039549-1024x683.webp
DEBUG:root:Checking internal image: https://wordpress-810691-5571285.cloudwaysapps.com/wp-content/uploads/2025/08/2014_8_pastfinders_open_house_7_1525039527-1024x683.webp
DEBUG:urllib3.connectionpool:Starting new HTTPS connection (1): wordpress-810691-5571285.cloudwaysapps.com:443
DEBUG:urllib3.connectionpool:https://outlook.live.com:443 "GET /calendar/0/deeplink/compose?allday=false&body=This+group+grew+out+of+our+original+FBC+Study+Group%2C+a+joint+effort+between+Pastfinders+and+Kinseekers.+For+now%2C+membership+is+limited+to+participants+of+that+original+group%2C+but+we+hope+to+welcome+more+members+in+the+future.&location=&path=/calendar/action/compose&rru=addevent&startdt=2026-07-27T19%3A00%3A00-04%3A00&enddt=2026-07-27T20%3A00%3A00-04%3A00&subject=Family+Book+Creator+Special+Interest+Group+%28SIG%29 HTTP/1.1" 200 None
DEBUG:root:✅ Hyperlink OK: https://outlook.live.com/calendar/0/deeplink/compose?allday=false&body=This+group+grew+out+of+our+original+FBC+Study+Group%2C+a+joint+effort+between+Pastfinders+and+Kinseekers.+For+now%2C+membership+is+limited+to+participants+of+that+original+group%2C+but+we+hope+to+welcome+more+members+in+the+future.&location=&path=/calendar/action/compose&rru=addevent&startdt=2026-07-27T19%3A00%3A00-04%3A00&enddt=2026-07-27T20%3A00%3A00-04%3A00&subject=Family+Book+Creator+Special+Interest+Group+%28SIG%29
DEBUG:root:Using regex pattern: \b[a-zA-Z]{3,}\b
DEBUG:root:Found 109 words to check in https://wordpress-810691-5571285.cloudwaysapps.com/events/family-book-creator-special-interest-group-sig-2026-07-27/ (min_length=3)
DEBUG:root:Sample words from https://wordpress-810691-5571285.cloudwaysapps.com/events/family-book-creator-special-interest-group-sig-2026-07-27/: ['This', 'alert', 'Skip', 'content', 'Family', 'Book', 'Creator', 'Special', 'Interest', 'Group']
DEBUG:root:Spell check results for https://wordpress-810691-5571285.cloudwaysapps.com/events/family-book-creator-special-interest-group-sig-2026-07-27/: 62 words checked, 47 skipped, 0 errors found
INFO:root:✅ Processed https://wordpress-810691-5571285.cloudwaysapps.com/events/family-book-creator-special-interest-group-sig-2026-07-27/: 0 errors found, 141 words checked
DEBUG:root:Attempting to fetch: https://wordpress-810691-5571285.cloudwaysapps.com/galleries/2014-pastfinders-news/
Processing pages:  33%|███▎      | 127/381 [01:17<02:03,  2.06it/s]DEBUG:urllib3.connectionpool:https://wordpress-810691-5571285.cloudwaysapps.com:443 "GET /wp-content/uploads/2025/08/11427254_1092311814116956_3594745816722265184_o_1555553545-1024x683.webp HTTP/1.1" 200 73806
DEBUG:root:✅ Image OK: https://wordpress-810691-5571285.cloudwaysapps.com/wp-content/uploads/2025/08/11427254_1092311814116956_3594745816722265184_o_1555553545-1024x683.webp
DEBUG:root:Using regex pattern: \b[a-zA-Z]{3,}\b
DEBUG:root:Found 23 words to check in https://wordpress-810691-5571285.cloudwaysapps.com/galleries/2017-open-house-downtown-evt/ (min_length=3)
DEBUG:root:Sample words from https://wordpress-810691-5571285.cloudwaysapps.com/galleries/2017-open-house-downtown-evt/: ['This', 'alert', 'Skip', 'content', 'Open', 'House', 'Downtown', 'Evt', 'images', 'Click']
DEBUG:root:Spell check results for https://wordpress-810691-5571285.cloudwaysapps.com/galleries/2017-open-house-downtown-evt/: 8 words checked, 15 skipped, 0 errors found
INFO:root:✅ Processed https://wordpress-810691-5571285.cloudwaysapps.com/galleries/2017-open-house-downtown-evt/: 0 errors found, 45 words checked
DEBUG:root:Attempting to fetch: https://wordpress-810691-5571285.cloudwaysapps.com/events/family-book-creator-special-interest-group-sig-2026-11-23/
DEBUG:root:✅ Document OK: https://pastfindersslc.org/upload/newsletters/201403V26N1.pdf
DEBUG:root:Checking external document: https://pastfindersslc.org/upload/newsletters/201312V25N5.pdf
DEBUG:urllib3.connectionpool:Starting new HTTPS connection (1): pastfindersslc.org:443
DEBUG:urllib3.connectionpool:https://wordpress-810691-5571285.cloudwaysapps.com:443 "GET /wp-content/uploads/2025/08/2014_8_pastfinders_open_house_7_1525039527-1024x683.webp HTTP/1.1" 200 87598
DEBUG:root:✅ Image OK: https://wordpress-810691-5571285.cloudwaysapps.com/wp-content/uploads/2025/08/2014_8_pastfinders_open_house_7_1525039527-1024x683.webp
DEBUG:root:Checking internal image: https://wordpress-810691-5571285.cloudwaysapps.com/wp-content/uploads/2025/08/2014_8_pastfinders_open_house_12_1525039560-1024x683.webp
DEBUG:urllib3.connectionpool:Starting new HTTPS connection (1): wordpress-810691-5571285.cloudwaysapps.com:443
DEBUG:urllib3.connectionpool:https://pastfindersslc.org:443 "GET /upload/newsletters/201312V25N5.pdf HTTP/1.1" 200 3775459
DEBUG:urllib3.connectionpool:https://wordpress-810691-5571285.cloudwaysapps.com:443 "GET /wp-content/uploads/2025/08/2014_8_pastfinders_open_house_12_1525039560-1024x683.webp HTTP/1.1" 200 117738
DEBUG:root:✅ Image OK: https://wordpress-810691-5571285.cloudwaysapps.com/wp-content/uploads/2025/08/2014_8_pastfinders_open_house_12_1525039560-1024x683.webp
DEBUG:root:Checking internal image: https://wordpress-810691-5571285.cloudwaysapps.com/wp-content/uploads/2025/08/2014_8_pastfinders_open_house_19_1525039653-1024x683.webp
DEBUG:urllib3.connectionpool:Starting new HTTPS connection (1): wordpress-810691-5571285.cloudwaysapps.com:443
DEBUG:root:✅ Document OK: https://pastfindersslc.org/upload/newsletters/201312V25N5.pdf
DEBUG:root:Checking external document: https://pastfindersslc.org/upload/newsletters/201310V25N4.pdf
DEBUG:urllib3.connectionpool:Starting new HTTPS connection (1): pastfindersslc.org:443
DEBUG:urllib3.connectionpool:https://wordpress-810691-5571285.cloudwaysapps.com:443 "GET /wp-content/uploads/2025/08/2014_8_pastfinders_open_house_19_1525039653-1024x683.webp HTTP/1.1" 200 122786
DEBUG:urllib3.connectionpool:https://pastfindersslc.org:443 "GET /upload/newsletters/201310V25N4.pdf HTTP/1.1" 200 5654736
DEBUG:urllib3.connectionpool:https://wordpress-810691-5571285.cloudwaysapps.com:443 "GET /resources/marion-county-genealogical-society/ HTTP/1.1" 200 None
DEBUG:root:Successfully fetched https://wordpress-810691-5571285.cloudwaysapps.com/resources/marion-county-genealogical-society/ (Content-Length: 39096)
DEBUG:charset_normalizer:Encoding detection: utf_8 is most likely the one.
DEBUG:urllib3.connectionpool:https://wordpress-810691-5571285.cloudwaysapps.com:443 "GET /events/family-book-creator-special-interest-group-sig-2026-11-23/ HTTP/1.1" 200 None
DEBUG:root:Successfully fetched https://wordpress-810691-5571285.cloudwaysapps.com/events/family-book-creator-special-interest-group-sig-2026-11-23/ (Content-Length: 42529)
DEBUG:charset_normalizer:Encoding detection: utf_8 is most likely the one.
DEBUG:root:Extracted 719 characters, 123 words from https://wordpress-810691-5571285.cloudwaysapps.com/resources/marion-county-genealogical-society/
DEBUG:root:Using regex pattern: \b[a-zA-Z]{3,}\b
DEBUG:root:Found 90 words to check in https://wordpress-810691-5571285.cloudwaysapps.com/resources/marion-county-genealogical-society/ (min_length=3)
DEBUG:root:Sample words from https://wordpress-810691-5571285.cloudwaysapps.com/resources/marion-county-genealogical-society/: ['This', 'alert', 'Skip', 'content', 'Marion', 'County', 'Genealogical', 'Society', 'June', 'This']
DEBUG:root:Spell check results for https://wordpress-810691-5571285.cloudwaysapps.com/resources/marion-county-genealogical-society/: 69 words checked, 21 skipped, 0 errors found
INFO:root:✅ Processed https://wordpress-810691-5571285.cloudwaysapps.com/resources/marion-county-genealogical-society/: 0 errors found, 123 words checked
DEBUG:root:Attempting to fetch: https://wordpress-810691-5571285.cloudwaysapps.com/events/preserving-local-history-2026-04-15/
Processing pages:  34%|███▍      | 129/381 [01:18<01:53,  2.23it/s]DEBUG:root:Extracted 847 characters, 141 words from https://wordpress-810691-5571285.cloudwaysapps.com/events/family-book-creator-special-interest-group-sig-2026-11-23/
DEBUG:root:Checking external hyperlink: https://www.google.com/calendar/event?action=TEMPLATE&text=Family+Book+Creator+Special+Interest+Group+%28SIG%29&dates=20261123T190000/20261123T200000&details=This+group+grew+out+of+our+original+FBC+Study+Group%2C+a+joint+effort+between+Pastfinders+and+Kinseekers.+For+now%2C+membership+is+limited+to+participants+of+that+original+group%2C+but+we+hope+to+welcome+more+members+in+the+future.&location=&trp=false&sprop=https%3A%2F%2Fwordpress-810691-5571285.cloudwaysapps.com%2Fevents%2Ffamily-book-creator-special-interest-group-sig-2026-11-23%2F&sprop=name:Pastfinders&ctz=America%2FNew_York
DEBUG:urllib3.connectionpool:Starting new HTTPS connection (1): www.google.com:443
DEBUG:root:✅ Image OK: https://wordpress-810691-5571285.cloudwaysapps.com/wp-content/uploads/2025/08/2014_8_pastfinders_open_house_19_1525039653-1024x683.webp
DEBUG:root:Checking internal image: https://wordpress-810691-5571285.cloudwaysapps.com/wp-content/uploads/2025/08/2014_8_pastfinders_open_house_13_1525039575-1024x683.webp
DEBUG:urllib3.connectionpool:Starting new HTTPS connection (1): wordpress-810691-5571285.cloudwaysapps.com:443
DEBUG:urllib3.connectionpool:https://wordpress-810691-5571285.cloudwaysapps.com:443 "GET /events/preserving-local-history-2026-04-15/ HTTP/1.1" 200 None
DEBUG:root:Successfully fetched https://wordpress-810691-5571285.cloudwaysapps.com/events/preserving-local-history-2026-04-15/ (Content-Length: 43612)
DEBUG:charset_normalizer:Encoding detection: utf_8 is most likely the one.
DEBUG:root:Extracted 444 characters, 65 words from https://wordpress-810691-5571285.cloudwaysapps.com/events/preserving-local-history-2026-04-15/
DEBUG:urllib3.connectionpool:https://www.google.com:443 "GET /calendar/event?action=TEMPLATE&text=Family+Book+Creator+Special+Interest+Group+%28SIG%29&dates=20261123T190000/20261123T200000&details=This+group+grew+out+of+our+original+FBC+Study+Group%2C+a+joint+effort+between+Pastfinders+and+Kinseekers.+For+now%2C+membership+is+limited+to+participants+of+that+original+group%2C+but+we+hope+to+welcome+more+members+in+the+future.&location=&trp=false&sprop=https%3A%2F%2Fwordpress-810691-5571285.cloudwaysapps.com%2Fevents%2Ffamily-book-creator-special-interest-group-sig-2026-11-23%2F&sprop=name:Pastfinders&ctz=America%2FNew_York HTTP/1.1" 302 0
DEBUG:root:Checking external hyperlink: https://www.google.com/calendar/event?action=TEMPLATE&text=Preserving+Local+History&dates=20260415T100000/20260415T120000&details=Help+in+the+preservation+of+our+local+history+and+collections%2C+including+transcriptionists%2C+preservationists%2C+digitizers%2C+and+organization%C2%A0projects.&location=2525+Oakley+Seaver+Dr%2C+Clermont%2C+FL%2C+34711%2C+United+States&trp=false&sprop=https%3A%2F%2Fwordpress-810691-5571285.cloudwaysapps.com%2Fevents%2Fpreserving-local-history-2026-04-15%2F&sprop=name:Pastfinders&ctz=America%2FNew_York
DEBUG:urllib3.connectionpool:Starting new HTTPS connection (1): www.google.com:443
DEBUG:urllib3.connectionpool:Starting new HTTPS connection (1): calendar.google.com:443
DEBUG:urllib3.connectionpool:https://www.google.com:443 "GET /calendar/event?action=TEMPLATE&text=Preserving+Local+History&dates=20260415T100000/20260415T120000&details=Help+in+the+preservation+of+our+local+history+and+collections%2C+including+transcriptionists%2C+preservationists%2C+digitizers%2C+and+organization%C2%A0projects.&location=2525+Oakley+Seaver+Dr%2C+Clermont%2C+FL%2C+34711%2C+United+States&trp=false&sprop=https%3A%2F%2Fwordpress-810691-5571285.cloudwaysapps.com%2Fevents%2Fpreserving-local-history-2026-04-15%2F&sprop=name:Pastfinders&ctz=America%2FNew_York HTTP/1.1" 302 0
DEBUG:urllib3.connectionpool:Starting new HTTPS connection (1): calendar.google.com:443
DEBUG:urllib3.connectionpool:https://calendar.google.com:443 "GET /calendar/event?action=TEMPLATE&text=Family+Book+Creator+Special+Interest+Group+(SIG)&dates=20261123T190000/20261123T200000&details=This+group+grew+out+of+our+original+FBC+Study+Group,+a+joint+effort+between+Pastfinders+and+Kinseekers.+For+now,+membership+is+limited+to+participants+of+that+original+group,+but+we+hope+to+welcome+more+members+in+the+future.&location&trp=false&sprop=https://wordpress-810691-5571285.cloudwaysapps.com/events/family-book-creator-special-interest-group-sig-2026-11-23/&sprop=name:Pastfinders&ctz=America/New_York HTTP/1.1" 302 0
DEBUG:urllib3.connectionpool:Starting new HTTPS connection (1): accounts.google.com:443
DEBUG:urllib3.connectionpool:https://wordpress-810691-5571285.cloudwaysapps.com:443 "GET /wp-content/uploads/2025/08/2014_8_pastfinders_open_house_13_1525039575-1024x683.webp HTTP/1.1" 200 101554
DEBUG:urllib3.connectionpool:https://calendar.google.com:443 "GET /calendar/event?action=TEMPLATE&text=Preserving+Local+History&dates=20260415T100000/20260415T120000&details=Help+in+the+preservation+of+our+local+history+and+collections,+including+transcriptionists,+preservationists,+digitizers,+and+organization%C2%A0projects.&location=2525+Oakley+Seaver+Dr,+Clermont,+FL,+34711,+United+States&trp=false&sprop=https://wordpress-810691-5571285.cloudwaysapps.com/events/preserving-local-history-2026-04-15/&sprop=name:Pastfinders&ctz=America/New_York HTTP/1.1" 302 0
DEBUG:root:✅ Document OK: https://pastfindersslc.org/upload/newsletters/201310V25N4.pdf
DEBUG:root:Checking external document: https://pastfindersslc.org/upload/newsletters/201305V25N3.pdf
DEBUG:urllib3.connectionpool:Starting new HTTPS connection (1): accounts.google.com:443
DEBUG:urllib3.connectionpool:Starting new HTTPS connection (1): pastfindersslc.org:443
DEBUG:urllib3.connectionpool:https://accounts.google.com:443 "GET /ServiceLogin?service=cl&passive=1209600&osid=1&continue=https://calendar.google.com/calendar/event?action%3DTEMPLATE%26text%3DFamily%2BBook%2BCreator%2BSpecial%2BInterest%2BGroup%2B(SIG)%26dates%3D20261123T190000/20261123T200000%26details%3DThis%2Bgroup%2Bgrew%2Bout%2Bof%2Bour%2Boriginal%2BFBC%2BStudy%2BGroup,%2Ba%2Bjoint%2Beffort%2Bbetween%2BPastfinders%2Band%2BKinseekers.%2BFor%2Bnow,%2Bmembership%2Bis%2Blimited%2Bto%2Bparticipants%2Bof%2Bthat%2Boriginal%2Bgroup,%2Bbut%2Bwe%2Bhope%2Bto%2Bwelcome%2Bmore%2Bmembers%2Bin%2Bthe%2Bfuture.%26location%26trp%3Dfalse%26sprop%3Dhttps://wordpress-810691-5571285.cloudwaysapps.com/events/family-book-creator-special-interest-group-sig-2026-11-23/%26sprop%3Dname:Pastfinders%26ctz%3DAmerica/New_York&followup=https://calendar.google.com/calendar/event?action%3DTEMPLATE%26text%3DFamily%2BBook%2BCreator%2BSpecial%2BInterest%2BGroup%2B(SIG)%26dates%3D20261123T190000/20261123T200000%26details%3DThis%2Bgroup%2Bgrew%2Bout%2Bof%2Bour%2Boriginal%2BFBC%2BStudy%2BGroup,%2Ba%2Bjoint%2Beffort%2Bbetween%2BPastfinders%2Band%2BKinseekers.%2BFor%2Bnow,%2Bmembership%2Bis%2Blimited%2Bto%2Bparticipants%2Bof%2Bthat%2Boriginal%2Bgroup,%2Bbut%2Bwe%2Bhope%2Bto%2Bwelcome%2Bmore%2Bmembers%2Bin%2Bthe%2Bfuture.%26location%26trp%3Dfalse%26sprop%3Dhttps://wordpress-810691-5571285.cloudwaysapps.com/events/family-book-creator-special-interest-group-sig-2026-11-23/%26sprop%3Dname:Pastfinders%26ctz%3DAmerica/New_York&emr=1 HTTP/1.1" 302 0
DEBUG:root:✅ Image OK: https://wordpress-810691-5571285.cloudwaysapps.com/wp-content/uploads/2025/08/2014_8_pastfinders_open_house_13_1525039575-1024x683.webp
DEBUG:root:Using regex pattern: \b[a-zA-Z]{3,}\b
DEBUG:root:Found 38 words to check in https://wordpress-810691-5571285.cloudwaysapps.com/galleries/2014-october-open-house/ (min_length=3)
DEBUG:root:Sample words from https://wordpress-810691-5571285.cloudwaysapps.com/galleries/2014-october-open-house/: ['This', 'alert', 'Skip', 'content', 'October', 'Open', 'House', 'images', 'Click', 'view']
DEBUG:root:Spell check results for https://wordpress-810691-5571285.cloudwaysapps.com/galleries/2014-october-open-house/: 16 words checked, 22 skipped, 0 errors found
INFO:root:✅ Processed https://wordpress-810691-5571285.cloudwaysapps.com/galleries/2014-october-open-house/: 0 errors found, 76 words checked
DEBUG:root:Attempting to fetch: https://wordpress-810691-5571285.cloudwaysapps.com/resources/know-your-dna/
Processing pages:  34%|███▍      | 130/381 [01:19<02:03,  2.03it/s]DEBUG:urllib3.connectionpool:https://accounts.google.com:443 "GET /InteractiveLogin?continue=https://calendar.google.com/calendar/event?action%3DTEMPLATE%26text%3DFamily%2BBook%2BCreator%2BSpecial%2BInterest%2BGroup%2B(SIG)%26dates%3D20261123T190000/20261123T200000%26details%3DThis%2Bgroup%2Bgrew%2Bout%2Bof%2Bour%2Boriginal%2BFBC%2BStudy%2BGroup,%2Ba%2Bjoint%2Beffort%2Bbetween%2BPastfinders%2Band%2BKinseekers.%2BFor%2Bnow,%2Bmembership%2Bis%2Blimited%2Bto%2Bparticipants%2Bof%2Bthat%2Boriginal%2Bgroup,%2Bbut%2Bwe%2Bhope%2Bto%2Bwelcome%2Bmore%2Bmembers%2Bin%2Bthe%2Bfuture.%26location%26trp%3Dfalse%26sprop%3Dhttps://wordpress-810691-5571285.cloudwaysapps.com/events/family-book-creator-special-interest-group-sig-2026-11-23/%26sprop%3Dname:Pastfinders%26ctz%3DAmerica/New_York&emr=1&followup=https://calendar.google.com/calendar/event?action%3DTEMPLATE%26text%3DFamily%2BBook%2BCreator%2BSpecial%2BInterest%2BGroup%2B(SIG)%26dates%3D20261123T190000/20261123T200000%26details%3DThis%2Bgroup%2Bgrew%2Bout%2Bof%2Bour%2Boriginal%2BFBC%2BStudy%2BGroup,%2Ba%2Bjoint%2Beffort%2Bbetween%2BPastfinders%2Band%2BKinseekers.%2BFor%2Bnow,%2Bmembership%2Bis%2Blimited%2Bto%2Bparticipants%2Bof%2Bthat%2Boriginal%2Bgroup,%2Bbut%2Bwe%2Bhope%2Bto%2Bwelcome%2Bmore%2Bmembers%2Bin%2Bthe%2Bfuture.%26location%26trp%3Dfalse%26sprop%3Dhttps://wordpress-810691-5571285.cloudwaysapps.com/events/family-book-creator-special-interest-group-sig-2026-11-23/%26sprop%3Dname:Pastfinders%26ctz%3DAmerica/New_York&osid=1&passive=1209600&service=cl&ifkv=AdBytiMSUtpM6WwjoC_VYLcI6AOkxeUKI0lU23t3I2PpzfglD3d3cxIMxgMTDjngnvc5GPttQisHLA HTTP/1.1" 302 None
DEBUG:urllib3.connectionpool:https://accounts.google.com:443 "GET /ServiceLogin?service=cl&passive=1209600&osid=1&continue=https://calendar.google.com/calendar/event?action%3DTEMPLATE%26text%3DPreserving%2BLocal%2BHistory%26dates%3D20260415T100000/20260415T120000%26details%3DHelp%2Bin%2Bthe%2Bpreservation%2Bof%2Bour%2Blocal%2Bhistory%2Band%2Bcollections,%2Bincluding%2Btranscriptionists,%2Bpreservationists,%2Bdigitizers,%2Band%2Borganization%25C2%25A0projects.%26location%3D2525%2BOakley%2BSeaver%2BDr,%2BClermont,%2BFL,%2B34711,%2BUnited%2BStates%26trp%3Dfalse%26sprop%3Dhttps://wordpress-810691-5571285.cloudwaysapps.com/events/preserving-local-history-2026-04-15/%26sprop%3Dname:Pastfinders%26ctz%3DAmerica/New_York&followup=https://calendar.google.com/calendar/event?action%3DTEMPLATE%26text%3DPreserving%2BLocal%2BHistory%26dates%3D20260415T100000/20260415T120000%26details%3DHelp%2Bin%2Bthe%2Bpreservation%2Bof%2Bour%2Blocal%2Bhistory%2Band%2Bcollections,%2Bincluding%2Btranscriptionists,%2Bpreservationists,%2Bdigitizers,%2Band%2Borganization%25C2%25A0projects.%26location%3D2525%2BOakley%2BSeaver%2BDr,%2BClermont,%2BFL,%2B34711,%2BUnited%2BStates%26trp%3Dfalse%26sprop%3Dhttps://wordpress-810691-5571285.cloudwaysapps.com/events/preserving-local-history-2026-04-15/%26sprop%3Dname:Pastfinders%26ctz%3DAmerica/New_York&emr=1 HTTP/1.1" 302 0
DEBUG:urllib3.connectionpool:https://pastfindersslc.org:443 "GET /upload/newsletters/201305V25N3.pdf HTTP/1.1" 200 1204158
DEBUG:urllib3.connectionpool:https://accounts.google.com:443 "GET /v3/signin/identifier?continue=https%3A%2F%2Fcalendar.google.com%2Fcalendar%2Fevent%3Faction%3DTEMPLATE%26text%3DFamily%2BBook%2BCreator%2BSpecial%2BInterest%2BGroup%2B%28SIG%29%26dates%3D20261123T190000%2F20261123T200000%26details%3DThis%2Bgroup%2Bgrew%2Bout%2Bof%2Bour%2Boriginal%2BFBC%2BStudy%2BGroup%2C%2Ba%2Bjoint%2Beffort%2Bbetween%2BPastfinders%2Band%2BKinseekers.%2BFor%2Bnow%2C%2Bmembership%2Bis%2Blimited%2Bto%2Bparticipants%2Bof%2Bthat%2Boriginal%2Bgroup%2C%2Bbut%2Bwe%2Bhope%2Bto%2Bwelcome%2Bmore%2Bmembers%2Bin%2Bthe%2Bfuture.%26location%26trp%3Dfalse%26sprop%3Dhttps%3A%2F%2Fwordpress-810691-5571285.cloudwaysapps.com%2Fevents%2Ffamily-book-creator-special-interest-group-sig-2026-11-23%2F%26sprop%3Dname%3APastfinders%26ctz%3DAmerica%2FNew_York&emr=1&followup=https%3A%2F%2Fcalendar.google.com%2Fcalendar%2Fevent%3Faction%3DTEMPLATE%26text%3DFamily%2BBook%2BCreator%2BSpecial%2BInterest%2BGroup%2B%28SIG%29%26dates%3D20261123T190000%2F20261123T200000%26details%3DThis%2Bgroup%2Bgrew%2Bout%2Bof%2Bour%2Boriginal%2BFBC%2BStudy%2BGroup%2C%2Ba%2Bjoint%2Beffort%2Bbetween%2BPastfinders%2Band%2BKinseekers.%2BFor%2Bnow%2C%2Bmembership%2Bis%2Blimited%2Bto%2Bparticipants%2Bof%2Bthat%2Boriginal%2Bgroup%2C%2Bbut%2Bwe%2Bhope%2Bto%2Bwelcome%2Bmore%2Bmembers%2Bin%2Bthe%2Bfuture.%26location%26trp%3Dfalse%26sprop%3Dhttps%3A%2F%2Fwordpress-810691-5571285.cloudwaysapps.com%2Fevents%2Ffamily-book-creator-special-interest-group-sig-2026-11-23%2F%26sprop%3Dname%3APastfinders%26ctz%3DAmerica%2FNew_York&ifkv=AdBytiOoAaBSS3Fy-NDX2grM22DBQVDmh80RjLJnVTPOdRPKDbKY0fOoDnXBt0DtA3atl4otaWlC6A&osid=1&passive=1209600&service=cl&flowName=WebLiteSignIn&flowEntry=ServiceLogin&dsh=S1678635203%3A1756758203400942 HTTP/1.1" 200 None
DEBUG:urllib3.connectionpool:https://accounts.google.com:443 "GET /InteractiveLogin?continue=https://calendar.google.com/calendar/event?action%3DTEMPLATE%26text%3DPreserving%2BLocal%2BHistory%26dates%3D20260415T100000/20260415T120000%26details%3DHelp%2Bin%2Bthe%2Bpreservation%2Bof%2Bour%2Blocal%2Bhistory%2Band%2Bcollections,%2Bincluding%2Btranscriptionists,%2Bpreservationists,%2Bdigitizers,%2Band%2Borganization%25C2%25A0projects.%26location%3D2525%2BOakley%2BSeaver%2BDr,%2BClermont,%2BFL,%2B34711,%2BUnited%2BStates%26trp%3Dfalse%26sprop%3Dhttps://wordpress-810691-5571285.cloudwaysapps.com/events/preserving-local-history-2026-04-15/%26sprop%3Dname:Pastfinders%26ctz%3DAmerica/New_York&emr=1&followup=https://calendar.google.com/calendar/event?action%3DTEMPLATE%26text%3DPreserving%2BLocal%2BHistory%26dates%3D20260415T100000/20260415T120000%26details%3DHelp%2Bin%2Bthe%2Bpreservation%2Bof%2Bour%2Blocal%2Bhistory%2Band%2Bcollections,%2Bincluding%2Btranscriptionists,%2Bpreservationists,%2Bdigitizers,%2Band%2Borganization%25C2%25A0projects.%26location%3D2525%2BOakley%2BSeaver%2BDr,%2BClermont,%2BFL,%2B34711,%2BUnited%2BStates%26trp%3Dfalse%26sprop%3Dhttps://wordpress-810691-5571285.cloudwaysapps.com/events/preserving-local-history-2026-04-15/%26sprop%3Dname:Pastfinders%26ctz%3DAmerica/New_York&osid=1&passive=1209600&service=cl&ifkv=AdBytiOc6l_rSosLNm__BM2o2R_T3-64XoQGEDmdd0cxqbWZWbw2LmqRxZO81CGbTQDumQVryMQYTg HTTP/1.1" 302 None
DEBUG:root:✅ Hyperlink OK: https://www.google.com/calendar/event?action=TEMPLATE&text=Family+Book+Creator+Special+Interest+Group+%28SIG%29&dates=20261123T190000/20261123T200000&details=This+group+grew+out+of+our+original+FBC+Study+Group%2C+a+joint+effort+between+Pastfinders+and+Kinseekers.+For+now%2C+membership+is+limited+to+participants+of+that+original+group%2C+but+we+hope+to+welcome+more+members+in+the+future.&location=&trp=false&sprop=https%3A%2F%2Fwordpress-810691-5571285.cloudwaysapps.com%2Fevents%2Ffamily-book-creator-special-interest-group-sig-2026-11-23%2F&sprop=name:Pastfinders&ctz=America%2FNew_York
DEBUG:root:Checking external hyperlink: https://outlook.office.com/calendar/0/deeplink/compose?allday=false&body=This+group+grew+out+of+our+original+FBC+Study+Group%2C+a+joint+effort+between+Pastfinders+and+Kinseekers.+For+now%2C+membership+is+limited+to+participants+of+that+original+group%2C+but+we+hope+to+welcome+more+members+in+the+future.&location=&path=/calendar/action/compose&rru=addevent&startdt=2026-11-23T19%3A00%3A00-05%3A00&enddt=2026-11-23T20%3A00%3A00-05%3A00&subject=Family+Book+Creator+Special+Interest+Group+%28SIG%29
DEBUG:urllib3.connectionpool:Starting new HTTPS connection (1): outlook.office.com:443
DEBUG:urllib3.connectionpool:https://accounts.google.com:443 "GET /v3/signin/identifier?continue=https%3A%2F%2Fcalendar.google.com%2Fcalendar%2Fevent%3Faction%3DTEMPLATE%26text%3DPreserving%2BLocal%2BHistory%26dates%3D20260415T100000%2F20260415T120000%26details%3DHelp%2Bin%2Bthe%2Bpreservation%2Bof%2Bour%2Blocal%2Bhistory%2Band%2Bcollections%2C%2Bincluding%2Btranscriptionists%2C%2Bpreservationists%2C%2Bdigitizers%2C%2Band%2Borganization%25C2%25A0projects.%26location%3D2525%2BOakley%2BSeaver%2BDr%2C%2BClermont%2C%2BFL%2C%2B34711%2C%2BUnited%2BStates%26trp%3Dfalse%26sprop%3Dhttps%3A%2F%2Fwordpress-810691-5571285.cloudwaysapps.com%2Fevents%2Fpreserving-local-history-2026-04-15%2F%26sprop%3Dname%3APastfinders%26ctz%3DAmerica%2FNew_York&emr=1&followup=https%3A%2F%2Fcalendar.google.com%2Fcalendar%2Fevent%3Faction%3DTEMPLATE%26text%3DPreserving%2BLocal%2BHistory%26dates%3D20260415T100000%2F20260415T120000%26details%3DHelp%2Bin%2Bthe%2Bpreservation%2Bof%2Bour%2Blocal%2Bhistory%2Band%2Bcollections%2C%2Bincluding%2Btranscriptionists%2C%2Bpreservationists%2C%2Bdigitizers%2C%2Band%2Borganization%25C2%25A0projects.%26location%3D2525%2BOakley%2BSeaver%2BDr%2C%2BClermont%2C%2BFL%2C%2B34711%2C%2BUnited%2BStates%26trp%3Dfalse%26sprop%3Dhttps%3A%2F%2Fwordpress-810691-5571285.cloudwaysapps.com%2Fevents%2Fpreserving-local-history-2026-04-15%2F%26sprop%3Dname%3APastfinders%26ctz%3DAmerica%2FNew_York&ifkv=AdBytiNod-B0y_F2jOdfbhR5zSfZEYxvqwg1mpUQuIms5jtLxRC_6XgU-N57lSPolOKs-rgBQu_ZwQ&osid=1&passive=1209600&service=cl&flowName=WebLiteSignIn&flowEntry=ServiceLogin&dsh=S1023624082%3A1756758203490560 HTTP/1.1" 200 None
DEBUG:root:✅ Document OK: https://pastfindersslc.org/upload/newsletters/201305V25N3.pdf
DEBUG:root:Checking external document: https://pastfindersslc.org/upload/newsletters/201303V25N2.pdf
DEBUG:urllib3.connectionpool:Starting new HTTPS connection (1): pastfindersslc.org:443
DEBUG:root:✅ Hyperlink OK: https://www.google.com/calendar/event?action=TEMPLATE&text=Preserving+Local+History&dates=20260415T100000/20260415T120000&details=Help+in+the+preservation+of+our+local+history+and+collections%2C+including+transcriptionists%2C+preservationists%2C+digitizers%2C+and+organization%C2%A0projects.&location=2525+Oakley+Seaver+Dr%2C+Clermont%2C+FL%2C+34711%2C+United+States&trp=false&sprop=https%3A%2F%2Fwordpress-810691-5571285.cloudwaysapps.com%2Fevents%2Fpreserving-local-history-2026-04-15%2F&sprop=name:Pastfinders&ctz=America%2FNew_York
DEBUG:root:Checking external hyperlink: https://outlook.office.com/calendar/0/deeplink/compose?allday=false&body=Help+in+the+preservation+of+our+local+history+and+collections%2C+including+transcriptionists%2C+preservationists%2C+digitizers%2C+and+organization%C2%A0projects.&location=2525+Oakley+Seaver+Dr%2C+Clermont%2C+FL%2C+34711%2C+United+States&path=/calendar/action/compose&rru=addevent&startdt=2026-04-15T10%3A00%3A00-04%3A00&enddt=2026-04-15T12%3A00%3A00-04%3A00&subject=Preserving+Local+History
DEBUG:urllib3.connectionpool:Starting new HTTPS connection (1): outlook.office.com:443
DEBUG:urllib3.connectionpool:https://outlook.office.com:443 "GET /calendar/0/deeplink/compose?allday=false&body=This+group+grew+out+of+our+original+FBC+Study+Group%2C+a+joint+effort+between+Pastfinders+and+Kinseekers.+For+now%2C+membership+is+limited+to+participants+of+that+original+group%2C+but+we+hope+to+welcome+more+members+in+the+future.&location=&path=/calendar/action/compose&rru=addevent&startdt=2026-11-23T19%3A00%3A00-05%3A00&enddt=2026-11-23T20%3A00%3A00-05%3A00&subject=Family+Book+Creator+Special+Interest+Group+%28SIG%29 HTTP/1.1" 200 None
DEBUG:root:✅ Hyperlink OK: https://outlook.office.com/calendar/0/deeplink/compose?allday=false&body=This+group+grew+out+of+our+original+FBC+Study+Group%2C+a+joint+effort+between+Pastfinders+and+Kinseekers.+For+now%2C+membership+is+limited+to+participants+of+that+original+group%2C+but+we+hope+to+welcome+more+members+in+the+future.&location=&path=/calendar/action/compose&rru=addevent&startdt=2026-11-23T19%3A00%3A00-05%3A00&enddt=2026-11-23T20%3A00%3A00-05%3A00&subject=Family+Book+Creator+Special+Interest+Group+%28SIG%29
DEBUG:root:Checking external hyperlink: https://outlook.live.com/calendar/0/deeplink/compose?allday=false&body=This+group+grew+out+of+our+original+FBC+Study+Group%2C+a+joint+effort+between+Pastfinders+and+Kinseekers.+For+now%2C+membership+is+limited+to+participants+of+that+original+group%2C+but+we+hope+to+welcome+more+members+in+the+future.&location=&path=/calendar/action/compose&rru=addevent&startdt=2026-11-23T19%3A00%3A00-05%3A00&enddt=2026-11-23T20%3A00%3A00-05%3A00&subject=Family+Book+Creator+Special+Interest+Group+%28SIG%29
DEBUG:urllib3.connectionpool:Starting new HTTPS connection (1): outlook.live.com:443
DEBUG:urllib3.connectionpool:https://pastfindersslc.org:443 "GET /upload/newsletters/201303V25N2.pdf HTTP/1.1" 200 2831712
DEBUG:urllib3.connectionpool:https://wordpress-810691-5571285.cloudwaysapps.com:443 "GET /galleries/2014-pastfinders-news/ HTTP/1.1" 200 None
DEBUG:urllib3.connectionpool:https://outlook.office.com:443 "GET /calendar/0/deeplink/compose?allday=false&body=Help+in+the+preservation+of+our+local+history+and+collections%2C+including+transcriptionists%2C+preservationists%2C+digitizers%2C+and+organization%C2%A0projects.&location=2525+Oakley+Seaver+Dr%2C+Clermont%2C+FL%2C+34711%2C+United+States&path=/calendar/action/compose&rru=addevent&startdt=2026-04-15T10%3A00%3A00-04%3A00&enddt=2026-04-15T12%3A00%3A00-04%3A00&subject=Preserving+Local+History HTTP/1.1" 200 None
DEBUG:root:✅ Hyperlink OK: https://outlook.office.com/calendar/0/deeplink/compose?allday=false&body=Help+in+the+preservation+of+our+local+history+and+collections%2C+including+transcriptionists%2C+preservationists%2C+digitizers%2C+and+organization%C2%A0projects.&location=2525+Oakley+Seaver+Dr%2C+Clermont%2C+FL%2C+34711%2C+United+States&path=/calendar/action/compose&rru=addevent&startdt=2026-04-15T10%3A00%3A00-04%3A00&enddt=2026-04-15T12%3A00%3A00-04%3A00&subject=Preserving+Local+History
DEBUG:root:Checking external hyperlink: https://outlook.live.com/calendar/0/deeplink/compose?allday=false&body=Help+in+the+preservation+of+our+local+history+and+collections%2C+including+transcriptionists%2C+preservationists%2C+digitizers%2C+and+organization%C2%A0projects.&location=2525+Oakley+Seaver+Dr%2C+Clermont%2C+FL%2C+34711%2C+United+States&path=/calendar/action/compose&rru=addevent&startdt=2026-04-15T10%3A00%3A00-04%3A00&enddt=2026-04-15T12%3A00%3A00-04%3A00&subject=Preserving+Local+History
DEBUG:urllib3.connectionpool:Starting new HTTPS connection (1): outlook.live.com:443
DEBUG:root:Successfully fetched https://wordpress-810691-5571285.cloudwaysapps.com/galleries/2014-pastfinders-news/ (Content-Length: 82500)
DEBUG:urllib3.connectionpool:https://outlook.live.com:443 "GET /calendar/0/deeplink/compose?allday=false&body=This+group+grew+out+of+our+original+FBC+Study+Group%2C+a+joint+effort+between+Pastfinders+and+Kinseekers.+For+now%2C+membership+is+limited+to+participants+of+that+original+group%2C+but+we+hope+to+welcome+more+members+in+the+future.&location=&path=/calendar/action/compose&rru=addevent&startdt=2026-11-23T19%3A00%3A00-05%3A00&enddt=2026-11-23T20%3A00%3A00-05%3A00&subject=Family+Book+Creator+Special+Interest+Group+%28SIG%29 HTTP/1.1" 200 None
DEBUG:charset_normalizer:Encoding detection: utf_8 is most likely the one.
DEBUG:root:✅ Hyperlink OK: https://outlook.live.com/calendar/0/deeplink/compose?allday=false&body=This+group+grew+out+of+our+original+FBC+Study+Group%2C+a+joint+effort+between+Pastfinders+and+Kinseekers.+For+now%2C+membership+is+limited+to+participants+of+that+original+group%2C+but+we+hope+to+welcome+more+members+in+the+future.&location=&path=/calendar/action/compose&rru=addevent&startdt=2026-11-23T19%3A00%3A00-05%3A00&enddt=2026-11-23T20%3A00%3A00-05%3A00&subject=Family+Book+Creator+Special+Interest+Group+%28SIG%29
DEBUG:root:Using regex pattern: \b[a-zA-Z]{3,}\b
DEBUG:root:Found 109 words to check in https://wordpress-810691-5571285.cloudwaysapps.com/events/family-book-creator-special-interest-group-sig-2026-11-23/ (min_length=3)
DEBUG:root:Sample words from https://wordpress-810691-5571285.cloudwaysapps.com/events/family-book-creator-special-interest-group-sig-2026-11-23/: ['This', 'alert', 'Skip', 'content', 'Family', 'Book', 'Creator', 'Special', 'Interest', 'Group']
DEBUG:root:Spell check results for https://wordpress-810691-5571285.cloudwaysapps.com/events/family-book-creator-special-interest-group-sig-2026-11-23/: 62 words checked, 47 skipped, 0 errors found
INFO:root:✅ Processed https://wordpress-810691-5571285.cloudwaysapps.com/events/family-book-creator-special-interest-group-sig-2026-11-23/: 0 errors found, 141 words checked
DEBUG:root:Attempting to fetch: https://wordpress-810691-5571285.cloudwaysapps.com/events/research-assistance-2025-08-27-2025-09-03-2025-09-10-2025-09-17-2025-09-24-2025-10-01-2025-10-08-2025-10-15-2025-10-22-2025-10-29-2025-11-05-2025-11-12-2025-11-19-2025-11-26-2025-12-03-2-31-2026-01-07/
Processing pages:  34%|███▍      | 131/381 [01:19<02:12,  1.89it/s]DEBUG:root:Extracted 498 characters, 107 words from https://wordpress-810691-5571285.cloudwaysapps.com/galleries/2014-pastfinders-news/
DEBUG:root:Checking internal image: https://wordpress-810691-5571285.cloudwaysapps.com/wp-content/uploads/2025/08/IMG_0002_4_1571882934-1024x784.webp
DEBUG:urllib3.connectionpool:Starting new HTTPS connection (1): wordpress-810691-5571285.cloudwaysapps.com:443
DEBUG:urllib3.connectionpool:https://wordpress-810691-5571285.cloudwaysapps.com:443 "GET /events/research-assistance-2025-08-27-2025-09-03-2025-09-10-2025-09-17-2025-09-24-2025-10-01-2025-10-08-2025-10-15-2025-10-22-2025-10-29-2025-11-05-2025-11-12-2025-11-19-2025-11-26-2025-12-03-2-31-2026-01-07/ HTTP/1.1" 200 None
DEBUG:root:Successfully fetched https://wordpress-810691-5571285.cloudwaysapps.com/events/research-assistance-2025-08-27-2025-09-03-2025-09-10-2025-09-17-2025-09-24-2025-10-01-2025-10-08-2025-10-15-2025-10-22-2025-10-29-2025-11-05-2025-11-12-2025-11-19-2025-11-26-2025-12-03-2-31-2026-01-07/ (Content-Length: 44211)
DEBUG:charset_normalizer:Encoding detection: utf_8 is most likely the one.
DEBUG:root:Extracted 490 characters, 85 words from https://wordpress-810691-5571285.cloudwaysapps.com/events/research-assistance-2025-08-27-2025-09-03-2025-09-10-2025-09-17-2025-09-24-2025-10-01-2025-10-08-2025-10-15-2025-10-22-2025-10-29-2025-11-05-2025-11-12-2025-11-19-2025-11-26-2025-12-03-2-31-2026-01-07/
DEBUG:root:Checking external hyperlink: https://www.google.com/calendar/event?action=TEMPLATE&text=Research+Assistance&dates=20260107T130000/20260107T150000&details=Join+us+weekly+in+the+Genealogy+Room+for+in-person+help+with+your+research.+It%E2%80%99s+a+great+chance+to+get+one-on-one+guidance%2C+ask+questions%2C+and+connect+with+others+who+share+your+passion+for+family+history.&location=2525+Oakley+Seaver+Dr%2C+Clermont%2C+FL%2C+34711%2C+United+States&trp=false&sprop=https%3A%2F%2Fwordpress-810691-5571285.cloudwaysapps.com%2Fevents%2Fresearch-assistance-2025-08-27-2025-09-03-2025-09-10-2025-09-17-2025-09-24-2025-10-01-2025-10-08-2025-10-15-2025-10-22-2025-10-29-2025-11-05-2025-11-12-2025-11-19-2025-11-26-2025-12-03-2-31-2026-01-07%2F&sprop=name:Pastfinders&ctz=America%2FNew_York
DEBUG:urllib3.connectionpool:Starting new HTTPS connection (1): www.google.com:443
DEBUG:urllib3.connectionpool:https://outlook.live.com:443 "GET /calendar/0/deeplink/compose?allday=false&body=Help+in+the+preservation+of+our+local+history+and+collections%2C+including+transcriptionists%2C+preservationists%2C+digitizers%2C+and+organization%C2%A0projects.&location=2525+Oakley+Seaver+Dr%2C+Clermont%2C+FL%2C+34711%2C+United+States&path=/calendar/action/compose&rru=addevent&startdt=2026-04-15T10%3A00%3A00-04%3A00&enddt=2026-04-15T12%3A00%3A00-04%3A00&subject=Preserving+Local+History HTTP/1.1" 200 None
DEBUG:root:✅ Hyperlink OK: https://outlook.live.com/calendar/0/deeplink/compose?allday=false&body=Help+in+the+preservation+of+our+local+history+and+collections%2C+including+transcriptionists%2C+preservationists%2C+digitizers%2C+and+organization%C2%A0projects.&location=2525+Oakley+Seaver+Dr%2C+Clermont%2C+FL%2C+34711%2C+United+States&path=/calendar/action/compose&rru=addevent&startdt=2026-04-15T10%3A00%3A00-04%3A00&enddt=2026-04-15T12%3A00%3A00-04%3A00&subject=Preserving+Local+History
DEBUG:root:Using regex pattern: \b[a-zA-Z]{3,}\b
DEBUG:root:Found 44 words to check in https://wordpress-810691-5571285.cloudwaysapps.com/events/preserving-local-history-2026-04-15/ (min_length=3)
DEBUG:root:Sample words from https://wordpress-810691-5571285.cloudwaysapps.com/events/preserving-local-history-2026-04-15/: ['This', 'alert', 'Skip', 'content', 'Preserving', 'Local', 'History', 'When', 'April', 'Add']
DEBUG:root:Misspelled word found: 'transcriptionists' in https://wordpress-810691-5571285.cloudwaysapps.com/events/preserving-local-history-2026-04-15/
DEBUG:root:Spell check results for https://wordpress-810691-5571285.cloudwaysapps.com/events/preserving-local-history-2026-04-15/: 17 words checked, 27 skipped, 1 errors found
INFO:root:✅ Processed https://wordpress-810691-5571285.cloudwaysapps.com/events/preserving-local-history-2026-04-15/: 1 errors found, 65 words checked
DEBUG:root:Attempting to fetch: https://wordpress-810691-5571285.cloudwaysapps.com/resources/dnaexplained-genetic-genealogy/
Processing pages:  35%|███▍      | 132/381 [01:20<01:50,  2.26it/s]DEBUG:urllib3.connectionpool:https://www.google.com:443 "GET /calendar/event?action=TEMPLATE&text=Research+Assistance&dates=20260107T130000/20260107T150000&details=Join+us+weekly+in+the+Genealogy+Room+for+in-person+help+with+your+research.+It%E2%80%99s+a+great+chance+to+get+one-on-one+guidance%2C+ask+questions%2C+and+connect+with+others+who+share+your+passion+for+family+history.&location=2525+Oakley+Seaver+Dr%2C+Clermont%2C+FL%2C+34711%2C+United+States&trp=false&sprop=https%3A%2F%2Fwordpress-810691-5571285.cloudwaysapps.com%2Fevents%2Fresearch-assistance-2025-08-27-2025-09-03-2025-09-10-2025-09-17-2025-09-24-2025-10-01-2025-10-08-2025-10-15-2025-10-22-2025-10-29-2025-11-05-2025-11-12-2025-11-19-2025-11-26-2025-12-03-2-31-2026-01-07%2F&sprop=name:Pastfinders&ctz=America%2FNew_York HTTP/1.1" 302 0
DEBUG:urllib3.connectionpool:Starting new HTTPS connection (1): calendar.google.com:443
DEBUG:urllib3.connectionpool:https://wordpress-810691-5571285.cloudwaysapps.com:443 "GET /wp-content/uploads/2025/08/IMG_0002_4_1571882934-1024x784.webp HTTP/1.1" 200 132952
DEBUG:urllib3.connectionpool:https://wordpress-810691-5571285.cloudwaysapps.com:443 "GET /resources/dnaexplained-genetic-genealogy/ HTTP/1.1" 200 None
DEBUG:root:Successfully fetched https://wordpress-810691-5571285.cloudwaysapps.com/resources/dnaexplained-genetic-genealogy/ (Content-Length: 39417)
DEBUG:charset_normalizer:Encoding detection: utf_8 is most likely the one.
DEBUG:root:Extracted 1064 characters, 180 words from https://wordpress-810691-5571285.cloudwaysapps.com/resources/dnaexplained-genetic-genealogy/
DEBUG:root:Using regex pattern: \b[a-zA-Z]{3,}\b
DEBUG:root:Found 132 words to check in https://wordpress-810691-5571285.cloudwaysapps.com/resources/dnaexplained-genetic-genealogy/ (min_length=3)
DEBUG:root:Sample words from https://wordpress-810691-5571285.cloudwaysapps.com/resources/dnaexplained-genetic-genealogy/: ['This', 'alert', 'Skip', 'content', 'DNAeXplained', 'Genetic', 'Genealogy', 'June', 'Roberta', 'Estes']
DEBUG:root:Skipped email/domain fragment: 'www'
DEBUG:root:Skipped email/domain fragment: 'dnaexplain'
DEBUG:root:Skipped email/domain fragment: 'com'
DEBUG:root:Spell check results for https://wordpress-810691-5571285.cloudwaysapps.com/resources/dnaexplained-genetic-genealogy/: 101 words checked, 31 skipped, 0 errors found
INFO:root:✅ Processed https://wordpress-810691-5571285.cloudwaysapps.com/resources/dnaexplained-genetic-genealogy/: 0 errors found, 180 words checked
DEBUG:root:Attempting to fetch: https://wordpress-810691-5571285.cloudwaysapps.com/site-settings/
Processing pages:  35%|███▍      | 133/381 [01:20<01:26,  2.87it/s]DEBUG:root:✅ Image OK: https://wordpress-810691-5571285.cloudwaysapps.com/wp-content/uploads/2025/08/IMG_0002_4_1571882934-1024x784.webp
DEBUG:root:Checking internal image: https://wordpress-810691-5571285.cloudwaysapps.com/wp-content/uploads/2025/08/IMG_0011_1571882934-1024x486.webp
DEBUG:urllib3.connectionpool:Starting new HTTPS connection (1): wordpress-810691-5571285.cloudwaysapps.com:443
DEBUG:urllib3.connectionpool:https://wordpress-810691-5571285.cloudwaysapps.com:443 "GET /site-settings/ HTTP/1.1" 200 None
DEBUG:root:Successfully fetched https://wordpress-810691-5571285.cloudwaysapps.com/site-settings/ (Content-Length: 36828)
DEBUG:charset_normalizer:Encoding detection: utf_8 is most likely the one.
DEBUG:root:Extracted 52 characters, 10 words from https://wordpress-810691-5571285.cloudwaysapps.com/site-settings/
DEBUG:root:Using regex pattern: \b[a-zA-Z]{3,}\b
DEBUG:root:Found 6 words to check in https://wordpress-810691-5571285.cloudwaysapps.com/site-settings/ (min_length=3)
DEBUG:root:Sample words from https://wordpress-810691-5571285.cloudwaysapps.com/site-settings/: ['This', 'alert', 'Skip', 'content', 'Site', 'Settings']
DEBUG:root:Spell check results for https://wordpress-810691-5571285.cloudwaysapps.com/site-settings/: 2 words checked, 4 skipped, 0 errors found
INFO:root:✅ Processed https://wordpress-810691-5571285.cloudwaysapps.com/site-settings/: 0 errors found, 10 words checked
DEBUG:root:Attempting to fetch: https://wordpress-810691-5571285.cloudwaysapps.com/events/research-assistance-2025-08-27-2025-09-03-2025-09-10-2025-09-17-2025-09-24-2025-10-01-2025-10-08-2025-10-15-2025-10-22-2025-10-29-2025-11-05-2025-11-12/
DEBUG:urllib3.connectionpool:https://calendar.google.com:443 "GET /calendar/event?action=TEMPLATE&text=Research+Assistance&dates=20260107T130000/20260107T150000&details=Join+us+weekly+in+the+Genealogy+Room+for+in-person+help+with+your+research.+It%E2%80%99s+a+great+chance+to+get+one-on-one+guidance,+ask+questions,+and+connect+with+others+who+share+your+passion+for+family+history.&location=2525+Oakley+Seaver+Dr,+Clermont,+FL,+34711,+United+States&trp=false&sprop=https://wordpress-810691-5571285.cloudwaysapps.com/events/research-assistance-2025-08-27-2025-09-03-2025-09-10-2025-09-17-2025-09-24-2025-10-01-2025-10-08-2025-10-15-2025-10-22-2025-10-29-2025-11-05-2025-11-12-2025-11-19-2025-11-26-2025-12-03-2-31-2026-01-07/&sprop=name:Pastfinders&ctz=America/New_York HTTP/1.1" 302 0
DEBUG:urllib3.connectionpool:Starting new HTTPS connection (1): accounts.google.com:443
DEBUG:root:✅ Document OK: https://pastfindersslc.org/upload/newsletters/201303V25N2.pdf
DEBUG:root:Checking external document: https://pastfindersslc.org/upload/newsletters/201301V25N1.pdf
DEBUG:urllib3.connectionpool:Starting new HTTPS connection (1): pastfindersslc.org:443
DEBUG:urllib3.connectionpool:https://accounts.google.com:443 "GET /ServiceLogin?service=cl&passive=1209600&osid=1&continue=https://calendar.google.com/calendar/event?action%3DTEMPLATE%26text%3DResearch%2BAssistance%26dates%3D20260107T130000/20260107T150000%26details%3DJoin%2Bus%2Bweekly%2Bin%2Bthe%2BGenealogy%2BRoom%2Bfor%2Bin-person%2Bhelp%2Bwith%2Byour%2Bresearch.%2BIt%25E2%2580%2599s%2Ba%2Bgreat%2Bchance%2Bto%2Bget%2Bone-on-one%2Bguidance,%2Bask%2Bquestions,%2Band%2Bconnect%2Bwith%2Bothers%2Bwho%2Bshare%2Byour%2Bpassion%2Bfor%2Bfamily%2Bhistory.%26location%3D2525%2BOakley%2BSeaver%2BDr,%2BClermont,%2BFL,%2B34711,%2BUnited%2BStates%26trp%3Dfalse%26sprop%3Dhttps://wordpress-810691-5571285.cloudwaysapps.com/events/research-assistance-2025-08-27-2025-09-03-2025-09-10-2025-09-17-2025-09-24-2025-10-01-2025-10-08-2025-10-15-2025-10-22-2025-10-29-2025-11-05-2025-11-12-2025-11-19-2025-11-26-2025-12-03-2-31-2026-01-07/%26sprop%3Dname:Pastfinders%26ctz%3DAmerica/New_York&followup=https://calendar.google.com/calendar/event?action%3DTEMPLATE%26text%3DResearch%2BAssistance%26dates%3D20260107T130000/20260107T150000%26details%3DJoin%2Bus%2Bweekly%2Bin%2Bthe%2BGenealogy%2BRoom%2Bfor%2Bin-person%2Bhelp%2Bwith%2Byour%2Bresearch.%2BIt%25E2%2580%2599s%2Ba%2Bgreat%2Bchance%2Bto%2Bget%2Bone-on-one%2Bguidance,%2Bask%2Bquestions,%2Band%2Bconnect%2Bwith%2Bothers%2Bwho%2Bshare%2Byour%2Bpassion%2Bfor%2Bfamily%2Bhistory.%26location%3D2525%2BOakley%2BSeaver%2BDr,%2BClermont,%2BFL,%2B34711,%2BUnited%2BStates%26trp%3Dfalse%26sprop%3Dhttps://wordpress-810691-5571285.cloudwaysapps.com/events/research-assistance-2025-08-27-2025-09-03-2025-09-10-2025-09-17-2025-09-24-2025-10-01-2025-10-08-2025-10-15-2025-10-22-2025-10-29-2025-11-05-2025-11-12-2025-11-19-2025-11-26-2025-12-03-2-31-2026-01-07/%26sprop%3Dname:Pastfinders%26ctz%3DAmerica/New_York&emr=1 HTTP/1.1" 302 0
DEBUG:urllib3.connectionpool:https://accounts.google.com:443 "GET /InteractiveLogin?continue=https://calendar.google.com/calendar/event?action%3DTEMPLATE%26text%3DResearch%2BAssistance%26dates%3D20260107T130000/20260107T150000%26details%3DJoin%2Bus%2Bweekly%2Bin%2Bthe%2BGenealogy%2BRoom%2Bfor%2Bin-person%2Bhelp%2Bwith%2Byour%2Bresearch.%2BIt%25E2%2580%2599s%2Ba%2Bgreat%2Bchance%2Bto%2Bget%2Bone-on-one%2Bguidance,%2Bask%2Bquestions,%2Band%2Bconnect%2Bwith%2Bothers%2Bwho%2Bshare%2Byour%2Bpassion%2Bfor%2Bfamily%2Bhistory.%26location%3D2525%2BOakley%2BSeaver%2BDr,%2BClermont,%2BFL,%2B34711,%2BUnited%2BStates%26trp%3Dfalse%26sprop%3Dhttps://wordpress-810691-5571285.cloudwaysapps.com/events/research-assistance-2025-08-27-2025-09-03-2025-09-10-2025-09-17-2025-09-24-2025-10-01-2025-10-08-2025-10-15-2025-10-22-2025-10-29-2025-11-05-2025-11-12-2025-11-19-2025-11-26-2025-12-03-2-31-2026-01-07/%26sprop%3Dname:Pastfinders%26ctz%3DAmerica/New_York&emr=1&followup=https://calendar.google.com/calendar/event?action%3DTEMPLATE%26text%3DResearch%2BAssistance%26dates%3D20260107T130000/20260107T150000%26details%3DJoin%2Bus%2Bweekly%2Bin%2Bthe%2BGenealogy%2BRoom%2Bfor%2Bin-person%2Bhelp%2Bwith%2Byour%2Bresearch.%2BIt%25E2%2580%2599s%2Ba%2Bgreat%2Bchance%2Bto%2Bget%2Bone-on-one%2Bguidance,%2Bask%2Bquestions,%2Band%2Bconnect%2Bwith%2Bothers%2Bwho%2Bshare%2Byour%2Bpassion%2Bfor%2Bfamily%2Bhistory.%26location%3D2525%2BOakley%2BSeaver%2BDr,%2BClermont,%2BFL,%2B34711,%2BUnited%2BStates%26trp%3Dfalse%26sprop%3Dhttps://wordpress-810691-5571285.cloudwaysapps.com/events/research-assistance-2025-08-27-2025-09-03-2025-09-10-2025-09-17-2025-09-24-2025-10-01-2025-10-08-2025-10-15-2025-10-22-2025-10-29-2025-11-05-2025-11-12-2025-11-19-2025-11-26-2025-12-03-2-31-2026-01-07/%26sprop%3Dname:Pastfinders%26ctz%3DAmerica/New_York&osid=1&passive=1209600&service=cl&ifkv=AdBytiOuWbVzlkuUUBg6dsIDTAd8plRL2DqCn4GUnVzEVw5gGLyYgXwYncI8rSSlktG-FWZLQMxGEw HTTP/1.1" 302 None
DEBUG:urllib3.connectionpool:https://wordpress-810691-5571285.cloudwaysapps.com:443 "GET /wp-content/uploads/2025/08/IMG_0011_1571882934-1024x486.webp HTTP/1.1" 200 85154
DEBUG:urllib3.connectionpool:https://wordpress-810691-5571285.cloudwaysapps.com:443 "GET /resources/know-your-dna/ HTTP/1.1" 200 None
DEBUG:urllib3.connectionpool:https://accounts.google.com:443 "GET /v3/signin/identifier?continue=https%3A%2F%2Fcalendar.google.com%2Fcalendar%2Fevent%3Faction%3DTEMPLATE%26text%3DResearch%2BAssistance%26dates%3D20260107T130000%2F20260107T150000%26details%3DJoin%2Bus%2Bweekly%2Bin%2Bthe%2BGenealogy%2BRoom%2Bfor%2Bin-person%2Bhelp%2Bwith%2Byour%2Bresearch.%2BIt%25E2%2580%2599s%2Ba%2Bgreat%2Bchance%2Bto%2Bget%2Bone-on-one%2Bguidance%2C%2Bask%2Bquestions%2C%2Band%2Bconnect%2Bwith%2Bothers%2Bwho%2Bshare%2Byour%2Bpassion%2Bfor%2Bfamily%2Bhistory.%26location%3D2525%2BOakley%2BSeaver%2BDr%2C%2BClermont%2C%2BFL%2C%2B34711%2C%2BUnited%2BStates%26trp%3Dfalse%26sprop%3Dhttps%3A%2F%2Fwordpress-810691-5571285.cloudwaysapps.com%2Fevents%2Fresearch-assistance-2025-08-27-2025-09-03-2025-09-10-2025-09-17-2025-09-24-2025-10-01-2025-10-08-2025-10-15-2025-10-22-2025-10-29-2025-11-05-2025-11-12-2025-11-19-2025-11-26-2025-12-03-2-31-2026-01-07%2F%26sprop%3Dname%3APastfinders%26ctz%3DAmerica%2FNew_York&emr=1&followup=https%3A%2F%2Fcalendar.google.com%2Fcalendar%2Fevent%3Faction%3DTEMPLATE%26text%3DResearch%2BAssistance%26dates%3D20260107T130000%2F20260107T150000%26details%3DJoin%2Bus%2Bweekly%2Bin%2Bthe%2BGenealogy%2BRoom%2Bfor%2Bin-person%2Bhelp%2Bwith%2Byour%2Bresearch.%2BIt%25E2%2580%2599s%2Ba%2Bgreat%2Bchance%2Bto%2Bget%2Bone-on-one%2Bguidance%2C%2Bask%2Bquestions%2C%2Band%2Bconnect%2Bwith%2Bothers%2Bwho%2Bshare%2Byour%2Bpassion%2Bfor%2Bfamily%2Bhistory.%26location%3D2525%2BOakley%2BSeaver%2BDr%2C%2BClermont%2C%2BFL%2C%2B34711%2C%2BUnited%2BStates%26trp%3Dfalse%26sprop%3Dhttps%3A%2F%2Fwordpress-810691-5571285.cloudwaysapps.com%2Fevents%2Fresearch-assistance-2025-08-27-2025-09-03-2025-09-10-2025-09-17-2025-09-24-2025-10-01-2025-10-08-2025-10-15-2025-10-22-2025-10-29-2025-11-05-2025-11-12-2025-11-19-2025-11-26-2025-12-03-2-31-2026-01-07%2F%26sprop%3Dname%3APastfinders%26ctz%3DAmerica%2FNew_York&ifkv=AdBytiOeZruTP19nKxTR5mXiR1Gm79x12k95bitSz7U5Wx7KtrovTGY_Ud4h5WGffD8KPDV9REzxiA&osid=1&passive=1209600&service=cl&flowName=WebLiteSignIn&flowEntry=ServiceLogin&dsh=S2117037767%3A1756758204601984 HTTP/1.1" 200 None
DEBUG:root:✅ Image OK: https://wordpress-810691-5571285.cloudwaysapps.com/wp-content/uploads/2025/08/IMG_0011_1571882934-1024x486.webp
DEBUG:root:Checking internal image: https://wordpress-810691-5571285.cloudwaysapps.com/wp-content/uploads/2025/08/IMG_0013_1571882951-657x1024.webp
DEBUG:urllib3.connectionpool:Starting new HTTPS connection (1): wordpress-810691-5571285.cloudwaysapps.com:443
DEBUG:root:Successfully fetched https://wordpress-810691-5571285.cloudwaysapps.com/resources/know-your-dna/ (Content-Length: 38879)
DEBUG:charset_normalizer:Encoding detection: utf_8 is most likely the one.
DEBUG:root:Extracted 758 characters, 137 words from https://wordpress-810691-5571285.cloudwaysapps.com/resources/know-your-dna/
DEBUG:root:Using regex pattern: \b[a-zA-Z]{3,}\b
DEBUG:root:Found 105 words to check in https://wordpress-810691-5571285.cloudwaysapps.com/resources/know-your-dna/ (min_length=3)
DEBUG:root:Sample words from https://wordpress-810691-5571285.cloudwaysapps.com/resources/know-your-dna/: ['This', 'alert', 'Skip', 'content', 'Know', 'Your', 'DNA', 'January', 'OUR', 'MISSION']
DEBUG:root:Skipped email/domain fragment: 'ancestry'
DEBUG:root:Spell check results for https://wordpress-810691-5571285.cloudwaysapps.com/resources/know-your-dna/: 82 words checked, 23 skipped, 0 errors found
INFO:root:✅ Processed https://wordpress-810691-5571285.cloudwaysapps.com/resources/know-your-dna/: 0 errors found, 137 words checked
DEBUG:root:Attempting to fetch: https://wordpress-810691-5571285.cloudwaysapps.com/galleries/2006-pastfinders-news/
Processing pages:  35%|███▌      | 135/381 [01:20<01:11,  3.46it/s]DEBUG:root:✅ Hyperlink OK: https://www.google.com/calendar/event?action=TEMPLATE&text=Research+Assistance&dates=20260107T130000/20260107T150000&details=Join+us+weekly+in+the+Genealogy+Room+for+in-person+help+with+your+research.+It%E2%80%99s+a+great+chance+to+get+one-on-one+guidance%2C+ask+questions%2C+and+connect+with+others+who+share+your+passion+for+family+history.&location=2525+Oakley+Seaver+Dr%2C+Clermont%2C+FL%2C+34711%2C+United+States&trp=false&sprop=https%3A%2F%2Fwordpress-810691-5571285.cloudwaysapps.com%2Fevents%2Fresearch-assistance-2025-08-27-2025-09-03-2025-09-10-2025-09-17-2025-09-24-2025-10-01-2025-10-08-2025-10-15-2025-10-22-2025-10-29-2025-11-05-2025-11-12-2025-11-19-2025-11-26-2025-12-03-2-31-2026-01-07%2F&sprop=name:Pastfinders&ctz=America%2FNew_York
DEBUG:root:Checking external hyperlink: https://outlook.office.com/calendar/0/deeplink/compose?allday=false&body=Join+us+weekly+in+the+Genealogy+Room+for+in-person+help+with+your+research.+It%E2%80%99s+a+great+chance+to+get+one-on-one+guidance%2C+ask+questions%2C+and+connect+with+others+who+share+your+passion+for+family+history.&location=2525+Oakley+Seaver+Dr%2C+Clermont%2C+FL%2C+34711%2C+United+States&path=/calendar/action/compose&rru=addevent&startdt=2026-01-07T13%3A00%3A00-05%3A00&enddt=2026-01-07T15%3A00%3A00-05%3A00&subject=Research+Assistance
DEBUG:urllib3.connectionpool:Starting new HTTPS connection (1): outlook.office.com:443
DEBUG:urllib3.connectionpool:https://wordpress-810691-5571285.cloudwaysapps.com:443 "GET /galleries/2006-pastfinders-news/ HTTP/1.1" 200 None
DEBUG:root:Successfully fetched https://wordpress-810691-5571285.cloudwaysapps.com/galleries/2006-pastfinders-news/ (Content-Length: 45618)
DEBUG:charset_normalizer:Encoding detection: utf_8 is most likely the one.
DEBUG:root:Extracted 174 characters, 31 words from https://wordpress-810691-5571285.cloudwaysapps.com/galleries/2006-pastfinders-news/
DEBUG:root:Checking internal image: https://wordpress-810691-5571285.cloudwaysapps.com/wp-content/uploads/2025/08/IMG_0002_2_1565112877-1024x388.webp
DEBUG:urllib3.connectionpool:Starting new HTTPS connection (1): wordpress-810691-5571285.cloudwaysapps.com:443
DEBUG:urllib3.connectionpool:https://wordpress-810691-5571285.cloudwaysapps.com:443 "GET /wp-content/uploads/2025/08/IMG_0013_1571882951-657x1024.webp HTTP/1.1" 200 159474
DEBUG:urllib3.connectionpool:https://outlook.office.com:443 "GET /calendar/0/deeplink/compose?allday=false&body=Join+us+weekly+in+the+Genealogy+Room+for+in-person+help+with+your+research.+It%E2%80%99s+a+great+chance+to+get+one-on-one+guidance%2C+ask+questions%2C+and+connect+with+others+who+share+your+passion+for+family+history.&location=2525+Oakley+Seaver+Dr%2C+Clermont%2C+FL%2C+34711%2C+United+States&path=/calendar/action/compose&rru=addevent&startdt=2026-01-07T13%3A00%3A00-05%3A00&enddt=2026-01-07T15%3A00%3A00-05%3A00&subject=Research+Assistance HTTP/1.1" 200 None
DEBUG:root:✅ Hyperlink OK: https://outlook.office.com/calendar/0/deeplink/compose?allday=false&body=Join+us+weekly+in+the+Genealogy+Room+for+in-person+help+with+your+research.+It%E2%80%99s+a+great+chance+to+get+one-on-one+guidance%2C+ask+questions%2C+and+connect+with+others+who+share+your+passion+for+family+history.&location=2525+Oakley+Seaver+Dr%2C+Clermont%2C+FL%2C+34711%2C+United+States&path=/calendar/action/compose&rru=addevent&startdt=2026-01-07T13%3A00%3A00-05%3A00&enddt=2026-01-07T15%3A00%3A00-05%3A00&subject=Research+Assistance
DEBUG:root:Checking external hyperlink: https://outlook.live.com/calendar/0/deeplink/compose?allday=false&body=Join+us+weekly+in+the+Genealogy+Room+for+in-person+help+with+your+research.+It%E2%80%99s+a+great+chance+to+get+one-on-one+guidance%2C+ask+questions%2C+and+connect+with+others+who+share+your+passion+for+family+history.&location=2525+Oakley+Seaver+Dr%2C+Clermont%2C+FL%2C+34711%2C+United+States&path=/calendar/action/compose&rru=addevent&startdt=2026-01-07T13%3A00%3A00-05%3A00&enddt=2026-01-07T15%3A00%3A00-05%3A00&subject=Research+Assistance
DEBUG:urllib3.connectionpool:Starting new HTTPS connection (1): outlook.live.com:443
DEBUG:urllib3.connectionpool:https://pastfindersslc.org:443 "GET /upload/newsletters/201301V25N1.pdf HTTP/1.1" 200 3959676
DEBUG:root:✅ Image OK: https://wordpress-810691-5571285.cloudwaysapps.com/wp-content/uploads/2025/08/IMG_0013_1571882951-657x1024.webp
DEBUG:root:Checking internal image: https://wordpress-810691-5571285.cloudwaysapps.com/wp-content/uploads/2025/08/IMG_0006_1571882934-791x1024.webp
DEBUG:urllib3.connectionpool:Starting new HTTPS connection (1): wordpress-810691-5571285.cloudwaysapps.com:443
DEBUG:urllib3.connectionpool:https://wordpress-810691-5571285.cloudwaysapps.com:443 "GET /wp-content/uploads/2025/08/IMG_0002_2_1565112877-1024x388.webp HTTP/1.1" 200 77180
DEBUG:root:✅ Image OK: https://wordpress-810691-5571285.cloudwaysapps.com/wp-content/uploads/2025/08/IMG_0002_2_1565112877-1024x388.webp
DEBUG:root:Checking internal image: https://wordpress-810691-5571285.cloudwaysapps.com/wp-content/uploads/2025/08/IMG_0002_1_1565112877-889x1024.webp
DEBUG:urllib3.connectionpool:Starting new HTTPS connection (1): wordpress-810691-5571285.cloudwaysapps.com:443
DEBUG:urllib3.connectionpool:https://outlook.live.com:443 "GET /calendar/0/deeplink/compose?allday=false&body=Join+us+weekly+in+the+Genealogy+Room+for+in-person+help+with+your+research.+It%E2%80%99s+a+great+chance+to+get+one-on-one+guidance%2C+ask+questions%2C+and+connect+with+others+who+share+your+passion+for+family+history.&location=2525+Oakley+Seaver+Dr%2C+Clermont%2C+FL%2C+34711%2C+United+States&path=/calendar/action/compose&rru=addevent&startdt=2026-01-07T13%3A00%3A00-05%3A00&enddt=2026-01-07T15%3A00%3A00-05%3A00&subject=Research+Assistance HTTP/1.1" 200 None
DEBUG:root:✅ Hyperlink OK: https://outlook.live.com/calendar/0/deeplink/compose?allday=false&body=Join+us+weekly+in+the+Genealogy+Room+for+in-person+help+with+your+research.+It%E2%80%99s+a+great+chance+to+get+one-on-one+guidance%2C+ask+questions%2C+and+connect+with+others+who+share+your+passion+for+family+history.&location=2525+Oakley+Seaver+Dr%2C+Clermont%2C+FL%2C+34711%2C+United+States&path=/calendar/action/compose&rru=addevent&startdt=2026-01-07T13%3A00%3A00-05%3A00&enddt=2026-01-07T15%3A00%3A00-05%3A00&subject=Research+Assistance
DEBUG:root:Using regex pattern: \b[a-zA-Z]{3,}\b
DEBUG:root:Found 58 words to check in https://wordpress-810691-5571285.cloudwaysapps.com/events/research-assistance-2025-08-27-2025-09-03-2025-09-10-2025-09-17-2025-09-24-2025-10-01-2025-10-08-2025-10-15-2025-10-22-2025-10-29-2025-11-05-2025-11-12-2025-11-19-2025-11-26-2025-12-03-2-31-2026-01-07/ (min_length=3)
DEBUG:root:Sample words from https://wordpress-810691-5571285.cloudwaysapps.com/events/research-assistance-2025-08-27-2025-09-03-2025-09-10-2025-09-17-2025-09-24-2025-10-01-2025-10-08-2025-10-15-2025-10-22-2025-10-29-2025-11-05-2025-11-12-2025-11-19-2025-11-26-2025-12-03-2-31-2026-01-07/: ['This', 'alert', 'Skip', 'content', 'Research', 'Assistance', 'When', 'January', 'Add', 'Calendar']
DEBUG:root:Spell check results for https://wordpress-810691-5571285.cloudwaysapps.com/events/research-assistance-2025-08-27-2025-09-03-2025-09-10-2025-09-17-2025-09-24-2025-10-01-2025-10-08-2025-10-15-2025-10-22-2025-10-29-2025-11-05-2025-11-12-2025-11-19-2025-11-26-2025-12-03-2-31-2026-01-07/: 30 words checked, 28 skipped, 0 errors found
INFO:root:✅ Processed https://wordpress-810691-5571285.cloudwaysapps.com/events/research-assistance-2025-08-27-2025-09-03-2025-09-10-2025-09-17-2025-09-24-2025-10-01-2025-10-08-2025-10-15-2025-10-22-2025-10-29-2025-11-05-2025-11-12-2025-11-19-2025-11-26-2025-12-03-2-31-2026-01-07/: 0 errors found, 85 words checked
DEBUG:root:Attempting to fetch: https://wordpress-810691-5571285.cloudwaysapps.com/events/preserving-local-history-2026-07-15/
Processing pages:  36%|███▌      | 136/381 [01:21<01:38,  2.49it/s]DEBUG:urllib3.connectionpool:https://wordpress-810691-5571285.cloudwaysapps.com:443 "GET /wp-content/uploads/2025/08/IMG_0006_1571882934-791x1024.webp HTTP/1.1" 200 58200
DEBUG:urllib3.connectionpool:https://wordpress-810691-5571285.cloudwaysapps.com:443 "GET /events/research-assistance-2025-08-27-2025-09-03-2025-09-10-2025-09-17-2025-09-24-2025-10-01-2025-10-08-2025-10-15-2025-10-22-2025-10-29-2025-11-05-2025-11-12/ HTTP/1.1" 200 None
DEBUG:root:Successfully fetched https://wordpress-810691-5571285.cloudwaysapps.com/events/research-assistance-2025-08-27-2025-09-03-2025-09-10-2025-09-17-2025-09-24-2025-10-01-2025-10-08-2025-10-15-2025-10-22-2025-10-29-2025-11-05-2025-11-12/ (Content-Length: 43544)
DEBUG:charset_normalizer:Encoding detection: utf_8 is most likely the one.
DEBUG:urllib3.connectionpool:https://wordpress-810691-5571285.cloudwaysapps.com:443 "GET /events/preserving-local-history-2026-07-15/ HTTP/1.1" 200 None
DEBUG:root:Extracted 492 characters, 85 words from https://wordpress-810691-5571285.cloudwaysapps.com/events/research-assistance-2025-08-27-2025-09-03-2025-09-10-2025-09-17-2025-09-24-2025-10-01-2025-10-08-2025-10-15-2025-10-22-2025-10-29-2025-11-05-2025-11-12/
DEBUG:root:Successfully fetched https://wordpress-810691-5571285.cloudwaysapps.com/events/preserving-local-history-2026-07-15/ (Content-Length: 43608)
DEBUG:root:Checking external hyperlink: https://www.google.com/calendar/event?action=TEMPLATE&text=Research+Assistance&dates=20251112T130000/20251112T150000&details=Join+us+weekly+in+the+Genealogy+Room+for+in-person+help+with+your+research.+It%E2%80%99s+a+great+chance+to+get+one-on-one+guidance%2C+ask+questions%2C+and+connect+with+others+who+share+your+passion+for+family+history.&location=2525+Oakley+Seaver+Dr%2C+Clermont%2C+FL%2C+34711%2C+United+States&trp=false&sprop=https%3A%2F%2Fwordpress-810691-5571285.cloudwaysapps.com%2Fevents%2Fresearch-assistance-2025-08-27-2025-09-03-2025-09-10-2025-09-17-2025-09-24-2025-10-01-2025-10-08-2025-10-15-2025-10-22-2025-10-29-2025-11-05-2025-11-12%2F&sprop=name:Pastfinders&ctz=America%2FNew_York
DEBUG:charset_normalizer:Encoding detection: utf_8 is most likely the one.
DEBUG:root:✅ Image OK: https://wordpress-810691-5571285.cloudwaysapps.com/wp-content/uploads/2025/08/IMG_0006_1571882934-791x1024.webp
DEBUG:root:Checking internal image: https://wordpress-810691-5571285.cloudwaysapps.com/wp-content/uploads/2025/08/ann_1571882951-1024x857.webp
DEBUG:urllib3.connectionpool:Starting new HTTPS connection (1): www.google.com:443
DEBUG:urllib3.connectionpool:Starting new HTTPS connection (1): wordpress-810691-5571285.cloudwaysapps.com:443
DEBUG:root:Extracted 443 characters, 65 words from https://wordpress-810691-5571285.cloudwaysapps.com/events/preserving-local-history-2026-07-15/
DEBUG:root:Checking external hyperlink: https://www.google.com/calendar/event?action=TEMPLATE&text=Preserving+Local+History&dates=20260715T100000/20260715T120000&details=Help+in+the+preservation+of+our+local+history+and+collections%2C+including+transcriptionists%2C+preservationists%2C+digitizers%2C+and+organization%C2%A0projects.&location=2525+Oakley+Seaver+Dr%2C+Clermont%2C+FL%2C+34711%2C+United+States&trp=false&sprop=https%3A%2F%2Fwordpress-810691-5571285.cloudwaysapps.com%2Fevents%2Fpreserving-local-history-2026-07-15%2F&sprop=name:Pastfinders&ctz=America%2FNew_York
DEBUG:urllib3.connectionpool:Starting new HTTPS connection (1): www.google.com:443
DEBUG:root:✅ Document OK: https://pastfindersslc.org/upload/newsletters/201301V25N1.pdf
DEBUG:root:Checking external document: https://pastfindersslc.org/upload/newsletters/201212V24N5.pdf
DEBUG:urllib3.connectionpool:Starting new HTTPS connection (1): pastfindersslc.org:443
DEBUG:urllib3.connectionpool:https://wordpress-810691-5571285.cloudwaysapps.com:443 "GET /wp-content/uploads/2025/08/IMG_0002_1_1565112877-889x1024.webp HTTP/1.1" 200 159164
DEBUG:urllib3.connectionpool:https://www.google.com:443 "GET /calendar/event?action=TEMPLATE&text=Research+Assistance&dates=20251112T130000/20251112T150000&details=Join+us+weekly+in+the+Genealogy+Room+for+in-person+help+with+your+research.+It%E2%80%99s+a+great+chance+to+get+one-on-one+guidance%2C+ask+questions%2C+and+connect+with+others+who+share+your+passion+for+family+history.&location=2525+Oakley+Seaver+Dr%2C+Clermont%2C+FL%2C+34711%2C+United+States&trp=false&sprop=https%3A%2F%2Fwordpress-810691-5571285.cloudwaysapps.com%2Fevents%2Fresearch-assistance-2025-08-27-2025-09-03-2025-09-10-2025-09-17-2025-09-24-2025-10-01-2025-10-08-2025-10-15-2025-10-22-2025-10-29-2025-11-05-2025-11-12%2F&sprop=name:Pastfinders&ctz=America%2FNew_York HTTP/1.1" 302 0
DEBUG:urllib3.connectionpool:Starting new HTTPS connection (1): calendar.google.com:443
DEBUG:urllib3.connectionpool:https://www.google.com:443 "GET /calendar/event?action=TEMPLATE&text=Preserving+Local+History&dates=20260715T100000/20260715T120000&details=Help+in+the+preservation+of+our+local+history+and+collections%2C+including+transcriptionists%2C+preservationists%2C+digitizers%2C+and+organization%C2%A0projects.&location=2525+Oakley+Seaver+Dr%2C+Clermont%2C+FL%2C+34711%2C+United+States&trp=false&sprop=https%3A%2F%2Fwordpress-810691-5571285.cloudwaysapps.com%2Fevents%2Fpreserving-local-history-2026-07-15%2F&sprop=name:Pastfinders&ctz=America%2FNew_York HTTP/1.1" 302 0
DEBUG:urllib3.connectionpool:Starting new HTTPS connection (1): calendar.google.com:443
DEBUG:root:✅ Image OK: https://wordpress-810691-5571285.cloudwaysapps.com/wp-content/uploads/2025/08/IMG_0002_1_1565112877-889x1024.webp
DEBUG:root:Using regex pattern: \b[a-zA-Z]{3,}\b
DEBUG:root:Found 15 words to check in https://wordpress-810691-5571285.cloudwaysapps.com/galleries/2006-pastfinders-news/ (min_length=3)
DEBUG:root:Sample words from https://wordpress-810691-5571285.cloudwaysapps.com/galleries/2006-pastfinders-news/: ['This', 'alert', 'Skip', 'content', 'Pastfinders', 'News', 'images', 'Click', 'view', 'Click']
DEBUG:root:Spell check results for https://wordpress-810691-5571285.cloudwaysapps.com/galleries/2006-pastfinders-news/: 5 words checked, 10 skipped, 0 errors found
INFO:root:✅ Processed https://wordpress-810691-5571285.cloudwaysapps.com/galleries/2006-pastfinders-news/: 0 errors found, 31 words checked
DEBUG:root:Attempting to fetch: https://wordpress-810691-5571285.cloudwaysapps.com/events/irish-special-interest-group-sig-2025-07-21/
Processing pages:  36%|███▌      | 137/381 [01:21<01:28,  2.76it/s]DEBUG:urllib3.connectionpool:https://pastfindersslc.org:443 "GET /upload/newsletters/201212V24N5.pdf HTTP/1.1" 200 3588265
DEBUG:urllib3.connectionpool:https://wordpress-810691-5571285.cloudwaysapps.com:443 "GET /events/irish-special-interest-group-sig-2025-07-21/ HTTP/1.1" 200 None
DEBUG:root:Successfully fetched https://wordpress-810691-5571285.cloudwaysapps.com/events/irish-special-interest-group-sig-2025-07-21/ (Content-Length: 43812)
DEBUG:charset_normalizer:Encoding detection: ascii is most likely the one.
DEBUG:root:Extracted 718 characters, 121 words from https://wordpress-810691-5571285.cloudwaysapps.com/events/irish-special-interest-group-sig-2025-07-21/
DEBUG:root:Checking external hyperlink: https://www.google.com/calendar/event?action=TEMPLATE&text=Irish+Special+Interest+Group+%28SIG%29&dates=20250721T130000/20250721T141500&details=%3Cstrong%3EThe+Irish+SIG+will+resume+with+a+different+approach+to+Genealogy+Research.%C2%A0+Discussions+will+be+based+on+input+from+the+group%2C+which+will+result+in+changing+topics+each+month.%3C%2Fstrong%3EPastfinders+will+send+an+Email+to+SIG+members+several+days+prior+to+each+meeting.Pastfinders+is+using+the+Zoom+Virtual+Meeting+app+to+hold+these+meetings+and+you+can+only+join+the+meeting+by+using+a+link+provided+by+Pastfinders.%C2%A0+You+can+register+for+the+season+here%3A%3Cstrong%3E%C2%A0%3Ca+href%3D%22https%3A%2F%2Fform.jotform.com%2FPastfindersSLC%2FJoin-Irish-SIG%22%3EIrish+SIG%3C%2Fa%3E%C2%A0%3C%2Fstrong%3E&location=&trp=false&sprop=https%3A%2F%2Fwordpress-810691-5571285.cloudwaysapps.com%2Fevents%2Firish-special-interest-group-sig-2025-07-21%2F&sprop=name:Pastfinders&ctz=America%2FNew_York
DEBUG:urllib3.connectionpool:Starting new HTTPS connection (1): www.google.com:443
DEBUG:urllib3.connectionpool:https://calendar.google.com:443 "GET /calendar/event?action=TEMPLATE&text=Research+Assistance&dates=20251112T130000/20251112T150000&details=Join+us+weekly+in+the+Genealogy+Room+for+in-person+help+with+your+research.+It%E2%80%99s+a+great+chance+to+get+one-on-one+guidance,+ask+questions,+and+connect+with+others+who+share+your+passion+for+family+history.&location=2525+Oakley+Seaver+Dr,+Clermont,+FL,+34711,+United+States&trp=false&sprop=https://wordpress-810691-5571285.cloudwaysapps.com/events/research-assistance-2025-08-27-2025-09-03-2025-09-10-2025-09-17-2025-09-24-2025-10-01-2025-10-08-2025-10-15-2025-10-22-2025-10-29-2025-11-05-2025-11-12/&sprop=name:Pastfinders&ctz=America/New_York HTTP/1.1" 302 0
DEBUG:urllib3.connectionpool:https://calendar.google.com:443 "GET /calendar/event?action=TEMPLATE&text=Preserving+Local+History&dates=20260715T100000/20260715T120000&details=Help+in+the+preservation+of+our+local+history+and+collections,+including+transcriptionists,+preservationists,+digitizers,+and+organization%C2%A0projects.&location=2525+Oakley+Seaver+Dr,+Clermont,+FL,+34711,+United+States&trp=false&sprop=https://wordpress-810691-5571285.cloudwaysapps.com/events/preserving-local-history-2026-07-15/&sprop=name:Pastfinders&ctz=America/New_York HTTP/1.1" 302 0
DEBUG:urllib3.connectionpool:https://wordpress-810691-5571285.cloudwaysapps.com:443 "GET /wp-content/uploads/2025/08/ann_1571882951-1024x857.webp HTTP/1.1" 200 138056
DEBUG:urllib3.connectionpool:Starting new HTTPS connection (1): accounts.google.com:443
DEBUG:urllib3.connectionpool:Starting new HTTPS connection (1): accounts.google.com:443
DEBUG:urllib3.connectionpool:https://www.google.com:443 "GET /calendar/event?action=TEMPLATE&text=Irish+Special+Interest+Group+%28SIG%29&dates=20250721T130000/20250721T141500&details=%3Cstrong%3EThe+Irish+SIG+will+resume+with+a+different+approach+to+Genealogy+Research.%C2%A0+Discussions+will+be+based+on+input+from+the+group%2C+which+will+result+in+changing+topics+each+month.%3C%2Fstrong%3EPastfinders+will+send+an+Email+to+SIG+members+several+days+prior+to+each+meeting.Pastfinders+is+using+the+Zoom+Virtual+Meeting+app+to+hold+these+meetings+and+you+can+only+join+the+meeting+by+using+a+link+provided+by+Pastfinders.%C2%A0+You+can+register+for+the+season+here%3A%3Cstrong%3E%C2%A0%3Ca+href%3D%22https%3A%2F%2Fform.jotform.com%2FPastfindersSLC%2FJoin-Irish-SIG%22%3EIrish+SIG%3C%2Fa%3E%C2%A0%3C%2Fstrong%3E&location=&trp=false&sprop=https%3A%2F%2Fwordpress-810691-5571285.cloudwaysapps.com%2Fevents%2Firish-special-interest-group-sig-2025-07-21%2F&sprop=name:Pastfinders&ctz=America%2FNew_York HTTP/1.1" 302 0
DEBUG:root:✅ Image OK: https://wordpress-810691-5571285.cloudwaysapps.com/wp-content/uploads/2025/08/ann_1571882951-1024x857.webp
DEBUG:root:Checking internal image: https://wordpress-810691-5571285.cloudwaysapps.com/wp-content/uploads/2025/08/IMG_0008_1571882934-1024x443.webp
DEBUG:urllib3.connectionpool:Starting new HTTPS connection (1): wordpress-810691-5571285.cloudwaysapps.com:443
DEBUG:urllib3.connectionpool:Starting new HTTPS connection (1): calendar.google.com:443
DEBUG:urllib3.connectionpool:https://accounts.google.com:443 "GET /ServiceLogin?service=cl&passive=1209600&osid=1&continue=https://calendar.google.com/calendar/event?action%3DTEMPLATE%26text%3DResearch%2BAssistance%26dates%3D20251112T130000/20251112T150000%26details%3DJoin%2Bus%2Bweekly%2Bin%2Bthe%2BGenealogy%2BRoom%2Bfor%2Bin-person%2Bhelp%2Bwith%2Byour%2Bresearch.%2BIt%25E2%2580%2599s%2Ba%2Bgreat%2Bchance%2Bto%2Bget%2Bone-on-one%2Bguidance,%2Bask%2Bquestions,%2Band%2Bconnect%2Bwith%2Bothers%2Bwho%2Bshare%2Byour%2Bpassion%2Bfor%2Bfamily%2Bhistory.%26location%3D2525%2BOakley%2BSeaver%2BDr,%2BClermont,%2BFL,%2B34711,%2BUnited%2BStates%26trp%3Dfalse%26sprop%3Dhttps://wordpress-810691-5571285.cloudwaysapps.com/events/research-assistance-2025-08-27-2025-09-03-2025-09-10-2025-09-17-2025-09-24-2025-10-01-2025-10-08-2025-10-15-2025-10-22-2025-10-29-2025-11-05-2025-11-12/%26sprop%3Dname:Pastfinders%26ctz%3DAmerica/New_York&followup=https://calendar.google.com/calendar/event?action%3DTEMPLATE%26text%3DResearch%2BAssistance%26dates%3D20251112T130000/20251112T150000%26details%3DJoin%2Bus%2Bweekly%2Bin%2Bthe%2BGenealogy%2BRoom%2Bfor%2Bin-person%2Bhelp%2Bwith%2Byour%2Bresearch.%2BIt%25E2%2580%2599s%2Ba%2Bgreat%2Bchance%2Bto%2Bget%2Bone-on-one%2Bguidance,%2Bask%2Bquestions,%2Band%2Bconnect%2Bwith%2Bothers%2Bwho%2Bshare%2Byour%2Bpassion%2Bfor%2Bfamily%2Bhistory.%26location%3D2525%2BOakley%2BSeaver%2BDr,%2BClermont,%2BFL,%2B34711,%2BUnited%2BStates%26trp%3Dfalse%26sprop%3Dhttps://wordpress-810691-5571285.cloudwaysapps.com/events/research-assistance-2025-08-27-2025-09-03-2025-09-10-2025-09-17-2025-09-24-2025-10-01-2025-10-08-2025-10-15-2025-10-22-2025-10-29-2025-11-05-2025-11-12/%26sprop%3Dname:Pastfinders%26ctz%3DAmerica/New_York&emr=1 HTTP/1.1" 302 0
DEBUG:urllib3.connectionpool:https://accounts.google.com:443 "GET /ServiceLogin?service=cl&passive=1209600&osid=1&continue=https://calendar.google.com/calendar/event?action%3DTEMPLATE%26text%3DPreserving%2BLocal%2BHistory%26dates%3D20260715T100000/20260715T120000%26details%3DHelp%2Bin%2Bthe%2Bpreservation%2Bof%2Bour%2Blocal%2Bhistory%2Band%2Bcollections,%2Bincluding%2Btranscriptionists,%2Bpreservationists,%2Bdigitizers,%2Band%2Borganization%25C2%25A0projects.%26location%3D2525%2BOakley%2BSeaver%2BDr,%2BClermont,%2BFL,%2B34711,%2BUnited%2BStates%26trp%3Dfalse%26sprop%3Dhttps://wordpress-810691-5571285.cloudwaysapps.com/events/preserving-local-history-2026-07-15/%26sprop%3Dname:Pastfinders%26ctz%3DAmerica/New_York&followup=https://calendar.google.com/calendar/event?action%3DTEMPLATE%26text%3DPreserving%2BLocal%2BHistory%26dates%3D20260715T100000/20260715T120000%26details%3DHelp%2Bin%2Bthe%2Bpreservation%2Bof%2Bour%2Blocal%2Bhistory%2Band%2Bcollections,%2Bincluding%2Btranscriptionists,%2Bpreservationists,%2Bdigitizers,%2Band%2Borganization%25C2%25A0projects.%26location%3D2525%2BOakley%2BSeaver%2BDr,%2BClermont,%2BFL,%2B34711,%2BUnited%2BStates%26trp%3Dfalse%26sprop%3Dhttps://wordpress-810691-5571285.cloudwaysapps.com/events/preserving-local-history-2026-07-15/%26sprop%3Dname:Pastfinders%26ctz%3DAmerica/New_York&emr=1 HTTP/1.1" 302 0
DEBUG:urllib3.connectionpool:https://accounts.google.com:443 "GET /InteractiveLogin?continue=https://calendar.google.com/calendar/event?action%3DTEMPLATE%26text%3DResearch%2BAssistance%26dates%3D20251112T130000/20251112T150000%26details%3DJoin%2Bus%2Bweekly%2Bin%2Bthe%2BGenealogy%2BRoom%2Bfor%2Bin-person%2Bhelp%2Bwith%2Byour%2Bresearch.%2BIt%25E2%2580%2599s%2Ba%2Bgreat%2Bchance%2Bto%2Bget%2Bone-on-one%2Bguidance,%2Bask%2Bquestions,%2Band%2Bconnect%2Bwith%2Bothers%2Bwho%2Bshare%2Byour%2Bpassion%2Bfor%2Bfamily%2Bhistory.%26location%3D2525%2BOakley%2BSeaver%2BDr,%2BClermont,%2BFL,%2B34711,%2BUnited%2BStates%26trp%3Dfalse%26sprop%3Dhttps://wordpress-810691-5571285.cloudwaysapps.com/events/research-assistance-2025-08-27-2025-09-03-2025-09-10-2025-09-17-2025-09-24-2025-10-01-2025-10-08-2025-10-15-2025-10-22-2025-10-29-2025-11-05-2025-11-12/%26sprop%3Dname:Pastfinders%26ctz%3DAmerica/New_York&emr=1&followup=https://calendar.google.com/calendar/event?action%3DTEMPLATE%26text%3DResearch%2BAssistance%26dates%3D20251112T130000/20251112T150000%26details%3DJoin%2Bus%2Bweekly%2Bin%2Bthe%2BGenealogy%2BRoom%2Bfor%2Bin-person%2Bhelp%2Bwith%2Byour%2Bresearch.%2BIt%25E2%2580%2599s%2Ba%2Bgreat%2Bchance%2Bto%2Bget%2Bone-on-one%2Bguidance,%2Bask%2Bquestions,%2Band%2Bconnect%2Bwith%2Bothers%2Bwho%2Bshare%2Byour%2Bpassion%2Bfor%2Bfamily%2Bhistory.%26location%3D2525%2BOakley%2BSeaver%2BDr,%2BClermont,%2BFL,%2B34711,%2BUnited%2BStates%26trp%3Dfalse%26sprop%3Dhttps://wordpress-810691-5571285.cloudwaysapps.com/events/research-assistance-2025-08-27-2025-09-03-2025-09-10-2025-09-17-2025-09-24-2025-10-01-2025-10-08-2025-10-15-2025-10-22-2025-10-29-2025-11-05-2025-11-12/%26sprop%3Dname:Pastfinders%26ctz%3DAmerica/New_York&osid=1&passive=1209600&service=cl&ifkv=AdBytiNUsDYM0aNXV_C7t87ixIsH6kqGEGuUzqWtTWd2Sxyy0m6APP1bMi-WofKipwj0CAmn8dIS HTTP/1.1" 302 None
DEBUG:urllib3.connectionpool:https://accounts.google.com:443 "GET /InteractiveLogin?continue=https://calendar.google.com/calendar/event?action%3DTEMPLATE%26text%3DPreserving%2BLocal%2BHistory%26dates%3D20260715T100000/20260715T120000%26details%3DHelp%2Bin%2Bthe%2Bpreservation%2Bof%2Bour%2Blocal%2Bhistory%2Band%2Bcollections,%2Bincluding%2Btranscriptionists,%2Bpreservationists,%2Bdigitizers,%2Band%2Borganization%25C2%25A0projects.%26location%3D2525%2BOakley%2BSeaver%2BDr,%2BClermont,%2BFL,%2B34711,%2BUnited%2BStates%26trp%3Dfalse%26sprop%3Dhttps://wordpress-810691-5571285.cloudwaysapps.com/events/preserving-local-history-2026-07-15/%26sprop%3Dname:Pastfinders%26ctz%3DAmerica/New_York&emr=1&followup=https://calendar.google.com/calendar/event?action%3DTEMPLATE%26text%3DPreserving%2BLocal%2BHistory%26dates%3D20260715T100000/20260715T120000%26details%3DHelp%2Bin%2Bthe%2Bpreservation%2Bof%2Bour%2Blocal%2Bhistory%2Band%2Bcollections,%2Bincluding%2Btranscriptionists,%2Bpreservationists,%2Bdigitizers,%2Band%2Borganization%25C2%25A0projects.%26location%3D2525%2BOakley%2BSeaver%2BDr,%2BClermont,%2BFL,%2B34711,%2BUnited%2BStates%26trp%3Dfalse%26sprop%3Dhttps://wordpress-810691-5571285.cloudwaysapps.com/events/preserving-local-history-2026-07-15/%26sprop%3Dname:Pastfinders%26ctz%3DAmerica/New_York&osid=1&passive=1209600&service=cl&ifkv=AdBytiPZ2PxYkd3SQb0rWcYu1VMDdAvhdLk7V4EkvJG8fppIL05_e3YrcRAGWAj07ZdF5vUDY9ic HTTP/1.1" 302 None
DEBUG:urllib3.connectionpool:https://calendar.google.com:443 "GET /calendar/event?action=TEMPLATE&text=Irish+Special+Interest+Group+(SIG)&dates=20250721T130000/20250721T141500&details=%3Cstrong%3EThe+Irish+SIG+will+resume+with+a+different+approach+to+Genealogy+Research.%C2%A0+Discussions+will+be+based+on+input+from+the+group,+which+will+result+in+changing+topics+each+month.%3C/strong%3EPastfinders+will+send+an+Email+to+SIG+members+several+days+prior+to+each+meeting.Pastfinders+is+using+the+Zoom+Virtual+Meeting+app+to+hold+these+meetings+and+you+can+only+join+the+meeting+by+using+a+link+provided+by+Pastfinders.%C2%A0+You+can+register+for+the+season+here:%3Cstrong%3E%C2%A0%3Ca+href%3D%22https://form.jotform.com/PastfindersSLC/Join-Irish-SIG%22%3EIrish+SIG%3C/a%3E%C2%A0%3C/strong%3E&location&trp=false&sprop=https://wordpress-810691-5571285.cloudwaysapps.com/events/irish-special-interest-group-sig-2025-07-21/&sprop=name:Pastfinders&ctz=America/New_York HTTP/1.1" 302 0
DEBUG:urllib3.connectionpool:Starting new HTTPS connection (1): accounts.google.com:443
DEBUG:urllib3.connectionpool:https://accounts.google.com:443 "GET /v3/signin/identifier?continue=https%3A%2F%2Fcalendar.google.com%2Fcalendar%2Fevent%3Faction%3DTEMPLATE%26text%3DResearch%2BAssistance%26dates%3D20251112T130000%2F20251112T150000%26details%3DJoin%2Bus%2Bweekly%2Bin%2Bthe%2BGenealogy%2BRoom%2Bfor%2Bin-person%2Bhelp%2Bwith%2Byour%2Bresearch.%2BIt%25E2%2580%2599s%2Ba%2Bgreat%2Bchance%2Bto%2Bget%2Bone-on-one%2Bguidance%2C%2Bask%2Bquestions%2C%2Band%2Bconnect%2Bwith%2Bothers%2Bwho%2Bshare%2Byour%2Bpassion%2Bfor%2Bfamily%2Bhistory.%26location%3D2525%2BOakley%2BSeaver%2BDr%2C%2BClermont%2C%2BFL%2C%2B34711%2C%2BUnited%2BStates%26trp%3Dfalse%26sprop%3Dhttps%3A%2F%2Fwordpress-810691-5571285.cloudwaysapps.com%2Fevents%2Fresearch-assistance-2025-08-27-2025-09-03-2025-09-10-2025-09-17-2025-09-24-2025-10-01-2025-10-08-2025-10-15-2025-10-22-2025-10-29-2025-11-05-2025-11-12%2F%26sprop%3Dname%3APastfinders%26ctz%3DAmerica%2FNew_York&emr=1&followup=https%3A%2F%2Fcalendar.google.com%2Fcalendar%2Fevent%3Faction%3DTEMPLATE%26text%3DResearch%2BAssistance%26dates%3D20251112T130000%2F20251112T150000%26details%3DJoin%2Bus%2Bweekly%2Bin%2Bthe%2BGenealogy%2BRoom%2Bfor%2Bin-person%2Bhelp%2Bwith%2Byour%2Bresearch.%2BIt%25E2%2580%2599s%2Ba%2Bgreat%2Bchance%2Bto%2Bget%2Bone-on-one%2Bguidance%2C%2Bask%2Bquestions%2C%2Band%2Bconnect%2Bwith%2Bothers%2Bwho%2Bshare%2Byour%2Bpassion%2Bfor%2Bfamily%2Bhistory.%26location%3D2525%2BOakley%2BSeaver%2BDr%2C%2BClermont%2C%2BFL%2C%2B34711%2C%2BUnited%2BStates%26trp%3Dfalse%26sprop%3Dhttps%3A%2F%2Fwordpress-810691-5571285.cloudwaysapps.com%2Fevents%2Fresearch-assistance-2025-08-27-2025-09-03-2025-09-10-2025-09-17-2025-09-24-2025-10-01-2025-10-08-2025-10-15-2025-10-22-2025-10-29-2025-11-05-2025-11-12%2F%26sprop%3Dname%3APastfinders%26ctz%3DAmerica%2FNew_York&ifkv=AdBytiOGAizgyx6utDv_ygVKaM8tHOhk4BVw77H2sHKWNhrfrAt4bU1E8byZNWFlujKF9H67sJ34&osid=1&passive=1209600&service=cl&flowName=WebLiteSignIn&flowEntry=ServiceLogin&dsh=S439602702%3A1756758206239083 HTTP/1.1" 200 None
DEBUG:urllib3.connectionpool:https://accounts.google.com:443 "GET /v3/signin/identifier?continue=https%3A%2F%2Fcalendar.google.com%2Fcalendar%2Fevent%3Faction%3DTEMPLATE%26text%3DPreserving%2BLocal%2BHistory%26dates%3D20260715T100000%2F20260715T120000%26details%3DHelp%2Bin%2Bthe%2Bpreservation%2Bof%2Bour%2Blocal%2Bhistory%2Band%2Bcollections%2C%2Bincluding%2Btranscriptionists%2C%2Bpreservationists%2C%2Bdigitizers%2C%2Band%2Borganization%25C2%25A0projects.%26location%3D2525%2BOakley%2BSeaver%2BDr%2C%2BClermont%2C%2BFL%2C%2B34711%2C%2BUnited%2BStates%26trp%3Dfalse%26sprop%3Dhttps%3A%2F%2Fwordpress-810691-5571285.cloudwaysapps.com%2Fevents%2Fpreserving-local-history-2026-07-15%2F%26sprop%3Dname%3APastfinders%26ctz%3DAmerica%2FNew_York&emr=1&followup=https%3A%2F%2Fcalendar.google.com%2Fcalendar%2Fevent%3Faction%3DTEMPLATE%26text%3DPreserving%2BLocal%2BHistory%26dates%3D20260715T100000%2F20260715T120000%26details%3DHelp%2Bin%2Bthe%2Bpreservation%2Bof%2Bour%2Blocal%2Bhistory%2Band%2Bcollections%2C%2Bincluding%2Btranscriptionists%2C%2Bpreservationists%2C%2Bdigitizers%2C%2Band%2Borganization%25C2%25A0projects.%26location%3D2525%2BOakley%2BSeaver%2BDr%2C%2BClermont%2C%2BFL%2C%2B34711%2C%2BUnited%2BStates%26trp%3Dfalse%26sprop%3Dhttps%3A%2F%2Fwordpress-810691-5571285.cloudwaysapps.com%2Fevents%2Fpreserving-local-history-2026-07-15%2F%26sprop%3Dname%3APastfinders%26ctz%3DAmerica%2FNew_York&ifkv=AdBytiMyKnJJz9c6UfnUMwXa2XsurSNxyfXY58mZVeM13u0qQDF_Rr0BJ-FatxtW2cW9SutrThqK&osid=1&passive=1209600&service=cl&flowName=WebLiteSignIn&flowEntry=ServiceLogin&dsh=S2131731407%3A1756758206267091 HTTP/1.1" 200 None
DEBUG:root:✅ Hyperlink OK: https://www.google.com/calendar/event?action=TEMPLATE&text=Research+Assistance&dates=20251112T130000/20251112T150000&details=Join+us+weekly+in+the+Genealogy+Room+for+in-person+help+with+your+research.+It%E2%80%99s+a+great+chance+to+get+one-on-one+guidance%2C+ask+questions%2C+and+connect+with+others+who+share+your+passion+for+family+history.&location=2525+Oakley+Seaver+Dr%2C+Clermont%2C+FL%2C+34711%2C+United+States&trp=false&sprop=https%3A%2F%2Fwordpress-810691-5571285.cloudwaysapps.com%2Fevents%2Fresearch-assistance-2025-08-27-2025-09-03-2025-09-10-2025-09-17-2025-09-24-2025-10-01-2025-10-08-2025-10-15-2025-10-22-2025-10-29-2025-11-05-2025-11-12%2F&sprop=name:Pastfinders&ctz=America%2FNew_York
DEBUG:root:Checking external hyperlink: https://outlook.office.com/calendar/0/deeplink/compose?allday=false&body=Join+us+weekly+in+the+Genealogy+Room+for+in-person+help+with+your+research.+It%E2%80%99s+a+great+chance+to+get+one-on-one+guidance%2C+ask+questions%2C+and+connect+with+others+who+share+your+passion+for+family+history.&location=2525+Oakley+Seaver+Dr%2C+Clermont%2C+FL%2C+34711%2C+United+States&path=/calendar/action/compose&rru=addevent&startdt=2025-11-12T13%3A00%3A00-05%3A00&enddt=2025-11-12T15%3A00%3A00-05%3A00&subject=Research+Assistance
DEBUG:urllib3.connectionpool:Starting new HTTPS connection (1): outlook.office.com:443
DEBUG:urllib3.connectionpool:https://wordpress-810691-5571285.cloudwaysapps.com:443 "GET /wp-content/uploads/2025/08/IMG_0008_1571882934-1024x443.webp HTTP/1.1" 200 129192
DEBUG:urllib3.connectionpool:https://accounts.google.com:443 "GET /ServiceLogin?service=cl&passive=1209600&osid=1&continue=https://calendar.google.com/calendar/event?action%3DTEMPLATE%26text%3DIrish%2BSpecial%2BInterest%2BGroup%2B(SIG)%26dates%3D20250721T130000/20250721T141500%26details%3D%253Cstrong%253EThe%2BIrish%2BSIG%2Bwill%2Bresume%2Bwith%2Ba%2Bdifferent%2Bapproach%2Bto%2BGenealogy%2BResearch.%25C2%25A0%2BDiscussions%2Bwill%2Bbe%2Bbased%2Bon%2Binput%2Bfrom%2Bthe%2Bgroup,%2Bwhich%2Bwill%2Bresult%2Bin%2Bchanging%2Btopics%2Beach%2Bmonth.%253C/strong%253EPastfinders%2Bwill%2Bsend%2Ban%2BEmail%2Bto%2BSIG%2Bmembers%2Bseveral%2Bdays%2Bprior%2Bto%2Beach%2Bmeeting.Pastfinders%2Bis%2Busing%2Bthe%2BZoom%2BVirtual%2BMeeting%2Bapp%2Bto%2Bhold%2Bthese%2Bmeetings%2Band%2Byou%2Bcan%2Bonly%2Bjoin%2Bthe%2Bmeeting%2Bby%2Busing%2Ba%2Blink%2Bprovided%2Bby%2BPastfinders.%25C2%25A0%2BYou%2Bcan%2Bregister%2Bfor%2Bthe%2Bseason%2Bhere:%253Cstrong%253E%25C2%25A0%253Ca%2Bhref%253D%2522https://form.jotform.com/PastfindersSLC/Join-Irish-SIG%2522%253EIrish%2BSIG%253C/a%253E%25C2%25A0%253C/strong%253E%26location%26trp%3Dfalse%26sprop%3Dhttps://wordpress-810691-5571285.cloudwaysapps.com/events/irish-special-interest-group-sig-2025-07-21/%26sprop%3Dname:Pastfinders%26ctz%3DAmerica/New_York&followup=https://calendar.google.com/calendar/event?action%3DTEMPLATE%26text%3DIrish%2BSpecial%2BInterest%2BGroup%2B(SIG)%26dates%3D20250721T130000/20250721T141500%26details%3D%253Cstrong%253EThe%2BIrish%2BSIG%2Bwill%2Bresume%2Bwith%2Ba%2Bdifferent%2Bapproach%2Bto%2BGenealogy%2BResearch.%25C2%25A0%2BDiscussions%2Bwill%2Bbe%2Bbased%2Bon%2Binput%2Bfrom%2Bthe%2Bgroup,%2Bwhich%2Bwill%2Bresult%2Bin%2Bchanging%2Btopics%2Beach%2Bmonth.%253C/strong%253EPastfinders%2Bwill%2Bsend%2Ban%2BEmail%2Bto%2BSIG%2Bmembers%2Bseveral%2Bdays%2Bprior%2Bto%2Beach%2Bmeeting.Pastfinders%2Bis%2Busing%2Bthe%2BZoom%2BVirtual%2BMeeting%2Bapp%2Bto%2Bhold%2Bthese%2Bmeetings%2Band%2Byou%2Bcan%2Bonly%2Bjoin%2Bthe%2Bmeeting%2Bby%2Busing%2Ba%2Blink%2Bprovided%2Bby%2BPastfinders.%25C2%25A0%2BYou%2Bcan%2Bregister%2Bfor%2Bthe%2Bseason%2Bhere:%253Cstrong%253E%25C2%25A0%253Ca%2Bhref%253D%2522https://form.jotform.com/PastfindersSLC/Join-Irish-SIG%2522%253EIrish%2BSIG%253C/a%253E%25C2%25A0%253C/strong%253E%26location%26trp%3Dfalse%26sprop%3Dhttps://wordpress-810691-5571285.cloudwaysapps.com/events/irish-special-interest-group-sig-2025-07-21/%26sprop%3Dname:Pastfinders%26ctz%3DAmerica/New_York&emr=1 HTTP/1.1" 302 0
DEBUG:root:✅ Hyperlink OK: https://www.google.com/calendar/event?action=TEMPLATE&text=Preserving+Local+History&dates=20260715T100000/20260715T120000&details=Help+in+the+preservation+of+our+local+history+and+collections%2C+including+transcriptionists%2C+preservationists%2C+digitizers%2C+and+organization%C2%A0projects.&location=2525+Oakley+Seaver+Dr%2C+Clermont%2C+FL%2C+34711%2C+United+States&trp=false&sprop=https%3A%2F%2Fwordpress-810691-5571285.cloudwaysapps.com%2Fevents%2Fpreserving-local-history-2026-07-15%2F&sprop=name:Pastfinders&ctz=America%2FNew_York
DEBUG:root:Checking external hyperlink: https://outlook.office.com/calendar/0/deeplink/compose?allday=false&body=Help+in+the+preservation+of+our+local+history+and+collections%2C+including+transcriptionists%2C+preservationists%2C+digitizers%2C+and+organization%C2%A0projects.&location=2525+Oakley+Seaver+Dr%2C+Clermont%2C+FL%2C+34711%2C+United+States&path=/calendar/action/compose&rru=addevent&startdt=2026-07-15T10%3A00%3A00-04%3A00&enddt=2026-07-15T12%3A00%3A00-04%3A00&subject=Preserving+Local+History
DEBUG:urllib3.connectionpool:Starting new HTTPS connection (1): outlook.office.com:443
DEBUG:urllib3.connectionpool:https://accounts.google.com:443 "GET /InteractiveLogin?continue=https://calendar.google.com/calendar/event?action%3DTEMPLATE%26text%3DIrish%2BSpecial%2BInterest%2BGroup%2B(SIG)%26dates%3D20250721T130000/20250721T141500%26details%3D%253Cstrong%253EThe%2BIrish%2BSIG%2Bwill%2Bresume%2Bwith%2Ba%2Bdifferent%2Bapproach%2Bto%2BGenealogy%2BResearch.%25C2%25A0%2BDiscussions%2Bwill%2Bbe%2Bbased%2Bon%2Binput%2Bfrom%2Bthe%2Bgroup,%2Bwhich%2Bwill%2Bresult%2Bin%2Bchanging%2Btopics%2Beach%2Bmonth.%253C/strong%253EPastfinders%2Bwill%2Bsend%2Ban%2BEmail%2Bto%2BSIG%2Bmembers%2Bseveral%2Bdays%2Bprior%2Bto%2Beach%2Bmeeting.Pastfinders%2Bis%2Busing%2Bthe%2BZoom%2BVirtual%2BMeeting%2Bapp%2Bto%2Bhold%2Bthese%2Bmeetings%2Band%2Byou%2Bcan%2Bonly%2Bjoin%2Bthe%2Bmeeting%2Bby%2Busing%2Ba%2Blink%2Bprovided%2Bby%2BPastfinders.%25C2%25A0%2BYou%2Bcan%2Bregister%2Bfor%2Bthe%2Bseason%2Bhere:%253Cstrong%253E%25C2%25A0%253Ca%2Bhref%253D%2522https://form.jotform.com/PastfindersSLC/Join-Irish-SIG%2522%253EIrish%2BSIG%253C/a%253E%25C2%25A0%253C/strong%253E%26location%26trp%3Dfalse%26sprop%3Dhttps://wordpress-810691-5571285.cloudwaysapps.com/events/irish-special-interest-group-sig-2025-07-21/%26sprop%3Dname:Pastfinders%26ctz%3DAmerica/New_York&emr=1&followup=https://calendar.google.com/calendar/event?action%3DTEMPLATE%26text%3DIrish%2BSpecial%2BInterest%2BGroup%2B(SIG)%26dates%3D20250721T130000/20250721T141500%26details%3D%253Cstrong%253EThe%2BIrish%2BSIG%2Bwill%2Bresume%2Bwith%2Ba%2Bdifferent%2Bapproach%2Bto%2BGenealogy%2BResearch.%25C2%25A0%2BDiscussions%2Bwill%2Bbe%2Bbased%2Bon%2Binput%2Bfrom%2Bthe%2Bgroup,%2Bwhich%2Bwill%2Bresult%2Bin%2Bchanging%2Btopics%2Beach%2Bmonth.%253C/strong%253EPastfinders%2Bwill%2Bsend%2Ban%2BEmail%2Bto%2BSIG%2Bmembers%2Bseveral%2Bdays%2Bprior%2Bto%2Beach%2Bmeeting.Pastfinders%2Bis%2Busing%2Bthe%2BZoom%2BVirtual%2BMeeting%2Bapp%2Bto%2Bhold%2Bthese%2Bmeetings%2Band%2Byou%2Bcan%2Bonly%2Bjoin%2Bthe%2Bmeeting%2Bby%2Busing%2Ba%2Blink%2Bprovided%2Bby%2BPastfinders.%25C2%25A0%2BYou%2Bcan%2Bregister%2Bfor%2Bthe%2Bseason%2Bhere:%253Cstrong%253E%25C2%25A0%253Ca%2Bhref%253D%2522https://form.jotform.com/PastfindersSLC/Join-Irish-SIG%2522%253EIrish%2BSIG%253C/a%253E%25C2%25A0%253C/strong%253E%26location%26trp%3Dfalse%26sprop%3Dhttps://wordpress-810691-5571285.cloudwaysapps.com/events/irish-special-interest-group-sig-2025-07-21/%26sprop%3Dname:Pastfinders%26ctz%3DAmerica/New_York&osid=1&passive=1209600&service=cl&ifkv=AdBytiOTZJgULtxKdUWDZ3up9MZLP-zXyrrkhigtZ9tgSEfCAwp5r7DTuYz0_vbUZ__GclqH-BesBw HTTP/1.1" 302 None
DEBUG:root:✅ Image OK: https://wordpress-810691-5571285.cloudwaysapps.com/wp-content/uploads/2025/08/IMG_0008_1571882934-1024x443.webp
DEBUG:root:Checking internal image: https://wordpress-810691-5571285.cloudwaysapps.com/wp-content/uploads/2025/08/IMG_0001_1571882951-1024x956.webp
DEBUG:urllib3.connectionpool:Starting new HTTPS connection (1): wordpress-810691-5571285.cloudwaysapps.com:443
DEBUG:urllib3.connectionpool:https://accounts.google.com:443 "GET /v3/signin/identifier?continue=https%3A%2F%2Fcalendar.google.com%2Fcalendar%2Fevent%3Faction%3DTEMPLATE%26text%3DIrish%2BSpecial%2BInterest%2BGroup%2B%28SIG%29%26dates%3D20250721T130000%2F20250721T141500%26details%3D%253Cstrong%253EThe%2BIrish%2BSIG%2Bwill%2Bresume%2Bwith%2Ba%2Bdifferent%2Bapproach%2Bto%2BGenealogy%2BResearch.%25C2%25A0%2BDiscussions%2Bwill%2Bbe%2Bbased%2Bon%2Binput%2Bfrom%2Bthe%2Bgroup%2C%2Bwhich%2Bwill%2Bresult%2Bin%2Bchanging%2Btopics%2Beach%2Bmonth.%253C%2Fstrong%253EPastfinders%2Bwill%2Bsend%2Ban%2BEmail%2Bto%2BSIG%2Bmembers%2Bseveral%2Bdays%2Bprior%2Bto%2Beach%2Bmeeting.Pastfinders%2Bis%2Busing%2Bthe%2BZoom%2BVirtual%2BMeeting%2Bapp%2Bto%2Bhold%2Bthese%2Bmeetings%2Band%2Byou%2Bcan%2Bonly%2Bjoin%2Bthe%2Bmeeting%2Bby%2Busing%2Ba%2Blink%2Bprovided%2Bby%2BPastfinders.%25C2%25A0%2BYou%2Bcan%2Bregister%2Bfor%2Bthe%2Bseason%2Bhere%3A%253Cstrong%253E%25C2%25A0%253Ca%2Bhref%253D%2522https%3A%2F%2Fform.jotform.com%2FPastfindersSLC%2FJoin-Irish-SIG%2522%253EIrish%2BSIG%253C%2Fa%253E%25C2%25A0%253C%2Fstrong%253E%26location%26trp%3Dfalse%26sprop%3Dhttps%3A%2F%2Fwordpress-810691-5571285.cloudwaysapps.com%2Fevents%2Firish-special-interest-group-sig-2025-07-21%2F%26sprop%3Dname%3APastfinders%26ctz%3DAmerica%2FNew_York&emr=1&followup=https%3A%2F%2Fcalendar.google.com%2Fcalendar%2Fevent%3Faction%3DTEMPLATE%26text%3DIrish%2BSpecial%2BInterest%2BGroup%2B%28SIG%29%26dates%3D20250721T130000%2F20250721T141500%26details%3D%253Cstrong%253EThe%2BIrish%2BSIG%2Bwill%2Bresume%2Bwith%2Ba%2Bdifferent%2Bapproach%2Bto%2BGenealogy%2BResearch.%25C2%25A0%2BDiscussions%2Bwill%2Bbe%2Bbased%2Bon%2Binput%2Bfrom%2Bthe%2Bgroup%2C%2Bwhich%2Bwill%2Bresult%2Bin%2Bchanging%2Btopics%2Beach%2Bmonth.%253C%2Fstrong%253EPastfinders%2Bwill%2Bsend%2Ban%2BEmail%2Bto%2BSIG%2Bmembers%2Bseveral%2Bdays%2Bprior%2Bto%2Beach%2Bmeeting.Pastfinders%2Bis%2Busing%2Bthe%2BZoom%2BVirtual%2BMeeting%2Bapp%2Bto%2Bhold%2Bthese%2Bmeetings%2Band%2Byou%2Bcan%2Bonly%2Bjoin%2Bthe%2Bmeeting%2Bby%2Busing%2Ba%2Blink%2Bprovided%2Bby%2BPastfinders.%25C2%25A0%2BYou%2Bcan%2Bregister%2Bfor%2Bthe%2Bseason%2Bhere%3A%253Cstrong%253E%25C2%25A0%253Ca%2Bhref%253D%2522https%3A%2F%2Fform.jotform.com%2FPastfindersSLC%2FJoin-Irish-SIG%2522%253EIrish%2BSIG%253C%2Fa%253E%25C2%25A0%253C%2Fstrong%253E%26location%26trp%3Dfalse%26sprop%3Dhttps%3A%2F%2Fwordpress-810691-5571285.cloudwaysapps.com%2Fevents%2Firish-special-interest-group-sig-2025-07-21%2F%26sprop%3Dname%3APastfinders%26ctz%3DAmerica%2FNew_York&ifkv=AdBytiPWR3o59F0k5hL2-Sr3vlwF0HHnJnhRHRFa2BFm-MxjUew7jaNXNaqT8bF17iDdoF_-mA_KrQ&osid=1&passive=1209600&service=cl&flowName=WebLiteSignIn&flowEntry=ServiceLogin&dsh=S1779021490%3A1756758206466828 HTTP/1.1" 200 None
DEBUG:urllib3.connectionpool:https://outlook.office.com:443 "GET /calendar/0/deeplink/compose?allday=false&body=Help+in+the+preservation+of+our+local+history+and+collections%2C+including+transcriptionists%2C+preservationists%2C+digitizers%2C+and+organization%C2%A0projects.&location=2525+Oakley+Seaver+Dr%2C+Clermont%2C+FL%2C+34711%2C+United+States&path=/calendar/action/compose&rru=addevent&startdt=2026-07-15T10%3A00%3A00-04%3A00&enddt=2026-07-15T12%3A00%3A00-04%3A00&subject=Preserving+Local+History HTTP/1.1" 200 None
DEBUG:root:✅ Hyperlink OK: https://outlook.office.com/calendar/0/deeplink/compose?allday=false&body=Help+in+the+preservation+of+our+local+history+and+collections%2C+including+transcriptionists%2C+preservationists%2C+digitizers%2C+and+organization%C2%A0projects.&location=2525+Oakley+Seaver+Dr%2C+Clermont%2C+FL%2C+34711%2C+United+States&path=/calendar/action/compose&rru=addevent&startdt=2026-07-15T10%3A00%3A00-04%3A00&enddt=2026-07-15T12%3A00%3A00-04%3A00&subject=Preserving+Local+History
DEBUG:root:Checking external hyperlink: https://outlook.live.com/calendar/0/deeplink/compose?allday=false&body=Help+in+the+preservation+of+our+local+history+and+collections%2C+including+transcriptionists%2C+preservationists%2C+digitizers%2C+and+organization%C2%A0projects.&location=2525+Oakley+Seaver+Dr%2C+Clermont%2C+FL%2C+34711%2C+United+States&path=/calendar/action/compose&rru=addevent&startdt=2026-07-15T10%3A00%3A00-04%3A00&enddt=2026-07-15T12%3A00%3A00-04%3A00&subject=Preserving+Local+History
DEBUG:urllib3.connectionpool:Starting new HTTPS connection (1): outlook.live.com:443
DEBUG:root:✅ Hyperlink OK: https://www.google.com/calendar/event?action=TEMPLATE&text=Irish+Special+Interest+Group+%28SIG%29&dates=20250721T130000/20250721T141500&details=%3Cstrong%3EThe+Irish+SIG+will+resume+with+a+different+approach+to+Genealogy+Research.%C2%A0+Discussions+will+be+based+on+input+from+the+group%2C+which+will+result+in+changing+topics+each+month.%3C%2Fstrong%3EPastfinders+will+send+an+Email+to+SIG+members+several+days+prior+to+each+meeting.Pastfinders+is+using+the+Zoom+Virtual+Meeting+app+to+hold+these+meetings+and+you+can+only+join+the+meeting+by+using+a+link+provided+by+Pastfinders.%C2%A0+You+can+register+for+the+season+here%3A%3Cstrong%3E%C2%A0%3Ca+href%3D%22https%3A%2F%2Fform.jotform.com%2FPastfindersSLC%2FJoin-Irish-SIG%22%3EIrish+SIG%3C%2Fa%3E%C2%A0%3C%2Fstrong%3E&location=&trp=false&sprop=https%3A%2F%2Fwordpress-810691-5571285.cloudwaysapps.com%2Fevents%2Firish-special-interest-group-sig-2025-07-21%2F&sprop=name:Pastfinders&ctz=America%2FNew_York
DEBUG:root:Checking external hyperlink: https://outlook.office.com/calendar/0/deeplink/compose?allday=false&body=%3Cstrong%3EThe+Irish+SIG+will+resume+with+a+different+approach+to+Genealogy+Research.%C2%A0+Discussions+will+be+based+on+input+from+the+group%2C+which+will+result+in+changing+topics+each+month.%3C%2Fstrong%3EPastfinders+will+send+an+Email+to+SIG+members+several+days+prior+to+each+meeting.Pastfinders+is+using+the+Zoom+Virtual+Meeting+app+to+hold+these+meetings+and+you+can+only+join+the+meeting+by+using+a+link+provided+by+Pastfinders.%C2%A0+You+can+register+for+the+season+here%3A%3Cstrong%3E%C2%A0%3Ca+href%3D%22https%3A%2F%2Fform.jotform.com%2FPastfindersSLC%2FJoin-Irish-SIG%22%3EIrish+SIG%3C%2Fa%3E%C2%A0%3C%2Fstrong%3E&location=&path=/calendar/action/compose&rru=addevent&startdt=2025-07-21T13%3A00%3A00-04%3A00&enddt=2025-07-21T14%3A15%3A00-04%3A00&subject=Irish+Special+Interest+Group+%28SIG%29
DEBUG:urllib3.connectionpool:Starting new HTTPS connection (1): outlook.office.com:443
DEBUG:urllib3.connectionpool:https://outlook.office.com:443 "GET /calendar/0/deeplink/compose?allday=false&body=Join+us+weekly+in+the+Genealogy+Room+for+in-person+help+with+your+research.+It%E2%80%99s+a+great+chance+to+get+one-on-one+guidance%2C+ask+questions%2C+and+connect+with+others+who+share+your+passion+for+family+history.&location=2525+Oakley+Seaver+Dr%2C+Clermont%2C+FL%2C+34711%2C+United+States&path=/calendar/action/compose&rru=addevent&startdt=2025-11-12T13%3A00%3A00-05%3A00&enddt=2025-11-12T15%3A00%3A00-05%3A00&subject=Research+Assistance HTTP/1.1" 200 None
DEBUG:root:✅ Hyperlink OK: https://outlook.office.com/calendar/0/deeplink/compose?allday=false&body=Join+us+weekly+in+the+Genealogy+Room+for+in-person+help+with+your+research.+It%E2%80%99s+a+great+chance+to+get+one-on-one+guidance%2C+ask+questions%2C+and+connect+with+others+who+share+your+passion+for+family+history.&location=2525+Oakley+Seaver+Dr%2C+Clermont%2C+FL%2C+34711%2C+United+States&path=/calendar/action/compose&rru=addevent&startdt=2025-11-12T13%3A00%3A00-05%3A00&enddt=2025-11-12T15%3A00%3A00-05%3A00&subject=Research+Assistance
DEBUG:root:Checking external hyperlink: https://outlook.live.com/calendar/0/deeplink/compose?allday=false&body=Join+us+weekly+in+the+Genealogy+Room+for+in-person+help+with+your+research.+It%E2%80%99s+a+great+chance+to+get+one-on-one+guidance%2C+ask+questions%2C+and+connect+with+others+who+share+your+passion+for+family+history.&location=2525+Oakley+Seaver+Dr%2C+Clermont%2C+FL%2C+34711%2C+United+States&path=/calendar/action/compose&rru=addevent&startdt=2025-11-12T13%3A00%3A00-05%3A00&enddt=2025-11-12T15%3A00%3A00-05%3A00&subject=Research+Assistance
DEBUG:urllib3.connectionpool:Starting new HTTPS connection (1): outlook.live.com:443
DEBUG:urllib3.connectionpool:https://wordpress-810691-5571285.cloudwaysapps.com:443 "GET /wp-content/uploads/2025/08/IMG_0001_1571882951-1024x956.webp HTTP/1.1" 200 190766
DEBUG:urllib3.connectionpool:https://outlook.live.com:443 "GET /calendar/0/deeplink/compose?allday=false&body=Help+in+the+preservation+of+our+local+history+and+collections%2C+including+transcriptionists%2C+preservationists%2C+digitizers%2C+and+organization%C2%A0projects.&location=2525+Oakley+Seaver+Dr%2C+Clermont%2C+FL%2C+34711%2C+United+States&path=/calendar/action/compose&rru=addevent&startdt=2026-07-15T10%3A00%3A00-04%3A00&enddt=2026-07-15T12%3A00%3A00-04%3A00&subject=Preserving+Local+History HTTP/1.1" 200 None
DEBUG:root:✅ Hyperlink OK: https://outlook.live.com/calendar/0/deeplink/compose?allday=false&body=Help+in+the+preservation+of+our+local+history+and+collections%2C+including+transcriptionists%2C+preservationists%2C+digitizers%2C+and+organization%C2%A0projects.&location=2525+Oakley+Seaver+Dr%2C+Clermont%2C+FL%2C+34711%2C+United+States&path=/calendar/action/compose&rru=addevent&startdt=2026-07-15T10%3A00%3A00-04%3A00&enddt=2026-07-15T12%3A00%3A00-04%3A00&subject=Preserving+Local+History
DEBUG:root:Using regex pattern: \b[a-zA-Z]{3,}\b
DEBUG:root:Found 44 words to check in https://wordpress-810691-5571285.cloudwaysapps.com/events/preserving-local-history-2026-07-15/ (min_length=3)
DEBUG:root:Sample words from https://wordpress-810691-5571285.cloudwaysapps.com/events/preserving-local-history-2026-07-15/: ['This', 'alert', 'Skip', 'content', 'Preserving', 'Local', 'History', 'When', 'July', 'Add']
DEBUG:root:Misspelled word found: 'transcriptionists' in https://wordpress-810691-5571285.cloudwaysapps.com/events/preserving-local-history-2026-07-15/
DEBUG:root:Spell check results for https://wordpress-810691-5571285.cloudwaysapps.com/events/preserving-local-history-2026-07-15/: 17 words checked, 27 skipped, 1 errors found
INFO:root:✅ Processed https://wordpress-810691-5571285.cloudwaysapps.com/events/preserving-local-history-2026-07-15/: 1 errors found, 65 words checked
DEBUG:root:Attempting to fetch: https://wordpress-810691-5571285.cloudwaysapps.com/galleries/2008-holiday-party/
Processing pages:  36%|███▌      | 138/381 [01:22<02:27,  1.64it/s]DEBUG:urllib3.connectionpool:https://outlook.office.com:443 "GET /calendar/0/deeplink/compose?allday=false&body=%3Cstrong%3EThe+Irish+SIG+will+resume+with+a+different+approach+to+Genealogy+Research.%C2%A0+Discussions+will+be+based+on+input+from+the+group%2C+which+will+result+in+changing+topics+each+month.%3C%2Fstrong%3EPastfinders+will+send+an+Email+to+SIG+members+several+days+prior+to+each+meeting.Pastfinders+is+using+the+Zoom+Virtual+Meeting+app+to+hold+these+meetings+and+you+can+only+join+the+meeting+by+using+a+link+provided+by+Pastfinders.%C2%A0+You+can+register+for+the+season+here%3A%3Cstrong%3E%C2%A0%3Ca+href%3D%22https%3A%2F%2Fform.jotform.com%2FPastfindersSLC%2FJoin-Irish-SIG%22%3EIrish+SIG%3C%2Fa%3E%C2%A0%3C%2Fstrong%3E&location=&path=/calendar/action/compose&rru=addevent&startdt=2025-07-21T13%3A00%3A00-04%3A00&enddt=2025-07-21T14%3A15%3A00-04%3A00&subject=Irish+Special+Interest+Group+%28SIG%29 HTTP/1.1" 200 None
DEBUG:root:✅ Hyperlink OK: https://outlook.office.com/calendar/0/deeplink/compose?allday=false&body=%3Cstrong%3EThe+Irish+SIG+will+resume+with+a+different+approach+to+Genealogy+Research.%C2%A0+Discussions+will+be+based+on+input+from+the+group%2C+which+will+result+in+changing+topics+each+month.%3C%2Fstrong%3EPastfinders+will+send+an+Email+to+SIG+members+several+days+prior+to+each+meeting.Pastfinders+is+using+the+Zoom+Virtual+Meeting+app+to+hold+these+meetings+and+you+can+only+join+the+meeting+by+using+a+link+provided+by+Pastfinders.%C2%A0+You+can+register+for+the+season+here%3A%3Cstrong%3E%C2%A0%3Ca+href%3D%22https%3A%2F%2Fform.jotform.com%2FPastfindersSLC%2FJoin-Irish-SIG%22%3EIrish+SIG%3C%2Fa%3E%C2%A0%3C%2Fstrong%3E&location=&path=/calendar/action/compose&rru=addevent&startdt=2025-07-21T13%3A00%3A00-04%3A00&enddt=2025-07-21T14%3A15%3A00-04%3A00&subject=Irish+Special+Interest+Group+%28SIG%29
DEBUG:root:Checking external hyperlink: https://outlook.live.com/calendar/0/deeplink/compose?allday=false&body=%3Cstrong%3EThe+Irish+SIG+will+resume+with+a+different+approach+to+Genealogy+Research.%C2%A0+Discussions+will+be+based+on+input+from+the+group%2C+which+will+result+in+changing+topics+each+month.%3C%2Fstrong%3EPastfinders+will+send+an+Email+to+SIG+members+several+days+prior+to+each+meeting.Pastfinders+is+using+the+Zoom+Virtual+Meeting+app+to+hold+these+meetings+and+you+can+only+join+the+meeting+by+using+a+link+provided+by+Pastfinders.%C2%A0+You+can+register+for+the+season+here%3A%3Cstrong%3E%C2%A0%3Ca+href%3D%22https%3A%2F%2Fform.jotform.com%2FPastfindersSLC%2FJoin-Irish-SIG%22%3EIrish+SIG%3C%2Fa%3E%C2%A0%3C%2Fstrong%3E&location=&path=/calendar/action/compose&rru=addevent&startdt=2025-07-21T13%3A00%3A00-04%3A00&enddt=2025-07-21T14%3A15%3A00-04%3A00&subject=Irish+Special+Interest+Group+%28SIG%29
DEBUG:urllib3.connectionpool:Starting new HTTPS connection (1): outlook.live.com:443
DEBUG:urllib3.connectionpool:https://outlook.live.com:443 "GET /calendar/0/deeplink/compose?allday=false&body=Join+us+weekly+in+the+Genealogy+Room+for+in-person+help+with+your+research.+It%E2%80%99s+a+great+chance+to+get+one-on-one+guidance%2C+ask+questions%2C+and+connect+with+others+who+share+your+passion+for+family+history.&location=2525+Oakley+Seaver+Dr%2C+Clermont%2C+FL%2C+34711%2C+United+States&path=/calendar/action/compose&rru=addevent&startdt=2025-11-12T13%3A00%3A00-05%3A00&enddt=2025-11-12T15%3A00%3A00-05%3A00&subject=Research+Assistance HTTP/1.1" 200 None
DEBUG:root:✅ Hyperlink OK: https://outlook.live.com/calendar/0/deeplink/compose?allday=false&body=Join+us+weekly+in+the+Genealogy+Room+for+in-person+help+with+your+research.+It%E2%80%99s+a+great+chance+to+get+one-on-one+guidance%2C+ask+questions%2C+and+connect+with+others+who+share+your+passion+for+family+history.&location=2525+Oakley+Seaver+Dr%2C+Clermont%2C+FL%2C+34711%2C+United+States&path=/calendar/action/compose&rru=addevent&startdt=2025-11-12T13%3A00%3A00-05%3A00&enddt=2025-11-12T15%3A00%3A00-05%3A00&subject=Research+Assistance
DEBUG:root:Using regex pattern: \b[a-zA-Z]{3,}\b
DEBUG:root:Found 58 words to check in https://wordpress-810691-5571285.cloudwaysapps.com/events/research-assistance-2025-08-27-2025-09-03-2025-09-10-2025-09-17-2025-09-24-2025-10-01-2025-10-08-2025-10-15-2025-10-22-2025-10-29-2025-11-05-2025-11-12/ (min_length=3)
DEBUG:root:Sample words from https://wordpress-810691-5571285.cloudwaysapps.com/events/research-assistance-2025-08-27-2025-09-03-2025-09-10-2025-09-17-2025-09-24-2025-10-01-2025-10-08-2025-10-15-2025-10-22-2025-10-29-2025-11-05-2025-11-12/: ['This', 'alert', 'Skip', 'content', 'Research', 'Assistance', 'When', 'November', 'Add', 'Calendar']
DEBUG:root:Spell check results for https://wordpress-810691-5571285.cloudwaysapps.com/events/research-assistance-2025-08-27-2025-09-03-2025-09-10-2025-09-17-2025-09-24-2025-10-01-2025-10-08-2025-10-15-2025-10-22-2025-10-29-2025-11-05-2025-11-12/: 30 words checked, 28 skipped, 0 errors found
INFO:root:✅ Processed https://wordpress-810691-5571285.cloudwaysapps.com/events/research-assistance-2025-08-27-2025-09-03-2025-09-10-2025-09-17-2025-09-24-2025-10-01-2025-10-08-2025-10-15-2025-10-22-2025-10-29-2025-11-05-2025-11-12/: 0 errors found, 85 words checked
DEBUG:root:Attempting to fetch: https://wordpress-810691-5571285.cloudwaysapps.com/monthly-meeting-videos/
DEBUG:root:✅ Image OK: https://wordpress-810691-5571285.cloudwaysapps.com/wp-content/uploads/2025/08/IMG_0001_1571882951-1024x956.webp
DEBUG:root:Checking internal image: https://wordpress-810691-5571285.cloudwaysapps.com/wp-content/uploads/2025/08/IMG_0006_1571882951-791x1024.webp
DEBUG:urllib3.connectionpool:Starting new HTTPS connection (1): wordpress-810691-5571285.cloudwaysapps.com:443
DEBUG:urllib3.connectionpool:https://outlook.live.com:443 "GET /calendar/0/deeplink/compose?allday=false&body=%3Cstrong%3EThe+Irish+SIG+will+resume+with+a+different+approach+to+Genealogy+Research.%C2%A0+Discussions+will+be+based+on+input+from+the+group%2C+which+will+result+in+changing+topics+each+month.%3C%2Fstrong%3EPastfinders+will+send+an+Email+to+SIG+members+several+days+prior+to+each+meeting.Pastfinders+is+using+the+Zoom+Virtual+Meeting+app+to+hold+these+meetings+and+you+can+only+join+the+meeting+by+using+a+link+provided+by+Pastfinders.%C2%A0+You+can+register+for+the+season+here%3A%3Cstrong%3E%C2%A0%3Ca+href%3D%22https%3A%2F%2Fform.jotform.com%2FPastfindersSLC%2FJoin-Irish-SIG%22%3EIrish+SIG%3C%2Fa%3E%C2%A0%3C%2Fstrong%3E&location=&path=/calendar/action/compose&rru=addevent&startdt=2025-07-21T13%3A00%3A00-04%3A00&enddt=2025-07-21T14%3A15%3A00-04%3A00&subject=Irish+Special+Interest+Group+%28SIG%29 HTTP/1.1" 200 None
DEBUG:root:✅ Hyperlink OK: https://outlook.live.com/calendar/0/deeplink/compose?allday=false&body=%3Cstrong%3EThe+Irish+SIG+will+resume+with+a+different+approach+to+Genealogy+Research.%C2%A0+Discussions+will+be+based+on+input+from+the+group%2C+which+will+result+in+changing+topics+each+month.%3C%2Fstrong%3EPastfinders+will+send+an+Email+to+SIG+members+several+days+prior+to+each+meeting.Pastfinders+is+using+the+Zoom+Virtual+Meeting+app+to+hold+these+meetings+and+you+can+only+join+the+meeting+by+using+a+link+provided+by+Pastfinders.%C2%A0+You+can+register+for+the+season+here%3A%3Cstrong%3E%C2%A0%3Ca+href%3D%22https%3A%2F%2Fform.jotform.com%2FPastfindersSLC%2FJoin-Irish-SIG%22%3EIrish+SIG%3C%2Fa%3E%C2%A0%3C%2Fstrong%3E&location=&path=/calendar/action/compose&rru=addevent&startdt=2025-07-21T13%3A00%3A00-04%3A00&enddt=2025-07-21T14%3A15%3A00-04%3A00&subject=Irish+Special+Interest+Group+%28SIG%29
DEBUG:root:Checking external hyperlink: https://form.jotform.com/PastfindersSLC/Join-Irish-SIG
DEBUG:urllib3.connectionpool:Starting new HTTPS connection (1): form.jotform.com:443
DEBUG:urllib3.connectionpool:https://wordpress-810691-5571285.cloudwaysapps.com:443 "GET /wp-content/uploads/2025/08/IMG_0006_1571882951-791x1024.webp HTTP/1.1" 200 58200
DEBUG:root:✅ Image OK: https://wordpress-810691-5571285.cloudwaysapps.com/wp-content/uploads/2025/08/IMG_0006_1571882951-791x1024.webp
DEBUG:root:Checking internal image: https://wordpress-810691-5571285.cloudwaysapps.com/wp-content/uploads/2025/08/IMG_0005_1571882951-1024x750.webp
DEBUG:urllib3.connectionpool:Starting new HTTPS connection (1): wordpress-810691-5571285.cloudwaysapps.com:443
DEBUG:urllib3.connectionpool:https://form.jotform.com:443 "GET /PastfindersSLC/Join-Irish-SIG HTTP/1.1" 200 None
DEBUG:root:✅ Hyperlink OK: https://form.jotform.com/PastfindersSLC/Join-Irish-SIG
DEBUG:root:Using regex pattern: \b[a-zA-Z]{3,}\b
DEBUG:root:Found 94 words to check in https://wordpress-810691-5571285.cloudwaysapps.com/events/irish-special-interest-group-sig-2025-07-21/ (min_length=3)
DEBUG:root:Sample words from https://wordpress-810691-5571285.cloudwaysapps.com/events/irish-special-interest-group-sig-2025-07-21/: ['This', 'alert', 'Skip', 'content', 'Irish', 'Special', 'Interest', 'Group', 'SIG', 'When']
DEBUG:root:Spell check results for https://wordpress-810691-5571285.cloudwaysapps.com/events/irish-special-interest-group-sig-2025-07-21/: 51 words checked, 43 skipped, 0 errors found
INFO:root:✅ Processed https://wordpress-810691-5571285.cloudwaysapps.com/events/irish-special-interest-group-sig-2025-07-21/: 0 errors found, 121 words checked
DEBUG:root:Attempting to fetch: https://wordpress-810691-5571285.cloudwaysapps.com/events/preserving-local-history-2026-05-06/
Processing pages:  37%|███▋      | 140/381 [01:23<01:45,  2.28it/s]DEBUG:urllib3.connectionpool:https://wordpress-810691-5571285.cloudwaysapps.com:443 "GET /wp-content/uploads/2025/08/IMG_0005_1571882951-1024x750.webp HTTP/1.1" 200 150448
DEBUG:urllib3.connectionpool:https://wordpress-810691-5571285.cloudwaysapps.com:443 "GET /monthly-meeting-videos/ HTTP/1.1" 200 None
DEBUG:root:Successfully fetched https://wordpress-810691-5571285.cloudwaysapps.com/monthly-meeting-videos/ (Content-Length: 40120)
DEBUG:charset_normalizer:Encoding detection: utf_8 is most likely the one.
DEBUG:root:Extracted 395 characters, 62 words from https://wordpress-810691-5571285.cloudwaysapps.com/monthly-meeting-videos/
DEBUG:root:Checking external hyperlink: https://vimeo.com/913038104/6adf95236d?share=copy
DEBUG:root:✅ Image OK: https://wordpress-810691-5571285.cloudwaysapps.com/wp-content/uploads/2025/08/IMG_0005_1571882951-1024x750.webp
DEBUG:root:Checking internal image: https://wordpress-810691-5571285.cloudwaysapps.com/wp-content/uploads/2025/08/IMG_0009_1571882934-1024x538.webp
DEBUG:urllib3.connectionpool:Starting new HTTPS connection (1): wordpress-810691-5571285.cloudwaysapps.com:443
DEBUG:urllib3.connectionpool:Starting new HTTPS connection (1): vimeo.com:443
DEBUG:urllib3.connectionpool:https://wordpress-810691-5571285.cloudwaysapps.com:443 "GET /wp-content/uploads/2025/08/IMG_0009_1571882934-1024x538.webp HTTP/1.1" 200 101922
DEBUG:root:✅ Image OK: https://wordpress-810691-5571285.cloudwaysapps.com/wp-content/uploads/2025/08/IMG_0009_1571882934-1024x538.webp
DEBUG:root:Checking internal image: https://wordpress-810691-5571285.cloudwaysapps.com/wp-content/uploads/2025/08/ann_1571882934-1024x857.webp
DEBUG:urllib3.connectionpool:Starting new HTTPS connection (1): wordpress-810691-5571285.cloudwaysapps.com:443
DEBUG:urllib3.connectionpool:https://vimeo.com:443 "GET /913038104/6adf95236d?share=copy HTTP/1.1" 200 None
DEBUG:root:✅ Hyperlink OK: https://vimeo.com/913038104/6adf95236d?share=copy
DEBUG:urllib3.connectionpool:https://wordpress-810691-5571285.cloudwaysapps.com:443 "GET /galleries/2008-holiday-party/ HTTP/1.1" 200 None
DEBUG:root:Checking external hyperlink: https://vimeo.com/902355567/37bc16387e?share=copy
DEBUG:urllib3.connectionpool:Starting new HTTPS connection (1): vimeo.com:443
DEBUG:root:Successfully fetched https://wordpress-810691-5571285.cloudwaysapps.com/galleries/2008-holiday-party/ (Content-Length: 53431)
DEBUG:charset_normalizer:Encoding detection: utf_8 is most likely the one.
DEBUG:root:Extracted 239 characters, 47 words from https://wordpress-810691-5571285.cloudwaysapps.com/galleries/2008-holiday-party/
DEBUG:root:Checking internal image: https://wordpress-810691-5571285.cloudwaysapps.com/wp-content/uploads/2025/08/2008_Pastfinders_Christmas_Party_5_1554262162-1024x713.webp
DEBUG:urllib3.connectionpool:Starting new HTTPS connection (1): wordpress-810691-5571285.cloudwaysapps.com:443
DEBUG:urllib3.connectionpool:https://wordpress-810691-5571285.cloudwaysapps.com:443 "GET /wp-content/uploads/2025/08/ann_1571882934-1024x857.webp HTTP/1.1" 200 138056
DEBUG:root:✅ Document OK: https://pastfindersslc.org/upload/newsletters/201212V24N5.pdf
DEBUG:root:Checking external document: https://pastfindersslc.org/upload/newsletters/201209V24N4.pdf
DEBUG:urllib3.connectionpool:Starting new HTTPS connection (1): pastfindersslc.org:443
DEBUG:root:✅ Image OK: https://wordpress-810691-5571285.cloudwaysapps.com/wp-content/uploads/2025/08/ann_1571882934-1024x857.webp
DEBUG:root:Checking internal image: https://wordpress-810691-5571285.cloudwaysapps.com/wp-content/uploads/2025/08/IMG_0008_7_1571882951-1024x565.webp
DEBUG:urllib3.connectionpool:Starting new HTTPS connection (1): wordpress-810691-5571285.cloudwaysapps.com:443
DEBUG:urllib3.connectionpool:https://pastfindersslc.org:443 "GET /upload/newsletters/201209V24N4.pdf HTTP/1.1" 200 1159567
DEBUG:urllib3.connectionpool:https://vimeo.com:443 "GET /902355567/37bc16387e?share=copy HTTP/1.1" 200 None
DEBUG:root:✅ Hyperlink OK: https://vimeo.com/902355567/37bc16387e?share=copy
DEBUG:root:Checking external document: https://pastfindersslc.org/upload/files/11_Jan_2024_meeting_saved_chat.pdf
DEBUG:urllib3.connectionpool:Starting new HTTPS connection (1): pastfindersslc.org:443
DEBUG:urllib3.connectionpool:https://wordpress-810691-5571285.cloudwaysapps.com:443 "GET /wp-content/uploads/2025/08/2008_Pastfinders_Christmas_Party_5_1554262162-1024x713.webp HTTP/1.1" 200 84328
DEBUG:root:✅ Image OK: https://wordpress-810691-5571285.cloudwaysapps.com/wp-content/uploads/2025/08/2008_Pastfinders_Christmas_Party_5_1554262162-1024x713.webp
DEBUG:root:Checking internal image: https://wordpress-810691-5571285.cloudwaysapps.com/wp-content/uploads/2025/08/2008_Pastfinders_Christmas_Party_2_1554262162-1024x525.webp
DEBUG:urllib3.connectionpool:Starting new HTTPS connection (1): wordpress-810691-5571285.cloudwaysapps.com:443
DEBUG:urllib3.connectionpool:https://wordpress-810691-5571285.cloudwaysapps.com:443 "GET /wp-content/uploads/2025/08/IMG_0008_7_1571882951-1024x565.webp HTTP/1.1" 200 134688
DEBUG:urllib3.connectionpool:https://pastfindersslc.org:443 "GET /upload/files/11_Jan_2024_meeting_saved_chat.pdf HTTP/1.1" 200 80732
DEBUG:root:✅ Document OK: https://pastfindersslc.org/upload/newsletters/201209V24N4.pdf
DEBUG:root:Checking external document: https://pastfindersslc.org/upload/newsletters/201206V24N3.pdf
DEBUG:urllib3.connectionpool:Starting new HTTPS connection (1): pastfindersslc.org:443
DEBUG:root:✅ Image OK: https://wordpress-810691-5571285.cloudwaysapps.com/wp-content/uploads/2025/08/IMG_0008_7_1571882951-1024x565.webp
DEBUG:root:Checking internal image: https://wordpress-810691-5571285.cloudwaysapps.com/wp-content/uploads/2025/08/IMG_0005_1571882934-1024x750.webp
DEBUG:urllib3.connectionpool:Starting new HTTPS connection (1): wordpress-810691-5571285.cloudwaysapps.com:443
DEBUG:root:✅ Document OK: https://pastfindersslc.org/upload/files/11_Jan_2024_meeting_saved_chat.pdf
DEBUG:root:Checking external hyperlink: https://vimeo.com/883128531/51f5e1a0b3?share=copy
DEBUG:urllib3.connectionpool:Starting new HTTPS connection (1): vimeo.com:443
DEBUG:urllib3.connectionpool:https://wordpress-810691-5571285.cloudwaysapps.com:443 "GET /wp-content/uploads/2025/08/2008_Pastfinders_Christmas_Party_2_1554262162-1024x525.webp HTTP/1.1" 200 74550
DEBUG:urllib3.connectionpool:https://pastfindersslc.org:443 "GET /upload/newsletters/201206V24N3.pdf HTTP/1.1" 200 1368230
DEBUG:root:✅ Image OK: https://wordpress-810691-5571285.cloudwaysapps.com/wp-content/uploads/2025/08/2008_Pastfinders_Christmas_Party_2_1554262162-1024x525.webp
DEBUG:root:Checking internal image: https://wordpress-810691-5571285.cloudwaysapps.com/wp-content/uploads/2025/08/2008_Pastfinders_Christmas_Party_7_1554262162-1024x866.webp
DEBUG:urllib3.connectionpool:Starting new HTTPS connection (1): wordpress-810691-5571285.cloudwaysapps.com:443
DEBUG:urllib3.connectionpool:https://wordpress-810691-5571285.cloudwaysapps.com:443 "GET /events/preserving-local-history-2026-05-06/ HTTP/1.1" 200 None
DEBUG:root:Successfully fetched https://wordpress-810691-5571285.cloudwaysapps.com/events/preserving-local-history-2026-05-06/ (Content-Length: 43566)
DEBUG:charset_normalizer:Encoding detection: utf_8 is most likely the one.
DEBUG:root:Extracted 441 characters, 65 words from https://wordpress-810691-5571285.cloudwaysapps.com/events/preserving-local-history-2026-05-06/
DEBUG:root:Checking external hyperlink: https://www.google.com/calendar/event?action=TEMPLATE&text=Preserving+Local+History&dates=20260506T100000/20260506T120000&details=Help+in+the+preservation+of+our+local+history+and+collections%2C+including+transcriptionists%2C+preservationists%2C+digitizers%2C+and+organization%C2%A0projects.&location=2525+Oakley+Seaver+Dr%2C+Clermont%2C+FL%2C+34711%2C+United+States&trp=false&sprop=https%3A%2F%2Fwordpress-810691-5571285.cloudwaysapps.com%2Fevents%2Fpreserving-local-history-2026-05-06%2F&sprop=name:Pastfinders&ctz=America%2FNew_York
DEBUG:urllib3.connectionpool:Starting new HTTPS connection (1): www.google.com:443
DEBUG:urllib3.connectionpool:https://wordpress-810691-5571285.cloudwaysapps.com:443 "GET /wp-content/uploads/2025/08/IMG_0005_1571882934-1024x750.webp HTTP/1.1" 200 150448
DEBUG:root:✅ Document OK: https://pastfindersslc.org/upload/newsletters/201206V24N3.pdf
DEBUG:root:Checking external document: https://pastfindersslc.org/upload/newsletters/201203V24N2.pdf
DEBUG:urllib3.connectionpool:Starting new HTTPS connection (1): pastfindersslc.org:443
DEBUG:urllib3.connectionpool:https://www.google.com:443 "GET /calendar/event?action=TEMPLATE&text=Preserving+Local+History&dates=20260506T100000/20260506T120000&details=Help+in+the+preservation+of+our+local+history+and+collections%2C+including+transcriptionists%2C+preservationists%2C+digitizers%2C+and+organization%C2%A0projects.&location=2525+Oakley+Seaver+Dr%2C+Clermont%2C+FL%2C+34711%2C+United+States&trp=false&sprop=https%3A%2F%2Fwordpress-810691-5571285.cloudwaysapps.com%2Fevents%2Fpreserving-local-history-2026-05-06%2F&sprop=name:Pastfinders&ctz=America%2FNew_York HTTP/1.1" 302 0
DEBUG:urllib3.connectionpool:Starting new HTTPS connection (1): calendar.google.com:443
DEBUG:urllib3.connectionpool:https://vimeo.com:443 "GET /883128531/51f5e1a0b3?share=copy HTTP/1.1" 200 None
DEBUG:root:✅ Hyperlink OK: https://vimeo.com/883128531/51f5e1a0b3?share=copy
DEBUG:root:Checking external hyperlink: https://vimeo.com/835210167/a0a5232cdb?share=copy
DEBUG:urllib3.connectionpool:Starting new HTTPS connection (1): vimeo.com:443
DEBUG:root:✅ Image OK: https://wordpress-810691-5571285.cloudwaysapps.com/wp-content/uploads/2025/08/IMG_0005_1571882934-1024x750.webp
DEBUG:root:Checking internal image: https://wordpress-810691-5571285.cloudwaysapps.com/wp-content/uploads/2025/08/IMG_0001_9_1571882934-1024x746.webp
DEBUG:urllib3.connectionpool:Starting new HTTPS connection (1): wordpress-810691-5571285.cloudwaysapps.com:443
DEBUG:urllib3.connectionpool:https://wordpress-810691-5571285.cloudwaysapps.com:443 "GET /wp-content/uploads/2025/08/2008_Pastfinders_Christmas_Party_7_1554262162-1024x866.webp HTTP/1.1" 200 94586
DEBUG:urllib3.connectionpool:https://pastfindersslc.org:443 "GET /upload/newsletters/201203V24N2.pdf HTTP/1.1" 200 1766139
DEBUG:root:✅ Image OK: https://wordpress-810691-5571285.cloudwaysapps.com/wp-content/uploads/2025/08/2008_Pastfinders_Christmas_Party_7_1554262162-1024x866.webp
DEBUG:root:Checking internal image: https://wordpress-810691-5571285.cloudwaysapps.com/wp-content/uploads/2025/08/2008_Pastfinders_Christmas_Party_4_1554262162-1024x694.webp
DEBUG:urllib3.connectionpool:Starting new HTTPS connection (1): wordpress-810691-5571285.cloudwaysapps.com:443
DEBUG:urllib3.connectionpool:https://calendar.google.com:443 "GET /calendar/event?action=TEMPLATE&text=Preserving+Local+History&dates=20260506T100000/20260506T120000&details=Help+in+the+preservation+of+our+local+history+and+collections,+including+transcriptionists,+preservationists,+digitizers,+and+organization%C2%A0projects.&location=2525+Oakley+Seaver+Dr,+Clermont,+FL,+34711,+United+States&trp=false&sprop=https://wordpress-810691-5571285.cloudwaysapps.com/events/preserving-local-history-2026-05-06/&sprop=name:Pastfinders&ctz=America/New_York HTTP/1.1" 302 0
DEBUG:urllib3.connectionpool:Starting new HTTPS connection (1): accounts.google.com:443
DEBUG:urllib3.connectionpool:https://accounts.google.com:443 "GET /ServiceLogin?service=cl&passive=1209600&osid=1&continue=https://calendar.google.com/calendar/event?action%3DTEMPLATE%26text%3DPreserving%2BLocal%2BHistory%26dates%3D20260506T100000/20260506T120000%26details%3DHelp%2Bin%2Bthe%2Bpreservation%2Bof%2Bour%2Blocal%2Bhistory%2Band%2Bcollections,%2Bincluding%2Btranscriptionists,%2Bpreservationists,%2Bdigitizers,%2Band%2Borganization%25C2%25A0projects.%26location%3D2525%2BOakley%2BSeaver%2BDr,%2BClermont,%2BFL,%2B34711,%2BUnited%2BStates%26trp%3Dfalse%26sprop%3Dhttps://wordpress-810691-5571285.cloudwaysapps.com/events/preserving-local-history-2026-05-06/%26sprop%3Dname:Pastfinders%26ctz%3DAmerica/New_York&followup=https://calendar.google.com/calendar/event?action%3DTEMPLATE%26text%3DPreserving%2BLocal%2BHistory%26dates%3D20260506T100000/20260506T120000%26details%3DHelp%2Bin%2Bthe%2Bpreservation%2Bof%2Bour%2Blocal%2Bhistory%2Band%2Bcollections,%2Bincluding%2Btranscriptionists,%2Bpreservationists,%2Bdigitizers,%2Band%2Borganization%25C2%25A0projects.%26location%3D2525%2BOakley%2BSeaver%2BDr,%2BClermont,%2BFL,%2B34711,%2BUnited%2BStates%26trp%3Dfalse%26sprop%3Dhttps://wordpress-810691-5571285.cloudwaysapps.com/events/preserving-local-history-2026-05-06/%26sprop%3Dname:Pastfinders%26ctz%3DAmerica/New_York&emr=1 HTTP/1.1" 302 0
DEBUG:urllib3.connectionpool:https://wordpress-810691-5571285.cloudwaysapps.com:443 "GET /wp-content/uploads/2025/08/IMG_0001_9_1571882934-1024x746.webp HTTP/1.1" 200 134904
DEBUG:urllib3.connectionpool:https://accounts.google.com:443 "GET /InteractiveLogin?continue=https://calendar.google.com/calendar/event?action%3DTEMPLATE%26text%3DPreserving%2BLocal%2BHistory%26dates%3D20260506T100000/20260506T120000%26details%3DHelp%2Bin%2Bthe%2Bpreservation%2Bof%2Bour%2Blocal%2Bhistory%2Band%2Bcollections,%2Bincluding%2Btranscriptionists,%2Bpreservationists,%2Bdigitizers,%2Band%2Borganization%25C2%25A0projects.%26location%3D2525%2BOakley%2BSeaver%2BDr,%2BClermont,%2BFL,%2B34711,%2BUnited%2BStates%26trp%3Dfalse%26sprop%3Dhttps://wordpress-810691-5571285.cloudwaysapps.com/events/preserving-local-history-2026-05-06/%26sprop%3Dname:Pastfinders%26ctz%3DAmerica/New_York&emr=1&followup=https://calendar.google.com/calendar/event?action%3DTEMPLATE%26text%3DPreserving%2BLocal%2BHistory%26dates%3D20260506T100000/20260506T120000%26details%3DHelp%2Bin%2Bthe%2Bpreservation%2Bof%2Bour%2Blocal%2Bhistory%2Band%2Bcollections,%2Bincluding%2Btranscriptionists,%2Bpreservationists,%2Bdigitizers,%2Band%2Borganization%25C2%25A0projects.%26location%3D2525%2BOakley%2BSeaver%2BDr,%2BClermont,%2BFL,%2B34711,%2BUnited%2BStates%26trp%3Dfalse%26sprop%3Dhttps://wordpress-810691-5571285.cloudwaysapps.com/events/preserving-local-history-2026-05-06/%26sprop%3Dname:Pastfinders%26ctz%3DAmerica/New_York&osid=1&passive=1209600&service=cl&ifkv=AdBytiOmwyWlmYRAWy-ON7XTj2SMZA5dQw6L4FXmSeeHe2JTch5uqPph6Epnt1x-Kv60_UM_otNf0A HTTP/1.1" 302 None
DEBUG:root:✅ Document OK: https://pastfindersslc.org/upload/newsletters/201203V24N2.pdf
DEBUG:root:Checking external document: https://pastfindersslc.org/upload/newsletters/201201V24N1.pdf
DEBUG:urllib3.connectionpool:Starting new HTTPS connection (1): pastfindersslc.org:443
DEBUG:root:✅ Image OK: https://wordpress-810691-5571285.cloudwaysapps.com/wp-content/uploads/2025/08/IMG_0001_9_1571882934-1024x746.webp
DEBUG:root:Checking internal image: https://wordpress-810691-5571285.cloudwaysapps.com/wp-content/uploads/2025/08/IMG_0010_1571882951-1024x645.webp
DEBUG:urllib3.connectionpool:Starting new HTTPS connection (1): wordpress-810691-5571285.cloudwaysapps.com:443
DEBUG:urllib3.connectionpool:https://wordpress-810691-5571285.cloudwaysapps.com:443 "GET /wp-content/uploads/2025/08/2008_Pastfinders_Christmas_Party_4_1554262162-1024x694.webp HTTP/1.1" 200 82226
DEBUG:urllib3.connectionpool:https://vimeo.com:443 "GET /835210167/a0a5232cdb?share=copy HTTP/1.1" 200 None
DEBUG:root:✅ Hyperlink OK: https://vimeo.com/835210167/a0a5232cdb?share=copy
DEBUG:root:Using regex pattern: \b[a-zA-Z]{3,}\b
DEBUG:root:Found 50 words to check in https://wordpress-810691-5571285.cloudwaysapps.com/monthly-meeting-videos/ (min_length=3)
DEBUG:root:Sample words from https://wordpress-810691-5571285.cloudwaysapps.com/monthly-meeting-videos/: ['This', 'alert', 'Skip', 'content', 'Monthly', 'Meeting', 'Videos', 'Presentation', 'Date', 'February']
DEBUG:root:Spell check results for https://wordpress-810691-5571285.cloudwaysapps.com/monthly-meeting-videos/: 6 words checked, 44 skipped, 0 errors found
INFO:root:✅ Processed https://wordpress-810691-5571285.cloudwaysapps.com/monthly-meeting-videos/: 0 errors found, 62 words checked
DEBUG:root:Attempting to fetch: https://wordpress-810691-5571285.cloudwaysapps.com/events/research-assistance-2025-08-27-2025-09-03-2025-09-10-2025-09-17-2025-09-24-2025-10-01-2025-10-08-2025-10-15-2025-10-22-2025-10-29-2025-11-05-2025-11-12-2025-11-19-2025-11-26-2025-12-03-2-28-2026-02-04/
Processing pages:  37%|███▋      | 141/381 [01:25<03:34,  1.12it/s]DEBUG:urllib3.connectionpool:https://accounts.google.com:443 "GET /v3/signin/identifier?continue=https%3A%2F%2Fcalendar.google.com%2Fcalendar%2Fevent%3Faction%3DTEMPLATE%26text%3DPreserving%2BLocal%2BHistory%26dates%3D20260506T100000%2F20260506T120000%26details%3DHelp%2Bin%2Bthe%2Bpreservation%2Bof%2Bour%2Blocal%2Bhistory%2Band%2Bcollections%2C%2Bincluding%2Btranscriptionists%2C%2Bpreservationists%2C%2Bdigitizers%2C%2Band%2Borganization%25C2%25A0projects.%26location%3D2525%2BOakley%2BSeaver%2BDr%2C%2BClermont%2C%2BFL%2C%2B34711%2C%2BUnited%2BStates%26trp%3Dfalse%26sprop%3Dhttps%3A%2F%2Fwordpress-810691-5571285.cloudwaysapps.com%2Fevents%2Fpreserving-local-history-2026-05-06%2F%26sprop%3Dname%3APastfinders%26ctz%3DAmerica%2FNew_York&emr=1&followup=https%3A%2F%2Fcalendar.google.com%2Fcalendar%2Fevent%3Faction%3DTEMPLATE%26text%3DPreserving%2BLocal%2BHistory%26dates%3D20260506T100000%2F20260506T120000%26details%3DHelp%2Bin%2Bthe%2Bpreservation%2Bof%2Bour%2Blocal%2Bhistory%2Band%2Bcollections%2C%2Bincluding%2Btranscriptionists%2C%2Bpreservationists%2C%2Bdigitizers%2C%2Band%2Borganization%25C2%25A0projects.%26location%3D2525%2BOakley%2BSeaver%2BDr%2C%2BClermont%2C%2BFL%2C%2B34711%2C%2BUnited%2BStates%26trp%3Dfalse%26sprop%3Dhttps%3A%2F%2Fwordpress-810691-5571285.cloudwaysapps.com%2Fevents%2Fpreserving-local-history-2026-05-06%2F%26sprop%3Dname%3APastfinders%26ctz%3DAmerica%2FNew_York&ifkv=AdBytiO5sPEAWrU4QsR5eyu2STugcjAnO5OiqE6EA6B-ju1gFZvWtybVoozjGLr1QuicnPjo9ls8jQ&osid=1&passive=1209600&service=cl&flowName=WebLiteSignIn&flowEntry=ServiceLogin&dsh=S-970129179%3A1756758209722402 HTTP/1.1" 200 None
DEBUG:root:✅ Image OK: https://wordpress-810691-5571285.cloudwaysapps.com/wp-content/uploads/2025/08/2008_Pastfinders_Christmas_Party_4_1554262162-1024x694.webp
DEBUG:root:Checking internal image: https://wordpress-810691-5571285.cloudwaysapps.com/wp-content/uploads/2025/08/2008_Pastfinders_Christmas_Party_6_1554262162-1024x556.webp
DEBUG:urllib3.connectionpool:Starting new HTTPS connection (1): wordpress-810691-5571285.cloudwaysapps.com:443
DEBUG:urllib3.connectionpool:https://pastfindersslc.org:443 "GET /upload/newsletters/201201V24N1.pdf HTTP/1.1" 200 1517034
DEBUG:urllib3.connectionpool:https://wordpress-810691-5571285.cloudwaysapps.com:443 "GET /events/research-assistance-2025-08-27-2025-09-03-2025-09-10-2025-09-17-2025-09-24-2025-10-01-2025-10-08-2025-10-15-2025-10-22-2025-10-29-2025-11-05-2025-11-12-2025-11-19-2025-11-26-2025-12-03-2-28-2026-02-04/ HTTP/1.1" 200 None
DEBUG:root:Successfully fetched https://wordpress-810691-5571285.cloudwaysapps.com/events/research-assistance-2025-08-27-2025-09-03-2025-09-10-2025-09-17-2025-09-24-2025-10-01-2025-10-08-2025-10-15-2025-10-22-2025-10-29-2025-11-05-2025-11-12-2025-11-19-2025-11-26-2025-12-03-2-28-2026-02-04/ (Content-Length: 44217)
DEBUG:charset_normalizer:Encoding detection: utf_8 is most likely the one.
DEBUG:root:Extracted 491 characters, 85 words from https://wordpress-810691-5571285.cloudwaysapps.com/events/research-assistance-2025-08-27-2025-09-03-2025-09-10-2025-09-17-2025-09-24-2025-10-01-2025-10-08-2025-10-15-2025-10-22-2025-10-29-2025-11-05-2025-11-12-2025-11-19-2025-11-26-2025-12-03-2-28-2026-02-04/
DEBUG:root:Checking external hyperlink: https://www.google.com/calendar/event?action=TEMPLATE&text=Research+Assistance&dates=20260204T130000/20260204T150000&details=Join+us+weekly+in+the+Genealogy+Room+for+in-person+help+with+your+research.+It%E2%80%99s+a+great+chance+to+get+one-on-one+guidance%2C+ask+questions%2C+and+connect+with+others+who+share+your+passion+for+family+history.&location=2525+Oakley+Seaver+Dr%2C+Clermont%2C+FL%2C+34711%2C+United+States&trp=false&sprop=https%3A%2F%2Fwordpress-810691-5571285.cloudwaysapps.com%2Fevents%2Fresearch-assistance-2025-08-27-2025-09-03-2025-09-10-2025-09-17-2025-09-24-2025-10-01-2025-10-08-2025-10-15-2025-10-22-2025-10-29-2025-11-05-2025-11-12-2025-11-19-2025-11-26-2025-12-03-2-28-2026-02-04%2F&sprop=name:Pastfinders&ctz=America%2FNew_York
DEBUG:root:✅ Hyperlink OK: https://www.google.com/calendar/event?action=TEMPLATE&text=Preserving+Local+History&dates=20260506T100000/20260506T120000&details=Help+in+the+preservation+of+our+local+history+and+collections%2C+including+transcriptionists%2C+preservationists%2C+digitizers%2C+and+organization%C2%A0projects.&location=2525+Oakley+Seaver+Dr%2C+Clermont%2C+FL%2C+34711%2C+United+States&trp=false&sprop=https%3A%2F%2Fwordpress-810691-5571285.cloudwaysapps.com%2Fevents%2Fpreserving-local-history-2026-05-06%2F&sprop=name:Pastfinders&ctz=America%2FNew_York
DEBUG:urllib3.connectionpool:Starting new HTTPS connection (1): www.google.com:443
DEBUG:root:Checking external hyperlink: https://outlook.office.com/calendar/0/deeplink/compose?allday=false&body=Help+in+the+preservation+of+our+local+history+and+collections%2C+including+transcriptionists%2C+preservationists%2C+digitizers%2C+and+organization%C2%A0projects.&location=2525+Oakley+Seaver+Dr%2C+Clermont%2C+FL%2C+34711%2C+United+States&path=/calendar/action/compose&rru=addevent&startdt=2026-05-06T10%3A00%3A00-04%3A00&enddt=2026-05-06T12%3A00%3A00-04%3A00&subject=Preserving+Local+History
DEBUG:urllib3.connectionpool:Starting new HTTPS connection (1): outlook.office.com:443
DEBUG:urllib3.connectionpool:https://wordpress-810691-5571285.cloudwaysapps.com:443 "GET /wp-content/uploads/2025/08/IMG_0010_1571882951-1024x645.webp HTTP/1.1" 200 118090
DEBUG:urllib3.connectionpool:https://www.google.com:443 "GET /calendar/event?action=TEMPLATE&text=Research+Assistance&dates=20260204T130000/20260204T150000&details=Join+us+weekly+in+the+Genealogy+Room+for+in-person+help+with+your+research.+It%E2%80%99s+a+great+chance+to+get+one-on-one+guidance%2C+ask+questions%2C+and+connect+with+others+who+share+your+passion+for+family+history.&location=2525+Oakley+Seaver+Dr%2C+Clermont%2C+FL%2C+34711%2C+United+States&trp=false&sprop=https%3A%2F%2Fwordpress-810691-5571285.cloudwaysapps.com%2Fevents%2Fresearch-assistance-2025-08-27-2025-09-03-2025-09-10-2025-09-17-2025-09-24-2025-10-01-2025-10-08-2025-10-15-2025-10-22-2025-10-29-2025-11-05-2025-11-12-2025-11-19-2025-11-26-2025-12-03-2-28-2026-02-04%2F&sprop=name:Pastfinders&ctz=America%2FNew_York HTTP/1.1" 302 0
DEBUG:root:✅ Document OK: https://pastfindersslc.org/upload/newsletters/201201V24N1.pdf
DEBUG:root:Checking external document: https://pastfindersslc.org/upload/newsletters/201112V23N6.pdf
DEBUG:urllib3.connectionpool:Starting new HTTPS connection (1): pastfindersslc.org:443
DEBUG:urllib3.connectionpool:Starting new HTTPS connection (1): calendar.google.com:443
DEBUG:urllib3.connectionpool:https://wordpress-810691-5571285.cloudwaysapps.com:443 "GET /wp-content/uploads/2025/08/2008_Pastfinders_Christmas_Party_6_1554262162-1024x556.webp HTTP/1.1" 200 79324
DEBUG:root:✅ Image OK: https://wordpress-810691-5571285.cloudwaysapps.com/wp-content/uploads/2025/08/2008_Pastfinders_Christmas_Party_6_1554262162-1024x556.webp
DEBUG:root:Checking internal image: https://wordpress-810691-5571285.cloudwaysapps.com/wp-content/uploads/2025/08/2008_Pastfinders_Christmas_Party_3_1554262162-1024x795.webp
DEBUG:urllib3.connectionpool:Starting new HTTPS connection (1): wordpress-810691-5571285.cloudwaysapps.com:443
DEBUG:root:✅ Image OK: https://wordpress-810691-5571285.cloudwaysapps.com/wp-content/uploads/2025/08/IMG_0010_1571882951-1024x645.webp
DEBUG:root:Checking internal image: https://wordpress-810691-5571285.cloudwaysapps.com/wp-content/uploads/2025/08/IMG_0002_4_1571882951-1024x784.webp
DEBUG:urllib3.connectionpool:Starting new HTTPS connection (1): wordpress-810691-5571285.cloudwaysapps.com:443
DEBUG:urllib3.connectionpool:https://pastfindersslc.org:443 "GET /upload/newsletters/201112V23N6.pdf HTTP/1.1" 200 2726589
DEBUG:urllib3.connectionpool:https://calendar.google.com:443 "GET /calendar/event?action=TEMPLATE&text=Research+Assistance&dates=20260204T130000/20260204T150000&details=Join+us+weekly+in+the+Genealogy+Room+for+in-person+help+with+your+research.+It%E2%80%99s+a+great+chance+to+get+one-on-one+guidance,+ask+questions,+and+connect+with+others+who+share+your+passion+for+family+history.&location=2525+Oakley+Seaver+Dr,+Clermont,+FL,+34711,+United+States&trp=false&sprop=https://wordpress-810691-5571285.cloudwaysapps.com/events/research-assistance-2025-08-27-2025-09-03-2025-09-10-2025-09-17-2025-09-24-2025-10-01-2025-10-08-2025-10-15-2025-10-22-2025-10-29-2025-11-05-2025-11-12-2025-11-19-2025-11-26-2025-12-03-2-28-2026-02-04/&sprop=name:Pastfinders&ctz=America/New_York HTTP/1.1" 302 0
DEBUG:urllib3.connectionpool:Starting new HTTPS connection (1): accounts.google.com:443
DEBUG:urllib3.connectionpool:https://outlook.office.com:443 "GET /calendar/0/deeplink/compose?allday=false&body=Help+in+the+preservation+of+our+local+history+and+collections%2C+including+transcriptionists%2C+preservationists%2C+digitizers%2C+and+organization%C2%A0projects.&location=2525+Oakley+Seaver+Dr%2C+Clermont%2C+FL%2C+34711%2C+United+States&path=/calendar/action/compose&rru=addevent&startdt=2026-05-06T10%3A00%3A00-04%3A00&enddt=2026-05-06T12%3A00%3A00-04%3A00&subject=Preserving+Local+History HTTP/1.1" 200 None
DEBUG:root:✅ Hyperlink OK: https://outlook.office.com/calendar/0/deeplink/compose?allday=false&body=Help+in+the+preservation+of+our+local+history+and+collections%2C+including+transcriptionists%2C+preservationists%2C+digitizers%2C+and+organization%C2%A0projects.&location=2525+Oakley+Seaver+Dr%2C+Clermont%2C+FL%2C+34711%2C+United+States&path=/calendar/action/compose&rru=addevent&startdt=2026-05-06T10%3A00%3A00-04%3A00&enddt=2026-05-06T12%3A00%3A00-04%3A00&subject=Preserving+Local+History
DEBUG:root:Checking external hyperlink: https://outlook.live.com/calendar/0/deeplink/compose?allday=false&body=Help+in+the+preservation+of+our+local+history+and+collections%2C+including+transcriptionists%2C+preservationists%2C+digitizers%2C+and+organization%C2%A0projects.&location=2525+Oakley+Seaver+Dr%2C+Clermont%2C+FL%2C+34711%2C+United+States&path=/calendar/action/compose&rru=addevent&startdt=2026-05-06T10%3A00%3A00-04%3A00&enddt=2026-05-06T12%3A00%3A00-04%3A00&subject=Preserving+Local+History
DEBUG:urllib3.connectionpool:Starting new HTTPS connection (1): outlook.live.com:443
DEBUG:urllib3.connectionpool:https://accounts.google.com:443 "GET /ServiceLogin?service=cl&passive=1209600&osid=1&continue=https://calendar.google.com/calendar/event?action%3DTEMPLATE%26text%3DResearch%2BAssistance%26dates%3D20260204T130000/20260204T150000%26details%3DJoin%2Bus%2Bweekly%2Bin%2Bthe%2BGenealogy%2BRoom%2Bfor%2Bin-person%2Bhelp%2Bwith%2Byour%2Bresearch.%2BIt%25E2%2580%2599s%2Ba%2Bgreat%2Bchance%2Bto%2Bget%2Bone-on-one%2Bguidance,%2Bask%2Bquestions,%2Band%2Bconnect%2Bwith%2Bothers%2Bwho%2Bshare%2Byour%2Bpassion%2Bfor%2Bfamily%2Bhistory.%26location%3D2525%2BOakley%2BSeaver%2BDr,%2BClermont,%2BFL,%2B34711,%2BUnited%2BStates%26trp%3Dfalse%26sprop%3Dhttps://wordpress-810691-5571285.cloudwaysapps.com/events/research-assistance-2025-08-27-2025-09-03-2025-09-10-2025-09-17-2025-09-24-2025-10-01-2025-10-08-2025-10-15-2025-10-22-2025-10-29-2025-11-05-2025-11-12-2025-11-19-2025-11-26-2025-12-03-2-28-2026-02-04/%26sprop%3Dname:Pastfinders%26ctz%3DAmerica/New_York&followup=https://calendar.google.com/calendar/event?action%3DTEMPLATE%26text%3DResearch%2BAssistance%26dates%3D20260204T130000/20260204T150000%26details%3DJoin%2Bus%2Bweekly%2Bin%2Bthe%2BGenealogy%2BRoom%2Bfor%2Bin-person%2Bhelp%2Bwith%2Byour%2Bresearch.%2BIt%25E2%2580%2599s%2Ba%2Bgreat%2Bchance%2Bto%2Bget%2Bone-on-one%2Bguidance,%2Bask%2Bquestions,%2Band%2Bconnect%2Bwith%2Bothers%2Bwho%2Bshare%2Byour%2Bpassion%2Bfor%2Bfamily%2Bhistory.%26location%3D2525%2BOakley%2BSeaver%2BDr,%2BClermont,%2BFL,%2B34711,%2BUnited%2BStates%26trp%3Dfalse%26sprop%3Dhttps://wordpress-810691-5571285.cloudwaysapps.com/events/research-assistance-2025-08-27-2025-09-03-2025-09-10-2025-09-17-2025-09-24-2025-10-01-2025-10-08-2025-10-15-2025-10-22-2025-10-29-2025-11-05-2025-11-12-2025-11-19-2025-11-26-2025-12-03-2-28-2026-02-04/%26sprop%3Dname:Pastfinders%26ctz%3DAmerica/New_York&emr=1 HTTP/1.1" 302 0
DEBUG:urllib3.connectionpool:https://wordpress-810691-5571285.cloudwaysapps.com:443 "GET /wp-content/uploads/2025/08/2008_Pastfinders_Christmas_Party_3_1554262162-1024x795.webp HTTP/1.1" 200 91878
DEBUG:urllib3.connectionpool:https://accounts.google.com:443 "GET /InteractiveLogin?continue=https://calendar.google.com/calendar/event?action%3DTEMPLATE%26text%3DResearch%2BAssistance%26dates%3D20260204T130000/20260204T150000%26details%3DJoin%2Bus%2Bweekly%2Bin%2Bthe%2BGenealogy%2BRoom%2Bfor%2Bin-person%2Bhelp%2Bwith%2Byour%2Bresearch.%2BIt%25E2%2580%2599s%2Ba%2Bgreat%2Bchance%2Bto%2Bget%2Bone-on-one%2Bguidance,%2Bask%2Bquestions,%2Band%2Bconnect%2Bwith%2Bothers%2Bwho%2Bshare%2Byour%2Bpassion%2Bfor%2Bfamily%2Bhistory.%26location%3D2525%2BOakley%2BSeaver%2BDr,%2BClermont,%2BFL,%2B34711,%2BUnited%2BStates%26trp%3Dfalse%26sprop%3Dhttps://wordpress-810691-5571285.cloudwaysapps.com/events/research-assistance-2025-08-27-2025-09-03-2025-09-10-2025-09-17-2025-09-24-2025-10-01-2025-10-08-2025-10-15-2025-10-22-2025-10-29-2025-11-05-2025-11-12-2025-11-19-2025-11-26-2025-12-03-2-28-2026-02-04/%26sprop%3Dname:Pastfinders%26ctz%3DAmerica/New_York&emr=1&followup=https://calendar.google.com/calendar/event?action%3DTEMPLATE%26text%3DResearch%2BAssistance%26dates%3D20260204T130000/20260204T150000%26details%3DJoin%2Bus%2Bweekly%2Bin%2Bthe%2BGenealogy%2BRoom%2Bfor%2Bin-person%2Bhelp%2Bwith%2Byour%2Bresearch.%2BIt%25E2%2580%2599s%2Ba%2Bgreat%2Bchance%2Bto%2Bget%2Bone-on-one%2Bguidance,%2Bask%2Bquestions,%2Band%2Bconnect%2Bwith%2Bothers%2Bwho%2Bshare%2Byour%2Bpassion%2Bfor%2Bfamily%2Bhistory.%26location%3D2525%2BOakley%2BSeaver%2BDr,%2BClermont,%2BFL,%2B34711,%2BUnited%2BStates%26trp%3Dfalse%26sprop%3Dhttps://wordpress-810691-5571285.cloudwaysapps.com/events/research-assistance-2025-08-27-2025-09-03-2025-09-10-2025-09-17-2025-09-24-2025-10-01-2025-10-08-2025-10-15-2025-10-22-2025-10-29-2025-11-05-2025-11-12-2025-11-19-2025-11-26-2025-12-03-2-28-2026-02-04/%26sprop%3Dname:Pastfinders%26ctz%3DAmerica/New_York&osid=1&passive=1209600&service=cl&ifkv=AdBytiM8U8rySH60J-0bBnqNGf0vVqu9qy9oPvtmGMoPIIkQUq9C9P3TRFMjQRnMQxcX7ex1m2oLbQ HTTP/1.1" 302 None
DEBUG:urllib3.connectionpool:https://wordpress-810691-5571285.cloudwaysapps.com:443 "GET /wp-content/uploads/2025/08/IMG_0002_4_1571882951-1024x784.webp HTTP/1.1" 200 132952
DEBUG:root:✅ Document OK: https://pastfindersslc.org/upload/newsletters/201112V23N6.pdf
DEBUG:root:Checking external document: https://pastfindersslc.org/upload/newsletters/201110V23N5.pdf
DEBUG:urllib3.connectionpool:Starting new HTTPS connection (1): pastfindersslc.org:443
DEBUG:root:✅ Image OK: https://wordpress-810691-5571285.cloudwaysapps.com/wp-content/uploads/2025/08/2008_Pastfinders_Christmas_Party_3_1554262162-1024x795.webp
DEBUG:root:Using regex pattern: \b[a-zA-Z]{3,}\b
DEBUG:root:Found 23 words to check in https://wordpress-810691-5571285.cloudwaysapps.com/galleries/2008-holiday-party/ (min_length=3)
DEBUG:root:Sample words from https://wordpress-810691-5571285.cloudwaysapps.com/galleries/2008-holiday-party/: ['This', 'alert', 'Skip', 'content', 'Holiday', 'Party', 'images', 'Click', 'view', 'Click']
DEBUG:root:Spell check results for https://wordpress-810691-5571285.cloudwaysapps.com/galleries/2008-holiday-party/: 9 words checked, 14 skipped, 0 errors found
INFO:root:✅ Processed https://wordpress-810691-5571285.cloudwaysapps.com/galleries/2008-holiday-party/: 0 errors found, 47 words checked
DEBUG:root:Attempting to fetch: https://wordpress-810691-5571285.cloudwaysapps.com/pastfinders-monthly-meeting/
Processing pages:  37%|███▋      | 142/381 [01:26<03:15,  1.22it/s]DEBUG:urllib3.connectionpool:https://accounts.google.com:443 "GET /v3/signin/identifier?continue=https%3A%2F%2Fcalendar.google.com%2Fcalendar%2Fevent%3Faction%3DTEMPLATE%26text%3DResearch%2BAssistance%26dates%3D20260204T130000%2F20260204T150000%26details%3DJoin%2Bus%2Bweekly%2Bin%2Bthe%2BGenealogy%2BRoom%2Bfor%2Bin-person%2Bhelp%2Bwith%2Byour%2Bresearch.%2BIt%25E2%2580%2599s%2Ba%2Bgreat%2Bchance%2Bto%2Bget%2Bone-on-one%2Bguidance%2C%2Bask%2Bquestions%2C%2Band%2Bconnect%2Bwith%2Bothers%2Bwho%2Bshare%2Byour%2Bpassion%2Bfor%2Bfamily%2Bhistory.%26location%3D2525%2BOakley%2BSeaver%2BDr%2C%2BClermont%2C%2BFL%2C%2B34711%2C%2BUnited%2BStates%26trp%3Dfalse%26sprop%3Dhttps%3A%2F%2Fwordpress-810691-5571285.cloudwaysapps.com%2Fevents%2Fresearch-assistance-2025-08-27-2025-09-03-2025-09-10-2025-09-17-2025-09-24-2025-10-01-2025-10-08-2025-10-15-2025-10-22-2025-10-29-2025-11-05-2025-11-12-2025-11-19-2025-11-26-2025-12-03-2-28-2026-02-04%2F%26sprop%3Dname%3APastfinders%26ctz%3DAmerica%2FNew_York&emr=1&followup=https%3A%2F%2Fcalendar.google.com%2Fcalendar%2Fevent%3Faction%3DTEMPLATE%26text%3DResearch%2BAssistance%26dates%3D20260204T130000%2F20260204T150000%26details%3DJoin%2Bus%2Bweekly%2Bin%2Bthe%2BGenealogy%2BRoom%2Bfor%2Bin-person%2Bhelp%2Bwith%2Byour%2Bresearch.%2BIt%25E2%2580%2599s%2Ba%2Bgreat%2Bchance%2Bto%2Bget%2Bone-on-one%2Bguidance%2C%2Bask%2Bquestions%2C%2Band%2Bconnect%2Bwith%2Bothers%2Bwho%2Bshare%2Byour%2Bpassion%2Bfor%2Bfamily%2Bhistory.%26location%3D2525%2BOakley%2BSeaver%2BDr%2C%2BClermont%2C%2BFL%2C%2B34711%2C%2BUnited%2BStates%26trp%3Dfalse%26sprop%3Dhttps%3A%2F%2Fwordpress-810691-5571285.cloudwaysapps.com%2Fevents%2Fresearch-assistance-2025-08-27-2025-09-03-2025-09-10-2025-09-17-2025-09-24-2025-10-01-2025-10-08-2025-10-15-2025-10-22-2025-10-29-2025-11-05-2025-11-12-2025-11-19-2025-11-26-2025-12-03-2-28-2026-02-04%2F%26sprop%3Dname%3APastfinders%26ctz%3DAmerica%2FNew_York&ifkv=AdBytiMrmjYDrO5tDLZi-mWY6ckr3qWUU-udS1IBzHsc3KMvavxrAPHUR-KRc0QqY_QF6MeHelFFog&osid=1&passive=1209600&service=cl&flowName=WebLiteSignIn&flowEntry=ServiceLogin&dsh=S-1423613491%3A1756758210382078 HTTP/1.1" 200 None
DEBUG:root:✅ Image OK: https://wordpress-810691-5571285.cloudwaysapps.com/wp-content/uploads/2025/08/IMG_0002_4_1571882951-1024x784.webp
DEBUG:root:Checking internal image: https://wordpress-810691-5571285.cloudwaysapps.com/wp-content/uploads/2025/08/IMG_0012_1571882951-791x1024.webp
DEBUG:urllib3.connectionpool:Starting new HTTPS connection (1): wordpress-810691-5571285.cloudwaysapps.com:443
DEBUG:urllib3.connectionpool:https://wordpress-810691-5571285.cloudwaysapps.com:443 "GET /pastfinders-monthly-meeting/ HTTP/1.1" 200 None
DEBUG:root:Successfully fetched https://wordpress-810691-5571285.cloudwaysapps.com/pastfinders-monthly-meeting/ (Content-Length: 38939)
DEBUG:urllib3.connectionpool:https://outlook.live.com:443 "GET /calendar/0/deeplink/compose?allday=false&body=Help+in+the+preservation+of+our+local+history+and+collections%2C+including+transcriptionists%2C+preservationists%2C+digitizers%2C+and+organization%C2%A0projects.&location=2525+Oakley+Seaver+Dr%2C+Clermont%2C+FL%2C+34711%2C+United+States&path=/calendar/action/compose&rru=addevent&startdt=2026-05-06T10%3A00%3A00-04%3A00&enddt=2026-05-06T12%3A00%3A00-04%3A00&subject=Preserving+Local+History HTTP/1.1" 200 None
DEBUG:charset_normalizer:Encoding detection: utf_8 is most likely the one.
DEBUG:root:✅ Hyperlink OK: https://outlook.live.com/calendar/0/deeplink/compose?allday=false&body=Help+in+the+preservation+of+our+local+history+and+collections%2C+including+transcriptionists%2C+preservationists%2C+digitizers%2C+and+organization%C2%A0projects.&location=2525+Oakley+Seaver+Dr%2C+Clermont%2C+FL%2C+34711%2C+United+States&path=/calendar/action/compose&rru=addevent&startdt=2026-05-06T10%3A00%3A00-04%3A00&enddt=2026-05-06T12%3A00%3A00-04%3A00&subject=Preserving+Local+History
DEBUG:root:Using regex pattern: \b[a-zA-Z]{3,}\b
DEBUG:root:Found 44 words to check in https://wordpress-810691-5571285.cloudwaysapps.com/events/preserving-local-history-2026-05-06/ (min_length=3)
DEBUG:root:Sample words from https://wordpress-810691-5571285.cloudwaysapps.com/events/preserving-local-history-2026-05-06/: ['This', 'alert', 'Skip', 'content', 'Preserving', 'Local', 'History', 'When', 'May', 'Add']
DEBUG:root:Misspelled word found: 'transcriptionists' in https://wordpress-810691-5571285.cloudwaysapps.com/events/preserving-local-history-2026-05-06/
DEBUG:root:Spell check results for https://wordpress-810691-5571285.cloudwaysapps.com/events/preserving-local-history-2026-05-06/: 17 words checked, 27 skipped, 1 errors found
INFO:root:✅ Processed https://wordpress-810691-5571285.cloudwaysapps.com/events/preserving-local-history-2026-05-06/: 1 errors found, 65 words checked
DEBUG:root:Attempting to fetch: https://wordpress-810691-5571285.cloudwaysapps.com/events/research-assistance-2025-08-27-2025-09-03-2025-09-10-2025-09-17-2025-09-24-2025-10-01-2025-10-08-2025-10-15/
DEBUG:urllib3.connectionpool:https://pastfindersslc.org:443 "GET /upload/newsletters/201110V23N5.pdf HTTP/1.1" 200 2629279
DEBUG:root:Extracted 666 characters, 106 words from https://wordpress-810691-5571285.cloudwaysapps.com/pastfinders-monthly-meeting/
DEBUG:root:Using regex pattern: \b[a-zA-Z]{3,}\b
DEBUG:root:Found 78 words to check in https://wordpress-810691-5571285.cloudwaysapps.com/pastfinders-monthly-meeting/ (min_length=3)
DEBUG:root:Sample words from https://wordpress-810691-5571285.cloudwaysapps.com/pastfinders-monthly-meeting/: ['This', 'alert', 'Skip', 'content', 'Pastfinders', 'Monthly', 'Meeting', 'Monthly', 'Meetings', 'September']
DEBUG:root:Spell check results for https://wordpress-810691-5571285.cloudwaysapps.com/pastfinders-monthly-meeting/: 59 words checked, 19 skipped, 0 errors found
INFO:root:✅ Processed https://wordpress-810691-5571285.cloudwaysapps.com/pastfinders-monthly-meeting/: 0 errors found, 106 words checked
DEBUG:root:Attempting to fetch: https://wordpress-810691-5571285.cloudwaysapps.com/resources/lee-county-genealogical-society-click-youth-genealogy/
Processing pages:  38%|███▊      | 144/381 [01:26<01:58,  2.00it/s]DEBUG:root:✅ Hyperlink OK: https://www.google.com/calendar/event?action=TEMPLATE&text=Research+Assistance&dates=20260204T130000/20260204T150000&details=Join+us+weekly+in+the+Genealogy+Room+for+in-person+help+with+your+research.+It%E2%80%99s+a+great+chance+to+get+one-on-one+guidance%2C+ask+questions%2C+and+connect+with+others+who+share+your+passion+for+family+history.&location=2525+Oakley+Seaver+Dr%2C+Clermont%2C+FL%2C+34711%2C+United+States&trp=false&sprop=https%3A%2F%2Fwordpress-810691-5571285.cloudwaysapps.com%2Fevents%2Fresearch-assistance-2025-08-27-2025-09-03-2025-09-10-2025-09-17-2025-09-24-2025-10-01-2025-10-08-2025-10-15-2025-10-22-2025-10-29-2025-11-05-2025-11-12-2025-11-19-2025-11-26-2025-12-03-2-28-2026-02-04%2F&sprop=name:Pastfinders&ctz=America%2FNew_York
DEBUG:root:Checking external hyperlink: https://outlook.office.com/calendar/0/deeplink/compose?allday=false&body=Join+us+weekly+in+the+Genealogy+Room+for+in-person+help+with+your+research.+It%E2%80%99s+a+great+chance+to+get+one-on-one+guidance%2C+ask+questions%2C+and+connect+with+others+who+share+your+passion+for+family+history.&location=2525+Oakley+Seaver+Dr%2C+Clermont%2C+FL%2C+34711%2C+United+States&path=/calendar/action/compose&rru=addevent&startdt=2026-02-04T13%3A00%3A00-05%3A00&enddt=2026-02-04T15%3A00%3A00-05%3A00&subject=Research+Assistance
DEBUG:urllib3.connectionpool:Starting new HTTPS connection (1): outlook.office.com:443
DEBUG:urllib3.connectionpool:https://wordpress-810691-5571285.cloudwaysapps.com:443 "GET /events/research-assistance-2025-08-27-2025-09-03-2025-09-10-2025-09-17-2025-09-24-2025-10-01-2025-10-08-2025-10-15/ HTTP/1.1" 200 None
DEBUG:root:Successfully fetched https://wordpress-810691-5571285.cloudwaysapps.com/events/research-assistance-2025-08-27-2025-09-03-2025-09-10-2025-09-17-2025-09-24-2025-10-01-2025-10-08-2025-10-15/ (Content-Length: 43008)
DEBUG:charset_normalizer:Encoding detection: utf_8 is most likely the one.
DEBUG:root:Extracted 491 characters, 85 words from https://wordpress-810691-5571285.cloudwaysapps.com/events/research-assistance-2025-08-27-2025-09-03-2025-09-10-2025-09-17-2025-09-24-2025-10-01-2025-10-08-2025-10-15/
DEBUG:root:Checking external hyperlink: https://www.google.com/calendar/event?action=TEMPLATE&text=Research+Assistance&dates=20251015T130000/20251015T150000&details=Join+us+weekly+in+the+Genealogy+Room+for+in-person+help+with+your+research.+It%E2%80%99s+a+great+chance+to+get+one-on-one+guidance%2C+ask+questions%2C+and+connect+with+others+who+share+your+passion+for+family+history.&location=2525+Oakley+Seaver+Dr%2C+Clermont%2C+FL%2C+34711%2C+United+States&trp=false&sprop=https%3A%2F%2Fwordpress-810691-5571285.cloudwaysapps.com%2Fevents%2Fresearch-assistance-2025-08-27-2025-09-03-2025-09-10-2025-09-17-2025-09-24-2025-10-01-2025-10-08-2025-10-15%2F&sprop=name:Pastfinders&ctz=America%2FNew_York
DEBUG:urllib3.connectionpool:https://wordpress-810691-5571285.cloudwaysapps.com:443 "GET /resources/lee-county-genealogical-society-click-youth-genealogy/ HTTP/1.1" 200 None
DEBUG:root:Successfully fetched https://wordpress-810691-5571285.cloudwaysapps.com/resources/lee-county-genealogical-society-click-youth-genealogy/ (Content-Length: 39152)
DEBUG:urllib3.connectionpool:Starting new HTTPS connection (1): www.google.com:443
DEBUG:charset_normalizer:Encoding detection: utf_8 is most likely the one.
DEBUG:root:Extracted 627 characters, 106 words from https://wordpress-810691-5571285.cloudwaysapps.com/resources/lee-county-genealogical-society-click-youth-genealogy/
DEBUG:root:Using regex pattern: \b[a-zA-Z]{3,}\b
DEBUG:root:Found 78 words to check in https://wordpress-810691-5571285.cloudwaysapps.com/resources/lee-county-genealogical-society-click-youth-genealogy/ (min_length=3)
DEBUG:root:Sample words from https://wordpress-810691-5571285.cloudwaysapps.com/resources/lee-county-genealogical-society-click-youth-genealogy/: ['This', 'alert', 'Skip', 'content', 'Lee', 'County', 'Genealogical', 'Society', 'Click', 'Youth']
DEBUG:root:Spell check results for https://wordpress-810691-5571285.cloudwaysapps.com/resources/lee-county-genealogical-society-click-youth-genealogy/: 44 words checked, 34 skipped, 0 errors found
INFO:root:✅ Processed https://wordpress-810691-5571285.cloudwaysapps.com/resources/lee-county-genealogical-society-click-youth-genealogy/: 0 errors found, 106 words checked
DEBUG:root:Attempting to fetch: https://wordpress-810691-5571285.cloudwaysapps.com/libraries/genealogy-in-the-computer-age-understanding-family-search-pt-1/
Processing pages:  38%|███▊      | 145/381 [01:26<01:37,  2.43it/s]DEBUG:urllib3.connectionpool:https://wordpress-810691-5571285.cloudwaysapps.com:443 "GET /libraries/genealogy-in-the-computer-age-understanding-family-search-pt-1/ HTTP/1.1" 200 None
DEBUG:root:Successfully fetched https://wordpress-810691-5571285.cloudwaysapps.com/libraries/genealogy-in-the-computer-age-understanding-family-search-pt-1/ (Content-Length: 36567)
DEBUG:charset_normalizer:Encoding detection: utf_8 is most likely the one.
DEBUG:root:Extracted 128 characters, 23 words from https://wordpress-810691-5571285.cloudwaysapps.com/libraries/genealogy-in-the-computer-age-understanding-family-search-pt-1/
DEBUG:root:Using regex pattern: \b[a-zA-Z]{3,}\b
DEBUG:root:Found 12 words to check in https://wordpress-810691-5571285.cloudwaysapps.com/libraries/genealogy-in-the-computer-age-understanding-family-search-pt-1/ (min_length=3)
DEBUG:root:Sample words from https://wordpress-810691-5571285.cloudwaysapps.com/libraries/genealogy-in-the-computer-age-understanding-family-search-pt-1/: ['This', 'alert', 'Skip', 'content', 'Genealogy', 'the', 'computer', 'age', 'Understanding', 'Family']
DEBUG:root:Spell check results for https://wordpress-810691-5571285.cloudwaysapps.com/libraries/genealogy-in-the-computer-age-understanding-family-search-pt-1/: 5 words checked, 7 skipped, 0 errors found
INFO:root:✅ Processed https://wordpress-810691-5571285.cloudwaysapps.com/libraries/genealogy-in-the-computer-age-understanding-family-search-pt-1/: 0 errors found, 23 words checked
DEBUG:root:Attempting to fetch: https://wordpress-810691-5571285.cloudwaysapps.com/events/family-tree-maker-special-interest-group-sig-2025-10-21/
Processing pages:  38%|███▊      | 146/381 [01:26<01:18,  2.99it/s]DEBUG:urllib3.connectionpool:https://wordpress-810691-5571285.cloudwaysapps.com:443 "GET /wp-content/uploads/2025/08/IMG_0012_1571882951-791x1024.webp HTTP/1.1" 200 125218
DEBUG:urllib3.connectionpool:https://www.google.com:443 "GET /calendar/event?action=TEMPLATE&text=Research+Assistance&dates=20251015T130000/20251015T150000&details=Join+us+weekly+in+the+Genealogy+Room+for+in-person+help+with+your+research.+It%E2%80%99s+a+great+chance+to+get+one-on-one+guidance%2C+ask+questions%2C+and+connect+with+others+who+share+your+passion+for+family+history.&location=2525+Oakley+Seaver+Dr%2C+Clermont%2C+FL%2C+34711%2C+United+States&trp=false&sprop=https%3A%2F%2Fwordpress-810691-5571285.cloudwaysapps.com%2Fevents%2Fresearch-assistance-2025-08-27-2025-09-03-2025-09-10-2025-09-17-2025-09-24-2025-10-01-2025-10-08-2025-10-15%2F&sprop=name:Pastfinders&ctz=America%2FNew_York HTTP/1.1" 302 0
DEBUG:urllib3.connectionpool:Starting new HTTPS connection (1): calendar.google.com:443
DEBUG:urllib3.connectionpool:https://outlook.office.com:443 "GET /calendar/0/deeplink/compose?allday=false&body=Join+us+weekly+in+the+Genealogy+Room+for+in-person+help+with+your+research.+It%E2%80%99s+a+great+chance+to+get+one-on-one+guidance%2C+ask+questions%2C+and+connect+with+others+who+share+your+passion+for+family+history.&location=2525+Oakley+Seaver+Dr%2C+Clermont%2C+FL%2C+34711%2C+United+States&path=/calendar/action/compose&rru=addevent&startdt=2026-02-04T13%3A00%3A00-05%3A00&enddt=2026-02-04T15%3A00%3A00-05%3A00&subject=Research+Assistance HTTP/1.1" 200 None
DEBUG:root:✅ Hyperlink OK: https://outlook.office.com/calendar/0/deeplink/compose?allday=false&body=Join+us+weekly+in+the+Genealogy+Room+for+in-person+help+with+your+research.+It%E2%80%99s+a+great+chance+to+get+one-on-one+guidance%2C+ask+questions%2C+and+connect+with+others+who+share+your+passion+for+family+history.&location=2525+Oakley+Seaver+Dr%2C+Clermont%2C+FL%2C+34711%2C+United+States&path=/calendar/action/compose&rru=addevent&startdt=2026-02-04T13%3A00%3A00-05%3A00&enddt=2026-02-04T15%3A00%3A00-05%3A00&subject=Research+Assistance
DEBUG:root:Checking external hyperlink: https://outlook.live.com/calendar/0/deeplink/compose?allday=false&body=Join+us+weekly+in+the+Genealogy+Room+for+in-person+help+with+your+research.+It%E2%80%99s+a+great+chance+to+get+one-on-one+guidance%2C+ask+questions%2C+and+connect+with+others+who+share+your+passion+for+family+history.&location=2525+Oakley+Seaver+Dr%2C+Clermont%2C+FL%2C+34711%2C+United+States&path=/calendar/action/compose&rru=addevent&startdt=2026-02-04T13%3A00%3A00-05%3A00&enddt=2026-02-04T15%3A00%3A00-05%3A00&subject=Research+Assistance
DEBUG:urllib3.connectionpool:Starting new HTTPS connection (1): outlook.live.com:443
DEBUG:urllib3.connectionpool:https://wordpress-810691-5571285.cloudwaysapps.com:443 "GET /events/family-tree-maker-special-interest-group-sig-2025-10-21/ HTTP/1.1" 200 None
DEBUG:root:Successfully fetched https://wordpress-810691-5571285.cloudwaysapps.com/events/family-tree-maker-special-interest-group-sig-2025-10-21/ (Content-Length: 43021)
DEBUG:charset_normalizer:Encoding detection: utf_8 is most likely the one.
DEBUG:root:Extracted 1061 characters, 183 words from https://wordpress-810691-5571285.cloudwaysapps.com/events/family-tree-maker-special-interest-group-sig-2025-10-21/
DEBUG:root:Checking external hyperlink: https://www.google.com/calendar/event?action=TEMPLATE&text=Family+Tree+Maker+Special+Interest+Group+%28SIG%29&dates=20251021T000000/20251021T000000&details=Join+host+Stan+Wells+as+he+leads+a+step-by-step+walk-through+of+Family+Tree+Maker+%28FTM%29%2C+one+of+the+most+popular+genealogy+software+programs+available+today.&location=&trp=false&sprop=https%3A%2F%2Fwordpress-810691-5571285.cloudwaysapps.com%2Fevents%2Ffamily-tree-maker-special-interest-group-sig-2025-10-21%2F&sprop=name:Pastfinders&ctz=America%2FNew_York
DEBUG:root:✅ Image OK: https://wordpress-810691-5571285.cloudwaysapps.com/wp-content/uploads/2025/08/IMG_0012_1571882951-791x1024.webp
DEBUG:root:Checking internal image: https://wordpress-810691-5571285.cloudwaysapps.com/wp-content/uploads/2025/08/IMG_0002_9_1571882951-1024x888.webp
DEBUG:root:✅ Document OK: https://pastfindersslc.org/upload/newsletters/201110V23N5.pdf
DEBUG:root:Checking external document: https://pastfindersslc.org/upload/newsletters/201108V23N4.pdf
DEBUG:urllib3.connectionpool:Starting new HTTPS connection (1): www.google.com:443
DEBUG:urllib3.connectionpool:Starting new HTTPS connection (1): wordpress-810691-5571285.cloudwaysapps.com:443
DEBUG:urllib3.connectionpool:Starting new HTTPS connection (1): pastfindersslc.org:443
DEBUG:urllib3.connectionpool:https://calendar.google.com:443 "GET /calendar/event?action=TEMPLATE&text=Research+Assistance&dates=20251015T130000/20251015T150000&details=Join+us+weekly+in+the+Genealogy+Room+for+in-person+help+with+your+research.+It%E2%80%99s+a+great+chance+to+get+one-on-one+guidance,+ask+questions,+and+connect+with+others+who+share+your+passion+for+family+history.&location=2525+Oakley+Seaver+Dr,+Clermont,+FL,+34711,+United+States&trp=false&sprop=https://wordpress-810691-5571285.cloudwaysapps.com/events/research-assistance-2025-08-27-2025-09-03-2025-09-10-2025-09-17-2025-09-24-2025-10-01-2025-10-08-2025-10-15/&sprop=name:Pastfinders&ctz=America/New_York HTTP/1.1" 302 0
DEBUG:urllib3.connectionpool:Starting new HTTPS connection (1): accounts.google.com:443
DEBUG:urllib3.connectionpool:https://www.google.com:443 "GET /calendar/event?action=TEMPLATE&text=Family+Tree+Maker+Special+Interest+Group+%28SIG%29&dates=20251021T000000/20251021T000000&details=Join+host+Stan+Wells+as+he+leads+a+step-by-step+walk-through+of+Family+Tree+Maker+%28FTM%29%2C+one+of+the+most+popular+genealogy+software+programs+available+today.&location=&trp=false&sprop=https%3A%2F%2Fwordpress-810691-5571285.cloudwaysapps.com%2Fevents%2Ffamily-tree-maker-special-interest-group-sig-2025-10-21%2F&sprop=name:Pastfinders&ctz=America%2FNew_York HTTP/1.1" 302 0
DEBUG:urllib3.connectionpool:Starting new HTTPS connection (1): calendar.google.com:443
DEBUG:urllib3.connectionpool:https://pastfindersslc.org:443 "GET /upload/newsletters/201108V23N4.pdf HTTP/1.1" 200 1139775
DEBUG:urllib3.connectionpool:https://outlook.live.com:443 "GET /calendar/0/deeplink/compose?allday=false&body=Join+us+weekly+in+the+Genealogy+Room+for+in-person+help+with+your+research.+It%E2%80%99s+a+great+chance+to+get+one-on-one+guidance%2C+ask+questions%2C+and+connect+with+others+who+share+your+passion+for+family+history.&location=2525+Oakley+Seaver+Dr%2C+Clermont%2C+FL%2C+34711%2C+United+States&path=/calendar/action/compose&rru=addevent&startdt=2026-02-04T13%3A00%3A00-05%3A00&enddt=2026-02-04T15%3A00%3A00-05%3A00&subject=Research+Assistance HTTP/1.1" 200 None
DEBUG:root:✅ Hyperlink OK: https://outlook.live.com/calendar/0/deeplink/compose?allday=false&body=Join+us+weekly+in+the+Genealogy+Room+for+in-person+help+with+your+research.+It%E2%80%99s+a+great+chance+to+get+one-on-one+guidance%2C+ask+questions%2C+and+connect+with+others+who+share+your+passion+for+family+history.&location=2525+Oakley+Seaver+Dr%2C+Clermont%2C+FL%2C+34711%2C+United+States&path=/calendar/action/compose&rru=addevent&startdt=2026-02-04T13%3A00%3A00-05%3A00&enddt=2026-02-04T15%3A00%3A00-05%3A00&subject=Research+Assistance
DEBUG:root:Using regex pattern: \b[a-zA-Z]{3,}\b
DEBUG:root:Found 58 words to check in https://wordpress-810691-5571285.cloudwaysapps.com/events/research-assistance-2025-08-27-2025-09-03-2025-09-10-2025-09-17-2025-09-24-2025-10-01-2025-10-08-2025-10-15-2025-10-22-2025-10-29-2025-11-05-2025-11-12-2025-11-19-2025-11-26-2025-12-03-2-28-2026-02-04/ (min_length=3)
DEBUG:root:Sample words from https://wordpress-810691-5571285.cloudwaysapps.com/events/research-assistance-2025-08-27-2025-09-03-2025-09-10-2025-09-17-2025-09-24-2025-10-01-2025-10-08-2025-10-15-2025-10-22-2025-10-29-2025-11-05-2025-11-12-2025-11-19-2025-11-26-2025-12-03-2-28-2026-02-04/: ['This', 'alert', 'Skip', 'content', 'Research', 'Assistance', 'When', 'February', 'Add', 'Calendar']
DEBUG:root:Spell check results for https://wordpress-810691-5571285.cloudwaysapps.com/events/research-assistance-2025-08-27-2025-09-03-2025-09-10-2025-09-17-2025-09-24-2025-10-01-2025-10-08-2025-10-15-2025-10-22-2025-10-29-2025-11-05-2025-11-12-2025-11-19-2025-11-26-2025-12-03-2-28-2026-02-04/: 30 words checked, 28 skipped, 0 errors found
INFO:root:✅ Processed https://wordpress-810691-5571285.cloudwaysapps.com/events/research-assistance-2025-08-27-2025-09-03-2025-09-10-2025-09-17-2025-09-24-2025-10-01-2025-10-08-2025-10-15-2025-10-22-2025-10-29-2025-11-05-2025-11-12-2025-11-19-2025-11-26-2025-12-03-2-28-2026-02-04/: 0 errors found, 85 words checked
DEBUG:root:Attempting to fetch: https://wordpress-810691-5571285.cloudwaysapps.com/galleries/2019-march-window-display/
Processing pages:  39%|███▊      | 147/381 [01:26<01:11,  3.25it/s]DEBUG:urllib3.connectionpool:https://accounts.google.com:443 "GET /ServiceLogin?service=cl&passive=1209600&osid=1&continue=https://calendar.google.com/calendar/event?action%3DTEMPLATE%26text%3DResearch%2BAssistance%26dates%3D20251015T130000/20251015T150000%26details%3DJoin%2Bus%2Bweekly%2Bin%2Bthe%2BGenealogy%2BRoom%2Bfor%2Bin-person%2Bhelp%2Bwith%2Byour%2Bresearch.%2BIt%25E2%2580%2599s%2Ba%2Bgreat%2Bchance%2Bto%2Bget%2Bone-on-one%2Bguidance,%2Bask%2Bquestions,%2Band%2Bconnect%2Bwith%2Bothers%2Bwho%2Bshare%2Byour%2Bpassion%2Bfor%2Bfamily%2Bhistory.%26location%3D2525%2BOakley%2BSeaver%2BDr,%2BClermont,%2BFL,%2B34711,%2BUnited%2BStates%26trp%3Dfalse%26sprop%3Dhttps://wordpress-810691-5571285.cloudwaysapps.com/events/research-assistance-2025-08-27-2025-09-03-2025-09-10-2025-09-17-2025-09-24-2025-10-01-2025-10-08-2025-10-15/%26sprop%3Dname:Pastfinders%26ctz%3DAmerica/New_York&followup=https://calendar.google.com/calendar/event?action%3DTEMPLATE%26text%3DResearch%2BAssistance%26dates%3D20251015T130000/20251015T150000%26details%3DJoin%2Bus%2Bweekly%2Bin%2Bthe%2BGenealogy%2BRoom%2Bfor%2Bin-person%2Bhelp%2Bwith%2Byour%2Bresearch.%2BIt%25E2%2580%2599s%2Ba%2Bgreat%2Bchance%2Bto%2Bget%2Bone-on-one%2Bguidance,%2Bask%2Bquestions,%2Band%2Bconnect%2Bwith%2Bothers%2Bwho%2Bshare%2Byour%2Bpassion%2Bfor%2Bfamily%2Bhistory.%26location%3D2525%2BOakley%2BSeaver%2BDr,%2BClermont,%2BFL,%2B34711,%2BUnited%2BStates%26trp%3Dfalse%26sprop%3Dhttps://wordpress-810691-5571285.cloudwaysapps.com/events/research-assistance-2025-08-27-2025-09-03-2025-09-10-2025-09-17-2025-09-24-2025-10-01-2025-10-08-2025-10-15/%26sprop%3Dname:Pastfinders%26ctz%3DAmerica/New_York&emr=1 HTTP/1.1" 302 0
DEBUG:urllib3.connectionpool:https://accounts.google.com:443 "GET /InteractiveLogin?continue=https://calendar.google.com/calendar/event?action%3DTEMPLATE%26text%3DResearch%2BAssistance%26dates%3D20251015T130000/20251015T150000%26details%3DJoin%2Bus%2Bweekly%2Bin%2Bthe%2BGenealogy%2BRoom%2Bfor%2Bin-person%2Bhelp%2Bwith%2Byour%2Bresearch.%2BIt%25E2%2580%2599s%2Ba%2Bgreat%2Bchance%2Bto%2Bget%2Bone-on-one%2Bguidance,%2Bask%2Bquestions,%2Band%2Bconnect%2Bwith%2Bothers%2Bwho%2Bshare%2Byour%2Bpassion%2Bfor%2Bfamily%2Bhistory.%26location%3D2525%2BOakley%2BSeaver%2BDr,%2BClermont,%2BFL,%2B34711,%2BUnited%2BStates%26trp%3Dfalse%26sprop%3Dhttps://wordpress-810691-5571285.cloudwaysapps.com/events/research-assistance-2025-08-27-2025-09-03-2025-09-10-2025-09-17-2025-09-24-2025-10-01-2025-10-08-2025-10-15/%26sprop%3Dname:Pastfinders%26ctz%3DAmerica/New_York&emr=1&followup=https://calendar.google.com/calendar/event?action%3DTEMPLATE%26text%3DResearch%2BAssistance%26dates%3D20251015T130000/20251015T150000%26details%3DJoin%2Bus%2Bweekly%2Bin%2Bthe%2BGenealogy%2BRoom%2Bfor%2Bin-person%2Bhelp%2Bwith%2Byour%2Bresearch.%2BIt%25E2%2580%2599s%2Ba%2Bgreat%2Bchance%2Bto%2Bget%2Bone-on-one%2Bguidance,%2Bask%2Bquestions,%2Band%2Bconnect%2Bwith%2Bothers%2Bwho%2Bshare%2Byour%2Bpassion%2Bfor%2Bfamily%2Bhistory.%26location%3D2525%2BOakley%2BSeaver%2BDr,%2BClermont,%2BFL,%2B34711,%2BUnited%2BStates%26trp%3Dfalse%26sprop%3Dhttps://wordpress-810691-5571285.cloudwaysapps.com/events/research-assistance-2025-08-27-2025-09-03-2025-09-10-2025-09-17-2025-09-24-2025-10-01-2025-10-08-2025-10-15/%26sprop%3Dname:Pastfinders%26ctz%3DAmerica/New_York&osid=1&passive=1209600&service=cl&ifkv=AdBytiPCmio-zD009ZyGLgTfOEbw-J26jLWfbuKsIhv-QT7frj_5ZdBEEEkag2eAFqqPGJ3xH9oM HTTP/1.1" 302 None
DEBUG:urllib3.connectionpool:https://calendar.google.com:443 "GET /calendar/event?action=TEMPLATE&text=Family+Tree+Maker+Special+Interest+Group+(SIG)&dates=20251021T000000/20251021T000000&details=Join+host+Stan+Wells+as+he+leads+a+step-by-step+walk-through+of+Family+Tree+Maker+(FTM),+one+of+the+most+popular+genealogy+software+programs+available+today.&location&trp=false&sprop=https://wordpress-810691-5571285.cloudwaysapps.com/events/family-tree-maker-special-interest-group-sig-2025-10-21/&sprop=name:Pastfinders&ctz=America/New_York HTTP/1.1" 302 0
DEBUG:urllib3.connectionpool:Starting new HTTPS connection (1): accounts.google.com:443
DEBUG:urllib3.connectionpool:https://wordpress-810691-5571285.cloudwaysapps.com:443 "GET /wp-content/uploads/2025/08/IMG_0002_9_1571882951-1024x888.webp HTTP/1.1" 200 153228
DEBUG:root:✅ Document OK: https://pastfindersslc.org/upload/newsletters/201108V23N4.pdf
DEBUG:root:Checking external document: https://pastfindersslc.org/upload/newsletters/201105V23N3.pdf
DEBUG:urllib3.connectionpool:Starting new HTTPS connection (1): pastfindersslc.org:443
DEBUG:root:✅ Image OK: https://wordpress-810691-5571285.cloudwaysapps.com/wp-content/uploads/2025/08/IMG_0002_9_1571882951-1024x888.webp
DEBUG:root:Checking internal image: https://wordpress-810691-5571285.cloudwaysapps.com/wp-content/uploads/2025/08/IMG_0014_1571882934-702x1024.webp
DEBUG:urllib3.connectionpool:https://accounts.google.com:443 "GET /v3/signin/identifier?continue=https%3A%2F%2Fcalendar.google.com%2Fcalendar%2Fevent%3Faction%3DTEMPLATE%26text%3DResearch%2BAssistance%26dates%3D20251015T130000%2F20251015T150000%26details%3DJoin%2Bus%2Bweekly%2Bin%2Bthe%2BGenealogy%2BRoom%2Bfor%2Bin-person%2Bhelp%2Bwith%2Byour%2Bresearch.%2BIt%25E2%2580%2599s%2Ba%2Bgreat%2Bchance%2Bto%2Bget%2Bone-on-one%2Bguidance%2C%2Bask%2Bquestions%2C%2Band%2Bconnect%2Bwith%2Bothers%2Bwho%2Bshare%2Byour%2Bpassion%2Bfor%2Bfamily%2Bhistory.%26location%3D2525%2BOakley%2BSeaver%2BDr%2C%2BClermont%2C%2BFL%2C%2B34711%2C%2BUnited%2BStates%26trp%3Dfalse%26sprop%3Dhttps%3A%2F%2Fwordpress-810691-5571285.cloudwaysapps.com%2Fevents%2Fresearch-assistance-2025-08-27-2025-09-03-2025-09-10-2025-09-17-2025-09-24-2025-10-01-2025-10-08-2025-10-15%2F%26sprop%3Dname%3APastfinders%26ctz%3DAmerica%2FNew_York&emr=1&followup=https%3A%2F%2Fcalendar.google.com%2Fcalendar%2Fevent%3Faction%3DTEMPLATE%26text%3DResearch%2BAssistance%26dates%3D20251015T130000%2F20251015T150000%26details%3DJoin%2Bus%2Bweekly%2Bin%2Bthe%2BGenealogy%2BRoom%2Bfor%2Bin-person%2Bhelp%2Bwith%2Byour%2Bresearch.%2BIt%25E2%2580%2599s%2Ba%2Bgreat%2Bchance%2Bto%2Bget%2Bone-on-one%2Bguidance%2C%2Bask%2Bquestions%2C%2Band%2Bconnect%2Bwith%2Bothers%2Bwho%2Bshare%2Byour%2Bpassion%2Bfor%2Bfamily%2Bhistory.%26location%3D2525%2BOakley%2BSeaver%2BDr%2C%2BClermont%2C%2BFL%2C%2B34711%2C%2BUnited%2BStates%26trp%3Dfalse%26sprop%3Dhttps%3A%2F%2Fwordpress-810691-5571285.cloudwaysapps.com%2Fevents%2Fresearch-assistance-2025-08-27-2025-09-03-2025-09-10-2025-09-17-2025-09-24-2025-10-01-2025-10-08-2025-10-15%2F%26sprop%3Dname%3APastfinders%26ctz%3DAmerica%2FNew_York&ifkv=AdBytiMs455x1_J5v-CdEVqyhMrWrrkfrk3b84VbdDHKfgcxnlCaTvqS2d9lQ5JyoVcbPuUBy2ZM&osid=1&passive=1209600&service=cl&flowName=WebLiteSignIn&flowEntry=ServiceLogin&dsh=S-1995788730%3A1756758211087503 HTTP/1.1" 200 None
DEBUG:urllib3.connectionpool:Starting new HTTPS connection (1): wordpress-810691-5571285.cloudwaysapps.com:443
DEBUG:urllib3.connectionpool:https://accounts.google.com:443 "GET /ServiceLogin?service=cl&passive=1209600&osid=1&continue=https://calendar.google.com/calendar/event?action%3DTEMPLATE%26text%3DFamily%2BTree%2BMaker%2BSpecial%2BInterest%2BGroup%2B(SIG)%26dates%3D20251021T000000/20251021T000000%26details%3DJoin%2Bhost%2BStan%2BWells%2Bas%2Bhe%2Bleads%2Ba%2Bstep-by-step%2Bwalk-through%2Bof%2BFamily%2BTree%2BMaker%2B(FTM),%2Bone%2Bof%2Bthe%2Bmost%2Bpopular%2Bgenealogy%2Bsoftware%2Bprograms%2Bavailable%2Btoday.%26location%26trp%3Dfalse%26sprop%3Dhttps://wordpress-810691-5571285.cloudwaysapps.com/events/family-tree-maker-special-interest-group-sig-2025-10-21/%26sprop%3Dname:Pastfinders%26ctz%3DAmerica/New_York&followup=https://calendar.google.com/calendar/event?action%3DTEMPLATE%26text%3DFamily%2BTree%2BMaker%2BSpecial%2BInterest%2BGroup%2B(SIG)%26dates%3D20251021T000000/20251021T000000%26details%3DJoin%2Bhost%2BStan%2BWells%2Bas%2Bhe%2Bleads%2Ba%2Bstep-by-step%2Bwalk-through%2Bof%2BFamily%2BTree%2BMaker%2B(FTM),%2Bone%2Bof%2Bthe%2Bmost%2Bpopular%2Bgenealogy%2Bsoftware%2Bprograms%2Bavailable%2Btoday.%26location%26trp%3Dfalse%26sprop%3Dhttps://wordpress-810691-5571285.cloudwaysapps.com/events/family-tree-maker-special-interest-group-sig-2025-10-21/%26sprop%3Dname:Pastfinders%26ctz%3DAmerica/New_York&emr=1 HTTP/1.1" 302 0
DEBUG:urllib3.connectionpool:https://pastfindersslc.org:443 "GET /upload/newsletters/201105V23N3.pdf HTTP/1.1" 200 1197317
DEBUG:urllib3.connectionpool:https://accounts.google.com:443 "GET /InteractiveLogin?continue=https://calendar.google.com/calendar/event?action%3DTEMPLATE%26text%3DFamily%2BTree%2BMaker%2BSpecial%2BInterest%2BGroup%2B(SIG)%26dates%3D20251021T000000/20251021T000000%26details%3DJoin%2Bhost%2BStan%2BWells%2Bas%2Bhe%2Bleads%2Ba%2Bstep-by-step%2Bwalk-through%2Bof%2BFamily%2BTree%2BMaker%2B(FTM),%2Bone%2Bof%2Bthe%2Bmost%2Bpopular%2Bgenealogy%2Bsoftware%2Bprograms%2Bavailable%2Btoday.%26location%26trp%3Dfalse%26sprop%3Dhttps://wordpress-810691-5571285.cloudwaysapps.com/events/family-tree-maker-special-interest-group-sig-2025-10-21/%26sprop%3Dname:Pastfinders%26ctz%3DAmerica/New_York&emr=1&followup=https://calendar.google.com/calendar/event?action%3DTEMPLATE%26text%3DFamily%2BTree%2BMaker%2BSpecial%2BInterest%2BGroup%2B(SIG)%26dates%3D20251021T000000/20251021T000000%26details%3DJoin%2Bhost%2BStan%2BWells%2Bas%2Bhe%2Bleads%2Ba%2Bstep-by-step%2Bwalk-through%2Bof%2BFamily%2BTree%2BMaker%2B(FTM),%2Bone%2Bof%2Bthe%2Bmost%2Bpopular%2Bgenealogy%2Bsoftware%2Bprograms%2Bavailable%2Btoday.%26location%26trp%3Dfalse%26sprop%3Dhttps://wordpress-810691-5571285.cloudwaysapps.com/events/family-tree-maker-special-interest-group-sig-2025-10-21/%26sprop%3Dname:Pastfinders%26ctz%3DAmerica/New_York&osid=1&passive=1209600&service=cl&ifkv=AdBytiO1UiYpx5W-uLvhAsHHUJi4SIumRl5GNLO1OBZyYWyVAHaZjYdDO4844JPFHUkOIzsu-Ulm HTTP/1.1" 302 None
DEBUG:root:✅ Hyperlink OK: https://www.google.com/calendar/event?action=TEMPLATE&text=Research+Assistance&dates=20251015T130000/20251015T150000&details=Join+us+weekly+in+the+Genealogy+Room+for+in-person+help+with+your+research.+It%E2%80%99s+a+great+chance+to+get+one-on-one+guidance%2C+ask+questions%2C+and+connect+with+others+who+share+your+passion+for+family+history.&location=2525+Oakley+Seaver+Dr%2C+Clermont%2C+FL%2C+34711%2C+United+States&trp=false&sprop=https%3A%2F%2Fwordpress-810691-5571285.cloudwaysapps.com%2Fevents%2Fresearch-assistance-2025-08-27-2025-09-03-2025-09-10-2025-09-17-2025-09-24-2025-10-01-2025-10-08-2025-10-15%2F&sprop=name:Pastfinders&ctz=America%2FNew_York
DEBUG:root:Checking external hyperlink: https://outlook.office.com/calendar/0/deeplink/compose?allday=false&body=Join+us+weekly+in+the+Genealogy+Room+for+in-person+help+with+your+research.+It%E2%80%99s+a+great+chance+to+get+one-on-one+guidance%2C+ask+questions%2C+and+connect+with+others+who+share+your+passion+for+family+history.&location=2525+Oakley+Seaver+Dr%2C+Clermont%2C+FL%2C+34711%2C+United+States&path=/calendar/action/compose&rru=addevent&startdt=2025-10-15T13%3A00%3A00-04%3A00&enddt=2025-10-15T15%3A00%3A00-04%3A00&subject=Research+Assistance
DEBUG:urllib3.connectionpool:Starting new HTTPS connection (1): outlook.office.com:443
DEBUG:urllib3.connectionpool:https://accounts.google.com:443 "GET /v3/signin/identifier?continue=https%3A%2F%2Fcalendar.google.com%2Fcalendar%2Fevent%3Faction%3DTEMPLATE%26text%3DFamily%2BTree%2BMaker%2BSpecial%2BInterest%2BGroup%2B%28SIG%29%26dates%3D20251021T000000%2F20251021T000000%26details%3DJoin%2Bhost%2BStan%2BWells%2Bas%2Bhe%2Bleads%2Ba%2Bstep-by-step%2Bwalk-through%2Bof%2BFamily%2BTree%2BMaker%2B%28FTM%29%2C%2Bone%2Bof%2Bthe%2Bmost%2Bpopular%2Bgenealogy%2Bsoftware%2Bprograms%2Bavailable%2Btoday.%26location%26trp%3Dfalse%26sprop%3Dhttps%3A%2F%2Fwordpress-810691-5571285.cloudwaysapps.com%2Fevents%2Ffamily-tree-maker-special-interest-group-sig-2025-10-21%2F%26sprop%3Dname%3APastfinders%26ctz%3DAmerica%2FNew_York&emr=1&followup=https%3A%2F%2Fcalendar.google.com%2Fcalendar%2Fevent%3Faction%3DTEMPLATE%26text%3DFamily%2BTree%2BMaker%2BSpecial%2BInterest%2BGroup%2B%28SIG%29%26dates%3D20251021T000000%2F20251021T000000%26details%3DJoin%2Bhost%2BStan%2BWells%2Bas%2Bhe%2Bleads%2Ba%2Bstep-by-step%2Bwalk-through%2Bof%2BFamily%2BTree%2BMaker%2B%28FTM%29%2C%2Bone%2Bof%2Bthe%2Bmost%2Bpopular%2Bgenealogy%2Bsoftware%2Bprograms%2Bavailable%2Btoday.%26location%26trp%3Dfalse%26sprop%3Dhttps%3A%2F%2Fwordpress-810691-5571285.cloudwaysapps.com%2Fevents%2Ffamily-tree-maker-special-interest-group-sig-2025-10-21%2F%26sprop%3Dname%3APastfinders%26ctz%3DAmerica%2FNew_York&ifkv=AdBytiNkHfTolRwW8eUa1n61-CQWXEwT35eO0snrsm32ruYkfEoTJ3CmY-JJHspZqviO6D14gUxpqw&osid=1&passive=1209600&service=cl&flowName=WebLiteSignIn&flowEntry=ServiceLogin&dsh=S1057314785%3A1756758211286907 HTTP/1.1" 200 None
DEBUG:root:✅ Hyperlink OK: https://www.google.com/calendar/event?action=TEMPLATE&text=Family+Tree+Maker+Special+Interest+Group+%28SIG%29&dates=20251021T000000/20251021T000000&details=Join+host+Stan+Wells+as+he+leads+a+step-by-step+walk-through+of+Family+Tree+Maker+%28FTM%29%2C+one+of+the+most+popular+genealogy+software+programs+available+today.&location=&trp=false&sprop=https%3A%2F%2Fwordpress-810691-5571285.cloudwaysapps.com%2Fevents%2Ffamily-tree-maker-special-interest-group-sig-2025-10-21%2F&sprop=name:Pastfinders&ctz=America%2FNew_York
DEBUG:root:Checking external hyperlink: https://outlook.office.com/calendar/0/deeplink/compose?allday=false&body=Join+host+Stan+Wells+as+he+leads+a+step-by-step+walk-through+of+Family+Tree+Maker+%28FTM%29%2C+one+of+the+most+popular+genealogy+software+programs+available+today.&location=&path=/calendar/action/compose&rru=addevent&startdt=2025-10-21T00%3A00%3A00-04%3A00&enddt=2025-10-21T00%3A00%3A00-04%3A00&subject=Family+Tree+Maker+Special+Interest+Group+%28SIG%29
DEBUG:urllib3.connectionpool:Starting new HTTPS connection (1): outlook.office.com:443
DEBUG:urllib3.connectionpool:https://wordpress-810691-5571285.cloudwaysapps.com:443 "GET /wp-content/uploads/2025/08/IMG_0014_1571882934-702x1024.webp HTTP/1.1" 200 152426
DEBUG:root:✅ Document OK: https://pastfindersslc.org/upload/newsletters/201105V23N3.pdf
DEBUG:root:Checking external document: https://pastfindersslc.org/upload/newsletters/201102V23N2.pdf
DEBUG:urllib3.connectionpool:Starting new HTTPS connection (1): pastfindersslc.org:443
DEBUG:root:✅ Image OK: https://wordpress-810691-5571285.cloudwaysapps.com/wp-content/uploads/2025/08/IMG_0014_1571882934-702x1024.webp
DEBUG:root:Checking internal image: https://wordpress-810691-5571285.cloudwaysapps.com/wp-content/uploads/2025/08/IMG_0009_1571882951-1024x538.webp
DEBUG:urllib3.connectionpool:Starting new HTTPS connection (1): wordpress-810691-5571285.cloudwaysapps.com:443
DEBUG:urllib3.connectionpool:https://outlook.office.com:443 "GET /calendar/0/deeplink/compose?allday=false&body=Join+host+Stan+Wells+as+he+leads+a+step-by-step+walk-through+of+Family+Tree+Maker+%28FTM%29%2C+one+of+the+most+popular+genealogy+software+programs+available+today.&location=&path=/calendar/action/compose&rru=addevent&startdt=2025-10-21T00%3A00%3A00-04%3A00&enddt=2025-10-21T00%3A00%3A00-04%3A00&subject=Family+Tree+Maker+Special+Interest+Group+%28SIG%29 HTTP/1.1" 200 None
DEBUG:root:✅ Hyperlink OK: https://outlook.office.com/calendar/0/deeplink/compose?allday=false&body=Join+host+Stan+Wells+as+he+leads+a+step-by-step+walk-through+of+Family+Tree+Maker+%28FTM%29%2C+one+of+the+most+popular+genealogy+software+programs+available+today.&location=&path=/calendar/action/compose&rru=addevent&startdt=2025-10-21T00%3A00%3A00-04%3A00&enddt=2025-10-21T00%3A00%3A00-04%3A00&subject=Family+Tree+Maker+Special+Interest+Group+%28SIG%29
DEBUG:root:Checking external hyperlink: https://outlook.live.com/calendar/0/deeplink/compose?allday=false&body=Join+host+Stan+Wells+as+he+leads+a+step-by-step+walk-through+of+Family+Tree+Maker+%28FTM%29%2C+one+of+the+most+popular+genealogy+software+programs+available+today.&location=&path=/calendar/action/compose&rru=addevent&startdt=2025-10-21T00%3A00%3A00-04%3A00&enddt=2025-10-21T00%3A00%3A00-04%3A00&subject=Family+Tree+Maker+Special+Interest+Group+%28SIG%29
DEBUG:urllib3.connectionpool:Starting new HTTPS connection (1): outlook.live.com:443
DEBUG:urllib3.connectionpool:https://pastfindersslc.org:443 "GET /upload/newsletters/201102V23N2.pdf HTTP/1.1" 200 815772
DEBUG:urllib3.connectionpool:https://outlook.office.com:443 "GET /calendar/0/deeplink/compose?allday=false&body=Join+us+weekly+in+the+Genealogy+Room+for+in-person+help+with+your+research.+It%E2%80%99s+a+great+chance+to+get+one-on-one+guidance%2C+ask+questions%2C+and+connect+with+others+who+share+your+passion+for+family+history.&location=2525+Oakley+Seaver+Dr%2C+Clermont%2C+FL%2C+34711%2C+United+States&path=/calendar/action/compose&rru=addevent&startdt=2025-10-15T13%3A00%3A00-04%3A00&enddt=2025-10-15T15%3A00%3A00-04%3A00&subject=Research+Assistance HTTP/1.1" 200 None
DEBUG:root:✅ Hyperlink OK: https://outlook.office.com/calendar/0/deeplink/compose?allday=false&body=Join+us+weekly+in+the+Genealogy+Room+for+in-person+help+with+your+research.+It%E2%80%99s+a+great+chance+to+get+one-on-one+guidance%2C+ask+questions%2C+and+connect+with+others+who+share+your+passion+for+family+history.&location=2525+Oakley+Seaver+Dr%2C+Clermont%2C+FL%2C+34711%2C+United+States&path=/calendar/action/compose&rru=addevent&startdt=2025-10-15T13%3A00%3A00-04%3A00&enddt=2025-10-15T15%3A00%3A00-04%3A00&subject=Research+Assistance
DEBUG:root:Checking external hyperlink: https://outlook.live.com/calendar/0/deeplink/compose?allday=false&body=Join+us+weekly+in+the+Genealogy+Room+for+in-person+help+with+your+research.+It%E2%80%99s+a+great+chance+to+get+one-on-one+guidance%2C+ask+questions%2C+and+connect+with+others+who+share+your+passion+for+family+history.&location=2525+Oakley+Seaver+Dr%2C+Clermont%2C+FL%2C+34711%2C+United+States&path=/calendar/action/compose&rru=addevent&startdt=2025-10-15T13%3A00%3A00-04%3A00&enddt=2025-10-15T15%3A00%3A00-04%3A00&subject=Research+Assistance
DEBUG:urllib3.connectionpool:Starting new HTTPS connection (1): outlook.live.com:443
DEBUG:urllib3.connectionpool:https://wordpress-810691-5571285.cloudwaysapps.com:443 "GET /wp-content/uploads/2025/08/IMG_0009_1571882951-1024x538.webp HTTP/1.1" 200 101922
DEBUG:root:✅ Document OK: https://pastfindersslc.org/upload/newsletters/201102V23N2.pdf
DEBUG:root:Checking external document: https://pastfindersslc.org/upload/newsletters/201101V23N1.pdf
DEBUG:urllib3.connectionpool:Starting new HTTPS connection (1): pastfindersslc.org:443
DEBUG:root:✅ Image OK: https://wordpress-810691-5571285.cloudwaysapps.com/wp-content/uploads/2025/08/IMG_0009_1571882951-1024x538.webp
DEBUG:root:Checking internal image: https://wordpress-810691-5571285.cloudwaysapps.com/wp-content/uploads/2025/08/IMG_0011_1571882951-1024x486.webp
DEBUG:urllib3.connectionpool:Starting new HTTPS connection (1): wordpress-810691-5571285.cloudwaysapps.com:443
DEBUG:urllib3.connectionpool:https://outlook.live.com:443 "GET /calendar/0/deeplink/compose?allday=false&body=Join+host+Stan+Wells+as+he+leads+a+step-by-step+walk-through+of+Family+Tree+Maker+%28FTM%29%2C+one+of+the+most+popular+genealogy+software+programs+available+today.&location=&path=/calendar/action/compose&rru=addevent&startdt=2025-10-21T00%3A00%3A00-04%3A00&enddt=2025-10-21T00%3A00%3A00-04%3A00&subject=Family+Tree+Maker+Special+Interest+Group+%28SIG%29 HTTP/1.1" 200 None
DEBUG:root:✅ Hyperlink OK: https://outlook.live.com/calendar/0/deeplink/compose?allday=false&body=Join+host+Stan+Wells+as+he+leads+a+step-by-step+walk-through+of+Family+Tree+Maker+%28FTM%29%2C+one+of+the+most+popular+genealogy+software+programs+available+today.&location=&path=/calendar/action/compose&rru=addevent&startdt=2025-10-21T00%3A00%3A00-04%3A00&enddt=2025-10-21T00%3A00%3A00-04%3A00&subject=Family+Tree+Maker+Special+Interest+Group+%28SIG%29
DEBUG:root:Using regex pattern: \b[a-zA-Z]{3,}\b
DEBUG:root:Found 135 words to check in https://wordpress-810691-5571285.cloudwaysapps.com/events/family-tree-maker-special-interest-group-sig-2025-10-21/ (min_length=3)
DEBUG:root:Sample words from https://wordpress-810691-5571285.cloudwaysapps.com/events/family-tree-maker-special-interest-group-sig-2025-10-21/: ['This', 'alert', 'Skip', 'content', 'Family', 'Tree', 'Maker', 'Special', 'Interest', 'Group']
DEBUG:root:Skipped email/domain fragment: 'com'
DEBUG:root:Spell check results for https://wordpress-810691-5571285.cloudwaysapps.com/events/family-tree-maker-special-interest-group-sig-2025-10-21/: 87 words checked, 48 skipped, 0 errors found
INFO:root:✅ Processed https://wordpress-810691-5571285.cloudwaysapps.com/events/family-tree-maker-special-interest-group-sig-2025-10-21/: 0 errors found, 183 words checked
DEBUG:root:Attempting to fetch: https://wordpress-810691-5571285.cloudwaysapps.com/events/research-assistance-2025-08-27-2025-09-03-2025-09-10-2025-09-17-2025-09-24-2025-10-01-2025-10-08-2025-10-15-2025-10-22-2025-10-29-2025-11-05-2025-11-12-2025-11-19-2025-11-26-2025-12-03-2-22-2026-07-29/
Processing pages:  39%|███▉      | 148/381 [01:27<01:53,  2.05it/s]DEBUG:urllib3.connectionpool:https://outlook.live.com:443 "GET /calendar/0/deeplink/compose?allday=false&body=Join+us+weekly+in+the+Genealogy+Room+for+in-person+help+with+your+research.+It%E2%80%99s+a+great+chance+to+get+one-on-one+guidance%2C+ask+questions%2C+and+connect+with+others+who+share+your+passion+for+family+history.&location=2525+Oakley+Seaver+Dr%2C+Clermont%2C+FL%2C+34711%2C+United+States&path=/calendar/action/compose&rru=addevent&startdt=2025-10-15T13%3A00%3A00-04%3A00&enddt=2025-10-15T15%3A00%3A00-04%3A00&subject=Research+Assistance HTTP/1.1" 200 None
DEBUG:root:✅ Hyperlink OK: https://outlook.live.com/calendar/0/deeplink/compose?allday=false&body=Join+us+weekly+in+the+Genealogy+Room+for+in-person+help+with+your+research.+It%E2%80%99s+a+great+chance+to+get+one-on-one+guidance%2C+ask+questions%2C+and+connect+with+others+who+share+your+passion+for+family+history.&location=2525+Oakley+Seaver+Dr%2C+Clermont%2C+FL%2C+34711%2C+United+States&path=/calendar/action/compose&rru=addevent&startdt=2025-10-15T13%3A00%3A00-04%3A00&enddt=2025-10-15T15%3A00%3A00-04%3A00&subject=Research+Assistance
DEBUG:root:Using regex pattern: \b[a-zA-Z]{3,}\b
DEBUG:root:Found 58 words to check in https://wordpress-810691-5571285.cloudwaysapps.com/events/research-assistance-2025-08-27-2025-09-03-2025-09-10-2025-09-17-2025-09-24-2025-10-01-2025-10-08-2025-10-15/ (min_length=3)
DEBUG:root:Sample words from https://wordpress-810691-5571285.cloudwaysapps.com/events/research-assistance-2025-08-27-2025-09-03-2025-09-10-2025-09-17-2025-09-24-2025-10-01-2025-10-08-2025-10-15/: ['This', 'alert', 'Skip', 'content', 'Research', 'Assistance', 'When', 'October', 'Add', 'Calendar']
DEBUG:root:Spell check results for https://wordpress-810691-5571285.cloudwaysapps.com/events/research-assistance-2025-08-27-2025-09-03-2025-09-10-2025-09-17-2025-09-24-2025-10-01-2025-10-08-2025-10-15/: 30 words checked, 28 skipped, 0 errors found
INFO:root:✅ Processed https://wordpress-810691-5571285.cloudwaysapps.com/events/research-assistance-2025-08-27-2025-09-03-2025-09-10-2025-09-17-2025-09-24-2025-10-01-2025-10-08-2025-10-15/: 0 errors found, 85 words checked
DEBUG:root:Attempting to fetch: https://wordpress-810691-5571285.cloudwaysapps.com/galleries/2018-boy-scout-genealogy-merit/
DEBUG:urllib3.connectionpool:https://pastfindersslc.org:443 "GET /upload/newsletters/201101V23N1.pdf HTTP/1.1" 200 1146227
DEBUG:urllib3.connectionpool:https://wordpress-810691-5571285.cloudwaysapps.com:443 "GET /events/research-assistance-2025-08-27-2025-09-03-2025-09-10-2025-09-17-2025-09-24-2025-10-01-2025-10-08-2025-10-15-2025-10-22-2025-10-29-2025-11-05-2025-11-12-2025-11-19-2025-11-26-2025-12-03-2-22-2026-07-29/ HTTP/1.1" 200 None
DEBUG:root:Successfully fetched https://wordpress-810691-5571285.cloudwaysapps.com/events/research-assistance-2025-08-27-2025-09-03-2025-09-10-2025-09-17-2025-09-24-2025-10-01-2025-10-08-2025-10-15-2025-10-22-2025-10-29-2025-11-05-2025-11-12-2025-11-19-2025-11-26-2025-12-03-2-22-2026-07-29/ (Content-Length: 44209)
DEBUG:charset_normalizer:Encoding detection: utf_8 is most likely the one.
DEBUG:root:Extracted 488 characters, 85 words from https://wordpress-810691-5571285.cloudwaysapps.com/events/research-assistance-2025-08-27-2025-09-03-2025-09-10-2025-09-17-2025-09-24-2025-10-01-2025-10-08-2025-10-15-2025-10-22-2025-10-29-2025-11-05-2025-11-12-2025-11-19-2025-11-26-2025-12-03-2-22-2026-07-29/
DEBUG:root:Checking external hyperlink: https://www.google.com/calendar/event?action=TEMPLATE&text=Research+Assistance&dates=20260729T130000/20260729T150000&details=Join+us+weekly+in+the+Genealogy+Room+for+in-person+help+with+your+research.+It%E2%80%99s+a+great+chance+to+get+one-on-one+guidance%2C+ask+questions%2C+and+connect+with+others+who+share+your+passion+for+family+history.&location=2525+Oakley+Seaver+Dr%2C+Clermont%2C+FL%2C+34711%2C+United+States&trp=false&sprop=https%3A%2F%2Fwordpress-810691-5571285.cloudwaysapps.com%2Fevents%2Fresearch-assistance-2025-08-27-2025-09-03-2025-09-10-2025-09-17-2025-09-24-2025-10-01-2025-10-08-2025-10-15-2025-10-22-2025-10-29-2025-11-05-2025-11-12-2025-11-19-2025-11-26-2025-12-03-2-22-2026-07-29%2F&sprop=name:Pastfinders&ctz=America%2FNew_York
DEBUG:urllib3.connectionpool:https://wordpress-810691-5571285.cloudwaysapps.com:443 "GET /galleries/2018-boy-scout-genealogy-merit/ HTTP/1.1" 200 None
DEBUG:root:Successfully fetched https://wordpress-810691-5571285.cloudwaysapps.com/galleries/2018-boy-scout-genealogy-merit/ (Content-Length: 61684)
DEBUG:urllib3.connectionpool:Starting new HTTPS connection (1): www.google.com:443
DEBUG:charset_normalizer:Encoding detection: utf_8 is most likely the one.
DEBUG:urllib3.connectionpool:https://wordpress-810691-5571285.cloudwaysapps.com:443 "GET /wp-content/uploads/2025/08/IMG_0011_1571882951-1024x486.webp HTTP/1.1" 200 85154
DEBUG:root:Extracted 302 characters, 61 words from https://wordpress-810691-5571285.cloudwaysapps.com/galleries/2018-boy-scout-genealogy-merit/
DEBUG:root:Checking internal image: https://wordpress-810691-5571285.cloudwaysapps.com/wp-content/uploads/2025/08/DSCN4657_1525141184-1024x768.webp
DEBUG:urllib3.connectionpool:Starting new HTTPS connection (1): wordpress-810691-5571285.cloudwaysapps.com:443
DEBUG:root:✅ Image OK: https://wordpress-810691-5571285.cloudwaysapps.com/wp-content/uploads/2025/08/IMG_0011_1571882951-1024x486.webp
DEBUG:root:Using regex pattern: \b[a-zA-Z]{3,}\b
DEBUG:root:Found 53 words to check in https://wordpress-810691-5571285.cloudwaysapps.com/galleries/2014-pastfinders-news/ (min_length=3)
DEBUG:root:Sample words from https://wordpress-810691-5571285.cloudwaysapps.com/galleries/2014-pastfinders-news/: ['This', 'alert', 'Skip', 'content', 'Pastfinders', 'News', 'images', 'Click', 'view', 'Click']
DEBUG:root:Spell check results for https://wordpress-810691-5571285.cloudwaysapps.com/galleries/2014-pastfinders-news/: 24 words checked, 29 skipped, 0 errors found
INFO:root:✅ Processed https://wordpress-810691-5571285.cloudwaysapps.com/galleries/2014-pastfinders-news/: 0 errors found, 107 words checked
DEBUG:root:Attempting to fetch: https://wordpress-810691-5571285.cloudwaysapps.com/resources/family-tree-heritage-9/
Processing pages:  39%|███▉      | 150/381 [01:28<01:17,  2.98it/s]DEBUG:root:✅ Document OK: https://pastfindersslc.org/upload/newsletters/201101V23N1.pdf
DEBUG:root:Checking external document: https://pastfindersslc.org/upload/newsletters/201008V22N4.pdf
DEBUG:urllib3.connectionpool:Starting new HTTPS connection (1): pastfindersslc.org:443
DEBUG:urllib3.connectionpool:https://www.google.com:443 "GET /calendar/event?action=TEMPLATE&text=Research+Assistance&dates=20260729T130000/20260729T150000&details=Join+us+weekly+in+the+Genealogy+Room+for+in-person+help+with+your+research.+It%E2%80%99s+a+great+chance+to+get+one-on-one+guidance%2C+ask+questions%2C+and+connect+with+others+who+share+your+passion+for+family+history.&location=2525+Oakley+Seaver+Dr%2C+Clermont%2C+FL%2C+34711%2C+United+States&trp=false&sprop=https%3A%2F%2Fwordpress-810691-5571285.cloudwaysapps.com%2Fevents%2Fresearch-assistance-2025-08-27-2025-09-03-2025-09-10-2025-09-17-2025-09-24-2025-10-01-2025-10-08-2025-10-15-2025-10-22-2025-10-29-2025-11-05-2025-11-12-2025-11-19-2025-11-26-2025-12-03-2-22-2026-07-29%2F&sprop=name:Pastfinders&ctz=America%2FNew_York HTTP/1.1" 302 0
DEBUG:urllib3.connectionpool:Starting new HTTPS connection (1): calendar.google.com:443
DEBUG:urllib3.connectionpool:https://wordpress-810691-5571285.cloudwaysapps.com:443 "GET /resources/family-tree-heritage-9/ HTTP/1.1" 200 None
DEBUG:root:Successfully fetched https://wordpress-810691-5571285.cloudwaysapps.com/resources/family-tree-heritage-9/ (Content-Length: 38742)
DEBUG:charset_normalizer:Encoding detection: utf_8 is most likely the one.
DEBUG:root:Extracted 628 characters, 107 words from https://wordpress-810691-5571285.cloudwaysapps.com/resources/family-tree-heritage-9/
DEBUG:root:Using regex pattern: \b[a-zA-Z]{3,}\b
DEBUG:root:Found 87 words to check in https://wordpress-810691-5571285.cloudwaysapps.com/resources/family-tree-heritage-9/ (min_length=3)
DEBUG:root:Sample words from https://wordpress-810691-5571285.cloudwaysapps.com/resources/family-tree-heritage-9/: ['This', 'alert', 'Skip', 'content', 'Family', 'Tree', 'Heritage', 'June', 'Building', 'your']
DEBUG:root:Spell check results for https://wordpress-810691-5571285.cloudwaysapps.com/resources/family-tree-heritage-9/: 65 words checked, 22 skipped, 0 errors found
INFO:root:✅ Processed https://wordpress-810691-5571285.cloudwaysapps.com/resources/family-tree-heritage-9/: 0 errors found, 107 words checked
DEBUG:root:Attempting to fetch: https://wordpress-810691-5571285.cloudwaysapps.com/galleries/2014-celebrating-25-years/
Processing pages:  40%|███▉      | 151/381 [01:28<01:05,  3.49it/s]DEBUG:urllib3.connectionpool:https://pastfindersslc.org:443 "GET /upload/newsletters/201008V22N4.pdf HTTP/1.1" 200 922196
DEBUG:urllib3.connectionpool:https://calendar.google.com:443 "GET /calendar/event?action=TEMPLATE&text=Research+Assistance&dates=20260729T130000/20260729T150000&details=Join+us+weekly+in+the+Genealogy+Room+for+in-person+help+with+your+research.+It%E2%80%99s+a+great+chance+to+get+one-on-one+guidance,+ask+questions,+and+connect+with+others+who+share+your+passion+for+family+history.&location=2525+Oakley+Seaver+Dr,+Clermont,+FL,+34711,+United+States&trp=false&sprop=https://wordpress-810691-5571285.cloudwaysapps.com/events/research-assistance-2025-08-27-2025-09-03-2025-09-10-2025-09-17-2025-09-24-2025-10-01-2025-10-08-2025-10-15-2025-10-22-2025-10-29-2025-11-05-2025-11-12-2025-11-19-2025-11-26-2025-12-03-2-22-2026-07-29/&sprop=name:Pastfinders&ctz=America/New_York HTTP/1.1" 302 0
DEBUG:urllib3.connectionpool:Starting new HTTPS connection (1): accounts.google.com:443
DEBUG:urllib3.connectionpool:https://wordpress-810691-5571285.cloudwaysapps.com:443 "GET /galleries/2014-celebrating-25-years/ HTTP/1.1" 200 None
DEBUG:root:Successfully fetched https://wordpress-810691-5571285.cloudwaysapps.com/galleries/2014-celebrating-25-years/ (Content-Length: 52478)
DEBUG:charset_normalizer:Encoding detection: utf_8 is most likely the one.
DEBUG:urllib3.connectionpool:https://wordpress-810691-5571285.cloudwaysapps.com:443 "GET /wp-content/uploads/2025/08/DSCN4657_1525141184-1024x768.webp HTTP/1.1" 200 137294
DEBUG:root:Extracted 229 characters, 44 words from https://wordpress-810691-5571285.cloudwaysapps.com/galleries/2014-celebrating-25-years/
DEBUG:root:Checking internal image: https://wordpress-810691-5571285.cloudwaysapps.com/wp-content/uploads/2025/08/1406290328173_1525056676.webp
DEBUG:urllib3.connectionpool:Starting new HTTPS connection (1): wordpress-810691-5571285.cloudwaysapps.com:443
DEBUG:root:✅ Image OK: https://wordpress-810691-5571285.cloudwaysapps.com/wp-content/uploads/2025/08/DSCN4657_1525141184-1024x768.webp
DEBUG:root:Checking internal image: https://wordpress-810691-5571285.cloudwaysapps.com/wp-content/uploads/2025/08/DSCN4595_1524678348-1024x768.webp
DEBUG:urllib3.connectionpool:Starting new HTTPS connection (1): wordpress-810691-5571285.cloudwaysapps.com:443
DEBUG:urllib3.connectionpool:https://accounts.google.com:443 "GET /ServiceLogin?service=cl&passive=1209600&osid=1&continue=https://calendar.google.com/calendar/event?action%3DTEMPLATE%26text%3DResearch%2BAssistance%26dates%3D20260729T130000/20260729T150000%26details%3DJoin%2Bus%2Bweekly%2Bin%2Bthe%2BGenealogy%2BRoom%2Bfor%2Bin-person%2Bhelp%2Bwith%2Byour%2Bresearch.%2BIt%25E2%2580%2599s%2Ba%2Bgreat%2Bchance%2Bto%2Bget%2Bone-on-one%2Bguidance,%2Bask%2Bquestions,%2Band%2Bconnect%2Bwith%2Bothers%2Bwho%2Bshare%2Byour%2Bpassion%2Bfor%2Bfamily%2Bhistory.%26location%3D2525%2BOakley%2BSeaver%2BDr,%2BClermont,%2BFL,%2B34711,%2BUnited%2BStates%26trp%3Dfalse%26sprop%3Dhttps://wordpress-810691-5571285.cloudwaysapps.com/events/research-assistance-2025-08-27-2025-09-03-2025-09-10-2025-09-17-2025-09-24-2025-10-01-2025-10-08-2025-10-15-2025-10-22-2025-10-29-2025-11-05-2025-11-12-2025-11-19-2025-11-26-2025-12-03-2-22-2026-07-29/%26sprop%3Dname:Pastfinders%26ctz%3DAmerica/New_York&followup=https://calendar.google.com/calendar/event?action%3DTEMPLATE%26text%3DResearch%2BAssistance%26dates%3D20260729T130000/20260729T150000%26details%3DJoin%2Bus%2Bweekly%2Bin%2Bthe%2BGenealogy%2BRoom%2Bfor%2Bin-person%2Bhelp%2Bwith%2Byour%2Bresearch.%2BIt%25E2%2580%2599s%2Ba%2Bgreat%2Bchance%2Bto%2Bget%2Bone-on-one%2Bguidance,%2Bask%2Bquestions,%2Band%2Bconnect%2Bwith%2Bothers%2Bwho%2Bshare%2Byour%2Bpassion%2Bfor%2Bfamily%2Bhistory.%26location%3D2525%2BOakley%2BSeaver%2BDr,%2BClermont,%2BFL,%2B34711,%2BUnited%2BStates%26trp%3Dfalse%26sprop%3Dhttps://wordpress-810691-5571285.cloudwaysapps.com/events/research-assistance-2025-08-27-2025-09-03-2025-09-10-2025-09-17-2025-09-24-2025-10-01-2025-10-08-2025-10-15-2025-10-22-2025-10-29-2025-11-05-2025-11-12-2025-11-19-2025-11-26-2025-12-03-2-22-2026-07-29/%26sprop%3Dname:Pastfinders%26ctz%3DAmerica/New_York&emr=1 HTTP/1.1" 302 0
DEBUG:root:✅ Document OK: https://pastfindersslc.org/upload/newsletters/201008V22N4.pdf
DEBUG:root:Checking external document: https://pastfindersslc.org/upload/newsletters/201006V22N3.pdf
DEBUG:urllib3.connectionpool:Starting new HTTPS connection (1): pastfindersslc.org:443
DEBUG:urllib3.connectionpool:https://accounts.google.com:443 "GET /InteractiveLogin?continue=https://calendar.google.com/calendar/event?action%3DTEMPLATE%26text%3DResearch%2BAssistance%26dates%3D20260729T130000/20260729T150000%26details%3DJoin%2Bus%2Bweekly%2Bin%2Bthe%2BGenealogy%2BRoom%2Bfor%2Bin-person%2Bhelp%2Bwith%2Byour%2Bresearch.%2BIt%25E2%2580%2599s%2Ba%2Bgreat%2Bchance%2Bto%2Bget%2Bone-on-one%2Bguidance,%2Bask%2Bquestions,%2Band%2Bconnect%2Bwith%2Bothers%2Bwho%2Bshare%2Byour%2Bpassion%2Bfor%2Bfamily%2Bhistory.%26location%3D2525%2BOakley%2BSeaver%2BDr,%2BClermont,%2BFL,%2B34711,%2BUnited%2BStates%26trp%3Dfalse%26sprop%3Dhttps://wordpress-810691-5571285.cloudwaysapps.com/events/research-assistance-2025-08-27-2025-09-03-2025-09-10-2025-09-17-2025-09-24-2025-10-01-2025-10-08-2025-10-15-2025-10-22-2025-10-29-2025-11-05-2025-11-12-2025-11-19-2025-11-26-2025-12-03-2-22-2026-07-29/%26sprop%3Dname:Pastfinders%26ctz%3DAmerica/New_York&emr=1&followup=https://calendar.google.com/calendar/event?action%3DTEMPLATE%26text%3DResearch%2BAssistance%26dates%3D20260729T130000/20260729T150000%26details%3DJoin%2Bus%2Bweekly%2Bin%2Bthe%2BGenealogy%2BRoom%2Bfor%2Bin-person%2Bhelp%2Bwith%2Byour%2Bresearch.%2BIt%25E2%2580%2599s%2Ba%2Bgreat%2Bchance%2Bto%2Bget%2Bone-on-one%2Bguidance,%2Bask%2Bquestions,%2Band%2Bconnect%2Bwith%2Bothers%2Bwho%2Bshare%2Byour%2Bpassion%2Bfor%2Bfamily%2Bhistory.%26location%3D2525%2BOakley%2BSeaver%2BDr,%2BClermont,%2BFL,%2B34711,%2BUnited%2BStates%26trp%3Dfalse%26sprop%3Dhttps://wordpress-810691-5571285.cloudwaysapps.com/events/research-assistance-2025-08-27-2025-09-03-2025-09-10-2025-09-17-2025-09-24-2025-10-01-2025-10-08-2025-10-15-2025-10-22-2025-10-29-2025-11-05-2025-11-12-2025-11-19-2025-11-26-2025-12-03-2-22-2026-07-29/%26sprop%3Dname:Pastfinders%26ctz%3DAmerica/New_York&osid=1&passive=1209600&service=cl&ifkv=AdBytiNJjPHGW6Tem8ywUwvf06ru-prCXyOkml-6_TcJxcFv8cYs1hhyPjAsbcI-nu2NrMDyNvHtPw HTTP/1.1" 302 None
DEBUG:urllib3.connectionpool:https://accounts.google.com:443 "GET /v3/signin/identifier?continue=https%3A%2F%2Fcalendar.google.com%2Fcalendar%2Fevent%3Faction%3DTEMPLATE%26text%3DResearch%2BAssistance%26dates%3D20260729T130000%2F20260729T150000%26details%3DJoin%2Bus%2Bweekly%2Bin%2Bthe%2BGenealogy%2BRoom%2Bfor%2Bin-person%2Bhelp%2Bwith%2Byour%2Bresearch.%2BIt%25E2%2580%2599s%2Ba%2Bgreat%2Bchance%2Bto%2Bget%2Bone-on-one%2Bguidance%2C%2Bask%2Bquestions%2C%2Band%2Bconnect%2Bwith%2Bothers%2Bwho%2Bshare%2Byour%2Bpassion%2Bfor%2Bfamily%2Bhistory.%26location%3D2525%2BOakley%2BSeaver%2BDr%2C%2BClermont%2C%2BFL%2C%2B34711%2C%2BUnited%2BStates%26trp%3Dfalse%26sprop%3Dhttps%3A%2F%2Fwordpress-810691-5571285.cloudwaysapps.com%2Fevents%2Fresearch-assistance-2025-08-27-2025-09-03-2025-09-10-2025-09-17-2025-09-24-2025-10-01-2025-10-08-2025-10-15-2025-10-22-2025-10-29-2025-11-05-2025-11-12-2025-11-19-2025-11-26-2025-12-03-2-22-2026-07-29%2F%26sprop%3Dname%3APastfinders%26ctz%3DAmerica%2FNew_York&emr=1&followup=https%3A%2F%2Fcalendar.google.com%2Fcalendar%2Fevent%3Faction%3DTEMPLATE%26text%3DResearch%2BAssistance%26dates%3D20260729T130000%2F20260729T150000%26details%3DJoin%2Bus%2Bweekly%2Bin%2Bthe%2BGenealogy%2BRoom%2Bfor%2Bin-person%2Bhelp%2Bwith%2Byour%2Bresearch.%2BIt%25E2%2580%2599s%2Ba%2Bgreat%2Bchance%2Bto%2Bget%2Bone-on-one%2Bguidance%2C%2Bask%2Bquestions%2C%2Band%2Bconnect%2Bwith%2Bothers%2Bwho%2Bshare%2Byour%2Bpassion%2Bfor%2Bfamily%2Bhistory.%26location%3D2525%2BOakley%2BSeaver%2BDr%2C%2BClermont%2C%2BFL%2C%2B34711%2C%2BUnited%2BStates%26trp%3Dfalse%26sprop%3Dhttps%3A%2F%2Fwordpress-810691-5571285.cloudwaysapps.com%2Fevents%2Fresearch-assistance-2025-08-27-2025-09-03-2025-09-10-2025-09-17-2025-09-24-2025-10-01-2025-10-08-2025-10-15-2025-10-22-2025-10-29-2025-11-05-2025-11-12-2025-11-19-2025-11-26-2025-12-03-2-22-2026-07-29%2F%26sprop%3Dname%3APastfinders%26ctz%3DAmerica%2FNew_York&ifkv=AdBytiOQICNTm3OeJpgAyut6xS6sTZ5ZIcRo2VJonbY4UukmXk6yEzQjrXndJ4WMWGD2cCqes0O6aQ&osid=1&passive=1209600&service=cl&flowName=WebLiteSignIn&flowEntry=ServiceLogin&dsh=S622775550%3A1756758212636699 HTTP/1.1" 200 None
DEBUG:urllib3.connectionpool:https://pastfindersslc.org:443 "GET /upload/newsletters/201006V22N3.pdf HTTP/1.1" 200 907098
DEBUG:urllib3.connectionpool:https://wordpress-810691-5571285.cloudwaysapps.com:443 "GET /wp-content/uploads/2025/08/1406290328173_1525056676.webp HTTP/1.1" 200 26538
DEBUG:root:✅ Image OK: https://wordpress-810691-5571285.cloudwaysapps.com/wp-content/uploads/2025/08/1406290328173_1525056676.webp
DEBUG:root:Checking internal image: https://wordpress-810691-5571285.cloudwaysapps.com/wp-content/uploads/2025/08/IMG_0006_1566943758-1024x798.webp
DEBUG:urllib3.connectionpool:Starting new HTTPS connection (1): wordpress-810691-5571285.cloudwaysapps.com:443
DEBUG:root:✅ Hyperlink OK: https://www.google.com/calendar/event?action=TEMPLATE&text=Research+Assistance&dates=20260729T130000/20260729T150000&details=Join+us+weekly+in+the+Genealogy+Room+for+in-person+help+with+your+research.+It%E2%80%99s+a+great+chance+to+get+one-on-one+guidance%2C+ask+questions%2C+and+connect+with+others+who+share+your+passion+for+family+history.&location=2525+Oakley+Seaver+Dr%2C+Clermont%2C+FL%2C+34711%2C+United+States&trp=false&sprop=https%3A%2F%2Fwordpress-810691-5571285.cloudwaysapps.com%2Fevents%2Fresearch-assistance-2025-08-27-2025-09-03-2025-09-10-2025-09-17-2025-09-24-2025-10-01-2025-10-08-2025-10-15-2025-10-22-2025-10-29-2025-11-05-2025-11-12-2025-11-19-2025-11-26-2025-12-03-2-22-2026-07-29%2F&sprop=name:Pastfinders&ctz=America%2FNew_York
DEBUG:root:Checking external hyperlink: https://outlook.office.com/calendar/0/deeplink/compose?allday=false&body=Join+us+weekly+in+the+Genealogy+Room+for+in-person+help+with+your+research.+It%E2%80%99s+a+great+chance+to+get+one-on-one+guidance%2C+ask+questions%2C+and+connect+with+others+who+share+your+passion+for+family+history.&location=2525+Oakley+Seaver+Dr%2C+Clermont%2C+FL%2C+34711%2C+United+States&path=/calendar/action/compose&rru=addevent&startdt=2026-07-29T13%3A00%3A00-04%3A00&enddt=2026-07-29T15%3A00%3A00-04%3A00&subject=Research+Assistance
DEBUG:urllib3.connectionpool:Starting new HTTPS connection (1): outlook.office.com:443
DEBUG:urllib3.connectionpool:https://wordpress-810691-5571285.cloudwaysapps.com:443 "GET /wp-content/uploads/2025/08/DSCN4595_1524678348-1024x768.webp HTTP/1.1" 200 148978
DEBUG:root:✅ Document OK: https://pastfindersslc.org/upload/newsletters/201006V22N3.pdf
DEBUG:root:Checking external document: https://pastfindersslc.org/upload/newsletters/201004V22N2.pdf
DEBUG:urllib3.connectionpool:Starting new HTTPS connection (1): pastfindersslc.org:443
DEBUG:root:✅ Image OK: https://wordpress-810691-5571285.cloudwaysapps.com/wp-content/uploads/2025/08/DSCN4595_1524678348-1024x768.webp
DEBUG:root:Checking internal image: https://wordpress-810691-5571285.cloudwaysapps.com/wp-content/uploads/2025/08/DSCN4592_1524678126-1024x768.webp
DEBUG:urllib3.connectionpool:Starting new HTTPS connection (1): wordpress-810691-5571285.cloudwaysapps.com:443
DEBUG:urllib3.connectionpool:https://outlook.office.com:443 "GET /calendar/0/deeplink/compose?allday=false&body=Join+us+weekly+in+the+Genealogy+Room+for+in-person+help+with+your+research.+It%E2%80%99s+a+great+chance+to+get+one-on-one+guidance%2C+ask+questions%2C+and+connect+with+others+who+share+your+passion+for+family+history.&location=2525+Oakley+Seaver+Dr%2C+Clermont%2C+FL%2C+34711%2C+United+States&path=/calendar/action/compose&rru=addevent&startdt=2026-07-29T13%3A00%3A00-04%3A00&enddt=2026-07-29T15%3A00%3A00-04%3A00&subject=Research+Assistance HTTP/1.1" 200 None
DEBUG:urllib3.connectionpool:https://wordpress-810691-5571285.cloudwaysapps.com:443 "GET /wp-content/uploads/2025/08/IMG_0006_1566943758-1024x798.webp HTTP/1.1" 200 78698
DEBUG:root:✅ Hyperlink OK: https://outlook.office.com/calendar/0/deeplink/compose?allday=false&body=Join+us+weekly+in+the+Genealogy+Room+for+in-person+help+with+your+research.+It%E2%80%99s+a+great+chance+to+get+one-on-one+guidance%2C+ask+questions%2C+and+connect+with+others+who+share+your+passion+for+family+history.&location=2525+Oakley+Seaver+Dr%2C+Clermont%2C+FL%2C+34711%2C+United+States&path=/calendar/action/compose&rru=addevent&startdt=2026-07-29T13%3A00%3A00-04%3A00&enddt=2026-07-29T15%3A00%3A00-04%3A00&subject=Research+Assistance
DEBUG:root:Checking external hyperlink: https://outlook.live.com/calendar/0/deeplink/compose?allday=false&body=Join+us+weekly+in+the+Genealogy+Room+for+in-person+help+with+your+research.+It%E2%80%99s+a+great+chance+to+get+one-on-one+guidance%2C+ask+questions%2C+and+connect+with+others+who+share+your+passion+for+family+history.&location=2525+Oakley+Seaver+Dr%2C+Clermont%2C+FL%2C+34711%2C+United+States&path=/calendar/action/compose&rru=addevent&startdt=2026-07-29T13%3A00%3A00-04%3A00&enddt=2026-07-29T15%3A00%3A00-04%3A00&subject=Research+Assistance
DEBUG:urllib3.connectionpool:Starting new HTTPS connection (1): outlook.live.com:443
DEBUG:root:✅ Image OK: https://wordpress-810691-5571285.cloudwaysapps.com/wp-content/uploads/2025/08/IMG_0006_1566943758-1024x798.webp
DEBUG:root:Checking internal image: https://wordpress-810691-5571285.cloudwaysapps.com/wp-content/uploads/2025/08/IMG_0002_8_1566943758-1024x816.webp
DEBUG:urllib3.connectionpool:https://pastfindersslc.org:443 "GET /upload/newsletters/201004V22N2.pdf HTTP/1.1" 200 576702
DEBUG:urllib3.connectionpool:Starting new HTTPS connection (1): wordpress-810691-5571285.cloudwaysapps.com:443
DEBUG:urllib3.connectionpool:https://wordpress-810691-5571285.cloudwaysapps.com:443 "GET /galleries/2019-march-window-display/ HTTP/1.1" 200 None
DEBUG:root:Successfully fetched https://wordpress-810691-5571285.cloudwaysapps.com/galleries/2019-march-window-display/ (Content-Length: 47388)
DEBUG:charset_normalizer:Encoding detection: utf_8 is most likely the one.
DEBUG:root:Extracted 193 characters, 36 words from https://wordpress-810691-5571285.cloudwaysapps.com/galleries/2019-march-window-display/
DEBUG:root:Checking internal image: https://wordpress-810691-5571285.cloudwaysapps.com/wp-content/uploads/2025/08/March_2019_lobby_window_displY_9_1570502236-1024x434.webp
DEBUG:urllib3.connectionpool:Starting new HTTPS connection (1): wordpress-810691-5571285.cloudwaysapps.com:443
DEBUG:urllib3.connectionpool:https://wordpress-810691-5571285.cloudwaysapps.com:443 "GET /wp-content/uploads/2025/08/DSCN4592_1524678126-1024x768.webp HTTP/1.1" 200 171362
DEBUG:urllib3.connectionpool:https://outlook.live.com:443 "GET /calendar/0/deeplink/compose?allday=false&body=Join+us+weekly+in+the+Genealogy+Room+for+in-person+help+with+your+research.+It%E2%80%99s+a+great+chance+to+get+one-on-one+guidance%2C+ask+questions%2C+and+connect+with+others+who+share+your+passion+for+family+history.&location=2525+Oakley+Seaver+Dr%2C+Clermont%2C+FL%2C+34711%2C+United+States&path=/calendar/action/compose&rru=addevent&startdt=2026-07-29T13%3A00%3A00-04%3A00&enddt=2026-07-29T15%3A00%3A00-04%3A00&subject=Research+Assistance HTTP/1.1" 200 None
DEBUG:root:✅ Hyperlink OK: https://outlook.live.com/calendar/0/deeplink/compose?allday=false&body=Join+us+weekly+in+the+Genealogy+Room+for+in-person+help+with+your+research.+It%E2%80%99s+a+great+chance+to+get+one-on-one+guidance%2C+ask+questions%2C+and+connect+with+others+who+share+your+passion+for+family+history.&location=2525+Oakley+Seaver+Dr%2C+Clermont%2C+FL%2C+34711%2C+United+States&path=/calendar/action/compose&rru=addevent&startdt=2026-07-29T13%3A00%3A00-04%3A00&enddt=2026-07-29T15%3A00%3A00-04%3A00&subject=Research+Assistance
DEBUG:root:Using regex pattern: \b[a-zA-Z]{3,}\b
DEBUG:root:Found 58 words to check in https://wordpress-810691-5571285.cloudwaysapps.com/events/research-assistance-2025-08-27-2025-09-03-2025-09-10-2025-09-17-2025-09-24-2025-10-01-2025-10-08-2025-10-15-2025-10-22-2025-10-29-2025-11-05-2025-11-12-2025-11-19-2025-11-26-2025-12-03-2-22-2026-07-29/ (min_length=3)
DEBUG:root:Sample words from https://wordpress-810691-5571285.cloudwaysapps.com/events/research-assistance-2025-08-27-2025-09-03-2025-09-10-2025-09-17-2025-09-24-2025-10-01-2025-10-08-2025-10-15-2025-10-22-2025-10-29-2025-11-05-2025-11-12-2025-11-19-2025-11-26-2025-12-03-2-22-2026-07-29/: ['This', 'alert', 'Skip', 'content', 'Research', 'Assistance', 'When', 'July', 'Add', 'Calendar']
DEBUG:root:Spell check results for https://wordpress-810691-5571285.cloudwaysapps.com/events/research-assistance-2025-08-27-2025-09-03-2025-09-10-2025-09-17-2025-09-24-2025-10-01-2025-10-08-2025-10-15-2025-10-22-2025-10-29-2025-11-05-2025-11-12-2025-11-19-2025-11-26-2025-12-03-2-22-2026-07-29/: 30 words checked, 28 skipped, 0 errors found
INFO:root:✅ Processed https://wordpress-810691-5571285.cloudwaysapps.com/events/research-assistance-2025-08-27-2025-09-03-2025-09-10-2025-09-17-2025-09-24-2025-10-01-2025-10-08-2025-10-15-2025-10-22-2025-10-29-2025-11-05-2025-11-12-2025-11-19-2025-11-26-2025-12-03-2-22-2026-07-29/: 0 errors found, 85 words checked
DEBUG:root:Attempting to fetch: https://wordpress-810691-5571285.cloudwaysapps.com/galleries/2017-pastfinders-news/
Processing pages:  40%|███▉      | 152/381 [01:29<01:39,  2.31it/s]DEBUG:root:✅ Document OK: https://pastfindersslc.org/upload/newsletters/201004V22N2.pdf
DEBUG:root:Checking external document: https://pastfindersslc.org/upload/newsletters/Newsletter_2008_Volume_20_Num_2_Spring.pdf
DEBUG:urllib3.connectionpool:Starting new HTTPS connection (1): pastfindersslc.org:443
DEBUG:urllib3.connectionpool:https://wordpress-810691-5571285.cloudwaysapps.com:443 "GET /wp-content/uploads/2025/08/IMG_0002_8_1566943758-1024x816.webp HTTP/1.1" 200 71832
DEBUG:root:✅ Image OK: https://wordpress-810691-5571285.cloudwaysapps.com/wp-content/uploads/2025/08/DSCN4592_1524678126-1024x768.webp
DEBUG:root:Checking internal image: https://wordpress-810691-5571285.cloudwaysapps.com/wp-content/uploads/2025/08/DSCN4652_1525141113-1024x768.webp
DEBUG:root:✅ Image OK: https://wordpress-810691-5571285.cloudwaysapps.com/wp-content/uploads/2025/08/IMG_0002_8_1566943758-1024x816.webp
DEBUG:root:Checking internal image: https://wordpress-810691-5571285.cloudwaysapps.com/wp-content/uploads/2025/08/IMG_0002_1566943758-1024x863.webp
DEBUG:urllib3.connectionpool:Starting new HTTPS connection (1): wordpress-810691-5571285.cloudwaysapps.com:443
DEBUG:urllib3.connectionpool:Starting new HTTPS connection (1): wordpress-810691-5571285.cloudwaysapps.com:443
DEBUG:urllib3.connectionpool:https://wordpress-810691-5571285.cloudwaysapps.com:443 "GET /wp-content/uploads/2025/08/March_2019_lobby_window_displY_9_1570502236-1024x434.webp HTTP/1.1" 200 74778
DEBUG:urllib3.connectionpool:https://pastfindersslc.org:443 "GET /upload/newsletters/Newsletter_2008_Volume_20_Num_2_Spring.pdf HTTP/1.1" 200 5342460
DEBUG:root:✅ Image OK: https://wordpress-810691-5571285.cloudwaysapps.com/wp-content/uploads/2025/08/March_2019_lobby_window_displY_9_1570502236-1024x434.webp
DEBUG:root:Checking internal image: https://wordpress-810691-5571285.cloudwaysapps.com/wp-content/uploads/2025/08/March_2019_lobby_window_displY_11_1570502504-1024x803.webp
DEBUG:urllib3.connectionpool:Starting new HTTPS connection (1): wordpress-810691-5571285.cloudwaysapps.com:443
DEBUG:urllib3.connectionpool:https://wordpress-810691-5571285.cloudwaysapps.com:443 "GET /wp-content/uploads/2025/08/DSCN4652_1525141113-1024x768.webp HTTP/1.1" 200 174700
DEBUG:urllib3.connectionpool:https://wordpress-810691-5571285.cloudwaysapps.com:443 "GET /wp-content/uploads/2025/08/IMG_0002_1566943758-1024x863.webp HTTP/1.1" 200 59944
DEBUG:root:✅ Image OK: https://wordpress-810691-5571285.cloudwaysapps.com/wp-content/uploads/2025/08/IMG_0002_1566943758-1024x863.webp
DEBUG:root:Checking internal image: https://wordpress-810691-5571285.cloudwaysapps.com/wp-content/uploads/2025/08/1406290328565_1525056667.webp
DEBUG:urllib3.connectionpool:Starting new HTTPS connection (1): wordpress-810691-5571285.cloudwaysapps.com:443
DEBUG:root:✅ Image OK: https://wordpress-810691-5571285.cloudwaysapps.com/wp-content/uploads/2025/08/DSCN4652_1525141113-1024x768.webp
DEBUG:root:Checking internal image: https://wordpress-810691-5571285.cloudwaysapps.com/wp-content/uploads/2025/08/DSCN4654_1525141153-1024x768.webp
DEBUG:urllib3.connectionpool:https://wordpress-810691-5571285.cloudwaysapps.com:443 "GET /wp-content/uploads/2025/08/March_2019_lobby_window_displY_11_1570502504-1024x803.webp HTTP/1.1" 200 111360
DEBUG:urllib3.connectionpool:Starting new HTTPS connection (1): wordpress-810691-5571285.cloudwaysapps.com:443
DEBUG:root:✅ Image OK: https://wordpress-810691-5571285.cloudwaysapps.com/wp-content/uploads/2025/08/March_2019_lobby_window_displY_11_1570502504-1024x803.webp
DEBUG:root:Checking internal image: https://wordpress-810691-5571285.cloudwaysapps.com/wp-content/uploads/2025/08/March_2019_lobby_window_displY_42_1570502504-1024x817.webp
DEBUG:urllib3.connectionpool:Starting new HTTPS connection (1): wordpress-810691-5571285.cloudwaysapps.com:443
DEBUG:urllib3.connectionpool:https://wordpress-810691-5571285.cloudwaysapps.com:443 "GET /wp-content/uploads/2025/08/1406290328565_1525056667.webp HTTP/1.1" 200 26050
DEBUG:root:✅ Image OK: https://wordpress-810691-5571285.cloudwaysapps.com/wp-content/uploads/2025/08/1406290328565_1525056667.webp
DEBUG:root:Using regex pattern: \b[a-zA-Z]{3,}\b
DEBUG:root:Found 21 words to check in https://wordpress-810691-5571285.cloudwaysapps.com/galleries/2014-celebrating-25-years/ (min_length=3)
DEBUG:root:Sample words from https://wordpress-810691-5571285.cloudwaysapps.com/galleries/2014-celebrating-25-years/: ['This', 'alert', 'Skip', 'content', 'Celebrating', 'Years', 'images', 'Click', 'view', 'Click']
DEBUG:root:Spell check results for https://wordpress-810691-5571285.cloudwaysapps.com/galleries/2014-celebrating-25-years/: 8 words checked, 13 skipped, 0 errors found
INFO:root:✅ Processed https://wordpress-810691-5571285.cloudwaysapps.com/galleries/2014-celebrating-25-years/: 0 errors found, 44 words checked
DEBUG:root:Attempting to fetch: https://wordpress-810691-5571285.cloudwaysapps.com/resources/ancestry-dna-part-1-14-minutes/
Processing pages:  40%|████      | 153/381 [01:29<02:05,  1.82it/s]DEBUG:urllib3.connectionpool:https://wordpress-810691-5571285.cloudwaysapps.com:443 "GET /wp-content/uploads/2025/08/DSCN4654_1525141153-1024x768.webp HTTP/1.1" 200 142860
DEBUG:urllib3.connectionpool:https://wordpress-810691-5571285.cloudwaysapps.com:443 "GET /resources/ancestry-dna-part-1-14-minutes/ HTTP/1.1" 200 None
DEBUG:root:Successfully fetched https://wordpress-810691-5571285.cloudwaysapps.com/resources/ancestry-dna-part-1-14-minutes/ (Content-Length: 38765)
DEBUG:charset_normalizer:Encoding detection: utf_8 is most likely the one.
DEBUG:root:Extracted 566 characters, 103 words from https://wordpress-810691-5571285.cloudwaysapps.com/resources/ancestry-dna-part-1-14-minutes/
DEBUG:root:Using regex pattern: \b[a-zA-Z]{3,}\b
DEBUG:root:Found 77 words to check in https://wordpress-810691-5571285.cloudwaysapps.com/resources/ancestry-dna-part-1-14-minutes/ (min_length=3)
DEBUG:root:Sample words from https://wordpress-810691-5571285.cloudwaysapps.com/resources/ancestry-dna-part-1-14-minutes/: ['This', 'alert', 'Skip', 'content', 'Ancestry', 'DNA', 'Part', 'minutes', 'May', 'You']
DEBUG:root:Spell check results for https://wordpress-810691-5571285.cloudwaysapps.com/resources/ancestry-dna-part-1-14-minutes/: 52 words checked, 25 skipped, 0 errors found
INFO:root:✅ Processed https://wordpress-810691-5571285.cloudwaysapps.com/resources/ancestry-dna-part-1-14-minutes/: 0 errors found, 103 words checked
DEBUG:root:Attempting to fetch: https://wordpress-810691-5571285.cloudwaysapps.com/events/family-book-creator-special-interest-group-sig-2026-03-23/
Processing pages:  40%|████      | 154/381 [01:30<01:37,  2.32it/s]DEBUG:root:✅ Image OK: https://wordpress-810691-5571285.cloudwaysapps.com/wp-content/uploads/2025/08/DSCN4654_1525141153-1024x768.webp
DEBUG:root:Checking internal image: https://wordpress-810691-5571285.cloudwaysapps.com/wp-content/uploads/2025/08/DSCN4587_1524677787-1024x768.webp
DEBUG:urllib3.connectionpool:Starting new HTTPS connection (1): wordpress-810691-5571285.cloudwaysapps.com:443
DEBUG:urllib3.connectionpool:https://wordpress-810691-5571285.cloudwaysapps.com:443 "GET /wp-content/uploads/2025/08/March_2019_lobby_window_displY_42_1570502504-1024x817.webp HTTP/1.1" 200 119952
DEBUG:urllib3.connectionpool:https://wordpress-810691-5571285.cloudwaysapps.com:443 "GET /events/family-book-creator-special-interest-group-sig-2026-03-23/ HTTP/1.1" 200 None
DEBUG:root:Successfully fetched https://wordpress-810691-5571285.cloudwaysapps.com/events/family-book-creator-special-interest-group-sig-2026-03-23/ (Content-Length: 42523)
DEBUG:charset_normalizer:Encoding detection: utf_8 is most likely the one.
DEBUG:root:Extracted 844 characters, 141 words from https://wordpress-810691-5571285.cloudwaysapps.com/events/family-book-creator-special-interest-group-sig-2026-03-23/
DEBUG:root:Checking external hyperlink: https://www.google.com/calendar/event?action=TEMPLATE&text=Family+Book+Creator+Special+Interest+Group+%28SIG%29&dates=20260323T190000/20260323T200000&details=This+group+grew+out+of+our+original+FBC+Study+Group%2C+a+joint+effort+between+Pastfinders+and+Kinseekers.+For+now%2C+membership+is+limited+to+participants+of+that+original+group%2C+but+we+hope+to+welcome+more+members+in+the+future.&location=&trp=false&sprop=https%3A%2F%2Fwordpress-810691-5571285.cloudwaysapps.com%2Fevents%2Ffamily-book-creator-special-interest-group-sig-2026-03-23%2F&sprop=name:Pastfinders&ctz=America%2FNew_York
DEBUG:urllib3.connectionpool:Starting new HTTPS connection (1): www.google.com:443
DEBUG:root:✅ Image OK: https://wordpress-810691-5571285.cloudwaysapps.com/wp-content/uploads/2025/08/March_2019_lobby_window_displY_42_1570502504-1024x817.webp
DEBUG:root:Using regex pattern: \b[a-zA-Z]{3,}\b
DEBUG:root:Found 18 words to check in https://wordpress-810691-5571285.cloudwaysapps.com/galleries/2019-march-window-display/ (min_length=3)
DEBUG:root:Sample words from https://wordpress-810691-5571285.cloudwaysapps.com/galleries/2019-march-window-display/: ['This', 'alert', 'Skip', 'content', 'March', 'Window', 'Display', 'images', 'Click', 'view']
DEBUG:root:Spell check results for https://wordpress-810691-5571285.cloudwaysapps.com/galleries/2019-march-window-display/: 6 words checked, 12 skipped, 0 errors found
INFO:root:✅ Processed https://wordpress-810691-5571285.cloudwaysapps.com/galleries/2019-march-window-display/: 0 errors found, 36 words checked
DEBUG:root:Attempting to fetch: https://wordpress-810691-5571285.cloudwaysapps.com/galleries/2018-oct-family-history-month/
Processing pages:  41%|████      | 155/381 [01:30<01:18,  2.89it/s]DEBUG:urllib3.connectionpool:https://wordpress-810691-5571285.cloudwaysapps.com:443 "GET /galleries/2018-oct-family-history-month/ HTTP/1.1" 200 None
DEBUG:root:✅ Document OK: https://pastfindersslc.org/upload/newsletters/Newsletter_2008_Volume_20_Num_2_Spring.pdf
DEBUG:root:Checking external document: https://pastfindersslc.org/upload/newsletters/Newsletter_2008_Volume_20_Num_1__Winter.pdf
DEBUG:urllib3.connectionpool:Starting new HTTPS connection (1): pastfindersslc.org:443
DEBUG:root:Successfully fetched https://wordpress-810691-5571285.cloudwaysapps.com/galleries/2018-oct-family-history-month/ (Content-Length: 50451)
DEBUG:urllib3.connectionpool:https://www.google.com:443 "GET /calendar/event?action=TEMPLATE&text=Family+Book+Creator+Special+Interest+Group+%28SIG%29&dates=20260323T190000/20260323T200000&details=This+group+grew+out+of+our+original+FBC+Study+Group%2C+a+joint+effort+between+Pastfinders+and+Kinseekers.+For+now%2C+membership+is+limited+to+participants+of+that+original+group%2C+but+we+hope+to+welcome+more+members+in+the+future.&location=&trp=false&sprop=https%3A%2F%2Fwordpress-810691-5571285.cloudwaysapps.com%2Fevents%2Ffamily-book-creator-special-interest-group-sig-2026-03-23%2F&sprop=name:Pastfinders&ctz=America%2FNew_York HTTP/1.1" 302 0
DEBUG:charset_normalizer:Encoding detection: utf_8 is most likely the one.
DEBUG:urllib3.connectionpool:Starting new HTTPS connection (1): calendar.google.com:443
DEBUG:root:Extracted 216 characters, 41 words from https://wordpress-810691-5571285.cloudwaysapps.com/galleries/2018-oct-family-history-month/
DEBUG:root:Checking internal image: https://wordpress-810691-5571285.cloudwaysapps.com/wp-content/uploads/2025/08/20181005_105149_-_Copy_1555558548-1024x576.webp
DEBUG:urllib3.connectionpool:Starting new HTTPS connection (1): wordpress-810691-5571285.cloudwaysapps.com:443
DEBUG:urllib3.connectionpool:https://wordpress-810691-5571285.cloudwaysapps.com:443 "GET /wp-content/uploads/2025/08/DSCN4587_1524677787-1024x768.webp HTTP/1.1" 200 185612
DEBUG:root:✅ Image OK: https://wordpress-810691-5571285.cloudwaysapps.com/wp-content/uploads/2025/08/DSCN4587_1524677787-1024x768.webp
DEBUG:root:Checking internal image: https://wordpress-810691-5571285.cloudwaysapps.com/wp-content/uploads/2025/08/DSCN4660_1525141249-1024x768.webp
DEBUG:urllib3.connectionpool:https://pastfindersslc.org:443 "GET /upload/newsletters/Newsletter_2008_Volume_20_Num_1__Winter.pdf HTTP/1.1" 200 5365221
DEBUG:urllib3.connectionpool:Starting new HTTPS connection (1): wordpress-810691-5571285.cloudwaysapps.com:443
DEBUG:urllib3.connectionpool:https://calendar.google.com:443 "GET /calendar/event?action=TEMPLATE&text=Family+Book+Creator+Special+Interest+Group+(SIG)&dates=20260323T190000/20260323T200000&details=This+group+grew+out+of+our+original+FBC+Study+Group,+a+joint+effort+between+Pastfinders+and+Kinseekers.+For+now,+membership+is+limited+to+participants+of+that+original+group,+but+we+hope+to+welcome+more+members+in+the+future.&location&trp=false&sprop=https://wordpress-810691-5571285.cloudwaysapps.com/events/family-book-creator-special-interest-group-sig-2026-03-23/&sprop=name:Pastfinders&ctz=America/New_York HTTP/1.1" 302 0
DEBUG:urllib3.connectionpool:Starting new HTTPS connection (1): accounts.google.com:443
DEBUG:urllib3.connectionpool:https://wordpress-810691-5571285.cloudwaysapps.com:443 "GET /wp-content/uploads/2025/08/20181005_105149_-_Copy_1555558548-1024x576.webp HTTP/1.1" 200 108494
DEBUG:urllib3.connectionpool:https://accounts.google.com:443 "GET /ServiceLogin?service=cl&passive=1209600&osid=1&continue=https://calendar.google.com/calendar/event?action%3DTEMPLATE%26text%3DFamily%2BBook%2BCreator%2BSpecial%2BInterest%2BGroup%2B(SIG)%26dates%3D20260323T190000/20260323T200000%26details%3DThis%2Bgroup%2Bgrew%2Bout%2Bof%2Bour%2Boriginal%2BFBC%2BStudy%2BGroup,%2Ba%2Bjoint%2Beffort%2Bbetween%2BPastfinders%2Band%2BKinseekers.%2BFor%2Bnow,%2Bmembership%2Bis%2Blimited%2Bto%2Bparticipants%2Bof%2Bthat%2Boriginal%2Bgroup,%2Bbut%2Bwe%2Bhope%2Bto%2Bwelcome%2Bmore%2Bmembers%2Bin%2Bthe%2Bfuture.%26location%26trp%3Dfalse%26sprop%3Dhttps://wordpress-810691-5571285.cloudwaysapps.com/events/family-book-creator-special-interest-group-sig-2026-03-23/%26sprop%3Dname:Pastfinders%26ctz%3DAmerica/New_York&followup=https://calendar.google.com/calendar/event?action%3DTEMPLATE%26text%3DFamily%2BBook%2BCreator%2BSpecial%2BInterest%2BGroup%2B(SIG)%26dates%3D20260323T190000/20260323T200000%26details%3DThis%2Bgroup%2Bgrew%2Bout%2Bof%2Bour%2Boriginal%2BFBC%2BStudy%2BGroup,%2Ba%2Bjoint%2Beffort%2Bbetween%2BPastfinders%2Band%2BKinseekers.%2BFor%2Bnow,%2Bmembership%2Bis%2Blimited%2Bto%2Bparticipants%2Bof%2Bthat%2Boriginal%2Bgroup,%2Bbut%2Bwe%2Bhope%2Bto%2Bwelcome%2Bmore%2Bmembers%2Bin%2Bthe%2Bfuture.%26location%26trp%3Dfalse%26sprop%3Dhttps://wordpress-810691-5571285.cloudwaysapps.com/events/family-book-creator-special-interest-group-sig-2026-03-23/%26sprop%3Dname:Pastfinders%26ctz%3DAmerica/New_York&emr=1 HTTP/1.1" 302 0
DEBUG:root:✅ Image OK: https://wordpress-810691-5571285.cloudwaysapps.com/wp-content/uploads/2025/08/20181005_105149_-_Copy_1555558548-1024x576.webp
DEBUG:root:Checking internal image: https://wordpress-810691-5571285.cloudwaysapps.com/wp-content/uploads/2025/08/20181005_105140_1555558508-1024x576.webp
DEBUG:urllib3.connectionpool:https://accounts.google.com:443 "GET /InteractiveLogin?continue=https://calendar.google.com/calendar/event?action%3DTEMPLATE%26text%3DFamily%2BBook%2BCreator%2BSpecial%2BInterest%2BGroup%2B(SIG)%26dates%3D20260323T190000/20260323T200000%26details%3DThis%2Bgroup%2Bgrew%2Bout%2Bof%2Bour%2Boriginal%2BFBC%2BStudy%2BGroup,%2Ba%2Bjoint%2Beffort%2Bbetween%2BPastfinders%2Band%2BKinseekers.%2BFor%2Bnow,%2Bmembership%2Bis%2Blimited%2Bto%2Bparticipants%2Bof%2Bthat%2Boriginal%2Bgroup,%2Bbut%2Bwe%2Bhope%2Bto%2Bwelcome%2Bmore%2Bmembers%2Bin%2Bthe%2Bfuture.%26location%26trp%3Dfalse%26sprop%3Dhttps://wordpress-810691-5571285.cloudwaysapps.com/events/family-book-creator-special-interest-group-sig-2026-03-23/%26sprop%3Dname:Pastfinders%26ctz%3DAmerica/New_York&emr=1&followup=https://calendar.google.com/calendar/event?action%3DTEMPLATE%26text%3DFamily%2BBook%2BCreator%2BSpecial%2BInterest%2BGroup%2B(SIG)%26dates%3D20260323T190000/20260323T200000%26details%3DThis%2Bgroup%2Bgrew%2Bout%2Bof%2Bour%2Boriginal%2BFBC%2BStudy%2BGroup,%2Ba%2Bjoint%2Beffort%2Bbetween%2BPastfinders%2Band%2BKinseekers.%2BFor%2Bnow,%2Bmembership%2Bis%2Blimited%2Bto%2Bparticipants%2Bof%2Bthat%2Boriginal%2Bgroup,%2Bbut%2Bwe%2Bhope%2Bto%2Bwelcome%2Bmore%2Bmembers%2Bin%2Bthe%2Bfuture.%26location%26trp%3Dfalse%26sprop%3Dhttps://wordpress-810691-5571285.cloudwaysapps.com/events/family-book-creator-special-interest-group-sig-2026-03-23/%26sprop%3Dname:Pastfinders%26ctz%3DAmerica/New_York&osid=1&passive=1209600&service=cl&ifkv=AdBytiPEh1EF6B1JEMlqUaylHwPkDfV6xmVkvLgetnGCxs6Oc499oSAR7E7tQ-VOrV5ztx1TOOOYaA HTTP/1.1" 302 None
DEBUG:urllib3.connectionpool:Starting new HTTPS connection (1): wordpress-810691-5571285.cloudwaysapps.com:443
DEBUG:urllib3.connectionpool:https://wordpress-810691-5571285.cloudwaysapps.com:443 "GET /wp-content/uploads/2025/08/DSCN4660_1525141249-1024x768.webp HTTP/1.1" 200 153478
DEBUG:urllib3.connectionpool:https://accounts.google.com:443 "GET /v3/signin/identifier?continue=https%3A%2F%2Fcalendar.google.com%2Fcalendar%2Fevent%3Faction%3DTEMPLATE%26text%3DFamily%2BBook%2BCreator%2BSpecial%2BInterest%2BGroup%2B%28SIG%29%26dates%3D20260323T190000%2F20260323T200000%26details%3DThis%2Bgroup%2Bgrew%2Bout%2Bof%2Bour%2Boriginal%2BFBC%2BStudy%2BGroup%2C%2Ba%2Bjoint%2Beffort%2Bbetween%2BPastfinders%2Band%2BKinseekers.%2BFor%2Bnow%2C%2Bmembership%2Bis%2Blimited%2Bto%2Bparticipants%2Bof%2Bthat%2Boriginal%2Bgroup%2C%2Bbut%2Bwe%2Bhope%2Bto%2Bwelcome%2Bmore%2Bmembers%2Bin%2Bthe%2Bfuture.%26location%26trp%3Dfalse%26sprop%3Dhttps%3A%2F%2Fwordpress-810691-5571285.cloudwaysapps.com%2Fevents%2Ffamily-book-creator-special-interest-group-sig-2026-03-23%2F%26sprop%3Dname%3APastfinders%26ctz%3DAmerica%2FNew_York&emr=1&followup=https%3A%2F%2Fcalendar.google.com%2Fcalendar%2Fevent%3Faction%3DTEMPLATE%26text%3DFamily%2BBook%2BCreator%2BSpecial%2BInterest%2BGroup%2B%28SIG%29%26dates%3D20260323T190000%2F20260323T200000%26details%3DThis%2Bgroup%2Bgrew%2Bout%2Bof%2Bour%2Boriginal%2BFBC%2BStudy%2BGroup%2C%2Ba%2Bjoint%2Beffort%2Bbetween%2BPastfinders%2Band%2BKinseekers.%2BFor%2Bnow%2C%2Bmembership%2Bis%2Blimited%2Bto%2Bparticipants%2Bof%2Bthat%2Boriginal%2Bgroup%2C%2Bbut%2Bwe%2Bhope%2Bto%2Bwelcome%2Bmore%2Bmembers%2Bin%2Bthe%2Bfuture.%26location%26trp%3Dfalse%26sprop%3Dhttps%3A%2F%2Fwordpress-810691-5571285.cloudwaysapps.com%2Fevents%2Ffamily-book-creator-special-interest-group-sig-2026-03-23%2F%26sprop%3Dname%3APastfinders%26ctz%3DAmerica%2FNew_York&ifkv=AdBytiOayirMBo02CaF6e_lsXn7gM4zY0FMh2cva937xxWGQRH_hnbXErhs_4EQOTCrX__sr49gd7Q&osid=1&passive=1209600&service=cl&flowName=WebLiteSignIn&flowEntry=ServiceLogin&dsh=S991229086%3A1756758214795368 HTTP/1.1" 200 None
DEBUG:root:✅ Hyperlink OK: https://www.google.com/calendar/event?action=TEMPLATE&text=Family+Book+Creator+Special+Interest+Group+%28SIG%29&dates=20260323T190000/20260323T200000&details=This+group+grew+out+of+our+original+FBC+Study+Group%2C+a+joint+effort+between+Pastfinders+and+Kinseekers.+For+now%2C+membership+is+limited+to+participants+of+that+original+group%2C+but+we+hope+to+welcome+more+members+in+the+future.&location=&trp=false&sprop=https%3A%2F%2Fwordpress-810691-5571285.cloudwaysapps.com%2Fevents%2Ffamily-book-creator-special-interest-group-sig-2026-03-23%2F&sprop=name:Pastfinders&ctz=America%2FNew_York
DEBUG:root:Checking external hyperlink: https://outlook.office.com/calendar/0/deeplink/compose?allday=false&body=This+group+grew+out+of+our+original+FBC+Study+Group%2C+a+joint+effort+between+Pastfinders+and+Kinseekers.+For+now%2C+membership+is+limited+to+participants+of+that+original+group%2C+but+we+hope+to+welcome+more+members+in+the+future.&location=&path=/calendar/action/compose&rru=addevent&startdt=2026-03-23T19%3A00%3A00-04%3A00&enddt=2026-03-23T20%3A00%3A00-04%3A00&subject=Family+Book+Creator+Special+Interest+Group+%28SIG%29
DEBUG:urllib3.connectionpool:Starting new HTTPS connection (1): outlook.office.com:443
DEBUG:root:✅ Image OK: https://wordpress-810691-5571285.cloudwaysapps.com/wp-content/uploads/2025/08/DSCN4660_1525141249-1024x768.webp
DEBUG:root:Checking internal image: https://wordpress-810691-5571285.cloudwaysapps.com/wp-content/uploads/2025/08/DSCN4664_1525141289-1024x768.webp
DEBUG:urllib3.connectionpool:Starting new HTTPS connection (1): wordpress-810691-5571285.cloudwaysapps.com:443
DEBUG:urllib3.connectionpool:https://wordpress-810691-5571285.cloudwaysapps.com:443 "GET /wp-content/uploads/2025/08/20181005_105140_1555558508-1024x576.webp HTTP/1.1" 200 95976
DEBUG:root:✅ Image OK: https://wordpress-810691-5571285.cloudwaysapps.com/wp-content/uploads/2025/08/20181005_105140_1555558508-1024x576.webp
DEBUG:root:Checking internal image: https://wordpress-810691-5571285.cloudwaysapps.com/wp-content/uploads/2025/08/20181005_105123_Stitch_1555558494-1024x445.webp
DEBUG:urllib3.connectionpool:Starting new HTTPS connection (1): wordpress-810691-5571285.cloudwaysapps.com:443
DEBUG:urllib3.connectionpool:https://outlook.office.com:443 "GET /calendar/0/deeplink/compose?allday=false&body=This+group+grew+out+of+our+original+FBC+Study+Group%2C+a+joint+effort+between+Pastfinders+and+Kinseekers.+For+now%2C+membership+is+limited+to+participants+of+that+original+group%2C+but+we+hope+to+welcome+more+members+in+the+future.&location=&path=/calendar/action/compose&rru=addevent&startdt=2026-03-23T19%3A00%3A00-04%3A00&enddt=2026-03-23T20%3A00%3A00-04%3A00&subject=Family+Book+Creator+Special+Interest+Group+%28SIG%29 HTTP/1.1" 200 None
DEBUG:root:✅ Hyperlink OK: https://outlook.office.com/calendar/0/deeplink/compose?allday=false&body=This+group+grew+out+of+our+original+FBC+Study+Group%2C+a+joint+effort+between+Pastfinders+and+Kinseekers.+For+now%2C+membership+is+limited+to+participants+of+that+original+group%2C+but+we+hope+to+welcome+more+members+in+the+future.&location=&path=/calendar/action/compose&rru=addevent&startdt=2026-03-23T19%3A00%3A00-04%3A00&enddt=2026-03-23T20%3A00%3A00-04%3A00&subject=Family+Book+Creator+Special+Interest+Group+%28SIG%29
DEBUG:root:Checking external hyperlink: https://outlook.live.com/calendar/0/deeplink/compose?allday=false&body=This+group+grew+out+of+our+original+FBC+Study+Group%2C+a+joint+effort+between+Pastfinders+and+Kinseekers.+For+now%2C+membership+is+limited+to+participants+of+that+original+group%2C+but+we+hope+to+welcome+more+members+in+the+future.&location=&path=/calendar/action/compose&rru=addevent&startdt=2026-03-23T19%3A00%3A00-04%3A00&enddt=2026-03-23T20%3A00%3A00-04%3A00&subject=Family+Book+Creator+Special+Interest+Group+%28SIG%29
DEBUG:urllib3.connectionpool:Starting new HTTPS connection (1): outlook.live.com:443
DEBUG:urllib3.connectionpool:https://wordpress-810691-5571285.cloudwaysapps.com:443 "GET /wp-content/uploads/2025/08/DSCN4664_1525141289-1024x768.webp HTTP/1.1" 200 161742
DEBUG:root:✅ Document OK: https://pastfindersslc.org/upload/newsletters/Newsletter_2008_Volume_20_Num_1__Winter.pdf
DEBUG:root:Checking external document: https://pastfindersslc.org/upload/newsletters/sum2007.pdf
DEBUG:urllib3.connectionpool:Starting new HTTPS connection (1): pastfindersslc.org:443
DEBUG:urllib3.connectionpool:https://wordpress-810691-5571285.cloudwaysapps.com:443 "GET /galleries/2017-pastfinders-news/ HTTP/1.1" 200 None
DEBUG:root:Successfully fetched https://wordpress-810691-5571285.cloudwaysapps.com/galleries/2017-pastfinders-news/ (Content-Length: 82582)
DEBUG:urllib3.connectionpool:https://wordpress-810691-5571285.cloudwaysapps.com:443 "GET /wp-content/uploads/2025/08/20181005_105123_Stitch_1555558494-1024x445.webp HTTP/1.1" 200 84720
DEBUG:root:✅ Image OK: https://wordpress-810691-5571285.cloudwaysapps.com/wp-content/uploads/2025/08/DSCN4664_1525141289-1024x768.webp
DEBUG:root:Checking internal image: https://wordpress-810691-5571285.cloudwaysapps.com/wp-content/uploads/2025/08/DSCN4591_1524677980-1024x768.webp
DEBUG:charset_normalizer:Encoding detection: utf_8 is most likely the one.
DEBUG:urllib3.connectionpool:Starting new HTTPS connection (1): wordpress-810691-5571285.cloudwaysapps.com:443
DEBUG:urllib3.connectionpool:https://pastfindersslc.org:443 "GET /upload/newsletters/sum2007.pdf HTTP/1.1" 200 7472507
DEBUG:root:✅ Image OK: https://wordpress-810691-5571285.cloudwaysapps.com/wp-content/uploads/2025/08/20181005_105123_Stitch_1555558494-1024x445.webp
DEBUG:root:Checking internal image: https://wordpress-810691-5571285.cloudwaysapps.com/wp-content/uploads/2025/08/20181005_105123_1555558449-1024x576.webp
DEBUG:urllib3.connectionpool:Starting new HTTPS connection (1): wordpress-810691-5571285.cloudwaysapps.com:443
DEBUG:root:Extracted 498 characters, 107 words from https://wordpress-810691-5571285.cloudwaysapps.com/galleries/2017-pastfinders-news/
DEBUG:root:Checking internal image: https://wordpress-810691-5571285.cloudwaysapps.com/wp-content/uploads/2025/08/IMG_0034_1571799766-1024x578.webp
DEBUG:urllib3.connectionpool:Starting new HTTPS connection (1): wordpress-810691-5571285.cloudwaysapps.com:443
DEBUG:urllib3.connectionpool:https://outlook.live.com:443 "GET /calendar/0/deeplink/compose?allday=false&body=This+group+grew+out+of+our+original+FBC+Study+Group%2C+a+joint+effort+between+Pastfinders+and+Kinseekers.+For+now%2C+membership+is+limited+to+participants+of+that+original+group%2C+but+we+hope+to+welcome+more+members+in+the+future.&location=&path=/calendar/action/compose&rru=addevent&startdt=2026-03-23T19%3A00%3A00-04%3A00&enddt=2026-03-23T20%3A00%3A00-04%3A00&subject=Family+Book+Creator+Special+Interest+Group+%28SIG%29 HTTP/1.1" 200 None
DEBUG:root:✅ Hyperlink OK: https://outlook.live.com/calendar/0/deeplink/compose?allday=false&body=This+group+grew+out+of+our+original+FBC+Study+Group%2C+a+joint+effort+between+Pastfinders+and+Kinseekers.+For+now%2C+membership+is+limited+to+participants+of+that+original+group%2C+but+we+hope+to+welcome+more+members+in+the+future.&location=&path=/calendar/action/compose&rru=addevent&startdt=2026-03-23T19%3A00%3A00-04%3A00&enddt=2026-03-23T20%3A00%3A00-04%3A00&subject=Family+Book+Creator+Special+Interest+Group+%28SIG%29
DEBUG:root:Using regex pattern: \b[a-zA-Z]{3,}\b
DEBUG:root:Found 109 words to check in https://wordpress-810691-5571285.cloudwaysapps.com/events/family-book-creator-special-interest-group-sig-2026-03-23/ (min_length=3)
DEBUG:root:Sample words from https://wordpress-810691-5571285.cloudwaysapps.com/events/family-book-creator-special-interest-group-sig-2026-03-23/: ['This', 'alert', 'Skip', 'content', 'Family', 'Book', 'Creator', 'Special', 'Interest', 'Group']
DEBUG:root:Spell check results for https://wordpress-810691-5571285.cloudwaysapps.com/events/family-book-creator-special-interest-group-sig-2026-03-23/: 62 words checked, 47 skipped, 0 errors found
INFO:root:✅ Processed https://wordpress-810691-5571285.cloudwaysapps.com/events/family-book-creator-special-interest-group-sig-2026-03-23/: 0 errors found, 141 words checked
DEBUG:root:Attempting to fetch: https://wordpress-810691-5571285.cloudwaysapps.com/events/family-history-research-beginning-genealogy-class-1-of-3/
Processing pages:  41%|████      | 156/381 [01:31<02:25,  1.55it/s]DEBUG:urllib3.connectionpool:https://wordpress-810691-5571285.cloudwaysapps.com:443 "GET /events/family-history-research-beginning-genealogy-class-1-of-3/ HTTP/1.1" 200 None
DEBUG:root:Successfully fetched https://wordpress-810691-5571285.cloudwaysapps.com/events/family-history-research-beginning-genealogy-class-1-of-3/ (Content-Length: 43074)
DEBUG:charset_normalizer:Encoding detection: utf_8 is most likely the one.
DEBUG:root:Extracted 1064 characters, 165 words from https://wordpress-810691-5571285.cloudwaysapps.com/events/family-history-research-beginning-genealogy-class-1-of-3/
DEBUG:root:Checking external hyperlink: https://www.google.com/calendar/event?action=TEMPLATE&text=Family+History+Research%3A+Beginning+Genealogy+Class+1+of+3&dates=20250903T130000/20250903T150000&details=Why+did+our+ancestors+venture+to+America%3F%C2%A0+Their+important+reasons+drive+research+to+find+out+more+about+them.%C2%A0+Understand+the+research+process+and+learn+the+steps%21%C2%A0&location=&trp=false&sprop=https%3A%2F%2Fwordpress-810691-5571285.cloudwaysapps.com%2Fevents%2Ffamily-history-research-beginning-genealogy-class-1-of-3%2F&sprop=name:Pastfinders&ctz=America%2FNew_York
DEBUG:urllib3.connectionpool:Starting new HTTPS connection (1): www.google.com:443
DEBUG:urllib3.connectionpool:https://wordpress-810691-5571285.cloudwaysapps.com:443 "GET /wp-content/uploads/2025/08/DSCN4591_1524677980-1024x768.webp HTTP/1.1" 200 182588
DEBUG:urllib3.connectionpool:https://wordpress-810691-5571285.cloudwaysapps.com:443 "GET /wp-content/uploads/2025/08/20181005_105123_1555558449-1024x576.webp HTTP/1.1" 200 100528
DEBUG:urllib3.connectionpool:https://wordpress-810691-5571285.cloudwaysapps.com:443 "GET /wp-content/uploads/2025/08/IMG_0034_1571799766-1024x578.webp HTTP/1.1" 200 104130
DEBUG:urllib3.connectionpool:https://www.google.com:443 "GET /calendar/event?action=TEMPLATE&text=Family+History+Research%3A+Beginning+Genealogy+Class+1+of+3&dates=20250903T130000/20250903T150000&details=Why+did+our+ancestors+venture+to+America%3F%C2%A0+Their+important+reasons+drive+research+to+find+out+more+about+them.%C2%A0+Understand+the+research+process+and+learn+the+steps%21%C2%A0&location=&trp=false&sprop=https%3A%2F%2Fwordpress-810691-5571285.cloudwaysapps.com%2Fevents%2Ffamily-history-research-beginning-genealogy-class-1-of-3%2F&sprop=name:Pastfinders&ctz=America%2FNew_York HTTP/1.1" 302 0
DEBUG:urllib3.connectionpool:Starting new HTTPS connection (1): calendar.google.com:443
DEBUG:root:✅ Image OK: https://wordpress-810691-5571285.cloudwaysapps.com/wp-content/uploads/2025/08/DSCN4591_1524677980-1024x768.webp
DEBUG:root:Using regex pattern: \b[a-zA-Z]{3,}\b
DEBUG:root:Found 31 words to check in https://wordpress-810691-5571285.cloudwaysapps.com/galleries/2018-boy-scout-genealogy-merit/ (min_length=3)
DEBUG:root:Sample words from https://wordpress-810691-5571285.cloudwaysapps.com/galleries/2018-boy-scout-genealogy-merit/: ['This', 'alert', 'Skip', 'content', 'Boy', 'Scout', 'Genealogy', 'Merit', 'images', 'Click']
DEBUG:root:Spell check results for https://wordpress-810691-5571285.cloudwaysapps.com/galleries/2018-boy-scout-genealogy-merit/: 12 words checked, 19 skipped, 0 errors found
INFO:root:✅ Processed https://wordpress-810691-5571285.cloudwaysapps.com/galleries/2018-boy-scout-genealogy-merit/: 0 errors found, 61 words checked
DEBUG:root:Attempting to fetch: https://wordpress-810691-5571285.cloudwaysapps.com/events/preserving-local-history-2026-06-24/
Processing pages:  41%|████      | 157/381 [01:31<02:01,  1.85it/s]DEBUG:root:✅ Image OK: https://wordpress-810691-5571285.cloudwaysapps.com/wp-content/uploads/2025/08/IMG_0034_1571799766-1024x578.webp
DEBUG:root:Checking internal image: https://wordpress-810691-5571285.cloudwaysapps.com/wp-content/uploads/2025/08/IMG_0036_9_1571799766-1024x809.webp
DEBUG:root:✅ Image OK: https://wordpress-810691-5571285.cloudwaysapps.com/wp-content/uploads/2025/08/20181005_105123_1555558449-1024x576.webp
DEBUG:root:Using regex pattern: \b[a-zA-Z]{3,}\b
DEBUG:root:Found 21 words to check in https://wordpress-810691-5571285.cloudwaysapps.com/galleries/2018-oct-family-history-month/ (min_length=3)
DEBUG:root:Sample words from https://wordpress-810691-5571285.cloudwaysapps.com/galleries/2018-oct-family-history-month/: ['This', 'alert', 'Skip', 'content', 'Oct', 'Family', 'History', 'Month', 'images', 'Click']
DEBUG:root:Spell check results for https://wordpress-810691-5571285.cloudwaysapps.com/galleries/2018-oct-family-history-month/: 7 words checked, 14 skipped, 0 errors found
INFO:root:✅ Processed https://wordpress-810691-5571285.cloudwaysapps.com/galleries/2018-oct-family-history-month/: 0 errors found, 41 words checked
DEBUG:root:Attempting to fetch: https://wordpress-810691-5571285.cloudwaysapps.com/libraries/national-zip-code-book-vol-2-nebraska-wyoming/
DEBUG:urllib3.connectionpool:Starting new HTTPS connection (1): wordpress-810691-5571285.cloudwaysapps.com:443
DEBUG:urllib3.connectionpool:https://wordpress-810691-5571285.cloudwaysapps.com:443 "GET /events/preserving-local-history-2026-06-24/ HTTP/1.1" 200 None
DEBUG:root:Successfully fetched https://wordpress-810691-5571285.cloudwaysapps.com/events/preserving-local-history-2026-06-24/ (Content-Length: 43610)
DEBUG:charset_normalizer:Encoding detection: utf_8 is most likely the one.
DEBUG:root:Extracted 443 characters, 65 words from https://wordpress-810691-5571285.cloudwaysapps.com/events/preserving-local-history-2026-06-24/
DEBUG:root:Checking external hyperlink: https://www.google.com/calendar/event?action=TEMPLATE&text=Preserving+Local+History&dates=20260624T100000/20260624T120000&details=Help+in+the+preservation+of+our+local+history+and+collections%2C+including+transcriptionists%2C+preservationists%2C+digitizers%2C+and+organization%C2%A0projects.&location=2525+Oakley+Seaver+Dr%2C+Clermont%2C+FL%2C+34711%2C+United+States&trp=false&sprop=https%3A%2F%2Fwordpress-810691-5571285.cloudwaysapps.com%2Fevents%2Fpreserving-local-history-2026-06-24%2F&sprop=name:Pastfinders&ctz=America%2FNew_York
DEBUG:urllib3.connectionpool:https://calendar.google.com:443 "GET /calendar/event?action=TEMPLATE&text=Family+History+Research:+Beginning+Genealogy+Class+1+of+3&dates=20250903T130000/20250903T150000&details=Why+did+our+ancestors+venture+to+America?%C2%A0+Their+important+reasons+drive+research+to+find+out+more+about+them.%C2%A0+Understand+the+research+process+and+learn+the+steps!%C2%A0&location&trp=false&sprop=https://wordpress-810691-5571285.cloudwaysapps.com/events/family-history-research-beginning-genealogy-class-1-of-3/&sprop=name:Pastfinders&ctz=America/New_York HTTP/1.1" 302 0
DEBUG:urllib3.connectionpool:Starting new HTTPS connection (1): www.google.com:443
DEBUG:urllib3.connectionpool:Starting new HTTPS connection (1): accounts.google.com:443
DEBUG:urllib3.connectionpool:https://wordpress-810691-5571285.cloudwaysapps.com:443 "GET /libraries/national-zip-code-book-vol-2-nebraska-wyoming/ HTTP/1.1" 200 None
DEBUG:root:Successfully fetched https://wordpress-810691-5571285.cloudwaysapps.com/libraries/national-zip-code-book-vol-2-nebraska-wyoming/ (Content-Length: 38668)
DEBUG:charset_normalizer:Encoding detection: utf_8 is most likely the one.
DEBUG:root:Extracted 329 characters, 56 words from https://wordpress-810691-5571285.cloudwaysapps.com/libraries/national-zip-code-book-vol-2-nebraska-wyoming/
DEBUG:root:Using regex pattern: \b[a-zA-Z]{3,}\b
DEBUG:root:Found 42 words to check in https://wordpress-810691-5571285.cloudwaysapps.com/libraries/national-zip-code-book-vol-2-nebraska-wyoming/ (min_length=3)
DEBUG:root:Sample words from https://wordpress-810691-5571285.cloudwaysapps.com/libraries/national-zip-code-book-vol-2-nebraska-wyoming/: ['This', 'alert', 'Skip', 'content', 'National', 'ZIP', 'CODE', 'book', 'Vol', 'Nebraska']
DEBUG:root:Spell check results for https://wordpress-810691-5571285.cloudwaysapps.com/libraries/national-zip-code-book-vol-2-nebraska-wyoming/: 23 words checked, 19 skipped, 0 errors found
INFO:root:✅ Processed https://wordpress-810691-5571285.cloudwaysapps.com/libraries/national-zip-code-book-vol-2-nebraska-wyoming/: 0 errors found, 56 words checked
DEBUG:root:Attempting to fetch: https://wordpress-810691-5571285.cloudwaysapps.com/events/family-book-creator-special-interest-group-sig-2026-08-24/
Processing pages:  42%|████▏     | 159/381 [01:31<01:12,  3.05it/s]DEBUG:urllib3.connectionpool:https://wordpress-810691-5571285.cloudwaysapps.com:443 "GET /events/family-book-creator-special-interest-group-sig-2026-08-24/ HTTP/1.1" 200 None
DEBUG:root:Successfully fetched https://wordpress-810691-5571285.cloudwaysapps.com/events/family-book-creator-special-interest-group-sig-2026-08-24/ (Content-Length: 42525)
DEBUG:charset_normalizer:Encoding detection: utf_8 is most likely the one.
DEBUG:root:Extracted 845 characters, 141 words from https://wordpress-810691-5571285.cloudwaysapps.com/events/family-book-creator-special-interest-group-sig-2026-08-24/
DEBUG:root:Checking external hyperlink: https://www.google.com/calendar/event?action=TEMPLATE&text=Family+Book+Creator+Special+Interest+Group+%28SIG%29&dates=20260824T190000/20260824T200000&details=This+group+grew+out+of+our+original+FBC+Study+Group%2C+a+joint+effort+between+Pastfinders+and+Kinseekers.+For+now%2C+membership+is+limited+to+participants+of+that+original+group%2C+but+we+hope+to+welcome+more+members+in+the+future.&location=&trp=false&sprop=https%3A%2F%2Fwordpress-810691-5571285.cloudwaysapps.com%2Fevents%2Ffamily-book-creator-special-interest-group-sig-2026-08-24%2F&sprop=name:Pastfinders&ctz=America%2FNew_York
DEBUG:root:✅ Document OK: https://pastfindersslc.org/upload/newsletters/sum2007.pdf
DEBUG:root:Checking external document: https://pastfindersslc.org/upload/newsletters/Spring_2007.pdf
DEBUG:urllib3.connectionpool:Starting new HTTPS connection (1): www.google.com:443
DEBUG:urllib3.connectionpool:Starting new HTTPS connection (1): pastfindersslc.org:443
DEBUG:urllib3.connectionpool:https://www.google.com:443 "GET /calendar/event?action=TEMPLATE&text=Preserving+Local+History&dates=20260624T100000/20260624T120000&details=Help+in+the+preservation+of+our+local+history+and+collections%2C+including+transcriptionists%2C+preservationists%2C+digitizers%2C+and+organization%C2%A0projects.&location=2525+Oakley+Seaver+Dr%2C+Clermont%2C+FL%2C+34711%2C+United+States&trp=false&sprop=https%3A%2F%2Fwordpress-810691-5571285.cloudwaysapps.com%2Fevents%2Fpreserving-local-history-2026-06-24%2F&sprop=name:Pastfinders&ctz=America%2FNew_York HTTP/1.1" 302 0
DEBUG:urllib3.connectionpool:Starting new HTTPS connection (1): calendar.google.com:443
DEBUG:urllib3.connectionpool:https://accounts.google.com:443 "GET /ServiceLogin?service=cl&passive=1209600&osid=1&continue=https://calendar.google.com/calendar/event?action%3DTEMPLATE%26text%3DFamily%2BHistory%2BResearch:%2BBeginning%2BGenealogy%2BClass%2B1%2Bof%2B3%26dates%3D20250903T130000/20250903T150000%26details%3DWhy%2Bdid%2Bour%2Bancestors%2Bventure%2Bto%2BAmerica?%25C2%25A0%2BTheir%2Bimportant%2Breasons%2Bdrive%2Bresearch%2Bto%2Bfind%2Bout%2Bmore%2Babout%2Bthem.%25C2%25A0%2BUnderstand%2Bthe%2Bresearch%2Bprocess%2Band%2Blearn%2Bthe%2Bsteps!%25C2%25A0%26location%26trp%3Dfalse%26sprop%3Dhttps://wordpress-810691-5571285.cloudwaysapps.com/events/family-history-research-beginning-genealogy-class-1-of-3/%26sprop%3Dname:Pastfinders%26ctz%3DAmerica/New_York&followup=https://calendar.google.com/calendar/event?action%3DTEMPLATE%26text%3DFamily%2BHistory%2BResearch:%2BBeginning%2BGenealogy%2BClass%2B1%2Bof%2B3%26dates%3D20250903T130000/20250903T150000%26details%3DWhy%2Bdid%2Bour%2Bancestors%2Bventure%2Bto%2BAmerica?%25C2%25A0%2BTheir%2Bimportant%2Breasons%2Bdrive%2Bresearch%2Bto%2Bfind%2Bout%2Bmore%2Babout%2Bthem.%25C2%25A0%2BUnderstand%2Bthe%2Bresearch%2Bprocess%2Band%2Blearn%2Bthe%2Bsteps!%25C2%25A0%26location%26trp%3Dfalse%26sprop%3Dhttps://wordpress-810691-5571285.cloudwaysapps.com/events/family-history-research-beginning-genealogy-class-1-of-3/%26sprop%3Dname:Pastfinders%26ctz%3DAmerica/New_York&emr=1 HTTP/1.1" 302 0
DEBUG:urllib3.connectionpool:https://wordpress-810691-5571285.cloudwaysapps.com:443 "GET /wp-content/uploads/2025/08/IMG_0036_9_1571799766-1024x809.webp HTTP/1.1" 200 216748
DEBUG:urllib3.connectionpool:https://accounts.google.com:443 "GET /InteractiveLogin?continue=https://calendar.google.com/calendar/event?action%3DTEMPLATE%26text%3DFamily%2BHistory%2BResearch:%2BBeginning%2BGenealogy%2BClass%2B1%2Bof%2B3%26dates%3D20250903T130000/20250903T150000%26details%3DWhy%2Bdid%2Bour%2Bancestors%2Bventure%2Bto%2BAmerica?%25C2%25A0%2BTheir%2Bimportant%2Breasons%2Bdrive%2Bresearch%2Bto%2Bfind%2Bout%2Bmore%2Babout%2Bthem.%25C2%25A0%2BUnderstand%2Bthe%2Bresearch%2Bprocess%2Band%2Blearn%2Bthe%2Bsteps!%25C2%25A0%26location%26trp%3Dfalse%26sprop%3Dhttps://wordpress-810691-5571285.cloudwaysapps.com/events/family-history-research-beginning-genealogy-class-1-of-3/%26sprop%3Dname:Pastfinders%26ctz%3DAmerica/New_York&emr=1&followup=https://calendar.google.com/calendar/event?action%3DTEMPLATE%26text%3DFamily%2BHistory%2BResearch:%2BBeginning%2BGenealogy%2BClass%2B1%2Bof%2B3%26dates%3D20250903T130000/20250903T150000%26details%3DWhy%2Bdid%2Bour%2Bancestors%2Bventure%2Bto%2BAmerica?%25C2%25A0%2BTheir%2Bimportant%2Breasons%2Bdrive%2Bresearch%2Bto%2Bfind%2Bout%2Bmore%2Babout%2Bthem.%25C2%25A0%2BUnderstand%2Bthe%2Bresearch%2Bprocess%2Band%2Blearn%2Bthe%2Bsteps!%25C2%25A0%26location%26trp%3Dfalse%26sprop%3Dhttps://wordpress-810691-5571285.cloudwaysapps.com/events/family-history-research-beginning-genealogy-class-1-of-3/%26sprop%3Dname:Pastfinders%26ctz%3DAmerica/New_York&osid=1&passive=1209600&service=cl&ifkv=AdBytiNEBSAAHZPls8wOswAixSJobV3SdjU4wZmbt1z_qc4kkbLR8juz5VngvlEyBJ-UZuZeAUfwzA HTTP/1.1" 302 None
DEBUG:urllib3.connectionpool:https://www.google.com:443 "GET /calendar/event?action=TEMPLATE&text=Family+Book+Creator+Special+Interest+Group+%28SIG%29&dates=20260824T190000/20260824T200000&details=This+group+grew+out+of+our+original+FBC+Study+Group%2C+a+joint+effort+between+Pastfinders+and+Kinseekers.+For+now%2C+membership+is+limited+to+participants+of+that+original+group%2C+but+we+hope+to+welcome+more+members+in+the+future.&location=&trp=false&sprop=https%3A%2F%2Fwordpress-810691-5571285.cloudwaysapps.com%2Fevents%2Ffamily-book-creator-special-interest-group-sig-2026-08-24%2F&sprop=name:Pastfinders&ctz=America%2FNew_York HTTP/1.1" 302 0
DEBUG:urllib3.connectionpool:Starting new HTTPS connection (1): calendar.google.com:443
DEBUG:urllib3.connectionpool:https://pastfindersslc.org:443 "GET /upload/newsletters/Spring_2007.pdf HTTP/1.1" 200 7225694
DEBUG:urllib3.connectionpool:https://accounts.google.com:443 "GET /v3/signin/identifier?continue=https%3A%2F%2Fcalendar.google.com%2Fcalendar%2Fevent%3Faction%3DTEMPLATE%26text%3DFamily%2BHistory%2BResearch%3A%2BBeginning%2BGenealogy%2BClass%2B1%2Bof%2B3%26dates%3D20250903T130000%2F20250903T150000%26details%3DWhy%2Bdid%2Bour%2Bancestors%2Bventure%2Bto%2BAmerica%3F%25C2%25A0%2BTheir%2Bimportant%2Breasons%2Bdrive%2Bresearch%2Bto%2Bfind%2Bout%2Bmore%2Babout%2Bthem.%25C2%25A0%2BUnderstand%2Bthe%2Bresearch%2Bprocess%2Band%2Blearn%2Bthe%2Bsteps%21%25C2%25A0%26location%26trp%3Dfalse%26sprop%3Dhttps%3A%2F%2Fwordpress-810691-5571285.cloudwaysapps.com%2Fevents%2Ffamily-history-research-beginning-genealogy-class-1-of-3%2F%26sprop%3Dname%3APastfinders%26ctz%3DAmerica%2FNew_York&emr=1&followup=https%3A%2F%2Fcalendar.google.com%2Fcalendar%2Fevent%3Faction%3DTEMPLATE%26text%3DFamily%2BHistory%2BResearch%3A%2BBeginning%2BGenealogy%2BClass%2B1%2Bof%2B3%26dates%3D20250903T130000%2F20250903T150000%26details%3DWhy%2Bdid%2Bour%2Bancestors%2Bventure%2Bto%2BAmerica%3F%25C2%25A0%2BTheir%2Bimportant%2Breasons%2Bdrive%2Bresearch%2Bto%2Bfind%2Bout%2Bmore%2Babout%2Bthem.%25C2%25A0%2BUnderstand%2Bthe%2Bresearch%2Bprocess%2Band%2Blearn%2Bthe%2Bsteps%21%25C2%25A0%26location%26trp%3Dfalse%26sprop%3Dhttps%3A%2F%2Fwordpress-810691-5571285.cloudwaysapps.com%2Fevents%2Ffamily-history-research-beginning-genealogy-class-1-of-3%2F%26sprop%3Dname%3APastfinders%26ctz%3DAmerica%2FNew_York&ifkv=AdBytiPSjqYNKDfvGNCrBDB0Xm2S_kDceVfKYtiyQNSvgZnRtp62QbC5iXPuS6DGSEWviBwb9-of6g&osid=1&passive=1209600&service=cl&flowName=WebLiteSignIn&flowEntry=ServiceLogin&dsh=S-1929111472%3A1756758216547510 HTTP/1.1" 200 None
DEBUG:urllib3.connectionpool:https://calendar.google.com:443 "GET /calendar/event?action=TEMPLATE&text=Preserving+Local+History&dates=20260624T100000/20260624T120000&details=Help+in+the+preservation+of+our+local+history+and+collections,+including+transcriptionists,+preservationists,+digitizers,+and+organization%C2%A0projects.&location=2525+Oakley+Seaver+Dr,+Clermont,+FL,+34711,+United+States&trp=false&sprop=https://wordpress-810691-5571285.cloudwaysapps.com/events/preserving-local-history-2026-06-24/&sprop=name:Pastfinders&ctz=America/New_York HTTP/1.1" 302 0
DEBUG:urllib3.connectionpool:Starting new HTTPS connection (1): accounts.google.com:443
DEBUG:root:✅ Image OK: https://wordpress-810691-5571285.cloudwaysapps.com/wp-content/uploads/2025/08/IMG_0036_9_1571799766-1024x809.webp
DEBUG:root:Checking internal image: https://wordpress-810691-5571285.cloudwaysapps.com/wp-content/uploads/2025/08/IMG_0032_7_1571799766-1024x1021.webp
DEBUG:urllib3.connectionpool:Starting new HTTPS connection (1): wordpress-810691-5571285.cloudwaysapps.com:443
DEBUG:root:✅ Hyperlink OK: https://www.google.com/calendar/event?action=TEMPLATE&text=Family+History+Research%3A+Beginning+Genealogy+Class+1+of+3&dates=20250903T130000/20250903T150000&details=Why+did+our+ancestors+venture+to+America%3F%C2%A0+Their+important+reasons+drive+research+to+find+out+more+about+them.%C2%A0+Understand+the+research+process+and+learn+the+steps%21%C2%A0&location=&trp=false&sprop=https%3A%2F%2Fwordpress-810691-5571285.cloudwaysapps.com%2Fevents%2Ffamily-history-research-beginning-genealogy-class-1-of-3%2F&sprop=name:Pastfinders&ctz=America%2FNew_York
DEBUG:root:Checking external hyperlink: https://outlook.office.com/calendar/0/deeplink/compose?allday=false&body=Why+did+our+ancestors+venture+to+America%3F%C2%A0+Their+important+reasons+drive+research+to+find+out+more+about+them.%C2%A0+Understand+the+research+process+and+learn+the+steps%21%C2%A0&location=&path=/calendar/action/compose&rru=addevent&startdt=2025-09-03T13%3A00%3A00-04%3A00&enddt=2025-09-03T15%3A00%3A00-04%3A00&subject=Family+History+Research%3A+Beginning+Genealogy+Class+1+of+3
DEBUG:urllib3.connectionpool:Starting new HTTPS connection (1): outlook.office.com:443
DEBUG:urllib3.connectionpool:https://calendar.google.com:443 "GET /calendar/event?action=TEMPLATE&text=Family+Book+Creator+Special+Interest+Group+(SIG)&dates=20260824T190000/20260824T200000&details=This+group+grew+out+of+our+original+FBC+Study+Group,+a+joint+effort+between+Pastfinders+and+Kinseekers.+For+now,+membership+is+limited+to+participants+of+that+original+group,+but+we+hope+to+welcome+more+members+in+the+future.&location&trp=false&sprop=https://wordpress-810691-5571285.cloudwaysapps.com/events/family-book-creator-special-interest-group-sig-2026-08-24/&sprop=name:Pastfinders&ctz=America/New_York HTTP/1.1" 302 0
DEBUG:urllib3.connectionpool:Starting new HTTPS connection (1): accounts.google.com:443
DEBUG:urllib3.connectionpool:https://accounts.google.com:443 "GET /ServiceLogin?service=cl&passive=1209600&osid=1&continue=https://calendar.google.com/calendar/event?action%3DTEMPLATE%26text%3DPreserving%2BLocal%2BHistory%26dates%3D20260624T100000/20260624T120000%26details%3DHelp%2Bin%2Bthe%2Bpreservation%2Bof%2Bour%2Blocal%2Bhistory%2Band%2Bcollections,%2Bincluding%2Btranscriptionists,%2Bpreservationists,%2Bdigitizers,%2Band%2Borganization%25C2%25A0projects.%26location%3D2525%2BOakley%2BSeaver%2BDr,%2BClermont,%2BFL,%2B34711,%2BUnited%2BStates%26trp%3Dfalse%26sprop%3Dhttps://wordpress-810691-5571285.cloudwaysapps.com/events/preserving-local-history-2026-06-24/%26sprop%3Dname:Pastfinders%26ctz%3DAmerica/New_York&followup=https://calendar.google.com/calendar/event?action%3DTEMPLATE%26text%3DPreserving%2BLocal%2BHistory%26dates%3D20260624T100000/20260624T120000%26details%3DHelp%2Bin%2Bthe%2Bpreservation%2Bof%2Bour%2Blocal%2Bhistory%2Band%2Bcollections,%2Bincluding%2Btranscriptionists,%2Bpreservationists,%2Bdigitizers,%2Band%2Borganization%25C2%25A0projects.%26location%3D2525%2BOakley%2BSeaver%2BDr,%2BClermont,%2BFL,%2B34711,%2BUnited%2BStates%26trp%3Dfalse%26sprop%3Dhttps://wordpress-810691-5571285.cloudwaysapps.com/events/preserving-local-history-2026-06-24/%26sprop%3Dname:Pastfinders%26ctz%3DAmerica/New_York&emr=1 HTTP/1.1" 302 0
DEBUG:urllib3.connectionpool:https://accounts.google.com:443 "GET /InteractiveLogin?continue=https://calendar.google.com/calendar/event?action%3DTEMPLATE%26text%3DPreserving%2BLocal%2BHistory%26dates%3D20260624T100000/20260624T120000%26details%3DHelp%2Bin%2Bthe%2Bpreservation%2Bof%2Bour%2Blocal%2Bhistory%2Band%2Bcollections,%2Bincluding%2Btranscriptionists,%2Bpreservationists,%2Bdigitizers,%2Band%2Borganization%25C2%25A0projects.%26location%3D2525%2BOakley%2BSeaver%2BDr,%2BClermont,%2BFL,%2B34711,%2BUnited%2BStates%26trp%3Dfalse%26sprop%3Dhttps://wordpress-810691-5571285.cloudwaysapps.com/events/preserving-local-history-2026-06-24/%26sprop%3Dname:Pastfinders%26ctz%3DAmerica/New_York&emr=1&followup=https://calendar.google.com/calendar/event?action%3DTEMPLATE%26text%3DPreserving%2BLocal%2BHistory%26dates%3D20260624T100000/20260624T120000%26details%3DHelp%2Bin%2Bthe%2Bpreservation%2Bof%2Bour%2Blocal%2Bhistory%2Band%2Bcollections,%2Bincluding%2Btranscriptionists,%2Bpreservationists,%2Bdigitizers,%2Band%2Borganization%25C2%25A0projects.%26location%3D2525%2BOakley%2BSeaver%2BDr,%2BClermont,%2BFL,%2B34711,%2BUnited%2BStates%26trp%3Dfalse%26sprop%3Dhttps://wordpress-810691-5571285.cloudwaysapps.com/events/preserving-local-history-2026-06-24/%26sprop%3Dname:Pastfinders%26ctz%3DAmerica/New_York&osid=1&passive=1209600&service=cl&ifkv=AdBytiPlGJ5HcAhVXg4UMC7FkKM1hnGnhSvLlCSSA6HQQvVQ3kDho_fswYBO3oRCtwdf4hwTJ6ViiQ HTTP/1.1" 302 None
DEBUG:urllib3.connectionpool:https://accounts.google.com:443 "GET /ServiceLogin?service=cl&passive=1209600&osid=1&continue=https://calendar.google.com/calendar/event?action%3DTEMPLATE%26text%3DFamily%2BBook%2BCreator%2BSpecial%2BInterest%2BGroup%2B(SIG)%26dates%3D20260824T190000/20260824T200000%26details%3DThis%2Bgroup%2Bgrew%2Bout%2Bof%2Bour%2Boriginal%2BFBC%2BStudy%2BGroup,%2Ba%2Bjoint%2Beffort%2Bbetween%2BPastfinders%2Band%2BKinseekers.%2BFor%2Bnow,%2Bmembership%2Bis%2Blimited%2Bto%2Bparticipants%2Bof%2Bthat%2Boriginal%2Bgroup,%2Bbut%2Bwe%2Bhope%2Bto%2Bwelcome%2Bmore%2Bmembers%2Bin%2Bthe%2Bfuture.%26location%26trp%3Dfalse%26sprop%3Dhttps://wordpress-810691-5571285.cloudwaysapps.com/events/family-book-creator-special-interest-group-sig-2026-08-24/%26sprop%3Dname:Pastfinders%26ctz%3DAmerica/New_York&followup=https://calendar.google.com/calendar/event?action%3DTEMPLATE%26text%3DFamily%2BBook%2BCreator%2BSpecial%2BInterest%2BGroup%2B(SIG)%26dates%3D20260824T190000/20260824T200000%26details%3DThis%2Bgroup%2Bgrew%2Bout%2Bof%2Bour%2Boriginal%2BFBC%2BStudy%2BGroup,%2Ba%2Bjoint%2Beffort%2Bbetween%2BPastfinders%2Band%2BKinseekers.%2BFor%2Bnow,%2Bmembership%2Bis%2Blimited%2Bto%2Bparticipants%2Bof%2Bthat%2Boriginal%2Bgroup,%2Bbut%2Bwe%2Bhope%2Bto%2Bwelcome%2Bmore%2Bmembers%2Bin%2Bthe%2Bfuture.%26location%26trp%3Dfalse%26sprop%3Dhttps://wordpress-810691-5571285.cloudwaysapps.com/events/family-book-creator-special-interest-group-sig-2026-08-24/%26sprop%3Dname:Pastfinders%26ctz%3DAmerica/New_York&emr=1 HTTP/1.1" 302 0
DEBUG:urllib3.connectionpool:https://wordpress-810691-5571285.cloudwaysapps.com:443 "GET /wp-content/uploads/2025/08/IMG_0032_7_1571799766-1024x1021.webp HTTP/1.1" 200 164378
DEBUG:urllib3.connectionpool:https://outlook.office.com:443 "GET /calendar/0/deeplink/compose?allday=false&body=Why+did+our+ancestors+venture+to+America%3F%C2%A0+Their+important+reasons+drive+research+to+find+out+more+about+them.%C2%A0+Understand+the+research+process+and+learn+the+steps%21%C2%A0&location=&path=/calendar/action/compose&rru=addevent&startdt=2025-09-03T13%3A00%3A00-04%3A00&enddt=2025-09-03T15%3A00%3A00-04%3A00&subject=Family+History+Research%3A+Beginning+Genealogy+Class+1+of+3 HTTP/1.1" 200 None
DEBUG:root:✅ Hyperlink OK: https://outlook.office.com/calendar/0/deeplink/compose?allday=false&body=Why+did+our+ancestors+venture+to+America%3F%C2%A0+Their+important+reasons+drive+research+to+find+out+more+about+them.%C2%A0+Understand+the+research+process+and+learn+the+steps%21%C2%A0&location=&path=/calendar/action/compose&rru=addevent&startdt=2025-09-03T13%3A00%3A00-04%3A00&enddt=2025-09-03T15%3A00%3A00-04%3A00&subject=Family+History+Research%3A+Beginning+Genealogy+Class+1+of+3
DEBUG:root:Checking external hyperlink: https://outlook.live.com/calendar/0/deeplink/compose?allday=false&body=Why+did+our+ancestors+venture+to+America%3F%C2%A0+Their+important+reasons+drive+research+to+find+out+more+about+them.%C2%A0+Understand+the+research+process+and+learn+the+steps%21%C2%A0&location=&path=/calendar/action/compose&rru=addevent&startdt=2025-09-03T13%3A00%3A00-04%3A00&enddt=2025-09-03T15%3A00%3A00-04%3A00&subject=Family+History+Research%3A+Beginning+Genealogy+Class+1+of+3
DEBUG:urllib3.connectionpool:Starting new HTTPS connection (1): outlook.live.com:443
DEBUG:urllib3.connectionpool:https://accounts.google.com:443 "GET /InteractiveLogin?continue=https://calendar.google.com/calendar/event?action%3DTEMPLATE%26text%3DFamily%2BBook%2BCreator%2BSpecial%2BInterest%2BGroup%2B(SIG)%26dates%3D20260824T190000/20260824T200000%26details%3DThis%2Bgroup%2Bgrew%2Bout%2Bof%2Bour%2Boriginal%2BFBC%2BStudy%2BGroup,%2Ba%2Bjoint%2Beffort%2Bbetween%2BPastfinders%2Band%2BKinseekers.%2BFor%2Bnow,%2Bmembership%2Bis%2Blimited%2Bto%2Bparticipants%2Bof%2Bthat%2Boriginal%2Bgroup,%2Bbut%2Bwe%2Bhope%2Bto%2Bwelcome%2Bmore%2Bmembers%2Bin%2Bthe%2Bfuture.%26location%26trp%3Dfalse%26sprop%3Dhttps://wordpress-810691-5571285.cloudwaysapps.com/events/family-book-creator-special-interest-group-sig-2026-08-24/%26sprop%3Dname:Pastfinders%26ctz%3DAmerica/New_York&emr=1&followup=https://calendar.google.com/calendar/event?action%3DTEMPLATE%26text%3DFamily%2BBook%2BCreator%2BSpecial%2BInterest%2BGroup%2B(SIG)%26dates%3D20260824T190000/20260824T200000%26details%3DThis%2Bgroup%2Bgrew%2Bout%2Bof%2Bour%2Boriginal%2BFBC%2BStudy%2BGroup,%2Ba%2Bjoint%2Beffort%2Bbetween%2BPastfinders%2Band%2BKinseekers.%2BFor%2Bnow,%2Bmembership%2Bis%2Blimited%2Bto%2Bparticipants%2Bof%2Bthat%2Boriginal%2Bgroup,%2Bbut%2Bwe%2Bhope%2Bto%2Bwelcome%2Bmore%2Bmembers%2Bin%2Bthe%2Bfuture.%26location%26trp%3Dfalse%26sprop%3Dhttps://wordpress-810691-5571285.cloudwaysapps.com/events/family-book-creator-special-interest-group-sig-2026-08-24/%26sprop%3Dname:Pastfinders%26ctz%3DAmerica/New_York&osid=1&passive=1209600&service=cl&ifkv=AdBytiPDtobQ_8XTn5wwyZYs7IJkz9TcnYKbazgOPPN52uJdWlUCn5MJZ-qJZT06BzTMyEYsvunvWA HTTP/1.1" 302 None
DEBUG:urllib3.connectionpool:https://accounts.google.com:443 "GET /v3/signin/identifier?continue=https%3A%2F%2Fcalendar.google.com%2Fcalendar%2Fevent%3Faction%3DTEMPLATE%26text%3DPreserving%2BLocal%2BHistory%26dates%3D20260624T100000%2F20260624T120000%26details%3DHelp%2Bin%2Bthe%2Bpreservation%2Bof%2Bour%2Blocal%2Bhistory%2Band%2Bcollections%2C%2Bincluding%2Btranscriptionists%2C%2Bpreservationists%2C%2Bdigitizers%2C%2Band%2Borganization%25C2%25A0projects.%26location%3D2525%2BOakley%2BSeaver%2BDr%2C%2BClermont%2C%2BFL%2C%2B34711%2C%2BUnited%2BStates%26trp%3Dfalse%26sprop%3Dhttps%3A%2F%2Fwordpress-810691-5571285.cloudwaysapps.com%2Fevents%2Fpreserving-local-history-2026-06-24%2F%26sprop%3Dname%3APastfinders%26ctz%3DAmerica%2FNew_York&emr=1&followup=https%3A%2F%2Fcalendar.google.com%2Fcalendar%2Fevent%3Faction%3DTEMPLATE%26text%3DPreserving%2BLocal%2BHistory%26dates%3D20260624T100000%2F20260624T120000%26details%3DHelp%2Bin%2Bthe%2Bpreservation%2Bof%2Bour%2Blocal%2Bhistory%2Band%2Bcollections%2C%2Bincluding%2Btranscriptionists%2C%2Bpreservationists%2C%2Bdigitizers%2C%2Band%2Borganization%25C2%25A0projects.%26location%3D2525%2BOakley%2BSeaver%2BDr%2C%2BClermont%2C%2BFL%2C%2B34711%2C%2BUnited%2BStates%26trp%3Dfalse%26sprop%3Dhttps%3A%2F%2Fwordpress-810691-5571285.cloudwaysapps.com%2Fevents%2Fpreserving-local-history-2026-06-24%2F%26sprop%3Dname%3APastfinders%26ctz%3DAmerica%2FNew_York&ifkv=AdBytiNAV65UitaKtLMxl-sPtcOv5dInTq7ybJDFOWYce_ZyvavmEd-FI-LYMpmynodPDzGby5Yv5w&osid=1&passive=1209600&service=cl&flowName=WebLiteSignIn&flowEntry=ServiceLogin&dsh=S1410869751%3A1756758216862327 HTTP/1.1" 200 None
DEBUG:root:✅ Image OK: https://wordpress-810691-5571285.cloudwaysapps.com/wp-content/uploads/2025/08/IMG_0032_7_1571799766-1024x1021.webp
DEBUG:root:Checking internal image: https://wordpress-810691-5571285.cloudwaysapps.com/wp-content/uploads/2025/08/IMG_0038_8_1571799766-589x1024.webp
DEBUG:urllib3.connectionpool:Starting new HTTPS connection (1): wordpress-810691-5571285.cloudwaysapps.com:443
DEBUG:root:✅ Hyperlink OK: https://www.google.com/calendar/event?action=TEMPLATE&text=Preserving+Local+History&dates=20260624T100000/20260624T120000&details=Help+in+the+preservation+of+our+local+history+and+collections%2C+including+transcriptionists%2C+preservationists%2C+digitizers%2C+and+organization%C2%A0projects.&location=2525+Oakley+Seaver+Dr%2C+Clermont%2C+FL%2C+34711%2C+United+States&trp=false&sprop=https%3A%2F%2Fwordpress-810691-5571285.cloudwaysapps.com%2Fevents%2Fpreserving-local-history-2026-06-24%2F&sprop=name:Pastfinders&ctz=America%2FNew_York
DEBUG:root:Checking external hyperlink: https://outlook.office.com/calendar/0/deeplink/compose?allday=false&body=Help+in+the+preservation+of+our+local+history+and+collections%2C+including+transcriptionists%2C+preservationists%2C+digitizers%2C+and+organization%C2%A0projects.&location=2525+Oakley+Seaver+Dr%2C+Clermont%2C+FL%2C+34711%2C+United+States&path=/calendar/action/compose&rru=addevent&startdt=2026-06-24T10%3A00%3A00-04%3A00&enddt=2026-06-24T12%3A00%3A00-04%3A00&subject=Preserving+Local+History
DEBUG:urllib3.connectionpool:Starting new HTTPS connection (1): outlook.office.com:443
DEBUG:urllib3.connectionpool:https://accounts.google.com:443 "GET /v3/signin/identifier?continue=https%3A%2F%2Fcalendar.google.com%2Fcalendar%2Fevent%3Faction%3DTEMPLATE%26text%3DFamily%2BBook%2BCreator%2BSpecial%2BInterest%2BGroup%2B%28SIG%29%26dates%3D20260824T190000%2F20260824T200000%26details%3DThis%2Bgroup%2Bgrew%2Bout%2Bof%2Bour%2Boriginal%2BFBC%2BStudy%2BGroup%2C%2Ba%2Bjoint%2Beffort%2Bbetween%2BPastfinders%2Band%2BKinseekers.%2BFor%2Bnow%2C%2Bmembership%2Bis%2Blimited%2Bto%2Bparticipants%2Bof%2Bthat%2Boriginal%2Bgroup%2C%2Bbut%2Bwe%2Bhope%2Bto%2Bwelcome%2Bmore%2Bmembers%2Bin%2Bthe%2Bfuture.%26location%26trp%3Dfalse%26sprop%3Dhttps%3A%2F%2Fwordpress-810691-5571285.cloudwaysapps.com%2Fevents%2Ffamily-book-creator-special-interest-group-sig-2026-08-24%2F%26sprop%3Dname%3APastfinders%26ctz%3DAmerica%2FNew_York&emr=1&followup=https%3A%2F%2Fcalendar.google.com%2Fcalendar%2Fevent%3Faction%3DTEMPLATE%26text%3DFamily%2BBook%2BCreator%2BSpecial%2BInterest%2BGroup%2B%28SIG%29%26dates%3D20260824T190000%2F20260824T200000%26details%3DThis%2Bgroup%2Bgrew%2Bout%2Bof%2Bour%2Boriginal%2BFBC%2BStudy%2BGroup%2C%2Ba%2Bjoint%2Beffort%2Bbetween%2BPastfinders%2Band%2BKinseekers.%2BFor%2Bnow%2C%2Bmembership%2Bis%2Blimited%2Bto%2Bparticipants%2Bof%2Bthat%2Boriginal%2Bgroup%2C%2Bbut%2Bwe%2Bhope%2Bto%2Bwelcome%2Bmore%2Bmembers%2Bin%2Bthe%2Bfuture.%26location%26trp%3Dfalse%26sprop%3Dhttps%3A%2F%2Fwordpress-810691-5571285.cloudwaysapps.com%2Fevents%2Ffamily-book-creator-special-interest-group-sig-2026-08-24%2F%26sprop%3Dname%3APastfinders%26ctz%3DAmerica%2FNew_York&ifkv=AdBytiO9VTf21ILmiVn1tuFgNWrqHNoRec0Er791QHy3EBp6n9dcbGWq1wUV6J43nj7aiNGzpc2kxQ&osid=1&passive=1209600&service=cl&flowName=WebLiteSignIn&flowEntry=ServiceLogin&dsh=S1175136708%3A1756758216927807 HTTP/1.1" 200 None
DEBUG:root:✅ Hyperlink OK: https://www.google.com/calendar/event?action=TEMPLATE&text=Family+Book+Creator+Special+Interest+Group+%28SIG%29&dates=20260824T190000/20260824T200000&details=This+group+grew+out+of+our+original+FBC+Study+Group%2C+a+joint+effort+between+Pastfinders+and+Kinseekers.+For+now%2C+membership+is+limited+to+participants+of+that+original+group%2C+but+we+hope+to+welcome+more+members+in+the+future.&location=&trp=false&sprop=https%3A%2F%2Fwordpress-810691-5571285.cloudwaysapps.com%2Fevents%2Ffamily-book-creator-special-interest-group-sig-2026-08-24%2F&sprop=name:Pastfinders&ctz=America%2FNew_York
DEBUG:root:Checking external hyperlink: https://outlook.office.com/calendar/0/deeplink/compose?allday=false&body=This+group+grew+out+of+our+original+FBC+Study+Group%2C+a+joint+effort+between+Pastfinders+and+Kinseekers.+For+now%2C+membership+is+limited+to+participants+of+that+original+group%2C+but+we+hope+to+welcome+more+members+in+the+future.&location=&path=/calendar/action/compose&rru=addevent&startdt=2026-08-24T19%3A00%3A00-04%3A00&enddt=2026-08-24T20%3A00%3A00-04%3A00&subject=Family+Book+Creator+Special+Interest+Group+%28SIG%29
DEBUG:urllib3.connectionpool:Starting new HTTPS connection (1): outlook.office.com:443
DEBUG:urllib3.connectionpool:https://outlook.live.com:443 "GET /calendar/0/deeplink/compose?allday=false&body=Why+did+our+ancestors+venture+to+America%3F%C2%A0+Their+important+reasons+drive+research+to+find+out+more+about+them.%C2%A0+Understand+the+research+process+and+learn+the+steps%21%C2%A0&location=&path=/calendar/action/compose&rru=addevent&startdt=2025-09-03T13%3A00%3A00-04%3A00&enddt=2025-09-03T15%3A00%3A00-04%3A00&subject=Family+History+Research%3A+Beginning+Genealogy+Class+1+of+3 HTTP/1.1" 200 None
DEBUG:root:✅ Hyperlink OK: https://outlook.live.com/calendar/0/deeplink/compose?allday=false&body=Why+did+our+ancestors+venture+to+America%3F%C2%A0+Their+important+reasons+drive+research+to+find+out+more+about+them.%C2%A0+Understand+the+research+process+and+learn+the+steps%21%C2%A0&location=&path=/calendar/action/compose&rru=addevent&startdt=2025-09-03T13%3A00%3A00-04%3A00&enddt=2025-09-03T15%3A00%3A00-04%3A00&subject=Family+History+Research%3A+Beginning+Genealogy+Class+1+of+3
DEBUG:root:Checking external hyperlink: https://us06web.zoom.us/meeting/register/qG8l0-J_QyaC9Gb4w01cLQ#/registration
DEBUG:urllib3.connectionpool:https://outlook.office.com:443 "GET /calendar/0/deeplink/compose?allday=false&body=Help+in+the+preservation+of+our+local+history+and+collections%2C+including+transcriptionists%2C+preservationists%2C+digitizers%2C+and+organization%C2%A0projects.&location=2525+Oakley+Seaver+Dr%2C+Clermont%2C+FL%2C+34711%2C+United+States&path=/calendar/action/compose&rru=addevent&startdt=2026-06-24T10%3A00%3A00-04%3A00&enddt=2026-06-24T12%3A00%3A00-04%3A00&subject=Preserving+Local+History HTTP/1.1" 200 None
DEBUG:root:✅ Hyperlink OK: https://outlook.office.com/calendar/0/deeplink/compose?allday=false&body=Help+in+the+preservation+of+our+local+history+and+collections%2C+including+transcriptionists%2C+preservationists%2C+digitizers%2C+and+organization%C2%A0projects.&location=2525+Oakley+Seaver+Dr%2C+Clermont%2C+FL%2C+34711%2C+United+States&path=/calendar/action/compose&rru=addevent&startdt=2026-06-24T10%3A00%3A00-04%3A00&enddt=2026-06-24T12%3A00%3A00-04%3A00&subject=Preserving+Local+History
DEBUG:root:Checking external hyperlink: https://outlook.live.com/calendar/0/deeplink/compose?allday=false&body=Help+in+the+preservation+of+our+local+history+and+collections%2C+including+transcriptionists%2C+preservationists%2C+digitizers%2C+and+organization%C2%A0projects.&location=2525+Oakley+Seaver+Dr%2C+Clermont%2C+FL%2C+34711%2C+United+States&path=/calendar/action/compose&rru=addevent&startdt=2026-06-24T10%3A00%3A00-04%3A00&enddt=2026-06-24T12%3A00%3A00-04%3A00&subject=Preserving+Local+History
DEBUG:urllib3.connectionpool:Starting new HTTPS connection (1): us06web.zoom.us:443
DEBUG:urllib3.connectionpool:Starting new HTTPS connection (1): outlook.live.com:443
DEBUG:urllib3.connectionpool:https://wordpress-810691-5571285.cloudwaysapps.com:443 "GET /wp-content/uploads/2025/08/IMG_0038_8_1571799766-589x1024.webp HTTP/1.1" 200 129316
DEBUG:root:✅ Image OK: https://wordpress-810691-5571285.cloudwaysapps.com/wp-content/uploads/2025/08/IMG_0038_8_1571799766-589x1024.webp
DEBUG:root:Checking internal image: https://wordpress-810691-5571285.cloudwaysapps.com/wp-content/uploads/2025/08/IMG_0036_6_1571799766-1024x857.webp
DEBUG:urllib3.connectionpool:Starting new HTTPS connection (1): wordpress-810691-5571285.cloudwaysapps.com:443
DEBUG:urllib3.connectionpool:https://us06web.zoom.us:443 "GET /meeting/register/qG8l0-J_QyaC9Gb4w01cLQ HTTP/1.1" 200 None
DEBUG:root:✅ Hyperlink OK: https://us06web.zoom.us/meeting/register/qG8l0-J_QyaC9Gb4w01cLQ#/registration
DEBUG:root:Using regex pattern: \b[a-zA-Z]{3,}\b
DEBUG:root:Found 134 words to check in https://wordpress-810691-5571285.cloudwaysapps.com/events/family-history-research-beginning-genealogy-class-1-of-3/ (min_length=3)
DEBUG:root:Sample words from https://wordpress-810691-5571285.cloudwaysapps.com/events/family-history-research-beginning-genealogy-class-1-of-3/: ['This', 'alert', 'Skip', 'content', 'Family', 'History', 'Research', 'Beginning', 'Genealogy', 'Class']
DEBUG:root:Spell check results for https://wordpress-810691-5571285.cloudwaysapps.com/events/family-history-research-beginning-genealogy-class-1-of-3/: 77 words checked, 57 skipped, 0 errors found
INFO:root:✅ Processed https://wordpress-810691-5571285.cloudwaysapps.com/events/family-history-research-beginning-genealogy-class-1-of-3/: 0 errors found, 165 words checked
DEBUG:root:Attempting to fetch: https://wordpress-810691-5571285.cloudwaysapps.com/events/preserving-local-history-2026-08-19/
Processing pages:  42%|████▏     | 160/381 [01:33<02:22,  1.55it/s]DEBUG:urllib3.connectionpool:https://outlook.office.com:443 "GET /calendar/0/deeplink/compose?allday=false&body=This+group+grew+out+of+our+original+FBC+Study+Group%2C+a+joint+effort+between+Pastfinders+and+Kinseekers.+For+now%2C+membership+is+limited+to+participants+of+that+original+group%2C+but+we+hope+to+welcome+more+members+in+the+future.&location=&path=/calendar/action/compose&rru=addevent&startdt=2026-08-24T19%3A00%3A00-04%3A00&enddt=2026-08-24T20%3A00%3A00-04%3A00&subject=Family+Book+Creator+Special+Interest+Group+%28SIG%29 HTTP/1.1" 200 None
DEBUG:root:✅ Hyperlink OK: https://outlook.office.com/calendar/0/deeplink/compose?allday=false&body=This+group+grew+out+of+our+original+FBC+Study+Group%2C+a+joint+effort+between+Pastfinders+and+Kinseekers.+For+now%2C+membership+is+limited+to+participants+of+that+original+group%2C+but+we+hope+to+welcome+more+members+in+the+future.&location=&path=/calendar/action/compose&rru=addevent&startdt=2026-08-24T19%3A00%3A00-04%3A00&enddt=2026-08-24T20%3A00%3A00-04%3A00&subject=Family+Book+Creator+Special+Interest+Group+%28SIG%29
DEBUG:root:Checking external hyperlink: https://outlook.live.com/calendar/0/deeplink/compose?allday=false&body=This+group+grew+out+of+our+original+FBC+Study+Group%2C+a+joint+effort+between+Pastfinders+and+Kinseekers.+For+now%2C+membership+is+limited+to+participants+of+that+original+group%2C+but+we+hope+to+welcome+more+members+in+the+future.&location=&path=/calendar/action/compose&rru=addevent&startdt=2026-08-24T19%3A00%3A00-04%3A00&enddt=2026-08-24T20%3A00%3A00-04%3A00&subject=Family+Book+Creator+Special+Interest+Group+%28SIG%29
DEBUG:urllib3.connectionpool:Starting new HTTPS connection (1): outlook.live.com:443
DEBUG:urllib3.connectionpool:https://outlook.live.com:443 "GET /calendar/0/deeplink/compose?allday=false&body=Help+in+the+preservation+of+our+local+history+and+collections%2C+including+transcriptionists%2C+preservationists%2C+digitizers%2C+and+organization%C2%A0projects.&location=2525+Oakley+Seaver+Dr%2C+Clermont%2C+FL%2C+34711%2C+United+States&path=/calendar/action/compose&rru=addevent&startdt=2026-06-24T10%3A00%3A00-04%3A00&enddt=2026-06-24T12%3A00%3A00-04%3A00&subject=Preserving+Local+History HTTP/1.1" 200 None
DEBUG:root:✅ Hyperlink OK: https://outlook.live.com/calendar/0/deeplink/compose?allday=false&body=Help+in+the+preservation+of+our+local+history+and+collections%2C+including+transcriptionists%2C+preservationists%2C+digitizers%2C+and+organization%C2%A0projects.&location=2525+Oakley+Seaver+Dr%2C+Clermont%2C+FL%2C+34711%2C+United+States&path=/calendar/action/compose&rru=addevent&startdt=2026-06-24T10%3A00%3A00-04%3A00&enddt=2026-06-24T12%3A00%3A00-04%3A00&subject=Preserving+Local+History
DEBUG:root:Using regex pattern: \b[a-zA-Z]{3,}\b
DEBUG:root:Found 44 words to check in https://wordpress-810691-5571285.cloudwaysapps.com/events/preserving-local-history-2026-06-24/ (min_length=3)
DEBUG:root:Sample words from https://wordpress-810691-5571285.cloudwaysapps.com/events/preserving-local-history-2026-06-24/: ['This', 'alert', 'Skip', 'content', 'Preserving', 'Local', 'History', 'When', 'June', 'Add']
DEBUG:root:Misspelled word found: 'transcriptionists' in https://wordpress-810691-5571285.cloudwaysapps.com/events/preserving-local-history-2026-06-24/
DEBUG:root:Spell check results for https://wordpress-810691-5571285.cloudwaysapps.com/events/preserving-local-history-2026-06-24/: 17 words checked, 27 skipped, 1 errors found
INFO:root:✅ Processed https://wordpress-810691-5571285.cloudwaysapps.com/events/preserving-local-history-2026-06-24/: 1 errors found, 65 words checked
DEBUG:root:Attempting to fetch: https://wordpress-810691-5571285.cloudwaysapps.com/members-only/monthly-meeting-videos/
DEBUG:urllib3.connectionpool:https://wordpress-810691-5571285.cloudwaysapps.com:443 "GET /events/preserving-local-history-2026-08-19/ HTTP/1.1" 200 None
DEBUG:root:Successfully fetched https://wordpress-810691-5571285.cloudwaysapps.com/events/preserving-local-history-2026-08-19/ (Content-Length: 43615)
DEBUG:charset_normalizer:Encoding detection: utf_8 is most likely the one.
DEBUG:root:Extracted 445 characters, 65 words from https://wordpress-810691-5571285.cloudwaysapps.com/events/preserving-local-history-2026-08-19/
DEBUG:root:Checking external hyperlink: https://www.google.com/calendar/event?action=TEMPLATE&text=Preserving+Local+History&dates=20260819T100000/20260819T120000&details=Help+in+the+preservation+of+our+local+history+and+collections%2C+including+transcriptionists%2C+preservationists%2C+digitizers%2C+and+organization%C2%A0projects.&location=2525+Oakley+Seaver+Dr%2C+Clermont%2C+FL%2C+34711%2C+United+States&trp=false&sprop=https%3A%2F%2Fwordpress-810691-5571285.cloudwaysapps.com%2Fevents%2Fpreserving-local-history-2026-08-19%2F&sprop=name:Pastfinders&ctz=America%2FNew_York
DEBUG:urllib3.connectionpool:Starting new HTTPS connection (1): www.google.com:443
DEBUG:urllib3.connectionpool:https://wordpress-810691-5571285.cloudwaysapps.com:443 "GET /members-only/monthly-meeting-videos/ HTTP/1.1" 200 None
DEBUG:root:Successfully fetched https://wordpress-810691-5571285.cloudwaysapps.com/members-only/monthly-meeting-videos/ (Content-Length: 56893)
DEBUG:charset_normalizer:Encoding detection: utf_8 is most likely the one.
DEBUG:root:Extracted 4481 characters, 700 words from https://wordpress-810691-5571285.cloudwaysapps.com/members-only/monthly-meeting-videos/
DEBUG:urllib3.connectionpool:https://wordpress-810691-5571285.cloudwaysapps.com:443 "GET /wp-content/uploads/2025/08/IMG_0036_6_1571799766-1024x857.webp HTTP/1.1" 200 234834
DEBUG:urllib3.connectionpool:https://www.google.com:443 "GET /calendar/event?action=TEMPLATE&text=Preserving+Local+History&dates=20260819T100000/20260819T120000&details=Help+in+the+preservation+of+our+local+history+and+collections%2C+including+transcriptionists%2C+preservationists%2C+digitizers%2C+and+organization%C2%A0projects.&location=2525+Oakley+Seaver+Dr%2C+Clermont%2C+FL%2C+34711%2C+United+States&trp=false&sprop=https%3A%2F%2Fwordpress-810691-5571285.cloudwaysapps.com%2Fevents%2Fpreserving-local-history-2026-08-19%2F&sprop=name:Pastfinders&ctz=America%2FNew_York HTTP/1.1" 302 0
DEBUG:root:Checking internal document: https://wordpress-810691-5571285.cloudwaysapps.com/wp-content/uploads/2025/08/Pastfinders_Chat_Lineage_Societies_Handout_17_June_2025.pdf
DEBUG:urllib3.connectionpool:Starting new HTTPS connection (1): wordpress-810691-5571285.cloudwaysapps.com:443
DEBUG:urllib3.connectionpool:Starting new HTTPS connection (1): calendar.google.com:443
DEBUG:urllib3.connectionpool:https://outlook.live.com:443 "GET /calendar/0/deeplink/compose?allday=false&body=This+group+grew+out+of+our+original+FBC+Study+Group%2C+a+joint+effort+between+Pastfinders+and+Kinseekers.+For+now%2C+membership+is+limited+to+participants+of+that+original+group%2C+but+we+hope+to+welcome+more+members+in+the+future.&location=&path=/calendar/action/compose&rru=addevent&startdt=2026-08-24T19%3A00%3A00-04%3A00&enddt=2026-08-24T20%3A00%3A00-04%3A00&subject=Family+Book+Creator+Special+Interest+Group+%28SIG%29 HTTP/1.1" 200 None
DEBUG:root:✅ Hyperlink OK: https://outlook.live.com/calendar/0/deeplink/compose?allday=false&body=This+group+grew+out+of+our+original+FBC+Study+Group%2C+a+joint+effort+between+Pastfinders+and+Kinseekers.+For+now%2C+membership+is+limited+to+participants+of+that+original+group%2C+but+we+hope+to+welcome+more+members+in+the+future.&location=&path=/calendar/action/compose&rru=addevent&startdt=2026-08-24T19%3A00%3A00-04%3A00&enddt=2026-08-24T20%3A00%3A00-04%3A00&subject=Family+Book+Creator+Special+Interest+Group+%28SIG%29
DEBUG:root:Using regex pattern: \b[a-zA-Z]{3,}\b
DEBUG:root:Found 109 words to check in https://wordpress-810691-5571285.cloudwaysapps.com/events/family-book-creator-special-interest-group-sig-2026-08-24/ (min_length=3)
DEBUG:root:Sample words from https://wordpress-810691-5571285.cloudwaysapps.com/events/family-book-creator-special-interest-group-sig-2026-08-24/: ['This', 'alert', 'Skip', 'content', 'Family', 'Book', 'Creator', 'Special', 'Interest', 'Group']
DEBUG:root:Spell check results for https://wordpress-810691-5571285.cloudwaysapps.com/events/family-book-creator-special-interest-group-sig-2026-08-24/: 62 words checked, 47 skipped, 0 errors found
INFO:root:✅ Processed https://wordpress-810691-5571285.cloudwaysapps.com/events/family-book-creator-special-interest-group-sig-2026-08-24/: 0 errors found, 141 words checked
DEBUG:root:Attempting to fetch: https://wordpress-810691-5571285.cloudwaysapps.com/galleries/2005-guest-speakers-events/
Processing pages:  43%|████▎     | 162/381 [01:34<01:46,  2.06it/s]DEBUG:root:✅ Image OK: https://wordpress-810691-5571285.cloudwaysapps.com/wp-content/uploads/2025/08/IMG_0036_6_1571799766-1024x857.webp
DEBUG:root:Checking internal image: https://wordpress-810691-5571285.cloudwaysapps.com/wp-content/uploads/2025/08/IMG_0038_1571799766-1024x757.webp
DEBUG:urllib3.connectionpool:Starting new HTTPS connection (1): wordpress-810691-5571285.cloudwaysapps.com:443
DEBUG:urllib3.connectionpool:https://calendar.google.com:443 "GET /calendar/event?action=TEMPLATE&text=Preserving+Local+History&dates=20260819T100000/20260819T120000&details=Help+in+the+preservation+of+our+local+history+and+collections,+including+transcriptionists,+preservationists,+digitizers,+and+organization%C2%A0projects.&location=2525+Oakley+Seaver+Dr,+Clermont,+FL,+34711,+United+States&trp=false&sprop=https://wordpress-810691-5571285.cloudwaysapps.com/events/preserving-local-history-2026-08-19/&sprop=name:Pastfinders&ctz=America/New_York HTTP/1.1" 302 0
DEBUG:urllib3.connectionpool:Starting new HTTPS connection (1): accounts.google.com:443
DEBUG:urllib3.connectionpool:https://wordpress-810691-5571285.cloudwaysapps.com:443 "GET /galleries/2005-guest-speakers-events/ HTTP/1.1" 200 None
DEBUG:root:Successfully fetched https://wordpress-810691-5571285.cloudwaysapps.com/galleries/2005-guest-speakers-events/ (Content-Length: 52557)
DEBUG:charset_normalizer:Encoding detection: utf_8 is most likely the one.
DEBUG:root:Extracted 232 characters, 44 words from https://wordpress-810691-5571285.cloudwaysapps.com/galleries/2005-guest-speakers-events/
DEBUG:root:Checking internal image: https://wordpress-810691-5571285.cloudwaysapps.com/wp-content/uploads/2025/08/IMG_0003_2_1565112625-1024x373.webp
DEBUG:urllib3.connectionpool:Starting new HTTPS connection (1): wordpress-810691-5571285.cloudwaysapps.com:443
DEBUG:urllib3.connectionpool:https://wordpress-810691-5571285.cloudwaysapps.com:443 "GET /wp-content/uploads/2025/08/Pastfinders_Chat_Lineage_Societies_Handout_17_June_2025.pdf HTTP/1.1" 200 122861
DEBUG:urllib3.connectionpool:https://accounts.google.com:443 "GET /ServiceLogin?service=cl&passive=1209600&osid=1&continue=https://calendar.google.com/calendar/event?action%3DTEMPLATE%26text%3DPreserving%2BLocal%2BHistory%26dates%3D20260819T100000/20260819T120000%26details%3DHelp%2Bin%2Bthe%2Bpreservation%2Bof%2Bour%2Blocal%2Bhistory%2Band%2Bcollections,%2Bincluding%2Btranscriptionists,%2Bpreservationists,%2Bdigitizers,%2Band%2Borganization%25C2%25A0projects.%26location%3D2525%2BOakley%2BSeaver%2BDr,%2BClermont,%2BFL,%2B34711,%2BUnited%2BStates%26trp%3Dfalse%26sprop%3Dhttps://wordpress-810691-5571285.cloudwaysapps.com/events/preserving-local-history-2026-08-19/%26sprop%3Dname:Pastfinders%26ctz%3DAmerica/New_York&followup=https://calendar.google.com/calendar/event?action%3DTEMPLATE%26text%3DPreserving%2BLocal%2BHistory%26dates%3D20260819T100000/20260819T120000%26details%3DHelp%2Bin%2Bthe%2Bpreservation%2Bof%2Bour%2Blocal%2Bhistory%2Band%2Bcollections,%2Bincluding%2Btranscriptionists,%2Bpreservationists,%2Bdigitizers,%2Band%2Borganization%25C2%25A0projects.%26location%3D2525%2BOakley%2BSeaver%2BDr,%2BClermont,%2BFL,%2B34711,%2BUnited%2BStates%26trp%3Dfalse%26sprop%3Dhttps://wordpress-810691-5571285.cloudwaysapps.com/events/preserving-local-history-2026-08-19/%26sprop%3Dname:Pastfinders%26ctz%3DAmerica/New_York&emr=1 HTTP/1.1" 302 0
DEBUG:root:✅ Document OK: https://wordpress-810691-5571285.cloudwaysapps.com/wp-content/uploads/2025/08/Pastfinders_Chat_Lineage_Societies_Handout_17_June_2025.pdf
DEBUG:root:Checking internal document: https://wordpress-810691-5571285.cloudwaysapps.com/wp-content/uploads/2025/08/LOC_Handout_-GenealogyGetStarted0823.pdf
DEBUG:urllib3.connectionpool:Starting new HTTPS connection (1): wordpress-810691-5571285.cloudwaysapps.com:443
DEBUG:urllib3.connectionpool:https://accounts.google.com:443 "GET /InteractiveLogin?continue=https://calendar.google.com/calendar/event?action%3DTEMPLATE%26text%3DPreserving%2BLocal%2BHistory%26dates%3D20260819T100000/20260819T120000%26details%3DHelp%2Bin%2Bthe%2Bpreservation%2Bof%2Bour%2Blocal%2Bhistory%2Band%2Bcollections,%2Bincluding%2Btranscriptionists,%2Bpreservationists,%2Bdigitizers,%2Band%2Borganization%25C2%25A0projects.%26location%3D2525%2BOakley%2BSeaver%2BDr,%2BClermont,%2BFL,%2B34711,%2BUnited%2BStates%26trp%3Dfalse%26sprop%3Dhttps://wordpress-810691-5571285.cloudwaysapps.com/events/preserving-local-history-2026-08-19/%26sprop%3Dname:Pastfinders%26ctz%3DAmerica/New_York&emr=1&followup=https://calendar.google.com/calendar/event?action%3DTEMPLATE%26text%3DPreserving%2BLocal%2BHistory%26dates%3D20260819T100000/20260819T120000%26details%3DHelp%2Bin%2Bthe%2Bpreservation%2Bof%2Bour%2Blocal%2Bhistory%2Band%2Bcollections,%2Bincluding%2Btranscriptionists,%2Bpreservationists,%2Bdigitizers,%2Band%2Borganization%25C2%25A0projects.%26location%3D2525%2BOakley%2BSeaver%2BDr,%2BClermont,%2BFL,%2B34711,%2BUnited%2BStates%26trp%3Dfalse%26sprop%3Dhttps://wordpress-810691-5571285.cloudwaysapps.com/events/preserving-local-history-2026-08-19/%26sprop%3Dname:Pastfinders%26ctz%3DAmerica/New_York&osid=1&passive=1209600&service=cl&ifkv=AdBytiO0JD3MvrQnzfSSHFCyUcZAOz_45bcuaYJF17ZVkvsQG_2K54QWTIDshu5K9oqtxTFp0e6jdQ HTTP/1.1" 302 None
DEBUG:urllib3.connectionpool:https://wordpress-810691-5571285.cloudwaysapps.com:443 "GET /wp-content/uploads/2025/08/IMG_0038_1571799766-1024x757.webp HTTP/1.1" 200 192034
DEBUG:root:✅ Document OK: https://pastfindersslc.org/upload/newsletters/Spring_2007.pdf
DEBUG:root:Checking external document: https://pastfindersslc.org/upload/newsletters/w_2007.pdf
DEBUG:urllib3.connectionpool:Starting new HTTPS connection (1): pastfindersslc.org:443
DEBUG:urllib3.connectionpool:https://accounts.google.com:443 "GET /v3/signin/identifier?continue=https%3A%2F%2Fcalendar.google.com%2Fcalendar%2Fevent%3Faction%3DTEMPLATE%26text%3DPreserving%2BLocal%2BHistory%26dates%3D20260819T100000%2F20260819T120000%26details%3DHelp%2Bin%2Bthe%2Bpreservation%2Bof%2Bour%2Blocal%2Bhistory%2Band%2Bcollections%2C%2Bincluding%2Btranscriptionists%2C%2Bpreservationists%2C%2Bdigitizers%2C%2Band%2Borganization%25C2%25A0projects.%26location%3D2525%2BOakley%2BSeaver%2BDr%2C%2BClermont%2C%2BFL%2C%2B34711%2C%2BUnited%2BStates%26trp%3Dfalse%26sprop%3Dhttps%3A%2F%2Fwordpress-810691-5571285.cloudwaysapps.com%2Fevents%2Fpreserving-local-history-2026-08-19%2F%26sprop%3Dname%3APastfinders%26ctz%3DAmerica%2FNew_York&emr=1&followup=https%3A%2F%2Fcalendar.google.com%2Fcalendar%2Fevent%3Faction%3DTEMPLATE%26text%3DPreserving%2BLocal%2BHistory%26dates%3D20260819T100000%2F20260819T120000%26details%3DHelp%2Bin%2Bthe%2Bpreservation%2Bof%2Bour%2Blocal%2Bhistory%2Band%2Bcollections%2C%2Bincluding%2Btranscriptionists%2C%2Bpreservationists%2C%2Bdigitizers%2C%2Band%2Borganization%25C2%25A0projects.%26location%3D2525%2BOakley%2BSeaver%2BDr%2C%2BClermont%2C%2BFL%2C%2B34711%2C%2BUnited%2BStates%26trp%3Dfalse%26sprop%3Dhttps%3A%2F%2Fwordpress-810691-5571285.cloudwaysapps.com%2Fevents%2Fpreserving-local-history-2026-08-19%2F%26sprop%3Dname%3APastfinders%26ctz%3DAmerica%2FNew_York&ifkv=AdBytiPOecQDQJ3FqvKYsxiozicBR3XF0NgsIxfW4aHbRxipLFhNM4BmXY7459mcZ1erIGDtUoecEg&osid=1&passive=1209600&service=cl&flowName=WebLiteSignIn&flowEntry=ServiceLogin&dsh=S118745705%3A1756758218525129 HTTP/1.1" 200 None
DEBUG:urllib3.connectionpool:https://wordpress-810691-5571285.cloudwaysapps.com:443 "GET /wp-content/uploads/2025/08/IMG_0003_2_1565112625-1024x373.webp HTTP/1.1" 200 33722
DEBUG:root:✅ Image OK: https://wordpress-810691-5571285.cloudwaysapps.com/wp-content/uploads/2025/08/IMG_0003_2_1565112625-1024x373.webp
DEBUG:root:Checking internal image: https://wordpress-810691-5571285.cloudwaysapps.com/wp-content/uploads/2025/08/IMG_0002_1_1565112637-770x1024.webp
DEBUG:urllib3.connectionpool:Starting new HTTPS connection (1): wordpress-810691-5571285.cloudwaysapps.com:443
DEBUG:root:✅ Image OK: https://wordpress-810691-5571285.cloudwaysapps.com/wp-content/uploads/2025/08/IMG_0038_1571799766-1024x757.webp
DEBUG:root:Checking internal image: https://wordpress-810691-5571285.cloudwaysapps.com/wp-content/uploads/2025/08/IMG_0037_6_1571799766-945x1024.webp
DEBUG:urllib3.connectionpool:Starting new HTTPS connection (1): wordpress-810691-5571285.cloudwaysapps.com:443
DEBUG:root:✅ Hyperlink OK: https://www.google.com/calendar/event?action=TEMPLATE&text=Preserving+Local+History&dates=20260819T100000/20260819T120000&details=Help+in+the+preservation+of+our+local+history+and+collections%2C+including+transcriptionists%2C+preservationists%2C+digitizers%2C+and+organization%C2%A0projects.&location=2525+Oakley+Seaver+Dr%2C+Clermont%2C+FL%2C+34711%2C+United+States&trp=false&sprop=https%3A%2F%2Fwordpress-810691-5571285.cloudwaysapps.com%2Fevents%2Fpreserving-local-history-2026-08-19%2F&sprop=name:Pastfinders&ctz=America%2FNew_York
DEBUG:root:Checking external hyperlink: https://outlook.office.com/calendar/0/deeplink/compose?allday=false&body=Help+in+the+preservation+of+our+local+history+and+collections%2C+including+transcriptionists%2C+preservationists%2C+digitizers%2C+and+organization%C2%A0projects.&location=2525+Oakley+Seaver+Dr%2C+Clermont%2C+FL%2C+34711%2C+United+States&path=/calendar/action/compose&rru=addevent&startdt=2026-08-19T10%3A00%3A00-04%3A00&enddt=2026-08-19T12%3A00%3A00-04%3A00&subject=Preserving+Local+History
DEBUG:urllib3.connectionpool:Starting new HTTPS connection (1): outlook.office.com:443
DEBUG:urllib3.connectionpool:https://pastfindersslc.org:443 "GET /upload/newsletters/w_2007.pdf HTTP/1.1" 200 7256854
DEBUG:urllib3.connectionpool:https://wordpress-810691-5571285.cloudwaysapps.com:443 "GET /wp-content/uploads/2025/08/LOC_Handout_-GenealogyGetStarted0823.pdf HTTP/1.1" 200 401293
DEBUG:urllib3.connectionpool:https://wordpress-810691-5571285.cloudwaysapps.com:443 "GET /wp-content/uploads/2025/08/IMG_0002_1_1565112637-770x1024.webp HTTP/1.1" 200 121232
DEBUG:urllib3.connectionpool:https://outlook.office.com:443 "GET /calendar/0/deeplink/compose?allday=false&body=Help+in+the+preservation+of+our+local+history+and+collections%2C+including+transcriptionists%2C+preservationists%2C+digitizers%2C+and+organization%C2%A0projects.&location=2525+Oakley+Seaver+Dr%2C+Clermont%2C+FL%2C+34711%2C+United+States&path=/calendar/action/compose&rru=addevent&startdt=2026-08-19T10%3A00%3A00-04%3A00&enddt=2026-08-19T12%3A00%3A00-04%3A00&subject=Preserving+Local+History HTTP/1.1" 200 None
DEBUG:root:✅ Hyperlink OK: https://outlook.office.com/calendar/0/deeplink/compose?allday=false&body=Help+in+the+preservation+of+our+local+history+and+collections%2C+including+transcriptionists%2C+preservationists%2C+digitizers%2C+and+organization%C2%A0projects.&location=2525+Oakley+Seaver+Dr%2C+Clermont%2C+FL%2C+34711%2C+United+States&path=/calendar/action/compose&rru=addevent&startdt=2026-08-19T10%3A00%3A00-04%3A00&enddt=2026-08-19T12%3A00%3A00-04%3A00&subject=Preserving+Local+History
DEBUG:root:Checking external hyperlink: https://outlook.live.com/calendar/0/deeplink/compose?allday=false&body=Help+in+the+preservation+of+our+local+history+and+collections%2C+including+transcriptionists%2C+preservationists%2C+digitizers%2C+and+organization%C2%A0projects.&location=2525+Oakley+Seaver+Dr%2C+Clermont%2C+FL%2C+34711%2C+United+States&path=/calendar/action/compose&rru=addevent&startdt=2026-08-19T10%3A00%3A00-04%3A00&enddt=2026-08-19T12%3A00%3A00-04%3A00&subject=Preserving+Local+History
DEBUG:urllib3.connectionpool:Starting new HTTPS connection (1): outlook.live.com:443
DEBUG:urllib3.connectionpool:https://wordpress-810691-5571285.cloudwaysapps.com:443 "GET /wp-content/uploads/2025/08/IMG_0037_6_1571799766-945x1024.webp HTTP/1.1" 200 230410
DEBUG:root:✅ Document OK: https://wordpress-810691-5571285.cloudwaysapps.com/wp-content/uploads/2025/08/LOC_Handout_-GenealogyGetStarted0823.pdf
DEBUG:root:Checking internal document: https://wordpress-810691-5571285.cloudwaysapps.com/wp-content/uploads/2025/08/LOC_Handout_-GenealogySearch0823.pdf
DEBUG:urllib3.connectionpool:Starting new HTTPS connection (1): wordpress-810691-5571285.cloudwaysapps.com:443
DEBUG:root:✅ Image OK: https://wordpress-810691-5571285.cloudwaysapps.com/wp-content/uploads/2025/08/IMG_0002_1_1565112637-770x1024.webp
DEBUG:root:Checking internal image: https://wordpress-810691-5571285.cloudwaysapps.com/wp-content/uploads/2025/08/IMG_0003_3_1565112625-1024x617.webp
DEBUG:urllib3.connectionpool:Starting new HTTPS connection (1): wordpress-810691-5571285.cloudwaysapps.com:443
DEBUG:urllib3.connectionpool:https://outlook.live.com:443 "GET /calendar/0/deeplink/compose?allday=false&body=Help+in+the+preservation+of+our+local+history+and+collections%2C+including+transcriptionists%2C+preservationists%2C+digitizers%2C+and+organization%C2%A0projects.&location=2525+Oakley+Seaver+Dr%2C+Clermont%2C+FL%2C+34711%2C+United+States&path=/calendar/action/compose&rru=addevent&startdt=2026-08-19T10%3A00%3A00-04%3A00&enddt=2026-08-19T12%3A00%3A00-04%3A00&subject=Preserving+Local+History HTTP/1.1" 200 None
DEBUG:root:✅ Hyperlink OK: https://outlook.live.com/calendar/0/deeplink/compose?allday=false&body=Help+in+the+preservation+of+our+local+history+and+collections%2C+including+transcriptionists%2C+preservationists%2C+digitizers%2C+and+organization%C2%A0projects.&location=2525+Oakley+Seaver+Dr%2C+Clermont%2C+FL%2C+34711%2C+United+States&path=/calendar/action/compose&rru=addevent&startdt=2026-08-19T10%3A00%3A00-04%3A00&enddt=2026-08-19T12%3A00%3A00-04%3A00&subject=Preserving+Local+History
DEBUG:root:Using regex pattern: \b[a-zA-Z]{3,}\b
DEBUG:root:Found 44 words to check in https://wordpress-810691-5571285.cloudwaysapps.com/events/preserving-local-history-2026-08-19/ (min_length=3)
DEBUG:root:Sample words from https://wordpress-810691-5571285.cloudwaysapps.com/events/preserving-local-history-2026-08-19/: ['This', 'alert', 'Skip', 'content', 'Preserving', 'Local', 'History', 'When', 'August', 'Add']
DEBUG:root:Misspelled word found: 'transcriptionists' in https://wordpress-810691-5571285.cloudwaysapps.com/events/preserving-local-history-2026-08-19/
DEBUG:root:Spell check results for https://wordpress-810691-5571285.cloudwaysapps.com/events/preserving-local-history-2026-08-19/: 17 words checked, 27 skipped, 1 errors found
INFO:root:✅ Processed https://wordpress-810691-5571285.cloudwaysapps.com/events/preserving-local-history-2026-08-19/: 1 errors found, 65 words checked
DEBUG:root:Attempting to fetch: https://wordpress-810691-5571285.cloudwaysapps.com/events/family-book-creator-special-interest-group-sig-2027-06-28/
Processing pages:  43%|████▎     | 163/381 [01:34<02:04,  1.76it/s]DEBUG:root:✅ Image OK: https://wordpress-810691-5571285.cloudwaysapps.com/wp-content/uploads/2025/08/IMG_0037_6_1571799766-945x1024.webp
DEBUG:root:Checking internal image: https://wordpress-810691-5571285.cloudwaysapps.com/wp-content/uploads/2025/08/IMG_0040_4_1571799766-1024x875.webp
DEBUG:urllib3.connectionpool:Starting new HTTPS connection (1): wordpress-810691-5571285.cloudwaysapps.com:443
DEBUG:urllib3.connectionpool:https://wordpress-810691-5571285.cloudwaysapps.com:443 "GET /events/family-book-creator-special-interest-group-sig-2027-06-28/ HTTP/1.1" 200 None
DEBUG:root:Successfully fetched https://wordpress-810691-5571285.cloudwaysapps.com/events/family-book-creator-special-interest-group-sig-2027-06-28/ (Content-Length: 42521)
DEBUG:charset_normalizer:Encoding detection: utf_8 is most likely the one.
DEBUG:root:Extracted 843 characters, 141 words from https://wordpress-810691-5571285.cloudwaysapps.com/events/family-book-creator-special-interest-group-sig-2027-06-28/
DEBUG:urllib3.connectionpool:https://wordpress-810691-5571285.cloudwaysapps.com:443 "GET /wp-content/uploads/2025/08/LOC_Handout_-GenealogySearch0823.pdf HTTP/1.1" 200 264682
DEBUG:root:Checking external hyperlink: https://www.google.com/calendar/event?action=TEMPLATE&text=Family+Book+Creator+Special+Interest+Group+%28SIG%29&dates=20270628T190000/20270628T200000&details=This+group+grew+out+of+our+original+FBC+Study+Group%2C+a+joint+effort+between+Pastfinders+and+Kinseekers.+For+now%2C+membership+is+limited+to+participants+of+that+original+group%2C+but+we+hope+to+welcome+more+members+in+the+future.&location=&trp=false&sprop=https%3A%2F%2Fwordpress-810691-5571285.cloudwaysapps.com%2Fevents%2Ffamily-book-creator-special-interest-group-sig-2027-06-28%2F&sprop=name:Pastfinders&ctz=America%2FNew_York
DEBUG:urllib3.connectionpool:Starting new HTTPS connection (1): www.google.com:443
DEBUG:urllib3.connectionpool:https://wordpress-810691-5571285.cloudwaysapps.com:443 "GET /wp-content/uploads/2025/08/IMG_0003_3_1565112625-1024x617.webp HTTP/1.1" 200 61234
DEBUG:root:✅ Image OK: https://wordpress-810691-5571285.cloudwaysapps.com/wp-content/uploads/2025/08/IMG_0003_3_1565112625-1024x617.webp
DEBUG:root:Checking internal image: https://wordpress-810691-5571285.cloudwaysapps.com/wp-content/uploads/2025/08/IMG_0003_1_1565112625-1024x492.webp
DEBUG:urllib3.connectionpool:Starting new HTTPS connection (1): wordpress-810691-5571285.cloudwaysapps.com:443
DEBUG:urllib3.connectionpool:https://www.google.com:443 "GET /calendar/event?action=TEMPLATE&text=Family+Book+Creator+Special+Interest+Group+%28SIG%29&dates=20270628T190000/20270628T200000&details=This+group+grew+out+of+our+original+FBC+Study+Group%2C+a+joint+effort+between+Pastfinders+and+Kinseekers.+For+now%2C+membership+is+limited+to+participants+of+that+original+group%2C+but+we+hope+to+welcome+more+members+in+the+future.&location=&trp=false&sprop=https%3A%2F%2Fwordpress-810691-5571285.cloudwaysapps.com%2Fevents%2Ffamily-book-creator-special-interest-group-sig-2027-06-28%2F&sprop=name:Pastfinders&ctz=America%2FNew_York HTTP/1.1" 302 0
DEBUG:urllib3.connectionpool:Starting new HTTPS connection (1): calendar.google.com:443
DEBUG:root:✅ Document OK: https://wordpress-810691-5571285.cloudwaysapps.com/wp-content/uploads/2025/08/LOC_Handout_-GenealogySearch0823.pdf
DEBUG:root:Checking internal document: https://wordpress-810691-5571285.cloudwaysapps.com/wp-content/uploads/2025/08/ancestry_pro_tools_enhance_your_family_tree_handout.pdf
DEBUG:urllib3.connectionpool:Starting new HTTPS connection (1): wordpress-810691-5571285.cloudwaysapps.com:443
DEBUG:urllib3.connectionpool:https://wordpress-810691-5571285.cloudwaysapps.com:443 "GET /wp-content/uploads/2025/08/IMG_0040_4_1571799766-1024x875.webp HTTP/1.1" 200 227164
DEBUG:urllib3.connectionpool:https://calendar.google.com:443 "GET /calendar/event?action=TEMPLATE&text=Family+Book+Creator+Special+Interest+Group+(SIG)&dates=20270628T190000/20270628T200000&details=This+group+grew+out+of+our+original+FBC+Study+Group,+a+joint+effort+between+Pastfinders+and+Kinseekers.+For+now,+membership+is+limited+to+participants+of+that+original+group,+but+we+hope+to+welcome+more+members+in+the+future.&location&trp=false&sprop=https://wordpress-810691-5571285.cloudwaysapps.com/events/family-book-creator-special-interest-group-sig-2027-06-28/&sprop=name:Pastfinders&ctz=America/New_York HTTP/1.1" 302 0
DEBUG:urllib3.connectionpool:Starting new HTTPS connection (1): accounts.google.com:443
DEBUG:urllib3.connectionpool:https://wordpress-810691-5571285.cloudwaysapps.com:443 "GET /wp-content/uploads/2025/08/ancestry_pro_tools_enhance_your_family_tree_handout.pdf HTTP/1.1" 200 155584
DEBUG:urllib3.connectionpool:https://wordpress-810691-5571285.cloudwaysapps.com:443 "GET /wp-content/uploads/2025/08/IMG_0003_1_1565112625-1024x492.webp HTTP/1.1" 200 53216
DEBUG:root:✅ Image OK: https://wordpress-810691-5571285.cloudwaysapps.com/wp-content/uploads/2025/08/IMG_0040_4_1571799766-1024x875.webp
DEBUG:root:Checking internal image: https://wordpress-810691-5571285.cloudwaysapps.com/wp-content/uploads/2025/08/IMG_0039_8_1571799766-653x1024.webp
DEBUG:urllib3.connectionpool:Starting new HTTPS connection (1): wordpress-810691-5571285.cloudwaysapps.com:443
DEBUG:urllib3.connectionpool:https://accounts.google.com:443 "GET /ServiceLogin?service=cl&passive=1209600&osid=1&continue=https://calendar.google.com/calendar/event?action%3DTEMPLATE%26text%3DFamily%2BBook%2BCreator%2BSpecial%2BInterest%2BGroup%2B(SIG)%26dates%3D20270628T190000/20270628T200000%26details%3DThis%2Bgroup%2Bgrew%2Bout%2Bof%2Bour%2Boriginal%2BFBC%2BStudy%2BGroup,%2Ba%2Bjoint%2Beffort%2Bbetween%2BPastfinders%2Band%2BKinseekers.%2BFor%2Bnow,%2Bmembership%2Bis%2Blimited%2Bto%2Bparticipants%2Bof%2Bthat%2Boriginal%2Bgroup,%2Bbut%2Bwe%2Bhope%2Bto%2Bwelcome%2Bmore%2Bmembers%2Bin%2Bthe%2Bfuture.%26location%26trp%3Dfalse%26sprop%3Dhttps://wordpress-810691-5571285.cloudwaysapps.com/events/family-book-creator-special-interest-group-sig-2027-06-28/%26sprop%3Dname:Pastfinders%26ctz%3DAmerica/New_York&followup=https://calendar.google.com/calendar/event?action%3DTEMPLATE%26text%3DFamily%2BBook%2BCreator%2BSpecial%2BInterest%2BGroup%2B(SIG)%26dates%3D20270628T190000/20270628T200000%26details%3DThis%2Bgroup%2Bgrew%2Bout%2Bof%2Bour%2Boriginal%2BFBC%2BStudy%2BGroup,%2Ba%2Bjoint%2Beffort%2Bbetween%2BPastfinders%2Band%2BKinseekers.%2BFor%2Bnow,%2Bmembership%2Bis%2Blimited%2Bto%2Bparticipants%2Bof%2Bthat%2Boriginal%2Bgroup,%2Bbut%2Bwe%2Bhope%2Bto%2Bwelcome%2Bmore%2Bmembers%2Bin%2Bthe%2Bfuture.%26location%26trp%3Dfalse%26sprop%3Dhttps://wordpress-810691-5571285.cloudwaysapps.com/events/family-book-creator-special-interest-group-sig-2027-06-28/%26sprop%3Dname:Pastfinders%26ctz%3DAmerica/New_York&emr=1 HTTP/1.1" 302 0
DEBUG:root:✅ Image OK: https://wordpress-810691-5571285.cloudwaysapps.com/wp-content/uploads/2025/08/IMG_0003_1_1565112625-1024x492.webp
DEBUG:root:Checking internal image: https://wordpress-810691-5571285.cloudwaysapps.com/wp-content/uploads/2025/08/IMG_0002_2_1565112625-976x1024.webp
DEBUG:urllib3.connectionpool:Starting new HTTPS connection (1): wordpress-810691-5571285.cloudwaysapps.com:443
DEBUG:urllib3.connectionpool:https://accounts.google.com:443 "GET /InteractiveLogin?continue=https://calendar.google.com/calendar/event?action%3DTEMPLATE%26text%3DFamily%2BBook%2BCreator%2BSpecial%2BInterest%2BGroup%2B(SIG)%26dates%3D20270628T190000/20270628T200000%26details%3DThis%2Bgroup%2Bgrew%2Bout%2Bof%2Bour%2Boriginal%2BFBC%2BStudy%2BGroup,%2Ba%2Bjoint%2Beffort%2Bbetween%2BPastfinders%2Band%2BKinseekers.%2BFor%2Bnow,%2Bmembership%2Bis%2Blimited%2Bto%2Bparticipants%2Bof%2Bthat%2Boriginal%2Bgroup,%2Bbut%2Bwe%2Bhope%2Bto%2Bwelcome%2Bmore%2Bmembers%2Bin%2Bthe%2Bfuture.%26location%26trp%3Dfalse%26sprop%3Dhttps://wordpress-810691-5571285.cloudwaysapps.com/events/family-book-creator-special-interest-group-sig-2027-06-28/%26sprop%3Dname:Pastfinders%26ctz%3DAmerica/New_York&emr=1&followup=https://calendar.google.com/calendar/event?action%3DTEMPLATE%26text%3DFamily%2BBook%2BCreator%2BSpecial%2BInterest%2BGroup%2B(SIG)%26dates%3D20270628T190000/20270628T200000%26details%3DThis%2Bgroup%2Bgrew%2Bout%2Bof%2Bour%2Boriginal%2BFBC%2BStudy%2BGroup,%2Ba%2Bjoint%2Beffort%2Bbetween%2BPastfinders%2Band%2BKinseekers.%2BFor%2Bnow,%2Bmembership%2Bis%2Blimited%2Bto%2Bparticipants%2Bof%2Bthat%2Boriginal%2Bgroup,%2Bbut%2Bwe%2Bhope%2Bto%2Bwelcome%2Bmore%2Bmembers%2Bin%2Bthe%2Bfuture.%26location%26trp%3Dfalse%26sprop%3Dhttps://wordpress-810691-5571285.cloudwaysapps.com/events/family-book-creator-special-interest-group-sig-2027-06-28/%26sprop%3Dname:Pastfinders%26ctz%3DAmerica/New_York&osid=1&passive=1209600&service=cl&ifkv=AdBytiPjAlN-4rfuwjIAbBm2-4IMOK94Q231lT-GHewkV4PvkTfCcNvRqp2B3aT-zejuz-EKSKz33g HTTP/1.1" 302 None
DEBUG:root:✅ Document OK: https://wordpress-810691-5571285.cloudwaysapps.com/wp-content/uploads/2025/08/ancestry_pro_tools_enhance_your_family_tree_handout.pdf
DEBUG:root:Checking external hyperlink: https://www.youtube.com/watch?v=oTugjssqOT0
DEBUG:urllib3.connectionpool:https://accounts.google.com:443 "GET /v3/signin/identifier?continue=https%3A%2F%2Fcalendar.google.com%2Fcalendar%2Fevent%3Faction%3DTEMPLATE%26text%3DFamily%2BBook%2BCreator%2BSpecial%2BInterest%2BGroup%2B%28SIG%29%26dates%3D20270628T190000%2F20270628T200000%26details%3DThis%2Bgroup%2Bgrew%2Bout%2Bof%2Bour%2Boriginal%2BFBC%2BStudy%2BGroup%2C%2Ba%2Bjoint%2Beffort%2Bbetween%2BPastfinders%2Band%2BKinseekers.%2BFor%2Bnow%2C%2Bmembership%2Bis%2Blimited%2Bto%2Bparticipants%2Bof%2Bthat%2Boriginal%2Bgroup%2C%2Bbut%2Bwe%2Bhope%2Bto%2Bwelcome%2Bmore%2Bmembers%2Bin%2Bthe%2Bfuture.%26location%26trp%3Dfalse%26sprop%3Dhttps%3A%2F%2Fwordpress-810691-5571285.cloudwaysapps.com%2Fevents%2Ffamily-book-creator-special-interest-group-sig-2027-06-28%2F%26sprop%3Dname%3APastfinders%26ctz%3DAmerica%2FNew_York&emr=1&followup=https%3A%2F%2Fcalendar.google.com%2Fcalendar%2Fevent%3Faction%3DTEMPLATE%26text%3DFamily%2BBook%2BCreator%2BSpecial%2BInterest%2BGroup%2B%28SIG%29%26dates%3D20270628T190000%2F20270628T200000%26details%3DThis%2Bgroup%2Bgrew%2Bout%2Bof%2Bour%2Boriginal%2BFBC%2BStudy%2BGroup%2C%2Ba%2Bjoint%2Beffort%2Bbetween%2BPastfinders%2Band%2BKinseekers.%2BFor%2Bnow%2C%2Bmembership%2Bis%2Blimited%2Bto%2Bparticipants%2Bof%2Bthat%2Boriginal%2Bgroup%2C%2Bbut%2Bwe%2Bhope%2Bto%2Bwelcome%2Bmore%2Bmembers%2Bin%2Bthe%2Bfuture.%26location%26trp%3Dfalse%26sprop%3Dhttps%3A%2F%2Fwordpress-810691-5571285.cloudwaysapps.com%2Fevents%2Ffamily-book-creator-special-interest-group-sig-2027-06-28%2F%26sprop%3Dname%3APastfinders%26ctz%3DAmerica%2FNew_York&ifkv=AdBytiMPgaHeKuhghUvvZrLzk4L9_6d3xFMnilmCGLDMy_YZ3RSiPabxB-chF1clv9iECYzbrGVfJg&osid=1&passive=1209600&service=cl&flowName=WebLiteSignIn&flowEntry=ServiceLogin&dsh=S-1156230589%3A1756758219728842 HTTP/1.1" 200 None
DEBUG:root:✅ Document OK: https://pastfindersslc.org/upload/newsletters/w_2007.pdf
DEBUG:root:Checking external document: https://pastfindersslc.org/upload/newsletters/jan_2007.pdf
DEBUG:urllib3.connectionpool:Starting new HTTPS connection (1): pastfindersslc.org:443
DEBUG:urllib3.connectionpool:Starting new HTTPS connection (1): www.youtube.com:443
DEBUG:urllib3.connectionpool:https://wordpress-810691-5571285.cloudwaysapps.com:443 "GET /wp-content/uploads/2025/08/IMG_0039_8_1571799766-653x1024.webp HTTP/1.1" 200 190214
DEBUG:root:✅ Hyperlink OK: https://www.google.com/calendar/event?action=TEMPLATE&text=Family+Book+Creator+Special+Interest+Group+%28SIG%29&dates=20270628T190000/20270628T200000&details=This+group+grew+out+of+our+original+FBC+Study+Group%2C+a+joint+effort+between+Pastfinders+and+Kinseekers.+For+now%2C+membership+is+limited+to+participants+of+that+original+group%2C+but+we+hope+to+welcome+more+members+in+the+future.&location=&trp=false&sprop=https%3A%2F%2Fwordpress-810691-5571285.cloudwaysapps.com%2Fevents%2Ffamily-book-creator-special-interest-group-sig-2027-06-28%2F&sprop=name:Pastfinders&ctz=America%2FNew_York
DEBUG:root:Checking external hyperlink: https://outlook.office.com/calendar/0/deeplink/compose?allday=false&body=This+group+grew+out+of+our+original+FBC+Study+Group%2C+a+joint+effort+between+Pastfinders+and+Kinseekers.+For+now%2C+membership+is+limited+to+participants+of+that+original+group%2C+but+we+hope+to+welcome+more+members+in+the+future.&location=&path=/calendar/action/compose&rru=addevent&startdt=2027-06-28T19%3A00%3A00-04%3A00&enddt=2027-06-28T20%3A00%3A00-04%3A00&subject=Family+Book+Creator+Special+Interest+Group+%28SIG%29
DEBUG:urllib3.connectionpool:Starting new HTTPS connection (1): outlook.office.com:443
DEBUG:urllib3.connectionpool:https://wordpress-810691-5571285.cloudwaysapps.com:443 "GET /wp-content/uploads/2025/08/IMG_0002_2_1565112625-976x1024.webp HTTP/1.1" 200 96540
DEBUG:urllib3.connectionpool:https://www.youtube.com:443 "GET /watch?v=oTugjssqOT0 HTTP/1.1" 200 None
DEBUG:urllib3.connectionpool:https://pastfindersslc.org:443 "GET /upload/newsletters/jan_2007.pdf HTTP/1.1" 200 1339633
DEBUG:root:✅ Image OK: https://wordpress-810691-5571285.cloudwaysapps.com/wp-content/uploads/2025/08/IMG_0002_2_1565112625-976x1024.webp
DEBUG:root:Using regex pattern: \b[a-zA-Z]{3,}\b
DEBUG:root:Found 22 words to check in https://wordpress-810691-5571285.cloudwaysapps.com/galleries/2005-guest-speakers-events/ (min_length=3)
DEBUG:root:Sample words from https://wordpress-810691-5571285.cloudwaysapps.com/galleries/2005-guest-speakers-events/: ['This', 'alert', 'Skip', 'content', 'Guest', 'Speakers', 'Events', 'images', 'Click', 'view']
DEBUG:root:Spell check results for https://wordpress-810691-5571285.cloudwaysapps.com/galleries/2005-guest-speakers-events/: 8 words checked, 14 skipped, 0 errors found
INFO:root:✅ Processed https://wordpress-810691-5571285.cloudwaysapps.com/galleries/2005-guest-speakers-events/: 0 errors found, 44 words checked
DEBUG:root:Attempting to fetch: https://wordpress-810691-5571285.cloudwaysapps.com/events/preserving-local-history-2026-04-01/
Processing pages:  43%|████▎     | 164/381 [01:35<02:27,  1.47it/s]DEBUG:root:✅ Image OK: https://wordpress-810691-5571285.cloudwaysapps.com/wp-content/uploads/2025/08/IMG_0039_8_1571799766-653x1024.webp
DEBUG:root:Checking internal image: https://wordpress-810691-5571285.cloudwaysapps.com/wp-content/uploads/2025/08/IMG_0035_1571799766-1024x818.webp
DEBUG:urllib3.connectionpool:Starting new HTTPS connection (1): wordpress-810691-5571285.cloudwaysapps.com:443
DEBUG:urllib3.connectionpool:https://wordpress-810691-5571285.cloudwaysapps.com:443 "GET /events/preserving-local-history-2026-04-01/ HTTP/1.1" 200 None
DEBUG:root:Successfully fetched https://wordpress-810691-5571285.cloudwaysapps.com/events/preserving-local-history-2026-04-01/ (Content-Length: 43608)
DEBUG:charset_normalizer:Encoding detection: utf_8 is most likely the one.
DEBUG:root:Extracted 443 characters, 65 words from https://wordpress-810691-5571285.cloudwaysapps.com/events/preserving-local-history-2026-04-01/
DEBUG:root:Checking external hyperlink: https://www.google.com/calendar/event?action=TEMPLATE&text=Preserving+Local+History&dates=20260401T100000/20260401T120000&details=Help+in+the+preservation+of+our+local+history+and+collections%2C+including+transcriptionists%2C+preservationists%2C+digitizers%2C+and+organization%C2%A0projects.&location=2525+Oakley+Seaver+Dr%2C+Clermont%2C+FL%2C+34711%2C+United+States&trp=false&sprop=https%3A%2F%2Fwordpress-810691-5571285.cloudwaysapps.com%2Fevents%2Fpreserving-local-history-2026-04-01%2F&sprop=name:Pastfinders&ctz=America%2FNew_York
DEBUG:urllib3.connectionpool:Starting new HTTPS connection (1): www.google.com:443
DEBUG:urllib3.connectionpool:https://www.google.com:443 "GET /calendar/event?action=TEMPLATE&text=Preserving+Local+History&dates=20260401T100000/20260401T120000&details=Help+in+the+preservation+of+our+local+history+and+collections%2C+including+transcriptionists%2C+preservationists%2C+digitizers%2C+and+organization%C2%A0projects.&location=2525+Oakley+Seaver+Dr%2C+Clermont%2C+FL%2C+34711%2C+United+States&trp=false&sprop=https%3A%2F%2Fwordpress-810691-5571285.cloudwaysapps.com%2Fevents%2Fpreserving-local-history-2026-04-01%2F&sprop=name:Pastfinders&ctz=America%2FNew_York HTTP/1.1" 302 0
DEBUG:urllib3.connectionpool:https://outlook.office.com:443 "GET /calendar/0/deeplink/compose?allday=false&body=This+group+grew+out+of+our+original+FBC+Study+Group%2C+a+joint+effort+between+Pastfinders+and+Kinseekers.+For+now%2C+membership+is+limited+to+participants+of+that+original+group%2C+but+we+hope+to+welcome+more+members+in+the+future.&location=&path=/calendar/action/compose&rru=addevent&startdt=2027-06-28T19%3A00%3A00-04%3A00&enddt=2027-06-28T20%3A00%3A00-04%3A00&subject=Family+Book+Creator+Special+Interest+Group+%28SIG%29 HTTP/1.1" 200 None
DEBUG:root:✅ Hyperlink OK: https://outlook.office.com/calendar/0/deeplink/compose?allday=false&body=This+group+grew+out+of+our+original+FBC+Study+Group%2C+a+joint+effort+between+Pastfinders+and+Kinseekers.+For+now%2C+membership+is+limited+to+participants+of+that+original+group%2C+but+we+hope+to+welcome+more+members+in+the+future.&location=&path=/calendar/action/compose&rru=addevent&startdt=2027-06-28T19%3A00%3A00-04%3A00&enddt=2027-06-28T20%3A00%3A00-04%3A00&subject=Family+Book+Creator+Special+Interest+Group+%28SIG%29
DEBUG:root:Checking external hyperlink: https://outlook.live.com/calendar/0/deeplink/compose?allday=false&body=This+group+grew+out+of+our+original+FBC+Study+Group%2C+a+joint+effort+between+Pastfinders+and+Kinseekers.+For+now%2C+membership+is+limited+to+participants+of+that+original+group%2C+but+we+hope+to+welcome+more+members+in+the+future.&location=&path=/calendar/action/compose&rru=addevent&startdt=2027-06-28T19%3A00%3A00-04%3A00&enddt=2027-06-28T20%3A00%3A00-04%3A00&subject=Family+Book+Creator+Special+Interest+Group+%28SIG%29
DEBUG:urllib3.connectionpool:Starting new HTTPS connection (1): calendar.google.com:443
DEBUG:urllib3.connectionpool:Starting new HTTPS connection (1): outlook.live.com:443
DEBUG:root:✅ Document OK: https://pastfindersslc.org/upload/newsletters/jan_2007.pdf
DEBUG:root:Checking external document: https://pastfindersslc.org/upload/newsletters/F_2006.pdf
DEBUG:urllib3.connectionpool:Starting new HTTPS connection (1): pastfindersslc.org:443
DEBUG:urllib3.connectionpool:https://wordpress-810691-5571285.cloudwaysapps.com:443 "GET /wp-content/uploads/2025/08/IMG_0035_1571799766-1024x818.webp HTTP/1.1" 200 187612
DEBUG:urllib3.connectionpool:https://calendar.google.com:443 "GET /calendar/event?action=TEMPLATE&text=Preserving+Local+History&dates=20260401T100000/20260401T120000&details=Help+in+the+preservation+of+our+local+history+and+collections,+including+transcriptionists,+preservationists,+digitizers,+and+organization%C2%A0projects.&location=2525+Oakley+Seaver+Dr,+Clermont,+FL,+34711,+United+States&trp=false&sprop=https://wordpress-810691-5571285.cloudwaysapps.com/events/preserving-local-history-2026-04-01/&sprop=name:Pastfinders&ctz=America/New_York HTTP/1.1" 302 0
DEBUG:urllib3.connectionpool:Starting new HTTPS connection (1): accounts.google.com:443
DEBUG:root:✅ Image OK: https://wordpress-810691-5571285.cloudwaysapps.com/wp-content/uploads/2025/08/IMG_0035_1571799766-1024x818.webp
DEBUG:root:Checking internal image: https://wordpress-810691-5571285.cloudwaysapps.com/wp-content/uploads/2025/08/IMG_0036_1571799766-420x1024.webp
DEBUG:urllib3.connectionpool:Starting new HTTPS connection (1): wordpress-810691-5571285.cloudwaysapps.com:443
DEBUG:urllib3.connectionpool:https://pastfindersslc.org:443 "GET /upload/newsletters/F_2006.pdf HTTP/1.1" 200 5803351
DEBUG:urllib3.connectionpool:https://outlook.live.com:443 "GET /calendar/0/deeplink/compose?allday=false&body=This+group+grew+out+of+our+original+FBC+Study+Group%2C+a+joint+effort+between+Pastfinders+and+Kinseekers.+For+now%2C+membership+is+limited+to+participants+of+that+original+group%2C+but+we+hope+to+welcome+more+members+in+the+future.&location=&path=/calendar/action/compose&rru=addevent&startdt=2027-06-28T19%3A00%3A00-04%3A00&enddt=2027-06-28T20%3A00%3A00-04%3A00&subject=Family+Book+Creator+Special+Interest+Group+%28SIG%29 HTTP/1.1" 200 None
DEBUG:root:✅ Hyperlink OK: https://outlook.live.com/calendar/0/deeplink/compose?allday=false&body=This+group+grew+out+of+our+original+FBC+Study+Group%2C+a+joint+effort+between+Pastfinders+and+Kinseekers.+For+now%2C+membership+is+limited+to+participants+of+that+original+group%2C+but+we+hope+to+welcome+more+members+in+the+future.&location=&path=/calendar/action/compose&rru=addevent&startdt=2027-06-28T19%3A00%3A00-04%3A00&enddt=2027-06-28T20%3A00%3A00-04%3A00&subject=Family+Book+Creator+Special+Interest+Group+%28SIG%29
DEBUG:root:Using regex pattern: \b[a-zA-Z]{3,}\b
DEBUG:root:Found 109 words to check in https://wordpress-810691-5571285.cloudwaysapps.com/events/family-book-creator-special-interest-group-sig-2027-06-28/ (min_length=3)
DEBUG:root:Sample words from https://wordpress-810691-5571285.cloudwaysapps.com/events/family-book-creator-special-interest-group-sig-2027-06-28/: ['This', 'alert', 'Skip', 'content', 'Family', 'Book', 'Creator', 'Special', 'Interest', 'Group']
DEBUG:root:Spell check results for https://wordpress-810691-5571285.cloudwaysapps.com/events/family-book-creator-special-interest-group-sig-2027-06-28/: 62 words checked, 47 skipped, 0 errors found
INFO:root:✅ Processed https://wordpress-810691-5571285.cloudwaysapps.com/events/family-book-creator-special-interest-group-sig-2027-06-28/: 0 errors found, 141 words checked
DEBUG:root:Attempting to fetch: https://wordpress-810691-5571285.cloudwaysapps.com/libraries/what-did-they-mean-by-that-a-dictionary-of-historical-terms-for-genealogists-red-cover-1994/
Processing pages:  43%|████▎     | 165/381 [01:36<02:13,  1.62it/s]DEBUG:urllib3.connectionpool:https://accounts.google.com:443 "GET /ServiceLogin?service=cl&passive=1209600&osid=1&continue=https://calendar.google.com/calendar/event?action%3DTEMPLATE%26text%3DPreserving%2BLocal%2BHistory%26dates%3D20260401T100000/20260401T120000%26details%3DHelp%2Bin%2Bthe%2Bpreservation%2Bof%2Bour%2Blocal%2Bhistory%2Band%2Bcollections,%2Bincluding%2Btranscriptionists,%2Bpreservationists,%2Bdigitizers,%2Band%2Borganization%25C2%25A0projects.%26location%3D2525%2BOakley%2BSeaver%2BDr,%2BClermont,%2BFL,%2B34711,%2BUnited%2BStates%26trp%3Dfalse%26sprop%3Dhttps://wordpress-810691-5571285.cloudwaysapps.com/events/preserving-local-history-2026-04-01/%26sprop%3Dname:Pastfinders%26ctz%3DAmerica/New_York&followup=https://calendar.google.com/calendar/event?action%3DTEMPLATE%26text%3DPreserving%2BLocal%2BHistory%26dates%3D20260401T100000/20260401T120000%26details%3DHelp%2Bin%2Bthe%2Bpreservation%2Bof%2Bour%2Blocal%2Bhistory%2Band%2Bcollections,%2Bincluding%2Btranscriptionists,%2Bpreservationists,%2Bdigitizers,%2Band%2Borganization%25C2%25A0projects.%26location%3D2525%2BOakley%2BSeaver%2BDr,%2BClermont,%2BFL,%2B34711,%2BUnited%2BStates%26trp%3Dfalse%26sprop%3Dhttps://wordpress-810691-5571285.cloudwaysapps.com/events/preserving-local-history-2026-04-01/%26sprop%3Dname:Pastfinders%26ctz%3DAmerica/New_York&emr=1 HTTP/1.1" 302 0
DEBUG:urllib3.connectionpool:https://wordpress-810691-5571285.cloudwaysapps.com:443 "GET /libraries/what-did-they-mean-by-that-a-dictionary-of-historical-terms-for-genealogists-red-cover-1994/ HTTP/1.1" 200 None
DEBUG:root:Successfully fetched https://wordpress-810691-5571285.cloudwaysapps.com/libraries/what-did-they-mean-by-that-a-dictionary-of-historical-terms-for-genealogists-red-cover-1994/ (Content-Length: 36930)
DEBUG:urllib3.connectionpool:https://accounts.google.com:443 "GET /InteractiveLogin?continue=https://calendar.google.com/calendar/event?action%3DTEMPLATE%26text%3DPreserving%2BLocal%2BHistory%26dates%3D20260401T100000/20260401T120000%26details%3DHelp%2Bin%2Bthe%2Bpreservation%2Bof%2Bour%2Blocal%2Bhistory%2Band%2Bcollections,%2Bincluding%2Btranscriptionists,%2Bpreservationists,%2Bdigitizers,%2Band%2Borganization%25C2%25A0projects.%26location%3D2525%2BOakley%2BSeaver%2BDr,%2BClermont,%2BFL,%2B34711,%2BUnited%2BStates%26trp%3Dfalse%26sprop%3Dhttps://wordpress-810691-5571285.cloudwaysapps.com/events/preserving-local-history-2026-04-01/%26sprop%3Dname:Pastfinders%26ctz%3DAmerica/New_York&emr=1&followup=https://calendar.google.com/calendar/event?action%3DTEMPLATE%26text%3DPreserving%2BLocal%2BHistory%26dates%3D20260401T100000/20260401T120000%26details%3DHelp%2Bin%2Bthe%2Bpreservation%2Bof%2Bour%2Blocal%2Bhistory%2Band%2Bcollections,%2Bincluding%2Btranscriptionists,%2Bpreservationists,%2Bdigitizers,%2Band%2Borganization%25C2%25A0projects.%26location%3D2525%2BOakley%2BSeaver%2BDr,%2BClermont,%2BFL,%2B34711,%2BUnited%2BStates%26trp%3Dfalse%26sprop%3Dhttps://wordpress-810691-5571285.cloudwaysapps.com/events/preserving-local-history-2026-04-01/%26sprop%3Dname:Pastfinders%26ctz%3DAmerica/New_York&osid=1&passive=1209600&service=cl&ifkv=AdBytiNGcRnXEoPrqigwPtk7oKjav3B7s2art6PLWLvwLok7x2tuhj3n2hJn-uua-wktysyEcka-Mw HTTP/1.1" 302 None
DEBUG:urllib3.connectionpool:https://wordpress-810691-5571285.cloudwaysapps.com:443 "GET /wp-content/uploads/2025/08/IMG_0036_1571799766-420x1024.webp HTTP/1.1" 200 104306
DEBUG:charset_normalizer:Encoding detection: utf_8 is most likely the one.
DEBUG:root:✅ Image OK: https://wordpress-810691-5571285.cloudwaysapps.com/wp-content/uploads/2025/08/IMG_0036_1571799766-420x1024.webp
DEBUG:root:Checking internal image: https://wordpress-810691-5571285.cloudwaysapps.com/wp-content/uploads/2025/08/IMG_0037_1571799766-1024x933.webp
DEBUG:root:✅ Hyperlink OK: https://www.youtube.com/watch?v=oTugjssqOT0
DEBUG:root:Checking external hyperlink: https://vimeo.com/902355567/37bc16387e
DEBUG:root:Extracted 160 characters, 29 words from https://wordpress-810691-5571285.cloudwaysapps.com/libraries/what-did-they-mean-by-that-a-dictionary-of-historical-terms-for-genealogists-red-cover-1994/
DEBUG:urllib3.connectionpool:Starting new HTTPS connection (1): wordpress-810691-5571285.cloudwaysapps.com:443
DEBUG:urllib3.connectionpool:Starting new HTTPS connection (1): vimeo.com:443
DEBUG:root:Using regex pattern: \b[a-zA-Z]{3,}\b
DEBUG:root:Found 17 words to check in https://wordpress-810691-5571285.cloudwaysapps.com/libraries/what-did-they-mean-by-that-a-dictionary-of-historical-terms-for-genealogists-red-cover-1994/ (min_length=3)
DEBUG:root:Sample words from https://wordpress-810691-5571285.cloudwaysapps.com/libraries/what-did-they-mean-by-that-a-dictionary-of-historical-terms-for-genealogists-red-cover-1994/: ['This', 'alert', 'Skip', 'content', 'What', 'did', 'they', 'mean', 'that', 'dictionary']
DEBUG:root:Spell check results for https://wordpress-810691-5571285.cloudwaysapps.com/libraries/what-did-they-mean-by-that-a-dictionary-of-historical-terms-for-genealogists-red-cover-1994/: 13 words checked, 4 skipped, 0 errors found
INFO:root:✅ Processed https://wordpress-810691-5571285.cloudwaysapps.com/libraries/what-did-they-mean-by-that-a-dictionary-of-historical-terms-for-genealogists-red-cover-1994/: 0 errors found, 29 words checked
DEBUG:root:Attempting to fetch: https://wordpress-810691-5571285.cloudwaysapps.com/events/preserving-local-history-2026-03-11/
Processing pages:  44%|████▎     | 166/381 [01:37<02:30,  1.43it/s]DEBUG:urllib3.connectionpool:https://accounts.google.com:443 "GET /v3/signin/identifier?continue=https%3A%2F%2Fcalendar.google.com%2Fcalendar%2Fevent%3Faction%3DTEMPLATE%26text%3DPreserving%2BLocal%2BHistory%26dates%3D20260401T100000%2F20260401T120000%26details%3DHelp%2Bin%2Bthe%2Bpreservation%2Bof%2Bour%2Blocal%2Bhistory%2Band%2Bcollections%2C%2Bincluding%2Btranscriptionists%2C%2Bpreservationists%2C%2Bdigitizers%2C%2Band%2Borganization%25C2%25A0projects.%26location%3D2525%2BOakley%2BSeaver%2BDr%2C%2BClermont%2C%2BFL%2C%2B34711%2C%2BUnited%2BStates%26trp%3Dfalse%26sprop%3Dhttps%3A%2F%2Fwordpress-810691-5571285.cloudwaysapps.com%2Fevents%2Fpreserving-local-history-2026-04-01%2F%26sprop%3Dname%3APastfinders%26ctz%3DAmerica%2FNew_York&emr=1&followup=https%3A%2F%2Fcalendar.google.com%2Fcalendar%2Fevent%3Faction%3DTEMPLATE%26text%3DPreserving%2BLocal%2BHistory%26dates%3D20260401T100000%2F20260401T120000%26details%3DHelp%2Bin%2Bthe%2Bpreservation%2Bof%2Bour%2Blocal%2Bhistory%2Band%2Bcollections%2C%2Bincluding%2Btranscriptionists%2C%2Bpreservationists%2C%2Bdigitizers%2C%2Band%2Borganization%25C2%25A0projects.%26location%3D2525%2BOakley%2BSeaver%2BDr%2C%2BClermont%2C%2BFL%2C%2B34711%2C%2BUnited%2BStates%26trp%3Dfalse%26sprop%3Dhttps%3A%2F%2Fwordpress-810691-5571285.cloudwaysapps.com%2Fevents%2Fpreserving-local-history-2026-04-01%2F%26sprop%3Dname%3APastfinders%26ctz%3DAmerica%2FNew_York&ifkv=AdBytiOU4BypwEF9JNsJxXDtMkNmp7C93xu17IfKvrMeHwJ7Z_-rq9QUcZvdndgTiS7_-uTyhg0I3w&osid=1&passive=1209600&service=cl&flowName=WebLiteSignIn&flowEntry=ServiceLogin&dsh=S622775550%3A1756758220725986 HTTP/1.1" 200 None
DEBUG:root:✅ Hyperlink OK: https://www.google.com/calendar/event?action=TEMPLATE&text=Preserving+Local+History&dates=20260401T100000/20260401T120000&details=Help+in+the+preservation+of+our+local+history+and+collections%2C+including+transcriptionists%2C+preservationists%2C+digitizers%2C+and+organization%C2%A0projects.&location=2525+Oakley+Seaver+Dr%2C+Clermont%2C+FL%2C+34711%2C+United+States&trp=false&sprop=https%3A%2F%2Fwordpress-810691-5571285.cloudwaysapps.com%2Fevents%2Fpreserving-local-history-2026-04-01%2F&sprop=name:Pastfinders&ctz=America%2FNew_York
DEBUG:root:Checking external hyperlink: https://outlook.office.com/calendar/0/deeplink/compose?allday=false&body=Help+in+the+preservation+of+our+local+history+and+collections%2C+including+transcriptionists%2C+preservationists%2C+digitizers%2C+and+organization%C2%A0projects.&location=2525+Oakley+Seaver+Dr%2C+Clermont%2C+FL%2C+34711%2C+United+States&path=/calendar/action/compose&rru=addevent&startdt=2026-04-01T10%3A00%3A00-04%3A00&enddt=2026-04-01T12%3A00%3A00-04%3A00&subject=Preserving+Local+History
DEBUG:urllib3.connectionpool:Starting new HTTPS connection (1): outlook.office.com:443
DEBUG:urllib3.connectionpool:https://wordpress-810691-5571285.cloudwaysapps.com:443 "GET /wp-content/uploads/2025/08/IMG_0037_1571799766-1024x933.webp HTTP/1.1" 200 229238
DEBUG:urllib3.connectionpool:https://vimeo.com:443 "GET /902355567/37bc16387e HTTP/1.1" 200 None
DEBUG:root:✅ Hyperlink OK: https://vimeo.com/902355567/37bc16387e
DEBUG:root:Checking external hyperlink: https://vimeo.com/835210167/a0a5232cdb
DEBUG:urllib3.connectionpool:Starting new HTTPS connection (1): vimeo.com:443
DEBUG:root:✅ Image OK: https://wordpress-810691-5571285.cloudwaysapps.com/wp-content/uploads/2025/08/IMG_0037_1571799766-1024x933.webp
DEBUG:root:Checking internal image: https://wordpress-810691-5571285.cloudwaysapps.com/wp-content/uploads/2025/08/IMG_0033_6_1571799766-831x1024.webp
DEBUG:urllib3.connectionpool:Starting new HTTPS connection (1): wordpress-810691-5571285.cloudwaysapps.com:443
DEBUG:urllib3.connectionpool:https://outlook.office.com:443 "GET /calendar/0/deeplink/compose?allday=false&body=Help+in+the+preservation+of+our+local+history+and+collections%2C+including+transcriptionists%2C+preservationists%2C+digitizers%2C+and+organization%C2%A0projects.&location=2525+Oakley+Seaver+Dr%2C+Clermont%2C+FL%2C+34711%2C+United+States&path=/calendar/action/compose&rru=addevent&startdt=2026-04-01T10%3A00%3A00-04%3A00&enddt=2026-04-01T12%3A00%3A00-04%3A00&subject=Preserving+Local+History HTTP/1.1" 200 None
DEBUG:root:✅ Hyperlink OK: https://outlook.office.com/calendar/0/deeplink/compose?allday=false&body=Help+in+the+preservation+of+our+local+history+and+collections%2C+including+transcriptionists%2C+preservationists%2C+digitizers%2C+and+organization%C2%A0projects.&location=2525+Oakley+Seaver+Dr%2C+Clermont%2C+FL%2C+34711%2C+United+States&path=/calendar/action/compose&rru=addevent&startdt=2026-04-01T10%3A00%3A00-04%3A00&enddt=2026-04-01T12%3A00%3A00-04%3A00&subject=Preserving+Local+History
DEBUG:root:Checking external hyperlink: https://outlook.live.com/calendar/0/deeplink/compose?allday=false&body=Help+in+the+preservation+of+our+local+history+and+collections%2C+including+transcriptionists%2C+preservationists%2C+digitizers%2C+and+organization%C2%A0projects.&location=2525+Oakley+Seaver+Dr%2C+Clermont%2C+FL%2C+34711%2C+United+States&path=/calendar/action/compose&rru=addevent&startdt=2026-04-01T10%3A00%3A00-04%3A00&enddt=2026-04-01T12%3A00%3A00-04%3A00&subject=Preserving+Local+History
DEBUG:urllib3.connectionpool:Starting new HTTPS connection (1): outlook.live.com:443
DEBUG:urllib3.connectionpool:https://vimeo.com:443 "GET /835210167/a0a5232cdb HTTP/1.1" 200 None
DEBUG:root:✅ Hyperlink OK: https://vimeo.com/835210167/a0a5232cdb
DEBUG:root:Checking external hyperlink: https://vimeo.com/806915728/bfaf85cf2a
DEBUG:urllib3.connectionpool:Starting new HTTPS connection (1): vimeo.com:443
DEBUG:urllib3.connectionpool:https://wordpress-810691-5571285.cloudwaysapps.com:443 "GET /events/preserving-local-history-2026-03-11/ HTTP/1.1" 200 None
DEBUG:root:Successfully fetched https://wordpress-810691-5571285.cloudwaysapps.com/events/preserving-local-history-2026-03-11/ (Content-Length: 43574)
DEBUG:charset_normalizer:Encoding detection: utf_8 is most likely the one.
DEBUG:urllib3.connectionpool:https://outlook.live.com:443 "GET /calendar/0/deeplink/compose?allday=false&body=Help+in+the+preservation+of+our+local+history+and+collections%2C+including+transcriptionists%2C+preservationists%2C+digitizers%2C+and+organization%C2%A0projects.&location=2525+Oakley+Seaver+Dr%2C+Clermont%2C+FL%2C+34711%2C+United+States&path=/calendar/action/compose&rru=addevent&startdt=2026-04-01T10%3A00%3A00-04%3A00&enddt=2026-04-01T12%3A00%3A00-04%3A00&subject=Preserving+Local+History HTTP/1.1" 200 None
DEBUG:root:✅ Hyperlink OK: https://outlook.live.com/calendar/0/deeplink/compose?allday=false&body=Help+in+the+preservation+of+our+local+history+and+collections%2C+including+transcriptionists%2C+preservationists%2C+digitizers%2C+and+organization%C2%A0projects.&location=2525+Oakley+Seaver+Dr%2C+Clermont%2C+FL%2C+34711%2C+United+States&path=/calendar/action/compose&rru=addevent&startdt=2026-04-01T10%3A00%3A00-04%3A00&enddt=2026-04-01T12%3A00%3A00-04%3A00&subject=Preserving+Local+History
DEBUG:root:Using regex pattern: \b[a-zA-Z]{3,}\b
DEBUG:root:Found 44 words to check in https://wordpress-810691-5571285.cloudwaysapps.com/events/preserving-local-history-2026-04-01/ (min_length=3)
DEBUG:root:Sample words from https://wordpress-810691-5571285.cloudwaysapps.com/events/preserving-local-history-2026-04-01/: ['This', 'alert', 'Skip', 'content', 'Preserving', 'Local', 'History', 'When', 'April', 'Add']
DEBUG:root:Misspelled word found: 'transcriptionists' in https://wordpress-810691-5571285.cloudwaysapps.com/events/preserving-local-history-2026-04-01/
DEBUG:root:Spell check results for https://wordpress-810691-5571285.cloudwaysapps.com/events/preserving-local-history-2026-04-01/: 17 words checked, 27 skipped, 1 errors found
INFO:root:✅ Processed https://wordpress-810691-5571285.cloudwaysapps.com/events/preserving-local-history-2026-04-01/: 1 errors found, 65 words checked
DEBUG:root:Attempting to fetch: https://wordpress-810691-5571285.cloudwaysapps.com/libraries/the-everything-online-genealogy-book/
DEBUG:root:Extracted 444 characters, 65 words from https://wordpress-810691-5571285.cloudwaysapps.com/events/preserving-local-history-2026-03-11/
Processing pages:  44%|████▍     | 167/381 [01:38<02:48,  1.27it/s]DEBUG:urllib3.connectionpool:https://wordpress-810691-5571285.cloudwaysapps.com:443 "GET /wp-content/uploads/2025/08/IMG_0033_6_1571799766-831x1024.webp HTTP/1.1" 200 156002
DEBUG:root:Checking external hyperlink: https://www.google.com/calendar/event?action=TEMPLATE&text=Preserving+Local+History&dates=20260311T100000/20260311T120000&details=Help+in+the+preservation+of+our+local+history+and+collections%2C+including+transcriptionists%2C+preservationists%2C+digitizers%2C+and+organization%C2%A0projects.&location=2525+Oakley+Seaver+Dr%2C+Clermont%2C+FL%2C+34711%2C+United+States&trp=false&sprop=https%3A%2F%2Fwordpress-810691-5571285.cloudwaysapps.com%2Fevents%2Fpreserving-local-history-2026-03-11%2F&sprop=name:Pastfinders&ctz=America%2FNew_York
DEBUG:urllib3.connectionpool:Starting new HTTPS connection (1): www.google.com:443
DEBUG:root:✅ Image OK: https://wordpress-810691-5571285.cloudwaysapps.com/wp-content/uploads/2025/08/IMG_0033_6_1571799766-831x1024.webp
DEBUG:root:Checking internal image: https://wordpress-810691-5571285.cloudwaysapps.com/wp-content/uploads/2025/08/IMG_0033_1571799766-1024x1005.webp
DEBUG:urllib3.connectionpool:Starting new HTTPS connection (1): wordpress-810691-5571285.cloudwaysapps.com:443
DEBUG:urllib3.connectionpool:https://wordpress-810691-5571285.cloudwaysapps.com:443 "GET /libraries/the-everything-online-genealogy-book/ HTTP/1.1" 200 None
DEBUG:root:Successfully fetched https://wordpress-810691-5571285.cloudwaysapps.com/libraries/the-everything-online-genealogy-book/ (Content-Length: 36250)
DEBUG:charset_normalizer:Encoding detection: utf_8 is most likely the one.
DEBUG:urllib3.connectionpool:https://www.google.com:443 "GET /calendar/event?action=TEMPLATE&text=Preserving+Local+History&dates=20260311T100000/20260311T120000&details=Help+in+the+preservation+of+our+local+history+and+collections%2C+including+transcriptionists%2C+preservationists%2C+digitizers%2C+and+organization%C2%A0projects.&location=2525+Oakley+Seaver+Dr%2C+Clermont%2C+FL%2C+34711%2C+United+States&trp=false&sprop=https%3A%2F%2Fwordpress-810691-5571285.cloudwaysapps.com%2Fevents%2Fpreserving-local-history-2026-03-11%2F&sprop=name:Pastfinders&ctz=America%2FNew_York HTTP/1.1" 302 0
DEBUG:root:Extracted 101 characters, 18 words from https://wordpress-810691-5571285.cloudwaysapps.com/libraries/the-everything-online-genealogy-book/
DEBUG:root:Using regex pattern: \b[a-zA-Z]{3,}\b
DEBUG:root:Found 10 words to check in https://wordpress-810691-5571285.cloudwaysapps.com/libraries/the-everything-online-genealogy-book/ (min_length=3)
DEBUG:root:Sample words from https://wordpress-810691-5571285.cloudwaysapps.com/libraries/the-everything-online-genealogy-book/: ['This', 'alert', 'Skip', 'content', 'The', 'everything', 'online', 'genealogy', 'book', 'March']
DEBUG:root:Spell check results for https://wordpress-810691-5571285.cloudwaysapps.com/libraries/the-everything-online-genealogy-book/: 6 words checked, 4 skipped, 0 errors found
INFO:root:✅ Processed https://wordpress-810691-5571285.cloudwaysapps.com/libraries/the-everything-online-genealogy-book/: 0 errors found, 18 words checked
DEBUG:root:Attempting to fetch: https://wordpress-810691-5571285.cloudwaysapps.com/resources/genealogy-research-tips/
Processing pages:  44%|████▍     | 168/381 [01:38<02:08,  1.66it/s]DEBUG:urllib3.connectionpool:Starting new HTTPS connection (1): calendar.google.com:443
DEBUG:urllib3.connectionpool:https://vimeo.com:443 "GET /806915728/bfaf85cf2a HTTP/1.1" 200 None
DEBUG:root:✅ Hyperlink OK: https://vimeo.com/806915728/bfaf85cf2a
DEBUG:root:Checking external hyperlink: https://dos.fl.gov/library-archives/archives/
DEBUG:root:✅ Document OK: https://pastfindersslc.org/upload/newsletters/F_2006.pdf
DEBUG:root:Checking external document: https://pastfindersslc.org/upload/newsletters/su_2006.pdf
DEBUG:urllib3.connectionpool:Starting new HTTPS connection (1): pastfindersslc.org:443
DEBUG:urllib3.connectionpool:Starting new HTTPS connection (1): dos.fl.gov:443
DEBUG:urllib3.connectionpool:https://wordpress-810691-5571285.cloudwaysapps.com:443 "GET /resources/genealogy-research-tips/ HTTP/1.1" 200 None
DEBUG:root:Successfully fetched https://wordpress-810691-5571285.cloudwaysapps.com/resources/genealogy-research-tips/ (Content-Length: 38895)
DEBUG:charset_normalizer:Encoding detection: utf_8 is most likely the one.
DEBUG:root:Extracted 741 characters, 129 words from https://wordpress-810691-5571285.cloudwaysapps.com/resources/genealogy-research-tips/
DEBUG:root:Using regex pattern: \b[a-zA-Z]{3,}\b
DEBUG:root:Found 105 words to check in https://wordpress-810691-5571285.cloudwaysapps.com/resources/genealogy-research-tips/ (min_length=3)
DEBUG:root:Sample words from https://wordpress-810691-5571285.cloudwaysapps.com/resources/genealogy-research-tips/: ['This', 'alert', 'Skip', 'content', 'Genealogy', 'Research', 'Tips', 'June', 'Genealogy', 'research']
DEBUG:root:Spell check results for https://wordpress-810691-5571285.cloudwaysapps.com/resources/genealogy-research-tips/: 82 words checked, 23 skipped, 0 errors found
INFO:root:✅ Processed https://wordpress-810691-5571285.cloudwaysapps.com/resources/genealogy-research-tips/: 0 errors found, 129 words checked
DEBUG:root:Attempting to fetch: https://wordpress-810691-5571285.cloudwaysapps.com/about-us/
DEBUG:urllib3.connectionpool:https://calendar.google.com:443 "GET /calendar/event?action=TEMPLATE&text=Preserving+Local+History&dates=20260311T100000/20260311T120000&details=Help+in+the+preservation+of+our+local+history+and+collections,+including+transcriptionists,+preservationists,+digitizers,+and+organization%C2%A0projects.&location=2525+Oakley+Seaver+Dr,+Clermont,+FL,+34711,+United+States&trp=false&sprop=https://wordpress-810691-5571285.cloudwaysapps.com/events/preserving-local-history-2026-03-11/&sprop=name:Pastfinders&ctz=America/New_York HTTP/1.1" 302 0
DEBUG:urllib3.connectionpool:Starting new HTTPS connection (1): accounts.google.com:443
DEBUG:urllib3.connectionpool:https://wordpress-810691-5571285.cloudwaysapps.com:443 "GET /about-us/ HTTP/1.1" 200 None
DEBUG:root:Successfully fetched https://wordpress-810691-5571285.cloudwaysapps.com/about-us/ (Content-Length: 45617)
DEBUG:charset_normalizer:Encoding detection: utf_8 is most likely the one.
DEBUG:urllib3.connectionpool:https://pastfindersslc.org:443 "GET /upload/newsletters/su_2006.pdf HTTP/1.1" 200 5619688
DEBUG:root:Extracted 3100 characters, 456 words from https://wordpress-810691-5571285.cloudwaysapps.com/about-us/
DEBUG:root:Using regex pattern: \b[a-zA-Z]{3,}\b
DEBUG:root:Found 379 words to check in https://wordpress-810691-5571285.cloudwaysapps.com/about-us/ (min_length=3)
DEBUG:root:Sample words from https://wordpress-810691-5571285.cloudwaysapps.com/about-us/: ['This', 'alert', 'Skip', 'content', 'About', 'January', 'the', 'following', 'members', 'formed']
DEBUG:root:Skipped email/domain fragment: 'com'
DEBUG:root:Skipped email/domain fragment: 'org'
DEBUG:root:Skipped email/domain fragment: 'org'
DEBUG:root:Skipped email/domain fragment: 'com'
DEBUG:root:Spell check results for https://wordpress-810691-5571285.cloudwaysapps.com/about-us/: 197 words checked, 182 skipped, 0 errors found
INFO:root:✅ Processed https://wordpress-810691-5571285.cloudwaysapps.com/about-us/: 0 errors found, 456 words checked
DEBUG:root:Attempting to fetch: https://wordpress-810691-5571285.cloudwaysapps.com/events/research-assistance-2025-08-27-2025-09-03-2025-09-10-2025-09-17-2025-09-24-2025-10-01-2025-10-08-2025-10-15-2025-10-22-2025-10-29-2025-11-05-2025-11-12-2025-11-19-2025-11-26-2025-12-03-2-12-2026-08-19/
Processing pages:  45%|████▍     | 170/381 [01:38<01:19,  2.64it/s]DEBUG:urllib3.connectionpool:https://wordpress-810691-5571285.cloudwaysapps.com:443 "GET /wp-content/uploads/2025/08/IMG_0033_1571799766-1024x1005.webp HTTP/1.1" 200 244554
DEBUG:urllib3.connectionpool:https://accounts.google.com:443 "GET /ServiceLogin?service=cl&passive=1209600&osid=1&continue=https://calendar.google.com/calendar/event?action%3DTEMPLATE%26text%3DPreserving%2BLocal%2BHistory%26dates%3D20260311T100000/20260311T120000%26details%3DHelp%2Bin%2Bthe%2Bpreservation%2Bof%2Bour%2Blocal%2Bhistory%2Band%2Bcollections,%2Bincluding%2Btranscriptionists,%2Bpreservationists,%2Bdigitizers,%2Band%2Borganization%25C2%25A0projects.%26location%3D2525%2BOakley%2BSeaver%2BDr,%2BClermont,%2BFL,%2B34711,%2BUnited%2BStates%26trp%3Dfalse%26sprop%3Dhttps://wordpress-810691-5571285.cloudwaysapps.com/events/preserving-local-history-2026-03-11/%26sprop%3Dname:Pastfinders%26ctz%3DAmerica/New_York&followup=https://calendar.google.com/calendar/event?action%3DTEMPLATE%26text%3DPreserving%2BLocal%2BHistory%26dates%3D20260311T100000/20260311T120000%26details%3DHelp%2Bin%2Bthe%2Bpreservation%2Bof%2Bour%2Blocal%2Bhistory%2Band%2Bcollections,%2Bincluding%2Btranscriptionists,%2Bpreservationists,%2Bdigitizers,%2Band%2Borganization%25C2%25A0projects.%26location%3D2525%2BOakley%2BSeaver%2BDr,%2BClermont,%2BFL,%2B34711,%2BUnited%2BStates%26trp%3Dfalse%26sprop%3Dhttps://wordpress-810691-5571285.cloudwaysapps.com/events/preserving-local-history-2026-03-11/%26sprop%3Dname:Pastfinders%26ctz%3DAmerica/New_York&emr=1 HTTP/1.1" 302 0
DEBUG:urllib3.connectionpool:https://wordpress-810691-5571285.cloudwaysapps.com:443 "GET /events/research-assistance-2025-08-27-2025-09-03-2025-09-10-2025-09-17-2025-09-24-2025-10-01-2025-10-08-2025-10-15-2025-10-22-2025-10-29-2025-11-05-2025-11-12-2025-11-19-2025-11-26-2025-12-03-2-12-2026-08-19/ HTTP/1.1" 200 None
DEBUG:root:Successfully fetched https://wordpress-810691-5571285.cloudwaysapps.com/events/research-assistance-2025-08-27-2025-09-03-2025-09-10-2025-09-17-2025-09-24-2025-10-01-2025-10-08-2025-10-15-2025-10-22-2025-10-29-2025-11-05-2025-11-12-2025-11-19-2025-11-26-2025-12-03-2-12-2026-08-19/ (Content-Length: 44215)
DEBUG:charset_normalizer:Encoding detection: utf_8 is most likely the one.
DEBUG:root:Extracted 490 characters, 85 words from https://wordpress-810691-5571285.cloudwaysapps.com/events/research-assistance-2025-08-27-2025-09-03-2025-09-10-2025-09-17-2025-09-24-2025-10-01-2025-10-08-2025-10-15-2025-10-22-2025-10-29-2025-11-05-2025-11-12-2025-11-19-2025-11-26-2025-12-03-2-12-2026-08-19/
DEBUG:root:Checking external hyperlink: https://www.google.com/calendar/event?action=TEMPLATE&text=Research+Assistance&dates=20260819T130000/20260819T150000&details=Join+us+weekly+in+the+Genealogy+Room+for+in-person+help+with+your+research.+It%E2%80%99s+a+great+chance+to+get+one-on-one+guidance%2C+ask+questions%2C+and+connect+with+others+who+share+your+passion+for+family+history.&location=2525+Oakley+Seaver+Dr%2C+Clermont%2C+FL%2C+34711%2C+United+States&trp=false&sprop=https%3A%2F%2Fwordpress-810691-5571285.cloudwaysapps.com%2Fevents%2Fresearch-assistance-2025-08-27-2025-09-03-2025-09-10-2025-09-17-2025-09-24-2025-10-01-2025-10-08-2025-10-15-2025-10-22-2025-10-29-2025-11-05-2025-11-12-2025-11-19-2025-11-26-2025-12-03-2-12-2026-08-19%2F&sprop=name:Pastfinders&ctz=America%2FNew_York
DEBUG:urllib3.connectionpool:https://dos.fl.gov:443 "GET /library-archives/archives/ HTTP/1.1" 200 None
DEBUG:root:✅ Hyperlink OK: https://dos.fl.gov/library-archives/archives/
DEBUG:root:Checking external hyperlink: https://vimeo.com/747863190/b921e2705a
DEBUG:urllib3.connectionpool:Starting new HTTPS connection (1): www.google.com:443
DEBUG:urllib3.connectionpool:Starting new HTTPS connection (1): vimeo.com:443
DEBUG:root:✅ Image OK: https://wordpress-810691-5571285.cloudwaysapps.com/wp-content/uploads/2025/08/IMG_0033_1571799766-1024x1005.webp
DEBUG:root:Checking internal image: https://wordpress-810691-5571285.cloudwaysapps.com/wp-content/uploads/2025/08/IMG_0039_1571799766-1024x753.webp
DEBUG:urllib3.connectionpool:Starting new HTTPS connection (1): wordpress-810691-5571285.cloudwaysapps.com:443
DEBUG:urllib3.connectionpool:https://accounts.google.com:443 "GET /InteractiveLogin?continue=https://calendar.google.com/calendar/event?action%3DTEMPLATE%26text%3DPreserving%2BLocal%2BHistory%26dates%3D20260311T100000/20260311T120000%26details%3DHelp%2Bin%2Bthe%2Bpreservation%2Bof%2Bour%2Blocal%2Bhistory%2Band%2Bcollections,%2Bincluding%2Btranscriptionists,%2Bpreservationists,%2Bdigitizers,%2Band%2Borganization%25C2%25A0projects.%26location%3D2525%2BOakley%2BSeaver%2BDr,%2BClermont,%2BFL,%2B34711,%2BUnited%2BStates%26trp%3Dfalse%26sprop%3Dhttps://wordpress-810691-5571285.cloudwaysapps.com/events/preserving-local-history-2026-03-11/%26sprop%3Dname:Pastfinders%26ctz%3DAmerica/New_York&emr=1&followup=https://calendar.google.com/calendar/event?action%3DTEMPLATE%26text%3DPreserving%2BLocal%2BHistory%26dates%3D20260311T100000/20260311T120000%26details%3DHelp%2Bin%2Bthe%2Bpreservation%2Bof%2Bour%2Blocal%2Bhistory%2Band%2Bcollections,%2Bincluding%2Btranscriptionists,%2Bpreservationists,%2Bdigitizers,%2Band%2Borganization%25C2%25A0projects.%26location%3D2525%2BOakley%2BSeaver%2BDr,%2BClermont,%2BFL,%2B34711,%2BUnited%2BStates%26trp%3Dfalse%26sprop%3Dhttps://wordpress-810691-5571285.cloudwaysapps.com/events/preserving-local-history-2026-03-11/%26sprop%3Dname:Pastfinders%26ctz%3DAmerica/New_York&osid=1&passive=1209600&service=cl&ifkv=AdBytiOfxpXd0UZmSvTTfu0vaIGuDhYfek-vngOw0k-VdI6loL8Gq1KyV4fIbmXYJPEOP5s4F8zd_A HTTP/1.1" 302 None
DEBUG:urllib3.connectionpool:https://accounts.google.com:443 "GET /v3/signin/identifier?continue=https%3A%2F%2Fcalendar.google.com%2Fcalendar%2Fevent%3Faction%3DTEMPLATE%26text%3DPreserving%2BLocal%2BHistory%26dates%3D20260311T100000%2F20260311T120000%26details%3DHelp%2Bin%2Bthe%2Bpreservation%2Bof%2Bour%2Blocal%2Bhistory%2Band%2Bcollections%2C%2Bincluding%2Btranscriptionists%2C%2Bpreservationists%2C%2Bdigitizers%2C%2Band%2Borganization%25C2%25A0projects.%26location%3D2525%2BOakley%2BSeaver%2BDr%2C%2BClermont%2C%2BFL%2C%2B34711%2C%2BUnited%2BStates%26trp%3Dfalse%26sprop%3Dhttps%3A%2F%2Fwordpress-810691-5571285.cloudwaysapps.com%2Fevents%2Fpreserving-local-history-2026-03-11%2F%26sprop%3Dname%3APastfinders%26ctz%3DAmerica%2FNew_York&emr=1&followup=https%3A%2F%2Fcalendar.google.com%2Fcalendar%2Fevent%3Faction%3DTEMPLATE%26text%3DPreserving%2BLocal%2BHistory%26dates%3D20260311T100000%2F20260311T120000%26details%3DHelp%2Bin%2Bthe%2Bpreservation%2Bof%2Bour%2Blocal%2Bhistory%2Band%2Bcollections%2C%2Bincluding%2Btranscriptionists%2C%2Bpreservationists%2C%2Bdigitizers%2C%2Band%2Borganization%25C2%25A0projects.%26location%3D2525%2BOakley%2BSeaver%2BDr%2C%2BClermont%2C%2BFL%2C%2B34711%2C%2BUnited%2BStates%26trp%3Dfalse%26sprop%3Dhttps%3A%2F%2Fwordpress-810691-5571285.cloudwaysapps.com%2Fevents%2Fpreserving-local-history-2026-03-11%2F%26sprop%3Dname%3APastfinders%26ctz%3DAmerica%2FNew_York&ifkv=AdBytiOajJSpMDNGlmOwN8xTAHy-MDPVnU5wL3g6rqhxEvwjGOUAgiWWnIqnR7wQabg9Kx29hY8q&osid=1&passive=1209600&service=cl&flowName=WebLiteSignIn&flowEntry=ServiceLogin&dsh=S153331272%3A1756758223040801 HTTP/1.1" 200 None
DEBUG:urllib3.connectionpool:https://www.google.com:443 "GET /calendar/event?action=TEMPLATE&text=Research+Assistance&dates=20260819T130000/20260819T150000&details=Join+us+weekly+in+the+Genealogy+Room+for+in-person+help+with+your+research.+It%E2%80%99s+a+great+chance+to+get+one-on-one+guidance%2C+ask+questions%2C+and+connect+with+others+who+share+your+passion+for+family+history.&location=2525+Oakley+Seaver+Dr%2C+Clermont%2C+FL%2C+34711%2C+United+States&trp=false&sprop=https%3A%2F%2Fwordpress-810691-5571285.cloudwaysapps.com%2Fevents%2Fresearch-assistance-2025-08-27-2025-09-03-2025-09-10-2025-09-17-2025-09-24-2025-10-01-2025-10-08-2025-10-15-2025-10-22-2025-10-29-2025-11-05-2025-11-12-2025-11-19-2025-11-26-2025-12-03-2-12-2026-08-19%2F&sprop=name:Pastfinders&ctz=America%2FNew_York HTTP/1.1" 302 0
DEBUG:urllib3.connectionpool:Starting new HTTPS connection (1): calendar.google.com:443
DEBUG:root:✅ Hyperlink OK: https://www.google.com/calendar/event?action=TEMPLATE&text=Preserving+Local+History&dates=20260311T100000/20260311T120000&details=Help+in+the+preservation+of+our+local+history+and+collections%2C+including+transcriptionists%2C+preservationists%2C+digitizers%2C+and+organization%C2%A0projects.&location=2525+Oakley+Seaver+Dr%2C+Clermont%2C+FL%2C+34711%2C+United+States&trp=false&sprop=https%3A%2F%2Fwordpress-810691-5571285.cloudwaysapps.com%2Fevents%2Fpreserving-local-history-2026-03-11%2F&sprop=name:Pastfinders&ctz=America%2FNew_York
DEBUG:root:Checking external hyperlink: https://outlook.office.com/calendar/0/deeplink/compose?allday=false&body=Help+in+the+preservation+of+our+local+history+and+collections%2C+including+transcriptionists%2C+preservationists%2C+digitizers%2C+and+organization%C2%A0projects.&location=2525+Oakley+Seaver+Dr%2C+Clermont%2C+FL%2C+34711%2C+United+States&path=/calendar/action/compose&rru=addevent&startdt=2026-03-11T10%3A00%3A00-04%3A00&enddt=2026-03-11T12%3A00%3A00-04%3A00&subject=Preserving+Local+History
DEBUG:urllib3.connectionpool:Starting new HTTPS connection (1): outlook.office.com:443
DEBUG:urllib3.connectionpool:https://calendar.google.com:443 "GET /calendar/event?action=TEMPLATE&text=Research+Assistance&dates=20260819T130000/20260819T150000&details=Join+us+weekly+in+the+Genealogy+Room+for+in-person+help+with+your+research.+It%E2%80%99s+a+great+chance+to+get+one-on-one+guidance,+ask+questions,+and+connect+with+others+who+share+your+passion+for+family+history.&location=2525+Oakley+Seaver+Dr,+Clermont,+FL,+34711,+United+States&trp=false&sprop=https://wordpress-810691-5571285.cloudwaysapps.com/events/research-assistance-2025-08-27-2025-09-03-2025-09-10-2025-09-17-2025-09-24-2025-10-01-2025-10-08-2025-10-15-2025-10-22-2025-10-29-2025-11-05-2025-11-12-2025-11-19-2025-11-26-2025-12-03-2-12-2026-08-19/&sprop=name:Pastfinders&ctz=America/New_York HTTP/1.1" 302 0
DEBUG:urllib3.connectionpool:Starting new HTTPS connection (1): accounts.google.com:443
DEBUG:urllib3.connectionpool:https://wordpress-810691-5571285.cloudwaysapps.com:443 "GET /wp-content/uploads/2025/08/IMG_0039_1571799766-1024x753.webp HTTP/1.1" 200 210590
DEBUG:urllib3.connectionpool:https://vimeo.com:443 "GET /747863190/b921e2705a HTTP/1.1" 200 None
DEBUG:root:✅ Hyperlink OK: https://vimeo.com/747863190/b921e2705a
DEBUG:root:Checking external hyperlink: https://vimeo.com/653803757/4db37de7e0
DEBUG:urllib3.connectionpool:Starting new HTTPS connection (1): vimeo.com:443
DEBUG:root:✅ Image OK: https://wordpress-810691-5571285.cloudwaysapps.com/wp-content/uploads/2025/08/IMG_0039_1571799766-1024x753.webp
DEBUG:root:Checking internal image: https://wordpress-810691-5571285.cloudwaysapps.com/wp-content/uploads/2025/08/IMG_0034_9_1571799766-725x1024.webp
DEBUG:urllib3.connectionpool:Starting new HTTPS connection (1): wordpress-810691-5571285.cloudwaysapps.com:443
DEBUG:urllib3.connectionpool:https://outlook.office.com:443 "GET /calendar/0/deeplink/compose?allday=false&body=Help+in+the+preservation+of+our+local+history+and+collections%2C+including+transcriptionists%2C+preservationists%2C+digitizers%2C+and+organization%C2%A0projects.&location=2525+Oakley+Seaver+Dr%2C+Clermont%2C+FL%2C+34711%2C+United+States&path=/calendar/action/compose&rru=addevent&startdt=2026-03-11T10%3A00%3A00-04%3A00&enddt=2026-03-11T12%3A00%3A00-04%3A00&subject=Preserving+Local+History HTTP/1.1" 200 None
DEBUG:root:✅ Hyperlink OK: https://outlook.office.com/calendar/0/deeplink/compose?allday=false&body=Help+in+the+preservation+of+our+local+history+and+collections%2C+including+transcriptionists%2C+preservationists%2C+digitizers%2C+and+organization%C2%A0projects.&location=2525+Oakley+Seaver+Dr%2C+Clermont%2C+FL%2C+34711%2C+United+States&path=/calendar/action/compose&rru=addevent&startdt=2026-03-11T10%3A00%3A00-04%3A00&enddt=2026-03-11T12%3A00%3A00-04%3A00&subject=Preserving+Local+History
DEBUG:root:Checking external hyperlink: https://outlook.live.com/calendar/0/deeplink/compose?allday=false&body=Help+in+the+preservation+of+our+local+history+and+collections%2C+including+transcriptionists%2C+preservationists%2C+digitizers%2C+and+organization%C2%A0projects.&location=2525+Oakley+Seaver+Dr%2C+Clermont%2C+FL%2C+34711%2C+United+States&path=/calendar/action/compose&rru=addevent&startdt=2026-03-11T10%3A00%3A00-04%3A00&enddt=2026-03-11T12%3A00%3A00-04%3A00&subject=Preserving+Local+History
DEBUG:urllib3.connectionpool:Starting new HTTPS connection (1): outlook.live.com:443
DEBUG:urllib3.connectionpool:https://accounts.google.com:443 "GET /ServiceLogin?service=cl&passive=1209600&osid=1&continue=https://calendar.google.com/calendar/event?action%3DTEMPLATE%26text%3DResearch%2BAssistance%26dates%3D20260819T130000/20260819T150000%26details%3DJoin%2Bus%2Bweekly%2Bin%2Bthe%2BGenealogy%2BRoom%2Bfor%2Bin-person%2Bhelp%2Bwith%2Byour%2Bresearch.%2BIt%25E2%2580%2599s%2Ba%2Bgreat%2Bchance%2Bto%2Bget%2Bone-on-one%2Bguidance,%2Bask%2Bquestions,%2Band%2Bconnect%2Bwith%2Bothers%2Bwho%2Bshare%2Byour%2Bpassion%2Bfor%2Bfamily%2Bhistory.%26location%3D2525%2BOakley%2BSeaver%2BDr,%2BClermont,%2BFL,%2B34711,%2BUnited%2BStates%26trp%3Dfalse%26sprop%3Dhttps://wordpress-810691-5571285.cloudwaysapps.com/events/research-assistance-2025-08-27-2025-09-03-2025-09-10-2025-09-17-2025-09-24-2025-10-01-2025-10-08-2025-10-15-2025-10-22-2025-10-29-2025-11-05-2025-11-12-2025-11-19-2025-11-26-2025-12-03-2-12-2026-08-19/%26sprop%3Dname:Pastfinders%26ctz%3DAmerica/New_York&followup=https://calendar.google.com/calendar/event?action%3DTEMPLATE%26text%3DResearch%2BAssistance%26dates%3D20260819T130000/20260819T150000%26details%3DJoin%2Bus%2Bweekly%2Bin%2Bthe%2BGenealogy%2BRoom%2Bfor%2Bin-person%2Bhelp%2Bwith%2Byour%2Bresearch.%2BIt%25E2%2580%2599s%2Ba%2Bgreat%2Bchance%2Bto%2Bget%2Bone-on-one%2Bguidance,%2Bask%2Bquestions,%2Band%2Bconnect%2Bwith%2Bothers%2Bwho%2Bshare%2Byour%2Bpassion%2Bfor%2Bfamily%2Bhistory.%26location%3D2525%2BOakley%2BSeaver%2BDr,%2BClermont,%2BFL,%2B34711,%2BUnited%2BStates%26trp%3Dfalse%26sprop%3Dhttps://wordpress-810691-5571285.cloudwaysapps.com/events/research-assistance-2025-08-27-2025-09-03-2025-09-10-2025-09-17-2025-09-24-2025-10-01-2025-10-08-2025-10-15-2025-10-22-2025-10-29-2025-11-05-2025-11-12-2025-11-19-2025-11-26-2025-12-03-2-12-2026-08-19/%26sprop%3Dname:Pastfinders%26ctz%3DAmerica/New_York&emr=1 HTTP/1.1" 302 0
DEBUG:urllib3.connectionpool:https://vimeo.com:443 "GET /653803757/4db37de7e0 HTTP/1.1" 200 None
DEBUG:root:✅ Hyperlink OK: https://vimeo.com/653803757/4db37de7e0
DEBUG:urllib3.connectionpool:https://accounts.google.com:443 "GET /InteractiveLogin?continue=https://calendar.google.com/calendar/event?action%3DTEMPLATE%26text%3DResearch%2BAssistance%26dates%3D20260819T130000/20260819T150000%26details%3DJoin%2Bus%2Bweekly%2Bin%2Bthe%2BGenealogy%2BRoom%2Bfor%2Bin-person%2Bhelp%2Bwith%2Byour%2Bresearch.%2BIt%25E2%2580%2599s%2Ba%2Bgreat%2Bchance%2Bto%2Bget%2Bone-on-one%2Bguidance,%2Bask%2Bquestions,%2Band%2Bconnect%2Bwith%2Bothers%2Bwho%2Bshare%2Byour%2Bpassion%2Bfor%2Bfamily%2Bhistory.%26location%3D2525%2BOakley%2BSeaver%2BDr,%2BClermont,%2BFL,%2B34711,%2BUnited%2BStates%26trp%3Dfalse%26sprop%3Dhttps://wordpress-810691-5571285.cloudwaysapps.com/events/research-assistance-2025-08-27-2025-09-03-2025-09-10-2025-09-17-2025-09-24-2025-10-01-2025-10-08-2025-10-15-2025-10-22-2025-10-29-2025-11-05-2025-11-12-2025-11-19-2025-11-26-2025-12-03-2-12-2026-08-19/%26sprop%3Dname:Pastfinders%26ctz%3DAmerica/New_York&emr=1&followup=https://calendar.google.com/calendar/event?action%3DTEMPLATE%26text%3DResearch%2BAssistance%26dates%3D20260819T130000/20260819T150000%26details%3DJoin%2Bus%2Bweekly%2Bin%2Bthe%2BGenealogy%2BRoom%2Bfor%2Bin-person%2Bhelp%2Bwith%2Byour%2Bresearch.%2BIt%25E2%2580%2599s%2Ba%2Bgreat%2Bchance%2Bto%2Bget%2Bone-on-one%2Bguidance,%2Bask%2Bquestions,%2Band%2Bconnect%2Bwith%2Bothers%2Bwho%2Bshare%2Byour%2Bpassion%2Bfor%2Bfamily%2Bhistory.%26location%3D2525%2BOakley%2BSeaver%2BDr,%2BClermont,%2BFL,%2B34711,%2BUnited%2BStates%26trp%3Dfalse%26sprop%3Dhttps://wordpress-810691-5571285.cloudwaysapps.com/events/research-assistance-2025-08-27-2025-09-03-2025-09-10-2025-09-17-2025-09-24-2025-10-01-2025-10-08-2025-10-15-2025-10-22-2025-10-29-2025-11-05-2025-11-12-2025-11-19-2025-11-26-2025-12-03-2-12-2026-08-19/%26sprop%3Dname:Pastfinders%26ctz%3DAmerica/New_York&osid=1&passive=1209600&service=cl&ifkv=AdBytiNDITUiXTbAIP96lvfY6Oz_jSPDW8AtxuvY2DbndiDsglVZ9fsGGe5ctE4d3liAmLVYn7SjBg HTTP/1.1" 302 None
DEBUG:root:Using regex pattern: \b[a-zA-Z]{3,}\b
DEBUG:root:Found 554 words to check in https://wordpress-810691-5571285.cloudwaysapps.com/members-only/monthly-meeting-videos/ (min_length=3)
DEBUG:root:Sample words from https://wordpress-810691-5571285.cloudwaysapps.com/members-only/monthly-meeting-videos/: ['This', 'alert', 'Skip', 'content', 'Monthly', 'Meeting', 'Videos', 'View', 'our', 'archive']
DEBUG:root:Skipped email/domain fragment: 'com'
DEBUG:root:Skipped email/domain fragment: 'newspapers'
DEBUG:root:Misspelled word found: 'slideshow' in https://wordpress-810691-5571285.cloudwaysapps.com/members-only/monthly-meeting-videos/
DEBUG:root:Skipped email/domain fragment: 'https'
DEBUG:root:Skipped email/domain fragment: 'dos'
DEBUG:root:Skipped email/domain fragment: 'gov'
DEBUG:root:Skipped email/domain fragment: 'library'
DEBUG:root:Skipped email/domain fragment: 'archives'
DEBUG:root:Skipped email/domain fragment: 'archives'
DEBUG:root:Skipped email/domain fragment: 'dos'
DEBUG:root:Skipped email/domain fragment: 'myflorida'
DEBUG:root:Skipped email/domain fragment: 'com'
DEBUG:root:Spell check results for https://wordpress-810691-5571285.cloudwaysapps.com/members-only/monthly-meeting-videos/: 345 words checked, 209 skipped, 1 errors found
INFO:root:✅ Processed https://wordpress-810691-5571285.cloudwaysapps.com/members-only/monthly-meeting-videos/: 1 errors found, 700 words checked
DEBUG:root:Attempting to fetch: https://wordpress-810691-5571285.cloudwaysapps.com/events/research-assistance-2025-08-27-2025-09-03-2025-09-10-2025-09-17-2025-09-24-2025-10-01-2025-10-08-2025-10-15-2025-10-22-2025-10-29-2025-11-05-2025-11-12-2025-11-19-2025-11-26-2025-12-03-2-23-2026-09-30/
Processing pages:  45%|████▍     | 171/381 [01:39<01:41,  2.06it/s]DEBUG:urllib3.connectionpool:https://wordpress-810691-5571285.cloudwaysapps.com:443 "GET /events/research-assistance-2025-08-27-2025-09-03-2025-09-10-2025-09-17-2025-09-24-2025-10-01-2025-10-08-2025-10-15-2025-10-22-2025-10-29-2025-11-05-2025-11-12-2025-11-19-2025-11-26-2025-12-03-2-23-2026-09-30/ HTTP/1.1" 200 None
DEBUG:root:Successfully fetched https://wordpress-810691-5571285.cloudwaysapps.com/events/research-assistance-2025-08-27-2025-09-03-2025-09-10-2025-09-17-2025-09-24-2025-10-01-2025-10-08-2025-10-15-2025-10-22-2025-10-29-2025-11-05-2025-11-12-2025-11-19-2025-11-26-2025-12-03-2-23-2026-09-30/ (Content-Length: 44219)
DEBUG:urllib3.connectionpool:https://accounts.google.com:443 "GET /v3/signin/identifier?continue=https%3A%2F%2Fcalendar.google.com%2Fcalendar%2Fevent%3Faction%3DTEMPLATE%26text%3DResearch%2BAssistance%26dates%3D20260819T130000%2F20260819T150000%26details%3DJoin%2Bus%2Bweekly%2Bin%2Bthe%2BGenealogy%2BRoom%2Bfor%2Bin-person%2Bhelp%2Bwith%2Byour%2Bresearch.%2BIt%25E2%2580%2599s%2Ba%2Bgreat%2Bchance%2Bto%2Bget%2Bone-on-one%2Bguidance%2C%2Bask%2Bquestions%2C%2Band%2Bconnect%2Bwith%2Bothers%2Bwho%2Bshare%2Byour%2Bpassion%2Bfor%2Bfamily%2Bhistory.%26location%3D2525%2BOakley%2BSeaver%2BDr%2C%2BClermont%2C%2BFL%2C%2B34711%2C%2BUnited%2BStates%26trp%3Dfalse%26sprop%3Dhttps%3A%2F%2Fwordpress-810691-5571285.cloudwaysapps.com%2Fevents%2Fresearch-assistance-2025-08-27-2025-09-03-2025-09-10-2025-09-17-2025-09-24-2025-10-01-2025-10-08-2025-10-15-2025-10-22-2025-10-29-2025-11-05-2025-11-12-2025-11-19-2025-11-26-2025-12-03-2-12-2026-08-19%2F%26sprop%3Dname%3APastfinders%26ctz%3DAmerica%2FNew_York&emr=1&followup=https%3A%2F%2Fcalendar.google.com%2Fcalendar%2Fevent%3Faction%3DTEMPLATE%26text%3DResearch%2BAssistance%26dates%3D20260819T130000%2F20260819T150000%26details%3DJoin%2Bus%2Bweekly%2Bin%2Bthe%2BGenealogy%2BRoom%2Bfor%2Bin-person%2Bhelp%2Bwith%2Byour%2Bresearch.%2BIt%25E2%2580%2599s%2Ba%2Bgreat%2Bchance%2Bto%2Bget%2Bone-on-one%2Bguidance%2C%2Bask%2Bquestions%2C%2Band%2Bconnect%2Bwith%2Bothers%2Bwho%2Bshare%2Byour%2Bpassion%2Bfor%2Bfamily%2Bhistory.%26location%3D2525%2BOakley%2BSeaver%2BDr%2C%2BClermont%2C%2BFL%2C%2B34711%2C%2BUnited%2BStates%26trp%3Dfalse%26sprop%3Dhttps%3A%2F%2Fwordpress-810691-5571285.cloudwaysapps.com%2Fevents%2Fresearch-assistance-2025-08-27-2025-09-03-2025-09-10-2025-09-17-2025-09-24-2025-10-01-2025-10-08-2025-10-15-2025-10-22-2025-10-29-2025-11-05-2025-11-12-2025-11-19-2025-11-26-2025-12-03-2-12-2026-08-19%2F%26sprop%3Dname%3APastfinders%26ctz%3DAmerica%2FNew_York&ifkv=AdBytiNiVxKGDuaNcb1gd8I-Vs9ShMmKaVjcUBsSHa2O9ofQcf9DmgQEFvkwerqvZkX473jOleqHpQ&osid=1&passive=1209600&service=cl&flowName=WebLiteSignIn&flowEntry=ServiceLogin&dsh=S-969481677%3A1756758223458355 HTTP/1.1" 200 None
DEBUG:charset_normalizer:Encoding detection: utf_8 is most likely the one.
DEBUG:root:Extracted 493 characters, 85 words from https://wordpress-810691-5571285.cloudwaysapps.com/events/research-assistance-2025-08-27-2025-09-03-2025-09-10-2025-09-17-2025-09-24-2025-10-01-2025-10-08-2025-10-15-2025-10-22-2025-10-29-2025-11-05-2025-11-12-2025-11-19-2025-11-26-2025-12-03-2-23-2026-09-30/
DEBUG:root:Checking external hyperlink: https://www.google.com/calendar/event?action=TEMPLATE&text=Research+Assistance&dates=20260930T130000/20260930T150000&details=Join+us+weekly+in+the+Genealogy+Room+for+in-person+help+with+your+research.+It%E2%80%99s+a+great+chance+to+get+one-on-one+guidance%2C+ask+questions%2C+and+connect+with+others+who+share+your+passion+for+family+history.&location=2525+Oakley+Seaver+Dr%2C+Clermont%2C+FL%2C+34711%2C+United+States&trp=false&sprop=https%3A%2F%2Fwordpress-810691-5571285.cloudwaysapps.com%2Fevents%2Fresearch-assistance-2025-08-27-2025-09-03-2025-09-10-2025-09-17-2025-09-24-2025-10-01-2025-10-08-2025-10-15-2025-10-22-2025-10-29-2025-11-05-2025-11-12-2025-11-19-2025-11-26-2025-12-03-2-23-2026-09-30%2F&sprop=name:Pastfinders&ctz=America%2FNew_York
DEBUG:urllib3.connectionpool:Starting new HTTPS connection (1): www.google.com:443
DEBUG:root:✅ Hyperlink OK: https://www.google.com/calendar/event?action=TEMPLATE&text=Research+Assistance&dates=20260819T130000/20260819T150000&details=Join+us+weekly+in+the+Genealogy+Room+for+in-person+help+with+your+research.+It%E2%80%99s+a+great+chance+to+get+one-on-one+guidance%2C+ask+questions%2C+and+connect+with+others+who+share+your+passion+for+family+history.&location=2525+Oakley+Seaver+Dr%2C+Clermont%2C+FL%2C+34711%2C+United+States&trp=false&sprop=https%3A%2F%2Fwordpress-810691-5571285.cloudwaysapps.com%2Fevents%2Fresearch-assistance-2025-08-27-2025-09-03-2025-09-10-2025-09-17-2025-09-24-2025-10-01-2025-10-08-2025-10-15-2025-10-22-2025-10-29-2025-11-05-2025-11-12-2025-11-19-2025-11-26-2025-12-03-2-12-2026-08-19%2F&sprop=name:Pastfinders&ctz=America%2FNew_York
DEBUG:root:Checking external hyperlink: https://outlook.office.com/calendar/0/deeplink/compose?allday=false&body=Join+us+weekly+in+the+Genealogy+Room+for+in-person+help+with+your+research.+It%E2%80%99s+a+great+chance+to+get+one-on-one+guidance%2C+ask+questions%2C+and+connect+with+others+who+share+your+passion+for+family+history.&location=2525+Oakley+Seaver+Dr%2C+Clermont%2C+FL%2C+34711%2C+United+States&path=/calendar/action/compose&rru=addevent&startdt=2026-08-19T13%3A00%3A00-04%3A00&enddt=2026-08-19T15%3A00%3A00-04%3A00&subject=Research+Assistance
DEBUG:urllib3.connectionpool:Starting new HTTPS connection (1): outlook.office.com:443
DEBUG:urllib3.connectionpool:https://outlook.live.com:443 "GET /calendar/0/deeplink/compose?allday=false&body=Help+in+the+preservation+of+our+local+history+and+collections%2C+including+transcriptionists%2C+preservationists%2C+digitizers%2C+and+organization%C2%A0projects.&location=2525+Oakley+Seaver+Dr%2C+Clermont%2C+FL%2C+34711%2C+United+States&path=/calendar/action/compose&rru=addevent&startdt=2026-03-11T10%3A00%3A00-04%3A00&enddt=2026-03-11T12%3A00%3A00-04%3A00&subject=Preserving+Local+History HTTP/1.1" 200 None
DEBUG:root:✅ Hyperlink OK: https://outlook.live.com/calendar/0/deeplink/compose?allday=false&body=Help+in+the+preservation+of+our+local+history+and+collections%2C+including+transcriptionists%2C+preservationists%2C+digitizers%2C+and+organization%C2%A0projects.&location=2525+Oakley+Seaver+Dr%2C+Clermont%2C+FL%2C+34711%2C+United+States&path=/calendar/action/compose&rru=addevent&startdt=2026-03-11T10%3A00%3A00-04%3A00&enddt=2026-03-11T12%3A00%3A00-04%3A00&subject=Preserving+Local+History
DEBUG:root:Using regex pattern: \b[a-zA-Z]{3,}\b
DEBUG:root:Found 44 words to check in https://wordpress-810691-5571285.cloudwaysapps.com/events/preserving-local-history-2026-03-11/ (min_length=3)
DEBUG:root:Sample words from https://wordpress-810691-5571285.cloudwaysapps.com/events/preserving-local-history-2026-03-11/: ['This', 'alert', 'Skip', 'content', 'Preserving', 'Local', 'History', 'When', 'March', 'Add']
DEBUG:root:Misspelled word found: 'transcriptionists' in https://wordpress-810691-5571285.cloudwaysapps.com/events/preserving-local-history-2026-03-11/
DEBUG:root:Spell check results for https://wordpress-810691-5571285.cloudwaysapps.com/events/preserving-local-history-2026-03-11/: 17 words checked, 27 skipped, 1 errors found
INFO:root:✅ Processed https://wordpress-810691-5571285.cloudwaysapps.com/events/preserving-local-history-2026-03-11/: 1 errors found, 65 words checked
DEBUG:root:Attempting to fetch: https://wordpress-810691-5571285.cloudwaysapps.com/events/preserving-local-history-2025-10-15/
Processing pages:  45%|████▌     | 172/381 [01:39<01:24,  2.47it/s]DEBUG:urllib3.connectionpool:https://wordpress-810691-5571285.cloudwaysapps.com:443 "GET /wp-content/uploads/2025/08/IMG_0034_9_1571799766-725x1024.webp HTTP/1.1" 200 171846
DEBUG:urllib3.connectionpool:https://www.google.com:443 "GET /calendar/event?action=TEMPLATE&text=Research+Assistance&dates=20260930T130000/20260930T150000&details=Join+us+weekly+in+the+Genealogy+Room+for+in-person+help+with+your+research.+It%E2%80%99s+a+great+chance+to+get+one-on-one+guidance%2C+ask+questions%2C+and+connect+with+others+who+share+your+passion+for+family+history.&location=2525+Oakley+Seaver+Dr%2C+Clermont%2C+FL%2C+34711%2C+United+States&trp=false&sprop=https%3A%2F%2Fwordpress-810691-5571285.cloudwaysapps.com%2Fevents%2Fresearch-assistance-2025-08-27-2025-09-03-2025-09-10-2025-09-17-2025-09-24-2025-10-01-2025-10-08-2025-10-15-2025-10-22-2025-10-29-2025-11-05-2025-11-12-2025-11-19-2025-11-26-2025-12-03-2-23-2026-09-30%2F&sprop=name:Pastfinders&ctz=America%2FNew_York HTTP/1.1" 302 0
DEBUG:urllib3.connectionpool:Starting new HTTPS connection (1): calendar.google.com:443
DEBUG:urllib3.connectionpool:https://wordpress-810691-5571285.cloudwaysapps.com:443 "GET /events/preserving-local-history-2025-10-15/ HTTP/1.1" 200 None
DEBUG:root:Successfully fetched https://wordpress-810691-5571285.cloudwaysapps.com/events/preserving-local-history-2025-10-15/ (Content-Length: 42734)
DEBUG:charset_normalizer:Encoding detection: utf_8 is most likely the one.
DEBUG:root:Extracted 446 characters, 65 words from https://wordpress-810691-5571285.cloudwaysapps.com/events/preserving-local-history-2025-10-15/
DEBUG:root:Checking external hyperlink: https://www.google.com/calendar/event?action=TEMPLATE&text=Preserving+Local+History&dates=20251015T100000/20251015T120000&details=Help+in+the+preservation+of+our+local+history+and+collections%2C+including+transcriptionists%2C+preservationists%2C+digitizers%2C+and+organization%C2%A0projects.&location=2525+Oakley+Seaver+Dr%2C+Clermont%2C+FL%2C+34711%2C+United+States&trp=false&sprop=https%3A%2F%2Fwordpress-810691-5571285.cloudwaysapps.com%2Fevents%2Fpreserving-local-history-2025-10-15%2F&sprop=name:Pastfinders&ctz=America%2FNew_York
DEBUG:root:✅ Image OK: https://wordpress-810691-5571285.cloudwaysapps.com/wp-content/uploads/2025/08/IMG_0034_9_1571799766-725x1024.webp
DEBUG:urllib3.connectionpool:Starting new HTTPS connection (1): www.google.com:443
DEBUG:root:Checking internal image: https://wordpress-810691-5571285.cloudwaysapps.com/wp-content/uploads/2025/08/IMG_0035_5_1571799766-1024x684.webp
DEBUG:urllib3.connectionpool:Starting new HTTPS connection (1): wordpress-810691-5571285.cloudwaysapps.com:443
DEBUG:urllib3.connectionpool:https://outlook.office.com:443 "GET /calendar/0/deeplink/compose?allday=false&body=Join+us+weekly+in+the+Genealogy+Room+for+in-person+help+with+your+research.+It%E2%80%99s+a+great+chance+to+get+one-on-one+guidance%2C+ask+questions%2C+and+connect+with+others+who+share+your+passion+for+family+history.&location=2525+Oakley+Seaver+Dr%2C+Clermont%2C+FL%2C+34711%2C+United+States&path=/calendar/action/compose&rru=addevent&startdt=2026-08-19T13%3A00%3A00-04%3A00&enddt=2026-08-19T15%3A00%3A00-04%3A00&subject=Research+Assistance HTTP/1.1" 200 None
DEBUG:root:✅ Hyperlink OK: https://outlook.office.com/calendar/0/deeplink/compose?allday=false&body=Join+us+weekly+in+the+Genealogy+Room+for+in-person+help+with+your+research.+It%E2%80%99s+a+great+chance+to+get+one-on-one+guidance%2C+ask+questions%2C+and+connect+with+others+who+share+your+passion+for+family+history.&location=2525+Oakley+Seaver+Dr%2C+Clermont%2C+FL%2C+34711%2C+United+States&path=/calendar/action/compose&rru=addevent&startdt=2026-08-19T13%3A00%3A00-04%3A00&enddt=2026-08-19T15%3A00%3A00-04%3A00&subject=Research+Assistance
DEBUG:root:Checking external hyperlink: https://outlook.live.com/calendar/0/deeplink/compose?allday=false&body=Join+us+weekly+in+the+Genealogy+Room+for+in-person+help+with+your+research.+It%E2%80%99s+a+great+chance+to+get+one-on-one+guidance%2C+ask+questions%2C+and+connect+with+others+who+share+your+passion+for+family+history.&location=2525+Oakley+Seaver+Dr%2C+Clermont%2C+FL%2C+34711%2C+United+States&path=/calendar/action/compose&rru=addevent&startdt=2026-08-19T13%3A00%3A00-04%3A00&enddt=2026-08-19T15%3A00%3A00-04%3A00&subject=Research+Assistance
DEBUG:urllib3.connectionpool:Starting new HTTPS connection (1): outlook.live.com:443
DEBUG:urllib3.connectionpool:https://www.google.com:443 "GET /calendar/event?action=TEMPLATE&text=Preserving+Local+History&dates=20251015T100000/20251015T120000&details=Help+in+the+preservation+of+our+local+history+and+collections%2C+including+transcriptionists%2C+preservationists%2C+digitizers%2C+and+organization%C2%A0projects.&location=2525+Oakley+Seaver+Dr%2C+Clermont%2C+FL%2C+34711%2C+United+States&trp=false&sprop=https%3A%2F%2Fwordpress-810691-5571285.cloudwaysapps.com%2Fevents%2Fpreserving-local-history-2025-10-15%2F&sprop=name:Pastfinders&ctz=America%2FNew_York HTTP/1.1" 302 0
DEBUG:urllib3.connectionpool:Starting new HTTPS connection (1): calendar.google.com:443
DEBUG:urllib3.connectionpool:https://calendar.google.com:443 "GET /calendar/event?action=TEMPLATE&text=Research+Assistance&dates=20260930T130000/20260930T150000&details=Join+us+weekly+in+the+Genealogy+Room+for+in-person+help+with+your+research.+It%E2%80%99s+a+great+chance+to+get+one-on-one+guidance,+ask+questions,+and+connect+with+others+who+share+your+passion+for+family+history.&location=2525+Oakley+Seaver+Dr,+Clermont,+FL,+34711,+United+States&trp=false&sprop=https://wordpress-810691-5571285.cloudwaysapps.com/events/research-assistance-2025-08-27-2025-09-03-2025-09-10-2025-09-17-2025-09-24-2025-10-01-2025-10-08-2025-10-15-2025-10-22-2025-10-29-2025-11-05-2025-11-12-2025-11-19-2025-11-26-2025-12-03-2-23-2026-09-30/&sprop=name:Pastfinders&ctz=America/New_York HTTP/1.1" 302 0
DEBUG:urllib3.connectionpool:Starting new HTTPS connection (1): accounts.google.com:443
DEBUG:urllib3.connectionpool:https://accounts.google.com:443 "GET /ServiceLogin?service=cl&passive=1209600&osid=1&continue=https://calendar.google.com/calendar/event?action%3DTEMPLATE%26text%3DResearch%2BAssistance%26dates%3D20260930T130000/20260930T150000%26details%3DJoin%2Bus%2Bweekly%2Bin%2Bthe%2BGenealogy%2BRoom%2Bfor%2Bin-person%2Bhelp%2Bwith%2Byour%2Bresearch.%2BIt%25E2%2580%2599s%2Ba%2Bgreat%2Bchance%2Bto%2Bget%2Bone-on-one%2Bguidance,%2Bask%2Bquestions,%2Band%2Bconnect%2Bwith%2Bothers%2Bwho%2Bshare%2Byour%2Bpassion%2Bfor%2Bfamily%2Bhistory.%26location%3D2525%2BOakley%2BSeaver%2BDr,%2BClermont,%2BFL,%2B34711,%2BUnited%2BStates%26trp%3Dfalse%26sprop%3Dhttps://wordpress-810691-5571285.cloudwaysapps.com/events/research-assistance-2025-08-27-2025-09-03-2025-09-10-2025-09-17-2025-09-24-2025-10-01-2025-10-08-2025-10-15-2025-10-22-2025-10-29-2025-11-05-2025-11-12-2025-11-19-2025-11-26-2025-12-03-2-23-2026-09-30/%26sprop%3Dname:Pastfinders%26ctz%3DAmerica/New_York&followup=https://calendar.google.com/calendar/event?action%3DTEMPLATE%26text%3DResearch%2BAssistance%26dates%3D20260930T130000/20260930T150000%26details%3DJoin%2Bus%2Bweekly%2Bin%2Bthe%2BGenealogy%2BRoom%2Bfor%2Bin-person%2Bhelp%2Bwith%2Byour%2Bresearch.%2BIt%25E2%2580%2599s%2Ba%2Bgreat%2Bchance%2Bto%2Bget%2Bone-on-one%2Bguidance,%2Bask%2Bquestions,%2Band%2Bconnect%2Bwith%2Bothers%2Bwho%2Bshare%2Byour%2Bpassion%2Bfor%2Bfamily%2Bhistory.%26location%3D2525%2BOakley%2BSeaver%2BDr,%2BClermont,%2BFL,%2B34711,%2BUnited%2BStates%26trp%3Dfalse%26sprop%3Dhttps://wordpress-810691-5571285.cloudwaysapps.com/events/research-assistance-2025-08-27-2025-09-03-2025-09-10-2025-09-17-2025-09-24-2025-10-01-2025-10-08-2025-10-15-2025-10-22-2025-10-29-2025-11-05-2025-11-12-2025-11-19-2025-11-26-2025-12-03-2-23-2026-09-30/%26sprop%3Dname:Pastfinders%26ctz%3DAmerica/New_York&emr=1 HTTP/1.1" 302 0
DEBUG:urllib3.connectionpool:https://wordpress-810691-5571285.cloudwaysapps.com:443 "GET /wp-content/uploads/2025/08/IMG_0035_5_1571799766-1024x684.webp HTTP/1.1" 200 177694
DEBUG:urllib3.connectionpool:https://outlook.live.com:443 "GET /calendar/0/deeplink/compose?allday=false&body=Join+us+weekly+in+the+Genealogy+Room+for+in-person+help+with+your+research.+It%E2%80%99s+a+great+chance+to+get+one-on-one+guidance%2C+ask+questions%2C+and+connect+with+others+who+share+your+passion+for+family+history.&location=2525+Oakley+Seaver+Dr%2C+Clermont%2C+FL%2C+34711%2C+United+States&path=/calendar/action/compose&rru=addevent&startdt=2026-08-19T13%3A00%3A00-04%3A00&enddt=2026-08-19T15%3A00%3A00-04%3A00&subject=Research+Assistance HTTP/1.1" 200 None
DEBUG:root:✅ Hyperlink OK: https://outlook.live.com/calendar/0/deeplink/compose?allday=false&body=Join+us+weekly+in+the+Genealogy+Room+for+in-person+help+with+your+research.+It%E2%80%99s+a+great+chance+to+get+one-on-one+guidance%2C+ask+questions%2C+and+connect+with+others+who+share+your+passion+for+family+history.&location=2525+Oakley+Seaver+Dr%2C+Clermont%2C+FL%2C+34711%2C+United+States&path=/calendar/action/compose&rru=addevent&startdt=2026-08-19T13%3A00%3A00-04%3A00&enddt=2026-08-19T15%3A00%3A00-04%3A00&subject=Research+Assistance
DEBUG:root:Using regex pattern: \b[a-zA-Z]{3,}\b
DEBUG:root:Found 58 words to check in https://wordpress-810691-5571285.cloudwaysapps.com/events/research-assistance-2025-08-27-2025-09-03-2025-09-10-2025-09-17-2025-09-24-2025-10-01-2025-10-08-2025-10-15-2025-10-22-2025-10-29-2025-11-05-2025-11-12-2025-11-19-2025-11-26-2025-12-03-2-12-2026-08-19/ (min_length=3)
DEBUG:root:Sample words from https://wordpress-810691-5571285.cloudwaysapps.com/events/research-assistance-2025-08-27-2025-09-03-2025-09-10-2025-09-17-2025-09-24-2025-10-01-2025-10-08-2025-10-15-2025-10-22-2025-10-29-2025-11-05-2025-11-12-2025-11-19-2025-11-26-2025-12-03-2-12-2026-08-19/: ['This', 'alert', 'Skip', 'content', 'Research', 'Assistance', 'When', 'August', 'Add', 'Calendar']
DEBUG:root:Spell check results for https://wordpress-810691-5571285.cloudwaysapps.com/events/research-assistance-2025-08-27-2025-09-03-2025-09-10-2025-09-17-2025-09-24-2025-10-01-2025-10-08-2025-10-15-2025-10-22-2025-10-29-2025-11-05-2025-11-12-2025-11-19-2025-11-26-2025-12-03-2-12-2026-08-19/: 30 words checked, 28 skipped, 0 errors found
INFO:root:✅ Processed https://wordpress-810691-5571285.cloudwaysapps.com/events/research-assistance-2025-08-27-2025-09-03-2025-09-10-2025-09-17-2025-09-24-2025-10-01-2025-10-08-2025-10-15-2025-10-22-2025-10-29-2025-11-05-2025-11-12-2025-11-19-2025-11-26-2025-12-03-2-12-2026-08-19/: 0 errors found, 85 words checked
DEBUG:root:Attempting to fetch: https://wordpress-810691-5571285.cloudwaysapps.com/galleries/2015-holiday-gift-exchange/
Processing pages:  45%|████▌     | 173/381 [01:40<01:22,  2.52it/s]DEBUG:urllib3.connectionpool:https://calendar.google.com:443 "GET /calendar/event?action=TEMPLATE&text=Preserving+Local+History&dates=20251015T100000/20251015T120000&details=Help+in+the+preservation+of+our+local+history+and+collections,+including+transcriptionists,+preservationists,+digitizers,+and+organization%C2%A0projects.&location=2525+Oakley+Seaver+Dr,+Clermont,+FL,+34711,+United+States&trp=false&sprop=https://wordpress-810691-5571285.cloudwaysapps.com/events/preserving-local-history-2025-10-15/&sprop=name:Pastfinders&ctz=America/New_York HTTP/1.1" 302 0
DEBUG:urllib3.connectionpool:Starting new HTTPS connection (1): accounts.google.com:443
DEBUG:urllib3.connectionpool:https://accounts.google.com:443 "GET /InteractiveLogin?continue=https://calendar.google.com/calendar/event?action%3DTEMPLATE%26text%3DResearch%2BAssistance%26dates%3D20260930T130000/20260930T150000%26details%3DJoin%2Bus%2Bweekly%2Bin%2Bthe%2BGenealogy%2BRoom%2Bfor%2Bin-person%2Bhelp%2Bwith%2Byour%2Bresearch.%2BIt%25E2%2580%2599s%2Ba%2Bgreat%2Bchance%2Bto%2Bget%2Bone-on-one%2Bguidance,%2Bask%2Bquestions,%2Band%2Bconnect%2Bwith%2Bothers%2Bwho%2Bshare%2Byour%2Bpassion%2Bfor%2Bfamily%2Bhistory.%26location%3D2525%2BOakley%2BSeaver%2BDr,%2BClermont,%2BFL,%2B34711,%2BUnited%2BStates%26trp%3Dfalse%26sprop%3Dhttps://wordpress-810691-5571285.cloudwaysapps.com/events/research-assistance-2025-08-27-2025-09-03-2025-09-10-2025-09-17-2025-09-24-2025-10-01-2025-10-08-2025-10-15-2025-10-22-2025-10-29-2025-11-05-2025-11-12-2025-11-19-2025-11-26-2025-12-03-2-23-2026-09-30/%26sprop%3Dname:Pastfinders%26ctz%3DAmerica/New_York&emr=1&followup=https://calendar.google.com/calendar/event?action%3DTEMPLATE%26text%3DResearch%2BAssistance%26dates%3D20260930T130000/20260930T150000%26details%3DJoin%2Bus%2Bweekly%2Bin%2Bthe%2BGenealogy%2BRoom%2Bfor%2Bin-person%2Bhelp%2Bwith%2Byour%2Bresearch.%2BIt%25E2%2580%2599s%2Ba%2Bgreat%2Bchance%2Bto%2Bget%2Bone-on-one%2Bguidance,%2Bask%2Bquestions,%2Band%2Bconnect%2Bwith%2Bothers%2Bwho%2Bshare%2Byour%2Bpassion%2Bfor%2Bfamily%2Bhistory.%26location%3D2525%2BOakley%2BSeaver%2BDr,%2BClermont,%2BFL,%2B34711,%2BUnited%2BStates%26trp%3Dfalse%26sprop%3Dhttps://wordpress-810691-5571285.cloudwaysapps.com/events/research-assistance-2025-08-27-2025-09-03-2025-09-10-2025-09-17-2025-09-24-2025-10-01-2025-10-08-2025-10-15-2025-10-22-2025-10-29-2025-11-05-2025-11-12-2025-11-19-2025-11-26-2025-12-03-2-23-2026-09-30/%26sprop%3Dname:Pastfinders%26ctz%3DAmerica/New_York&osid=1&passive=1209600&service=cl&ifkv=AdBytiPS6nXx675__zHlv62Y2RRD_Rvc1gq-MuXraZs1PsVe9fPSA-MIXgpiLx_wCzqe5pNvTmtu HTTP/1.1" 302 None
DEBUG:urllib3.connectionpool:https://wordpress-810691-5571285.cloudwaysapps.com:443 "GET /galleries/2015-holiday-gift-exchange/ HTTP/1.1" 200 None
DEBUG:root:Successfully fetched https://wordpress-810691-5571285.cloudwaysapps.com/galleries/2015-holiday-gift-exchange/ (Content-Length: 119189)
DEBUG:root:✅ Image OK: https://wordpress-810691-5571285.cloudwaysapps.com/wp-content/uploads/2025/08/IMG_0035_5_1571799766-1024x684.webp
DEBUG:root:Checking internal image: https://wordpress-810691-5571285.cloudwaysapps.com/wp-content/uploads/2025/08/IMG_0036_3_1571799766-656x1024.webp
DEBUG:urllib3.connectionpool:https://accounts.google.com:443 "GET /v3/signin/identifier?continue=https%3A%2F%2Fcalendar.google.com%2Fcalendar%2Fevent%3Faction%3DTEMPLATE%26text%3DResearch%2BAssistance%26dates%3D20260930T130000%2F20260930T150000%26details%3DJoin%2Bus%2Bweekly%2Bin%2Bthe%2BGenealogy%2BRoom%2Bfor%2Bin-person%2Bhelp%2Bwith%2Byour%2Bresearch.%2BIt%25E2%2580%2599s%2Ba%2Bgreat%2Bchance%2Bto%2Bget%2Bone-on-one%2Bguidance%2C%2Bask%2Bquestions%2C%2Band%2Bconnect%2Bwith%2Bothers%2Bwho%2Bshare%2Byour%2Bpassion%2Bfor%2Bfamily%2Bhistory.%26location%3D2525%2BOakley%2BSeaver%2BDr%2C%2BClermont%2C%2BFL%2C%2B34711%2C%2BUnited%2BStates%26trp%3Dfalse%26sprop%3Dhttps%3A%2F%2Fwordpress-810691-5571285.cloudwaysapps.com%2Fevents%2Fresearch-assistance-2025-08-27-2025-09-03-2025-09-10-2025-09-17-2025-09-24-2025-10-01-2025-10-08-2025-10-15-2025-10-22-2025-10-29-2025-11-05-2025-11-12-2025-11-19-2025-11-26-2025-12-03-2-23-2026-09-30%2F%26sprop%3Dname%3APastfinders%26ctz%3DAmerica%2FNew_York&emr=1&followup=https%3A%2F%2Fcalendar.google.com%2Fcalendar%2Fevent%3Faction%3DTEMPLATE%26text%3DResearch%2BAssistance%26dates%3D20260930T130000%2F20260930T150000%26details%3DJoin%2Bus%2Bweekly%2Bin%2Bthe%2BGenealogy%2BRoom%2Bfor%2Bin-person%2Bhelp%2Bwith%2Byour%2Bresearch.%2BIt%25E2%2580%2599s%2Ba%2Bgreat%2Bchance%2Bto%2Bget%2Bone-on-one%2Bguidance%2C%2Bask%2Bquestions%2C%2Band%2Bconnect%2Bwith%2Bothers%2Bwho%2Bshare%2Byour%2Bpassion%2Bfor%2Bfamily%2Bhistory.%26location%3D2525%2BOakley%2BSeaver%2BDr%2C%2BClermont%2C%2BFL%2C%2B34711%2C%2BUnited%2BStates%26trp%3Dfalse%26sprop%3Dhttps%3A%2F%2Fwordpress-810691-5571285.cloudwaysapps.com%2Fevents%2Fresearch-assistance-2025-08-27-2025-09-03-2025-09-10-2025-09-17-2025-09-24-2025-10-01-2025-10-08-2025-10-15-2025-10-22-2025-10-29-2025-11-05-2025-11-12-2025-11-19-2025-11-26-2025-12-03-2-23-2026-09-30%2F%26sprop%3Dname%3APastfinders%26ctz%3DAmerica%2FNew_York&ifkv=AdBytiNCJTcGM4SkreNHtRO-77WQIMzPbL4M74Ozg1ksioYjuuUeDUzIMa3fQNspXzgD0n6ZBHiGnA&osid=1&passive=1209600&service=cl&flowName=WebLiteSignIn&flowEntry=ServiceLogin&dsh=S-1658079269%3A1756758224286200 HTTP/1.1" 200 None
DEBUG:charset_normalizer:Encoding detection: utf_8 is most likely the one.
DEBUG:urllib3.connectionpool:Starting new HTTPS connection (1): wordpress-810691-5571285.cloudwaysapps.com:443
DEBUG:urllib3.connectionpool:https://accounts.google.com:443 "GET /ServiceLogin?service=cl&passive=1209600&osid=1&continue=https://calendar.google.com/calendar/event?action%3DTEMPLATE%26text%3DPreserving%2BLocal%2BHistory%26dates%3D20251015T100000/20251015T120000%26details%3DHelp%2Bin%2Bthe%2Bpreservation%2Bof%2Bour%2Blocal%2Bhistory%2Band%2Bcollections,%2Bincluding%2Btranscriptionists,%2Bpreservationists,%2Bdigitizers,%2Band%2Borganization%25C2%25A0projects.%26location%3D2525%2BOakley%2BSeaver%2BDr,%2BClermont,%2BFL,%2B34711,%2BUnited%2BStates%26trp%3Dfalse%26sprop%3Dhttps://wordpress-810691-5571285.cloudwaysapps.com/events/preserving-local-history-2025-10-15/%26sprop%3Dname:Pastfinders%26ctz%3DAmerica/New_York&followup=https://calendar.google.com/calendar/event?action%3DTEMPLATE%26text%3DPreserving%2BLocal%2BHistory%26dates%3D20251015T100000/20251015T120000%26details%3DHelp%2Bin%2Bthe%2Bpreservation%2Bof%2Bour%2Blocal%2Bhistory%2Band%2Bcollections,%2Bincluding%2Btranscriptionists,%2Bpreservationists,%2Bdigitizers,%2Band%2Borganization%25C2%25A0projects.%26location%3D2525%2BOakley%2BSeaver%2BDr,%2BClermont,%2BFL,%2B34711,%2BUnited%2BStates%26trp%3Dfalse%26sprop%3Dhttps://wordpress-810691-5571285.cloudwaysapps.com/events/preserving-local-history-2025-10-15/%26sprop%3Dname:Pastfinders%26ctz%3DAmerica/New_York&emr=1 HTTP/1.1" 302 0
DEBUG:urllib3.connectionpool:https://accounts.google.com:443 "GET /InteractiveLogin?continue=https://calendar.google.com/calendar/event?action%3DTEMPLATE%26text%3DPreserving%2BLocal%2BHistory%26dates%3D20251015T100000/20251015T120000%26details%3DHelp%2Bin%2Bthe%2Bpreservation%2Bof%2Bour%2Blocal%2Bhistory%2Band%2Bcollections,%2Bincluding%2Btranscriptionists,%2Bpreservationists,%2Bdigitizers,%2Band%2Borganization%25C2%25A0projects.%26location%3D2525%2BOakley%2BSeaver%2BDr,%2BClermont,%2BFL,%2B34711,%2BUnited%2BStates%26trp%3Dfalse%26sprop%3Dhttps://wordpress-810691-5571285.cloudwaysapps.com/events/preserving-local-history-2025-10-15/%26sprop%3Dname:Pastfinders%26ctz%3DAmerica/New_York&emr=1&followup=https://calendar.google.com/calendar/event?action%3DTEMPLATE%26text%3DPreserving%2BLocal%2BHistory%26dates%3D20251015T100000/20251015T120000%26details%3DHelp%2Bin%2Bthe%2Bpreservation%2Bof%2Bour%2Blocal%2Bhistory%2Band%2Bcollections,%2Bincluding%2Btranscriptionists,%2Bpreservationists,%2Bdigitizers,%2Band%2Borganization%25C2%25A0projects.%26location%3D2525%2BOakley%2BSeaver%2BDr,%2BClermont,%2BFL,%2B34711,%2BUnited%2BStates%26trp%3Dfalse%26sprop%3Dhttps://wordpress-810691-5571285.cloudwaysapps.com/events/preserving-local-history-2025-10-15/%26sprop%3Dname:Pastfinders%26ctz%3DAmerica/New_York&osid=1&passive=1209600&service=cl&ifkv=AdBytiOdf8Iy6yEeSb1KQF5neknDsFwqSOlWoOZZDApmEJSca8Teos93LvWz-cYDFnq6SnX-vLA6tA HTTP/1.1" 302 None
DEBUG:root:Extracted 724 characters, 160 words from https://wordpress-810691-5571285.cloudwaysapps.com/galleries/2015-holiday-gift-exchange/
DEBUG:root:Checking internal image: https://wordpress-810691-5571285.cloudwaysapps.com/wp-content/uploads/2025/08/IMG_3769_1541649383-1024x683.webp
DEBUG:root:✅ Hyperlink OK: https://www.google.com/calendar/event?action=TEMPLATE&text=Research+Assistance&dates=20260930T130000/20260930T150000&details=Join+us+weekly+in+the+Genealogy+Room+for+in-person+help+with+your+research.+It%E2%80%99s+a+great+chance+to+get+one-on-one+guidance%2C+ask+questions%2C+and+connect+with+others+who+share+your+passion+for+family+history.&location=2525+Oakley+Seaver+Dr%2C+Clermont%2C+FL%2C+34711%2C+United+States&trp=false&sprop=https%3A%2F%2Fwordpress-810691-5571285.cloudwaysapps.com%2Fevents%2Fresearch-assistance-2025-08-27-2025-09-03-2025-09-10-2025-09-17-2025-09-24-2025-10-01-2025-10-08-2025-10-15-2025-10-22-2025-10-29-2025-11-05-2025-11-12-2025-11-19-2025-11-26-2025-12-03-2-23-2026-09-30%2F&sprop=name:Pastfinders&ctz=America%2FNew_York
DEBUG:root:Checking external hyperlink: https://outlook.office.com/calendar/0/deeplink/compose?allday=false&body=Join+us+weekly+in+the+Genealogy+Room+for+in-person+help+with+your+research.+It%E2%80%99s+a+great+chance+to+get+one-on-one+guidance%2C+ask+questions%2C+and+connect+with+others+who+share+your+passion+for+family+history.&location=2525+Oakley+Seaver+Dr%2C+Clermont%2C+FL%2C+34711%2C+United+States&path=/calendar/action/compose&rru=addevent&startdt=2026-09-30T13%3A00%3A00-04%3A00&enddt=2026-09-30T15%3A00%3A00-04%3A00&subject=Research+Assistance
DEBUG:urllib3.connectionpool:Starting new HTTPS connection (1): wordpress-810691-5571285.cloudwaysapps.com:443
DEBUG:urllib3.connectionpool:Starting new HTTPS connection (1): outlook.office.com:443
DEBUG:urllib3.connectionpool:https://accounts.google.com:443 "GET /v3/signin/identifier?continue=https%3A%2F%2Fcalendar.google.com%2Fcalendar%2Fevent%3Faction%3DTEMPLATE%26text%3DPreserving%2BLocal%2BHistory%26dates%3D20251015T100000%2F20251015T120000%26details%3DHelp%2Bin%2Bthe%2Bpreservation%2Bof%2Bour%2Blocal%2Bhistory%2Band%2Bcollections%2C%2Bincluding%2Btranscriptionists%2C%2Bpreservationists%2C%2Bdigitizers%2C%2Band%2Borganization%25C2%25A0projects.%26location%3D2525%2BOakley%2BSeaver%2BDr%2C%2BClermont%2C%2BFL%2C%2B34711%2C%2BUnited%2BStates%26trp%3Dfalse%26sprop%3Dhttps%3A%2F%2Fwordpress-810691-5571285.cloudwaysapps.com%2Fevents%2Fpreserving-local-history-2025-10-15%2F%26sprop%3Dname%3APastfinders%26ctz%3DAmerica%2FNew_York&emr=1&followup=https%3A%2F%2Fcalendar.google.com%2Fcalendar%2Fevent%3Faction%3DTEMPLATE%26text%3DPreserving%2BLocal%2BHistory%26dates%3D20251015T100000%2F20251015T120000%26details%3DHelp%2Bin%2Bthe%2Bpreservation%2Bof%2Bour%2Blocal%2Bhistory%2Band%2Bcollections%2C%2Bincluding%2Btranscriptionists%2C%2Bpreservationists%2C%2Bdigitizers%2C%2Band%2Borganization%25C2%25A0projects.%26location%3D2525%2BOakley%2BSeaver%2BDr%2C%2BClermont%2C%2BFL%2C%2B34711%2C%2BUnited%2BStates%26trp%3Dfalse%26sprop%3Dhttps%3A%2F%2Fwordpress-810691-5571285.cloudwaysapps.com%2Fevents%2Fpreserving-local-history-2025-10-15%2F%26sprop%3Dname%3APastfinders%26ctz%3DAmerica%2FNew_York&ifkv=AdBytiPsVVGr61nsyEHp6feIXEhHXQk63eAyXoPNslBArsEGgD61q9bJnd5zXFDjE6yOujoUxa8tGg&osid=1&passive=1209600&service=cl&flowName=WebLiteSignIn&flowEntry=ServiceLogin&dsh=S1985888%3A1756758224459212 HTTP/1.1" 200 None
DEBUG:root:✅ Hyperlink OK: https://www.google.com/calendar/event?action=TEMPLATE&text=Preserving+Local+History&dates=20251015T100000/20251015T120000&details=Help+in+the+preservation+of+our+local+history+and+collections%2C+including+transcriptionists%2C+preservationists%2C+digitizers%2C+and+organization%C2%A0projects.&location=2525+Oakley+Seaver+Dr%2C+Clermont%2C+FL%2C+34711%2C+United+States&trp=false&sprop=https%3A%2F%2Fwordpress-810691-5571285.cloudwaysapps.com%2Fevents%2Fpreserving-local-history-2025-10-15%2F&sprop=name:Pastfinders&ctz=America%2FNew_York
DEBUG:root:Checking external hyperlink: https://outlook.office.com/calendar/0/deeplink/compose?allday=false&body=Help+in+the+preservation+of+our+local+history+and+collections%2C+including+transcriptionists%2C+preservationists%2C+digitizers%2C+and+organization%C2%A0projects.&location=2525+Oakley+Seaver+Dr%2C+Clermont%2C+FL%2C+34711%2C+United+States&path=/calendar/action/compose&rru=addevent&startdt=2025-10-15T10%3A00%3A00-04%3A00&enddt=2025-10-15T12%3A00%3A00-04%3A00&subject=Preserving+Local+History
DEBUG:urllib3.connectionpool:Starting new HTTPS connection (1): outlook.office.com:443
DEBUG:urllib3.connectionpool:https://wordpress-810691-5571285.cloudwaysapps.com:443 "GET /wp-content/uploads/2025/08/IMG_0036_3_1571799766-656x1024.webp HTTP/1.1" 200 138808
DEBUG:urllib3.connectionpool:https://outlook.office.com:443 "GET /calendar/0/deeplink/compose?allday=false&body=Join+us+weekly+in+the+Genealogy+Room+for+in-person+help+with+your+research.+It%E2%80%99s+a+great+chance+to+get+one-on-one+guidance%2C+ask+questions%2C+and+connect+with+others+who+share+your+passion+for+family+history.&location=2525+Oakley+Seaver+Dr%2C+Clermont%2C+FL%2C+34711%2C+United+States&path=/calendar/action/compose&rru=addevent&startdt=2026-09-30T13%3A00%3A00-04%3A00&enddt=2026-09-30T15%3A00%3A00-04%3A00&subject=Research+Assistance HTTP/1.1" 200 None
DEBUG:root:✅ Hyperlink OK: https://outlook.office.com/calendar/0/deeplink/compose?allday=false&body=Join+us+weekly+in+the+Genealogy+Room+for+in-person+help+with+your+research.+It%E2%80%99s+a+great+chance+to+get+one-on-one+guidance%2C+ask+questions%2C+and+connect+with+others+who+share+your+passion+for+family+history.&location=2525+Oakley+Seaver+Dr%2C+Clermont%2C+FL%2C+34711%2C+United+States&path=/calendar/action/compose&rru=addevent&startdt=2026-09-30T13%3A00%3A00-04%3A00&enddt=2026-09-30T15%3A00%3A00-04%3A00&subject=Research+Assistance
DEBUG:root:Checking external hyperlink: https://outlook.live.com/calendar/0/deeplink/compose?allday=false&body=Join+us+weekly+in+the+Genealogy+Room+for+in-person+help+with+your+research.+It%E2%80%99s+a+great+chance+to+get+one-on-one+guidance%2C+ask+questions%2C+and+connect+with+others+who+share+your+passion+for+family+history.&location=2525+Oakley+Seaver+Dr%2C+Clermont%2C+FL%2C+34711%2C+United+States&path=/calendar/action/compose&rru=addevent&startdt=2026-09-30T13%3A00%3A00-04%3A00&enddt=2026-09-30T15%3A00%3A00-04%3A00&subject=Research+Assistance
DEBUG:urllib3.connectionpool:Starting new HTTPS connection (1): outlook.live.com:443
DEBUG:urllib3.connectionpool:https://wordpress-810691-5571285.cloudwaysapps.com:443 "GET /wp-content/uploads/2025/08/IMG_3769_1541649383-1024x683.webp HTTP/1.1" 200 116952
DEBUG:root:✅ Image OK: https://wordpress-810691-5571285.cloudwaysapps.com/wp-content/uploads/2025/08/IMG_0036_3_1571799766-656x1024.webp
DEBUG:root:Checking internal image: https://wordpress-810691-5571285.cloudwaysapps.com/wp-content/uploads/2025/08/IMG_0039_4_1571799766-514x1024.webp
DEBUG:urllib3.connectionpool:Starting new HTTPS connection (1): wordpress-810691-5571285.cloudwaysapps.com:443
DEBUG:root:✅ Image OK: https://wordpress-810691-5571285.cloudwaysapps.com/wp-content/uploads/2025/08/IMG_3769_1541649383-1024x683.webp
DEBUG:root:Checking internal image: https://wordpress-810691-5571285.cloudwaysapps.com/wp-content/uploads/2025/08/IMG_3796_1541649611-1024x683.webp
DEBUG:urllib3.connectionpool:Starting new HTTPS connection (1): wordpress-810691-5571285.cloudwaysapps.com:443
DEBUG:urllib3.connectionpool:https://outlook.office.com:443 "GET /calendar/0/deeplink/compose?allday=false&body=Help+in+the+preservation+of+our+local+history+and+collections%2C+including+transcriptionists%2C+preservationists%2C+digitizers%2C+and+organization%C2%A0projects.&location=2525+Oakley+Seaver+Dr%2C+Clermont%2C+FL%2C+34711%2C+United+States&path=/calendar/action/compose&rru=addevent&startdt=2025-10-15T10%3A00%3A00-04%3A00&enddt=2025-10-15T12%3A00%3A00-04%3A00&subject=Preserving+Local+History HTTP/1.1" 200 None
DEBUG:root:✅ Hyperlink OK: https://outlook.office.com/calendar/0/deeplink/compose?allday=false&body=Help+in+the+preservation+of+our+local+history+and+collections%2C+including+transcriptionists%2C+preservationists%2C+digitizers%2C+and+organization%C2%A0projects.&location=2525+Oakley+Seaver+Dr%2C+Clermont%2C+FL%2C+34711%2C+United+States&path=/calendar/action/compose&rru=addevent&startdt=2025-10-15T10%3A00%3A00-04%3A00&enddt=2025-10-15T12%3A00%3A00-04%3A00&subject=Preserving+Local+History
DEBUG:root:Checking external hyperlink: https://outlook.live.com/calendar/0/deeplink/compose?allday=false&body=Help+in+the+preservation+of+our+local+history+and+collections%2C+including+transcriptionists%2C+preservationists%2C+digitizers%2C+and+organization%C2%A0projects.&location=2525+Oakley+Seaver+Dr%2C+Clermont%2C+FL%2C+34711%2C+United+States&path=/calendar/action/compose&rru=addevent&startdt=2025-10-15T10%3A00%3A00-04%3A00&enddt=2025-10-15T12%3A00%3A00-04%3A00&subject=Preserving+Local+History
DEBUG:urllib3.connectionpool:Starting new HTTPS connection (1): outlook.live.com:443
DEBUG:urllib3.connectionpool:https://outlook.live.com:443 "GET /calendar/0/deeplink/compose?allday=false&body=Join+us+weekly+in+the+Genealogy+Room+for+in-person+help+with+your+research.+It%E2%80%99s+a+great+chance+to+get+one-on-one+guidance%2C+ask+questions%2C+and+connect+with+others+who+share+your+passion+for+family+history.&location=2525+Oakley+Seaver+Dr%2C+Clermont%2C+FL%2C+34711%2C+United+States&path=/calendar/action/compose&rru=addevent&startdt=2026-09-30T13%3A00%3A00-04%3A00&enddt=2026-09-30T15%3A00%3A00-04%3A00&subject=Research+Assistance HTTP/1.1" 200 None
DEBUG:root:✅ Hyperlink OK: https://outlook.live.com/calendar/0/deeplink/compose?allday=false&body=Join+us+weekly+in+the+Genealogy+Room+for+in-person+help+with+your+research.+It%E2%80%99s+a+great+chance+to+get+one-on-one+guidance%2C+ask+questions%2C+and+connect+with+others+who+share+your+passion+for+family+history.&location=2525+Oakley+Seaver+Dr%2C+Clermont%2C+FL%2C+34711%2C+United+States&path=/calendar/action/compose&rru=addevent&startdt=2026-09-30T13%3A00%3A00-04%3A00&enddt=2026-09-30T15%3A00%3A00-04%3A00&subject=Research+Assistance
DEBUG:root:Using regex pattern: \b[a-zA-Z]{3,}\b
DEBUG:root:Found 58 words to check in https://wordpress-810691-5571285.cloudwaysapps.com/events/research-assistance-2025-08-27-2025-09-03-2025-09-10-2025-09-17-2025-09-24-2025-10-01-2025-10-08-2025-10-15-2025-10-22-2025-10-29-2025-11-05-2025-11-12-2025-11-19-2025-11-26-2025-12-03-2-23-2026-09-30/ (min_length=3)
DEBUG:root:Sample words from https://wordpress-810691-5571285.cloudwaysapps.com/events/research-assistance-2025-08-27-2025-09-03-2025-09-10-2025-09-17-2025-09-24-2025-10-01-2025-10-08-2025-10-15-2025-10-22-2025-10-29-2025-11-05-2025-11-12-2025-11-19-2025-11-26-2025-12-03-2-23-2026-09-30/: ['This', 'alert', 'Skip', 'content', 'Research', 'Assistance', 'When', 'September', 'Add', 'Calendar']
DEBUG:root:Spell check results for https://wordpress-810691-5571285.cloudwaysapps.com/events/research-assistance-2025-08-27-2025-09-03-2025-09-10-2025-09-17-2025-09-24-2025-10-01-2025-10-08-2025-10-15-2025-10-22-2025-10-29-2025-11-05-2025-11-12-2025-11-19-2025-11-26-2025-12-03-2-23-2026-09-30/: 30 words checked, 28 skipped, 0 errors found
INFO:root:✅ Processed https://wordpress-810691-5571285.cloudwaysapps.com/events/research-assistance-2025-08-27-2025-09-03-2025-09-10-2025-09-17-2025-09-24-2025-10-01-2025-10-08-2025-10-15-2025-10-22-2025-10-29-2025-11-05-2025-11-12-2025-11-19-2025-11-26-2025-12-03-2-23-2026-09-30/: 0 errors found, 85 words checked
DEBUG:root:Attempting to fetch: https://wordpress-810691-5571285.cloudwaysapps.com/galleries/2015-may-boy-scout-merit-badge/
Processing pages:  46%|████▌     | 174/381 [01:40<01:38,  2.10it/s]DEBUG:urllib3.connectionpool:https://wordpress-810691-5571285.cloudwaysapps.com:443 "GET /galleries/2015-may-boy-scout-merit-badge/ HTTP/1.1" 200 None
DEBUG:root:Successfully fetched https://wordpress-810691-5571285.cloudwaysapps.com/galleries/2015-may-boy-scout-merit-badge/ (Content-Length: 71779)
DEBUG:charset_normalizer:Encoding detection: utf_8 is most likely the one.
DEBUG:urllib3.connectionpool:https://wordpress-810691-5571285.cloudwaysapps.com:443 "GET /wp-content/uploads/2025/08/IMG_0039_4_1571799766-514x1024.webp HTTP/1.1" 200 129490
DEBUG:root:Extracted 367 characters, 78 words from https://wordpress-810691-5571285.cloudwaysapps.com/galleries/2015-may-boy-scout-merit-badge/
DEBUG:urllib3.connectionpool:https://wordpress-810691-5571285.cloudwaysapps.com:443 "GET /wp-content/uploads/2025/08/IMG_3796_1541649611-1024x683.webp HTTP/1.1" 200 69118
DEBUG:root:Checking internal image: https://wordpress-810691-5571285.cloudwaysapps.com/wp-content/uploads/2025/08/2015_5_Boyscout_Marrit_Badge_6_1525133538-1024x576.webp
DEBUG:root:✅ Image OK: https://wordpress-810691-5571285.cloudwaysapps.com/wp-content/uploads/2025/08/IMG_0039_4_1571799766-514x1024.webp
DEBUG:root:Checking internal image: https://wordpress-810691-5571285.cloudwaysapps.com/wp-content/uploads/2025/08/IMG_0040_7_1571799766-1024x683.webp
DEBUG:urllib3.connectionpool:Starting new HTTPS connection (1): wordpress-810691-5571285.cloudwaysapps.com:443
DEBUG:urllib3.connectionpool:Starting new HTTPS connection (1): wordpress-810691-5571285.cloudwaysapps.com:443
DEBUG:root:✅ Image OK: https://wordpress-810691-5571285.cloudwaysapps.com/wp-content/uploads/2025/08/IMG_3796_1541649611-1024x683.webp
DEBUG:root:Checking internal image: https://wordpress-810691-5571285.cloudwaysapps.com/wp-content/uploads/2025/08/IMG_3804_1541649611-1024x683.webp
DEBUG:urllib3.connectionpool:Starting new HTTPS connection (1): wordpress-810691-5571285.cloudwaysapps.com:443
DEBUG:urllib3.connectionpool:https://outlook.live.com:443 "GET /calendar/0/deeplink/compose?allday=false&body=Help+in+the+preservation+of+our+local+history+and+collections%2C+including+transcriptionists%2C+preservationists%2C+digitizers%2C+and+organization%C2%A0projects.&location=2525+Oakley+Seaver+Dr%2C+Clermont%2C+FL%2C+34711%2C+United+States&path=/calendar/action/compose&rru=addevent&startdt=2025-10-15T10%3A00%3A00-04%3A00&enddt=2025-10-15T12%3A00%3A00-04%3A00&subject=Preserving+Local+History HTTP/1.1" 200 None
DEBUG:root:✅ Hyperlink OK: https://outlook.live.com/calendar/0/deeplink/compose?allday=false&body=Help+in+the+preservation+of+our+local+history+and+collections%2C+including+transcriptionists%2C+preservationists%2C+digitizers%2C+and+organization%C2%A0projects.&location=2525+Oakley+Seaver+Dr%2C+Clermont%2C+FL%2C+34711%2C+United+States&path=/calendar/action/compose&rru=addevent&startdt=2025-10-15T10%3A00%3A00-04%3A00&enddt=2025-10-15T12%3A00%3A00-04%3A00&subject=Preserving+Local+History
DEBUG:root:Using regex pattern: \b[a-zA-Z]{3,}\b
DEBUG:root:Found 44 words to check in https://wordpress-810691-5571285.cloudwaysapps.com/events/preserving-local-history-2025-10-15/ (min_length=3)
DEBUG:root:Sample words from https://wordpress-810691-5571285.cloudwaysapps.com/events/preserving-local-history-2025-10-15/: ['This', 'alert', 'Skip', 'content', 'Preserving', 'Local', 'History', 'When', 'October', 'Add']
DEBUG:root:Misspelled word found: 'transcriptionists' in https://wordpress-810691-5571285.cloudwaysapps.com/events/preserving-local-history-2025-10-15/
DEBUG:root:Spell check results for https://wordpress-810691-5571285.cloudwaysapps.com/events/preserving-local-history-2025-10-15/: 17 words checked, 27 skipped, 1 errors found
INFO:root:✅ Processed https://wordpress-810691-5571285.cloudwaysapps.com/events/preserving-local-history-2025-10-15/: 1 errors found, 65 words checked
DEBUG:root:Attempting to fetch: https://wordpress-810691-5571285.cloudwaysapps.com/resources/family-tree-template-for-kids/
Processing pages:  46%|████▌     | 175/381 [01:41<01:29,  2.31it/s]DEBUG:urllib3.connectionpool:https://wordpress-810691-5571285.cloudwaysapps.com:443 "GET /resources/family-tree-template-for-kids/ HTTP/1.1" 200 None
DEBUG:root:Successfully fetched https://wordpress-810691-5571285.cloudwaysapps.com/resources/family-tree-template-for-kids/ (Content-Length: 38948)
DEBUG:charset_normalizer:Encoding detection: utf_8 is most likely the one.
DEBUG:urllib3.connectionpool:https://wordpress-810691-5571285.cloudwaysapps.com:443 "GET /wp-content/uploads/2025/08/IMG_0040_7_1571799766-1024x683.webp HTTP/1.1" 200 153316
DEBUG:urllib3.connectionpool:https://wordpress-810691-5571285.cloudwaysapps.com:443 "GET /wp-content/uploads/2025/08/2015_5_Boyscout_Marrit_Badge_6_1525133538-1024x576.webp HTTP/1.1" 200 48300
DEBUG:root:✅ Image OK: https://wordpress-810691-5571285.cloudwaysapps.com/wp-content/uploads/2025/08/2015_5_Boyscout_Marrit_Badge_6_1525133538-1024x576.webp
DEBUG:root:Checking internal image: https://wordpress-810691-5571285.cloudwaysapps.com/wp-content/uploads/2025/08/2015_5_Boyscout_Marrit_Badge_4_1525133508-1024x576.webp
DEBUG:urllib3.connectionpool:https://wordpress-810691-5571285.cloudwaysapps.com:443 "GET /wp-content/uploads/2025/08/IMG_3804_1541649611-1024x683.webp HTTP/1.1" 200 87432
DEBUG:root:Extracted 767 characters, 134 words from https://wordpress-810691-5571285.cloudwaysapps.com/resources/family-tree-template-for-kids/
DEBUG:root:✅ Image OK: https://wordpress-810691-5571285.cloudwaysapps.com/wp-content/uploads/2025/08/IMG_3804_1541649611-1024x683.webp
DEBUG:root:✅ Image OK: https://wordpress-810691-5571285.cloudwaysapps.com/wp-content/uploads/2025/08/IMG_0040_7_1571799766-1024x683.webp
DEBUG:root:Checking internal image: https://wordpress-810691-5571285.cloudwaysapps.com/wp-content/uploads/2025/08/IMG_3775_1541649383-1024x683.webp
DEBUG:root:Checking internal image: https://wordpress-810691-5571285.cloudwaysapps.com/wp-content/uploads/2025/08/cover_pastfinders_1571799805-1024x842.webp
DEBUG:root:Using regex pattern: \b[a-zA-Z]{3,}\b
DEBUG:root:Found 108 words to check in https://wordpress-810691-5571285.cloudwaysapps.com/resources/family-tree-template-for-kids/ (min_length=3)
DEBUG:root:Sample words from https://wordpress-810691-5571285.cloudwaysapps.com/resources/family-tree-template-for-kids/: ['This', 'alert', 'Skip', 'content', 'Family', 'Tree', 'Template', 'for', 'Kids', 'May']
DEBUG:root:Spell check results for https://wordpress-810691-5571285.cloudwaysapps.com/resources/family-tree-template-for-kids/: 83 words checked, 25 skipped, 0 errors found
INFO:root:✅ Processed https://wordpress-810691-5571285.cloudwaysapps.com/resources/family-tree-template-for-kids/: 0 errors found, 134 words checked
DEBUG:root:Attempting to fetch: https://wordpress-810691-5571285.cloudwaysapps.com/events/family-tree-maker-special-interest-group-sig-2025-12-16/
DEBUG:root:✅ Document OK: https://pastfindersslc.org/upload/newsletters/su_2006.pdf
Processing pages:  46%|████▌     | 176/381 [01:41<01:24,  2.44it/s]DEBUG:root:Checking external document: https://pastfindersslc.org/upload/newsletters/sp_2006.pdf
DEBUG:urllib3.connectionpool:Starting new HTTPS connection (1): wordpress-810691-5571285.cloudwaysapps.com:443
DEBUG:urllib3.connectionpool:Starting new HTTPS connection (1): wordpress-810691-5571285.cloudwaysapps.com:443
DEBUG:urllib3.connectionpool:Starting new HTTPS connection (1): wordpress-810691-5571285.cloudwaysapps.com:443
DEBUG:urllib3.connectionpool:Starting new HTTPS connection (1): pastfindersslc.org:443
DEBUG:urllib3.connectionpool:https://pastfindersslc.org:443 "GET /upload/newsletters/sp_2006.pdf HTTP/1.1" 200 7158290
DEBUG:urllib3.connectionpool:https://wordpress-810691-5571285.cloudwaysapps.com:443 "GET /wp-content/uploads/2025/08/2015_5_Boyscout_Marrit_Badge_4_1525133508-1024x576.webp HTTP/1.1" 200 62002
DEBUG:urllib3.connectionpool:https://wordpress-810691-5571285.cloudwaysapps.com:443 "GET /wp-content/uploads/2025/08/cover_pastfinders_1571799805-1024x842.webp HTTP/1.1" 200 58524
DEBUG:urllib3.connectionpool:https://wordpress-810691-5571285.cloudwaysapps.com:443 "GET /wp-content/uploads/2025/08/IMG_3775_1541649383-1024x683.webp HTTP/1.1" 200 101818
DEBUG:root:✅ Image OK: https://wordpress-810691-5571285.cloudwaysapps.com/wp-content/uploads/2025/08/2015_5_Boyscout_Marrit_Badge_4_1525133508-1024x576.webp
DEBUG:root:Checking internal image: https://wordpress-810691-5571285.cloudwaysapps.com/wp-content/uploads/2025/08/IMG_0002_4_1566943860-1024x816.webp
DEBUG:urllib3.connectionpool:Starting new HTTPS connection (1): wordpress-810691-5571285.cloudwaysapps.com:443
DEBUG:root:✅ Image OK: https://wordpress-810691-5571285.cloudwaysapps.com/wp-content/uploads/2025/08/cover_pastfinders_1571799805-1024x842.webp
DEBUG:root:Using regex pattern: \b[a-zA-Z]{3,}\b
DEBUG:root:Found 53 words to check in https://wordpress-810691-5571285.cloudwaysapps.com/galleries/2017-pastfinders-news/ (min_length=3)
DEBUG:root:Sample words from https://wordpress-810691-5571285.cloudwaysapps.com/galleries/2017-pastfinders-news/: ['This', 'alert', 'Skip', 'content', 'Pastfinders', 'News', 'images', 'Click', 'view', 'Click']
DEBUG:root:Spell check results for https://wordpress-810691-5571285.cloudwaysapps.com/galleries/2017-pastfinders-news/: 24 words checked, 29 skipped, 0 errors found
INFO:root:✅ Processed https://wordpress-810691-5571285.cloudwaysapps.com/galleries/2017-pastfinders-news/: 0 errors found, 107 words checked
DEBUG:root:Attempting to fetch: https://wordpress-810691-5571285.cloudwaysapps.com/resources/know-your-dna-know-your-history/
Processing pages:  46%|████▋     | 177/381 [01:41<01:18,  2.61it/s]DEBUG:root:✅ Image OK: https://wordpress-810691-5571285.cloudwaysapps.com/wp-content/uploads/2025/08/IMG_3775_1541649383-1024x683.webp
DEBUG:root:Checking internal image: https://wordpress-810691-5571285.cloudwaysapps.com/wp-content/uploads/2025/08/2015_12_10_Pastfinders_christmas_Dinner_22_1541648850-837x1024.webp
DEBUG:urllib3.connectionpool:Starting new HTTPS connection (1): wordpress-810691-5571285.cloudwaysapps.com:443
DEBUG:urllib3.connectionpool:https://wordpress-810691-5571285.cloudwaysapps.com:443 "GET /wp-content/uploads/2025/08/IMG_0002_4_1566943860-1024x816.webp HTTP/1.1" 200 66582
DEBUG:urllib3.connectionpool:https://wordpress-810691-5571285.cloudwaysapps.com:443 "GET /wp-content/uploads/2025/08/2015_12_10_Pastfinders_christmas_Dinner_22_1541648850-837x1024.webp HTTP/1.1" 200 77816
DEBUG:root:✅ Image OK: https://wordpress-810691-5571285.cloudwaysapps.com/wp-content/uploads/2025/08/IMG_0002_4_1566943860-1024x816.webp
DEBUG:root:✅ Image OK: https://wordpress-810691-5571285.cloudwaysapps.com/wp-content/uploads/2025/08/2015_12_10_Pastfinders_christmas_Dinner_22_1541648850-837x1024.webp
DEBUG:root:Checking internal image: https://wordpress-810691-5571285.cloudwaysapps.com/wp-content/uploads/2025/08/IMG_3766_1541649383-1024x683.webp
DEBUG:root:Checking internal image: https://wordpress-810691-5571285.cloudwaysapps.com/wp-content/uploads/2025/08/2015_5_Boyscout_Marrit_Badge_9_1525133594-1024x576.webp
DEBUG:urllib3.connectionpool:Starting new HTTPS connection (1): wordpress-810691-5571285.cloudwaysapps.com:443
DEBUG:urllib3.connectionpool:Starting new HTTPS connection (1): wordpress-810691-5571285.cloudwaysapps.com:443
DEBUG:root:✅ Document OK: https://pastfindersslc.org/upload/newsletters/sp_2006.pdf
DEBUG:root:Checking external document: https://pastfindersslc.org/upload/newsletters/w_2006.pdf
DEBUG:urllib3.connectionpool:https://wordpress-810691-5571285.cloudwaysapps.com:443 "GET /events/family-tree-maker-special-interest-group-sig-2025-12-16/ HTTP/1.1" 200 None
DEBUG:urllib3.connectionpool:Starting new HTTPS connection (1): pastfindersslc.org:443
DEBUG:urllib3.connectionpool:https://wordpress-810691-5571285.cloudwaysapps.com:443 "GET /resources/know-your-dna-know-your-history/ HTTP/1.1" 200 None
DEBUG:root:Successfully fetched https://wordpress-810691-5571285.cloudwaysapps.com/resources/know-your-dna-know-your-history/ (Content-Length: 38973)
DEBUG:charset_normalizer:Encoding detection: utf_8 is most likely the one.
DEBUG:root:Extracted 645 characters, 111 words from https://wordpress-810691-5571285.cloudwaysapps.com/resources/know-your-dna-know-your-history/
DEBUG:root:Successfully fetched https://wordpress-810691-5571285.cloudwaysapps.com/events/family-tree-maker-special-interest-group-sig-2025-12-16/ (Content-Length: 42979)
DEBUG:root:Using regex pattern: \b[a-zA-Z]{3,}\b
DEBUG:root:Found 86 words to check in https://wordpress-810691-5571285.cloudwaysapps.com/resources/know-your-dna-know-your-history/ (min_length=3)
DEBUG:root:Sample words from https://wordpress-810691-5571285.cloudwaysapps.com/resources/know-your-dna-know-your-history/: ['This', 'alert', 'Skip', 'content', 'Know', 'your', 'DNA', 'Know', 'your', 'History']
DEBUG:root:Spell check results for https://wordpress-810691-5571285.cloudwaysapps.com/resources/know-your-dna-know-your-history/: 65 words checked, 21 skipped, 0 errors found
INFO:root:✅ Processed https://wordpress-810691-5571285.cloudwaysapps.com/resources/know-your-dna-know-your-history/: 0 errors found, 111 words checked
DEBUG:root:Attempting to fetch: https://wordpress-810691-5571285.cloudwaysapps.com/events/categories/genchat/
Processing pages:  47%|████▋     | 178/381 [01:42<01:38,  2.05it/s]DEBUG:charset_normalizer:Encoding detection: utf_8 is most likely the one.
DEBUG:root:Extracted 1062 characters, 183 words from https://wordpress-810691-5571285.cloudwaysapps.com/events/family-tree-maker-special-interest-group-sig-2025-12-16/
DEBUG:root:Checking external hyperlink: https://www.google.com/calendar/event?action=TEMPLATE&text=Family+Tree+Maker+Special+Interest+Group+%28SIG%29&dates=20251216T000000/20251216T000000&details=Join+host+Stan+Wells+as+he+leads+a+step-by-step+walk-through+of+Family+Tree+Maker+%28FTM%29%2C+one+of+the+most+popular+genealogy+software+programs+available+today.&location=&trp=false&sprop=https%3A%2F%2Fwordpress-810691-5571285.cloudwaysapps.com%2Fevents%2Ffamily-tree-maker-special-interest-group-sig-2025-12-16%2F&sprop=name:Pastfinders&ctz=America%2FNew_York
DEBUG:urllib3.connectionpool:Starting new HTTPS connection (1): www.google.com:443
DEBUG:urllib3.connectionpool:https://pastfindersslc.org:443 "GET /upload/newsletters/w_2006.pdf HTTP/1.1" 200 8162098
DEBUG:urllib3.connectionpool:https://wordpress-810691-5571285.cloudwaysapps.com:443 "GET /wp-content/uploads/2025/08/2015_5_Boyscout_Marrit_Badge_9_1525133594-1024x576.webp HTTP/1.1" 200 77906
DEBUG:urllib3.connectionpool:https://www.google.com:443 "GET /calendar/event?action=TEMPLATE&text=Family+Tree+Maker+Special+Interest+Group+%28SIG%29&dates=20251216T000000/20251216T000000&details=Join+host+Stan+Wells+as+he+leads+a+step-by-step+walk-through+of+Family+Tree+Maker+%28FTM%29%2C+one+of+the+most+popular+genealogy+software+programs+available+today.&location=&trp=false&sprop=https%3A%2F%2Fwordpress-810691-5571285.cloudwaysapps.com%2Fevents%2Ffamily-tree-maker-special-interest-group-sig-2025-12-16%2F&sprop=name:Pastfinders&ctz=America%2FNew_York HTTP/1.1" 302 0
DEBUG:urllib3.connectionpool:Starting new HTTPS connection (1): calendar.google.com:443
DEBUG:urllib3.connectionpool:https://wordpress-810691-5571285.cloudwaysapps.com:443 "GET /wp-content/uploads/2025/08/IMG_3766_1541649383-1024x683.webp HTTP/1.1" 200 100316
DEBUG:root:✅ Image OK: https://wordpress-810691-5571285.cloudwaysapps.com/wp-content/uploads/2025/08/2015_5_Boyscout_Marrit_Badge_9_1525133594-1024x576.webp
DEBUG:root:Checking internal image: https://wordpress-810691-5571285.cloudwaysapps.com/wp-content/uploads/2025/08/2015_5_Boyscout_Marrit_Badge_12_1525133662-1024x576.webp
DEBUG:urllib3.connectionpool:Starting new HTTPS connection (1): wordpress-810691-5571285.cloudwaysapps.com:443
DEBUG:root:✅ Image OK: https://wordpress-810691-5571285.cloudwaysapps.com/wp-content/uploads/2025/08/IMG_3766_1541649383-1024x683.webp
DEBUG:root:Checking internal image: https://wordpress-810691-5571285.cloudwaysapps.com/wp-content/uploads/2025/08/IMG_3778_1541649383-1024x683.webp
DEBUG:urllib3.connectionpool:Starting new HTTPS connection (1): wordpress-810691-5571285.cloudwaysapps.com:443
DEBUG:urllib3.connectionpool:https://calendar.google.com:443 "GET /calendar/event?action=TEMPLATE&text=Family+Tree+Maker+Special+Interest+Group+(SIG)&dates=20251216T000000/20251216T000000&details=Join+host+Stan+Wells+as+he+leads+a+step-by-step+walk-through+of+Family+Tree+Maker+(FTM),+one+of+the+most+popular+genealogy+software+programs+available+today.&location&trp=false&sprop=https://wordpress-810691-5571285.cloudwaysapps.com/events/family-tree-maker-special-interest-group-sig-2025-12-16/&sprop=name:Pastfinders&ctz=America/New_York HTTP/1.1" 302 0
DEBUG:urllib3.connectionpool:Starting new HTTPS connection (1): accounts.google.com:443
DEBUG:urllib3.connectionpool:https://accounts.google.com:443 "GET /ServiceLogin?service=cl&passive=1209600&osid=1&continue=https://calendar.google.com/calendar/event?action%3DTEMPLATE%26text%3DFamily%2BTree%2BMaker%2BSpecial%2BInterest%2BGroup%2B(SIG)%26dates%3D20251216T000000/20251216T000000%26details%3DJoin%2Bhost%2BStan%2BWells%2Bas%2Bhe%2Bleads%2Ba%2Bstep-by-step%2Bwalk-through%2Bof%2BFamily%2BTree%2BMaker%2B(FTM),%2Bone%2Bof%2Bthe%2Bmost%2Bpopular%2Bgenealogy%2Bsoftware%2Bprograms%2Bavailable%2Btoday.%26location%26trp%3Dfalse%26sprop%3Dhttps://wordpress-810691-5571285.cloudwaysapps.com/events/family-tree-maker-special-interest-group-sig-2025-12-16/%26sprop%3Dname:Pastfinders%26ctz%3DAmerica/New_York&followup=https://calendar.google.com/calendar/event?action%3DTEMPLATE%26text%3DFamily%2BTree%2BMaker%2BSpecial%2BInterest%2BGroup%2B(SIG)%26dates%3D20251216T000000/20251216T000000%26details%3DJoin%2Bhost%2BStan%2BWells%2Bas%2Bhe%2Bleads%2Ba%2Bstep-by-step%2Bwalk-through%2Bof%2BFamily%2BTree%2BMaker%2B(FTM),%2Bone%2Bof%2Bthe%2Bmost%2Bpopular%2Bgenealogy%2Bsoftware%2Bprograms%2Bavailable%2Btoday.%26location%26trp%3Dfalse%26sprop%3Dhttps://wordpress-810691-5571285.cloudwaysapps.com/events/family-tree-maker-special-interest-group-sig-2025-12-16/%26sprop%3Dname:Pastfinders%26ctz%3DAmerica/New_York&emr=1 HTTP/1.1" 302 0
DEBUG:urllib3.connectionpool:https://wordpress-810691-5571285.cloudwaysapps.com:443 "GET /wp-content/uploads/2025/08/2015_5_Boyscout_Marrit_Badge_12_1525133662-1024x576.webp HTTP/1.1" 200 84034
DEBUG:urllib3.connectionpool:https://wordpress-810691-5571285.cloudwaysapps.com:443 "GET /wp-content/uploads/2025/08/IMG_3778_1541649383-1024x683.webp HTTP/1.1" 200 105162
DEBUG:root:✅ Image OK: https://wordpress-810691-5571285.cloudwaysapps.com/wp-content/uploads/2025/08/2015_5_Boyscout_Marrit_Badge_12_1525133662-1024x576.webp
DEBUG:root:Checking internal image: https://wordpress-810691-5571285.cloudwaysapps.com/wp-content/uploads/2025/08/2015_5_Boy_Scout_Marritt_Badge_2_1525133439-1024x576.webp
DEBUG:urllib3.connectionpool:Starting new HTTPS connection (1): wordpress-810691-5571285.cloudwaysapps.com:443
DEBUG:urllib3.connectionpool:https://accounts.google.com:443 "GET /InteractiveLogin?continue=https://calendar.google.com/calendar/event?action%3DTEMPLATE%26text%3DFamily%2BTree%2BMaker%2BSpecial%2BInterest%2BGroup%2B(SIG)%26dates%3D20251216T000000/20251216T000000%26details%3DJoin%2Bhost%2BStan%2BWells%2Bas%2Bhe%2Bleads%2Ba%2Bstep-by-step%2Bwalk-through%2Bof%2BFamily%2BTree%2BMaker%2B(FTM),%2Bone%2Bof%2Bthe%2Bmost%2Bpopular%2Bgenealogy%2Bsoftware%2Bprograms%2Bavailable%2Btoday.%26location%26trp%3Dfalse%26sprop%3Dhttps://wordpress-810691-5571285.cloudwaysapps.com/events/family-tree-maker-special-interest-group-sig-2025-12-16/%26sprop%3Dname:Pastfinders%26ctz%3DAmerica/New_York&emr=1&followup=https://calendar.google.com/calendar/event?action%3DTEMPLATE%26text%3DFamily%2BTree%2BMaker%2BSpecial%2BInterest%2BGroup%2B(SIG)%26dates%3D20251216T000000/20251216T000000%26details%3DJoin%2Bhost%2BStan%2BWells%2Bas%2Bhe%2Bleads%2Ba%2Bstep-by-step%2Bwalk-through%2Bof%2BFamily%2BTree%2BMaker%2B(FTM),%2Bone%2Bof%2Bthe%2Bmost%2Bpopular%2Bgenealogy%2Bsoftware%2Bprograms%2Bavailable%2Btoday.%26location%26trp%3Dfalse%26sprop%3Dhttps://wordpress-810691-5571285.cloudwaysapps.com/events/family-tree-maker-special-interest-group-sig-2025-12-16/%26sprop%3Dname:Pastfinders%26ctz%3DAmerica/New_York&osid=1&passive=1209600&service=cl&ifkv=AdBytiMgmnEaGyZqOteEqK3ELAcfeSk1JjER2ikvE40NAA5vjMjXQmvrwTMManBGkbg1V1KNJdNS HTTP/1.1" 302 None
DEBUG:root:✅ Image OK: https://wordpress-810691-5571285.cloudwaysapps.com/wp-content/uploads/2025/08/IMG_3778_1541649383-1024x683.webp
DEBUG:root:Checking internal image: https://wordpress-810691-5571285.cloudwaysapps.com/wp-content/uploads/2025/08/IMG_3772_1541649383-1024x683.webp
DEBUG:urllib3.connectionpool:https://accounts.google.com:443 "GET /v3/signin/identifier?continue=https%3A%2F%2Fcalendar.google.com%2Fcalendar%2Fevent%3Faction%3DTEMPLATE%26text%3DFamily%2BTree%2BMaker%2BSpecial%2BInterest%2BGroup%2B%28SIG%29%26dates%3D20251216T000000%2F20251216T000000%26details%3DJoin%2Bhost%2BStan%2BWells%2Bas%2Bhe%2Bleads%2Ba%2Bstep-by-step%2Bwalk-through%2Bof%2BFamily%2BTree%2BMaker%2B%28FTM%29%2C%2Bone%2Bof%2Bthe%2Bmost%2Bpopular%2Bgenealogy%2Bsoftware%2Bprograms%2Bavailable%2Btoday.%26location%26trp%3Dfalse%26sprop%3Dhttps%3A%2F%2Fwordpress-810691-5571285.cloudwaysapps.com%2Fevents%2Ffamily-tree-maker-special-interest-group-sig-2025-12-16%2F%26sprop%3Dname%3APastfinders%26ctz%3DAmerica%2FNew_York&emr=1&followup=https%3A%2F%2Fcalendar.google.com%2Fcalendar%2Fevent%3Faction%3DTEMPLATE%26text%3DFamily%2BTree%2BMaker%2BSpecial%2BInterest%2BGroup%2B%28SIG%29%26dates%3D20251216T000000%2F20251216T000000%26details%3DJoin%2Bhost%2BStan%2BWells%2Bas%2Bhe%2Bleads%2Ba%2Bstep-by-step%2Bwalk-through%2Bof%2BFamily%2BTree%2BMaker%2B%28FTM%29%2C%2Bone%2Bof%2Bthe%2Bmost%2Bpopular%2Bgenealogy%2Bsoftware%2Bprograms%2Bavailable%2Btoday.%26location%26trp%3Dfalse%26sprop%3Dhttps%3A%2F%2Fwordpress-810691-5571285.cloudwaysapps.com%2Fevents%2Ffamily-tree-maker-special-interest-group-sig-2025-12-16%2F%26sprop%3Dname%3APastfinders%26ctz%3DAmerica%2FNew_York&ifkv=AdBytiPDU5A56r-tfS5TmSeIuh4fOqce70XFkqnLnNoya8b3NptLCv12x1JTy1SX1M4F18drq5fd&osid=1&passive=1209600&service=cl&flowName=WebLiteSignIn&flowEntry=ServiceLogin&dsh=S268546967%3A1756758227227387 HTTP/1.1" 200 None
DEBUG:urllib3.connectionpool:Starting new HTTPS connection (1): wordpress-810691-5571285.cloudwaysapps.com:443
DEBUG:root:✅ Hyperlink OK: https://www.google.com/calendar/event?action=TEMPLATE&text=Family+Tree+Maker+Special+Interest+Group+%28SIG%29&dates=20251216T000000/20251216T000000&details=Join+host+Stan+Wells+as+he+leads+a+step-by-step+walk-through+of+Family+Tree+Maker+%28FTM%29%2C+one+of+the+most+popular+genealogy+software+programs+available+today.&location=&trp=false&sprop=https%3A%2F%2Fwordpress-810691-5571285.cloudwaysapps.com%2Fevents%2Ffamily-tree-maker-special-interest-group-sig-2025-12-16%2F&sprop=name:Pastfinders&ctz=America%2FNew_York
DEBUG:root:Checking external hyperlink: https://outlook.office.com/calendar/0/deeplink/compose?allday=false&body=Join+host+Stan+Wells+as+he+leads+a+step-by-step+walk-through+of+Family+Tree+Maker+%28FTM%29%2C+one+of+the+most+popular+genealogy+software+programs+available+today.&location=&path=/calendar/action/compose&rru=addevent&startdt=2025-12-16T00%3A00%3A00-05%3A00&enddt=2025-12-16T00%3A00%3A00-05%3A00&subject=Family+Tree+Maker+Special+Interest+Group+%28SIG%29
DEBUG:urllib3.connectionpool:Starting new HTTPS connection (1): outlook.office.com:443
DEBUG:urllib3.connectionpool:https://wordpress-810691-5571285.cloudwaysapps.com:443 "GET /wp-content/uploads/2025/08/2015_5_Boy_Scout_Marritt_Badge_2_1525133439-1024x576.webp HTTP/1.1" 200 90198
DEBUG:root:✅ Image OK: https://wordpress-810691-5571285.cloudwaysapps.com/wp-content/uploads/2025/08/2015_5_Boy_Scout_Marritt_Badge_2_1525133439-1024x576.webp
DEBUG:root:Checking internal image: https://wordpress-810691-5571285.cloudwaysapps.com/wp-content/uploads/2025/08/2015_5_Boyscout_Marrit_Badge_13_1525133686-1024x576.webp
DEBUG:urllib3.connectionpool:Starting new HTTPS connection (1): wordpress-810691-5571285.cloudwaysapps.com:443
DEBUG:urllib3.connectionpool:https://wordpress-810691-5571285.cloudwaysapps.com:443 "GET /wp-content/uploads/2025/08/IMG_3772_1541649383-1024x683.webp HTTP/1.1" 200 97274
DEBUG:urllib3.connectionpool:https://wordpress-810691-5571285.cloudwaysapps.com:443 "GET /events/categories/genchat/ HTTP/1.1" 200 None
DEBUG:root:Successfully fetched https://wordpress-810691-5571285.cloudwaysapps.com/events/categories/genchat/ (Content-Length: 36709)
DEBUG:charset_normalizer:Encoding detection: utf_8 is most likely the one.
DEBUG:root:Extracted 143 characters, 22 words from https://wordpress-810691-5571285.cloudwaysapps.com/events/categories/genchat/
DEBUG:root:Using regex pattern: \b[a-zA-Z]{3,}\b
DEBUG:root:Found 15 words to check in https://wordpress-810691-5571285.cloudwaysapps.com/events/categories/genchat/ (min_length=3)
DEBUG:root:Sample words from https://wordpress-810691-5571285.cloudwaysapps.com/events/categories/genchat/: ['This', 'alert', 'Skip', 'content', 'Genchat', 'Next', 'Event', 'upcoming', 'events', 'Description']
DEBUG:root:Spell check results for https://wordpress-810691-5571285.cloudwaysapps.com/events/categories/genchat/: 7 words checked, 8 skipped, 0 errors found
INFO:root:✅ Processed https://wordpress-810691-5571285.cloudwaysapps.com/events/categories/genchat/: 0 errors found, 22 words checked
DEBUG:root:Attempting to fetch: https://wordpress-810691-5571285.cloudwaysapps.com/events/family-book-creator-special-interest-group-sig-2026-01-26/
Processing pages:  47%|████▋     | 179/381 [01:43<02:17,  1.47it/s]DEBUG:root:✅ Image OK: https://wordpress-810691-5571285.cloudwaysapps.com/wp-content/uploads/2025/08/IMG_3772_1541649383-1024x683.webp
DEBUG:root:Checking internal image: https://wordpress-810691-5571285.cloudwaysapps.com/wp-content/uploads/2025/08/IMG_3770_1541649383-1024x683.webp
DEBUG:urllib3.connectionpool:https://wordpress-810691-5571285.cloudwaysapps.com:443 "GET /events/family-book-creator-special-interest-group-sig-2026-01-26/ HTTP/1.1" 200 None
DEBUG:urllib3.connectionpool:https://outlook.office.com:443 "GET /calendar/0/deeplink/compose?allday=false&body=Join+host+Stan+Wells+as+he+leads+a+step-by-step+walk-through+of+Family+Tree+Maker+%28FTM%29%2C+one+of+the+most+popular+genealogy+software+programs+available+today.&location=&path=/calendar/action/compose&rru=addevent&startdt=2025-12-16T00%3A00%3A00-05%3A00&enddt=2025-12-16T00%3A00%3A00-05%3A00&subject=Family+Tree+Maker+Special+Interest+Group+%28SIG%29 HTTP/1.1" 200 None
DEBUG:root:Successfully fetched https://wordpress-810691-5571285.cloudwaysapps.com/events/family-book-creator-special-interest-group-sig-2026-01-26/ (Content-Length: 42525)
DEBUG:root:✅ Hyperlink OK: https://outlook.office.com/calendar/0/deeplink/compose?allday=false&body=Join+host+Stan+Wells+as+he+leads+a+step-by-step+walk-through+of+Family+Tree+Maker+%28FTM%29%2C+one+of+the+most+popular+genealogy+software+programs+available+today.&location=&path=/calendar/action/compose&rru=addevent&startdt=2025-12-16T00%3A00%3A00-05%3A00&enddt=2025-12-16T00%3A00%3A00-05%3A00&subject=Family+Tree+Maker+Special+Interest+Group+%28SIG%29
DEBUG:root:Checking external hyperlink: https://outlook.live.com/calendar/0/deeplink/compose?allday=false&body=Join+host+Stan+Wells+as+he+leads+a+step-by-step+walk-through+of+Family+Tree+Maker+%28FTM%29%2C+one+of+the+most+popular+genealogy+software+programs+available+today.&location=&path=/calendar/action/compose&rru=addevent&startdt=2025-12-16T00%3A00%3A00-05%3A00&enddt=2025-12-16T00%3A00%3A00-05%3A00&subject=Family+Tree+Maker+Special+Interest+Group+%28SIG%29
DEBUG:urllib3.connectionpool:Starting new HTTPS connection (1): wordpress-810691-5571285.cloudwaysapps.com:443
DEBUG:charset_normalizer:Encoding detection: utf_8 is most likely the one.
DEBUG:urllib3.connectionpool:Starting new HTTPS connection (1): outlook.live.com:443
DEBUG:root:Extracted 846 characters, 141 words from https://wordpress-810691-5571285.cloudwaysapps.com/events/family-book-creator-special-interest-group-sig-2026-01-26/
DEBUG:root:Checking external hyperlink: https://www.google.com/calendar/event?action=TEMPLATE&text=Family+Book+Creator+Special+Interest+Group+%28SIG%29&dates=20260126T190000/20260126T200000&details=This+group+grew+out+of+our+original+FBC+Study+Group%2C+a+joint+effort+between+Pastfinders+and+Kinseekers.+For+now%2C+membership+is+limited+to+participants+of+that+original+group%2C+but+we+hope+to+welcome+more+members+in+the+future.&location=&trp=false&sprop=https%3A%2F%2Fwordpress-810691-5571285.cloudwaysapps.com%2Fevents%2Ffamily-book-creator-special-interest-group-sig-2026-01-26%2F&sprop=name:Pastfinders&ctz=America%2FNew_York
DEBUG:urllib3.connectionpool:Starting new HTTPS connection (1): www.google.com:443
DEBUG:urllib3.connectionpool:https://wordpress-810691-5571285.cloudwaysapps.com:443 "GET /wp-content/uploads/2025/08/2015_5_Boyscout_Marrit_Badge_13_1525133686-1024x576.webp HTTP/1.1" 200 68402
DEBUG:urllib3.connectionpool:https://www.google.com:443 "GET /calendar/event?action=TEMPLATE&text=Family+Book+Creator+Special+Interest+Group+%28SIG%29&dates=20260126T190000/20260126T200000&details=This+group+grew+out+of+our+original+FBC+Study+Group%2C+a+joint+effort+between+Pastfinders+and+Kinseekers.+For+now%2C+membership+is+limited+to+participants+of+that+original+group%2C+but+we+hope+to+welcome+more+members+in+the+future.&location=&trp=false&sprop=https%3A%2F%2Fwordpress-810691-5571285.cloudwaysapps.com%2Fevents%2Ffamily-book-creator-special-interest-group-sig-2026-01-26%2F&sprop=name:Pastfinders&ctz=America%2FNew_York HTTP/1.1" 302 0
DEBUG:urllib3.connectionpool:Starting new HTTPS connection (1): calendar.google.com:443
DEBUG:root:✅ Image OK: https://wordpress-810691-5571285.cloudwaysapps.com/wp-content/uploads/2025/08/2015_5_Boyscout_Marrit_Badge_13_1525133686-1024x576.webp
DEBUG:root:Checking internal image: https://wordpress-810691-5571285.cloudwaysapps.com/wp-content/uploads/2025/08/2015_5_Boyscout_Marrit_Badge_5_1525133523-1024x576.webp
DEBUG:urllib3.connectionpool:Starting new HTTPS connection (1): wordpress-810691-5571285.cloudwaysapps.com:443
DEBUG:urllib3.connectionpool:https://wordpress-810691-5571285.cloudwaysapps.com:443 "GET /wp-content/uploads/2025/08/IMG_3770_1541649383-1024x683.webp HTTP/1.1" 200 101678
DEBUG:urllib3.connectionpool:https://outlook.live.com:443 "GET /calendar/0/deeplink/compose?allday=false&body=Join+host+Stan+Wells+as+he+leads+a+step-by-step+walk-through+of+Family+Tree+Maker+%28FTM%29%2C+one+of+the+most+popular+genealogy+software+programs+available+today.&location=&path=/calendar/action/compose&rru=addevent&startdt=2025-12-16T00%3A00%3A00-05%3A00&enddt=2025-12-16T00%3A00%3A00-05%3A00&subject=Family+Tree+Maker+Special+Interest+Group+%28SIG%29 HTTP/1.1" 200 None
DEBUG:root:✅ Hyperlink OK: https://outlook.live.com/calendar/0/deeplink/compose?allday=false&body=Join+host+Stan+Wells+as+he+leads+a+step-by-step+walk-through+of+Family+Tree+Maker+%28FTM%29%2C+one+of+the+most+popular+genealogy+software+programs+available+today.&location=&path=/calendar/action/compose&rru=addevent&startdt=2025-12-16T00%3A00%3A00-05%3A00&enddt=2025-12-16T00%3A00%3A00-05%3A00&subject=Family+Tree+Maker+Special+Interest+Group+%28SIG%29
DEBUG:root:Using regex pattern: \b[a-zA-Z]{3,}\b
DEBUG:root:Found 135 words to check in https://wordpress-810691-5571285.cloudwaysapps.com/events/family-tree-maker-special-interest-group-sig-2025-12-16/ (min_length=3)
DEBUG:root:Sample words from https://wordpress-810691-5571285.cloudwaysapps.com/events/family-tree-maker-special-interest-group-sig-2025-12-16/: ['This', 'alert', 'Skip', 'content', 'Family', 'Tree', 'Maker', 'Special', 'Interest', 'Group']
DEBUG:root:Skipped email/domain fragment: 'com'
DEBUG:root:Spell check results for https://wordpress-810691-5571285.cloudwaysapps.com/events/family-tree-maker-special-interest-group-sig-2025-12-16/: 87 words checked, 48 skipped, 0 errors found
INFO:root:✅ Processed https://wordpress-810691-5571285.cloudwaysapps.com/events/family-tree-maker-special-interest-group-sig-2025-12-16/: 0 errors found, 183 words checked
DEBUG:root:Attempting to fetch: https://wordpress-810691-5571285.cloudwaysapps.com/libraries/publishing-your-family-history-on-the-internet/
Processing pages:  47%|████▋     | 180/381 [01:44<02:11,  1.53it/s]DEBUG:urllib3.connectionpool:https://calendar.google.com:443 "GET /calendar/event?action=TEMPLATE&text=Family+Book+Creator+Special+Interest+Group+(SIG)&dates=20260126T190000/20260126T200000&details=This+group+grew+out+of+our+original+FBC+Study+Group,+a+joint+effort+between+Pastfinders+and+Kinseekers.+For+now,+membership+is+limited+to+participants+of+that+original+group,+but+we+hope+to+welcome+more+members+in+the+future.&location&trp=false&sprop=https://wordpress-810691-5571285.cloudwaysapps.com/events/family-book-creator-special-interest-group-sig-2026-01-26/&sprop=name:Pastfinders&ctz=America/New_York HTTP/1.1" 302 0
DEBUG:urllib3.connectionpool:Starting new HTTPS connection (1): accounts.google.com:443
DEBUG:root:✅ Image OK: https://wordpress-810691-5571285.cloudwaysapps.com/wp-content/uploads/2025/08/IMG_3770_1541649383-1024x683.webp
DEBUG:root:Checking internal image: https://wordpress-810691-5571285.cloudwaysapps.com/wp-content/uploads/2025/08/IMG_3768_1541649383-1024x683.webp
DEBUG:urllib3.connectionpool:Starting new HTTPS connection (1): wordpress-810691-5571285.cloudwaysapps.com:443
DEBUG:urllib3.connectionpool:https://accounts.google.com:443 "GET /ServiceLogin?service=cl&passive=1209600&osid=1&continue=https://calendar.google.com/calendar/event?action%3DTEMPLATE%26text%3DFamily%2BBook%2BCreator%2BSpecial%2BInterest%2BGroup%2B(SIG)%26dates%3D20260126T190000/20260126T200000%26details%3DThis%2Bgroup%2Bgrew%2Bout%2Bof%2Bour%2Boriginal%2BFBC%2BStudy%2BGroup,%2Ba%2Bjoint%2Beffort%2Bbetween%2BPastfinders%2Band%2BKinseekers.%2BFor%2Bnow,%2Bmembership%2Bis%2Blimited%2Bto%2Bparticipants%2Bof%2Bthat%2Boriginal%2Bgroup,%2Bbut%2Bwe%2Bhope%2Bto%2Bwelcome%2Bmore%2Bmembers%2Bin%2Bthe%2Bfuture.%26location%26trp%3Dfalse%26sprop%3Dhttps://wordpress-810691-5571285.cloudwaysapps.com/events/family-book-creator-special-interest-group-sig-2026-01-26/%26sprop%3Dname:Pastfinders%26ctz%3DAmerica/New_York&followup=https://calendar.google.com/calendar/event?action%3DTEMPLATE%26text%3DFamily%2BBook%2BCreator%2BSpecial%2BInterest%2BGroup%2B(SIG)%26dates%3D20260126T190000/20260126T200000%26details%3DThis%2Bgroup%2Bgrew%2Bout%2Bof%2Bour%2Boriginal%2BFBC%2BStudy%2BGroup,%2Ba%2Bjoint%2Beffort%2Bbetween%2BPastfinders%2Band%2BKinseekers.%2BFor%2Bnow,%2Bmembership%2Bis%2Blimited%2Bto%2Bparticipants%2Bof%2Bthat%2Boriginal%2Bgroup,%2Bbut%2Bwe%2Bhope%2Bto%2Bwelcome%2Bmore%2Bmembers%2Bin%2Bthe%2Bfuture.%26location%26trp%3Dfalse%26sprop%3Dhttps://wordpress-810691-5571285.cloudwaysapps.com/events/family-book-creator-special-interest-group-sig-2026-01-26/%26sprop%3Dname:Pastfinders%26ctz%3DAmerica/New_York&emr=1 HTTP/1.1" 302 0
DEBUG:urllib3.connectionpool:https://wordpress-810691-5571285.cloudwaysapps.com:443 "GET /wp-content/uploads/2025/08/2015_5_Boyscout_Marrit_Badge_5_1525133523-1024x576.webp HTTP/1.1" 200 71252
DEBUG:root:✅ Image OK: https://wordpress-810691-5571285.cloudwaysapps.com/wp-content/uploads/2025/08/2015_5_Boyscout_Marrit_Badge_5_1525133523-1024x576.webp
DEBUG:root:Checking internal image: https://wordpress-810691-5571285.cloudwaysapps.com/wp-content/uploads/2025/08/2015_5_Boy_Scout_Marritt_Badge_1_1525133425-1024x576.webp
DEBUG:urllib3.connectionpool:Starting new HTTPS connection (1): wordpress-810691-5571285.cloudwaysapps.com:443
DEBUG:urllib3.connectionpool:https://accounts.google.com:443 "GET /InteractiveLogin?continue=https://calendar.google.com/calendar/event?action%3DTEMPLATE%26text%3DFamily%2BBook%2BCreator%2BSpecial%2BInterest%2BGroup%2B(SIG)%26dates%3D20260126T190000/20260126T200000%26details%3DThis%2Bgroup%2Bgrew%2Bout%2Bof%2Bour%2Boriginal%2BFBC%2BStudy%2BGroup,%2Ba%2Bjoint%2Beffort%2Bbetween%2BPastfinders%2Band%2BKinseekers.%2BFor%2Bnow,%2Bmembership%2Bis%2Blimited%2Bto%2Bparticipants%2Bof%2Bthat%2Boriginal%2Bgroup,%2Bbut%2Bwe%2Bhope%2Bto%2Bwelcome%2Bmore%2Bmembers%2Bin%2Bthe%2Bfuture.%26location%26trp%3Dfalse%26sprop%3Dhttps://wordpress-810691-5571285.cloudwaysapps.com/events/family-book-creator-special-interest-group-sig-2026-01-26/%26sprop%3Dname:Pastfinders%26ctz%3DAmerica/New_York&emr=1&followup=https://calendar.google.com/calendar/event?action%3DTEMPLATE%26text%3DFamily%2BBook%2BCreator%2BSpecial%2BInterest%2BGroup%2B(SIG)%26dates%3D20260126T190000/20260126T200000%26details%3DThis%2Bgroup%2Bgrew%2Bout%2Bof%2Bour%2Boriginal%2BFBC%2BStudy%2BGroup,%2Ba%2Bjoint%2Beffort%2Bbetween%2BPastfinders%2Band%2BKinseekers.%2BFor%2Bnow,%2Bmembership%2Bis%2Blimited%2Bto%2Bparticipants%2Bof%2Bthat%2Boriginal%2Bgroup,%2Bbut%2Bwe%2Bhope%2Bto%2Bwelcome%2Bmore%2Bmembers%2Bin%2Bthe%2Bfuture.%26location%26trp%3Dfalse%26sprop%3Dhttps://wordpress-810691-5571285.cloudwaysapps.com/events/family-book-creator-special-interest-group-sig-2026-01-26/%26sprop%3Dname:Pastfinders%26ctz%3DAmerica/New_York&osid=1&passive=1209600&service=cl&ifkv=AdBytiOIIZKyhog01VOnNDzjDsRjza1GVK9vspQAp4Df8bte1ZITZPGyN0Jt26qWsLZ2XcsNKTeKyA HTTP/1.1" 302 None
DEBUG:urllib3.connectionpool:https://accounts.google.com:443 "GET /v3/signin/identifier?continue=https%3A%2F%2Fcalendar.google.com%2Fcalendar%2Fevent%3Faction%3DTEMPLATE%26text%3DFamily%2BBook%2BCreator%2BSpecial%2BInterest%2BGroup%2B%28SIG%29%26dates%3D20260126T190000%2F20260126T200000%26details%3DThis%2Bgroup%2Bgrew%2Bout%2Bof%2Bour%2Boriginal%2BFBC%2BStudy%2BGroup%2C%2Ba%2Bjoint%2Beffort%2Bbetween%2BPastfinders%2Band%2BKinseekers.%2BFor%2Bnow%2C%2Bmembership%2Bis%2Blimited%2Bto%2Bparticipants%2Bof%2Bthat%2Boriginal%2Bgroup%2C%2Bbut%2Bwe%2Bhope%2Bto%2Bwelcome%2Bmore%2Bmembers%2Bin%2Bthe%2Bfuture.%26location%26trp%3Dfalse%26sprop%3Dhttps%3A%2F%2Fwordpress-810691-5571285.cloudwaysapps.com%2Fevents%2Ffamily-book-creator-special-interest-group-sig-2026-01-26%2F%26sprop%3Dname%3APastfinders%26ctz%3DAmerica%2FNew_York&emr=1&followup=https%3A%2F%2Fcalendar.google.com%2Fcalendar%2Fevent%3Faction%3DTEMPLATE%26text%3DFamily%2BBook%2BCreator%2BSpecial%2BInterest%2BGroup%2B%28SIG%29%26dates%3D20260126T190000%2F20260126T200000%26details%3DThis%2Bgroup%2Bgrew%2Bout%2Bof%2Bour%2Boriginal%2BFBC%2BStudy%2BGroup%2C%2Ba%2Bjoint%2Beffort%2Bbetween%2BPastfinders%2Band%2BKinseekers.%2BFor%2Bnow%2C%2Bmembership%2Bis%2Blimited%2Bto%2Bparticipants%2Bof%2Bthat%2Boriginal%2Bgroup%2C%2Bbut%2Bwe%2Bhope%2Bto%2Bwelcome%2Bmore%2Bmembers%2Bin%2Bthe%2Bfuture.%26location%26trp%3Dfalse%26sprop%3Dhttps%3A%2F%2Fwordpress-810691-5571285.cloudwaysapps.com%2Fevents%2Ffamily-book-creator-special-interest-group-sig-2026-01-26%2F%26sprop%3Dname%3APastfinders%26ctz%3DAmerica%2FNew_York&ifkv=AdBytiO-1dQVN02Or1vFJm_JGtg_knA6tTADqnxZs7XBnq-zBP4n23lUxdHB2lEl2bRL4Z0GkAD41Q&osid=1&passive=1209600&service=cl&flowName=WebLiteSignIn&flowEntry=ServiceLogin&dsh=S118745705%3A1756758228844557 HTTP/1.1" 200 None
DEBUG:urllib3.connectionpool:https://wordpress-810691-5571285.cloudwaysapps.com:443 "GET /wp-content/uploads/2025/08/IMG_3768_1541649383-1024x683.webp HTTP/1.1" 200 113756
DEBUG:root:✅ Hyperlink OK: https://www.google.com/calendar/event?action=TEMPLATE&text=Family+Book+Creator+Special+Interest+Group+%28SIG%29&dates=20260126T190000/20260126T200000&details=This+group+grew+out+of+our+original+FBC+Study+Group%2C+a+joint+effort+between+Pastfinders+and+Kinseekers.+For+now%2C+membership+is+limited+to+participants+of+that+original+group%2C+but+we+hope+to+welcome+more+members+in+the+future.&location=&trp=false&sprop=https%3A%2F%2Fwordpress-810691-5571285.cloudwaysapps.com%2Fevents%2Ffamily-book-creator-special-interest-group-sig-2026-01-26%2F&sprop=name:Pastfinders&ctz=America%2FNew_York
DEBUG:root:Checking external hyperlink: https://outlook.office.com/calendar/0/deeplink/compose?allday=false&body=This+group+grew+out+of+our+original+FBC+Study+Group%2C+a+joint+effort+between+Pastfinders+and+Kinseekers.+For+now%2C+membership+is+limited+to+participants+of+that+original+group%2C+but+we+hope+to+welcome+more+members+in+the+future.&location=&path=/calendar/action/compose&rru=addevent&startdt=2026-01-26T19%3A00%3A00-05%3A00&enddt=2026-01-26T20%3A00%3A00-05%3A00&subject=Family+Book+Creator+Special+Interest+Group+%28SIG%29
DEBUG:urllib3.connectionpool:Starting new HTTPS connection (1): outlook.office.com:443
DEBUG:root:✅ Image OK: https://wordpress-810691-5571285.cloudwaysapps.com/wp-content/uploads/2025/08/IMG_3768_1541649383-1024x683.webp
DEBUG:root:Checking internal image: https://wordpress-810691-5571285.cloudwaysapps.com/wp-content/uploads/2025/08/IMG_3787_1541649383-1024x683.webp
DEBUG:urllib3.connectionpool:Starting new HTTPS connection (1): wordpress-810691-5571285.cloudwaysapps.com:443
DEBUG:urllib3.connectionpool:https://wordpress-810691-5571285.cloudwaysapps.com:443 "GET /wp-content/uploads/2025/08/2015_5_Boy_Scout_Marritt_Badge_1_1525133425-1024x576.webp HTTP/1.1" 200 58586
DEBUG:root:✅ Image OK: https://wordpress-810691-5571285.cloudwaysapps.com/wp-content/uploads/2025/08/2015_5_Boy_Scout_Marritt_Badge_1_1525133425-1024x576.webp
DEBUG:root:Checking internal image: https://wordpress-810691-5571285.cloudwaysapps.com/wp-content/uploads/2025/08/IMG_0007_1566943860-1024x819.webp
DEBUG:urllib3.connectionpool:Starting new HTTPS connection (1): wordpress-810691-5571285.cloudwaysapps.com:443
DEBUG:urllib3.connectionpool:https://outlook.office.com:443 "GET /calendar/0/deeplink/compose?allday=false&body=This+group+grew+out+of+our+original+FBC+Study+Group%2C+a+joint+effort+between+Pastfinders+and+Kinseekers.+For+now%2C+membership+is+limited+to+participants+of+that+original+group%2C+but+we+hope+to+welcome+more+members+in+the+future.&location=&path=/calendar/action/compose&rru=addevent&startdt=2026-01-26T19%3A00%3A00-05%3A00&enddt=2026-01-26T20%3A00%3A00-05%3A00&subject=Family+Book+Creator+Special+Interest+Group+%28SIG%29 HTTP/1.1" 200 None
DEBUG:root:✅ Hyperlink OK: https://outlook.office.com/calendar/0/deeplink/compose?allday=false&body=This+group+grew+out+of+our+original+FBC+Study+Group%2C+a+joint+effort+between+Pastfinders+and+Kinseekers.+For+now%2C+membership+is+limited+to+participants+of+that+original+group%2C+but+we+hope+to+welcome+more+members+in+the+future.&location=&path=/calendar/action/compose&rru=addevent&startdt=2026-01-26T19%3A00%3A00-05%3A00&enddt=2026-01-26T20%3A00%3A00-05%3A00&subject=Family+Book+Creator+Special+Interest+Group+%28SIG%29
DEBUG:root:Checking external hyperlink: https://outlook.live.com/calendar/0/deeplink/compose?allday=false&body=This+group+grew+out+of+our+original+FBC+Study+Group%2C+a+joint+effort+between+Pastfinders+and+Kinseekers.+For+now%2C+membership+is+limited+to+participants+of+that+original+group%2C+but+we+hope+to+welcome+more+members+in+the+future.&location=&path=/calendar/action/compose&rru=addevent&startdt=2026-01-26T19%3A00%3A00-05%3A00&enddt=2026-01-26T20%3A00%3A00-05%3A00&subject=Family+Book+Creator+Special+Interest+Group+%28SIG%29
DEBUG:urllib3.connectionpool:Starting new HTTPS connection (1): outlook.live.com:443
DEBUG:urllib3.connectionpool:https://wordpress-810691-5571285.cloudwaysapps.com:443 "GET /libraries/publishing-your-family-history-on-the-internet/ HTTP/1.1" 200 None
DEBUG:root:Successfully fetched https://wordpress-810691-5571285.cloudwaysapps.com/libraries/publishing-your-family-history-on-the-internet/ (Content-Length: 36486)
DEBUG:charset_normalizer:Encoding detection: utf_8 is most likely the one.
DEBUG:urllib3.connectionpool:https://wordpress-810691-5571285.cloudwaysapps.com:443 "GET /wp-content/uploads/2025/08/IMG_3787_1541649383-1024x683.webp HTTP/1.1" 200 99864
DEBUG:root:Extracted 111 characters, 20 words from https://wordpress-810691-5571285.cloudwaysapps.com/libraries/publishing-your-family-history-on-the-internet/
DEBUG:root:Using regex pattern: \b[a-zA-Z]{3,}\b
DEBUG:root:Found 11 words to check in https://wordpress-810691-5571285.cloudwaysapps.com/libraries/publishing-your-family-history-on-the-internet/ (min_length=3)
DEBUG:root:Sample words from https://wordpress-810691-5571285.cloudwaysapps.com/libraries/publishing-your-family-history-on-the-internet/: ['This', 'alert', 'Skip', 'content', 'Publishing', 'your', 'family', 'history', 'the', 'Internet']
DEBUG:root:Spell check results for https://wordpress-810691-5571285.cloudwaysapps.com/libraries/publishing-your-family-history-on-the-internet/: 6 words checked, 5 skipped, 0 errors found
INFO:root:✅ Processed https://wordpress-810691-5571285.cloudwaysapps.com/libraries/publishing-your-family-history-on-the-internet/: 0 errors found, 20 words checked
DEBUG:root:Attempting to fetch: https://wordpress-810691-5571285.cloudwaysapps.com/resources/indian-river-genealogical-society/
Processing pages:  48%|████▊     | 181/381 [01:45<02:28,  1.35it/s]DEBUG:root:✅ Image OK: https://wordpress-810691-5571285.cloudwaysapps.com/wp-content/uploads/2025/08/IMG_3787_1541649383-1024x683.webp
DEBUG:root:Checking internal image: https://wordpress-810691-5571285.cloudwaysapps.com/wp-content/uploads/2025/08/IMG_3767_1541649383-1024x683.webp
DEBUG:urllib3.connectionpool:Starting new HTTPS connection (1): wordpress-810691-5571285.cloudwaysapps.com:443
DEBUG:urllib3.connectionpool:https://wordpress-810691-5571285.cloudwaysapps.com:443 "GET /wp-content/uploads/2025/08/IMG_0007_1566943860-1024x819.webp HTTP/1.1" 200 60536
DEBUG:urllib3.connectionpool:https://outlook.live.com:443 "GET /calendar/0/deeplink/compose?allday=false&body=This+group+grew+out+of+our+original+FBC+Study+Group%2C+a+joint+effort+between+Pastfinders+and+Kinseekers.+For+now%2C+membership+is+limited+to+participants+of+that+original+group%2C+but+we+hope+to+welcome+more+members+in+the+future.&location=&path=/calendar/action/compose&rru=addevent&startdt=2026-01-26T19%3A00%3A00-05%3A00&enddt=2026-01-26T20%3A00%3A00-05%3A00&subject=Family+Book+Creator+Special+Interest+Group+%28SIG%29 HTTP/1.1" 200 None
DEBUG:root:✅ Hyperlink OK: https://outlook.live.com/calendar/0/deeplink/compose?allday=false&body=This+group+grew+out+of+our+original+FBC+Study+Group%2C+a+joint+effort+between+Pastfinders+and+Kinseekers.+For+now%2C+membership+is+limited+to+participants+of+that+original+group%2C+but+we+hope+to+welcome+more+members+in+the+future.&location=&path=/calendar/action/compose&rru=addevent&startdt=2026-01-26T19%3A00%3A00-05%3A00&enddt=2026-01-26T20%3A00%3A00-05%3A00&subject=Family+Book+Creator+Special+Interest+Group+%28SIG%29
DEBUG:root:Using regex pattern: \b[a-zA-Z]{3,}\b
DEBUG:root:Found 109 words to check in https://wordpress-810691-5571285.cloudwaysapps.com/events/family-book-creator-special-interest-group-sig-2026-01-26/ (min_length=3)
DEBUG:root:Sample words from https://wordpress-810691-5571285.cloudwaysapps.com/events/family-book-creator-special-interest-group-sig-2026-01-26/: ['This', 'alert', 'Skip', 'content', 'Family', 'Book', 'Creator', 'Special', 'Interest', 'Group']
DEBUG:root:Spell check results for https://wordpress-810691-5571285.cloudwaysapps.com/events/family-book-creator-special-interest-group-sig-2026-01-26/: 62 words checked, 47 skipped, 0 errors found
INFO:root:✅ Processed https://wordpress-810691-5571285.cloudwaysapps.com/events/family-book-creator-special-interest-group-sig-2026-01-26/: 0 errors found, 141 words checked
DEBUG:root:Attempting to fetch: https://wordpress-810691-5571285.cloudwaysapps.com/events/preserving-local-history-2026-07-08/
Processing pages:  48%|████▊     | 182/381 [01:45<01:49,  1.82it/s]DEBUG:root:✅ Image OK: https://wordpress-810691-5571285.cloudwaysapps.com/wp-content/uploads/2025/08/IMG_0007_1566943860-1024x819.webp
DEBUG:root:Checking internal image: https://wordpress-810691-5571285.cloudwaysapps.com/wp-content/uploads/2025/08/2015_5_Boyscout_Marrit_Badge_7_1525133555-1024x576.webp
DEBUG:urllib3.connectionpool:Starting new HTTPS connection (1): wordpress-810691-5571285.cloudwaysapps.com:443
DEBUG:root:✅ Document OK: https://pastfindersslc.org/upload/newsletters/w_2006.pdf
DEBUG:root:Checking external document: https://pastfindersslc.org/upload/newsletters/Fall_2005.pdf
DEBUG:urllib3.connectionpool:Starting new HTTPS connection (1): pastfindersslc.org:443
DEBUG:urllib3.connectionpool:https://wordpress-810691-5571285.cloudwaysapps.com:443 "GET /events/preserving-local-history-2026-07-08/ HTTP/1.1" 200 None
DEBUG:root:Successfully fetched https://wordpress-810691-5571285.cloudwaysapps.com/events/preserving-local-history-2026-07-08/ (Content-Length: 43606)
DEBUG:charset_normalizer:Encoding detection: utf_8 is most likely the one.
DEBUG:root:Extracted 442 characters, 65 words from https://wordpress-810691-5571285.cloudwaysapps.com/events/preserving-local-history-2026-07-08/
DEBUG:root:Checking external hyperlink: https://www.google.com/calendar/event?action=TEMPLATE&text=Preserving+Local+History&dates=20260708T100000/20260708T120000&details=Help+in+the+preservation+of+our+local+history+and+collections%2C+including+transcriptionists%2C+preservationists%2C+digitizers%2C+and+organization%C2%A0projects.&location=2525+Oakley+Seaver+Dr%2C+Clermont%2C+FL%2C+34711%2C+United+States&trp=false&sprop=https%3A%2F%2Fwordpress-810691-5571285.cloudwaysapps.com%2Fevents%2Fpreserving-local-history-2026-07-08%2F&sprop=name:Pastfinders&ctz=America%2FNew_York
DEBUG:urllib3.connectionpool:Starting new HTTPS connection (1): www.google.com:443
DEBUG:urllib3.connectionpool:https://wordpress-810691-5571285.cloudwaysapps.com:443 "GET /wp-content/uploads/2025/08/IMG_3767_1541649383-1024x683.webp HTTP/1.1" 200 111944
DEBUG:urllib3.connectionpool:https://pastfindersslc.org:443 "GET /upload/newsletters/Fall_2005.pdf HTTP/1.1" 200 7787501
DEBUG:urllib3.connectionpool:https://www.google.com:443 "GET /calendar/event?action=TEMPLATE&text=Preserving+Local+History&dates=20260708T100000/20260708T120000&details=Help+in+the+preservation+of+our+local+history+and+collections%2C+including+transcriptionists%2C+preservationists%2C+digitizers%2C+and+organization%C2%A0projects.&location=2525+Oakley+Seaver+Dr%2C+Clermont%2C+FL%2C+34711%2C+United+States&trp=false&sprop=https%3A%2F%2Fwordpress-810691-5571285.cloudwaysapps.com%2Fevents%2Fpreserving-local-history-2026-07-08%2F&sprop=name:Pastfinders&ctz=America%2FNew_York HTTP/1.1" 302 0
DEBUG:urllib3.connectionpool:Starting new HTTPS connection (1): calendar.google.com:443
DEBUG:root:✅ Image OK: https://wordpress-810691-5571285.cloudwaysapps.com/wp-content/uploads/2025/08/IMG_3767_1541649383-1024x683.webp
DEBUG:root:Checking internal image: https://wordpress-810691-5571285.cloudwaysapps.com/wp-content/uploads/2025/08/2015_12_10_Pastfinders_christmas_Dinner_43_1541648850.webp
DEBUG:urllib3.connectionpool:Starting new HTTPS connection (1): wordpress-810691-5571285.cloudwaysapps.com:443
DEBUG:urllib3.connectionpool:https://wordpress-810691-5571285.cloudwaysapps.com:443 "GET /wp-content/uploads/2025/08/2015_5_Boyscout_Marrit_Badge_7_1525133555-1024x576.webp HTTP/1.1" 200 67198
DEBUG:root:✅ Image OK: https://wordpress-810691-5571285.cloudwaysapps.com/wp-content/uploads/2025/08/2015_5_Boyscout_Marrit_Badge_7_1525133555-1024x576.webp
DEBUG:root:Checking internal image: https://wordpress-810691-5571285.cloudwaysapps.com/wp-content/uploads/2025/08/2015_5_Boyscout_Marrit_Badge_1_1525133460-1024x576.webp
DEBUG:urllib3.connectionpool:Starting new HTTPS connection (1): wordpress-810691-5571285.cloudwaysapps.com:443
DEBUG:urllib3.connectionpool:https://calendar.google.com:443 "GET /calendar/event?action=TEMPLATE&text=Preserving+Local+History&dates=20260708T100000/20260708T120000&details=Help+in+the+preservation+of+our+local+history+and+collections,+including+transcriptionists,+preservationists,+digitizers,+and+organization%C2%A0projects.&location=2525+Oakley+Seaver+Dr,+Clermont,+FL,+34711,+United+States&trp=false&sprop=https://wordpress-810691-5571285.cloudwaysapps.com/events/preserving-local-history-2026-07-08/&sprop=name:Pastfinders&ctz=America/New_York HTTP/1.1" 302 0
DEBUG:urllib3.connectionpool:Starting new HTTPS connection (1): accounts.google.com:443
DEBUG:urllib3.connectionpool:https://accounts.google.com:443 "GET /ServiceLogin?service=cl&passive=1209600&osid=1&continue=https://calendar.google.com/calendar/event?action%3DTEMPLATE%26text%3DPreserving%2BLocal%2BHistory%26dates%3D20260708T100000/20260708T120000%26details%3DHelp%2Bin%2Bthe%2Bpreservation%2Bof%2Bour%2Blocal%2Bhistory%2Band%2Bcollections,%2Bincluding%2Btranscriptionists,%2Bpreservationists,%2Bdigitizers,%2Band%2Borganization%25C2%25A0projects.%26location%3D2525%2BOakley%2BSeaver%2BDr,%2BClermont,%2BFL,%2B34711,%2BUnited%2BStates%26trp%3Dfalse%26sprop%3Dhttps://wordpress-810691-5571285.cloudwaysapps.com/events/preserving-local-history-2026-07-08/%26sprop%3Dname:Pastfinders%26ctz%3DAmerica/New_York&followup=https://calendar.google.com/calendar/event?action%3DTEMPLATE%26text%3DPreserving%2BLocal%2BHistory%26dates%3D20260708T100000/20260708T120000%26details%3DHelp%2Bin%2Bthe%2Bpreservation%2Bof%2Bour%2Blocal%2Bhistory%2Band%2Bcollections,%2Bincluding%2Btranscriptionists,%2Bpreservationists,%2Bdigitizers,%2Band%2Borganization%25C2%25A0projects.%26location%3D2525%2BOakley%2BSeaver%2BDr,%2BClermont,%2BFL,%2B34711,%2BUnited%2BStates%26trp%3Dfalse%26sprop%3Dhttps://wordpress-810691-5571285.cloudwaysapps.com/events/preserving-local-history-2026-07-08/%26sprop%3Dname:Pastfinders%26ctz%3DAmerica/New_York&emr=1 HTTP/1.1" 302 0
DEBUG:urllib3.connectionpool:https://wordpress-810691-5571285.cloudwaysapps.com:443 "GET /wp-content/uploads/2025/08/2015_12_10_Pastfinders_christmas_Dinner_43_1541648850.webp HTTP/1.1" 200 55450
DEBUG:urllib3.connectionpool:https://wordpress-810691-5571285.cloudwaysapps.com:443 "GET /wp-content/uploads/2025/08/2015_5_Boyscout_Marrit_Badge_1_1525133460-1024x576.webp HTTP/1.1" 200 65536
DEBUG:urllib3.connectionpool:https://accounts.google.com:443 "GET /InteractiveLogin?continue=https://calendar.google.com/calendar/event?action%3DTEMPLATE%26text%3DPreserving%2BLocal%2BHistory%26dates%3D20260708T100000/20260708T120000%26details%3DHelp%2Bin%2Bthe%2Bpreservation%2Bof%2Bour%2Blocal%2Bhistory%2Band%2Bcollections,%2Bincluding%2Btranscriptionists,%2Bpreservationists,%2Bdigitizers,%2Band%2Borganization%25C2%25A0projects.%26location%3D2525%2BOakley%2BSeaver%2BDr,%2BClermont,%2BFL,%2B34711,%2BUnited%2BStates%26trp%3Dfalse%26sprop%3Dhttps://wordpress-810691-5571285.cloudwaysapps.com/events/preserving-local-history-2026-07-08/%26sprop%3Dname:Pastfinders%26ctz%3DAmerica/New_York&emr=1&followup=https://calendar.google.com/calendar/event?action%3DTEMPLATE%26text%3DPreserving%2BLocal%2BHistory%26dates%3D20260708T100000/20260708T120000%26details%3DHelp%2Bin%2Bthe%2Bpreservation%2Bof%2Bour%2Blocal%2Bhistory%2Band%2Bcollections,%2Bincluding%2Btranscriptionists,%2Bpreservationists,%2Bdigitizers,%2Band%2Borganization%25C2%25A0projects.%26location%3D2525%2BOakley%2BSeaver%2BDr,%2BClermont,%2BFL,%2B34711,%2BUnited%2BStates%26trp%3Dfalse%26sprop%3Dhttps://wordpress-810691-5571285.cloudwaysapps.com/events/preserving-local-history-2026-07-08/%26sprop%3Dname:Pastfinders%26ctz%3DAmerica/New_York&osid=1&passive=1209600&service=cl&ifkv=AdBytiOLMBTGDjnCOYwx9DLdGnGziw-Pfq7552yoNQzOIDbqXFcinvOwy_cR92n0CXcsy3dwoXQ7 HTTP/1.1" 302 None
DEBUG:root:✅ Image OK: https://wordpress-810691-5571285.cloudwaysapps.com/wp-content/uploads/2025/08/2015_12_10_Pastfinders_christmas_Dinner_43_1541648850.webp
DEBUG:root:Checking internal image: https://wordpress-810691-5571285.cloudwaysapps.com/wp-content/uploads/2025/08/IMG_3779_1541649383-1024x683.webp
DEBUG:urllib3.connectionpool:Starting new HTTPS connection (1): wordpress-810691-5571285.cloudwaysapps.com:443
DEBUG:root:✅ Image OK: https://wordpress-810691-5571285.cloudwaysapps.com/wp-content/uploads/2025/08/2015_5_Boyscout_Marrit_Badge_1_1525133460-1024x576.webp
DEBUG:root:Checking internal image: https://wordpress-810691-5571285.cloudwaysapps.com/wp-content/uploads/2025/08/2015_5_Boyscout_Marrit_Badge_3_1525133494-1024x576.webp
DEBUG:urllib3.connectionpool:Starting new HTTPS connection (1): wordpress-810691-5571285.cloudwaysapps.com:443
DEBUG:urllib3.connectionpool:https://accounts.google.com:443 "GET /v3/signin/identifier?continue=https%3A%2F%2Fcalendar.google.com%2Fcalendar%2Fevent%3Faction%3DTEMPLATE%26text%3DPreserving%2BLocal%2BHistory%26dates%3D20260708T100000%2F20260708T120000%26details%3DHelp%2Bin%2Bthe%2Bpreservation%2Bof%2Bour%2Blocal%2Bhistory%2Band%2Bcollections%2C%2Bincluding%2Btranscriptionists%2C%2Bpreservationists%2C%2Bdigitizers%2C%2Band%2Borganization%25C2%25A0projects.%26location%3D2525%2BOakley%2BSeaver%2BDr%2C%2BClermont%2C%2BFL%2C%2B34711%2C%2BUnited%2BStates%26trp%3Dfalse%26sprop%3Dhttps%3A%2F%2Fwordpress-810691-5571285.cloudwaysapps.com%2Fevents%2Fpreserving-local-history-2026-07-08%2F%26sprop%3Dname%3APastfinders%26ctz%3DAmerica%2FNew_York&emr=1&followup=https%3A%2F%2Fcalendar.google.com%2Fcalendar%2Fevent%3Faction%3DTEMPLATE%26text%3DPreserving%2BLocal%2BHistory%26dates%3D20260708T100000%2F20260708T120000%26details%3DHelp%2Bin%2Bthe%2Bpreservation%2Bof%2Bour%2Blocal%2Bhistory%2Band%2Bcollections%2C%2Bincluding%2Btranscriptionists%2C%2Bpreservationists%2C%2Bdigitizers%2C%2Band%2Borganization%25C2%25A0projects.%26location%3D2525%2BOakley%2BSeaver%2BDr%2C%2BClermont%2C%2BFL%2C%2B34711%2C%2BUnited%2BStates%26trp%3Dfalse%26sprop%3Dhttps%3A%2F%2Fwordpress-810691-5571285.cloudwaysapps.com%2Fevents%2Fpreserving-local-history-2026-07-08%2F%26sprop%3Dname%3APastfinders%26ctz%3DAmerica%2FNew_York&ifkv=AdBytiOgB1Mfe8fn_UsOWWFkJVgbwq48FMgJeO66UDNMqzas32LVhlXHQ1gzJxpT03KakGuIJTX4&osid=1&passive=1209600&service=cl&flowName=WebLiteSignIn&flowEntry=ServiceLogin&dsh=S-46321061%3A1756758230058613 HTTP/1.1" 200 None
DEBUG:urllib3.connectionpool:https://wordpress-810691-5571285.cloudwaysapps.com:443 "GET /resources/indian-river-genealogical-society/ HTTP/1.1" 200 None
DEBUG:root:Successfully fetched https://wordpress-810691-5571285.cloudwaysapps.com/resources/indian-river-genealogical-society/ (Content-Length: 39291)
DEBUG:charset_normalizer:Encoding detection: utf_8 is most likely the one.
DEBUG:root:Extracted 925 characters, 151 words from https://wordpress-810691-5571285.cloudwaysapps.com/resources/indian-river-genealogical-society/
DEBUG:root:✅ Hyperlink OK: https://www.google.com/calendar/event?action=TEMPLATE&text=Preserving+Local+History&dates=20260708T100000/20260708T120000&details=Help+in+the+preservation+of+our+local+history+and+collections%2C+including+transcriptionists%2C+preservationists%2C+digitizers%2C+and+organization%C2%A0projects.&location=2525+Oakley+Seaver+Dr%2C+Clermont%2C+FL%2C+34711%2C+United+States&trp=false&sprop=https%3A%2F%2Fwordpress-810691-5571285.cloudwaysapps.com%2Fevents%2Fpreserving-local-history-2026-07-08%2F&sprop=name:Pastfinders&ctz=America%2FNew_York
DEBUG:root:Checking external hyperlink: https://outlook.office.com/calendar/0/deeplink/compose?allday=false&body=Help+in+the+preservation+of+our+local+history+and+collections%2C+including+transcriptionists%2C+preservationists%2C+digitizers%2C+and+organization%C2%A0projects.&location=2525+Oakley+Seaver+Dr%2C+Clermont%2C+FL%2C+34711%2C+United+States&path=/calendar/action/compose&rru=addevent&startdt=2026-07-08T10%3A00%3A00-04%3A00&enddt=2026-07-08T12%3A00%3A00-04%3A00&subject=Preserving+Local+History
DEBUG:root:Using regex pattern: \b[a-zA-Z]{3,}\b
DEBUG:root:Found 128 words to check in https://wordpress-810691-5571285.cloudwaysapps.com/resources/indian-river-genealogical-society/ (min_length=3)
DEBUG:root:Sample words from https://wordpress-810691-5571285.cloudwaysapps.com/resources/indian-river-genealogical-society/: ['This', 'alert', 'Skip', 'content', 'Indian', 'River', 'Genealogical', 'Society', 'June', 'The']
DEBUG:root:Spell check results for https://wordpress-810691-5571285.cloudwaysapps.com/resources/indian-river-genealogical-society/: 70 words checked, 58 skipped, 0 errors found
INFO:root:✅ Processed https://wordpress-810691-5571285.cloudwaysapps.com/resources/indian-river-genealogical-society/: 0 errors found, 151 words checked
DEBUG:root:Attempting to fetch: https://wordpress-810691-5571285.cloudwaysapps.com/libraries/asburys-in-america-supplement/
Processing pages:  48%|████▊     | 183/381 [01:46<02:14,  1.47it/s]DEBUG:urllib3.connectionpool:Starting new HTTPS connection (1): outlook.office.com:443
DEBUG:urllib3.connectionpool:https://wordpress-810691-5571285.cloudwaysapps.com:443 "GET /wp-content/uploads/2025/08/2015_5_Boyscout_Marrit_Badge_3_1525133494-1024x576.webp HTTP/1.1" 200 61260
DEBUG:urllib3.connectionpool:https://wordpress-810691-5571285.cloudwaysapps.com:443 "GET /wp-content/uploads/2025/08/IMG_3779_1541649383-1024x683.webp HTTP/1.1" 200 104128
DEBUG:urllib3.connectionpool:https://wordpress-810691-5571285.cloudwaysapps.com:443 "GET /libraries/asburys-in-america-supplement/ HTTP/1.1" 200 None
DEBUG:root:Successfully fetched https://wordpress-810691-5571285.cloudwaysapps.com/libraries/asburys-in-america-supplement/ (Content-Length: 36201)
DEBUG:charset_normalizer:Encoding detection: utf_8 is most likely the one.
DEBUG:root:✅ Image OK: https://wordpress-810691-5571285.cloudwaysapps.com/wp-content/uploads/2025/08/2015_5_Boyscout_Marrit_Badge_3_1525133494-1024x576.webp
DEBUG:root:Using regex pattern: \b[a-zA-Z]{3,}\b
DEBUG:root:Found 40 words to check in https://wordpress-810691-5571285.cloudwaysapps.com/galleries/2015-may-boy-scout-merit-badge/ (min_length=3)
DEBUG:root:Sample words from https://wordpress-810691-5571285.cloudwaysapps.com/galleries/2015-may-boy-scout-merit-badge/: ['This', 'alert', 'Skip', 'content', 'May', 'Boy', 'Scout', 'Merit', 'Badge', 'images']
DEBUG:root:Spell check results for https://wordpress-810691-5571285.cloudwaysapps.com/galleries/2015-may-boy-scout-merit-badge/: 16 words checked, 24 skipped, 0 errors found
INFO:root:✅ Processed https://wordpress-810691-5571285.cloudwaysapps.com/galleries/2015-may-boy-scout-merit-badge/: 0 errors found, 78 words checked
DEBUG:root:Attempting to fetch: https://wordpress-810691-5571285.cloudwaysapps.com/events/preserving-local-history-2026-04-08/
DEBUG:root:Extracted 95 characters, 18 words from https://wordpress-810691-5571285.cloudwaysapps.com/libraries/asburys-in-america-supplement/
DEBUG:root:Using regex pattern: \b[a-zA-Z]{3,}\b
DEBUG:root:Found 8 words to check in https://wordpress-810691-5571285.cloudwaysapps.com/libraries/asburys-in-america-supplement/ (min_length=3)
DEBUG:root:Sample words from https://wordpress-810691-5571285.cloudwaysapps.com/libraries/asburys-in-america-supplement/: ['This', 'alert', 'Skip', 'content', 'Asbury', 'America', 'Supplement', 'March']
DEBUG:root:Spell check results for https://wordpress-810691-5571285.cloudwaysapps.com/libraries/asburys-in-america-supplement/: 2 words checked, 6 skipped, 0 errors found
INFO:root:✅ Processed https://wordpress-810691-5571285.cloudwaysapps.com/libraries/asburys-in-america-supplement/: 0 errors found, 18 words checked
DEBUG:root:Attempting to fetch: https://wordpress-810691-5571285.cloudwaysapps.com/events/irish-special-interest-group-sig-2025-06-16/
Processing pages:  49%|████▊     | 185/381 [01:46<01:16,  2.56it/s]DEBUG:root:✅ Image OK: https://wordpress-810691-5571285.cloudwaysapps.com/wp-content/uploads/2025/08/IMG_3779_1541649383-1024x683.webp
DEBUG:root:Checking internal image: https://wordpress-810691-5571285.cloudwaysapps.com/wp-content/uploads/2025/08/IMG_3790_1541649611-1024x683.webp
DEBUG:urllib3.connectionpool:Starting new HTTPS connection (1): wordpress-810691-5571285.cloudwaysapps.com:443
DEBUG:urllib3.connectionpool:https://wordpress-810691-5571285.cloudwaysapps.com:443 "GET /events/preserving-local-history-2026-04-08/ HTTP/1.1" 200 None
DEBUG:urllib3.connectionpool:https://wordpress-810691-5571285.cloudwaysapps.com:443 "GET /events/irish-special-interest-group-sig-2025-06-16/ HTTP/1.1" 200 None
DEBUG:root:Successfully fetched https://wordpress-810691-5571285.cloudwaysapps.com/events/preserving-local-history-2026-04-08/ (Content-Length: 43610)
DEBUG:charset_normalizer:Encoding detection: utf_8 is most likely the one.
DEBUG:root:Successfully fetched https://wordpress-810691-5571285.cloudwaysapps.com/events/irish-special-interest-group-sig-2025-06-16/ (Content-Length: 43812)
DEBUG:charset_normalizer:Encoding detection: ascii is most likely the one.
DEBUG:root:Extracted 443 characters, 65 words from https://wordpress-810691-5571285.cloudwaysapps.com/events/preserving-local-history-2026-04-08/
DEBUG:root:Checking external hyperlink: https://www.google.com/calendar/event?action=TEMPLATE&text=Preserving+Local+History&dates=20260408T100000/20260408T120000&details=Help+in+the+preservation+of+our+local+history+and+collections%2C+including+transcriptionists%2C+preservationists%2C+digitizers%2C+and+organization%C2%A0projects.&location=2525+Oakley+Seaver+Dr%2C+Clermont%2C+FL%2C+34711%2C+United+States&trp=false&sprop=https%3A%2F%2Fwordpress-810691-5571285.cloudwaysapps.com%2Fevents%2Fpreserving-local-history-2026-04-08%2F&sprop=name:Pastfinders&ctz=America%2FNew_York
DEBUG:urllib3.connectionpool:Starting new HTTPS connection (1): www.google.com:443
DEBUG:root:Extracted 718 characters, 121 words from https://wordpress-810691-5571285.cloudwaysapps.com/events/irish-special-interest-group-sig-2025-06-16/
DEBUG:urllib3.connectionpool:https://outlook.office.com:443 "GET /calendar/0/deeplink/compose?allday=false&body=Help+in+the+preservation+of+our+local+history+and+collections%2C+including+transcriptionists%2C+preservationists%2C+digitizers%2C+and+organization%C2%A0projects.&location=2525+Oakley+Seaver+Dr%2C+Clermont%2C+FL%2C+34711%2C+United+States&path=/calendar/action/compose&rru=addevent&startdt=2026-07-08T10%3A00%3A00-04%3A00&enddt=2026-07-08T12%3A00%3A00-04%3A00&subject=Preserving+Local+History HTTP/1.1" 200 None
DEBUG:root:Checking external hyperlink: https://www.google.com/calendar/event?action=TEMPLATE&text=Irish+Special+Interest+Group+%28SIG%29&dates=20250616T130000/20250616T141500&details=%3Cstrong%3EThe+Irish+SIG+will+resume+with+a+different+approach+to+Genealogy+Research.%C2%A0+Discussions+will+be+based+on+input+from+the+group%2C+which+will+result+in+changing+topics+each+month.%3C%2Fstrong%3EPastfinders+will+send+an+Email+to+SIG+members+several+days+prior+to+each+meeting.Pastfinders+is+using+the+Zoom+Virtual+Meeting+app+to+hold+these+meetings+and+you+can+only+join+the+meeting+by+using+a+link+provided+by+Pastfinders.%C2%A0+You+can+register+for+the+season+here%3A%3Cstrong%3E%C2%A0%3Ca+href%3D%22https%3A%2F%2Fform.jotform.com%2FPastfindersSLC%2FJoin-Irish-SIG%22%3EIrish+SIG%3C%2Fa%3E%C2%A0%3C%2Fstrong%3E&location=&trp=false&sprop=https%3A%2F%2Fwordpress-810691-5571285.cloudwaysapps.com%2Fevents%2Firish-special-interest-group-sig-2025-06-16%2F&sprop=name:Pastfinders&ctz=America%2FNew_York
DEBUG:root:✅ Hyperlink OK: https://outlook.office.com/calendar/0/deeplink/compose?allday=false&body=Help+in+the+preservation+of+our+local+history+and+collections%2C+including+transcriptionists%2C+preservationists%2C+digitizers%2C+and+organization%C2%A0projects.&location=2525+Oakley+Seaver+Dr%2C+Clermont%2C+FL%2C+34711%2C+United+States&path=/calendar/action/compose&rru=addevent&startdt=2026-07-08T10%3A00%3A00-04%3A00&enddt=2026-07-08T12%3A00%3A00-04%3A00&subject=Preserving+Local+History
DEBUG:root:Checking external hyperlink: https://outlook.live.com/calendar/0/deeplink/compose?allday=false&body=Help+in+the+preservation+of+our+local+history+and+collections%2C+including+transcriptionists%2C+preservationists%2C+digitizers%2C+and+organization%C2%A0projects.&location=2525+Oakley+Seaver+Dr%2C+Clermont%2C+FL%2C+34711%2C+United+States&path=/calendar/action/compose&rru=addevent&startdt=2026-07-08T10%3A00%3A00-04%3A00&enddt=2026-07-08T12%3A00%3A00-04%3A00&subject=Preserving+Local+History
DEBUG:urllib3.connectionpool:Starting new HTTPS connection (1): www.google.com:443
DEBUG:urllib3.connectionpool:Starting new HTTPS connection (1): outlook.live.com:443
DEBUG:urllib3.connectionpool:https://www.google.com:443 "GET /calendar/event?action=TEMPLATE&text=Preserving+Local+History&dates=20260408T100000/20260408T120000&details=Help+in+the+preservation+of+our+local+history+and+collections%2C+including+transcriptionists%2C+preservationists%2C+digitizers%2C+and+organization%C2%A0projects.&location=2525+Oakley+Seaver+Dr%2C+Clermont%2C+FL%2C+34711%2C+United+States&trp=false&sprop=https%3A%2F%2Fwordpress-810691-5571285.cloudwaysapps.com%2Fevents%2Fpreserving-local-history-2026-04-08%2F&sprop=name:Pastfinders&ctz=America%2FNew_York HTTP/1.1" 302 0
DEBUG:urllib3.connectionpool:https://www.google.com:443 "GET /calendar/event?action=TEMPLATE&text=Irish+Special+Interest+Group+%28SIG%29&dates=20250616T130000/20250616T141500&details=%3Cstrong%3EThe+Irish+SIG+will+resume+with+a+different+approach+to+Genealogy+Research.%C2%A0+Discussions+will+be+based+on+input+from+the+group%2C+which+will+result+in+changing+topics+each+month.%3C%2Fstrong%3EPastfinders+will+send+an+Email+to+SIG+members+several+days+prior+to+each+meeting.Pastfinders+is+using+the+Zoom+Virtual+Meeting+app+to+hold+these+meetings+and+you+can+only+join+the+meeting+by+using+a+link+provided+by+Pastfinders.%C2%A0+You+can+register+for+the+season+here%3A%3Cstrong%3E%C2%A0%3Ca+href%3D%22https%3A%2F%2Fform.jotform.com%2FPastfindersSLC%2FJoin-Irish-SIG%22%3EIrish+SIG%3C%2Fa%3E%C2%A0%3C%2Fstrong%3E&location=&trp=false&sprop=https%3A%2F%2Fwordpress-810691-5571285.cloudwaysapps.com%2Fevents%2Firish-special-interest-group-sig-2025-06-16%2F&sprop=name:Pastfinders&ctz=America%2FNew_York HTTP/1.1" 302 0
DEBUG:urllib3.connectionpool:Starting new HTTPS connection (1): calendar.google.com:443
DEBUG:urllib3.connectionpool:Starting new HTTPS connection (1): calendar.google.com:443
DEBUG:urllib3.connectionpool:https://wordpress-810691-5571285.cloudwaysapps.com:443 "GET /wp-content/uploads/2025/08/IMG_3790_1541649611-1024x683.webp HTTP/1.1" 200 89158
DEBUG:urllib3.connectionpool:https://outlook.live.com:443 "GET /calendar/0/deeplink/compose?allday=false&body=Help+in+the+preservation+of+our+local+history+and+collections%2C+including+transcriptionists%2C+preservationists%2C+digitizers%2C+and+organization%C2%A0projects.&location=2525+Oakley+Seaver+Dr%2C+Clermont%2C+FL%2C+34711%2C+United+States&path=/calendar/action/compose&rru=addevent&startdt=2026-07-08T10%3A00%3A00-04%3A00&enddt=2026-07-08T12%3A00%3A00-04%3A00&subject=Preserving+Local+History HTTP/1.1" 200 None
DEBUG:root:✅ Hyperlink OK: https://outlook.live.com/calendar/0/deeplink/compose?allday=false&body=Help+in+the+preservation+of+our+local+history+and+collections%2C+including+transcriptionists%2C+preservationists%2C+digitizers%2C+and+organization%C2%A0projects.&location=2525+Oakley+Seaver+Dr%2C+Clermont%2C+FL%2C+34711%2C+United+States&path=/calendar/action/compose&rru=addevent&startdt=2026-07-08T10%3A00%3A00-04%3A00&enddt=2026-07-08T12%3A00%3A00-04%3A00&subject=Preserving+Local+History
DEBUG:root:Using regex pattern: \b[a-zA-Z]{3,}\b
DEBUG:root:Found 44 words to check in https://wordpress-810691-5571285.cloudwaysapps.com/events/preserving-local-history-2026-07-08/ (min_length=3)
DEBUG:root:Sample words from https://wordpress-810691-5571285.cloudwaysapps.com/events/preserving-local-history-2026-07-08/: ['This', 'alert', 'Skip', 'content', 'Preserving', 'Local', 'History', 'When', 'July', 'Add']
DEBUG:root:Misspelled word found: 'transcriptionists' in https://wordpress-810691-5571285.cloudwaysapps.com/events/preserving-local-history-2026-07-08/
DEBUG:root:Spell check results for https://wordpress-810691-5571285.cloudwaysapps.com/events/preserving-local-history-2026-07-08/: 17 words checked, 27 skipped, 1 errors found
INFO:root:✅ Processed https://wordpress-810691-5571285.cloudwaysapps.com/events/preserving-local-history-2026-07-08/: 1 errors found, 65 words checked
DEBUG:root:Attempting to fetch: https://wordpress-810691-5571285.cloudwaysapps.com/events/research-assistance-2025-08-27-2025-09-03-2025-09-10-2025-09-17-2025-09-24-2025-10-01-2025-10-08-2025-10-15-2025-10-22-2025-10-29-2025-11-05-2025-11-12-2025-11-19/
Processing pages:  49%|████▉     | 186/381 [01:46<01:16,  2.54it/s]DEBUG:root:✅ Image OK: https://wordpress-810691-5571285.cloudwaysapps.com/wp-content/uploads/2025/08/IMG_3790_1541649611-1024x683.webp
DEBUG:root:Checking internal image: https://wordpress-810691-5571285.cloudwaysapps.com/wp-content/uploads/2025/08/IMG_3809_1541649611-1024x683.webp
DEBUG:urllib3.connectionpool:Starting new HTTPS connection (1): wordpress-810691-5571285.cloudwaysapps.com:443
DEBUG:urllib3.connectionpool:https://wordpress-810691-5571285.cloudwaysapps.com:443 "GET /events/research-assistance-2025-08-27-2025-09-03-2025-09-10-2025-09-17-2025-09-24-2025-10-01-2025-10-08-2025-10-15-2025-10-22-2025-10-29-2025-11-05-2025-11-12-2025-11-19/ HTTP/1.1" 200 None
DEBUG:root:Successfully fetched https://wordpress-810691-5571285.cloudwaysapps.com/events/research-assistance-2025-08-27-2025-09-03-2025-09-10-2025-09-17-2025-09-24-2025-10-01-2025-10-08-2025-10-15-2025-10-22-2025-10-29-2025-11-05-2025-11-12-2025-11-19/ (Content-Length: 43725)
DEBUG:urllib3.connectionpool:https://calendar.google.com:443 "GET /calendar/event?action=TEMPLATE&text=Preserving+Local+History&dates=20260408T100000/20260408T120000&details=Help+in+the+preservation+of+our+local+history+and+collections,+including+transcriptionists,+preservationists,+digitizers,+and+organization%C2%A0projects.&location=2525+Oakley+Seaver+Dr,+Clermont,+FL,+34711,+United+States&trp=false&sprop=https://wordpress-810691-5571285.cloudwaysapps.com/events/preserving-local-history-2026-04-08/&sprop=name:Pastfinders&ctz=America/New_York HTTP/1.1" 302 0
DEBUG:charset_normalizer:Encoding detection: utf_8 is most likely the one.
DEBUG:urllib3.connectionpool:https://calendar.google.com:443 "GET /calendar/event?action=TEMPLATE&text=Irish+Special+Interest+Group+(SIG)&dates=20250616T130000/20250616T141500&details=%3Cstrong%3EThe+Irish+SIG+will+resume+with+a+different+approach+to+Genealogy+Research.%C2%A0+Discussions+will+be+based+on+input+from+the+group,+which+will+result+in+changing+topics+each+month.%3C/strong%3EPastfinders+will+send+an+Email+to+SIG+members+several+days+prior+to+each+meeting.Pastfinders+is+using+the+Zoom+Virtual+Meeting+app+to+hold+these+meetings+and+you+can+only+join+the+meeting+by+using+a+link+provided+by+Pastfinders.%C2%A0+You+can+register+for+the+season+here:%3Cstrong%3E%C2%A0%3Ca+href%3D%22https://form.jotform.com/PastfindersSLC/Join-Irish-SIG%22%3EIrish+SIG%3C/a%3E%C2%A0%3C/strong%3E&location&trp=false&sprop=https://wordpress-810691-5571285.cloudwaysapps.com/events/irish-special-interest-group-sig-2025-06-16/&sprop=name:Pastfinders&ctz=America/New_York HTTP/1.1" 302 0
DEBUG:urllib3.connectionpool:Starting new HTTPS connection (1): accounts.google.com:443
DEBUG:urllib3.connectionpool:Starting new HTTPS connection (1): accounts.google.com:443
DEBUG:root:Extracted 492 characters, 85 words from https://wordpress-810691-5571285.cloudwaysapps.com/events/research-assistance-2025-08-27-2025-09-03-2025-09-10-2025-09-17-2025-09-24-2025-10-01-2025-10-08-2025-10-15-2025-10-22-2025-10-29-2025-11-05-2025-11-12-2025-11-19/
DEBUG:root:Checking external hyperlink: https://www.google.com/calendar/event?action=TEMPLATE&text=Research+Assistance&dates=20251119T130000/20251119T150000&details=Join+us+weekly+in+the+Genealogy+Room+for+in-person+help+with+your+research.+It%E2%80%99s+a+great+chance+to+get+one-on-one+guidance%2C+ask+questions%2C+and+connect+with+others+who+share+your+passion+for+family+history.&location=2525+Oakley+Seaver+Dr%2C+Clermont%2C+FL%2C+34711%2C+United+States&trp=false&sprop=https%3A%2F%2Fwordpress-810691-5571285.cloudwaysapps.com%2Fevents%2Fresearch-assistance-2025-08-27-2025-09-03-2025-09-10-2025-09-17-2025-09-24-2025-10-01-2025-10-08-2025-10-15-2025-10-22-2025-10-29-2025-11-05-2025-11-12-2025-11-19%2F&sprop=name:Pastfinders&ctz=America%2FNew_York
DEBUG:urllib3.connectionpool:Starting new HTTPS connection (1): www.google.com:443
DEBUG:urllib3.connectionpool:https://accounts.google.com:443 "GET /ServiceLogin?service=cl&passive=1209600&osid=1&continue=https://calendar.google.com/calendar/event?action%3DTEMPLATE%26text%3DPreserving%2BLocal%2BHistory%26dates%3D20260408T100000/20260408T120000%26details%3DHelp%2Bin%2Bthe%2Bpreservation%2Bof%2Bour%2Blocal%2Bhistory%2Band%2Bcollections,%2Bincluding%2Btranscriptionists,%2Bpreservationists,%2Bdigitizers,%2Band%2Borganization%25C2%25A0projects.%26location%3D2525%2BOakley%2BSeaver%2BDr,%2BClermont,%2BFL,%2B34711,%2BUnited%2BStates%26trp%3Dfalse%26sprop%3Dhttps://wordpress-810691-5571285.cloudwaysapps.com/events/preserving-local-history-2026-04-08/%26sprop%3Dname:Pastfinders%26ctz%3DAmerica/New_York&followup=https://calendar.google.com/calendar/event?action%3DTEMPLATE%26text%3DPreserving%2BLocal%2BHistory%26dates%3D20260408T100000/20260408T120000%26details%3DHelp%2Bin%2Bthe%2Bpreservation%2Bof%2Bour%2Blocal%2Bhistory%2Band%2Bcollections,%2Bincluding%2Btranscriptionists,%2Bpreservationists,%2Bdigitizers,%2Band%2Borganization%25C2%25A0projects.%26location%3D2525%2BOakley%2BSeaver%2BDr,%2BClermont,%2BFL,%2B34711,%2BUnited%2BStates%26trp%3Dfalse%26sprop%3Dhttps://wordpress-810691-5571285.cloudwaysapps.com/events/preserving-local-history-2026-04-08/%26sprop%3Dname:Pastfinders%26ctz%3DAmerica/New_York&emr=1 HTTP/1.1" 302 0
DEBUG:urllib3.connectionpool:https://accounts.google.com:443 "GET /ServiceLogin?service=cl&passive=1209600&osid=1&continue=https://calendar.google.com/calendar/event?action%3DTEMPLATE%26text%3DIrish%2BSpecial%2BInterest%2BGroup%2B(SIG)%26dates%3D20250616T130000/20250616T141500%26details%3D%253Cstrong%253EThe%2BIrish%2BSIG%2Bwill%2Bresume%2Bwith%2Ba%2Bdifferent%2Bapproach%2Bto%2BGenealogy%2BResearch.%25C2%25A0%2BDiscussions%2Bwill%2Bbe%2Bbased%2Bon%2Binput%2Bfrom%2Bthe%2Bgroup,%2Bwhich%2Bwill%2Bresult%2Bin%2Bchanging%2Btopics%2Beach%2Bmonth.%253C/strong%253EPastfinders%2Bwill%2Bsend%2Ban%2BEmail%2Bto%2BSIG%2Bmembers%2Bseveral%2Bdays%2Bprior%2Bto%2Beach%2Bmeeting.Pastfinders%2Bis%2Busing%2Bthe%2BZoom%2BVirtual%2BMeeting%2Bapp%2Bto%2Bhold%2Bthese%2Bmeetings%2Band%2Byou%2Bcan%2Bonly%2Bjoin%2Bthe%2Bmeeting%2Bby%2Busing%2Ba%2Blink%2Bprovided%2Bby%2BPastfinders.%25C2%25A0%2BYou%2Bcan%2Bregister%2Bfor%2Bthe%2Bseason%2Bhere:%253Cstrong%253E%25C2%25A0%253Ca%2Bhref%253D%2522https://form.jotform.com/PastfindersSLC/Join-Irish-SIG%2522%253EIrish%2BSIG%253C/a%253E%25C2%25A0%253C/strong%253E%26location%26trp%3Dfalse%26sprop%3Dhttps://wordpress-810691-5571285.cloudwaysapps.com/events/irish-special-interest-group-sig-2025-06-16/%26sprop%3Dname:Pastfinders%26ctz%3DAmerica/New_York&followup=https://calendar.google.com/calendar/event?action%3DTEMPLATE%26text%3DIrish%2BSpecial%2BInterest%2BGroup%2B(SIG)%26dates%3D20250616T130000/20250616T141500%26details%3D%253Cstrong%253EThe%2BIrish%2BSIG%2Bwill%2Bresume%2Bwith%2Ba%2Bdifferent%2Bapproach%2Bto%2BGenealogy%2BResearch.%25C2%25A0%2BDiscussions%2Bwill%2Bbe%2Bbased%2Bon%2Binput%2Bfrom%2Bthe%2Bgroup,%2Bwhich%2Bwill%2Bresult%2Bin%2Bchanging%2Btopics%2Beach%2Bmonth.%253C/strong%253EPastfinders%2Bwill%2Bsend%2Ban%2BEmail%2Bto%2BSIG%2Bmembers%2Bseveral%2Bdays%2Bprior%2Bto%2Beach%2Bmeeting.Pastfinders%2Bis%2Busing%2Bthe%2BZoom%2BVirtual%2BMeeting%2Bapp%2Bto%2Bhold%2Bthese%2Bmeetings%2Band%2Byou%2Bcan%2Bonly%2Bjoin%2Bthe%2Bmeeting%2Bby%2Busing%2Ba%2Blink%2Bprovided%2Bby%2BPastfinders.%25C2%25A0%2BYou%2Bcan%2Bregister%2Bfor%2Bthe%2Bseason%2Bhere:%253Cstrong%253E%25C2%25A0%253Ca%2Bhref%253D%2522https://form.jotform.com/PastfindersSLC/Join-Irish-SIG%2522%253EIrish%2BSIG%253C/a%253E%25C2%25A0%253C/strong%253E%26location%26trp%3Dfalse%26sprop%3Dhttps://wordpress-810691-5571285.cloudwaysapps.com/events/irish-special-interest-group-sig-2025-06-16/%26sprop%3Dname:Pastfinders%26ctz%3DAmerica/New_York&emr=1 HTTP/1.1" 302 0
DEBUG:urllib3.connectionpool:https://www.google.com:443 "GET /calendar/event?action=TEMPLATE&text=Research+Assistance&dates=20251119T130000/20251119T150000&details=Join+us+weekly+in+the+Genealogy+Room+for+in-person+help+with+your+research.+It%E2%80%99s+a+great+chance+to+get+one-on-one+guidance%2C+ask+questions%2C+and+connect+with+others+who+share+your+passion+for+family+history.&location=2525+Oakley+Seaver+Dr%2C+Clermont%2C+FL%2C+34711%2C+United+States&trp=false&sprop=https%3A%2F%2Fwordpress-810691-5571285.cloudwaysapps.com%2Fevents%2Fresearch-assistance-2025-08-27-2025-09-03-2025-09-10-2025-09-17-2025-09-24-2025-10-01-2025-10-08-2025-10-15-2025-10-22-2025-10-29-2025-11-05-2025-11-12-2025-11-19%2F&sprop=name:Pastfinders&ctz=America%2FNew_York HTTP/1.1" 302 0
DEBUG:urllib3.connectionpool:Starting new HTTPS connection (1): calendar.google.com:443
DEBUG:urllib3.connectionpool:https://accounts.google.com:443 "GET /InteractiveLogin?continue=https://calendar.google.com/calendar/event?action%3DTEMPLATE%26text%3DPreserving%2BLocal%2BHistory%26dates%3D20260408T100000/20260408T120000%26details%3DHelp%2Bin%2Bthe%2Bpreservation%2Bof%2Bour%2Blocal%2Bhistory%2Band%2Bcollections,%2Bincluding%2Btranscriptionists,%2Bpreservationists,%2Bdigitizers,%2Band%2Borganization%25C2%25A0projects.%26location%3D2525%2BOakley%2BSeaver%2BDr,%2BClermont,%2BFL,%2B34711,%2BUnited%2BStates%26trp%3Dfalse%26sprop%3Dhttps://wordpress-810691-5571285.cloudwaysapps.com/events/preserving-local-history-2026-04-08/%26sprop%3Dname:Pastfinders%26ctz%3DAmerica/New_York&emr=1&followup=https://calendar.google.com/calendar/event?action%3DTEMPLATE%26text%3DPreserving%2BLocal%2BHistory%26dates%3D20260408T100000/20260408T120000%26details%3DHelp%2Bin%2Bthe%2Bpreservation%2Bof%2Bour%2Blocal%2Bhistory%2Band%2Bcollections,%2Bincluding%2Btranscriptionists,%2Bpreservationists,%2Bdigitizers,%2Band%2Borganization%25C2%25A0projects.%26location%3D2525%2BOakley%2BSeaver%2BDr,%2BClermont,%2BFL,%2B34711,%2BUnited%2BStates%26trp%3Dfalse%26sprop%3Dhttps://wordpress-810691-5571285.cloudwaysapps.com/events/preserving-local-history-2026-04-08/%26sprop%3Dname:Pastfinders%26ctz%3DAmerica/New_York&osid=1&passive=1209600&service=cl&ifkv=AdBytiOhNaEedD1x-Tcm-QX_Q4uulJ02gpzw_JJM53JJE4gYAHBLHhmsjy550WhByDfXOicg-PsX HTTP/1.1" 302 None
DEBUG:urllib3.connectionpool:https://accounts.google.com:443 "GET /InteractiveLogin?continue=https://calendar.google.com/calendar/event?action%3DTEMPLATE%26text%3DIrish%2BSpecial%2BInterest%2BGroup%2B(SIG)%26dates%3D20250616T130000/20250616T141500%26details%3D%253Cstrong%253EThe%2BIrish%2BSIG%2Bwill%2Bresume%2Bwith%2Ba%2Bdifferent%2Bapproach%2Bto%2BGenealogy%2BResearch.%25C2%25A0%2BDiscussions%2Bwill%2Bbe%2Bbased%2Bon%2Binput%2Bfrom%2Bthe%2Bgroup,%2Bwhich%2Bwill%2Bresult%2Bin%2Bchanging%2Btopics%2Beach%2Bmonth.%253C/strong%253EPastfinders%2Bwill%2Bsend%2Ban%2BEmail%2Bto%2BSIG%2Bmembers%2Bseveral%2Bdays%2Bprior%2Bto%2Beach%2Bmeeting.Pastfinders%2Bis%2Busing%2Bthe%2BZoom%2BVirtual%2BMeeting%2Bapp%2Bto%2Bhold%2Bthese%2Bmeetings%2Band%2Byou%2Bcan%2Bonly%2Bjoin%2Bthe%2Bmeeting%2Bby%2Busing%2Ba%2Blink%2Bprovided%2Bby%2BPastfinders.%25C2%25A0%2BYou%2Bcan%2Bregister%2Bfor%2Bthe%2Bseason%2Bhere:%253Cstrong%253E%25C2%25A0%253Ca%2Bhref%253D%2522https://form.jotform.com/PastfindersSLC/Join-Irish-SIG%2522%253EIrish%2BSIG%253C/a%253E%25C2%25A0%253C/strong%253E%26location%26trp%3Dfalse%26sprop%3Dhttps://wordpress-810691-5571285.cloudwaysapps.com/events/irish-special-interest-group-sig-2025-06-16/%26sprop%3Dname:Pastfinders%26ctz%3DAmerica/New_York&emr=1&followup=https://calendar.google.com/calendar/event?action%3DTEMPLATE%26text%3DIrish%2BSpecial%2BInterest%2BGroup%2B(SIG)%26dates%3D20250616T130000/20250616T141500%26details%3D%253Cstrong%253EThe%2BIrish%2BSIG%2Bwill%2Bresume%2Bwith%2Ba%2Bdifferent%2Bapproach%2Bto%2BGenealogy%2BResearch.%25C2%25A0%2BDiscussions%2Bwill%2Bbe%2Bbased%2Bon%2Binput%2Bfrom%2Bthe%2Bgroup,%2Bwhich%2Bwill%2Bresult%2Bin%2Bchanging%2Btopics%2Beach%2Bmonth.%253C/strong%253EPastfinders%2Bwill%2Bsend%2Ban%2BEmail%2Bto%2BSIG%2Bmembers%2Bseveral%2Bdays%2Bprior%2Bto%2Beach%2Bmeeting.Pastfinders%2Bis%2Busing%2Bthe%2BZoom%2BVirtual%2BMeeting%2Bapp%2Bto%2Bhold%2Bthese%2Bmeetings%2Band%2Byou%2Bcan%2Bonly%2Bjoin%2Bthe%2Bmeeting%2Bby%2Busing%2Ba%2Blink%2Bprovided%2Bby%2BPastfinders.%25C2%25A0%2BYou%2Bcan%2Bregister%2Bfor%2Bthe%2Bseason%2Bhere:%253Cstrong%253E%25C2%25A0%253Ca%2Bhref%253D%2522https://form.jotform.com/PastfindersSLC/Join-Irish-SIG%2522%253EIrish%2BSIG%253C/a%253E%25C2%25A0%253C/strong%253E%26location%26trp%3Dfalse%26sprop%3Dhttps://wordpress-810691-5571285.cloudwaysapps.com/events/irish-special-interest-group-sig-2025-06-16/%26sprop%3Dname:Pastfinders%26ctz%3DAmerica/New_York&osid=1&passive=1209600&service=cl&ifkv=AdBytiOVP1DWVk94qaWlqdsoCQIp7HJxjx9gsht_wPLP3rCJX2hjJwt9Rea0Xi7Xq2dHiqdnkINt HTTP/1.1" 302 None
DEBUG:urllib3.connectionpool:https://wordpress-810691-5571285.cloudwaysapps.com:443 "GET /wp-content/uploads/2025/08/IMG_3809_1541649611-1024x683.webp HTTP/1.1" 200 95192
DEBUG:urllib3.connectionpool:https://accounts.google.com:443 "GET /v3/signin/identifier?continue=https%3A%2F%2Fcalendar.google.com%2Fcalendar%2Fevent%3Faction%3DTEMPLATE%26text%3DIrish%2BSpecial%2BInterest%2BGroup%2B%28SIG%29%26dates%3D20250616T130000%2F20250616T141500%26details%3D%253Cstrong%253EThe%2BIrish%2BSIG%2Bwill%2Bresume%2Bwith%2Ba%2Bdifferent%2Bapproach%2Bto%2BGenealogy%2BResearch.%25C2%25A0%2BDiscussions%2Bwill%2Bbe%2Bbased%2Bon%2Binput%2Bfrom%2Bthe%2Bgroup%2C%2Bwhich%2Bwill%2Bresult%2Bin%2Bchanging%2Btopics%2Beach%2Bmonth.%253C%2Fstrong%253EPastfinders%2Bwill%2Bsend%2Ban%2BEmail%2Bto%2BSIG%2Bmembers%2Bseveral%2Bdays%2Bprior%2Bto%2Beach%2Bmeeting.Pastfinders%2Bis%2Busing%2Bthe%2BZoom%2BVirtual%2BMeeting%2Bapp%2Bto%2Bhold%2Bthese%2Bmeetings%2Band%2Byou%2Bcan%2Bonly%2Bjoin%2Bthe%2Bmeeting%2Bby%2Busing%2Ba%2Blink%2Bprovided%2Bby%2BPastfinders.%25C2%25A0%2BYou%2Bcan%2Bregister%2Bfor%2Bthe%2Bseason%2Bhere%3A%253Cstrong%253E%25C2%25A0%253Ca%2Bhref%253D%2522https%3A%2F%2Fform.jotform.com%2FPastfindersSLC%2FJoin-Irish-SIG%2522%253EIrish%2BSIG%253C%2Fa%253E%25C2%25A0%253C%2Fstrong%253E%26location%26trp%3Dfalse%26sprop%3Dhttps%3A%2F%2Fwordpress-810691-5571285.cloudwaysapps.com%2Fevents%2Firish-special-interest-group-sig-2025-06-16%2F%26sprop%3Dname%3APastfinders%26ctz%3DAmerica%2FNew_York&emr=1&followup=https%3A%2F%2Fcalendar.google.com%2Fcalendar%2Fevent%3Faction%3DTEMPLATE%26text%3DIrish%2BSpecial%2BInterest%2BGroup%2B%28SIG%29%26dates%3D20250616T130000%2F20250616T141500%26details%3D%253Cstrong%253EThe%2BIrish%2BSIG%2Bwill%2Bresume%2Bwith%2Ba%2Bdifferent%2Bapproach%2Bto%2BGenealogy%2BResearch.%25C2%25A0%2BDiscussions%2Bwill%2Bbe%2Bbased%2Bon%2Binput%2Bfrom%2Bthe%2Bgroup%2C%2Bwhich%2Bwill%2Bresult%2Bin%2Bchanging%2Btopics%2Beach%2Bmonth.%253C%2Fstrong%253EPastfinders%2Bwill%2Bsend%2Ban%2BEmail%2Bto%2BSIG%2Bmembers%2Bseveral%2Bdays%2Bprior%2Bto%2Beach%2Bmeeting.Pastfinders%2Bis%2Busing%2Bthe%2BZoom%2BVirtual%2BMeeting%2Bapp%2Bto%2Bhold%2Bthese%2Bmeetings%2Band%2Byou%2Bcan%2Bonly%2Bjoin%2Bthe%2Bmeeting%2Bby%2Busing%2Ba%2Blink%2Bprovided%2Bby%2BPastfinders.%25C2%25A0%2BYou%2Bcan%2Bregister%2Bfor%2Bthe%2Bseason%2Bhere%3A%253Cstrong%253E%25C2%25A0%253Ca%2Bhref%253D%2522https%3A%2F%2Fform.jotform.com%2FPastfindersSLC%2FJoin-Irish-SIG%2522%253EIrish%2BSIG%253C%2Fa%253E%25C2%25A0%253C%2Fstrong%253E%26location%26trp%3Dfalse%26sprop%3Dhttps%3A%2F%2Fwordpress-810691-5571285.cloudwaysapps.com%2Fevents%2Firish-special-interest-group-sig-2025-06-16%2F%26sprop%3Dname%3APastfinders%26ctz%3DAmerica%2FNew_York&ifkv=AdBytiNq0oxT64o3o443trr7MzNvtUuhvnUIUB9nFMqTe1GmW_yjzKxTH7Sxh4EEm2rR9jdv4yKH&osid=1&passive=1209600&service=cl&flowName=WebLiteSignIn&flowEntry=ServiceLogin&dsh=S-1960999361%3A1756758231207752 HTTP/1.1" 200 None
DEBUG:urllib3.connectionpool:https://accounts.google.com:443 "GET /v3/signin/identifier?continue=https%3A%2F%2Fcalendar.google.com%2Fcalendar%2Fevent%3Faction%3DTEMPLATE%26text%3DPreserving%2BLocal%2BHistory%26dates%3D20260408T100000%2F20260408T120000%26details%3DHelp%2Bin%2Bthe%2Bpreservation%2Bof%2Bour%2Blocal%2Bhistory%2Band%2Bcollections%2C%2Bincluding%2Btranscriptionists%2C%2Bpreservationists%2C%2Bdigitizers%2C%2Band%2Borganization%25C2%25A0projects.%26location%3D2525%2BOakley%2BSeaver%2BDr%2C%2BClermont%2C%2BFL%2C%2B34711%2C%2BUnited%2BStates%26trp%3Dfalse%26sprop%3Dhttps%3A%2F%2Fwordpress-810691-5571285.cloudwaysapps.com%2Fevents%2Fpreserving-local-history-2026-04-08%2F%26sprop%3Dname%3APastfinders%26ctz%3DAmerica%2FNew_York&emr=1&followup=https%3A%2F%2Fcalendar.google.com%2Fcalendar%2Fevent%3Faction%3DTEMPLATE%26text%3DPreserving%2BLocal%2BHistory%26dates%3D20260408T100000%2F20260408T120000%26details%3DHelp%2Bin%2Bthe%2Bpreservation%2Bof%2Bour%2Blocal%2Bhistory%2Band%2Bcollections%2C%2Bincluding%2Btranscriptionists%2C%2Bpreservationists%2C%2Bdigitizers%2C%2Band%2Borganization%25C2%25A0projects.%26location%3D2525%2BOakley%2BSeaver%2BDr%2C%2BClermont%2C%2BFL%2C%2B34711%2C%2BUnited%2BStates%26trp%3Dfalse%26sprop%3Dhttps%3A%2F%2Fwordpress-810691-5571285.cloudwaysapps.com%2Fevents%2Fpreserving-local-history-2026-04-08%2F%26sprop%3Dname%3APastfinders%26ctz%3DAmerica%2FNew_York&ifkv=AdBytiOGsojBYoSFAYYk7vxHUDbZlBYX4heM9Mk-H-O5A1Cr4scv4fElCotiNB-ZzXBXE6dwkYGZ&osid=1&passive=1209600&service=cl&flowName=WebLiteSignIn&flowEntry=ServiceLogin&dsh=S-1374779387%3A1756758231204228 HTTP/1.1" 200 None
DEBUG:urllib3.connectionpool:https://calendar.google.com:443 "GET /calendar/event?action=TEMPLATE&text=Research+Assistance&dates=20251119T130000/20251119T150000&details=Join+us+weekly+in+the+Genealogy+Room+for+in-person+help+with+your+research.+It%E2%80%99s+a+great+chance+to+get+one-on-one+guidance,+ask+questions,+and+connect+with+others+who+share+your+passion+for+family+history.&location=2525+Oakley+Seaver+Dr,+Clermont,+FL,+34711,+United+States&trp=false&sprop=https://wordpress-810691-5571285.cloudwaysapps.com/events/research-assistance-2025-08-27-2025-09-03-2025-09-10-2025-09-17-2025-09-24-2025-10-01-2025-10-08-2025-10-15-2025-10-22-2025-10-29-2025-11-05-2025-11-12-2025-11-19/&sprop=name:Pastfinders&ctz=America/New_York HTTP/1.1" 302 0
DEBUG:urllib3.connectionpool:Starting new HTTPS connection (1): accounts.google.com:443
DEBUG:root:✅ Image OK: https://wordpress-810691-5571285.cloudwaysapps.com/wp-content/uploads/2025/08/IMG_3809_1541649611-1024x683.webp
DEBUG:root:Checking internal image: https://wordpress-810691-5571285.cloudwaysapps.com/wp-content/uploads/2025/08/IMG_3785_1541649383-1024x683.webp
DEBUG:urllib3.connectionpool:Starting new HTTPS connection (1): wordpress-810691-5571285.cloudwaysapps.com:443
DEBUG:root:✅ Hyperlink OK: https://www.google.com/calendar/event?action=TEMPLATE&text=Preserving+Local+History&dates=20260408T100000/20260408T120000&details=Help+in+the+preservation+of+our+local+history+and+collections%2C+including+transcriptionists%2C+preservationists%2C+digitizers%2C+and+organization%C2%A0projects.&location=2525+Oakley+Seaver+Dr%2C+Clermont%2C+FL%2C+34711%2C+United+States&trp=false&sprop=https%3A%2F%2Fwordpress-810691-5571285.cloudwaysapps.com%2Fevents%2Fpreserving-local-history-2026-04-08%2F&sprop=name:Pastfinders&ctz=America%2FNew_York
DEBUG:root:Checking external hyperlink: https://outlook.office.com/calendar/0/deeplink/compose?allday=false&body=Help+in+the+preservation+of+our+local+history+and+collections%2C+including+transcriptionists%2C+preservationists%2C+digitizers%2C+and+organization%C2%A0projects.&location=2525+Oakley+Seaver+Dr%2C+Clermont%2C+FL%2C+34711%2C+United+States&path=/calendar/action/compose&rru=addevent&startdt=2026-04-08T10%3A00%3A00-04%3A00&enddt=2026-04-08T12%3A00%3A00-04%3A00&subject=Preserving+Local+History
DEBUG:root:✅ Hyperlink OK: https://www.google.com/calendar/event?action=TEMPLATE&text=Irish+Special+Interest+Group+%28SIG%29&dates=20250616T130000/20250616T141500&details=%3Cstrong%3EThe+Irish+SIG+will+resume+with+a+different+approach+to+Genealogy+Research.%C2%A0+Discussions+will+be+based+on+input+from+the+group%2C+which+will+result+in+changing+topics+each+month.%3C%2Fstrong%3EPastfinders+will+send+an+Email+to+SIG+members+several+days+prior+to+each+meeting.Pastfinders+is+using+the+Zoom+Virtual+Meeting+app+to+hold+these+meetings+and+you+can+only+join+the+meeting+by+using+a+link+provided+by+Pastfinders.%C2%A0+You+can+register+for+the+season+here%3A%3Cstrong%3E%C2%A0%3Ca+href%3D%22https%3A%2F%2Fform.jotform.com%2FPastfindersSLC%2FJoin-Irish-SIG%22%3EIrish+SIG%3C%2Fa%3E%C2%A0%3C%2Fstrong%3E&location=&trp=false&sprop=https%3A%2F%2Fwordpress-810691-5571285.cloudwaysapps.com%2Fevents%2Firish-special-interest-group-sig-2025-06-16%2F&sprop=name:Pastfinders&ctz=America%2FNew_York
DEBUG:root:Checking external hyperlink: https://outlook.office.com/calendar/0/deeplink/compose?allday=false&body=%3Cstrong%3EThe+Irish+SIG+will+resume+with+a+different+approach+to+Genealogy+Research.%C2%A0+Discussions+will+be+based+on+input+from+the+group%2C+which+will+result+in+changing+topics+each+month.%3C%2Fstrong%3EPastfinders+will+send+an+Email+to+SIG+members+several+days+prior+to+each+meeting.Pastfinders+is+using+the+Zoom+Virtual+Meeting+app+to+hold+these+meetings+and+you+can+only+join+the+meeting+by+using+a+link+provided+by+Pastfinders.%C2%A0+You+can+register+for+the+season+here%3A%3Cstrong%3E%C2%A0%3Ca+href%3D%22https%3A%2F%2Fform.jotform.com%2FPastfindersSLC%2FJoin-Irish-SIG%22%3EIrish+SIG%3C%2Fa%3E%C2%A0%3C%2Fstrong%3E&location=&path=/calendar/action/compose&rru=addevent&startdt=2025-06-16T13%3A00%3A00-04%3A00&enddt=2025-06-16T14%3A15%3A00-04%3A00&subject=Irish+Special+Interest+Group+%28SIG%29
DEBUG:urllib3.connectionpool:Starting new HTTPS connection (1): outlook.office.com:443
DEBUG:urllib3.connectionpool:Starting new HTTPS connection (1): outlook.office.com:443
DEBUG:urllib3.connectionpool:https://accounts.google.com:443 "GET /ServiceLogin?service=cl&passive=1209600&osid=1&continue=https://calendar.google.com/calendar/event?action%3DTEMPLATE%26text%3DResearch%2BAssistance%26dates%3D20251119T130000/20251119T150000%26details%3DJoin%2Bus%2Bweekly%2Bin%2Bthe%2BGenealogy%2BRoom%2Bfor%2Bin-person%2Bhelp%2Bwith%2Byour%2Bresearch.%2BIt%25E2%2580%2599s%2Ba%2Bgreat%2Bchance%2Bto%2Bget%2Bone-on-one%2Bguidance,%2Bask%2Bquestions,%2Band%2Bconnect%2Bwith%2Bothers%2Bwho%2Bshare%2Byour%2Bpassion%2Bfor%2Bfamily%2Bhistory.%26location%3D2525%2BOakley%2BSeaver%2BDr,%2BClermont,%2BFL,%2B34711,%2BUnited%2BStates%26trp%3Dfalse%26sprop%3Dhttps://wordpress-810691-5571285.cloudwaysapps.com/events/research-assistance-2025-08-27-2025-09-03-2025-09-10-2025-09-17-2025-09-24-2025-10-01-2025-10-08-2025-10-15-2025-10-22-2025-10-29-2025-11-05-2025-11-12-2025-11-19/%26sprop%3Dname:Pastfinders%26ctz%3DAmerica/New_York&followup=https://calendar.google.com/calendar/event?action%3DTEMPLATE%26text%3DResearch%2BAssistance%26dates%3D20251119T130000/20251119T150000%26details%3DJoin%2Bus%2Bweekly%2Bin%2Bthe%2BGenealogy%2BRoom%2Bfor%2Bin-person%2Bhelp%2Bwith%2Byour%2Bresearch.%2BIt%25E2%2580%2599s%2Ba%2Bgreat%2Bchance%2Bto%2Bget%2Bone-on-one%2Bguidance,%2Bask%2Bquestions,%2Band%2Bconnect%2Bwith%2Bothers%2Bwho%2Bshare%2Byour%2Bpassion%2Bfor%2Bfamily%2Bhistory.%26location%3D2525%2BOakley%2BSeaver%2BDr,%2BClermont,%2BFL,%2B34711,%2BUnited%2BStates%26trp%3Dfalse%26sprop%3Dhttps://wordpress-810691-5571285.cloudwaysapps.com/events/research-assistance-2025-08-27-2025-09-03-2025-09-10-2025-09-17-2025-09-24-2025-10-01-2025-10-08-2025-10-15-2025-10-22-2025-10-29-2025-11-05-2025-11-12-2025-11-19/%26sprop%3Dname:Pastfinders%26ctz%3DAmerica/New_York&emr=1 HTTP/1.1" 302 0
DEBUG:urllib3.connectionpool:https://accounts.google.com:443 "GET /InteractiveLogin?continue=https://calendar.google.com/calendar/event?action%3DTEMPLATE%26text%3DResearch%2BAssistance%26dates%3D20251119T130000/20251119T150000%26details%3DJoin%2Bus%2Bweekly%2Bin%2Bthe%2BGenealogy%2BRoom%2Bfor%2Bin-person%2Bhelp%2Bwith%2Byour%2Bresearch.%2BIt%25E2%2580%2599s%2Ba%2Bgreat%2Bchance%2Bto%2Bget%2Bone-on-one%2Bguidance,%2Bask%2Bquestions,%2Band%2Bconnect%2Bwith%2Bothers%2Bwho%2Bshare%2Byour%2Bpassion%2Bfor%2Bfamily%2Bhistory.%26location%3D2525%2BOakley%2BSeaver%2BDr,%2BClermont,%2BFL,%2B34711,%2BUnited%2BStates%26trp%3Dfalse%26sprop%3Dhttps://wordpress-810691-5571285.cloudwaysapps.com/events/research-assistance-2025-08-27-2025-09-03-2025-09-10-2025-09-17-2025-09-24-2025-10-01-2025-10-08-2025-10-15-2025-10-22-2025-10-29-2025-11-05-2025-11-12-2025-11-19/%26sprop%3Dname:Pastfinders%26ctz%3DAmerica/New_York&emr=1&followup=https://calendar.google.com/calendar/event?action%3DTEMPLATE%26text%3DResearch%2BAssistance%26dates%3D20251119T130000/20251119T150000%26details%3DJoin%2Bus%2Bweekly%2Bin%2Bthe%2BGenealogy%2BRoom%2Bfor%2Bin-person%2Bhelp%2Bwith%2Byour%2Bresearch.%2BIt%25E2%2580%2599s%2Ba%2Bgreat%2Bchance%2Bto%2Bget%2Bone-on-one%2Bguidance,%2Bask%2Bquestions,%2Band%2Bconnect%2Bwith%2Bothers%2Bwho%2Bshare%2Byour%2Bpassion%2Bfor%2Bfamily%2Bhistory.%26location%3D2525%2BOakley%2BSeaver%2BDr,%2BClermont,%2BFL,%2B34711,%2BUnited%2BStates%26trp%3Dfalse%26sprop%3Dhttps://wordpress-810691-5571285.cloudwaysapps.com/events/research-assistance-2025-08-27-2025-09-03-2025-09-10-2025-09-17-2025-09-24-2025-10-01-2025-10-08-2025-10-15-2025-10-22-2025-10-29-2025-11-05-2025-11-12-2025-11-19/%26sprop%3Dname:Pastfinders%26ctz%3DAmerica/New_York&osid=1&passive=1209600&service=cl&ifkv=AdBytiOQYXFb7sF1N90YnQEJzxaSGxU7KamvnH0B9PLdp9q1AEz9WIHgkjdVjmunh6bKf2evhQZc-Q HTTP/1.1" 302 None
DEBUG:urllib3.connectionpool:https://wordpress-810691-5571285.cloudwaysapps.com:443 "GET /wp-content/uploads/2025/08/IMG_3785_1541649383-1024x683.webp HTTP/1.1" 200 114204
DEBUG:urllib3.connectionpool:https://outlook.office.com:443 "GET /calendar/0/deeplink/compose?allday=false&body=Help+in+the+preservation+of+our+local+history+and+collections%2C+including+transcriptionists%2C+preservationists%2C+digitizers%2C+and+organization%C2%A0projects.&location=2525+Oakley+Seaver+Dr%2C+Clermont%2C+FL%2C+34711%2C+United+States&path=/calendar/action/compose&rru=addevent&startdt=2026-04-08T10%3A00%3A00-04%3A00&enddt=2026-04-08T12%3A00%3A00-04%3A00&subject=Preserving+Local+History HTTP/1.1" 200 None
DEBUG:root:✅ Hyperlink OK: https://outlook.office.com/calendar/0/deeplink/compose?allday=false&body=Help+in+the+preservation+of+our+local+history+and+collections%2C+including+transcriptionists%2C+preservationists%2C+digitizers%2C+and+organization%C2%A0projects.&location=2525+Oakley+Seaver+Dr%2C+Clermont%2C+FL%2C+34711%2C+United+States&path=/calendar/action/compose&rru=addevent&startdt=2026-04-08T10%3A00%3A00-04%3A00&enddt=2026-04-08T12%3A00%3A00-04%3A00&subject=Preserving+Local+History
DEBUG:root:Checking external hyperlink: https://outlook.live.com/calendar/0/deeplink/compose?allday=false&body=Help+in+the+preservation+of+our+local+history+and+collections%2C+including+transcriptionists%2C+preservationists%2C+digitizers%2C+and+organization%C2%A0projects.&location=2525+Oakley+Seaver+Dr%2C+Clermont%2C+FL%2C+34711%2C+United+States&path=/calendar/action/compose&rru=addevent&startdt=2026-04-08T10%3A00%3A00-04%3A00&enddt=2026-04-08T12%3A00%3A00-04%3A00&subject=Preserving+Local+History
DEBUG:urllib3.connectionpool:https://accounts.google.com:443 "GET /v3/signin/identifier?continue=https%3A%2F%2Fcalendar.google.com%2Fcalendar%2Fevent%3Faction%3DTEMPLATE%26text%3DResearch%2BAssistance%26dates%3D20251119T130000%2F20251119T150000%26details%3DJoin%2Bus%2Bweekly%2Bin%2Bthe%2BGenealogy%2BRoom%2Bfor%2Bin-person%2Bhelp%2Bwith%2Byour%2Bresearch.%2BIt%25E2%2580%2599s%2Ba%2Bgreat%2Bchance%2Bto%2Bget%2Bone-on-one%2Bguidance%2C%2Bask%2Bquestions%2C%2Band%2Bconnect%2Bwith%2Bothers%2Bwho%2Bshare%2Byour%2Bpassion%2Bfor%2Bfamily%2Bhistory.%26location%3D2525%2BOakley%2BSeaver%2BDr%2C%2BClermont%2C%2BFL%2C%2B34711%2C%2BUnited%2BStates%26trp%3Dfalse%26sprop%3Dhttps%3A%2F%2Fwordpress-810691-5571285.cloudwaysapps.com%2Fevents%2Fresearch-assistance-2025-08-27-2025-09-03-2025-09-10-2025-09-17-2025-09-24-2025-10-01-2025-10-08-2025-10-15-2025-10-22-2025-10-29-2025-11-05-2025-11-12-2025-11-19%2F%26sprop%3Dname%3APastfinders%26ctz%3DAmerica%2FNew_York&emr=1&followup=https%3A%2F%2Fcalendar.google.com%2Fcalendar%2Fevent%3Faction%3DTEMPLATE%26text%3DResearch%2BAssistance%26dates%3D20251119T130000%2F20251119T150000%26details%3DJoin%2Bus%2Bweekly%2Bin%2Bthe%2BGenealogy%2BRoom%2Bfor%2Bin-person%2Bhelp%2Bwith%2Byour%2Bresearch.%2BIt%25E2%2580%2599s%2Ba%2Bgreat%2Bchance%2Bto%2Bget%2Bone-on-one%2Bguidance%2C%2Bask%2Bquestions%2C%2Band%2Bconnect%2Bwith%2Bothers%2Bwho%2Bshare%2Byour%2Bpassion%2Bfor%2Bfamily%2Bhistory.%26location%3D2525%2BOakley%2BSeaver%2BDr%2C%2BClermont%2C%2BFL%2C%2B34711%2C%2BUnited%2BStates%26trp%3Dfalse%26sprop%3Dhttps%3A%2F%2Fwordpress-810691-5571285.cloudwaysapps.com%2Fevents%2Fresearch-assistance-2025-08-27-2025-09-03-2025-09-10-2025-09-17-2025-09-24-2025-10-01-2025-10-08-2025-10-15-2025-10-22-2025-10-29-2025-11-05-2025-11-12-2025-11-19%2F%26sprop%3Dname%3APastfinders%26ctz%3DAmerica%2FNew_York&ifkv=AdBytiNxUMabWzmq61OablUACL0nfDbQBeY2SwcGfzOE_oanhswhpGKRF8rFSAzueNIQT1OEkJeU6g&osid=1&passive=1209600&service=cl&flowName=WebLiteSignIn&flowEntry=ServiceLogin&dsh=S1144681060%3A1756758231469444 HTTP/1.1" 200 None
DEBUG:urllib3.connectionpool:https://outlook.office.com:443 "GET /calendar/0/deeplink/compose?allday=false&body=%3Cstrong%3EThe+Irish+SIG+will+resume+with+a+different+approach+to+Genealogy+Research.%C2%A0+Discussions+will+be+based+on+input+from+the+group%2C+which+will+result+in+changing+topics+each+month.%3C%2Fstrong%3EPastfinders+will+send+an+Email+to+SIG+members+several+days+prior+to+each+meeting.Pastfinders+is+using+the+Zoom+Virtual+Meeting+app+to+hold+these+meetings+and+you+can+only+join+the+meeting+by+using+a+link+provided+by+Pastfinders.%C2%A0+You+can+register+for+the+season+here%3A%3Cstrong%3E%C2%A0%3Ca+href%3D%22https%3A%2F%2Fform.jotform.com%2FPastfindersSLC%2FJoin-Irish-SIG%22%3EIrish+SIG%3C%2Fa%3E%C2%A0%3C%2Fstrong%3E&location=&path=/calendar/action/compose&rru=addevent&startdt=2025-06-16T13%3A00%3A00-04%3A00&enddt=2025-06-16T14%3A15%3A00-04%3A00&subject=Irish+Special+Interest+Group+%28SIG%29 HTTP/1.1" 200 None
DEBUG:root:✅ Hyperlink OK: https://outlook.office.com/calendar/0/deeplink/compose?allday=false&body=%3Cstrong%3EThe+Irish+SIG+will+resume+with+a+different+approach+to+Genealogy+Research.%C2%A0+Discussions+will+be+based+on+input+from+the+group%2C+which+will+result+in+changing+topics+each+month.%3C%2Fstrong%3EPastfinders+will+send+an+Email+to+SIG+members+several+days+prior+to+each+meeting.Pastfinders+is+using+the+Zoom+Virtual+Meeting+app+to+hold+these+meetings+and+you+can+only+join+the+meeting+by+using+a+link+provided+by+Pastfinders.%C2%A0+You+can+register+for+the+season+here%3A%3Cstrong%3E%C2%A0%3Ca+href%3D%22https%3A%2F%2Fform.jotform.com%2FPastfindersSLC%2FJoin-Irish-SIG%22%3EIrish+SIG%3C%2Fa%3E%C2%A0%3C%2Fstrong%3E&location=&path=/calendar/action/compose&rru=addevent&startdt=2025-06-16T13%3A00%3A00-04%3A00&enddt=2025-06-16T14%3A15%3A00-04%3A00&subject=Irish+Special+Interest+Group+%28SIG%29
DEBUG:root:Checking external hyperlink: https://outlook.live.com/calendar/0/deeplink/compose?allday=false&body=%3Cstrong%3EThe+Irish+SIG+will+resume+with+a+different+approach+to+Genealogy+Research.%C2%A0+Discussions+will+be+based+on+input+from+the+group%2C+which+will+result+in+changing+topics+each+month.%3C%2Fstrong%3EPastfinders+will+send+an+Email+to+SIG+members+several+days+prior+to+each+meeting.Pastfinders+is+using+the+Zoom+Virtual+Meeting+app+to+hold+these+meetings+and+you+can+only+join+the+meeting+by+using+a+link+provided+by+Pastfinders.%C2%A0+You+can+register+for+the+season+here%3A%3Cstrong%3E%C2%A0%3Ca+href%3D%22https%3A%2F%2Fform.jotform.com%2FPastfindersSLC%2FJoin-Irish-SIG%22%3EIrish+SIG%3C%2Fa%3E%C2%A0%3C%2Fstrong%3E&location=&path=/calendar/action/compose&rru=addevent&startdt=2025-06-16T13%3A00%3A00-04%3A00&enddt=2025-06-16T14%3A15%3A00-04%3A00&subject=Irish+Special+Interest+Group+%28SIG%29
DEBUG:root:✅ Image OK: https://wordpress-810691-5571285.cloudwaysapps.com/wp-content/uploads/2025/08/IMG_3785_1541649383-1024x683.webp
DEBUG:root:Checking internal image: https://wordpress-810691-5571285.cloudwaysapps.com/wp-content/uploads/2025/08/IMG_3801_1541649611-1024x683.webp
DEBUG:urllib3.connectionpool:Starting new HTTPS connection (1): outlook.live.com:443
DEBUG:urllib3.connectionpool:Starting new HTTPS connection (1): outlook.live.com:443
DEBUG:urllib3.connectionpool:Starting new HTTPS connection (1): wordpress-810691-5571285.cloudwaysapps.com:443
DEBUG:root:✅ Hyperlink OK: https://www.google.com/calendar/event?action=TEMPLATE&text=Research+Assistance&dates=20251119T130000/20251119T150000&details=Join+us+weekly+in+the+Genealogy+Room+for+in-person+help+with+your+research.+It%E2%80%99s+a+great+chance+to+get+one-on-one+guidance%2C+ask+questions%2C+and+connect+with+others+who+share+your+passion+for+family+history.&location=2525+Oakley+Seaver+Dr%2C+Clermont%2C+FL%2C+34711%2C+United+States&trp=false&sprop=https%3A%2F%2Fwordpress-810691-5571285.cloudwaysapps.com%2Fevents%2Fresearch-assistance-2025-08-27-2025-09-03-2025-09-10-2025-09-17-2025-09-24-2025-10-01-2025-10-08-2025-10-15-2025-10-22-2025-10-29-2025-11-05-2025-11-12-2025-11-19%2F&sprop=name:Pastfinders&ctz=America%2FNew_York
DEBUG:root:Checking external hyperlink: https://outlook.office.com/calendar/0/deeplink/compose?allday=false&body=Join+us+weekly+in+the+Genealogy+Room+for+in-person+help+with+your+research.+It%E2%80%99s+a+great+chance+to+get+one-on-one+guidance%2C+ask+questions%2C+and+connect+with+others+who+share+your+passion+for+family+history.&location=2525+Oakley+Seaver+Dr%2C+Clermont%2C+FL%2C+34711%2C+United+States&path=/calendar/action/compose&rru=addevent&startdt=2025-11-19T13%3A00%3A00-05%3A00&enddt=2025-11-19T15%3A00%3A00-05%3A00&subject=Research+Assistance
DEBUG:urllib3.connectionpool:Starting new HTTPS connection (1): outlook.office.com:443
DEBUG:urllib3.connectionpool:https://outlook.live.com:443 "GET /calendar/0/deeplink/compose?allday=false&body=Help+in+the+preservation+of+our+local+history+and+collections%2C+including+transcriptionists%2C+preservationists%2C+digitizers%2C+and+organization%C2%A0projects.&location=2525+Oakley+Seaver+Dr%2C+Clermont%2C+FL%2C+34711%2C+United+States&path=/calendar/action/compose&rru=addevent&startdt=2026-04-08T10%3A00%3A00-04%3A00&enddt=2026-04-08T12%3A00%3A00-04%3A00&subject=Preserving+Local+History HTTP/1.1" 200 None
DEBUG:root:✅ Hyperlink OK: https://outlook.live.com/calendar/0/deeplink/compose?allday=false&body=Help+in+the+preservation+of+our+local+history+and+collections%2C+including+transcriptionists%2C+preservationists%2C+digitizers%2C+and+organization%C2%A0projects.&location=2525+Oakley+Seaver+Dr%2C+Clermont%2C+FL%2C+34711%2C+United+States&path=/calendar/action/compose&rru=addevent&startdt=2026-04-08T10%3A00%3A00-04%3A00&enddt=2026-04-08T12%3A00%3A00-04%3A00&subject=Preserving+Local+History
DEBUG:root:Using regex pattern: \b[a-zA-Z]{3,}\b
DEBUG:root:Found 44 words to check in https://wordpress-810691-5571285.cloudwaysapps.com/events/preserving-local-history-2026-04-08/ (min_length=3)
DEBUG:root:Sample words from https://wordpress-810691-5571285.cloudwaysapps.com/events/preserving-local-history-2026-04-08/: ['This', 'alert', 'Skip', 'content', 'Preserving', 'Local', 'History', 'When', 'April', 'Add']
DEBUG:root:Misspelled word found: 'transcriptionists' in https://wordpress-810691-5571285.cloudwaysapps.com/events/preserving-local-history-2026-04-08/
DEBUG:root:Spell check results for https://wordpress-810691-5571285.cloudwaysapps.com/events/preserving-local-history-2026-04-08/: 17 words checked, 27 skipped, 1 errors found
INFO:root:✅ Processed https://wordpress-810691-5571285.cloudwaysapps.com/events/preserving-local-history-2026-04-08/: 1 errors found, 65 words checked
DEBUG:root:Attempting to fetch: https://wordpress-810691-5571285.cloudwaysapps.com/events/family-book-creator-special-interest-group-sig-2025-10-27/
Processing pages:  49%|████▉     | 187/381 [01:47<01:43,  1.87it/s]DEBUG:urllib3.connectionpool:https://outlook.office.com:443 "GET /calendar/0/deeplink/compose?allday=false&body=Join+us+weekly+in+the+Genealogy+Room+for+in-person+help+with+your+research.+It%E2%80%99s+a+great+chance+to+get+one-on-one+guidance%2C+ask+questions%2C+and+connect+with+others+who+share+your+passion+for+family+history.&location=2525+Oakley+Seaver+Dr%2C+Clermont%2C+FL%2C+34711%2C+United+States&path=/calendar/action/compose&rru=addevent&startdt=2025-11-19T13%3A00%3A00-05%3A00&enddt=2025-11-19T15%3A00%3A00-05%3A00&subject=Research+Assistance HTTP/1.1" 200 None
DEBUG:root:✅ Hyperlink OK: https://outlook.office.com/calendar/0/deeplink/compose?allday=false&body=Join+us+weekly+in+the+Genealogy+Room+for+in-person+help+with+your+research.+It%E2%80%99s+a+great+chance+to+get+one-on-one+guidance%2C+ask+questions%2C+and+connect+with+others+who+share+your+passion+for+family+history.&location=2525+Oakley+Seaver+Dr%2C+Clermont%2C+FL%2C+34711%2C+United+States&path=/calendar/action/compose&rru=addevent&startdt=2025-11-19T13%3A00%3A00-05%3A00&enddt=2025-11-19T15%3A00%3A00-05%3A00&subject=Research+Assistance
DEBUG:root:Checking external hyperlink: https://outlook.live.com/calendar/0/deeplink/compose?allday=false&body=Join+us+weekly+in+the+Genealogy+Room+for+in-person+help+with+your+research.+It%E2%80%99s+a+great+chance+to+get+one-on-one+guidance%2C+ask+questions%2C+and+connect+with+others+who+share+your+passion+for+family+history.&location=2525+Oakley+Seaver+Dr%2C+Clermont%2C+FL%2C+34711%2C+United+States&path=/calendar/action/compose&rru=addevent&startdt=2025-11-19T13%3A00%3A00-05%3A00&enddt=2025-11-19T15%3A00%3A00-05%3A00&subject=Research+Assistance
DEBUG:urllib3.connectionpool:Starting new HTTPS connection (1): outlook.live.com:443
DEBUG:urllib3.connectionpool:https://wordpress-810691-5571285.cloudwaysapps.com:443 "GET /wp-content/uploads/2025/08/IMG_3801_1541649611-1024x683.webp HTTP/1.1" 200 55972
DEBUG:urllib3.connectionpool:https://outlook.live.com:443 "GET /calendar/0/deeplink/compose?allday=false&body=%3Cstrong%3EThe+Irish+SIG+will+resume+with+a+different+approach+to+Genealogy+Research.%C2%A0+Discussions+will+be+based+on+input+from+the+group%2C+which+will+result+in+changing+topics+each+month.%3C%2Fstrong%3EPastfinders+will+send+an+Email+to+SIG+members+several+days+prior+to+each+meeting.Pastfinders+is+using+the+Zoom+Virtual+Meeting+app+to+hold+these+meetings+and+you+can+only+join+the+meeting+by+using+a+link+provided+by+Pastfinders.%C2%A0+You+can+register+for+the+season+here%3A%3Cstrong%3E%C2%A0%3Ca+href%3D%22https%3A%2F%2Fform.jotform.com%2FPastfindersSLC%2FJoin-Irish-SIG%22%3EIrish+SIG%3C%2Fa%3E%C2%A0%3C%2Fstrong%3E&location=&path=/calendar/action/compose&rru=addevent&startdt=2025-06-16T13%3A00%3A00-04%3A00&enddt=2025-06-16T14%3A15%3A00-04%3A00&subject=Irish+Special+Interest+Group+%28SIG%29 HTTP/1.1" 200 None
DEBUG:urllib3.connectionpool:https://wordpress-810691-5571285.cloudwaysapps.com:443 "GET /events/family-book-creator-special-interest-group-sig-2025-10-27/ HTTP/1.1" 200 None
DEBUG:root:✅ Hyperlink OK: https://outlook.live.com/calendar/0/deeplink/compose?allday=false&body=%3Cstrong%3EThe+Irish+SIG+will+resume+with+a+different+approach+to+Genealogy+Research.%C2%A0+Discussions+will+be+based+on+input+from+the+group%2C+which+will+result+in+changing+topics+each+month.%3C%2Fstrong%3EPastfinders+will+send+an+Email+to+SIG+members+several+days+prior+to+each+meeting.Pastfinders+is+using+the+Zoom+Virtual+Meeting+app+to+hold+these+meetings+and+you+can+only+join+the+meeting+by+using+a+link+provided+by+Pastfinders.%C2%A0+You+can+register+for+the+season+here%3A%3Cstrong%3E%C2%A0%3Ca+href%3D%22https%3A%2F%2Fform.jotform.com%2FPastfindersSLC%2FJoin-Irish-SIG%22%3EIrish+SIG%3C%2Fa%3E%C2%A0%3C%2Fstrong%3E&location=&path=/calendar/action/compose&rru=addevent&startdt=2025-06-16T13%3A00%3A00-04%3A00&enddt=2025-06-16T14%3A15%3A00-04%3A00&subject=Irish+Special+Interest+Group+%28SIG%29
DEBUG:root:Using regex pattern: \b[a-zA-Z]{3,}\b
DEBUG:root:Found 94 words to check in https://wordpress-810691-5571285.cloudwaysapps.com/events/irish-special-interest-group-sig-2025-06-16/ (min_length=3)
DEBUG:root:Sample words from https://wordpress-810691-5571285.cloudwaysapps.com/events/irish-special-interest-group-sig-2025-06-16/: ['This', 'alert', 'Skip', 'content', 'Irish', 'Special', 'Interest', 'Group', 'SIG', 'When']
DEBUG:root:Spell check results for https://wordpress-810691-5571285.cloudwaysapps.com/events/irish-special-interest-group-sig-2025-06-16/: 51 words checked, 43 skipped, 0 errors found
INFO:root:✅ Processed https://wordpress-810691-5571285.cloudwaysapps.com/events/irish-special-interest-group-sig-2025-06-16/: 0 errors found, 121 words checked
DEBUG:root:Attempting to fetch: https://wordpress-810691-5571285.cloudwaysapps.com/galleries/2016-boyscout-highland-dance/
DEBUG:root:Successfully fetched https://wordpress-810691-5571285.cloudwaysapps.com/events/family-book-creator-special-interest-group-sig-2025-10-27/ (Content-Length: 42525)
DEBUG:charset_normalizer:Encoding detection: utf_8 is most likely the one.
DEBUG:root:✅ Image OK: https://wordpress-810691-5571285.cloudwaysapps.com/wp-content/uploads/2025/08/IMG_3801_1541649611-1024x683.webp
DEBUG:root:Checking internal image: https://wordpress-810691-5571285.cloudwaysapps.com/wp-content/uploads/2025/08/2015_12_10_Pastfinders_christmas_Dinner_21_1541648850.webp
DEBUG:urllib3.connectionpool:Starting new HTTPS connection (1): wordpress-810691-5571285.cloudwaysapps.com:443
DEBUG:root:Extracted 846 characters, 141 words from https://wordpress-810691-5571285.cloudwaysapps.com/events/family-book-creator-special-interest-group-sig-2025-10-27/
DEBUG:root:Checking external hyperlink: https://www.google.com/calendar/event?action=TEMPLATE&text=Family+Book+Creator+Special+Interest+Group+%28SIG%29&dates=20251027T190000/20251027T200000&details=This+group+grew+out+of+our+original+FBC+Study+Group%2C+a+joint+effort+between+Pastfinders+and+Kinseekers.+For+now%2C+membership+is+limited+to+participants+of+that+original+group%2C+but+we+hope+to+welcome+more+members+in+the+future.&location=&trp=false&sprop=https%3A%2F%2Fwordpress-810691-5571285.cloudwaysapps.com%2Fevents%2Ffamily-book-creator-special-interest-group-sig-2025-10-27%2F&sprop=name:Pastfinders&ctz=America%2FNew_York
DEBUG:urllib3.connectionpool:Starting new HTTPS connection (1): www.google.com:443
DEBUG:urllib3.connectionpool:https://wordpress-810691-5571285.cloudwaysapps.com:443 "GET /galleries/2016-boyscout-highland-dance/ HTTP/1.1" 200 None
DEBUG:root:Successfully fetched https://wordpress-810691-5571285.cloudwaysapps.com/galleries/2016-boyscout-highland-dance/ (Content-Length: 50695)
DEBUG:charset_normalizer:Encoding detection: utf_8 is most likely the one.
DEBUG:root:Extracted 217 characters, 40 words from https://wordpress-810691-5571285.cloudwaysapps.com/galleries/2016-boyscout-highland-dance/
DEBUG:root:Checking internal image: https://wordpress-810691-5571285.cloudwaysapps.com/wp-content/uploads/2025/08/Boy_Scouts_and_Scottish_Dancers_2_1525134844-1024x256.webp
DEBUG:urllib3.connectionpool:Starting new HTTPS connection (1): wordpress-810691-5571285.cloudwaysapps.com:443
DEBUG:urllib3.connectionpool:https://www.google.com:443 "GET /calendar/event?action=TEMPLATE&text=Family+Book+Creator+Special+Interest+Group+%28SIG%29&dates=20251027T190000/20251027T200000&details=This+group+grew+out+of+our+original+FBC+Study+Group%2C+a+joint+effort+between+Pastfinders+and+Kinseekers.+For+now%2C+membership+is+limited+to+participants+of+that+original+group%2C+but+we+hope+to+welcome+more+members+in+the+future.&location=&trp=false&sprop=https%3A%2F%2Fwordpress-810691-5571285.cloudwaysapps.com%2Fevents%2Ffamily-book-creator-special-interest-group-sig-2025-10-27%2F&sprop=name:Pastfinders&ctz=America%2FNew_York HTTP/1.1" 302 0
DEBUG:urllib3.connectionpool:https://outlook.live.com:443 "GET /calendar/0/deeplink/compose?allday=false&body=Join+us+weekly+in+the+Genealogy+Room+for+in-person+help+with+your+research.+It%E2%80%99s+a+great+chance+to+get+one-on-one+guidance%2C+ask+questions%2C+and+connect+with+others+who+share+your+passion+for+family+history.&location=2525+Oakley+Seaver+Dr%2C+Clermont%2C+FL%2C+34711%2C+United+States&path=/calendar/action/compose&rru=addevent&startdt=2025-11-19T13%3A00%3A00-05%3A00&enddt=2025-11-19T15%3A00%3A00-05%3A00&subject=Research+Assistance HTTP/1.1" 200 None
DEBUG:root:✅ Hyperlink OK: https://outlook.live.com/calendar/0/deeplink/compose?allday=false&body=Join+us+weekly+in+the+Genealogy+Room+for+in-person+help+with+your+research.+It%E2%80%99s+a+great+chance+to+get+one-on-one+guidance%2C+ask+questions%2C+and+connect+with+others+who+share+your+passion+for+family+history.&location=2525+Oakley+Seaver+Dr%2C+Clermont%2C+FL%2C+34711%2C+United+States&path=/calendar/action/compose&rru=addevent&startdt=2025-11-19T13%3A00%3A00-05%3A00&enddt=2025-11-19T15%3A00%3A00-05%3A00&subject=Research+Assistance
DEBUG:root:Using regex pattern: \b[a-zA-Z]{3,}\b
DEBUG:root:Found 58 words to check in https://wordpress-810691-5571285.cloudwaysapps.com/events/research-assistance-2025-08-27-2025-09-03-2025-09-10-2025-09-17-2025-09-24-2025-10-01-2025-10-08-2025-10-15-2025-10-22-2025-10-29-2025-11-05-2025-11-12-2025-11-19/ (min_length=3)
DEBUG:root:Sample words from https://wordpress-810691-5571285.cloudwaysapps.com/events/research-assistance-2025-08-27-2025-09-03-2025-09-10-2025-09-17-2025-09-24-2025-10-01-2025-10-08-2025-10-15-2025-10-22-2025-10-29-2025-11-05-2025-11-12-2025-11-19/: ['This', 'alert', 'Skip', 'content', 'Research', 'Assistance', 'When', 'November', 'Add', 'Calendar']
DEBUG:root:Spell check results for https://wordpress-810691-5571285.cloudwaysapps.com/events/research-assistance-2025-08-27-2025-09-03-2025-09-10-2025-09-17-2025-09-24-2025-10-01-2025-10-08-2025-10-15-2025-10-22-2025-10-29-2025-11-05-2025-11-12-2025-11-19/: 30 words checked, 28 skipped, 0 errors found
INFO:root:✅ Processed https://wordpress-810691-5571285.cloudwaysapps.com/events/research-assistance-2025-08-27-2025-09-03-2025-09-10-2025-09-17-2025-09-24-2025-10-01-2025-10-08-2025-10-15-2025-10-22-2025-10-29-2025-11-05-2025-11-12-2025-11-19/: 0 errors found, 85 words checked
DEBUG:root:Attempting to fetch: https://wordpress-810691-5571285.cloudwaysapps.com/subject/swiss/
DEBUG:urllib3.connectionpool:https://wordpress-810691-5571285.cloudwaysapps.com:443 "GET /wp-content/uploads/2025/08/2015_12_10_Pastfinders_christmas_Dinner_21_1541648850.webp HTTP/1.1" 200 59278
Processing pages:  50%|████▉     | 189/381 [01:48<01:14,  2.57it/s]DEBUG:root:✅ Image OK: https://wordpress-810691-5571285.cloudwaysapps.com/wp-content/uploads/2025/08/2015_12_10_Pastfinders_christmas_Dinner_21_1541648850.webp
DEBUG:root:Checking internal image: https://wordpress-810691-5571285.cloudwaysapps.com/wp-content/uploads/2025/08/2015_12_10_Pastfinders_christmas_Dinner_12_1541648739-1024x567.webp
DEBUG:urllib3.connectionpool:Starting new HTTPS connection (1): wordpress-810691-5571285.cloudwaysapps.com:443
DEBUG:urllib3.connectionpool:Starting new HTTPS connection (1): calendar.google.com:443
DEBUG:urllib3.connectionpool:https://wordpress-810691-5571285.cloudwaysapps.com:443 "GET /subject/swiss/ HTTP/1.1" 200 None
DEBUG:root:Successfully fetched https://wordpress-810691-5571285.cloudwaysapps.com/subject/swiss/ (Content-Length: 35925)
DEBUG:urllib3.connectionpool:https://wordpress-810691-5571285.cloudwaysapps.com:443 "GET /wp-content/uploads/2025/08/Boy_Scouts_and_Scottish_Dancers_2_1525134844-1024x256.webp HTTP/1.1" 200 16528
DEBUG:root:✅ Image OK: https://wordpress-810691-5571285.cloudwaysapps.com/wp-content/uploads/2025/08/Boy_Scouts_and_Scottish_Dancers_2_1525134844-1024x256.webp
DEBUG:root:Checking internal image: https://wordpress-810691-5571285.cloudwaysapps.com/wp-content/uploads/2025/08/Boy_Scouts_and_Scottish_Dancers_1525134832-1024x727.webp
DEBUG:charset_normalizer:Encoding detection: utf_8 is most likely the one.
DEBUG:urllib3.connectionpool:Starting new HTTPS connection (1): wordpress-810691-5571285.cloudwaysapps.com:443
DEBUG:root:Extracted 125 characters, 21 words from https://wordpress-810691-5571285.cloudwaysapps.com/subject/swiss/
DEBUG:root:Using regex pattern: \b[a-zA-Z]{3,}\b
DEBUG:root:Found 14 words to check in https://wordpress-810691-5571285.cloudwaysapps.com/subject/swiss/ (min_length=3)
DEBUG:root:Sample words from https://wordpress-810691-5571285.cloudwaysapps.com/subject/swiss/: ['This', 'alert', 'Skip', 'content', 'Subject', 'Swiss', 'March', 'Handy', 'guide', 'Swiss']
DEBUG:root:Spell check results for https://wordpress-810691-5571285.cloudwaysapps.com/subject/swiss/: 5 words checked, 9 skipped, 0 errors found
INFO:root:✅ Processed https://wordpress-810691-5571285.cloudwaysapps.com/subject/swiss/: 0 errors found, 21 words checked
DEBUG:root:Attempting to fetch: https://wordpress-810691-5571285.cloudwaysapps.com/libraries/genealogy-online-for-dummies-2/
Processing pages:  50%|████▉     | 190/381 [01:48<01:09,  2.75it/s]DEBUG:urllib3.connectionpool:https://wordpress-810691-5571285.cloudwaysapps.com:443 "GET /wp-content/uploads/2025/08/2015_12_10_Pastfinders_christmas_Dinner_12_1541648739-1024x567.webp HTTP/1.1" 200 87550
DEBUG:urllib3.connectionpool:https://calendar.google.com:443 "GET /calendar/event?action=TEMPLATE&text=Family+Book+Creator+Special+Interest+Group+(SIG)&dates=20251027T190000/20251027T200000&details=This+group+grew+out+of+our+original+FBC+Study+Group,+a+joint+effort+between+Pastfinders+and+Kinseekers.+For+now,+membership+is+limited+to+participants+of+that+original+group,+but+we+hope+to+welcome+more+members+in+the+future.&location&trp=false&sprop=https://wordpress-810691-5571285.cloudwaysapps.com/events/family-book-creator-special-interest-group-sig-2025-10-27/&sprop=name:Pastfinders&ctz=America/New_York HTTP/1.1" 302 0
DEBUG:urllib3.connectionpool:Starting new HTTPS connection (1): accounts.google.com:443
DEBUG:root:✅ Image OK: https://wordpress-810691-5571285.cloudwaysapps.com/wp-content/uploads/2025/08/2015_12_10_Pastfinders_christmas_Dinner_12_1541648739-1024x567.webp
DEBUG:root:Checking internal image: https://wordpress-810691-5571285.cloudwaysapps.com/wp-content/uploads/2025/08/IMG_3780_1541649383-1024x683.webp
DEBUG:urllib3.connectionpool:Starting new HTTPS connection (1): wordpress-810691-5571285.cloudwaysapps.com:443
DEBUG:urllib3.connectionpool:https://accounts.google.com:443 "GET /ServiceLogin?service=cl&passive=1209600&osid=1&continue=https://calendar.google.com/calendar/event?action%3DTEMPLATE%26text%3DFamily%2BBook%2BCreator%2BSpecial%2BInterest%2BGroup%2B(SIG)%26dates%3D20251027T190000/20251027T200000%26details%3DThis%2Bgroup%2Bgrew%2Bout%2Bof%2Bour%2Boriginal%2BFBC%2BStudy%2BGroup,%2Ba%2Bjoint%2Beffort%2Bbetween%2BPastfinders%2Band%2BKinseekers.%2BFor%2Bnow,%2Bmembership%2Bis%2Blimited%2Bto%2Bparticipants%2Bof%2Bthat%2Boriginal%2Bgroup,%2Bbut%2Bwe%2Bhope%2Bto%2Bwelcome%2Bmore%2Bmembers%2Bin%2Bthe%2Bfuture.%26location%26trp%3Dfalse%26sprop%3Dhttps://wordpress-810691-5571285.cloudwaysapps.com/events/family-book-creator-special-interest-group-sig-2025-10-27/%26sprop%3Dname:Pastfinders%26ctz%3DAmerica/New_York&followup=https://calendar.google.com/calendar/event?action%3DTEMPLATE%26text%3DFamily%2BBook%2BCreator%2BSpecial%2BInterest%2BGroup%2B(SIG)%26dates%3D20251027T190000/20251027T200000%26details%3DThis%2Bgroup%2Bgrew%2Bout%2Bof%2Bour%2Boriginal%2BFBC%2BStudy%2BGroup,%2Ba%2Bjoint%2Beffort%2Bbetween%2BPastfinders%2Band%2BKinseekers.%2BFor%2Bnow,%2Bmembership%2Bis%2Blimited%2Bto%2Bparticipants%2Bof%2Bthat%2Boriginal%2Bgroup,%2Bbut%2Bwe%2Bhope%2Bto%2Bwelcome%2Bmore%2Bmembers%2Bin%2Bthe%2Bfuture.%26location%26trp%3Dfalse%26sprop%3Dhttps://wordpress-810691-5571285.cloudwaysapps.com/events/family-book-creator-special-interest-group-sig-2025-10-27/%26sprop%3Dname:Pastfinders%26ctz%3DAmerica/New_York&emr=1 HTTP/1.1" 302 0
DEBUG:urllib3.connectionpool:https://wordpress-810691-5571285.cloudwaysapps.com:443 "GET /wp-content/uploads/2025/08/Boy_Scouts_and_Scottish_Dancers_1525134832-1024x727.webp HTTP/1.1" 200 140470
DEBUG:urllib3.connectionpool:https://accounts.google.com:443 "GET /InteractiveLogin?continue=https://calendar.google.com/calendar/event?action%3DTEMPLATE%26text%3DFamily%2BBook%2BCreator%2BSpecial%2BInterest%2BGroup%2B(SIG)%26dates%3D20251027T190000/20251027T200000%26details%3DThis%2Bgroup%2Bgrew%2Bout%2Bof%2Bour%2Boriginal%2BFBC%2BStudy%2BGroup,%2Ba%2Bjoint%2Beffort%2Bbetween%2BPastfinders%2Band%2BKinseekers.%2BFor%2Bnow,%2Bmembership%2Bis%2Blimited%2Bto%2Bparticipants%2Bof%2Bthat%2Boriginal%2Bgroup,%2Bbut%2Bwe%2Bhope%2Bto%2Bwelcome%2Bmore%2Bmembers%2Bin%2Bthe%2Bfuture.%26location%26trp%3Dfalse%26sprop%3Dhttps://wordpress-810691-5571285.cloudwaysapps.com/events/family-book-creator-special-interest-group-sig-2025-10-27/%26sprop%3Dname:Pastfinders%26ctz%3DAmerica/New_York&emr=1&followup=https://calendar.google.com/calendar/event?action%3DTEMPLATE%26text%3DFamily%2BBook%2BCreator%2BSpecial%2BInterest%2BGroup%2B(SIG)%26dates%3D20251027T190000/20251027T200000%26details%3DThis%2Bgroup%2Bgrew%2Bout%2Bof%2Bour%2Boriginal%2BFBC%2BStudy%2BGroup,%2Ba%2Bjoint%2Beffort%2Bbetween%2BPastfinders%2Band%2BKinseekers.%2BFor%2Bnow,%2Bmembership%2Bis%2Blimited%2Bto%2Bparticipants%2Bof%2Bthat%2Boriginal%2Bgroup,%2Bbut%2Bwe%2Bhope%2Bto%2Bwelcome%2Bmore%2Bmembers%2Bin%2Bthe%2Bfuture.%26location%26trp%3Dfalse%26sprop%3Dhttps://wordpress-810691-5571285.cloudwaysapps.com/events/family-book-creator-special-interest-group-sig-2025-10-27/%26sprop%3Dname:Pastfinders%26ctz%3DAmerica/New_York&osid=1&passive=1209600&service=cl&ifkv=AdBytiO5RlogWj4kZfhSzyEnx-cJc5X9goH1k_K42jLj7Bi7kwFyH-OF7E4pZYeZmXIxDTGwgMshYg HTTP/1.1" 302 None
DEBUG:urllib3.connectionpool:https://accounts.google.com:443 "GET /v3/signin/identifier?continue=https%3A%2F%2Fcalendar.google.com%2Fcalendar%2Fevent%3Faction%3DTEMPLATE%26text%3DFamily%2BBook%2BCreator%2BSpecial%2BInterest%2BGroup%2B%28SIG%29%26dates%3D20251027T190000%2F20251027T200000%26details%3DThis%2Bgroup%2Bgrew%2Bout%2Bof%2Bour%2Boriginal%2BFBC%2BStudy%2BGroup%2C%2Ba%2Bjoint%2Beffort%2Bbetween%2BPastfinders%2Band%2BKinseekers.%2BFor%2Bnow%2C%2Bmembership%2Bis%2Blimited%2Bto%2Bparticipants%2Bof%2Bthat%2Boriginal%2Bgroup%2C%2Bbut%2Bwe%2Bhope%2Bto%2Bwelcome%2Bmore%2Bmembers%2Bin%2Bthe%2Bfuture.%26location%26trp%3Dfalse%26sprop%3Dhttps%3A%2F%2Fwordpress-810691-5571285.cloudwaysapps.com%2Fevents%2Ffamily-book-creator-special-interest-group-sig-2025-10-27%2F%26sprop%3Dname%3APastfinders%26ctz%3DAmerica%2FNew_York&emr=1&followup=https%3A%2F%2Fcalendar.google.com%2Fcalendar%2Fevent%3Faction%3DTEMPLATE%26text%3DFamily%2BBook%2BCreator%2BSpecial%2BInterest%2BGroup%2B%28SIG%29%26dates%3D20251027T190000%2F20251027T200000%26details%3DThis%2Bgroup%2Bgrew%2Bout%2Bof%2Bour%2Boriginal%2BFBC%2BStudy%2BGroup%2C%2Ba%2Bjoint%2Beffort%2Bbetween%2BPastfinders%2Band%2BKinseekers.%2BFor%2Bnow%2C%2Bmembership%2Bis%2Blimited%2Bto%2Bparticipants%2Bof%2Bthat%2Boriginal%2Bgroup%2C%2Bbut%2Bwe%2Bhope%2Bto%2Bwelcome%2Bmore%2Bmembers%2Bin%2Bthe%2Bfuture.%26location%26trp%3Dfalse%26sprop%3Dhttps%3A%2F%2Fwordpress-810691-5571285.cloudwaysapps.com%2Fevents%2Ffamily-book-creator-special-interest-group-sig-2025-10-27%2F%26sprop%3Dname%3APastfinders%26ctz%3DAmerica%2FNew_York&ifkv=AdBytiMgENGWGl11-e3NJSSo9_-7VS132wvMokdklib7a57mpK9VH4SapqXTI_tmkeU2I0zu_8Xbpw&osid=1&passive=1209600&service=cl&flowName=WebLiteSignIn&flowEntry=ServiceLogin&dsh=S52983651%3A1756758232807673 HTTP/1.1" 200 None
DEBUG:root:✅ Image OK: https://wordpress-810691-5571285.cloudwaysapps.com/wp-content/uploads/2025/08/Boy_Scouts_and_Scottish_Dancers_1525134832-1024x727.webp
DEBUG:root:Checking internal image: https://wordpress-810691-5571285.cloudwaysapps.com/wp-content/uploads/2025/08/Anna_-Jessica-_Dr_K_Austin-_Hayley_-Cami__1525134745.webp
DEBUG:urllib3.connectionpool:Starting new HTTPS connection (1): wordpress-810691-5571285.cloudwaysapps.com:443
DEBUG:urllib3.connectionpool:https://wordpress-810691-5571285.cloudwaysapps.com:443 "GET /wp-content/uploads/2025/08/IMG_3780_1541649383-1024x683.webp HTTP/1.1" 200 75836
DEBUG:root:✅ Hyperlink OK: https://www.google.com/calendar/event?action=TEMPLATE&text=Family+Book+Creator+Special+Interest+Group+%28SIG%29&dates=20251027T190000/20251027T200000&details=This+group+grew+out+of+our+original+FBC+Study+Group%2C+a+joint+effort+between+Pastfinders+and+Kinseekers.+For+now%2C+membership+is+limited+to+participants+of+that+original+group%2C+but+we+hope+to+welcome+more+members+in+the+future.&location=&trp=false&sprop=https%3A%2F%2Fwordpress-810691-5571285.cloudwaysapps.com%2Fevents%2Ffamily-book-creator-special-interest-group-sig-2025-10-27%2F&sprop=name:Pastfinders&ctz=America%2FNew_York
DEBUG:root:Checking external hyperlink: https://outlook.office.com/calendar/0/deeplink/compose?allday=false&body=This+group+grew+out+of+our+original+FBC+Study+Group%2C+a+joint+effort+between+Pastfinders+and+Kinseekers.+For+now%2C+membership+is+limited+to+participants+of+that+original+group%2C+but+we+hope+to+welcome+more+members+in+the+future.&location=&path=/calendar/action/compose&rru=addevent&startdt=2025-10-27T19%3A00%3A00-04%3A00&enddt=2025-10-27T20%3A00%3A00-04%3A00&subject=Family+Book+Creator+Special+Interest+Group+%28SIG%29
DEBUG:urllib3.connectionpool:Starting new HTTPS connection (1): outlook.office.com:443
DEBUG:root:✅ Image OK: https://wordpress-810691-5571285.cloudwaysapps.com/wp-content/uploads/2025/08/IMG_3780_1541649383-1024x683.webp
DEBUG:root:Checking internal image: https://wordpress-810691-5571285.cloudwaysapps.com/wp-content/uploads/2025/08/2015_12_10_Pastfinders_christmas_Dinner_19_1541648850.webp
DEBUG:urllib3.connectionpool:Starting new HTTPS connection (1): wordpress-810691-5571285.cloudwaysapps.com:443
DEBUG:urllib3.connectionpool:https://wordpress-810691-5571285.cloudwaysapps.com:443 "GET /wp-content/uploads/2025/08/Anna_-Jessica-_Dr_K_Austin-_Hayley_-Cami__1525134745.webp HTTP/1.1" 200 78376
DEBUG:urllib3.connectionpool:https://outlook.office.com:443 "GET /calendar/0/deeplink/compose?allday=false&body=This+group+grew+out+of+our+original+FBC+Study+Group%2C+a+joint+effort+between+Pastfinders+and+Kinseekers.+For+now%2C+membership+is+limited+to+participants+of+that+original+group%2C+but+we+hope+to+welcome+more+members+in+the+future.&location=&path=/calendar/action/compose&rru=addevent&startdt=2025-10-27T19%3A00%3A00-04%3A00&enddt=2025-10-27T20%3A00%3A00-04%3A00&subject=Family+Book+Creator+Special+Interest+Group+%28SIG%29 HTTP/1.1" 200 None
DEBUG:root:✅ Hyperlink OK: https://outlook.office.com/calendar/0/deeplink/compose?allday=false&body=This+group+grew+out+of+our+original+FBC+Study+Group%2C+a+joint+effort+between+Pastfinders+and+Kinseekers.+For+now%2C+membership+is+limited+to+participants+of+that+original+group%2C+but+we+hope+to+welcome+more+members+in+the+future.&location=&path=/calendar/action/compose&rru=addevent&startdt=2025-10-27T19%3A00%3A00-04%3A00&enddt=2025-10-27T20%3A00%3A00-04%3A00&subject=Family+Book+Creator+Special+Interest+Group+%28SIG%29
DEBUG:root:Checking external hyperlink: https://outlook.live.com/calendar/0/deeplink/compose?allday=false&body=This+group+grew+out+of+our+original+FBC+Study+Group%2C+a+joint+effort+between+Pastfinders+and+Kinseekers.+For+now%2C+membership+is+limited+to+participants+of+that+original+group%2C+but+we+hope+to+welcome+more+members+in+the+future.&location=&path=/calendar/action/compose&rru=addevent&startdt=2025-10-27T19%3A00%3A00-04%3A00&enddt=2025-10-27T20%3A00%3A00-04%3A00&subject=Family+Book+Creator+Special+Interest+Group+%28SIG%29
DEBUG:urllib3.connectionpool:Starting new HTTPS connection (1): outlook.live.com:443
DEBUG:root:✅ Image OK: https://wordpress-810691-5571285.cloudwaysapps.com/wp-content/uploads/2025/08/Anna_-Jessica-_Dr_K_Austin-_Hayley_-Cami__1525134745.webp
DEBUG:root:Checking internal image: https://wordpress-810691-5571285.cloudwaysapps.com/wp-content/uploads/2025/08/Boy_Scouts_and_Scottish_Dancers_1_1525134858-899x1024.webp
DEBUG:urllib3.connectionpool:Starting new HTTPS connection (1): wordpress-810691-5571285.cloudwaysapps.com:443
DEBUG:urllib3.connectionpool:https://wordpress-810691-5571285.cloudwaysapps.com:443 "GET /wp-content/uploads/2025/08/2015_12_10_Pastfinders_christmas_Dinner_19_1541648850.webp HTTP/1.1" 200 68930
DEBUG:root:✅ Document OK: https://pastfindersslc.org/upload/newsletters/Fall_2005.pdf
DEBUG:root:Checking external document: https://pastfindersslc.org/upload/newsletters/Summer_2005.pdf
DEBUG:urllib3.connectionpool:Starting new HTTPS connection (1): pastfindersslc.org:443
DEBUG:root:✅ Image OK: https://wordpress-810691-5571285.cloudwaysapps.com/wp-content/uploads/2025/08/2015_12_10_Pastfinders_christmas_Dinner_19_1541648850.webp
DEBUG:root:Checking internal image: https://wordpress-810691-5571285.cloudwaysapps.com/wp-content/uploads/2025/08/IMG_3764_1541649383-1024x683.webp
DEBUG:urllib3.connectionpool:Starting new HTTPS connection (1): wordpress-810691-5571285.cloudwaysapps.com:443
DEBUG:urllib3.connectionpool:https://outlook.live.com:443 "GET /calendar/0/deeplink/compose?allday=false&body=This+group+grew+out+of+our+original+FBC+Study+Group%2C+a+joint+effort+between+Pastfinders+and+Kinseekers.+For+now%2C+membership+is+limited+to+participants+of+that+original+group%2C+but+we+hope+to+welcome+more+members+in+the+future.&location=&path=/calendar/action/compose&rru=addevent&startdt=2025-10-27T19%3A00%3A00-04%3A00&enddt=2025-10-27T20%3A00%3A00-04%3A00&subject=Family+Book+Creator+Special+Interest+Group+%28SIG%29 HTTP/1.1" 200 None
DEBUG:root:✅ Hyperlink OK: https://outlook.live.com/calendar/0/deeplink/compose?allday=false&body=This+group+grew+out+of+our+original+FBC+Study+Group%2C+a+joint+effort+between+Pastfinders+and+Kinseekers.+For+now%2C+membership+is+limited+to+participants+of+that+original+group%2C+but+we+hope+to+welcome+more+members+in+the+future.&location=&path=/calendar/action/compose&rru=addevent&startdt=2025-10-27T19%3A00%3A00-04%3A00&enddt=2025-10-27T20%3A00%3A00-04%3A00&subject=Family+Book+Creator+Special+Interest+Group+%28SIG%29
DEBUG:root:Using regex pattern: \b[a-zA-Z]{3,}\b
DEBUG:root:Found 109 words to check in https://wordpress-810691-5571285.cloudwaysapps.com/events/family-book-creator-special-interest-group-sig-2025-10-27/ (min_length=3)
DEBUG:root:Sample words from https://wordpress-810691-5571285.cloudwaysapps.com/events/family-book-creator-special-interest-group-sig-2025-10-27/: ['This', 'alert', 'Skip', 'content', 'Family', 'Book', 'Creator', 'Special', 'Interest', 'Group']
DEBUG:root:Spell check results for https://wordpress-810691-5571285.cloudwaysapps.com/events/family-book-creator-special-interest-group-sig-2025-10-27/: 62 words checked, 47 skipped, 0 errors found
INFO:root:✅ Processed https://wordpress-810691-5571285.cloudwaysapps.com/events/family-book-creator-special-interest-group-sig-2025-10-27/: 0 errors found, 141 words checked
DEBUG:root:Attempting to fetch: https://wordpress-810691-5571285.cloudwaysapps.com/events/family-tree-maker-special-interest-group-sig-2026-04-21/
Processing pages:  50%|█████     | 191/381 [01:49<01:30,  2.11it/s]DEBUG:urllib3.connectionpool:https://pastfindersslc.org:443 "GET /upload/newsletters/Summer_2005.pdf HTTP/1.1" 200 5514953
DEBUG:urllib3.connectionpool:https://wordpress-810691-5571285.cloudwaysapps.com:443 "GET /libraries/genealogy-online-for-dummies-2/ HTTP/1.1" 200 None
DEBUG:root:Successfully fetched https://wordpress-810691-5571285.cloudwaysapps.com/libraries/genealogy-online-for-dummies-2/ (Content-Length: 36299)
DEBUG:urllib3.connectionpool:https://wordpress-810691-5571285.cloudwaysapps.com:443 "GET /wp-content/uploads/2025/08/Boy_Scouts_and_Scottish_Dancers_1_1525134858-899x1024.webp HTTP/1.1" 200 191928
DEBUG:charset_normalizer:Encoding detection: utf_8 is most likely the one.
DEBUG:root:Extracted 96 characters, 18 words from https://wordpress-810691-5571285.cloudwaysapps.com/libraries/genealogy-online-for-dummies-2/
DEBUG:root:Using regex pattern: \b[a-zA-Z]{3,}\b
DEBUG:root:Found 9 words to check in https://wordpress-810691-5571285.cloudwaysapps.com/libraries/genealogy-online-for-dummies-2/ (min_length=3)
DEBUG:root:Sample words from https://wordpress-810691-5571285.cloudwaysapps.com/libraries/genealogy-online-for-dummies-2/: ['This', 'alert', 'Skip', 'content', 'Genealogy', 'online', 'for', 'Dummies', 'March']
DEBUG:root:Spell check results for https://wordpress-810691-5571285.cloudwaysapps.com/libraries/genealogy-online-for-dummies-2/: 4 words checked, 5 skipped, 0 errors found
INFO:root:✅ Processed https://wordpress-810691-5571285.cloudwaysapps.com/libraries/genealogy-online-for-dummies-2/: 0 errors found, 18 words checked
DEBUG:root:Attempting to fetch: https://wordpress-810691-5571285.cloudwaysapps.com/galleries/2018-holiday-dinner/
Processing pages:  50%|█████     | 192/381 [01:49<01:13,  2.59it/s]DEBUG:root:✅ Image OK: https://wordpress-810691-5571285.cloudwaysapps.com/wp-content/uploads/2025/08/Boy_Scouts_and_Scottish_Dancers_1_1525134858-899x1024.webp
DEBUG:root:Using regex pattern: \b[a-zA-Z]{3,}\b
DEBUG:root:Found 20 words to check in https://wordpress-810691-5571285.cloudwaysapps.com/galleries/2016-boyscout-highland-dance/ (min_length=3)
DEBUG:root:Sample words from https://wordpress-810691-5571285.cloudwaysapps.com/galleries/2016-boyscout-highland-dance/: ['This', 'alert', 'Skip', 'content', 'BoyScout', 'Highland', 'dance', 'images', 'Click', 'view']
DEBUG:root:Spell check results for https://wordpress-810691-5571285.cloudwaysapps.com/galleries/2016-boyscout-highland-dance/: 8 words checked, 12 skipped, 0 errors found
INFO:root:✅ Processed https://wordpress-810691-5571285.cloudwaysapps.com/galleries/2016-boyscout-highland-dance/: 0 errors found, 40 words checked
DEBUG:root:Attempting to fetch: https://wordpress-810691-5571285.cloudwaysapps.com/events/preserving-local-history-2025-10-08/
DEBUG:urllib3.connectionpool:https://wordpress-810691-5571285.cloudwaysapps.com:443 "GET /wp-content/uploads/2025/08/IMG_3764_1541649383-1024x683.webp HTTP/1.1" 200 94596
DEBUG:urllib3.connectionpool:https://wordpress-810691-5571285.cloudwaysapps.com:443 "GET /galleries/2018-holiday-dinner/ HTTP/1.1" 200 None
DEBUG:root:Successfully fetched https://wordpress-810691-5571285.cloudwaysapps.com/galleries/2018-holiday-dinner/ (Content-Length: 86473)
DEBUG:charset_normalizer:Encoding detection: utf_8 is most likely the one.
DEBUG:root:Extracted 479 characters, 103 words from https://wordpress-810691-5571285.cloudwaysapps.com/galleries/2018-holiday-dinner/
DEBUG:root:Checking internal image: https://wordpress-810691-5571285.cloudwaysapps.com/wp-content/uploads/2025/08/IMG_1424_Stitch_1570505457-1024x374.webp
DEBUG:root:✅ Image OK: https://wordpress-810691-5571285.cloudwaysapps.com/wp-content/uploads/2025/08/IMG_3764_1541649383-1024x683.webp
DEBUG:root:Checking internal image: https://wordpress-810691-5571285.cloudwaysapps.com/wp-content/uploads/2025/08/IMG_3799_1541649611-1024x683.webp
DEBUG:urllib3.connectionpool:Starting new HTTPS connection (1): wordpress-810691-5571285.cloudwaysapps.com:443
DEBUG:urllib3.connectionpool:Starting new HTTPS connection (1): wordpress-810691-5571285.cloudwaysapps.com:443
DEBUG:root:✅ Document OK: https://pastfindersslc.org/upload/newsletters/Summer_2005.pdf
DEBUG:root:Checking external document: https://pastfindersslc.org/upload/newsletters/Spring_2005.pdf
DEBUG:urllib3.connectionpool:Starting new HTTPS connection (1): pastfindersslc.org:443
DEBUG:urllib3.connectionpool:https://wordpress-810691-5571285.cloudwaysapps.com:443 "GET /wp-content/uploads/2025/08/IMG_1424_Stitch_1570505457-1024x374.webp HTTP/1.1" 200 63894
DEBUG:urllib3.connectionpool:https://wordpress-810691-5571285.cloudwaysapps.com:443 "GET /wp-content/uploads/2025/08/IMG_3799_1541649611-1024x683.webp HTTP/1.1" 200 76720
DEBUG:urllib3.connectionpool:https://pastfindersslc.org:443 "GET /upload/newsletters/Spring_2005.pdf HTTP/1.1" 200 7514568
DEBUG:root:✅ Image OK: https://wordpress-810691-5571285.cloudwaysapps.com/wp-content/uploads/2025/08/IMG_3799_1541649611-1024x683.webp
DEBUG:root:Checking internal image: https://wordpress-810691-5571285.cloudwaysapps.com/wp-content/uploads/2025/08/2015_12_10_Pastfinders_christmas_Dinner_24_1541648850-1024x683.webp
DEBUG:root:✅ Image OK: https://wordpress-810691-5571285.cloudwaysapps.com/wp-content/uploads/2025/08/IMG_1424_Stitch_1570505457-1024x374.webp
DEBUG:root:Checking internal image: https://wordpress-810691-5571285.cloudwaysapps.com/wp-content/uploads/2025/08/IMG_1433_1570505457-1024x683.webp
DEBUG:urllib3.connectionpool:Starting new HTTPS connection (1): wordpress-810691-5571285.cloudwaysapps.com:443
DEBUG:urllib3.connectionpool:Starting new HTTPS connection (1): wordpress-810691-5571285.cloudwaysapps.com:443
DEBUG:urllib3.connectionpool:https://wordpress-810691-5571285.cloudwaysapps.com:443 "GET /wp-content/uploads/2025/08/IMG_1433_1570505457-1024x683.webp HTTP/1.1" 200 115770
DEBUG:urllib3.connectionpool:https://wordpress-810691-5571285.cloudwaysapps.com:443 "GET /wp-content/uploads/2025/08/2015_12_10_Pastfinders_christmas_Dinner_24_1541648850-1024x683.webp HTTP/1.1" 200 102828
DEBUG:root:✅ Image OK: https://wordpress-810691-5571285.cloudwaysapps.com/wp-content/uploads/2025/08/IMG_1433_1570505457-1024x683.webp
DEBUG:root:Checking internal image: https://wordpress-810691-5571285.cloudwaysapps.com/wp-content/uploads/2025/08/IMG_1432_1570505457-1024x683.webp
DEBUG:root:✅ Image OK: https://wordpress-810691-5571285.cloudwaysapps.com/wp-content/uploads/2025/08/2015_12_10_Pastfinders_christmas_Dinner_24_1541648850-1024x683.webp
DEBUG:root:Checking internal image: https://wordpress-810691-5571285.cloudwaysapps.com/wp-content/uploads/2025/08/IMG_3763_1541649383-1024x683.webp
DEBUG:urllib3.connectionpool:Starting new HTTPS connection (1): wordpress-810691-5571285.cloudwaysapps.com:443
DEBUG:urllib3.connectionpool:Starting new HTTPS connection (1): wordpress-810691-5571285.cloudwaysapps.com:443
DEBUG:urllib3.connectionpool:https://wordpress-810691-5571285.cloudwaysapps.com:443 "GET /wp-content/uploads/2025/08/IMG_1432_1570505457-1024x683.webp HTTP/1.1" 200 107512
DEBUG:urllib3.connectionpool:https://wordpress-810691-5571285.cloudwaysapps.com:443 "GET /wp-content/uploads/2025/08/IMG_3763_1541649383-1024x683.webp HTTP/1.1" 200 77556
DEBUG:root:✅ Image OK: https://wordpress-810691-5571285.cloudwaysapps.com/wp-content/uploads/2025/08/IMG_3763_1541649383-1024x683.webp
DEBUG:root:Checking internal image: https://wordpress-810691-5571285.cloudwaysapps.com/wp-content/uploads/2025/08/IMG_3776_1541649383-1024x683.webp
DEBUG:urllib3.connectionpool:Starting new HTTPS connection (1): wordpress-810691-5571285.cloudwaysapps.com:443
DEBUG:root:✅ Image OK: https://wordpress-810691-5571285.cloudwaysapps.com/wp-content/uploads/2025/08/IMG_1432_1570505457-1024x683.webp
DEBUG:root:Checking internal image: https://wordpress-810691-5571285.cloudwaysapps.com/wp-content/uploads/2025/08/IMG_1429_1570505457-1024x683.webp
DEBUG:urllib3.connectionpool:Starting new HTTPS connection (1): wordpress-810691-5571285.cloudwaysapps.com:443
DEBUG:urllib3.connectionpool:https://wordpress-810691-5571285.cloudwaysapps.com:443 "GET /wp-content/uploads/2025/08/IMG_3776_1541649383-1024x683.webp HTTP/1.1" 200 102446
DEBUG:urllib3.connectionpool:https://wordpress-810691-5571285.cloudwaysapps.com:443 "GET /wp-content/uploads/2025/08/IMG_1429_1570505457-1024x683.webp HTTP/1.1" 200 96980
DEBUG:root:✅ Image OK: https://wordpress-810691-5571285.cloudwaysapps.com/wp-content/uploads/2025/08/IMG_3776_1541649383-1024x683.webp
DEBUG:root:Checking internal image: https://wordpress-810691-5571285.cloudwaysapps.com/wp-content/uploads/2025/08/IMG_3794_1541649611-1024x683.webp
DEBUG:urllib3.connectionpool:Starting new HTTPS connection (1): wordpress-810691-5571285.cloudwaysapps.com:443
DEBUG:root:✅ Image OK: https://wordpress-810691-5571285.cloudwaysapps.com/wp-content/uploads/2025/08/IMG_1429_1570505457-1024x683.webp
DEBUG:root:Checking internal image: https://wordpress-810691-5571285.cloudwaysapps.com/wp-content/uploads/2025/08/IMG_1434_1570505457-1024x683.webp
DEBUG:urllib3.connectionpool:Starting new HTTPS connection (1): wordpress-810691-5571285.cloudwaysapps.com:443
DEBUG:urllib3.connectionpool:https://wordpress-810691-5571285.cloudwaysapps.com:443 "GET /wp-content/uploads/2025/08/IMG_3794_1541649611-1024x683.webp HTTP/1.1" 200 82648
DEBUG:urllib3.connectionpool:https://wordpress-810691-5571285.cloudwaysapps.com:443 "GET /wp-content/uploads/2025/08/IMG_1434_1570505457-1024x683.webp HTTP/1.1" 200 114594
DEBUG:root:✅ Image OK: https://wordpress-810691-5571285.cloudwaysapps.com/wp-content/uploads/2025/08/IMG_3794_1541649611-1024x683.webp
DEBUG:root:Checking internal image: https://wordpress-810691-5571285.cloudwaysapps.com/wp-content/uploads/2025/08/IMG_3792_1541649611-1024x683.webp
DEBUG:urllib3.connectionpool:https://wordpress-810691-5571285.cloudwaysapps.com:443 "GET /events/family-tree-maker-special-interest-group-sig-2026-04-21/ HTTP/1.1" 200 None
DEBUG:urllib3.connectionpool:Starting new HTTPS connection (1): wordpress-810691-5571285.cloudwaysapps.com:443
DEBUG:root:Successfully fetched https://wordpress-810691-5571285.cloudwaysapps.com/events/family-tree-maker-special-interest-group-sig-2026-04-21/ (Content-Length: 42973)
DEBUG:charset_normalizer:Encoding detection: utf_8 is most likely the one.
DEBUG:root:Extracted 1059 characters, 183 words from https://wordpress-810691-5571285.cloudwaysapps.com/events/family-tree-maker-special-interest-group-sig-2026-04-21/
DEBUG:root:Checking external hyperlink: https://www.google.com/calendar/event?action=TEMPLATE&text=Family+Tree+Maker+Special+Interest+Group+%28SIG%29&dates=20260421T000000/20260421T000000&details=Join+host+Stan+Wells+as+he+leads+a+step-by-step+walk-through+of+Family+Tree+Maker+%28FTM%29%2C+one+of+the+most+popular+genealogy+software+programs+available+today.&location=&trp=false&sprop=https%3A%2F%2Fwordpress-810691-5571285.cloudwaysapps.com%2Fevents%2Ffamily-tree-maker-special-interest-group-sig-2026-04-21%2F&sprop=name:Pastfinders&ctz=America%2FNew_York
DEBUG:root:✅ Image OK: https://wordpress-810691-5571285.cloudwaysapps.com/wp-content/uploads/2025/08/IMG_1434_1570505457-1024x683.webp
DEBUG:root:Checking internal image: https://wordpress-810691-5571285.cloudwaysapps.com/wp-content/uploads/2025/08/IMG_1430_1570505457-1024x683.webp
DEBUG:urllib3.connectionpool:Starting new HTTPS connection (1): www.google.com:443
DEBUG:urllib3.connectionpool:Starting new HTTPS connection (1): wordpress-810691-5571285.cloudwaysapps.com:443
DEBUG:urllib3.connectionpool:https://wordpress-810691-5571285.cloudwaysapps.com:443 "GET /events/preserving-local-history-2025-10-08/ HTTP/1.1" 200 None
DEBUG:root:Successfully fetched https://wordpress-810691-5571285.cloudwaysapps.com/events/preserving-local-history-2025-10-08/ (Content-Length: 42580)
DEBUG:charset_normalizer:Encoding detection: utf_8 is most likely the one.
DEBUG:root:Extracted 445 characters, 65 words from https://wordpress-810691-5571285.cloudwaysapps.com/events/preserving-local-history-2025-10-08/
DEBUG:root:Checking external hyperlink: https://www.google.com/calendar/event?action=TEMPLATE&text=Preserving+Local+History&dates=20251008T100000/20251008T120000&details=Help+in+the+preservation+of+our+local+history+and+collections%2C+including+transcriptionists%2C+preservationists%2C+digitizers%2C+and+organization%C2%A0projects.&location=2525+Oakley+Seaver+Dr%2C+Clermont%2C+FL%2C+34711%2C+United+States&trp=false&sprop=https%3A%2F%2Fwordpress-810691-5571285.cloudwaysapps.com%2Fevents%2Fpreserving-local-history-2025-10-08%2F&sprop=name:Pastfinders&ctz=America%2FNew_York
DEBUG:urllib3.connectionpool:Starting new HTTPS connection (1): www.google.com:443
DEBUG:urllib3.connectionpool:https://www.google.com:443 "GET /calendar/event?action=TEMPLATE&text=Family+Tree+Maker+Special+Interest+Group+%28SIG%29&dates=20260421T000000/20260421T000000&details=Join+host+Stan+Wells+as+he+leads+a+step-by-step+walk-through+of+Family+Tree+Maker+%28FTM%29%2C+one+of+the+most+popular+genealogy+software+programs+available+today.&location=&trp=false&sprop=https%3A%2F%2Fwordpress-810691-5571285.cloudwaysapps.com%2Fevents%2Ffamily-tree-maker-special-interest-group-sig-2026-04-21%2F&sprop=name:Pastfinders&ctz=America%2FNew_York HTTP/1.1" 302 0
DEBUG:urllib3.connectionpool:Starting new HTTPS connection (1): calendar.google.com:443
DEBUG:urllib3.connectionpool:https://www.google.com:443 "GET /calendar/event?action=TEMPLATE&text=Preserving+Local+History&dates=20251008T100000/20251008T120000&details=Help+in+the+preservation+of+our+local+history+and+collections%2C+including+transcriptionists%2C+preservationists%2C+digitizers%2C+and+organization%C2%A0projects.&location=2525+Oakley+Seaver+Dr%2C+Clermont%2C+FL%2C+34711%2C+United+States&trp=false&sprop=https%3A%2F%2Fwordpress-810691-5571285.cloudwaysapps.com%2Fevents%2Fpreserving-local-history-2025-10-08%2F&sprop=name:Pastfinders&ctz=America%2FNew_York HTTP/1.1" 302 0
DEBUG:urllib3.connectionpool:Starting new HTTPS connection (1): calendar.google.com:443
DEBUG:urllib3.connectionpool:https://wordpress-810691-5571285.cloudwaysapps.com:443 "GET /wp-content/uploads/2025/08/IMG_3792_1541649611-1024x683.webp HTTP/1.1" 200 107444
DEBUG:urllib3.connectionpool:https://wordpress-810691-5571285.cloudwaysapps.com:443 "GET /wp-content/uploads/2025/08/IMG_1430_1570505457-1024x683.webp HTTP/1.1" 200 147524
DEBUG:root:✅ Image OK: https://wordpress-810691-5571285.cloudwaysapps.com/wp-content/uploads/2025/08/IMG_1430_1570505457-1024x683.webp
DEBUG:root:Checking internal image: https://wordpress-810691-5571285.cloudwaysapps.com/wp-content/uploads/2025/08/IMG_1436_1570505457-1024x683.webp
DEBUG:urllib3.connectionpool:Starting new HTTPS connection (1): wordpress-810691-5571285.cloudwaysapps.com:443
DEBUG:root:✅ Image OK: https://wordpress-810691-5571285.cloudwaysapps.com/wp-content/uploads/2025/08/IMG_3792_1541649611-1024x683.webp
DEBUG:root:Checking internal image: https://wordpress-810691-5571285.cloudwaysapps.com/wp-content/uploads/2025/08/IMG_3795_1541649611-1024x683.webp
DEBUG:urllib3.connectionpool:Starting new HTTPS connection (1): wordpress-810691-5571285.cloudwaysapps.com:443
DEBUG:urllib3.connectionpool:https://calendar.google.com:443 "GET /calendar/event?action=TEMPLATE&text=Family+Tree+Maker+Special+Interest+Group+(SIG)&dates=20260421T000000/20260421T000000&details=Join+host+Stan+Wells+as+he+leads+a+step-by-step+walk-through+of+Family+Tree+Maker+(FTM),+one+of+the+most+popular+genealogy+software+programs+available+today.&location&trp=false&sprop=https://wordpress-810691-5571285.cloudwaysapps.com/events/family-tree-maker-special-interest-group-sig-2026-04-21/&sprop=name:Pastfinders&ctz=America/New_York HTTP/1.1" 302 0
DEBUG:urllib3.connectionpool:https://calendar.google.com:443 "GET /calendar/event?action=TEMPLATE&text=Preserving+Local+History&dates=20251008T100000/20251008T120000&details=Help+in+the+preservation+of+our+local+history+and+collections,+including+transcriptionists,+preservationists,+digitizers,+and+organization%C2%A0projects.&location=2525+Oakley+Seaver+Dr,+Clermont,+FL,+34711,+United+States&trp=false&sprop=https://wordpress-810691-5571285.cloudwaysapps.com/events/preserving-local-history-2025-10-08/&sprop=name:Pastfinders&ctz=America/New_York HTTP/1.1" 302 0
DEBUG:urllib3.connectionpool:Starting new HTTPS connection (1): accounts.google.com:443
DEBUG:urllib3.connectionpool:Starting new HTTPS connection (1): accounts.google.com:443
DEBUG:urllib3.connectionpool:https://accounts.google.com:443 "GET /ServiceLogin?service=cl&passive=1209600&osid=1&continue=https://calendar.google.com/calendar/event?action%3DTEMPLATE%26text%3DPreserving%2BLocal%2BHistory%26dates%3D20251008T100000/20251008T120000%26details%3DHelp%2Bin%2Bthe%2Bpreservation%2Bof%2Bour%2Blocal%2Bhistory%2Band%2Bcollections,%2Bincluding%2Btranscriptionists,%2Bpreservationists,%2Bdigitizers,%2Band%2Borganization%25C2%25A0projects.%26location%3D2525%2BOakley%2BSeaver%2BDr,%2BClermont,%2BFL,%2B34711,%2BUnited%2BStates%26trp%3Dfalse%26sprop%3Dhttps://wordpress-810691-5571285.cloudwaysapps.com/events/preserving-local-history-2025-10-08/%26sprop%3Dname:Pastfinders%26ctz%3DAmerica/New_York&followup=https://calendar.google.com/calendar/event?action%3DTEMPLATE%26text%3DPreserving%2BLocal%2BHistory%26dates%3D20251008T100000/20251008T120000%26details%3DHelp%2Bin%2Bthe%2Bpreservation%2Bof%2Bour%2Blocal%2Bhistory%2Band%2Bcollections,%2Bincluding%2Btranscriptionists,%2Bpreservationists,%2Bdigitizers,%2Band%2Borganization%25C2%25A0projects.%26location%3D2525%2BOakley%2BSeaver%2BDr,%2BClermont,%2BFL,%2B34711,%2BUnited%2BStates%26trp%3Dfalse%26sprop%3Dhttps://wordpress-810691-5571285.cloudwaysapps.com/events/preserving-local-history-2025-10-08/%26sprop%3Dname:Pastfinders%26ctz%3DAmerica/New_York&emr=1 HTTP/1.1" 302 0
DEBUG:urllib3.connectionpool:https://accounts.google.com:443 "GET /ServiceLogin?service=cl&passive=1209600&osid=1&continue=https://calendar.google.com/calendar/event?action%3DTEMPLATE%26text%3DFamily%2BTree%2BMaker%2BSpecial%2BInterest%2BGroup%2B(SIG)%26dates%3D20260421T000000/20260421T000000%26details%3DJoin%2Bhost%2BStan%2BWells%2Bas%2Bhe%2Bleads%2Ba%2Bstep-by-step%2Bwalk-through%2Bof%2BFamily%2BTree%2BMaker%2B(FTM),%2Bone%2Bof%2Bthe%2Bmost%2Bpopular%2Bgenealogy%2Bsoftware%2Bprograms%2Bavailable%2Btoday.%26location%26trp%3Dfalse%26sprop%3Dhttps://wordpress-810691-5571285.cloudwaysapps.com/events/family-tree-maker-special-interest-group-sig-2026-04-21/%26sprop%3Dname:Pastfinders%26ctz%3DAmerica/New_York&followup=https://calendar.google.com/calendar/event?action%3DTEMPLATE%26text%3DFamily%2BTree%2BMaker%2BSpecial%2BInterest%2BGroup%2B(SIG)%26dates%3D20260421T000000/20260421T000000%26details%3DJoin%2Bhost%2BStan%2BWells%2Bas%2Bhe%2Bleads%2Ba%2Bstep-by-step%2Bwalk-through%2Bof%2BFamily%2BTree%2BMaker%2B(FTM),%2Bone%2Bof%2Bthe%2Bmost%2Bpopular%2Bgenealogy%2Bsoftware%2Bprograms%2Bavailable%2Btoday.%26location%26trp%3Dfalse%26sprop%3Dhttps://wordpress-810691-5571285.cloudwaysapps.com/events/family-tree-maker-special-interest-group-sig-2026-04-21/%26sprop%3Dname:Pastfinders%26ctz%3DAmerica/New_York&emr=1 HTTP/1.1" 302 0
DEBUG:urllib3.connectionpool:https://wordpress-810691-5571285.cloudwaysapps.com:443 "GET /wp-content/uploads/2025/08/IMG_3795_1541649611-1024x683.webp HTTP/1.1" 200 73176
DEBUG:urllib3.connectionpool:https://accounts.google.com:443 "GET /InteractiveLogin?continue=https://calendar.google.com/calendar/event?action%3DTEMPLATE%26text%3DPreserving%2BLocal%2BHistory%26dates%3D20251008T100000/20251008T120000%26details%3DHelp%2Bin%2Bthe%2Bpreservation%2Bof%2Bour%2Blocal%2Bhistory%2Band%2Bcollections,%2Bincluding%2Btranscriptionists,%2Bpreservationists,%2Bdigitizers,%2Band%2Borganization%25C2%25A0projects.%26location%3D2525%2BOakley%2BSeaver%2BDr,%2BClermont,%2BFL,%2B34711,%2BUnited%2BStates%26trp%3Dfalse%26sprop%3Dhttps://wordpress-810691-5571285.cloudwaysapps.com/events/preserving-local-history-2025-10-08/%26sprop%3Dname:Pastfinders%26ctz%3DAmerica/New_York&emr=1&followup=https://calendar.google.com/calendar/event?action%3DTEMPLATE%26text%3DPreserving%2BLocal%2BHistory%26dates%3D20251008T100000/20251008T120000%26details%3DHelp%2Bin%2Bthe%2Bpreservation%2Bof%2Bour%2Blocal%2Bhistory%2Band%2Bcollections,%2Bincluding%2Btranscriptionists,%2Bpreservationists,%2Bdigitizers,%2Band%2Borganization%25C2%25A0projects.%26location%3D2525%2BOakley%2BSeaver%2BDr,%2BClermont,%2BFL,%2B34711,%2BUnited%2BStates%26trp%3Dfalse%26sprop%3Dhttps://wordpress-810691-5571285.cloudwaysapps.com/events/preserving-local-history-2025-10-08/%26sprop%3Dname:Pastfinders%26ctz%3DAmerica/New_York&osid=1&passive=1209600&service=cl&ifkv=AdBytiOF2DyWdChQqu0CAHfeDo6dobVxHa5sUtsiIdETnFYUMNzoNhHz8tGSsSwAsk5rR6OlELvf6w HTTP/1.1" 302 None
DEBUG:urllib3.connectionpool:https://wordpress-810691-5571285.cloudwaysapps.com:443 "GET /wp-content/uploads/2025/08/IMG_1436_1570505457-1024x683.webp HTTP/1.1" 200 58598
DEBUG:urllib3.connectionpool:https://accounts.google.com:443 "GET /InteractiveLogin?continue=https://calendar.google.com/calendar/event?action%3DTEMPLATE%26text%3DFamily%2BTree%2BMaker%2BSpecial%2BInterest%2BGroup%2B(SIG)%26dates%3D20260421T000000/20260421T000000%26details%3DJoin%2Bhost%2BStan%2BWells%2Bas%2Bhe%2Bleads%2Ba%2Bstep-by-step%2Bwalk-through%2Bof%2BFamily%2BTree%2BMaker%2B(FTM),%2Bone%2Bof%2Bthe%2Bmost%2Bpopular%2Bgenealogy%2Bsoftware%2Bprograms%2Bavailable%2Btoday.%26location%26trp%3Dfalse%26sprop%3Dhttps://wordpress-810691-5571285.cloudwaysapps.com/events/family-tree-maker-special-interest-group-sig-2026-04-21/%26sprop%3Dname:Pastfinders%26ctz%3DAmerica/New_York&emr=1&followup=https://calendar.google.com/calendar/event?action%3DTEMPLATE%26text%3DFamily%2BTree%2BMaker%2BSpecial%2BInterest%2BGroup%2B(SIG)%26dates%3D20260421T000000/20260421T000000%26details%3DJoin%2Bhost%2BStan%2BWells%2Bas%2Bhe%2Bleads%2Ba%2Bstep-by-step%2Bwalk-through%2Bof%2BFamily%2BTree%2BMaker%2B(FTM),%2Bone%2Bof%2Bthe%2Bmost%2Bpopular%2Bgenealogy%2Bsoftware%2Bprograms%2Bavailable%2Btoday.%26location%26trp%3Dfalse%26sprop%3Dhttps://wordpress-810691-5571285.cloudwaysapps.com/events/family-tree-maker-special-interest-group-sig-2026-04-21/%26sprop%3Dname:Pastfinders%26ctz%3DAmerica/New_York&osid=1&passive=1209600&service=cl&ifkv=AdBytiN-8uTUlOR8OqtnnR0_IAkUQtEfERHcDa8CRlTpaHF4JdWLY0F4mFDmfrrRe9eBswWnTfr2 HTTP/1.1" 302 None
DEBUG:root:✅ Image OK: https://wordpress-810691-5571285.cloudwaysapps.com/wp-content/uploads/2025/08/IMG_3795_1541649611-1024x683.webp
DEBUG:root:Checking internal image: https://wordpress-810691-5571285.cloudwaysapps.com/wp-content/uploads/2025/08/IMG_3784_1541649383-1024x683.webp
DEBUG:urllib3.connectionpool:Starting new HTTPS connection (1): wordpress-810691-5571285.cloudwaysapps.com:443
DEBUG:root:✅ Image OK: https://wordpress-810691-5571285.cloudwaysapps.com/wp-content/uploads/2025/08/IMG_1436_1570505457-1024x683.webp
DEBUG:root:Checking internal image: https://wordpress-810691-5571285.cloudwaysapps.com/wp-content/uploads/2025/08/IMG_1423_1570505457-1024x683.webp
DEBUG:urllib3.connectionpool:Starting new HTTPS connection (1): wordpress-810691-5571285.cloudwaysapps.com:443
DEBUG:urllib3.connectionpool:https://accounts.google.com:443 "GET /v3/signin/identifier?continue=https%3A%2F%2Fcalendar.google.com%2Fcalendar%2Fevent%3Faction%3DTEMPLATE%26text%3DPreserving%2BLocal%2BHistory%26dates%3D20251008T100000%2F20251008T120000%26details%3DHelp%2Bin%2Bthe%2Bpreservation%2Bof%2Bour%2Blocal%2Bhistory%2Band%2Bcollections%2C%2Bincluding%2Btranscriptionists%2C%2Bpreservationists%2C%2Bdigitizers%2C%2Band%2Borganization%25C2%25A0projects.%26location%3D2525%2BOakley%2BSeaver%2BDr%2C%2BClermont%2C%2BFL%2C%2B34711%2C%2BUnited%2BStates%26trp%3Dfalse%26sprop%3Dhttps%3A%2F%2Fwordpress-810691-5571285.cloudwaysapps.com%2Fevents%2Fpreserving-local-history-2025-10-08%2F%26sprop%3Dname%3APastfinders%26ctz%3DAmerica%2FNew_York&emr=1&followup=https%3A%2F%2Fcalendar.google.com%2Fcalendar%2Fevent%3Faction%3DTEMPLATE%26text%3DPreserving%2BLocal%2BHistory%26dates%3D20251008T100000%2F20251008T120000%26details%3DHelp%2Bin%2Bthe%2Bpreservation%2Bof%2Bour%2Blocal%2Bhistory%2Band%2Bcollections%2C%2Bincluding%2Btranscriptionists%2C%2Bpreservationists%2C%2Bdigitizers%2C%2Band%2Borganization%25C2%25A0projects.%26location%3D2525%2BOakley%2BSeaver%2BDr%2C%2BClermont%2C%2BFL%2C%2B34711%2C%2BUnited%2BStates%26trp%3Dfalse%26sprop%3Dhttps%3A%2F%2Fwordpress-810691-5571285.cloudwaysapps.com%2Fevents%2Fpreserving-local-history-2025-10-08%2F%26sprop%3Dname%3APastfinders%26ctz%3DAmerica%2FNew_York&ifkv=AdBytiOVG_8ZVLVOfX92VrCntKiFtNBaKvuq5_a5CITpibbXwZahu86DqSUs8voxtTlQnI_hTgA2&osid=1&passive=1209600&service=cl&flowName=WebLiteSignIn&flowEntry=ServiceLogin&dsh=S187542605%3A1756758236057465 HTTP/1.1" 200 None
DEBUG:urllib3.connectionpool:https://accounts.google.com:443 "GET /v3/signin/identifier?continue=https%3A%2F%2Fcalendar.google.com%2Fcalendar%2Fevent%3Faction%3DTEMPLATE%26text%3DFamily%2BTree%2BMaker%2BSpecial%2BInterest%2BGroup%2B%28SIG%29%26dates%3D20260421T000000%2F20260421T000000%26details%3DJoin%2Bhost%2BStan%2BWells%2Bas%2Bhe%2Bleads%2Ba%2Bstep-by-step%2Bwalk-through%2Bof%2BFamily%2BTree%2BMaker%2B%28FTM%29%2C%2Bone%2Bof%2Bthe%2Bmost%2Bpopular%2Bgenealogy%2Bsoftware%2Bprograms%2Bavailable%2Btoday.%26location%26trp%3Dfalse%26sprop%3Dhttps%3A%2F%2Fwordpress-810691-5571285.cloudwaysapps.com%2Fevents%2Ffamily-tree-maker-special-interest-group-sig-2026-04-21%2F%26sprop%3Dname%3APastfinders%26ctz%3DAmerica%2FNew_York&emr=1&followup=https%3A%2F%2Fcalendar.google.com%2Fcalendar%2Fevent%3Faction%3DTEMPLATE%26text%3DFamily%2BTree%2BMaker%2BSpecial%2BInterest%2BGroup%2B%28SIG%29%26dates%3D20260421T000000%2F20260421T000000%26details%3DJoin%2Bhost%2BStan%2BWells%2Bas%2Bhe%2Bleads%2Ba%2Bstep-by-step%2Bwalk-through%2Bof%2BFamily%2BTree%2BMaker%2B%28FTM%29%2C%2Bone%2Bof%2Bthe%2Bmost%2Bpopular%2Bgenealogy%2Bsoftware%2Bprograms%2Bavailable%2Btoday.%26location%26trp%3Dfalse%26sprop%3Dhttps%3A%2F%2Fwordpress-810691-5571285.cloudwaysapps.com%2Fevents%2Ffamily-tree-maker-special-interest-group-sig-2026-04-21%2F%26sprop%3Dname%3APastfinders%26ctz%3DAmerica%2FNew_York&ifkv=AdBytiMm5gbGJAr0oL06TKk0Ilij6luh0cnz1-0VyxutqJHsw6e9kazI9KVo-BWaibKSoJF176w7&osid=1&passive=1209600&service=cl&flowName=WebLiteSignIn&flowEntry=ServiceLogin&dsh=S1059017876%3A1756758236061269 HTTP/1.1" 200 None
DEBUG:root:✅ Hyperlink OK: https://www.google.com/calendar/event?action=TEMPLATE&text=Preserving+Local+History&dates=20251008T100000/20251008T120000&details=Help+in+the+preservation+of+our+local+history+and+collections%2C+including+transcriptionists%2C+preservationists%2C+digitizers%2C+and+organization%C2%A0projects.&location=2525+Oakley+Seaver+Dr%2C+Clermont%2C+FL%2C+34711%2C+United+States&trp=false&sprop=https%3A%2F%2Fwordpress-810691-5571285.cloudwaysapps.com%2Fevents%2Fpreserving-local-history-2025-10-08%2F&sprop=name:Pastfinders&ctz=America%2FNew_York
DEBUG:root:Checking external hyperlink: https://outlook.office.com/calendar/0/deeplink/compose?allday=false&body=Help+in+the+preservation+of+our+local+history+and+collections%2C+including+transcriptionists%2C+preservationists%2C+digitizers%2C+and+organization%C2%A0projects.&location=2525+Oakley+Seaver+Dr%2C+Clermont%2C+FL%2C+34711%2C+United+States&path=/calendar/action/compose&rru=addevent&startdt=2025-10-08T10%3A00%3A00-04%3A00&enddt=2025-10-08T12%3A00%3A00-04%3A00&subject=Preserving+Local+History
DEBUG:root:✅ Hyperlink OK: https://www.google.com/calendar/event?action=TEMPLATE&text=Family+Tree+Maker+Special+Interest+Group+%28SIG%29&dates=20260421T000000/20260421T000000&details=Join+host+Stan+Wells+as+he+leads+a+step-by-step+walk-through+of+Family+Tree+Maker+%28FTM%29%2C+one+of+the+most+popular+genealogy+software+programs+available+today.&location=&trp=false&sprop=https%3A%2F%2Fwordpress-810691-5571285.cloudwaysapps.com%2Fevents%2Ffamily-tree-maker-special-interest-group-sig-2026-04-21%2F&sprop=name:Pastfinders&ctz=America%2FNew_York
DEBUG:root:Checking external hyperlink: https://outlook.office.com/calendar/0/deeplink/compose?allday=false&body=Join+host+Stan+Wells+as+he+leads+a+step-by-step+walk-through+of+Family+Tree+Maker+%28FTM%29%2C+one+of+the+most+popular+genealogy+software+programs+available+today.&location=&path=/calendar/action/compose&rru=addevent&startdt=2026-04-21T00%3A00%3A00-04%3A00&enddt=2026-04-21T00%3A00%3A00-04%3A00&subject=Family+Tree+Maker+Special+Interest+Group+%28SIG%29
DEBUG:urllib3.connectionpool:Starting new HTTPS connection (1): outlook.office.com:443
DEBUG:urllib3.connectionpool:Starting new HTTPS connection (1): outlook.office.com:443
DEBUG:urllib3.connectionpool:https://wordpress-810691-5571285.cloudwaysapps.com:443 "GET /wp-content/uploads/2025/08/IMG_1423_1570505457-1024x683.webp HTTP/1.1" 200 106326
DEBUG:urllib3.connectionpool:https://wordpress-810691-5571285.cloudwaysapps.com:443 "GET /wp-content/uploads/2025/08/IMG_3784_1541649383-1024x683.webp HTTP/1.1" 200 79066
DEBUG:root:✅ Image OK: https://wordpress-810691-5571285.cloudwaysapps.com/wp-content/uploads/2025/08/IMG_3784_1541649383-1024x683.webp
DEBUG:root:Checking internal image: https://wordpress-810691-5571285.cloudwaysapps.com/wp-content/uploads/2025/08/IMG_3807_1541649611-1024x683.webp
DEBUG:urllib3.connectionpool:Starting new HTTPS connection (1): wordpress-810691-5571285.cloudwaysapps.com:443
DEBUG:urllib3.connectionpool:https://outlook.office.com:443 "GET /calendar/0/deeplink/compose?allday=false&body=Help+in+the+preservation+of+our+local+history+and+collections%2C+including+transcriptionists%2C+preservationists%2C+digitizers%2C+and+organization%C2%A0projects.&location=2525+Oakley+Seaver+Dr%2C+Clermont%2C+FL%2C+34711%2C+United+States&path=/calendar/action/compose&rru=addevent&startdt=2025-10-08T10%3A00%3A00-04%3A00&enddt=2025-10-08T12%3A00%3A00-04%3A00&subject=Preserving+Local+History HTTP/1.1" 200 None
DEBUG:root:✅ Hyperlink OK: https://outlook.office.com/calendar/0/deeplink/compose?allday=false&body=Help+in+the+preservation+of+our+local+history+and+collections%2C+including+transcriptionists%2C+preservationists%2C+digitizers%2C+and+organization%C2%A0projects.&location=2525+Oakley+Seaver+Dr%2C+Clermont%2C+FL%2C+34711%2C+United+States&path=/calendar/action/compose&rru=addevent&startdt=2025-10-08T10%3A00%3A00-04%3A00&enddt=2025-10-08T12%3A00%3A00-04%3A00&subject=Preserving+Local+History
DEBUG:root:Checking external hyperlink: https://outlook.live.com/calendar/0/deeplink/compose?allday=false&body=Help+in+the+preservation+of+our+local+history+and+collections%2C+including+transcriptionists%2C+preservationists%2C+digitizers%2C+and+organization%C2%A0projects.&location=2525+Oakley+Seaver+Dr%2C+Clermont%2C+FL%2C+34711%2C+United+States&path=/calendar/action/compose&rru=addevent&startdt=2025-10-08T10%3A00%3A00-04%3A00&enddt=2025-10-08T12%3A00%3A00-04%3A00&subject=Preserving+Local+History
DEBUG:root:✅ Image OK: https://wordpress-810691-5571285.cloudwaysapps.com/wp-content/uploads/2025/08/IMG_1423_1570505457-1024x683.webp
DEBUG:root:Checking internal image: https://wordpress-810691-5571285.cloudwaysapps.com/wp-content/uploads/2025/08/IMG_1425_1570505457-1024x683.webp
DEBUG:urllib3.connectionpool:Starting new HTTPS connection (1): wordpress-810691-5571285.cloudwaysapps.com:443
DEBUG:urllib3.connectionpool:Starting new HTTPS connection (1): outlook.live.com:443
DEBUG:urllib3.connectionpool:https://outlook.office.com:443 "GET /calendar/0/deeplink/compose?allday=false&body=Join+host+Stan+Wells+as+he+leads+a+step-by-step+walk-through+of+Family+Tree+Maker+%28FTM%29%2C+one+of+the+most+popular+genealogy+software+programs+available+today.&location=&path=/calendar/action/compose&rru=addevent&startdt=2026-04-21T00%3A00%3A00-04%3A00&enddt=2026-04-21T00%3A00%3A00-04%3A00&subject=Family+Tree+Maker+Special+Interest+Group+%28SIG%29 HTTP/1.1" 200 None
DEBUG:root:✅ Hyperlink OK: https://outlook.office.com/calendar/0/deeplink/compose?allday=false&body=Join+host+Stan+Wells+as+he+leads+a+step-by-step+walk-through+of+Family+Tree+Maker+%28FTM%29%2C+one+of+the+most+popular+genealogy+software+programs+available+today.&location=&path=/calendar/action/compose&rru=addevent&startdt=2026-04-21T00%3A00%3A00-04%3A00&enddt=2026-04-21T00%3A00%3A00-04%3A00&subject=Family+Tree+Maker+Special+Interest+Group+%28SIG%29
DEBUG:root:Checking external hyperlink: https://outlook.live.com/calendar/0/deeplink/compose?allday=false&body=Join+host+Stan+Wells+as+he+leads+a+step-by-step+walk-through+of+Family+Tree+Maker+%28FTM%29%2C+one+of+the+most+popular+genealogy+software+programs+available+today.&location=&path=/calendar/action/compose&rru=addevent&startdt=2026-04-21T00%3A00%3A00-04%3A00&enddt=2026-04-21T00%3A00%3A00-04%3A00&subject=Family+Tree+Maker+Special+Interest+Group+%28SIG%29
DEBUG:urllib3.connectionpool:Starting new HTTPS connection (1): outlook.live.com:443
DEBUG:urllib3.connectionpool:https://wordpress-810691-5571285.cloudwaysapps.com:443 "GET /wp-content/uploads/2025/08/IMG_3807_1541649611-1024x683.webp HTTP/1.1" 200 87320
DEBUG:urllib3.connectionpool:https://outlook.live.com:443 "GET /calendar/0/deeplink/compose?allday=false&body=Help+in+the+preservation+of+our+local+history+and+collections%2C+including+transcriptionists%2C+preservationists%2C+digitizers%2C+and+organization%C2%A0projects.&location=2525+Oakley+Seaver+Dr%2C+Clermont%2C+FL%2C+34711%2C+United+States&path=/calendar/action/compose&rru=addevent&startdt=2025-10-08T10%3A00%3A00-04%3A00&enddt=2025-10-08T12%3A00%3A00-04%3A00&subject=Preserving+Local+History HTTP/1.1" 200 None
DEBUG:root:✅ Hyperlink OK: https://outlook.live.com/calendar/0/deeplink/compose?allday=false&body=Help+in+the+preservation+of+our+local+history+and+collections%2C+including+transcriptionists%2C+preservationists%2C+digitizers%2C+and+organization%C2%A0projects.&location=2525+Oakley+Seaver+Dr%2C+Clermont%2C+FL%2C+34711%2C+United+States&path=/calendar/action/compose&rru=addevent&startdt=2025-10-08T10%3A00%3A00-04%3A00&enddt=2025-10-08T12%3A00%3A00-04%3A00&subject=Preserving+Local+History
DEBUG:root:Using regex pattern: \b[a-zA-Z]{3,}\b
DEBUG:root:Found 44 words to check in https://wordpress-810691-5571285.cloudwaysapps.com/events/preserving-local-history-2025-10-08/ (min_length=3)
DEBUG:root:Sample words from https://wordpress-810691-5571285.cloudwaysapps.com/events/preserving-local-history-2025-10-08/: ['This', 'alert', 'Skip', 'content', 'Preserving', 'Local', 'History', 'When', 'October', 'Add']
DEBUG:root:Misspelled word found: 'transcriptionists' in https://wordpress-810691-5571285.cloudwaysapps.com/events/preserving-local-history-2025-10-08/
DEBUG:root:Spell check results for https://wordpress-810691-5571285.cloudwaysapps.com/events/preserving-local-history-2025-10-08/: 17 words checked, 27 skipped, 1 errors found
INFO:root:✅ Processed https://wordpress-810691-5571285.cloudwaysapps.com/events/preserving-local-history-2025-10-08/: 1 errors found, 65 words checked
DEBUG:root:Attempting to fetch: https://wordpress-810691-5571285.cloudwaysapps.com/galleries/2017-feb-allan-lane/
Processing pages:  51%|█████     | 194/381 [01:52<02:56,  1.06it/s]DEBUG:urllib3.connectionpool:https://wordpress-810691-5571285.cloudwaysapps.com:443 "GET /wp-content/uploads/2025/08/IMG_1425_1570505457-1024x683.webp HTTP/1.1" 200 106750
DEBUG:root:✅ Image OK: https://wordpress-810691-5571285.cloudwaysapps.com/wp-content/uploads/2025/08/IMG_3807_1541649611-1024x683.webp
DEBUG:root:Checking internal image: https://wordpress-810691-5571285.cloudwaysapps.com/wp-content/uploads/2025/08/2015_12_10_Pastfinders_christmas_Dinner_17_1541648850.webp
DEBUG:urllib3.connectionpool:Starting new HTTPS connection (1): wordpress-810691-5571285.cloudwaysapps.com:443
DEBUG:urllib3.connectionpool:https://outlook.live.com:443 "GET /calendar/0/deeplink/compose?allday=false&body=Join+host+Stan+Wells+as+he+leads+a+step-by-step+walk-through+of+Family+Tree+Maker+%28FTM%29%2C+one+of+the+most+popular+genealogy+software+programs+available+today.&location=&path=/calendar/action/compose&rru=addevent&startdt=2026-04-21T00%3A00%3A00-04%3A00&enddt=2026-04-21T00%3A00%3A00-04%3A00&subject=Family+Tree+Maker+Special+Interest+Group+%28SIG%29 HTTP/1.1" 200 None
DEBUG:root:✅ Hyperlink OK: https://outlook.live.com/calendar/0/deeplink/compose?allday=false&body=Join+host+Stan+Wells+as+he+leads+a+step-by-step+walk-through+of+Family+Tree+Maker+%28FTM%29%2C+one+of+the+most+popular+genealogy+software+programs+available+today.&location=&path=/calendar/action/compose&rru=addevent&startdt=2026-04-21T00%3A00%3A00-04%3A00&enddt=2026-04-21T00%3A00%3A00-04%3A00&subject=Family+Tree+Maker+Special+Interest+Group+%28SIG%29
DEBUG:root:Using regex pattern: \b[a-zA-Z]{3,}\b
DEBUG:root:Found 135 words to check in https://wordpress-810691-5571285.cloudwaysapps.com/events/family-tree-maker-special-interest-group-sig-2026-04-21/ (min_length=3)
DEBUG:root:Sample words from https://wordpress-810691-5571285.cloudwaysapps.com/events/family-tree-maker-special-interest-group-sig-2026-04-21/: ['This', 'alert', 'Skip', 'content', 'Family', 'Tree', 'Maker', 'Special', 'Interest', 'Group']
DEBUG:root:Skipped email/domain fragment: 'com'
DEBUG:root:Spell check results for https://wordpress-810691-5571285.cloudwaysapps.com/events/family-tree-maker-special-interest-group-sig-2026-04-21/: 87 words checked, 48 skipped, 0 errors found
INFO:root:✅ Processed https://wordpress-810691-5571285.cloudwaysapps.com/events/family-tree-maker-special-interest-group-sig-2026-04-21/: 0 errors found, 183 words checked
DEBUG:root:Attempting to fetch: https://wordpress-810691-5571285.cloudwaysapps.com/events/preserving-local-history-2025-08-27/
DEBUG:urllib3.connectionpool:https://wordpress-810691-5571285.cloudwaysapps.com:443 "GET /galleries/2017-feb-allan-lane/ HTTP/1.1" 200 None
DEBUG:root:Successfully fetched https://wordpress-810691-5571285.cloudwaysapps.com/galleries/2017-feb-allan-lane/ (Content-Length: 57170)
DEBUG:charset_normalizer:Encoding detection: utf_8 is most likely the one.
DEBUG:root:Extracted 258 characters, 52 words from https://wordpress-810691-5571285.cloudwaysapps.com/galleries/2017-feb-allan-lane/
DEBUG:urllib3.connectionpool:https://wordpress-810691-5571285.cloudwaysapps.com:443 "GET /events/preserving-local-history-2025-08-27/ HTTP/1.1" 200 None
DEBUG:root:Checking internal image: https://wordpress-810691-5571285.cloudwaysapps.com/wp-content/uploads/2025/08/20180208_203206_1555558096-1024x597.webp
DEBUG:root:✅ Image OK: https://wordpress-810691-5571285.cloudwaysapps.com/wp-content/uploads/2025/08/IMG_1425_1570505457-1024x683.webp
DEBUG:root:Checking internal image: https://wordpress-810691-5571285.cloudwaysapps.com/wp-content/uploads/2025/08/IMG_1440_1570505457-1024x683.webp
DEBUG:root:Successfully fetched https://wordpress-810691-5571285.cloudwaysapps.com/events/preserving-local-history-2025-08-27/ (Content-Length: 41647)
DEBUG:urllib3.connectionpool:Starting new HTTPS connection (1): wordpress-810691-5571285.cloudwaysapps.com:443
DEBUG:urllib3.connectionpool:Starting new HTTPS connection (1): wordpress-810691-5571285.cloudwaysapps.com:443
DEBUG:charset_normalizer:Encoding detection: utf_8 is most likely the one.
DEBUG:root:Extracted 445 characters, 65 words from https://wordpress-810691-5571285.cloudwaysapps.com/events/preserving-local-history-2025-08-27/
DEBUG:root:Checking external hyperlink: https://www.google.com/calendar/event?action=TEMPLATE&text=Preserving+Local+History&dates=20250827T100000/20250827T120000&details=Help+in+the+preservation+of+our+local+history+and+collections%2C+including+transcriptionists%2C+preservationists%2C+digitizers%2C+and+organization%C2%A0projects.&location=2525+Oakley+Seaver+Dr%2C+Clermont%2C+FL%2C+34711%2C+United+States&trp=false&sprop=https%3A%2F%2Fwordpress-810691-5571285.cloudwaysapps.com%2Fevents%2Fpreserving-local-history-2025-08-27%2F&sprop=name:Pastfinders&ctz=America%2FNew_York
DEBUG:urllib3.connectionpool:Starting new HTTPS connection (1): www.google.com:443
DEBUG:urllib3.connectionpool:https://www.google.com:443 "GET /calendar/event?action=TEMPLATE&text=Preserving+Local+History&dates=20250827T100000/20250827T120000&details=Help+in+the+preservation+of+our+local+history+and+collections%2C+including+transcriptionists%2C+preservationists%2C+digitizers%2C+and+organization%C2%A0projects.&location=2525+Oakley+Seaver+Dr%2C+Clermont%2C+FL%2C+34711%2C+United+States&trp=false&sprop=https%3A%2F%2Fwordpress-810691-5571285.cloudwaysapps.com%2Fevents%2Fpreserving-local-history-2025-08-27%2F&sprop=name:Pastfinders&ctz=America%2FNew_York HTTP/1.1" 302 0
DEBUG:urllib3.connectionpool:Starting new HTTPS connection (1): calendar.google.com:443
DEBUG:urllib3.connectionpool:https://wordpress-810691-5571285.cloudwaysapps.com:443 "GET /wp-content/uploads/2025/08/2015_12_10_Pastfinders_christmas_Dinner_17_1541648850.webp HTTP/1.1" 200 52056
DEBUG:root:✅ Image OK: https://wordpress-810691-5571285.cloudwaysapps.com/wp-content/uploads/2025/08/2015_12_10_Pastfinders_christmas_Dinner_17_1541648850.webp
DEBUG:root:Checking internal image: https://wordpress-810691-5571285.cloudwaysapps.com/wp-content/uploads/2025/08/IMG_3773_1541649383-1024x683.webp
DEBUG:urllib3.connectionpool:Starting new HTTPS connection (1): wordpress-810691-5571285.cloudwaysapps.com:443
DEBUG:urllib3.connectionpool:https://wordpress-810691-5571285.cloudwaysapps.com:443 "GET /wp-content/uploads/2025/08/20180208_203206_1555558096-1024x597.webp HTTP/1.1" 200 50976
DEBUG:urllib3.connectionpool:https://wordpress-810691-5571285.cloudwaysapps.com:443 "GET /wp-content/uploads/2025/08/IMG_1440_1570505457-1024x683.webp HTTP/1.1" 200 118226
DEBUG:urllib3.connectionpool:https://calendar.google.com:443 "GET /calendar/event?action=TEMPLATE&text=Preserving+Local+History&dates=20250827T100000/20250827T120000&details=Help+in+the+preservation+of+our+local+history+and+collections,+including+transcriptionists,+preservationists,+digitizers,+and+organization%C2%A0projects.&location=2525+Oakley+Seaver+Dr,+Clermont,+FL,+34711,+United+States&trp=false&sprop=https://wordpress-810691-5571285.cloudwaysapps.com/events/preserving-local-history-2025-08-27/&sprop=name:Pastfinders&ctz=America/New_York HTTP/1.1" 302 0
DEBUG:urllib3.connectionpool:Starting new HTTPS connection (1): accounts.google.com:443
DEBUG:root:✅ Image OK: https://wordpress-810691-5571285.cloudwaysapps.com/wp-content/uploads/2025/08/20180208_203206_1555558096-1024x597.webp
DEBUG:root:Checking internal image: https://wordpress-810691-5571285.cloudwaysapps.com/wp-content/uploads/2025/08/20180208_175909_1555557921-1024x576.webp
DEBUG:urllib3.connectionpool:Starting new HTTPS connection (1): wordpress-810691-5571285.cloudwaysapps.com:443
DEBUG:root:✅ Image OK: https://wordpress-810691-5571285.cloudwaysapps.com/wp-content/uploads/2025/08/IMG_1440_1570505457-1024x683.webp
DEBUG:root:Checking internal image: https://wordpress-810691-5571285.cloudwaysapps.com/wp-content/uploads/2025/08/IMG_1422_1570505457-1024x683.webp
DEBUG:urllib3.connectionpool:Starting new HTTPS connection (1): wordpress-810691-5571285.cloudwaysapps.com:443
DEBUG:urllib3.connectionpool:https://accounts.google.com:443 "GET /ServiceLogin?service=cl&passive=1209600&osid=1&continue=https://calendar.google.com/calendar/event?action%3DTEMPLATE%26text%3DPreserving%2BLocal%2BHistory%26dates%3D20250827T100000/20250827T120000%26details%3DHelp%2Bin%2Bthe%2Bpreservation%2Bof%2Bour%2Blocal%2Bhistory%2Band%2Bcollections,%2Bincluding%2Btranscriptionists,%2Bpreservationists,%2Bdigitizers,%2Band%2Borganization%25C2%25A0projects.%26location%3D2525%2BOakley%2BSeaver%2BDr,%2BClermont,%2BFL,%2B34711,%2BUnited%2BStates%26trp%3Dfalse%26sprop%3Dhttps://wordpress-810691-5571285.cloudwaysapps.com/events/preserving-local-history-2025-08-27/%26sprop%3Dname:Pastfinders%26ctz%3DAmerica/New_York&followup=https://calendar.google.com/calendar/event?action%3DTEMPLATE%26text%3DPreserving%2BLocal%2BHistory%26dates%3D20250827T100000/20250827T120000%26details%3DHelp%2Bin%2Bthe%2Bpreservation%2Bof%2Bour%2Blocal%2Bhistory%2Band%2Bcollections,%2Bincluding%2Btranscriptionists,%2Bpreservationists,%2Bdigitizers,%2Band%2Borganization%25C2%25A0projects.%26location%3D2525%2BOakley%2BSeaver%2BDr,%2BClermont,%2BFL,%2B34711,%2BUnited%2BStates%26trp%3Dfalse%26sprop%3Dhttps://wordpress-810691-5571285.cloudwaysapps.com/events/preserving-local-history-2025-08-27/%26sprop%3Dname:Pastfinders%26ctz%3DAmerica/New_York&emr=1 HTTP/1.1" 302 0
DEBUG:urllib3.connectionpool:https://wordpress-810691-5571285.cloudwaysapps.com:443 "GET /wp-content/uploads/2025/08/IMG_3773_1541649383-1024x683.webp HTTP/1.1" 200 93382
DEBUG:urllib3.connectionpool:https://accounts.google.com:443 "GET /InteractiveLogin?continue=https://calendar.google.com/calendar/event?action%3DTEMPLATE%26text%3DPreserving%2BLocal%2BHistory%26dates%3D20250827T100000/20250827T120000%26details%3DHelp%2Bin%2Bthe%2Bpreservation%2Bof%2Bour%2Blocal%2Bhistory%2Band%2Bcollections,%2Bincluding%2Btranscriptionists,%2Bpreservationists,%2Bdigitizers,%2Band%2Borganization%25C2%25A0projects.%26location%3D2525%2BOakley%2BSeaver%2BDr,%2BClermont,%2BFL,%2B34711,%2BUnited%2BStates%26trp%3Dfalse%26sprop%3Dhttps://wordpress-810691-5571285.cloudwaysapps.com/events/preserving-local-history-2025-08-27/%26sprop%3Dname:Pastfinders%26ctz%3DAmerica/New_York&emr=1&followup=https://calendar.google.com/calendar/event?action%3DTEMPLATE%26text%3DPreserving%2BLocal%2BHistory%26dates%3D20250827T100000/20250827T120000%26details%3DHelp%2Bin%2Bthe%2Bpreservation%2Bof%2Bour%2Blocal%2Bhistory%2Band%2Bcollections,%2Bincluding%2Btranscriptionists,%2Bpreservationists,%2Bdigitizers,%2Band%2Borganization%25C2%25A0projects.%26location%3D2525%2BOakley%2BSeaver%2BDr,%2BClermont,%2BFL,%2B34711,%2BUnited%2BStates%26trp%3Dfalse%26sprop%3Dhttps://wordpress-810691-5571285.cloudwaysapps.com/events/preserving-local-history-2025-08-27/%26sprop%3Dname:Pastfinders%26ctz%3DAmerica/New_York&osid=1&passive=1209600&service=cl&ifkv=AdBytiNEwJwmpMFFwO57bsWcDFk5zWr03LlE70osJ_5l4cHlbmz1KfQAQk7qKmpFwq4TBesAqUKUKQ HTTP/1.1" 302 None
DEBUG:urllib3.connectionpool:https://accounts.google.com:443 "GET /v3/signin/identifier?continue=https%3A%2F%2Fcalendar.google.com%2Fcalendar%2Fevent%3Faction%3DTEMPLATE%26text%3DPreserving%2BLocal%2BHistory%26dates%3D20250827T100000%2F20250827T120000%26details%3DHelp%2Bin%2Bthe%2Bpreservation%2Bof%2Bour%2Blocal%2Bhistory%2Band%2Bcollections%2C%2Bincluding%2Btranscriptionists%2C%2Bpreservationists%2C%2Bdigitizers%2C%2Band%2Borganization%25C2%25A0projects.%26location%3D2525%2BOakley%2BSeaver%2BDr%2C%2BClermont%2C%2BFL%2C%2B34711%2C%2BUnited%2BStates%26trp%3Dfalse%26sprop%3Dhttps%3A%2F%2Fwordpress-810691-5571285.cloudwaysapps.com%2Fevents%2Fpreserving-local-history-2025-08-27%2F%26sprop%3Dname%3APastfinders%26ctz%3DAmerica%2FNew_York&emr=1&followup=https%3A%2F%2Fcalendar.google.com%2Fcalendar%2Fevent%3Faction%3DTEMPLATE%26text%3DPreserving%2BLocal%2BHistory%26dates%3D20250827T100000%2F20250827T120000%26details%3DHelp%2Bin%2Bthe%2Bpreservation%2Bof%2Bour%2Blocal%2Bhistory%2Band%2Bcollections%2C%2Bincluding%2Btranscriptionists%2C%2Bpreservationists%2C%2Bdigitizers%2C%2Band%2Borganization%25C2%25A0projects.%26location%3D2525%2BOakley%2BSeaver%2BDr%2C%2BClermont%2C%2BFL%2C%2B34711%2C%2BUnited%2BStates%26trp%3Dfalse%26sprop%3Dhttps%3A%2F%2Fwordpress-810691-5571285.cloudwaysapps.com%2Fevents%2Fpreserving-local-history-2025-08-27%2F%26sprop%3Dname%3APastfinders%26ctz%3DAmerica%2FNew_York&ifkv=AdBytiPTcr95pvhIfax_ubOOFy8-HXdwpdQbThX5sFB7SCjTubFsn304KUGTn5Oc9pceeO5X94Ympw&osid=1&passive=1209600&service=cl&flowName=WebLiteSignIn&flowEntry=ServiceLogin&dsh=S-216569054%3A1756758237699992 HTTP/1.1" 200 None
DEBUG:urllib3.connectionpool:https://wordpress-810691-5571285.cloudwaysapps.com:443 "GET /wp-content/uploads/2025/08/20180208_175909_1555557921-1024x576.webp HTTP/1.1" 200 41240
DEBUG:root:✅ Image OK: https://wordpress-810691-5571285.cloudwaysapps.com/wp-content/uploads/2025/08/20180208_175909_1555557921-1024x576.webp
DEBUG:root:Checking internal image: https://wordpress-810691-5571285.cloudwaysapps.com/wp-content/uploads/2025/08/20180208_180808_1555557958-1024x576.webp
DEBUG:root:✅ Image OK: https://wordpress-810691-5571285.cloudwaysapps.com/wp-content/uploads/2025/08/IMG_3773_1541649383-1024x683.webp
DEBUG:root:Using regex pattern: \b[a-zA-Z]{3,}\b
DEBUG:root:Found 80 words to check in https://wordpress-810691-5571285.cloudwaysapps.com/galleries/2015-holiday-gift-exchange/ (min_length=3)
DEBUG:root:Sample words from https://wordpress-810691-5571285.cloudwaysapps.com/galleries/2015-holiday-gift-exchange/: ['This', 'alert', 'Skip', 'content', 'Holiday', 'Gift', 'Exchange', 'images', 'Click', 'view']
DEBUG:root:Spell check results for https://wordpress-810691-5571285.cloudwaysapps.com/galleries/2015-holiday-gift-exchange/: 37 words checked, 43 skipped, 0 errors found
INFO:root:✅ Processed https://wordpress-810691-5571285.cloudwaysapps.com/galleries/2015-holiday-gift-exchange/: 0 errors found, 160 words checked
DEBUG:root:Attempting to fetch: https://wordpress-810691-5571285.cloudwaysapps.com/about-us/research-assistance/
Processing pages:  51%|█████▏    | 196/381 [01:53<02:29,  1.24it/s]DEBUG:urllib3.connectionpool:Starting new HTTPS connection (1): wordpress-810691-5571285.cloudwaysapps.com:443
DEBUG:root:✅ Hyperlink OK: https://www.google.com/calendar/event?action=TEMPLATE&text=Preserving+Local+History&dates=20250827T100000/20250827T120000&details=Help+in+the+preservation+of+our+local+history+and+collections%2C+including+transcriptionists%2C+preservationists%2C+digitizers%2C+and+organization%C2%A0projects.&location=2525+Oakley+Seaver+Dr%2C+Clermont%2C+FL%2C+34711%2C+United+States&trp=false&sprop=https%3A%2F%2Fwordpress-810691-5571285.cloudwaysapps.com%2Fevents%2Fpreserving-local-history-2025-08-27%2F&sprop=name:Pastfinders&ctz=America%2FNew_York
DEBUG:root:Checking external hyperlink: https://outlook.office.com/calendar/0/deeplink/compose?allday=false&body=Help+in+the+preservation+of+our+local+history+and+collections%2C+including+transcriptionists%2C+preservationists%2C+digitizers%2C+and+organization%C2%A0projects.&location=2525+Oakley+Seaver+Dr%2C+Clermont%2C+FL%2C+34711%2C+United+States&path=/calendar/action/compose&rru=addevent&startdt=2025-08-27T10%3A00%3A00-04%3A00&enddt=2025-08-27T12%3A00%3A00-04%3A00&subject=Preserving+Local+History
DEBUG:urllib3.connectionpool:Starting new HTTPS connection (1): outlook.office.com:443
DEBUG:urllib3.connectionpool:https://wordpress-810691-5571285.cloudwaysapps.com:443 "GET /wp-content/uploads/2025/08/IMG_1422_1570505457-1024x683.webp HTTP/1.1" 200 99416
DEBUG:urllib3.connectionpool:https://wordpress-810691-5571285.cloudwaysapps.com:443 "GET /about-us/research-assistance/ HTTP/1.1" 200 None
DEBUG:root:Successfully fetched https://wordpress-810691-5571285.cloudwaysapps.com/about-us/research-assistance/ (Content-Length: 40299)
DEBUG:charset_normalizer:Encoding detection: utf_8 is most likely the one.
DEBUG:root:Extracted 1347 characters, 223 words from https://wordpress-810691-5571285.cloudwaysapps.com/about-us/research-assistance/
DEBUG:root:Using regex pattern: \b[a-zA-Z]{3,}\b
DEBUG:root:Found 167 words to check in https://wordpress-810691-5571285.cloudwaysapps.com/about-us/research-assistance/ (min_length=3)
DEBUG:root:Sample words from https://wordpress-810691-5571285.cloudwaysapps.com/about-us/research-assistance/: ['This', 'alert', 'Skip', 'content', 'Research', 'Assistance', 'Whether', 'you', 'just', 'getting']
DEBUG:root:Skipped email/domain fragment: 'info'
DEBUG:root:Skipped email/domain fragment: 'org'
DEBUG:root:Spell check results for https://wordpress-810691-5571285.cloudwaysapps.com/about-us/research-assistance/: 135 words checked, 32 skipped, 0 errors found
INFO:root:✅ Processed https://wordpress-810691-5571285.cloudwaysapps.com/about-us/research-assistance/: 0 errors found, 223 words checked
DEBUG:root:Attempting to fetch: https://wordpress-810691-5571285.cloudwaysapps.com/resources/finding-your-roots-the-seedlings/
Processing pages:  52%|█████▏    | 197/381 [01:53<02:01,  1.51it/s]DEBUG:root:✅ Image OK: https://wordpress-810691-5571285.cloudwaysapps.com/wp-content/uploads/2025/08/IMG_1422_1570505457-1024x683.webp
DEBUG:root:Checking internal image: https://wordpress-810691-5571285.cloudwaysapps.com/wp-content/uploads/2025/08/IMG_1438_1570505457-1024x683.webp
DEBUG:urllib3.connectionpool:Starting new HTTPS connection (1): wordpress-810691-5571285.cloudwaysapps.com:443
DEBUG:urllib3.connectionpool:https://wordpress-810691-5571285.cloudwaysapps.com:443 "GET /resources/finding-your-roots-the-seedlings/ HTTP/1.1" 200 None
DEBUG:root:Successfully fetched https://wordpress-810691-5571285.cloudwaysapps.com/resources/finding-your-roots-the-seedlings/ (Content-Length: 39038)
DEBUG:charset_normalizer:Encoding detection: utf_8 is most likely the one.
DEBUG:root:Extracted 806 characters, 137 words from https://wordpress-810691-5571285.cloudwaysapps.com/resources/finding-your-roots-the-seedlings/
DEBUG:root:Using regex pattern: \b[a-zA-Z]{3,}\b
DEBUG:root:Found 110 words to check in https://wordpress-810691-5571285.cloudwaysapps.com/resources/finding-your-roots-the-seedlings/ (min_length=3)
DEBUG:root:Sample words from https://wordpress-810691-5571285.cloudwaysapps.com/resources/finding-your-roots-the-seedlings/: ['This', 'alert', 'Skip', 'content', 'Finding', 'Your', 'Roots', 'The', 'Seedlings', 'May']
DEBUG:root:Spell check results for https://wordpress-810691-5571285.cloudwaysapps.com/resources/finding-your-roots-the-seedlings/: 83 words checked, 27 skipped, 0 errors found
INFO:root:✅ Processed https://wordpress-810691-5571285.cloudwaysapps.com/resources/finding-your-roots-the-seedlings/: 0 errors found, 137 words checked
DEBUG:root:Attempting to fetch: https://wordpress-810691-5571285.cloudwaysapps.com/events/family-book-creator-special-interest-group-sig-2027-07-26/
DEBUG:urllib3.connectionpool:https://wordpress-810691-5571285.cloudwaysapps.com:443 "GET /wp-content/uploads/2025/08/20180208_180808_1555557958-1024x576.webp HTTP/1.1" 200 65052
DEBUG:urllib3.connectionpool:https://outlook.office.com:443 "GET /calendar/0/deeplink/compose?allday=false&body=Help+in+the+preservation+of+our+local+history+and+collections%2C+including+transcriptionists%2C+preservationists%2C+digitizers%2C+and+organization%C2%A0projects.&location=2525+Oakley+Seaver+Dr%2C+Clermont%2C+FL%2C+34711%2C+United+States&path=/calendar/action/compose&rru=addevent&startdt=2025-08-27T10%3A00%3A00-04%3A00&enddt=2025-08-27T12%3A00%3A00-04%3A00&subject=Preserving+Local+History HTTP/1.1" 200 None
DEBUG:root:✅ Hyperlink OK: https://outlook.office.com/calendar/0/deeplink/compose?allday=false&body=Help+in+the+preservation+of+our+local+history+and+collections%2C+including+transcriptionists%2C+preservationists%2C+digitizers%2C+and+organization%C2%A0projects.&location=2525+Oakley+Seaver+Dr%2C+Clermont%2C+FL%2C+34711%2C+United+States&path=/calendar/action/compose&rru=addevent&startdt=2025-08-27T10%3A00%3A00-04%3A00&enddt=2025-08-27T12%3A00%3A00-04%3A00&subject=Preserving+Local+History
DEBUG:root:Checking external hyperlink: https://outlook.live.com/calendar/0/deeplink/compose?allday=false&body=Help+in+the+preservation+of+our+local+history+and+collections%2C+including+transcriptionists%2C+preservationists%2C+digitizers%2C+and+organization%C2%A0projects.&location=2525+Oakley+Seaver+Dr%2C+Clermont%2C+FL%2C+34711%2C+United+States&path=/calendar/action/compose&rru=addevent&startdt=2025-08-27T10%3A00%3A00-04%3A00&enddt=2025-08-27T12%3A00%3A00-04%3A00&subject=Preserving+Local+History
DEBUG:root:✅ Image OK: https://wordpress-810691-5571285.cloudwaysapps.com/wp-content/uploads/2025/08/20180208_180808_1555557958-1024x576.webp
DEBUG:urllib3.connectionpool:Starting new HTTPS connection (1): outlook.live.com:443
DEBUG:root:Checking internal image: https://wordpress-810691-5571285.cloudwaysapps.com/wp-content/uploads/2025/08/20180208_180806_1555557945-1024x576.webp
DEBUG:urllib3.connectionpool:Starting new HTTPS connection (1): wordpress-810691-5571285.cloudwaysapps.com:443
DEBUG:urllib3.connectionpool:https://wordpress-810691-5571285.cloudwaysapps.com:443 "GET /events/family-book-creator-special-interest-group-sig-2027-07-26/ HTTP/1.1" 200 None
DEBUG:root:Successfully fetched https://wordpress-810691-5571285.cloudwaysapps.com/events/family-book-creator-special-interest-group-sig-2027-07-26/ (Content-Length: 42521)
DEBUG:charset_normalizer:Encoding detection: utf_8 is most likely the one.
DEBUG:root:Extracted 843 characters, 141 words from https://wordpress-810691-5571285.cloudwaysapps.com/events/family-book-creator-special-interest-group-sig-2027-07-26/
DEBUG:root:Checking external hyperlink: https://www.google.com/calendar/event?action=TEMPLATE&text=Family+Book+Creator+Special+Interest+Group+%28SIG%29&dates=20270726T190000/20270726T200000&details=This+group+grew+out+of+our+original+FBC+Study+Group%2C+a+joint+effort+between+Pastfinders+and+Kinseekers.+For+now%2C+membership+is+limited+to+participants+of+that+original+group%2C+but+we+hope+to+welcome+more+members+in+the+future.&location=&trp=false&sprop=https%3A%2F%2Fwordpress-810691-5571285.cloudwaysapps.com%2Fevents%2Ffamily-book-creator-special-interest-group-sig-2027-07-26%2F&sprop=name:Pastfinders&ctz=America%2FNew_York
DEBUG:urllib3.connectionpool:Starting new HTTPS connection (1): www.google.com:443
DEBUG:urllib3.connectionpool:https://wordpress-810691-5571285.cloudwaysapps.com:443 "GET /wp-content/uploads/2025/08/IMG_1438_1570505457-1024x683.webp HTTP/1.1" 200 49414
DEBUG:root:✅ Image OK: https://wordpress-810691-5571285.cloudwaysapps.com/wp-content/uploads/2025/08/IMG_1438_1570505457-1024x683.webp
DEBUG:root:Checking internal image: https://wordpress-810691-5571285.cloudwaysapps.com/wp-content/uploads/2025/08/IMG_1427_1570505457-1024x683.webp
DEBUG:urllib3.connectionpool:https://www.google.com:443 "GET /calendar/event?action=TEMPLATE&text=Family+Book+Creator+Special+Interest+Group+%28SIG%29&dates=20270726T190000/20270726T200000&details=This+group+grew+out+of+our+original+FBC+Study+Group%2C+a+joint+effort+between+Pastfinders+and+Kinseekers.+For+now%2C+membership+is+limited+to+participants+of+that+original+group%2C+but+we+hope+to+welcome+more+members+in+the+future.&location=&trp=false&sprop=https%3A%2F%2Fwordpress-810691-5571285.cloudwaysapps.com%2Fevents%2Ffamily-book-creator-special-interest-group-sig-2027-07-26%2F&sprop=name:Pastfinders&ctz=America%2FNew_York HTTP/1.1" 302 0
DEBUG:urllib3.connectionpool:Starting new HTTPS connection (1): wordpress-810691-5571285.cloudwaysapps.com:443
DEBUG:urllib3.connectionpool:Starting new HTTPS connection (1): calendar.google.com:443
DEBUG:urllib3.connectionpool:https://wordpress-810691-5571285.cloudwaysapps.com:443 "GET /wp-content/uploads/2025/08/20180208_180806_1555557945-1024x576.webp HTTP/1.1" 200 57680
DEBUG:urllib3.connectionpool:https://outlook.live.com:443 "GET /calendar/0/deeplink/compose?allday=false&body=Help+in+the+preservation+of+our+local+history+and+collections%2C+including+transcriptionists%2C+preservationists%2C+digitizers%2C+and+organization%C2%A0projects.&location=2525+Oakley+Seaver+Dr%2C+Clermont%2C+FL%2C+34711%2C+United+States&path=/calendar/action/compose&rru=addevent&startdt=2025-08-27T10%3A00%3A00-04%3A00&enddt=2025-08-27T12%3A00%3A00-04%3A00&subject=Preserving+Local+History HTTP/1.1" 200 None
DEBUG:root:✅ Hyperlink OK: https://outlook.live.com/calendar/0/deeplink/compose?allday=false&body=Help+in+the+preservation+of+our+local+history+and+collections%2C+including+transcriptionists%2C+preservationists%2C+digitizers%2C+and+organization%C2%A0projects.&location=2525+Oakley+Seaver+Dr%2C+Clermont%2C+FL%2C+34711%2C+United+States&path=/calendar/action/compose&rru=addevent&startdt=2025-08-27T10%3A00%3A00-04%3A00&enddt=2025-08-27T12%3A00%3A00-04%3A00&subject=Preserving+Local+History
DEBUG:root:Using regex pattern: \b[a-zA-Z]{3,}\b
DEBUG:root:Found 44 words to check in https://wordpress-810691-5571285.cloudwaysapps.com/events/preserving-local-history-2025-08-27/ (min_length=3)
DEBUG:root:Sample words from https://wordpress-810691-5571285.cloudwaysapps.com/events/preserving-local-history-2025-08-27/: ['This', 'alert', 'Skip', 'content', 'Preserving', 'Local', 'History', 'When', 'August', 'Add']
DEBUG:root:Misspelled word found: 'transcriptionists' in https://wordpress-810691-5571285.cloudwaysapps.com/events/preserving-local-history-2025-08-27/
DEBUG:root:Spell check results for https://wordpress-810691-5571285.cloudwaysapps.com/events/preserving-local-history-2025-08-27/: 17 words checked, 27 skipped, 1 errors found
INFO:root:✅ Processed https://wordpress-810691-5571285.cloudwaysapps.com/events/preserving-local-history-2025-08-27/: 1 errors found, 65 words checked
DEBUG:root:Attempting to fetch: https://wordpress-810691-5571285.cloudwaysapps.com/events/preserving-local-history-2026-04-22/
Processing pages:  52%|█████▏    | 199/381 [01:54<01:28,  2.05it/s]DEBUG:urllib3.connectionpool:https://calendar.google.com:443 "GET /calendar/event?action=TEMPLATE&text=Family+Book+Creator+Special+Interest+Group+(SIG)&dates=20270726T190000/20270726T200000&details=This+group+grew+out+of+our+original+FBC+Study+Group,+a+joint+effort+between+Pastfinders+and+Kinseekers.+For+now,+membership+is+limited+to+participants+of+that+original+group,+but+we+hope+to+welcome+more+members+in+the+future.&location&trp=false&sprop=https://wordpress-810691-5571285.cloudwaysapps.com/events/family-book-creator-special-interest-group-sig-2027-07-26/&sprop=name:Pastfinders&ctz=America/New_York HTTP/1.1" 302 0
DEBUG:urllib3.connectionpool:Starting new HTTPS connection (1): accounts.google.com:443
DEBUG:root:✅ Document OK: https://pastfindersslc.org/upload/newsletters/Spring_2005.pdf
DEBUG:root:Checking external document: https://pastfindersslc.org/upload/newsletters/may_Spring_2005.pdf
DEBUG:root:✅ Image OK: https://wordpress-810691-5571285.cloudwaysapps.com/wp-content/uploads/2025/08/20180208_180806_1555557945-1024x576.webp
DEBUG:root:Checking internal image: https://wordpress-810691-5571285.cloudwaysapps.com/wp-content/uploads/2025/08/20180208_180810_1555557971-1024x576.webp
DEBUG:urllib3.connectionpool:Starting new HTTPS connection (1): pastfindersslc.org:443
DEBUG:urllib3.connectionpool:Starting new HTTPS connection (1): wordpress-810691-5571285.cloudwaysapps.com:443
DEBUG:urllib3.connectionpool:https://wordpress-810691-5571285.cloudwaysapps.com:443 "GET /events/preserving-local-history-2026-04-22/ HTTP/1.1" 200 None
DEBUG:root:Successfully fetched https://wordpress-810691-5571285.cloudwaysapps.com/events/preserving-local-history-2026-04-22/ (Content-Length: 43610)
DEBUG:charset_normalizer:Encoding detection: utf_8 is most likely the one.
DEBUG:root:Extracted 444 characters, 65 words from https://wordpress-810691-5571285.cloudwaysapps.com/events/preserving-local-history-2026-04-22/
DEBUG:root:Checking external hyperlink: https://www.google.com/calendar/event?action=TEMPLATE&text=Preserving+Local+History&dates=20260422T100000/20260422T120000&details=Help+in+the+preservation+of+our+local+history+and+collections%2C+including+transcriptionists%2C+preservationists%2C+digitizers%2C+and+organization%C2%A0projects.&location=2525+Oakley+Seaver+Dr%2C+Clermont%2C+FL%2C+34711%2C+United+States&trp=false&sprop=https%3A%2F%2Fwordpress-810691-5571285.cloudwaysapps.com%2Fevents%2Fpreserving-local-history-2026-04-22%2F&sprop=name:Pastfinders&ctz=America%2FNew_York
DEBUG:urllib3.connectionpool:Starting new HTTPS connection (1): www.google.com:443
DEBUG:urllib3.connectionpool:https://wordpress-810691-5571285.cloudwaysapps.com:443 "GET /wp-content/uploads/2025/08/IMG_1427_1570505457-1024x683.webp HTTP/1.1" 200 102546
DEBUG:urllib3.connectionpool:https://accounts.google.com:443 "GET /ServiceLogin?service=cl&passive=1209600&osid=1&continue=https://calendar.google.com/calendar/event?action%3DTEMPLATE%26text%3DFamily%2BBook%2BCreator%2BSpecial%2BInterest%2BGroup%2B(SIG)%26dates%3D20270726T190000/20270726T200000%26details%3DThis%2Bgroup%2Bgrew%2Bout%2Bof%2Bour%2Boriginal%2BFBC%2BStudy%2BGroup,%2Ba%2Bjoint%2Beffort%2Bbetween%2BPastfinders%2Band%2BKinseekers.%2BFor%2Bnow,%2Bmembership%2Bis%2Blimited%2Bto%2Bparticipants%2Bof%2Bthat%2Boriginal%2Bgroup,%2Bbut%2Bwe%2Bhope%2Bto%2Bwelcome%2Bmore%2Bmembers%2Bin%2Bthe%2Bfuture.%26location%26trp%3Dfalse%26sprop%3Dhttps://wordpress-810691-5571285.cloudwaysapps.com/events/family-book-creator-special-interest-group-sig-2027-07-26/%26sprop%3Dname:Pastfinders%26ctz%3DAmerica/New_York&followup=https://calendar.google.com/calendar/event?action%3DTEMPLATE%26text%3DFamily%2BBook%2BCreator%2BSpecial%2BInterest%2BGroup%2B(SIG)%26dates%3D20270726T190000/20270726T200000%26details%3DThis%2Bgroup%2Bgrew%2Bout%2Bof%2Bour%2Boriginal%2BFBC%2BStudy%2BGroup,%2Ba%2Bjoint%2Beffort%2Bbetween%2BPastfinders%2Band%2BKinseekers.%2BFor%2Bnow,%2Bmembership%2Bis%2Blimited%2Bto%2Bparticipants%2Bof%2Bthat%2Boriginal%2Bgroup,%2Bbut%2Bwe%2Bhope%2Bto%2Bwelcome%2Bmore%2Bmembers%2Bin%2Bthe%2Bfuture.%26location%26trp%3Dfalse%26sprop%3Dhttps://wordpress-810691-5571285.cloudwaysapps.com/events/family-book-creator-special-interest-group-sig-2027-07-26/%26sprop%3Dname:Pastfinders%26ctz%3DAmerica/New_York&emr=1 HTTP/1.1" 302 0
DEBUG:urllib3.connectionpool:https://www.google.com:443 "GET /calendar/event?action=TEMPLATE&text=Preserving+Local+History&dates=20260422T100000/20260422T120000&details=Help+in+the+preservation+of+our+local+history+and+collections%2C+including+transcriptionists%2C+preservationists%2C+digitizers%2C+and+organization%C2%A0projects.&location=2525+Oakley+Seaver+Dr%2C+Clermont%2C+FL%2C+34711%2C+United+States&trp=false&sprop=https%3A%2F%2Fwordpress-810691-5571285.cloudwaysapps.com%2Fevents%2Fpreserving-local-history-2026-04-22%2F&sprop=name:Pastfinders&ctz=America%2FNew_York HTTP/1.1" 302 0
DEBUG:urllib3.connectionpool:https://pastfindersslc.org:443 "GET /upload/newsletters/may_Spring_2005.pdf HTTP/1.1" 200 7514568
DEBUG:urllib3.connectionpool:Starting new HTTPS connection (1): calendar.google.com:443
DEBUG:urllib3.connectionpool:https://accounts.google.com:443 "GET /InteractiveLogin?continue=https://calendar.google.com/calendar/event?action%3DTEMPLATE%26text%3DFamily%2BBook%2BCreator%2BSpecial%2BInterest%2BGroup%2B(SIG)%26dates%3D20270726T190000/20270726T200000%26details%3DThis%2Bgroup%2Bgrew%2Bout%2Bof%2Bour%2Boriginal%2BFBC%2BStudy%2BGroup,%2Ba%2Bjoint%2Beffort%2Bbetween%2BPastfinders%2Band%2BKinseekers.%2BFor%2Bnow,%2Bmembership%2Bis%2Blimited%2Bto%2Bparticipants%2Bof%2Bthat%2Boriginal%2Bgroup,%2Bbut%2Bwe%2Bhope%2Bto%2Bwelcome%2Bmore%2Bmembers%2Bin%2Bthe%2Bfuture.%26location%26trp%3Dfalse%26sprop%3Dhttps://wordpress-810691-5571285.cloudwaysapps.com/events/family-book-creator-special-interest-group-sig-2027-07-26/%26sprop%3Dname:Pastfinders%26ctz%3DAmerica/New_York&emr=1&followup=https://calendar.google.com/calendar/event?action%3DTEMPLATE%26text%3DFamily%2BBook%2BCreator%2BSpecial%2BInterest%2BGroup%2B(SIG)%26dates%3D20270726T190000/20270726T200000%26details%3DThis%2Bgroup%2Bgrew%2Bout%2Bof%2Bour%2Boriginal%2BFBC%2BStudy%2BGroup,%2Ba%2Bjoint%2Beffort%2Bbetween%2BPastfinders%2Band%2BKinseekers.%2BFor%2Bnow,%2Bmembership%2Bis%2Blimited%2Bto%2Bparticipants%2Bof%2Bthat%2Boriginal%2Bgroup,%2Bbut%2Bwe%2Bhope%2Bto%2Bwelcome%2Bmore%2Bmembers%2Bin%2Bthe%2Bfuture.%26location%26trp%3Dfalse%26sprop%3Dhttps://wordpress-810691-5571285.cloudwaysapps.com/events/family-book-creator-special-interest-group-sig-2027-07-26/%26sprop%3Dname:Pastfinders%26ctz%3DAmerica/New_York&osid=1&passive=1209600&service=cl&ifkv=AdBytiOHQAhE-rHeMBgYYnIdJWX8gtlfrMJhFxyibbox6eKKJmtLR2RAjiPonsdSine_i6fnxPaIHA HTTP/1.1" 302 None
DEBUG:root:✅ Image OK: https://wordpress-810691-5571285.cloudwaysapps.com/wp-content/uploads/2025/08/IMG_1427_1570505457-1024x683.webp
DEBUG:root:Checking internal image: https://wordpress-810691-5571285.cloudwaysapps.com/wp-content/uploads/2025/08/IMG_1431_1570505457-1024x683.webp
DEBUG:urllib3.connectionpool:Starting new HTTPS connection (1): wordpress-810691-5571285.cloudwaysapps.com:443
DEBUG:urllib3.connectionpool:https://accounts.google.com:443 "GET /v3/signin/identifier?continue=https%3A%2F%2Fcalendar.google.com%2Fcalendar%2Fevent%3Faction%3DTEMPLATE%26text%3DFamily%2BBook%2BCreator%2BSpecial%2BInterest%2BGroup%2B%28SIG%29%26dates%3D20270726T190000%2F20270726T200000%26details%3DThis%2Bgroup%2Bgrew%2Bout%2Bof%2Bour%2Boriginal%2BFBC%2BStudy%2BGroup%2C%2Ba%2Bjoint%2Beffort%2Bbetween%2BPastfinders%2Band%2BKinseekers.%2BFor%2Bnow%2C%2Bmembership%2Bis%2Blimited%2Bto%2Bparticipants%2Bof%2Bthat%2Boriginal%2Bgroup%2C%2Bbut%2Bwe%2Bhope%2Bto%2Bwelcome%2Bmore%2Bmembers%2Bin%2Bthe%2Bfuture.%26location%26trp%3Dfalse%26sprop%3Dhttps%3A%2F%2Fwordpress-810691-5571285.cloudwaysapps.com%2Fevents%2Ffamily-book-creator-special-interest-group-sig-2027-07-26%2F%26sprop%3Dname%3APastfinders%26ctz%3DAmerica%2FNew_York&emr=1&followup=https%3A%2F%2Fcalendar.google.com%2Fcalendar%2Fevent%3Faction%3DTEMPLATE%26text%3DFamily%2BBook%2BCreator%2BSpecial%2BInterest%2BGroup%2B%28SIG%29%26dates%3D20270726T190000%2F20270726T200000%26details%3DThis%2Bgroup%2Bgrew%2Bout%2Bof%2Bour%2Boriginal%2BFBC%2BStudy%2BGroup%2C%2Ba%2Bjoint%2Beffort%2Bbetween%2BPastfinders%2Band%2BKinseekers.%2BFor%2Bnow%2C%2Bmembership%2Bis%2Blimited%2Bto%2Bparticipants%2Bof%2Bthat%2Boriginal%2Bgroup%2C%2Bbut%2Bwe%2Bhope%2Bto%2Bwelcome%2Bmore%2Bmembers%2Bin%2Bthe%2Bfuture.%26location%26trp%3Dfalse%26sprop%3Dhttps%3A%2F%2Fwordpress-810691-5571285.cloudwaysapps.com%2Fevents%2Ffamily-book-creator-special-interest-group-sig-2027-07-26%2F%26sprop%3Dname%3APastfinders%26ctz%3DAmerica%2FNew_York&ifkv=AdBytiNv0L3srM6ZXxK_DroOsQwNw0gDPpWd_aKTUkbOgk6NXAMeQUHHoCJF_n051K70OSKxLZ5iiw&osid=1&passive=1209600&service=cl&flowName=WebLiteSignIn&flowEntry=ServiceLogin&dsh=S-315311660%3A1756758238760932 HTTP/1.1" 200 None
DEBUG:urllib3.connectionpool:https://wordpress-810691-5571285.cloudwaysapps.com:443 "GET /wp-content/uploads/2025/08/20180208_180810_1555557971-1024x576.webp HTTP/1.1" 200 60234
DEBUG:root:✅ Image OK: https://wordpress-810691-5571285.cloudwaysapps.com/wp-content/uploads/2025/08/20180208_180810_1555557971-1024x576.webp
DEBUG:root:Checking internal image: https://wordpress-810691-5571285.cloudwaysapps.com/wp-content/uploads/2025/08/20180208_185029_1555558018-1024x576.webp
DEBUG:urllib3.connectionpool:Starting new HTTPS connection (1): wordpress-810691-5571285.cloudwaysapps.com:443
DEBUG:urllib3.connectionpool:https://calendar.google.com:443 "GET /calendar/event?action=TEMPLATE&text=Preserving+Local+History&dates=20260422T100000/20260422T120000&details=Help+in+the+preservation+of+our+local+history+and+collections,+including+transcriptionists,+preservationists,+digitizers,+and+organization%C2%A0projects.&location=2525+Oakley+Seaver+Dr,+Clermont,+FL,+34711,+United+States&trp=false&sprop=https://wordpress-810691-5571285.cloudwaysapps.com/events/preserving-local-history-2026-04-22/&sprop=name:Pastfinders&ctz=America/New_York HTTP/1.1" 302 0
DEBUG:urllib3.connectionpool:Starting new HTTPS connection (1): accounts.google.com:443
DEBUG:root:✅ Hyperlink OK: https://www.google.com/calendar/event?action=TEMPLATE&text=Family+Book+Creator+Special+Interest+Group+%28SIG%29&dates=20270726T190000/20270726T200000&details=This+group+grew+out+of+our+original+FBC+Study+Group%2C+a+joint+effort+between+Pastfinders+and+Kinseekers.+For+now%2C+membership+is+limited+to+participants+of+that+original+group%2C+but+we+hope+to+welcome+more+members+in+the+future.&location=&trp=false&sprop=https%3A%2F%2Fwordpress-810691-5571285.cloudwaysapps.com%2Fevents%2Ffamily-book-creator-special-interest-group-sig-2027-07-26%2F&sprop=name:Pastfinders&ctz=America%2FNew_York
DEBUG:root:Checking external hyperlink: https://outlook.office.com/calendar/0/deeplink/compose?allday=false&body=This+group+grew+out+of+our+original+FBC+Study+Group%2C+a+joint+effort+between+Pastfinders+and+Kinseekers.+For+now%2C+membership+is+limited+to+participants+of+that+original+group%2C+but+we+hope+to+welcome+more+members+in+the+future.&location=&path=/calendar/action/compose&rru=addevent&startdt=2027-07-26T19%3A00%3A00-04%3A00&enddt=2027-07-26T20%3A00%3A00-04%3A00&subject=Family+Book+Creator+Special+Interest+Group+%28SIG%29
DEBUG:urllib3.connectionpool:Starting new HTTPS connection (1): outlook.office.com:443
DEBUG:urllib3.connectionpool:https://accounts.google.com:443 "GET /ServiceLogin?service=cl&passive=1209600&osid=1&continue=https://calendar.google.com/calendar/event?action%3DTEMPLATE%26text%3DPreserving%2BLocal%2BHistory%26dates%3D20260422T100000/20260422T120000%26details%3DHelp%2Bin%2Bthe%2Bpreservation%2Bof%2Bour%2Blocal%2Bhistory%2Band%2Bcollections,%2Bincluding%2Btranscriptionists,%2Bpreservationists,%2Bdigitizers,%2Band%2Borganization%25C2%25A0projects.%26location%3D2525%2BOakley%2BSeaver%2BDr,%2BClermont,%2BFL,%2B34711,%2BUnited%2BStates%26trp%3Dfalse%26sprop%3Dhttps://wordpress-810691-5571285.cloudwaysapps.com/events/preserving-local-history-2026-04-22/%26sprop%3Dname:Pastfinders%26ctz%3DAmerica/New_York&followup=https://calendar.google.com/calendar/event?action%3DTEMPLATE%26text%3DPreserving%2BLocal%2BHistory%26dates%3D20260422T100000/20260422T120000%26details%3DHelp%2Bin%2Bthe%2Bpreservation%2Bof%2Bour%2Blocal%2Bhistory%2Band%2Bcollections,%2Bincluding%2Btranscriptionists,%2Bpreservationists,%2Bdigitizers,%2Band%2Borganization%25C2%25A0projects.%26location%3D2525%2BOakley%2BSeaver%2BDr,%2BClermont,%2BFL,%2B34711,%2BUnited%2BStates%26trp%3Dfalse%26sprop%3Dhttps://wordpress-810691-5571285.cloudwaysapps.com/events/preserving-local-history-2026-04-22/%26sprop%3Dname:Pastfinders%26ctz%3DAmerica/New_York&emr=1 HTTP/1.1" 302 0
DEBUG:urllib3.connectionpool:https://wordpress-810691-5571285.cloudwaysapps.com:443 "GET /wp-content/uploads/2025/08/IMG_1431_1570505457-1024x683.webp HTTP/1.1" 200 112462
DEBUG:urllib3.connectionpool:https://accounts.google.com:443 "GET /InteractiveLogin?continue=https://calendar.google.com/calendar/event?action%3DTEMPLATE%26text%3DPreserving%2BLocal%2BHistory%26dates%3D20260422T100000/20260422T120000%26details%3DHelp%2Bin%2Bthe%2Bpreservation%2Bof%2Bour%2Blocal%2Bhistory%2Band%2Bcollections,%2Bincluding%2Btranscriptionists,%2Bpreservationists,%2Bdigitizers,%2Band%2Borganization%25C2%25A0projects.%26location%3D2525%2BOakley%2BSeaver%2BDr,%2BClermont,%2BFL,%2B34711,%2BUnited%2BStates%26trp%3Dfalse%26sprop%3Dhttps://wordpress-810691-5571285.cloudwaysapps.com/events/preserving-local-history-2026-04-22/%26sprop%3Dname:Pastfinders%26ctz%3DAmerica/New_York&emr=1&followup=https://calendar.google.com/calendar/event?action%3DTEMPLATE%26text%3DPreserving%2BLocal%2BHistory%26dates%3D20260422T100000/20260422T120000%26details%3DHelp%2Bin%2Bthe%2Bpreservation%2Bof%2Bour%2Blocal%2Bhistory%2Band%2Bcollections,%2Bincluding%2Btranscriptionists,%2Bpreservationists,%2Bdigitizers,%2Band%2Borganization%25C2%25A0projects.%26location%3D2525%2BOakley%2BSeaver%2BDr,%2BClermont,%2BFL,%2B34711,%2BUnited%2BStates%26trp%3Dfalse%26sprop%3Dhttps://wordpress-810691-5571285.cloudwaysapps.com/events/preserving-local-history-2026-04-22/%26sprop%3Dname:Pastfinders%26ctz%3DAmerica/New_York&osid=1&passive=1209600&service=cl&ifkv=AdBytiNSS6ZRj4Xt-SmK3oCniUFLzMlIhSbZftCzjVBKPS43lgbWOKbvcv8CWWV4RJc1yXrRtlTu HTTP/1.1" 302 None
DEBUG:urllib3.connectionpool:https://outlook.office.com:443 "GET /calendar/0/deeplink/compose?allday=false&body=This+group+grew+out+of+our+original+FBC+Study+Group%2C+a+joint+effort+between+Pastfinders+and+Kinseekers.+For+now%2C+membership+is+limited+to+participants+of+that+original+group%2C+but+we+hope+to+welcome+more+members+in+the+future.&location=&path=/calendar/action/compose&rru=addevent&startdt=2027-07-26T19%3A00%3A00-04%3A00&enddt=2027-07-26T20%3A00%3A00-04%3A00&subject=Family+Book+Creator+Special+Interest+Group+%28SIG%29 HTTP/1.1" 200 None
DEBUG:root:✅ Hyperlink OK: https://outlook.office.com/calendar/0/deeplink/compose?allday=false&body=This+group+grew+out+of+our+original+FBC+Study+Group%2C+a+joint+effort+between+Pastfinders+and+Kinseekers.+For+now%2C+membership+is+limited+to+participants+of+that+original+group%2C+but+we+hope+to+welcome+more+members+in+the+future.&location=&path=/calendar/action/compose&rru=addevent&startdt=2027-07-26T19%3A00%3A00-04%3A00&enddt=2027-07-26T20%3A00%3A00-04%3A00&subject=Family+Book+Creator+Special+Interest+Group+%28SIG%29
DEBUG:root:Checking external hyperlink: https://outlook.live.com/calendar/0/deeplink/compose?allday=false&body=This+group+grew+out+of+our+original+FBC+Study+Group%2C+a+joint+effort+between+Pastfinders+and+Kinseekers.+For+now%2C+membership+is+limited+to+participants+of+that+original+group%2C+but+we+hope+to+welcome+more+members+in+the+future.&location=&path=/calendar/action/compose&rru=addevent&startdt=2027-07-26T19%3A00%3A00-04%3A00&enddt=2027-07-26T20%3A00%3A00-04%3A00&subject=Family+Book+Creator+Special+Interest+Group+%28SIG%29
DEBUG:root:✅ Image OK: https://wordpress-810691-5571285.cloudwaysapps.com/wp-content/uploads/2025/08/IMG_1431_1570505457-1024x683.webp
DEBUG:root:Checking internal image: https://wordpress-810691-5571285.cloudwaysapps.com/wp-content/uploads/2025/08/IMG_1424_1570505457-1024x683.webp
DEBUG:urllib3.connectionpool:Starting new HTTPS connection (1): wordpress-810691-5571285.cloudwaysapps.com:443
DEBUG:urllib3.connectionpool:https://wordpress-810691-5571285.cloudwaysapps.com:443 "GET /wp-content/uploads/2025/08/20180208_185029_1555558018-1024x576.webp HTTP/1.1" 200 68272
DEBUG:urllib3.connectionpool:Starting new HTTPS connection (1): outlook.live.com:443
DEBUG:root:✅ Image OK: https://wordpress-810691-5571285.cloudwaysapps.com/wp-content/uploads/2025/08/20180208_185029_1555558018-1024x576.webp
DEBUG:root:Checking internal image: https://wordpress-810691-5571285.cloudwaysapps.com/wp-content/uploads/2025/08/20180208_180803_1555557933-1024x576.webp
DEBUG:urllib3.connectionpool:Starting new HTTPS connection (1): wordpress-810691-5571285.cloudwaysapps.com:443
DEBUG:urllib3.connectionpool:https://accounts.google.com:443 "GET /v3/signin/identifier?continue=https%3A%2F%2Fcalendar.google.com%2Fcalendar%2Fevent%3Faction%3DTEMPLATE%26text%3DPreserving%2BLocal%2BHistory%26dates%3D20260422T100000%2F20260422T120000%26details%3DHelp%2Bin%2Bthe%2Bpreservation%2Bof%2Bour%2Blocal%2Bhistory%2Band%2Bcollections%2C%2Bincluding%2Btranscriptionists%2C%2Bpreservationists%2C%2Bdigitizers%2C%2Band%2Borganization%25C2%25A0projects.%26location%3D2525%2BOakley%2BSeaver%2BDr%2C%2BClermont%2C%2BFL%2C%2B34711%2C%2BUnited%2BStates%26trp%3Dfalse%26sprop%3Dhttps%3A%2F%2Fwordpress-810691-5571285.cloudwaysapps.com%2Fevents%2Fpreserving-local-history-2026-04-22%2F%26sprop%3Dname%3APastfinders%26ctz%3DAmerica%2FNew_York&emr=1&followup=https%3A%2F%2Fcalendar.google.com%2Fcalendar%2Fevent%3Faction%3DTEMPLATE%26text%3DPreserving%2BLocal%2BHistory%26dates%3D20260422T100000%2F20260422T120000%26details%3DHelp%2Bin%2Bthe%2Bpreservation%2Bof%2Bour%2Blocal%2Bhistory%2Band%2Bcollections%2C%2Bincluding%2Btranscriptionists%2C%2Bpreservationists%2C%2Bdigitizers%2C%2Band%2Borganization%25C2%25A0projects.%26location%3D2525%2BOakley%2BSeaver%2BDr%2C%2BClermont%2C%2BFL%2C%2B34711%2C%2BUnited%2BStates%26trp%3Dfalse%26sprop%3Dhttps%3A%2F%2Fwordpress-810691-5571285.cloudwaysapps.com%2Fevents%2Fpreserving-local-history-2026-04-22%2F%26sprop%3Dname%3APastfinders%26ctz%3DAmerica%2FNew_York&ifkv=AdBytiMYA-mQ4eKmOABr41-owyfJampx59LSNU8NDMiWGpHRt775IzfpxxVInX3DUVq0OLKQvUcy&osid=1&passive=1209600&service=cl&flowName=WebLiteSignIn&flowEntry=ServiceLogin&dsh=S472432466%3A1756758239116509 HTTP/1.1" 200 None
DEBUG:root:✅ Hyperlink OK: https://www.google.com/calendar/event?action=TEMPLATE&text=Preserving+Local+History&dates=20260422T100000/20260422T120000&details=Help+in+the+preservation+of+our+local+history+and+collections%2C+including+transcriptionists%2C+preservationists%2C+digitizers%2C+and+organization%C2%A0projects.&location=2525+Oakley+Seaver+Dr%2C+Clermont%2C+FL%2C+34711%2C+United+States&trp=false&sprop=https%3A%2F%2Fwordpress-810691-5571285.cloudwaysapps.com%2Fevents%2Fpreserving-local-history-2026-04-22%2F&sprop=name:Pastfinders&ctz=America%2FNew_York
DEBUG:root:Checking external hyperlink: https://outlook.office.com/calendar/0/deeplink/compose?allday=false&body=Help+in+the+preservation+of+our+local+history+and+collections%2C+including+transcriptionists%2C+preservationists%2C+digitizers%2C+and+organization%C2%A0projects.&location=2525+Oakley+Seaver+Dr%2C+Clermont%2C+FL%2C+34711%2C+United+States&path=/calendar/action/compose&rru=addevent&startdt=2026-04-22T10%3A00%3A00-04%3A00&enddt=2026-04-22T12%3A00%3A00-04%3A00&subject=Preserving+Local+History
DEBUG:urllib3.connectionpool:Starting new HTTPS connection (1): outlook.office.com:443
DEBUG:urllib3.connectionpool:https://wordpress-810691-5571285.cloudwaysapps.com:443 "GET /wp-content/uploads/2025/08/IMG_1424_1570505457-1024x683.webp HTTP/1.1" 200 92600
DEBUG:urllib3.connectionpool:https://outlook.live.com:443 "GET /calendar/0/deeplink/compose?allday=false&body=This+group+grew+out+of+our+original+FBC+Study+Group%2C+a+joint+effort+between+Pastfinders+and+Kinseekers.+For+now%2C+membership+is+limited+to+participants+of+that+original+group%2C+but+we+hope+to+welcome+more+members+in+the+future.&location=&path=/calendar/action/compose&rru=addevent&startdt=2027-07-26T19%3A00%3A00-04%3A00&enddt=2027-07-26T20%3A00%3A00-04%3A00&subject=Family+Book+Creator+Special+Interest+Group+%28SIG%29 HTTP/1.1" 200 None
DEBUG:root:✅ Hyperlink OK: https://outlook.live.com/calendar/0/deeplink/compose?allday=false&body=This+group+grew+out+of+our+original+FBC+Study+Group%2C+a+joint+effort+between+Pastfinders+and+Kinseekers.+For+now%2C+membership+is+limited+to+participants+of+that+original+group%2C+but+we+hope+to+welcome+more+members+in+the+future.&location=&path=/calendar/action/compose&rru=addevent&startdt=2027-07-26T19%3A00%3A00-04%3A00&enddt=2027-07-26T20%3A00%3A00-04%3A00&subject=Family+Book+Creator+Special+Interest+Group+%28SIG%29
DEBUG:root:Using regex pattern: \b[a-zA-Z]{3,}\b
DEBUG:root:Found 109 words to check in https://wordpress-810691-5571285.cloudwaysapps.com/events/family-book-creator-special-interest-group-sig-2027-07-26/ (min_length=3)
DEBUG:root:Sample words from https://wordpress-810691-5571285.cloudwaysapps.com/events/family-book-creator-special-interest-group-sig-2027-07-26/: ['This', 'alert', 'Skip', 'content', 'Family', 'Book', 'Creator', 'Special', 'Interest', 'Group']
DEBUG:root:Spell check results for https://wordpress-810691-5571285.cloudwaysapps.com/events/family-book-creator-special-interest-group-sig-2027-07-26/: 62 words checked, 47 skipped, 0 errors found
INFO:root:✅ Processed https://wordpress-810691-5571285.cloudwaysapps.com/events/family-book-creator-special-interest-group-sig-2027-07-26/: 0 errors found, 141 words checked
DEBUG:root:Attempting to fetch: https://wordpress-810691-5571285.cloudwaysapps.com/events/research-assistance-2025-08-27-2025-09-03-2025-09-10-2025-09-17-2025-09-24-2025-10-01-2025-10-08-2025-10-15-2025-10-22-2025-10-29-2025-11-05-2025-11-12-2025-11-19-2025-11-26-2025-12-03-2-16-2026-09-23/
Processing pages:  52%|█████▏    | 200/381 [01:55<01:43,  1.75it/s]DEBUG:urllib3.connectionpool:https://wordpress-810691-5571285.cloudwaysapps.com:443 "GET /wp-content/uploads/2025/08/20180208_180803_1555557933-1024x576.webp HTTP/1.1" 200 58204
DEBUG:root:✅ Image OK: https://wordpress-810691-5571285.cloudwaysapps.com/wp-content/uploads/2025/08/IMG_1424_1570505457-1024x683.webp
DEBUG:root:Checking internal image: https://wordpress-810691-5571285.cloudwaysapps.com/wp-content/uploads/2025/08/IMG_1428_1570505457-1024x683.webp
DEBUG:urllib3.connectionpool:Starting new HTTPS connection (1): wordpress-810691-5571285.cloudwaysapps.com:443
DEBUG:root:✅ Image OK: https://wordpress-810691-5571285.cloudwaysapps.com/wp-content/uploads/2025/08/20180208_180803_1555557933-1024x576.webp
DEBUG:root:Using regex pattern: \b[a-zA-Z]{3,}\b
DEBUG:root:Found 26 words to check in https://wordpress-810691-5571285.cloudwaysapps.com/galleries/2017-feb-allan-lane/ (min_length=3)
DEBUG:root:Sample words from https://wordpress-810691-5571285.cloudwaysapps.com/galleries/2017-feb-allan-lane/: ['This', 'alert', 'Skip', 'content', 'Feb', 'Allan', 'Lane', 'images', 'Click', 'view']
DEBUG:root:Spell check results for https://wordpress-810691-5571285.cloudwaysapps.com/galleries/2017-feb-allan-lane/: 10 words checked, 16 skipped, 0 errors found
INFO:root:✅ Processed https://wordpress-810691-5571285.cloudwaysapps.com/galleries/2017-feb-allan-lane/: 0 errors found, 52 words checked
DEBUG:root:Attempting to fetch: https://wordpress-810691-5571285.cloudwaysapps.com/resources/family-history-for-teenagers/
DEBUG:urllib3.connectionpool:https://wordpress-810691-5571285.cloudwaysapps.com:443 "GET /events/research-assistance-2025-08-27-2025-09-03-2025-09-10-2025-09-17-2025-09-24-2025-10-01-2025-10-08-2025-10-15-2025-10-22-2025-10-29-2025-11-05-2025-11-12-2025-11-19-2025-11-26-2025-12-03-2-16-2026-09-23/ HTTP/1.1" 200 None
DEBUG:root:Successfully fetched https://wordpress-810691-5571285.cloudwaysapps.com/events/research-assistance-2025-08-27-2025-09-03-2025-09-10-2025-09-17-2025-09-24-2025-10-01-2025-10-08-2025-10-15-2025-10-22-2025-10-29-2025-11-05-2025-11-12-2025-11-19-2025-11-26-2025-12-03-2-16-2026-09-23/ (Content-Length: 44217)
DEBUG:charset_normalizer:Encoding detection: utf_8 is most likely the one.
DEBUG:root:Extracted 493 characters, 85 words from https://wordpress-810691-5571285.cloudwaysapps.com/events/research-assistance-2025-08-27-2025-09-03-2025-09-10-2025-09-17-2025-09-24-2025-10-01-2025-10-08-2025-10-15-2025-10-22-2025-10-29-2025-11-05-2025-11-12-2025-11-19-2025-11-26-2025-12-03-2-16-2026-09-23/
DEBUG:root:Checking external hyperlink: https://www.google.com/calendar/event?action=TEMPLATE&text=Research+Assistance&dates=20260923T130000/20260923T150000&details=Join+us+weekly+in+the+Genealogy+Room+for+in-person+help+with+your+research.+It%E2%80%99s+a+great+chance+to+get+one-on-one+guidance%2C+ask+questions%2C+and+connect+with+others+who+share+your+passion+for+family+history.&location=2525+Oakley+Seaver+Dr%2C+Clermont%2C+FL%2C+34711%2C+United+States&trp=false&sprop=https%3A%2F%2Fwordpress-810691-5571285.cloudwaysapps.com%2Fevents%2Fresearch-assistance-2025-08-27-2025-09-03-2025-09-10-2025-09-17-2025-09-24-2025-10-01-2025-10-08-2025-10-15-2025-10-22-2025-10-29-2025-11-05-2025-11-12-2025-11-19-2025-11-26-2025-12-03-2-16-2026-09-23%2F&sprop=name:Pastfinders&ctz=America%2FNew_York
DEBUG:urllib3.connectionpool:Starting new HTTPS connection (1): www.google.com:443
DEBUG:urllib3.connectionpool:https://wordpress-810691-5571285.cloudwaysapps.com:443 "GET /resources/family-history-for-teenagers/ HTTP/1.1" 200 None
DEBUG:root:Successfully fetched https://wordpress-810691-5571285.cloudwaysapps.com/resources/family-history-for-teenagers/ (Content-Length: 38958)
DEBUG:charset_normalizer:Encoding detection: utf_8 is most likely the one.
DEBUG:root:Extracted 782 characters, 139 words from https://wordpress-810691-5571285.cloudwaysapps.com/resources/family-history-for-teenagers/
DEBUG:root:Using regex pattern: \b[a-zA-Z]{3,}\b
DEBUG:root:Found 112 words to check in https://wordpress-810691-5571285.cloudwaysapps.com/resources/family-history-for-teenagers/ (min_length=3)
DEBUG:root:Sample words from https://wordpress-810691-5571285.cloudwaysapps.com/resources/family-history-for-teenagers/: ['This', 'alert', 'Skip', 'content', 'Family', 'History', 'for', 'Teenagers', 'May', 'Genealogy']
DEBUG:root:Spell check results for https://wordpress-810691-5571285.cloudwaysapps.com/resources/family-history-for-teenagers/: 94 words checked, 18 skipped, 0 errors found
INFO:root:✅ Processed https://wordpress-810691-5571285.cloudwaysapps.com/resources/family-history-for-teenagers/: 0 errors found, 139 words checked
DEBUG:root:Attempting to fetch: https://wordpress-810691-5571285.cloudwaysapps.com/resources/ancestry-com-getting-started/
Processing pages:  53%|█████▎    | 202/381 [01:55<01:10,  2.55it/s]DEBUG:urllib3.connectionpool:https://outlook.office.com:443 "GET /calendar/0/deeplink/compose?allday=false&body=Help+in+the+preservation+of+our+local+history+and+collections%2C+including+transcriptionists%2C+preservationists%2C+digitizers%2C+and+organization%C2%A0projects.&location=2525+Oakley+Seaver+Dr%2C+Clermont%2C+FL%2C+34711%2C+United+States&path=/calendar/action/compose&rru=addevent&startdt=2026-04-22T10%3A00%3A00-04%3A00&enddt=2026-04-22T12%3A00%3A00-04%3A00&subject=Preserving+Local+History HTTP/1.1" 200 None
DEBUG:root:✅ Hyperlink OK: https://outlook.office.com/calendar/0/deeplink/compose?allday=false&body=Help+in+the+preservation+of+our+local+history+and+collections%2C+including+transcriptionists%2C+preservationists%2C+digitizers%2C+and+organization%C2%A0projects.&location=2525+Oakley+Seaver+Dr%2C+Clermont%2C+FL%2C+34711%2C+United+States&path=/calendar/action/compose&rru=addevent&startdt=2026-04-22T10%3A00%3A00-04%3A00&enddt=2026-04-22T12%3A00%3A00-04%3A00&subject=Preserving+Local+History
DEBUG:root:Checking external hyperlink: https://outlook.live.com/calendar/0/deeplink/compose?allday=false&body=Help+in+the+preservation+of+our+local+history+and+collections%2C+including+transcriptionists%2C+preservationists%2C+digitizers%2C+and+organization%C2%A0projects.&location=2525+Oakley+Seaver+Dr%2C+Clermont%2C+FL%2C+34711%2C+United+States&path=/calendar/action/compose&rru=addevent&startdt=2026-04-22T10%3A00%3A00-04%3A00&enddt=2026-04-22T12%3A00%3A00-04%3A00&subject=Preserving+Local+History
DEBUG:urllib3.connectionpool:Starting new HTTPS connection (1): outlook.live.com:443
DEBUG:urllib3.connectionpool:https://www.google.com:443 "GET /calendar/event?action=TEMPLATE&text=Research+Assistance&dates=20260923T130000/20260923T150000&details=Join+us+weekly+in+the+Genealogy+Room+for+in-person+help+with+your+research.+It%E2%80%99s+a+great+chance+to+get+one-on-one+guidance%2C+ask+questions%2C+and+connect+with+others+who+share+your+passion+for+family+history.&location=2525+Oakley+Seaver+Dr%2C+Clermont%2C+FL%2C+34711%2C+United+States&trp=false&sprop=https%3A%2F%2Fwordpress-810691-5571285.cloudwaysapps.com%2Fevents%2Fresearch-assistance-2025-08-27-2025-09-03-2025-09-10-2025-09-17-2025-09-24-2025-10-01-2025-10-08-2025-10-15-2025-10-22-2025-10-29-2025-11-05-2025-11-12-2025-11-19-2025-11-26-2025-12-03-2-16-2026-09-23%2F&sprop=name:Pastfinders&ctz=America%2FNew_York HTTP/1.1" 302 0
DEBUG:urllib3.connectionpool:Starting new HTTPS connection (1): calendar.google.com:443
DEBUG:urllib3.connectionpool:https://wordpress-810691-5571285.cloudwaysapps.com:443 "GET /wp-content/uploads/2025/08/IMG_1428_1570505457-1024x683.webp HTTP/1.1" 200 123430
DEBUG:urllib3.connectionpool:https://calendar.google.com:443 "GET /calendar/event?action=TEMPLATE&text=Research+Assistance&dates=20260923T130000/20260923T150000&details=Join+us+weekly+in+the+Genealogy+Room+for+in-person+help+with+your+research.+It%E2%80%99s+a+great+chance+to+get+one-on-one+guidance,+ask+questions,+and+connect+with+others+who+share+your+passion+for+family+history.&location=2525+Oakley+Seaver+Dr,+Clermont,+FL,+34711,+United+States&trp=false&sprop=https://wordpress-810691-5571285.cloudwaysapps.com/events/research-assistance-2025-08-27-2025-09-03-2025-09-10-2025-09-17-2025-09-24-2025-10-01-2025-10-08-2025-10-15-2025-10-22-2025-10-29-2025-11-05-2025-11-12-2025-11-19-2025-11-26-2025-12-03-2-16-2026-09-23/&sprop=name:Pastfinders&ctz=America/New_York HTTP/1.1" 302 0
DEBUG:urllib3.connectionpool:Starting new HTTPS connection (1): accounts.google.com:443
DEBUG:urllib3.connectionpool:https://outlook.live.com:443 "GET /calendar/0/deeplink/compose?allday=false&body=Help+in+the+preservation+of+our+local+history+and+collections%2C+including+transcriptionists%2C+preservationists%2C+digitizers%2C+and+organization%C2%A0projects.&location=2525+Oakley+Seaver+Dr%2C+Clermont%2C+FL%2C+34711%2C+United+States&path=/calendar/action/compose&rru=addevent&startdt=2026-04-22T10%3A00%3A00-04%3A00&enddt=2026-04-22T12%3A00%3A00-04%3A00&subject=Preserving+Local+History HTTP/1.1" 200 None
DEBUG:root:✅ Hyperlink OK: https://outlook.live.com/calendar/0/deeplink/compose?allday=false&body=Help+in+the+preservation+of+our+local+history+and+collections%2C+including+transcriptionists%2C+preservationists%2C+digitizers%2C+and+organization%C2%A0projects.&location=2525+Oakley+Seaver+Dr%2C+Clermont%2C+FL%2C+34711%2C+United+States&path=/calendar/action/compose&rru=addevent&startdt=2026-04-22T10%3A00%3A00-04%3A00&enddt=2026-04-22T12%3A00%3A00-04%3A00&subject=Preserving+Local+History
DEBUG:root:Using regex pattern: \b[a-zA-Z]{3,}\b
DEBUG:root:Found 44 words to check in https://wordpress-810691-5571285.cloudwaysapps.com/events/preserving-local-history-2026-04-22/ (min_length=3)
DEBUG:root:Sample words from https://wordpress-810691-5571285.cloudwaysapps.com/events/preserving-local-history-2026-04-22/: ['This', 'alert', 'Skip', 'content', 'Preserving', 'Local', 'History', 'When', 'April', 'Add']
DEBUG:root:Misspelled word found: 'transcriptionists' in https://wordpress-810691-5571285.cloudwaysapps.com/events/preserving-local-history-2026-04-22/
DEBUG:root:Spell check results for https://wordpress-810691-5571285.cloudwaysapps.com/events/preserving-local-history-2026-04-22/: 17 words checked, 27 skipped, 1 errors found
INFO:root:✅ Processed https://wordpress-810691-5571285.cloudwaysapps.com/events/preserving-local-history-2026-04-22/: 1 errors found, 65 words checked
DEBUG:root:Attempting to fetch: https://wordpress-810691-5571285.cloudwaysapps.com/resources/family-history-for-youth-ages-12-and-up/
Processing pages:  53%|█████▎    | 203/381 [01:55<01:03,  2.79it/s]DEBUG:root:✅ Image OK: https://wordpress-810691-5571285.cloudwaysapps.com/wp-content/uploads/2025/08/IMG_1428_1570505457-1024x683.webp
DEBUG:root:Checking internal image: https://wordpress-810691-5571285.cloudwaysapps.com/wp-content/uploads/2025/08/IMG_1426_1570505457-1024x683.webp
DEBUG:urllib3.connectionpool:Starting new HTTPS connection (1): wordpress-810691-5571285.cloudwaysapps.com:443
DEBUG:root:✅ Document OK: https://pastfindersslc.org/upload/newsletters/may_Spring_2005.pdf
DEBUG:root:Checking external document: https://pastfindersslc.org/upload/newsletters/winter_2005.pdf
DEBUG:urllib3.connectionpool:Starting new HTTPS connection (1): pastfindersslc.org:443
DEBUG:urllib3.connectionpool:https://accounts.google.com:443 "GET /ServiceLogin?service=cl&passive=1209600&osid=1&continue=https://calendar.google.com/calendar/event?action%3DTEMPLATE%26text%3DResearch%2BAssistance%26dates%3D20260923T130000/20260923T150000%26details%3DJoin%2Bus%2Bweekly%2Bin%2Bthe%2BGenealogy%2BRoom%2Bfor%2Bin-person%2Bhelp%2Bwith%2Byour%2Bresearch.%2BIt%25E2%2580%2599s%2Ba%2Bgreat%2Bchance%2Bto%2Bget%2Bone-on-one%2Bguidance,%2Bask%2Bquestions,%2Band%2Bconnect%2Bwith%2Bothers%2Bwho%2Bshare%2Byour%2Bpassion%2Bfor%2Bfamily%2Bhistory.%26location%3D2525%2BOakley%2BSeaver%2BDr,%2BClermont,%2BFL,%2B34711,%2BUnited%2BStates%26trp%3Dfalse%26sprop%3Dhttps://wordpress-810691-5571285.cloudwaysapps.com/events/research-assistance-2025-08-27-2025-09-03-2025-09-10-2025-09-17-2025-09-24-2025-10-01-2025-10-08-2025-10-15-2025-10-22-2025-10-29-2025-11-05-2025-11-12-2025-11-19-2025-11-26-2025-12-03-2-16-2026-09-23/%26sprop%3Dname:Pastfinders%26ctz%3DAmerica/New_York&followup=https://calendar.google.com/calendar/event?action%3DTEMPLATE%26text%3DResearch%2BAssistance%26dates%3D20260923T130000/20260923T150000%26details%3DJoin%2Bus%2Bweekly%2Bin%2Bthe%2BGenealogy%2BRoom%2Bfor%2Bin-person%2Bhelp%2Bwith%2Byour%2Bresearch.%2BIt%25E2%2580%2599s%2Ba%2Bgreat%2Bchance%2Bto%2Bget%2Bone-on-one%2Bguidance,%2Bask%2Bquestions,%2Band%2Bconnect%2Bwith%2Bothers%2Bwho%2Bshare%2Byour%2Bpassion%2Bfor%2Bfamily%2Bhistory.%26location%3D2525%2BOakley%2BSeaver%2BDr,%2BClermont,%2BFL,%2B34711,%2BUnited%2BStates%26trp%3Dfalse%26sprop%3Dhttps://wordpress-810691-5571285.cloudwaysapps.com/events/research-assistance-2025-08-27-2025-09-03-2025-09-10-2025-09-17-2025-09-24-2025-10-01-2025-10-08-2025-10-15-2025-10-22-2025-10-29-2025-11-05-2025-11-12-2025-11-19-2025-11-26-2025-12-03-2-16-2026-09-23/%26sprop%3Dname:Pastfinders%26ctz%3DAmerica/New_York&emr=1 HTTP/1.1" 302 0
DEBUG:urllib3.connectionpool:https://accounts.google.com:443 "GET /InteractiveLogin?continue=https://calendar.google.com/calendar/event?action%3DTEMPLATE%26text%3DResearch%2BAssistance%26dates%3D20260923T130000/20260923T150000%26details%3DJoin%2Bus%2Bweekly%2Bin%2Bthe%2BGenealogy%2BRoom%2Bfor%2Bin-person%2Bhelp%2Bwith%2Byour%2Bresearch.%2BIt%25E2%2580%2599s%2Ba%2Bgreat%2Bchance%2Bto%2Bget%2Bone-on-one%2Bguidance,%2Bask%2Bquestions,%2Band%2Bconnect%2Bwith%2Bothers%2Bwho%2Bshare%2Byour%2Bpassion%2Bfor%2Bfamily%2Bhistory.%26location%3D2525%2BOakley%2BSeaver%2BDr,%2BClermont,%2BFL,%2B34711,%2BUnited%2BStates%26trp%3Dfalse%26sprop%3Dhttps://wordpress-810691-5571285.cloudwaysapps.com/events/research-assistance-2025-08-27-2025-09-03-2025-09-10-2025-09-17-2025-09-24-2025-10-01-2025-10-08-2025-10-15-2025-10-22-2025-10-29-2025-11-05-2025-11-12-2025-11-19-2025-11-26-2025-12-03-2-16-2026-09-23/%26sprop%3Dname:Pastfinders%26ctz%3DAmerica/New_York&emr=1&followup=https://calendar.google.com/calendar/event?action%3DTEMPLATE%26text%3DResearch%2BAssistance%26dates%3D20260923T130000/20260923T150000%26details%3DJoin%2Bus%2Bweekly%2Bin%2Bthe%2BGenealogy%2BRoom%2Bfor%2Bin-person%2Bhelp%2Bwith%2Byour%2Bresearch.%2BIt%25E2%2580%2599s%2Ba%2Bgreat%2Bchance%2Bto%2Bget%2Bone-on-one%2Bguidance,%2Bask%2Bquestions,%2Band%2Bconnect%2Bwith%2Bothers%2Bwho%2Bshare%2Byour%2Bpassion%2Bfor%2Bfamily%2Bhistory.%26location%3D2525%2BOakley%2BSeaver%2BDr,%2BClermont,%2BFL,%2B34711,%2BUnited%2BStates%26trp%3Dfalse%26sprop%3Dhttps://wordpress-810691-5571285.cloudwaysapps.com/events/research-assistance-2025-08-27-2025-09-03-2025-09-10-2025-09-17-2025-09-24-2025-10-01-2025-10-08-2025-10-15-2025-10-22-2025-10-29-2025-11-05-2025-11-12-2025-11-19-2025-11-26-2025-12-03-2-16-2026-09-23/%26sprop%3Dname:Pastfinders%26ctz%3DAmerica/New_York&osid=1&passive=1209600&service=cl&ifkv=AdBytiP55ZKej-imO-M7WFJ5vzsBC3IJoh1aidxQYNNCeYO5Clmr1Cjw1OcXipnRDA5tgpyrFtLNIg HTTP/1.1" 302 None
DEBUG:urllib3.connectionpool:https://pastfindersslc.org:443 "GET /upload/newsletters/winter_2005.pdf HTTP/1.1" 200 5466879
DEBUG:urllib3.connectionpool:https://accounts.google.com:443 "GET /v3/signin/identifier?continue=https%3A%2F%2Fcalendar.google.com%2Fcalendar%2Fevent%3Faction%3DTEMPLATE%26text%3DResearch%2BAssistance%26dates%3D20260923T130000%2F20260923T150000%26details%3DJoin%2Bus%2Bweekly%2Bin%2Bthe%2BGenealogy%2BRoom%2Bfor%2Bin-person%2Bhelp%2Bwith%2Byour%2Bresearch.%2BIt%25E2%2580%2599s%2Ba%2Bgreat%2Bchance%2Bto%2Bget%2Bone-on-one%2Bguidance%2C%2Bask%2Bquestions%2C%2Band%2Bconnect%2Bwith%2Bothers%2Bwho%2Bshare%2Byour%2Bpassion%2Bfor%2Bfamily%2Bhistory.%26location%3D2525%2BOakley%2BSeaver%2BDr%2C%2BClermont%2C%2BFL%2C%2B34711%2C%2BUnited%2BStates%26trp%3Dfalse%26sprop%3Dhttps%3A%2F%2Fwordpress-810691-5571285.cloudwaysapps.com%2Fevents%2Fresearch-assistance-2025-08-27-2025-09-03-2025-09-10-2025-09-17-2025-09-24-2025-10-01-2025-10-08-2025-10-15-2025-10-22-2025-10-29-2025-11-05-2025-11-12-2025-11-19-2025-11-26-2025-12-03-2-16-2026-09-23%2F%26sprop%3Dname%3APastfinders%26ctz%3DAmerica%2FNew_York&emr=1&followup=https%3A%2F%2Fcalendar.google.com%2Fcalendar%2Fevent%3Faction%3DTEMPLATE%26text%3DResearch%2BAssistance%26dates%3D20260923T130000%2F20260923T150000%26details%3DJoin%2Bus%2Bweekly%2Bin%2Bthe%2BGenealogy%2BRoom%2Bfor%2Bin-person%2Bhelp%2Bwith%2Byour%2Bresearch.%2BIt%25E2%2580%2599s%2Ba%2Bgreat%2Bchance%2Bto%2Bget%2Bone-on-one%2Bguidance%2C%2Bask%2Bquestions%2C%2Band%2Bconnect%2Bwith%2Bothers%2Bwho%2Bshare%2Byour%2Bpassion%2Bfor%2Bfamily%2Bhistory.%26location%3D2525%2BOakley%2BSeaver%2BDr%2C%2BClermont%2C%2BFL%2C%2B34711%2C%2BUnited%2BStates%26trp%3Dfalse%26sprop%3Dhttps%3A%2F%2Fwordpress-810691-5571285.cloudwaysapps.com%2Fevents%2Fresearch-assistance-2025-08-27-2025-09-03-2025-09-10-2025-09-17-2025-09-24-2025-10-01-2025-10-08-2025-10-15-2025-10-22-2025-10-29-2025-11-05-2025-11-12-2025-11-19-2025-11-26-2025-12-03-2-16-2026-09-23%2F%26sprop%3Dname%3APastfinders%26ctz%3DAmerica%2FNew_York&ifkv=AdBytiMJgaEZpxVLi2XpjHCdBsEmPl8XgQTg76Ko2WBv7Bzm1KFZcooaRRPG1DCMvZSnEdNVWCoQ&osid=1&passive=1209600&service=cl&flowName=WebLiteSignIn&flowEntry=ServiceLogin&dsh=S1478769303%3A1756758240029559 HTTP/1.1" 200 None
DEBUG:urllib3.connectionpool:https://wordpress-810691-5571285.cloudwaysapps.com:443 "GET /wp-content/uploads/2025/08/IMG_1426_1570505457-1024x683.webp HTTP/1.1" 200 102942
DEBUG:root:✅ Hyperlink OK: https://www.google.com/calendar/event?action=TEMPLATE&text=Research+Assistance&dates=20260923T130000/20260923T150000&details=Join+us+weekly+in+the+Genealogy+Room+for+in-person+help+with+your+research.+It%E2%80%99s+a+great+chance+to+get+one-on-one+guidance%2C+ask+questions%2C+and+connect+with+others+who+share+your+passion+for+family+history.&location=2525+Oakley+Seaver+Dr%2C+Clermont%2C+FL%2C+34711%2C+United+States&trp=false&sprop=https%3A%2F%2Fwordpress-810691-5571285.cloudwaysapps.com%2Fevents%2Fresearch-assistance-2025-08-27-2025-09-03-2025-09-10-2025-09-17-2025-09-24-2025-10-01-2025-10-08-2025-10-15-2025-10-22-2025-10-29-2025-11-05-2025-11-12-2025-11-19-2025-11-26-2025-12-03-2-16-2026-09-23%2F&sprop=name:Pastfinders&ctz=America%2FNew_York
DEBUG:root:Checking external hyperlink: https://outlook.office.com/calendar/0/deeplink/compose?allday=false&body=Join+us+weekly+in+the+Genealogy+Room+for+in-person+help+with+your+research.+It%E2%80%99s+a+great+chance+to+get+one-on-one+guidance%2C+ask+questions%2C+and+connect+with+others+who+share+your+passion+for+family+history.&location=2525+Oakley+Seaver+Dr%2C+Clermont%2C+FL%2C+34711%2C+United+States&path=/calendar/action/compose&rru=addevent&startdt=2026-09-23T13%3A00%3A00-04%3A00&enddt=2026-09-23T15%3A00%3A00-04%3A00&subject=Research+Assistance
DEBUG:urllib3.connectionpool:Starting new HTTPS connection (1): outlook.office.com:443
DEBUG:root:✅ Image OK: https://wordpress-810691-5571285.cloudwaysapps.com/wp-content/uploads/2025/08/IMG_1426_1570505457-1024x683.webp
DEBUG:root:Checking internal image: https://wordpress-810691-5571285.cloudwaysapps.com/wp-content/uploads/2025/08/IMG_1435_1570505457-1024x683.webp
DEBUG:urllib3.connectionpool:Starting new HTTPS connection (1): wordpress-810691-5571285.cloudwaysapps.com:443
DEBUG:urllib3.connectionpool:https://outlook.office.com:443 "GET /calendar/0/deeplink/compose?allday=false&body=Join+us+weekly+in+the+Genealogy+Room+for+in-person+help+with+your+research.+It%E2%80%99s+a+great+chance+to+get+one-on-one+guidance%2C+ask+questions%2C+and+connect+with+others+who+share+your+passion+for+family+history.&location=2525+Oakley+Seaver+Dr%2C+Clermont%2C+FL%2C+34711%2C+United+States&path=/calendar/action/compose&rru=addevent&startdt=2026-09-23T13%3A00%3A00-04%3A00&enddt=2026-09-23T15%3A00%3A00-04%3A00&subject=Research+Assistance HTTP/1.1" 200 None
DEBUG:root:✅ Hyperlink OK: https://outlook.office.com/calendar/0/deeplink/compose?allday=false&body=Join+us+weekly+in+the+Genealogy+Room+for+in-person+help+with+your+research.+It%E2%80%99s+a+great+chance+to+get+one-on-one+guidance%2C+ask+questions%2C+and+connect+with+others+who+share+your+passion+for+family+history.&location=2525+Oakley+Seaver+Dr%2C+Clermont%2C+FL%2C+34711%2C+United+States&path=/calendar/action/compose&rru=addevent&startdt=2026-09-23T13%3A00%3A00-04%3A00&enddt=2026-09-23T15%3A00%3A00-04%3A00&subject=Research+Assistance
DEBUG:root:Checking external hyperlink: https://outlook.live.com/calendar/0/deeplink/compose?allday=false&body=Join+us+weekly+in+the+Genealogy+Room+for+in-person+help+with+your+research.+It%E2%80%99s+a+great+chance+to+get+one-on-one+guidance%2C+ask+questions%2C+and+connect+with+others+who+share+your+passion+for+family+history.&location=2525+Oakley+Seaver+Dr%2C+Clermont%2C+FL%2C+34711%2C+United+States&path=/calendar/action/compose&rru=addevent&startdt=2026-09-23T13%3A00%3A00-04%3A00&enddt=2026-09-23T15%3A00%3A00-04%3A00&subject=Research+Assistance
DEBUG:urllib3.connectionpool:Starting new HTTPS connection (1): outlook.live.com:443
DEBUG:urllib3.connectionpool:https://wordpress-810691-5571285.cloudwaysapps.com:443 "GET /wp-content/uploads/2025/08/IMG_1435_1570505457-1024x683.webp HTTP/1.1" 200 51248
DEBUG:urllib3.connectionpool:https://wordpress-810691-5571285.cloudwaysapps.com:443 "GET /resources/ancestry-com-getting-started/ HTTP/1.1" 200 None
DEBUG:root:Successfully fetched https://wordpress-810691-5571285.cloudwaysapps.com/resources/ancestry-com-getting-started/ (Content-Length: 38694)
DEBUG:urllib3.connectionpool:https://wordpress-810691-5571285.cloudwaysapps.com:443 "GET /resources/family-history-for-youth-ages-12-and-up/ HTTP/1.1" 200 None
DEBUG:charset_normalizer:Encoding detection: utf_8 is most likely the one.
DEBUG:root:Successfully fetched https://wordpress-810691-5571285.cloudwaysapps.com/resources/family-history-for-youth-ages-12-and-up/ (Content-Length: 39016)
DEBUG:charset_normalizer:Encoding detection: utf_8 is most likely the one.
DEBUG:root:✅ Image OK: https://wordpress-810691-5571285.cloudwaysapps.com/wp-content/uploads/2025/08/IMG_1435_1570505457-1024x683.webp
DEBUG:root:Checking internal image: https://wordpress-810691-5571285.cloudwaysapps.com/wp-content/uploads/2025/08/IMG_1437_1570505457-1024x683.webp
DEBUG:urllib3.connectionpool:Starting new HTTPS connection (1): wordpress-810691-5571285.cloudwaysapps.com:443
DEBUG:root:Extracted 408 characters, 67 words from https://wordpress-810691-5571285.cloudwaysapps.com/resources/ancestry-com-getting-started/
DEBUG:root:Using regex pattern: \b[a-zA-Z]{3,}\b
DEBUG:root:Found 53 words to check in https://wordpress-810691-5571285.cloudwaysapps.com/resources/ancestry-com-getting-started/ (min_length=3)
DEBUG:root:Sample words from https://wordpress-810691-5571285.cloudwaysapps.com/resources/ancestry-com-getting-started/: ['This', 'alert', 'Skip', 'content', 'Ancestry', 'com', 'Getting', 'Started', 'June', 'Lessons']
DEBUG:root:Skipped email/domain fragment: 'com'
DEBUG:root:Skipped email/domain fragment: 'ancestry'
DEBUG:root:Spell check results for https://wordpress-810691-5571285.cloudwaysapps.com/resources/ancestry-com-getting-started/: 31 words checked, 22 skipped, 0 errors found
INFO:root:✅ Processed https://wordpress-810691-5571285.cloudwaysapps.com/resources/ancestry-com-getting-started/: 0 errors found, 67 words checked
DEBUG:root:Attempting to fetch: https://wordpress-810691-5571285.cloudwaysapps.com/galleries/2016-may-bret-gordon-as-grant/
Processing pages:  54%|█████▎    | 204/381 [01:56<01:28,  2.00it/s]DEBUG:root:✅ Document OK: https://pastfindersslc.org/upload/newsletters/winter_2005.pdf
DEBUG:root:Checking external document: https://pastfindersslc.org/upload/newsletters/IMG_0014fall.pdf
DEBUG:root:Extracted 654 characters, 107 words from https://wordpress-810691-5571285.cloudwaysapps.com/resources/family-history-for-youth-ages-12-and-up/
DEBUG:root:Using regex pattern: \b[a-zA-Z]{3,}\b
DEBUG:root:Found 84 words to check in https://wordpress-810691-5571285.cloudwaysapps.com/resources/family-history-for-youth-ages-12-and-up/ (min_length=3)
DEBUG:root:Sample words from https://wordpress-810691-5571285.cloudwaysapps.com/resources/family-history-for-youth-ages-12-and-up/: ['This', 'alert', 'Skip', 'content', 'Family', 'History', 'for', 'Youth', 'ages', 'and']
DEBUG:root:Spell check results for https://wordpress-810691-5571285.cloudwaysapps.com/resources/family-history-for-youth-ages-12-and-up/: 65 words checked, 19 skipped, 0 errors found
INFO:root:✅ Processed https://wordpress-810691-5571285.cloudwaysapps.com/resources/family-history-for-youth-ages-12-and-up/: 0 errors found, 107 words checked
DEBUG:root:Attempting to fetch: https://wordpress-810691-5571285.cloudwaysapps.com/genealogy-beginners-classes/
DEBUG:urllib3.connectionpool:Starting new HTTPS connection (1): pastfindersslc.org:443
DEBUG:urllib3.connectionpool:https://outlook.live.com:443 "GET /calendar/0/deeplink/compose?allday=false&body=Join+us+weekly+in+the+Genealogy+Room+for+in-person+help+with+your+research.+It%E2%80%99s+a+great+chance+to+get+one-on-one+guidance%2C+ask+questions%2C+and+connect+with+others+who+share+your+passion+for+family+history.&location=2525+Oakley+Seaver+Dr%2C+Clermont%2C+FL%2C+34711%2C+United+States&path=/calendar/action/compose&rru=addevent&startdt=2026-09-23T13%3A00%3A00-04%3A00&enddt=2026-09-23T15%3A00%3A00-04%3A00&subject=Research+Assistance HTTP/1.1" 200 None
DEBUG:root:✅ Hyperlink OK: https://outlook.live.com/calendar/0/deeplink/compose?allday=false&body=Join+us+weekly+in+the+Genealogy+Room+for+in-person+help+with+your+research.+It%E2%80%99s+a+great+chance+to+get+one-on-one+guidance%2C+ask+questions%2C+and+connect+with+others+who+share+your+passion+for+family+history.&location=2525+Oakley+Seaver+Dr%2C+Clermont%2C+FL%2C+34711%2C+United+States&path=/calendar/action/compose&rru=addevent&startdt=2026-09-23T13%3A00%3A00-04%3A00&enddt=2026-09-23T15%3A00%3A00-04%3A00&subject=Research+Assistance
DEBUG:root:Using regex pattern: \b[a-zA-Z]{3,}\b
DEBUG:root:Found 58 words to check in https://wordpress-810691-5571285.cloudwaysapps.com/events/research-assistance-2025-08-27-2025-09-03-2025-09-10-2025-09-17-2025-09-24-2025-10-01-2025-10-08-2025-10-15-2025-10-22-2025-10-29-2025-11-05-2025-11-12-2025-11-19-2025-11-26-2025-12-03-2-16-2026-09-23/ (min_length=3)
DEBUG:root:Sample words from https://wordpress-810691-5571285.cloudwaysapps.com/events/research-assistance-2025-08-27-2025-09-03-2025-09-10-2025-09-17-2025-09-24-2025-10-01-2025-10-08-2025-10-15-2025-10-22-2025-10-29-2025-11-05-2025-11-12-2025-11-19-2025-11-26-2025-12-03-2-16-2026-09-23/: ['This', 'alert', 'Skip', 'content', 'Research', 'Assistance', 'When', 'September', 'Add', 'Calendar']
DEBUG:root:Spell check results for https://wordpress-810691-5571285.cloudwaysapps.com/events/research-assistance-2025-08-27-2025-09-03-2025-09-10-2025-09-17-2025-09-24-2025-10-01-2025-10-08-2025-10-15-2025-10-22-2025-10-29-2025-11-05-2025-11-12-2025-11-19-2025-11-26-2025-12-03-2-16-2026-09-23/: 30 words checked, 28 skipped, 0 errors found
INFO:root:✅ Processed https://wordpress-810691-5571285.cloudwaysapps.com/events/research-assistance-2025-08-27-2025-09-03-2025-09-10-2025-09-17-2025-09-24-2025-10-01-2025-10-08-2025-10-15-2025-10-22-2025-10-29-2025-11-05-2025-11-12-2025-11-19-2025-11-26-2025-12-03-2-16-2026-09-23/: 0 errors found, 85 words checked
DEBUG:root:Attempting to fetch: https://wordpress-810691-5571285.cloudwaysapps.com/events/research-assistance-2025-08-27-2025-09-03-2025-09-10-2025-09-17-2025-09-24-2025-10-01-2025-10-08-2025-10-15-2025-10-22-2025-10-29-2025-11-05-2025-11-12-2025-11-19-2025-11-26-2025-12-03-2-06-2026-05-13/
DEBUG:urllib3.connectionpool:https://wordpress-810691-5571285.cloudwaysapps.com:443 "GET /galleries/2016-may-bret-gordon-as-grant/ HTTP/1.1" 200 None
DEBUG:root:Successfully fetched https://wordpress-810691-5571285.cloudwaysapps.com/galleries/2016-may-bret-gordon-as-grant/ (Content-Length: 50399)
DEBUG:charset_normalizer:Encoding detection: utf_8 is most likely the one.
DEBUG:urllib3.connectionpool:https://wordpress-810691-5571285.cloudwaysapps.com:443 "GET /genealogy-beginners-classes/ HTTP/1.1" 200 9895
DEBUG:root:Successfully fetched https://wordpress-810691-5571285.cloudwaysapps.com/genealogy-beginners-classes/ (Content-Length: 39535)
DEBUG:charset_normalizer:Encoding detection: utf_8 is most likely the one.
DEBUG:root:Extracted 213 characters, 42 words from https://wordpress-810691-5571285.cloudwaysapps.com/galleries/2016-may-bret-gordon-as-grant/
DEBUG:root:Checking internal image: https://wordpress-810691-5571285.cloudwaysapps.com/wp-content/uploads/2025/08/20160414_170436_1566928756-1024x576.webp
DEBUG:urllib3.connectionpool:Starting new HTTPS connection (1): wordpress-810691-5571285.cloudwaysapps.com:443
DEBUG:root:Extracted 1869 characters, 284 words from https://wordpress-810691-5571285.cloudwaysapps.com/genealogy-beginners-classes/
DEBUG:root:Using regex pattern: \b[a-zA-Z]{3,}\b
DEBUG:root:Found 243 words to check in https://wordpress-810691-5571285.cloudwaysapps.com/genealogy-beginners-classes/ (min_length=3)
DEBUG:root:Sample words from https://wordpress-810691-5571285.cloudwaysapps.com/genealogy-beginners-classes/: ['This', 'alert', 'Skip', 'content', 'Genealogy', 'Beginners', 'Classes', 'Pastfinders', 'offers', 'free']
DEBUG:root:Skipped email/domain fragment: 'ancestry'
DEBUG:root:Spell check results for https://wordpress-810691-5571285.cloudwaysapps.com/genealogy-beginners-classes/: 183 words checked, 60 skipped, 0 errors found
INFO:root:✅ Processed https://wordpress-810691-5571285.cloudwaysapps.com/genealogy-beginners-classes/: 0 errors found, 284 words checked
DEBUG:root:Attempting to fetch: https://wordpress-810691-5571285.cloudwaysapps.com/galleries/2016-sam-metro/
DEBUG:urllib3.connectionpool:https://wordpress-810691-5571285.cloudwaysapps.com:443 "GET /events/research-assistance-2025-08-27-2025-09-03-2025-09-10-2025-09-17-2025-09-24-2025-10-01-2025-10-08-2025-10-15-2025-10-22-2025-10-29-2025-11-05-2025-11-12-2025-11-19-2025-11-26-2025-12-03-2-06-2026-05-13/ HTTP/1.1" 200 None
Processing pages:  54%|█████▍    | 207/381 [01:56<00:47,  3.65it/s]DEBUG:root:Successfully fetched https://wordpress-810691-5571285.cloudwaysapps.com/events/research-assistance-2025-08-27-2025-09-03-2025-09-10-2025-09-17-2025-09-24-2025-10-01-2025-10-08-2025-10-15-2025-10-22-2025-10-29-2025-11-05-2025-11-12-2025-11-19-2025-11-26-2025-12-03-2-06-2026-05-13/ (Content-Length: 44209)
DEBUG:charset_normalizer:Encoding detection: utf_8 is most likely the one.
DEBUG:root:Extracted 487 characters, 85 words from https://wordpress-810691-5571285.cloudwaysapps.com/events/research-assistance-2025-08-27-2025-09-03-2025-09-10-2025-09-17-2025-09-24-2025-10-01-2025-10-08-2025-10-15-2025-10-22-2025-10-29-2025-11-05-2025-11-12-2025-11-19-2025-11-26-2025-12-03-2-06-2026-05-13/
DEBUG:root:Checking external hyperlink: https://www.google.com/calendar/event?action=TEMPLATE&text=Research+Assistance&dates=20260513T130000/20260513T150000&details=Join+us+weekly+in+the+Genealogy+Room+for+in-person+help+with+your+research.+It%E2%80%99s+a+great+chance+to+get+one-on-one+guidance%2C+ask+questions%2C+and+connect+with+others+who+share+your+passion+for+family+history.&location=2525+Oakley+Seaver+Dr%2C+Clermont%2C+FL%2C+34711%2C+United+States&trp=false&sprop=https%3A%2F%2Fwordpress-810691-5571285.cloudwaysapps.com%2Fevents%2Fresearch-assistance-2025-08-27-2025-09-03-2025-09-10-2025-09-17-2025-09-24-2025-10-01-2025-10-08-2025-10-15-2025-10-22-2025-10-29-2025-11-05-2025-11-12-2025-11-19-2025-11-26-2025-12-03-2-06-2026-05-13%2F&sprop=name:Pastfinders&ctz=America%2FNew_York
DEBUG:urllib3.connectionpool:Starting new HTTPS connection (1): www.google.com:443
DEBUG:urllib3.connectionpool:https://pastfindersslc.org:443 "GET /upload/newsletters/IMG_0014fall.pdf HTTP/1.1" 200 6824181
DEBUG:urllib3.connectionpool:https://wordpress-810691-5571285.cloudwaysapps.com:443 "GET /wp-content/uploads/2025/08/IMG_1437_1570505457-1024x683.webp HTTP/1.1" 200 56520
DEBUG:urllib3.connectionpool:https://wordpress-810691-5571285.cloudwaysapps.com:443 "GET /galleries/2016-sam-metro/ HTTP/1.1" 200 None
DEBUG:root:Successfully fetched https://wordpress-810691-5571285.cloudwaysapps.com/galleries/2016-sam-metro/ (Content-Length: 47808)
DEBUG:charset_normalizer:Encoding detection: utf_8 is most likely the one.
DEBUG:root:Extracted 184 characters, 35 words from https://wordpress-810691-5571285.cloudwaysapps.com/galleries/2016-sam-metro/
DEBUG:root:Checking internal image: https://wordpress-810691-5571285.cloudwaysapps.com/wp-content/uploads/2025/08/IMG_0015_1566947748-476x1024.webp
DEBUG:urllib3.connectionpool:Starting new HTTPS connection (1): wordpress-810691-5571285.cloudwaysapps.com:443
DEBUG:root:✅ Image OK: https://wordpress-810691-5571285.cloudwaysapps.com/wp-content/uploads/2025/08/IMG_1437_1570505457-1024x683.webp
DEBUG:root:Checking internal image: https://wordpress-810691-5571285.cloudwaysapps.com/wp-content/uploads/2025/08/IMG_1439_1570505457-1024x683.webp
DEBUG:urllib3.connectionpool:Starting new HTTPS connection (1): wordpress-810691-5571285.cloudwaysapps.com:443
DEBUG:urllib3.connectionpool:https://www.google.com:443 "GET /calendar/event?action=TEMPLATE&text=Research+Assistance&dates=20260513T130000/20260513T150000&details=Join+us+weekly+in+the+Genealogy+Room+for+in-person+help+with+your+research.+It%E2%80%99s+a+great+chance+to+get+one-on-one+guidance%2C+ask+questions%2C+and+connect+with+others+who+share+your+passion+for+family+history.&location=2525+Oakley+Seaver+Dr%2C+Clermont%2C+FL%2C+34711%2C+United+States&trp=false&sprop=https%3A%2F%2Fwordpress-810691-5571285.cloudwaysapps.com%2Fevents%2Fresearch-assistance-2025-08-27-2025-09-03-2025-09-10-2025-09-17-2025-09-24-2025-10-01-2025-10-08-2025-10-15-2025-10-22-2025-10-29-2025-11-05-2025-11-12-2025-11-19-2025-11-26-2025-12-03-2-06-2026-05-13%2F&sprop=name:Pastfinders&ctz=America%2FNew_York HTTP/1.1" 302 0
DEBUG:urllib3.connectionpool:Starting new HTTPS connection (1): calendar.google.com:443
DEBUG:urllib3.connectionpool:https://wordpress-810691-5571285.cloudwaysapps.com:443 "GET /wp-content/uploads/2025/08/20160414_170436_1566928756-1024x576.webp HTTP/1.1" 200 56842
DEBUG:root:✅ Image OK: https://wordpress-810691-5571285.cloudwaysapps.com/wp-content/uploads/2025/08/20160414_170436_1566928756-1024x576.webp
DEBUG:root:Checking internal image: https://wordpress-810691-5571285.cloudwaysapps.com/wp-content/uploads/2025/08/20160414_170436_1566929104-1024x576.webp
DEBUG:urllib3.connectionpool:Starting new HTTPS connection (1): wordpress-810691-5571285.cloudwaysapps.com:443
DEBUG:urllib3.connectionpool:https://calendar.google.com:443 "GET /calendar/event?action=TEMPLATE&text=Research+Assistance&dates=20260513T130000/20260513T150000&details=Join+us+weekly+in+the+Genealogy+Room+for+in-person+help+with+your+research.+It%E2%80%99s+a+great+chance+to+get+one-on-one+guidance,+ask+questions,+and+connect+with+others+who+share+your+passion+for+family+history.&location=2525+Oakley+Seaver+Dr,+Clermont,+FL,+34711,+United+States&trp=false&sprop=https://wordpress-810691-5571285.cloudwaysapps.com/events/research-assistance-2025-08-27-2025-09-03-2025-09-10-2025-09-17-2025-09-24-2025-10-01-2025-10-08-2025-10-15-2025-10-22-2025-10-29-2025-11-05-2025-11-12-2025-11-19-2025-11-26-2025-12-03-2-06-2026-05-13/&sprop=name:Pastfinders&ctz=America/New_York HTTP/1.1" 302 0
DEBUG:urllib3.connectionpool:Starting new HTTPS connection (1): accounts.google.com:443
DEBUG:urllib3.connectionpool:https://wordpress-810691-5571285.cloudwaysapps.com:443 "GET /wp-content/uploads/2025/08/IMG_0015_1566947748-476x1024.webp HTTP/1.1" 200 90126
DEBUG:urllib3.connectionpool:https://wordpress-810691-5571285.cloudwaysapps.com:443 "GET /wp-content/uploads/2025/08/IMG_1439_1570505457-1024x683.webp HTTP/1.1" 200 83228
DEBUG:root:✅ Image OK: https://wordpress-810691-5571285.cloudwaysapps.com/wp-content/uploads/2025/08/IMG_0015_1566947748-476x1024.webp
DEBUG:root:Checking internal image: https://wordpress-810691-5571285.cloudwaysapps.com/wp-content/uploads/2025/08/IMG_0015_3_1566947748-1024x927.webp
DEBUG:root:✅ Image OK: https://wordpress-810691-5571285.cloudwaysapps.com/wp-content/uploads/2025/08/IMG_1439_1570505457-1024x683.webp
DEBUG:root:Using regex pattern: \b[a-zA-Z]{3,}\b
DEBUG:root:Found 51 words to check in https://wordpress-810691-5571285.cloudwaysapps.com/galleries/2018-holiday-dinner/ (min_length=3)
DEBUG:root:Sample words from https://wordpress-810691-5571285.cloudwaysapps.com/galleries/2018-holiday-dinner/: ['This', 'alert', 'Skip', 'content', 'Holiday', 'Dinner', 'images', 'Click', 'view', 'Click']
DEBUG:root:Spell check results for https://wordpress-810691-5571285.cloudwaysapps.com/galleries/2018-holiday-dinner/: 23 words checked, 28 skipped, 0 errors found
INFO:root:✅ Processed https://wordpress-810691-5571285.cloudwaysapps.com/galleries/2018-holiday-dinner/: 0 errors found, 103 words checked
DEBUG:root:Attempting to fetch: https://wordpress-810691-5571285.cloudwaysapps.com/events/preserving-local-history-2025-11-12/
Processing pages:  55%|█████▍    | 208/381 [01:57<00:52,  3.28it/s]DEBUG:urllib3.connectionpool:Starting new HTTPS connection (1): wordpress-810691-5571285.cloudwaysapps.com:443
DEBUG:urllib3.connectionpool:https://accounts.google.com:443 "GET /ServiceLogin?service=cl&passive=1209600&osid=1&continue=https://calendar.google.com/calendar/event?action%3DTEMPLATE%26text%3DResearch%2BAssistance%26dates%3D20260513T130000/20260513T150000%26details%3DJoin%2Bus%2Bweekly%2Bin%2Bthe%2BGenealogy%2BRoom%2Bfor%2Bin-person%2Bhelp%2Bwith%2Byour%2Bresearch.%2BIt%25E2%2580%2599s%2Ba%2Bgreat%2Bchance%2Bto%2Bget%2Bone-on-one%2Bguidance,%2Bask%2Bquestions,%2Band%2Bconnect%2Bwith%2Bothers%2Bwho%2Bshare%2Byour%2Bpassion%2Bfor%2Bfamily%2Bhistory.%26location%3D2525%2BOakley%2BSeaver%2BDr,%2BClermont,%2BFL,%2B34711,%2BUnited%2BStates%26trp%3Dfalse%26sprop%3Dhttps://wordpress-810691-5571285.cloudwaysapps.com/events/research-assistance-2025-08-27-2025-09-03-2025-09-10-2025-09-17-2025-09-24-2025-10-01-2025-10-08-2025-10-15-2025-10-22-2025-10-29-2025-11-05-2025-11-12-2025-11-19-2025-11-26-2025-12-03-2-06-2026-05-13/%26sprop%3Dname:Pastfinders%26ctz%3DAmerica/New_York&followup=https://calendar.google.com/calendar/event?action%3DTEMPLATE%26text%3DResearch%2BAssistance%26dates%3D20260513T130000/20260513T150000%26details%3DJoin%2Bus%2Bweekly%2Bin%2Bthe%2BGenealogy%2BRoom%2Bfor%2Bin-person%2Bhelp%2Bwith%2Byour%2Bresearch.%2BIt%25E2%2580%2599s%2Ba%2Bgreat%2Bchance%2Bto%2Bget%2Bone-on-one%2Bguidance,%2Bask%2Bquestions,%2Band%2Bconnect%2Bwith%2Bothers%2Bwho%2Bshare%2Byour%2Bpassion%2Bfor%2Bfamily%2Bhistory.%26location%3D2525%2BOakley%2BSeaver%2BDr,%2BClermont,%2BFL,%2B34711,%2BUnited%2BStates%26trp%3Dfalse%26sprop%3Dhttps://wordpress-810691-5571285.cloudwaysapps.com/events/research-assistance-2025-08-27-2025-09-03-2025-09-10-2025-09-17-2025-09-24-2025-10-01-2025-10-08-2025-10-15-2025-10-22-2025-10-29-2025-11-05-2025-11-12-2025-11-19-2025-11-26-2025-12-03-2-06-2026-05-13/%26sprop%3Dname:Pastfinders%26ctz%3DAmerica/New_York&emr=1 HTTP/1.1" 302 0
DEBUG:urllib3.connectionpool:https://wordpress-810691-5571285.cloudwaysapps.com:443 "GET /events/preserving-local-history-2025-11-12/ HTTP/1.1" 200 None
DEBUG:root:Successfully fetched https://wordpress-810691-5571285.cloudwaysapps.com/events/preserving-local-history-2025-11-12/ (Content-Length: 43176)
DEBUG:charset_normalizer:Encoding detection: utf_8 is most likely the one.
DEBUG:root:Extracted 447 characters, 65 words from https://wordpress-810691-5571285.cloudwaysapps.com/events/preserving-local-history-2025-11-12/
DEBUG:root:Checking external hyperlink: https://www.google.com/calendar/event?action=TEMPLATE&text=Preserving+Local+History&dates=20251112T100000/20251112T120000&details=Help+in+the+preservation+of+our+local+history+and+collections%2C+including+transcriptionists%2C+preservationists%2C+digitizers%2C+and+organization%C2%A0projects.&location=2525+Oakley+Seaver+Dr%2C+Clermont%2C+FL%2C+34711%2C+United+States&trp=false&sprop=https%3A%2F%2Fwordpress-810691-5571285.cloudwaysapps.com%2Fevents%2Fpreserving-local-history-2025-11-12%2F&sprop=name:Pastfinders&ctz=America%2FNew_York
DEBUG:urllib3.connectionpool:Starting new HTTPS connection (1): www.google.com:443
DEBUG:urllib3.connectionpool:https://accounts.google.com:443 "GET /InteractiveLogin?continue=https://calendar.google.com/calendar/event?action%3DTEMPLATE%26text%3DResearch%2BAssistance%26dates%3D20260513T130000/20260513T150000%26details%3DJoin%2Bus%2Bweekly%2Bin%2Bthe%2BGenealogy%2BRoom%2Bfor%2Bin-person%2Bhelp%2Bwith%2Byour%2Bresearch.%2BIt%25E2%2580%2599s%2Ba%2Bgreat%2Bchance%2Bto%2Bget%2Bone-on-one%2Bguidance,%2Bask%2Bquestions,%2Band%2Bconnect%2Bwith%2Bothers%2Bwho%2Bshare%2Byour%2Bpassion%2Bfor%2Bfamily%2Bhistory.%26location%3D2525%2BOakley%2BSeaver%2BDr,%2BClermont,%2BFL,%2B34711,%2BUnited%2BStates%26trp%3Dfalse%26sprop%3Dhttps://wordpress-810691-5571285.cloudwaysapps.com/events/research-assistance-2025-08-27-2025-09-03-2025-09-10-2025-09-17-2025-09-24-2025-10-01-2025-10-08-2025-10-15-2025-10-22-2025-10-29-2025-11-05-2025-11-12-2025-11-19-2025-11-26-2025-12-03-2-06-2026-05-13/%26sprop%3Dname:Pastfinders%26ctz%3DAmerica/New_York&emr=1&followup=https://calendar.google.com/calendar/event?action%3DTEMPLATE%26text%3DResearch%2BAssistance%26dates%3D20260513T130000/20260513T150000%26details%3DJoin%2Bus%2Bweekly%2Bin%2Bthe%2BGenealogy%2BRoom%2Bfor%2Bin-person%2Bhelp%2Bwith%2Byour%2Bresearch.%2BIt%25E2%2580%2599s%2Ba%2Bgreat%2Bchance%2Bto%2Bget%2Bone-on-one%2Bguidance,%2Bask%2Bquestions,%2Band%2Bconnect%2Bwith%2Bothers%2Bwho%2Bshare%2Byour%2Bpassion%2Bfor%2Bfamily%2Bhistory.%26location%3D2525%2BOakley%2BSeaver%2BDr,%2BClermont,%2BFL,%2B34711,%2BUnited%2BStates%26trp%3Dfalse%26sprop%3Dhttps://wordpress-810691-5571285.cloudwaysapps.com/events/research-assistance-2025-08-27-2025-09-03-2025-09-10-2025-09-17-2025-09-24-2025-10-01-2025-10-08-2025-10-15-2025-10-22-2025-10-29-2025-11-05-2025-11-12-2025-11-19-2025-11-26-2025-12-03-2-06-2026-05-13/%26sprop%3Dname:Pastfinders%26ctz%3DAmerica/New_York&osid=1&passive=1209600&service=cl&ifkv=AdBytiNB1OmJsdDTLm9q_bkhfmP_m2w1PtO1VH7UkkVn5Jfhic6qtQ5A_nVcwBbm36jWoYYXAru-uA HTTP/1.1" 302 None
DEBUG:urllib3.connectionpool:https://wordpress-810691-5571285.cloudwaysapps.com:443 "GET /wp-content/uploads/2025/08/20160414_170436_1566929104-1024x576.webp HTTP/1.1" 200 56842
DEBUG:root:✅ Image OK: https://wordpress-810691-5571285.cloudwaysapps.com/wp-content/uploads/2025/08/20160414_170436_1566929104-1024x576.webp
DEBUG:root:Checking internal image: https://wordpress-810691-5571285.cloudwaysapps.com/wp-content/uploads/2025/08/20160414_170705_1566928756-1024x576.webp
DEBUG:urllib3.connectionpool:https://accounts.google.com:443 "GET /v3/signin/identifier?continue=https%3A%2F%2Fcalendar.google.com%2Fcalendar%2Fevent%3Faction%3DTEMPLATE%26text%3DResearch%2BAssistance%26dates%3D20260513T130000%2F20260513T150000%26details%3DJoin%2Bus%2Bweekly%2Bin%2Bthe%2BGenealogy%2BRoom%2Bfor%2Bin-person%2Bhelp%2Bwith%2Byour%2Bresearch.%2BIt%25E2%2580%2599s%2Ba%2Bgreat%2Bchance%2Bto%2Bget%2Bone-on-one%2Bguidance%2C%2Bask%2Bquestions%2C%2Band%2Bconnect%2Bwith%2Bothers%2Bwho%2Bshare%2Byour%2Bpassion%2Bfor%2Bfamily%2Bhistory.%26location%3D2525%2BOakley%2BSeaver%2BDr%2C%2BClermont%2C%2BFL%2C%2B34711%2C%2BUnited%2BStates%26trp%3Dfalse%26sprop%3Dhttps%3A%2F%2Fwordpress-810691-5571285.cloudwaysapps.com%2Fevents%2Fresearch-assistance-2025-08-27-2025-09-03-2025-09-10-2025-09-17-2025-09-24-2025-10-01-2025-10-08-2025-10-15-2025-10-22-2025-10-29-2025-11-05-2025-11-12-2025-11-19-2025-11-26-2025-12-03-2-06-2026-05-13%2F%26sprop%3Dname%3APastfinders%26ctz%3DAmerica%2FNew_York&emr=1&followup=https%3A%2F%2Fcalendar.google.com%2Fcalendar%2Fevent%3Faction%3DTEMPLATE%26text%3DResearch%2BAssistance%26dates%3D20260513T130000%2F20260513T150000%26details%3DJoin%2Bus%2Bweekly%2Bin%2Bthe%2BGenealogy%2BRoom%2Bfor%2Bin-person%2Bhelp%2Bwith%2Byour%2Bresearch.%2BIt%25E2%2580%2599s%2Ba%2Bgreat%2Bchance%2Bto%2Bget%2Bone-on-one%2Bguidance%2C%2Bask%2Bquestions%2C%2Band%2Bconnect%2Bwith%2Bothers%2Bwho%2Bshare%2Byour%2Bpassion%2Bfor%2Bfamily%2Bhistory.%26location%3D2525%2BOakley%2BSeaver%2BDr%2C%2BClermont%2C%2BFL%2C%2B34711%2C%2BUnited%2BStates%26trp%3Dfalse%26sprop%3Dhttps%3A%2F%2Fwordpress-810691-5571285.cloudwaysapps.com%2Fevents%2Fresearch-assistance-2025-08-27-2025-09-03-2025-09-10-2025-09-17-2025-09-24-2025-10-01-2025-10-08-2025-10-15-2025-10-22-2025-10-29-2025-11-05-2025-11-12-2025-11-19-2025-11-26-2025-12-03-2-06-2026-05-13%2F%26sprop%3Dname%3APastfinders%26ctz%3DAmerica%2FNew_York&ifkv=AdBytiOTGS-PlTkXoZYGAVfHCCkYGYWz7ZzOnMakil_Cu0fvNJuJfYyKmwc0H0WL33o7l1_EcrUJCQ&osid=1&passive=1209600&service=cl&flowName=WebLiteSignIn&flowEntry=ServiceLogin&dsh=S-1960999361%3A1756758241531702 HTTP/1.1" 200 None
DEBUG:urllib3.connectionpool:Starting new HTTPS connection (1): wordpress-810691-5571285.cloudwaysapps.com:443
DEBUG:urllib3.connectionpool:https://www.google.com:443 "GET /calendar/event?action=TEMPLATE&text=Preserving+Local+History&dates=20251112T100000/20251112T120000&details=Help+in+the+preservation+of+our+local+history+and+collections%2C+including+transcriptionists%2C+preservationists%2C+digitizers%2C+and+organization%C2%A0projects.&location=2525+Oakley+Seaver+Dr%2C+Clermont%2C+FL%2C+34711%2C+United+States&trp=false&sprop=https%3A%2F%2Fwordpress-810691-5571285.cloudwaysapps.com%2Fevents%2Fpreserving-local-history-2025-11-12%2F&sprop=name:Pastfinders&ctz=America%2FNew_York HTTP/1.1" 302 0
DEBUG:urllib3.connectionpool:Starting new HTTPS connection (1): calendar.google.com:443
DEBUG:urllib3.connectionpool:https://wordpress-810691-5571285.cloudwaysapps.com:443 "GET /wp-content/uploads/2025/08/IMG_0015_3_1566947748-1024x927.webp HTTP/1.1" 200 49166
DEBUG:root:✅ Hyperlink OK: https://www.google.com/calendar/event?action=TEMPLATE&text=Research+Assistance&dates=20260513T130000/20260513T150000&details=Join+us+weekly+in+the+Genealogy+Room+for+in-person+help+with+your+research.+It%E2%80%99s+a+great+chance+to+get+one-on-one+guidance%2C+ask+questions%2C+and+connect+with+others+who+share+your+passion+for+family+history.&location=2525+Oakley+Seaver+Dr%2C+Clermont%2C+FL%2C+34711%2C+United+States&trp=false&sprop=https%3A%2F%2Fwordpress-810691-5571285.cloudwaysapps.com%2Fevents%2Fresearch-assistance-2025-08-27-2025-09-03-2025-09-10-2025-09-17-2025-09-24-2025-10-01-2025-10-08-2025-10-15-2025-10-22-2025-10-29-2025-11-05-2025-11-12-2025-11-19-2025-11-26-2025-12-03-2-06-2026-05-13%2F&sprop=name:Pastfinders&ctz=America%2FNew_York
DEBUG:root:Checking external hyperlink: https://outlook.office.com/calendar/0/deeplink/compose?allday=false&body=Join+us+weekly+in+the+Genealogy+Room+for+in-person+help+with+your+research.+It%E2%80%99s+a+great+chance+to+get+one-on-one+guidance%2C+ask+questions%2C+and+connect+with+others+who+share+your+passion+for+family+history.&location=2525+Oakley+Seaver+Dr%2C+Clermont%2C+FL%2C+34711%2C+United+States&path=/calendar/action/compose&rru=addevent&startdt=2026-05-13T13%3A00%3A00-04%3A00&enddt=2026-05-13T15%3A00%3A00-04%3A00&subject=Research+Assistance
DEBUG:urllib3.connectionpool:Starting new HTTPS connection (1): outlook.office.com:443
DEBUG:root:✅ Image OK: https://wordpress-810691-5571285.cloudwaysapps.com/wp-content/uploads/2025/08/IMG_0015_3_1566947748-1024x927.webp
DEBUG:root:Checking internal image: https://wordpress-810691-5571285.cloudwaysapps.com/wp-content/uploads/2025/08/IMG_0015_6_1566947748-1024x798.webp
DEBUG:urllib3.connectionpool:Starting new HTTPS connection (1): wordpress-810691-5571285.cloudwaysapps.com:443
DEBUG:urllib3.connectionpool:https://calendar.google.com:443 "GET /calendar/event?action=TEMPLATE&text=Preserving+Local+History&dates=20251112T100000/20251112T120000&details=Help+in+the+preservation+of+our+local+history+and+collections,+including+transcriptionists,+preservationists,+digitizers,+and+organization%C2%A0projects.&location=2525+Oakley+Seaver+Dr,+Clermont,+FL,+34711,+United+States&trp=false&sprop=https://wordpress-810691-5571285.cloudwaysapps.com/events/preserving-local-history-2025-11-12/&sprop=name:Pastfinders&ctz=America/New_York HTTP/1.1" 302 0
DEBUG:urllib3.connectionpool:Starting new HTTPS connection (1): accounts.google.com:443
DEBUG:urllib3.connectionpool:https://wordpress-810691-5571285.cloudwaysapps.com:443 "GET /wp-content/uploads/2025/08/20160414_170705_1566928756-1024x576.webp HTTP/1.1" 200 33440
DEBUG:root:✅ Image OK: https://wordpress-810691-5571285.cloudwaysapps.com/wp-content/uploads/2025/08/20160414_170705_1566928756-1024x576.webp
DEBUG:root:Checking internal image: https://wordpress-810691-5571285.cloudwaysapps.com/wp-content/uploads/2025/08/20160414_170703_1566928779-1024x576.webp
DEBUG:urllib3.connectionpool:Starting new HTTPS connection (1): wordpress-810691-5571285.cloudwaysapps.com:443
DEBUG:urllib3.connectionpool:https://wordpress-810691-5571285.cloudwaysapps.com:443 "GET /wp-content/uploads/2025/08/IMG_0015_6_1566947748-1024x798.webp HTTP/1.1" 200 76572
DEBUG:urllib3.connectionpool:https://outlook.office.com:443 "GET /calendar/0/deeplink/compose?allday=false&body=Join+us+weekly+in+the+Genealogy+Room+for+in-person+help+with+your+research.+It%E2%80%99s+a+great+chance+to+get+one-on-one+guidance%2C+ask+questions%2C+and+connect+with+others+who+share+your+passion+for+family+history.&location=2525+Oakley+Seaver+Dr%2C+Clermont%2C+FL%2C+34711%2C+United+States&path=/calendar/action/compose&rru=addevent&startdt=2026-05-13T13%3A00%3A00-04%3A00&enddt=2026-05-13T15%3A00%3A00-04%3A00&subject=Research+Assistance HTTP/1.1" 200 None
DEBUG:root:✅ Hyperlink OK: https://outlook.office.com/calendar/0/deeplink/compose?allday=false&body=Join+us+weekly+in+the+Genealogy+Room+for+in-person+help+with+your+research.+It%E2%80%99s+a+great+chance+to+get+one-on-one+guidance%2C+ask+questions%2C+and+connect+with+others+who+share+your+passion+for+family+history.&location=2525+Oakley+Seaver+Dr%2C+Clermont%2C+FL%2C+34711%2C+United+States&path=/calendar/action/compose&rru=addevent&startdt=2026-05-13T13%3A00%3A00-04%3A00&enddt=2026-05-13T15%3A00%3A00-04%3A00&subject=Research+Assistance
DEBUG:root:Checking external hyperlink: https://outlook.live.com/calendar/0/deeplink/compose?allday=false&body=Join+us+weekly+in+the+Genealogy+Room+for+in-person+help+with+your+research.+It%E2%80%99s+a+great+chance+to+get+one-on-one+guidance%2C+ask+questions%2C+and+connect+with+others+who+share+your+passion+for+family+history.&location=2525+Oakley+Seaver+Dr%2C+Clermont%2C+FL%2C+34711%2C+United+States&path=/calendar/action/compose&rru=addevent&startdt=2026-05-13T13%3A00%3A00-04%3A00&enddt=2026-05-13T15%3A00%3A00-04%3A00&subject=Research+Assistance
DEBUG:urllib3.connectionpool:Starting new HTTPS connection (1): outlook.live.com:443
DEBUG:urllib3.connectionpool:https://accounts.google.com:443 "GET /ServiceLogin?service=cl&passive=1209600&osid=1&continue=https://calendar.google.com/calendar/event?action%3DTEMPLATE%26text%3DPreserving%2BLocal%2BHistory%26dates%3D20251112T100000/20251112T120000%26details%3DHelp%2Bin%2Bthe%2Bpreservation%2Bof%2Bour%2Blocal%2Bhistory%2Band%2Bcollections,%2Bincluding%2Btranscriptionists,%2Bpreservationists,%2Bdigitizers,%2Band%2Borganization%25C2%25A0projects.%26location%3D2525%2BOakley%2BSeaver%2BDr,%2BClermont,%2BFL,%2B34711,%2BUnited%2BStates%26trp%3Dfalse%26sprop%3Dhttps://wordpress-810691-5571285.cloudwaysapps.com/events/preserving-local-history-2025-11-12/%26sprop%3Dname:Pastfinders%26ctz%3DAmerica/New_York&followup=https://calendar.google.com/calendar/event?action%3DTEMPLATE%26text%3DPreserving%2BLocal%2BHistory%26dates%3D20251112T100000/20251112T120000%26details%3DHelp%2Bin%2Bthe%2Bpreservation%2Bof%2Bour%2Blocal%2Bhistory%2Band%2Bcollections,%2Bincluding%2Btranscriptionists,%2Bpreservationists,%2Bdigitizers,%2Band%2Borganization%25C2%25A0projects.%26location%3D2525%2BOakley%2BSeaver%2BDr,%2BClermont,%2BFL,%2B34711,%2BUnited%2BStates%26trp%3Dfalse%26sprop%3Dhttps://wordpress-810691-5571285.cloudwaysapps.com/events/preserving-local-history-2025-11-12/%26sprop%3Dname:Pastfinders%26ctz%3DAmerica/New_York&emr=1 HTTP/1.1" 302 0
DEBUG:root:✅ Image OK: https://wordpress-810691-5571285.cloudwaysapps.com/wp-content/uploads/2025/08/IMG_0015_6_1566947748-1024x798.webp
DEBUG:root:Using regex pattern: \b[a-zA-Z]{3,}\b
DEBUG:root:Found 17 words to check in https://wordpress-810691-5571285.cloudwaysapps.com/galleries/2016-sam-metro/ (min_length=3)
DEBUG:root:Sample words from https://wordpress-810691-5571285.cloudwaysapps.com/galleries/2016-sam-metro/: ['This', 'alert', 'Skip', 'content', 'Sam', 'Metro', 'images', 'Click', 'view', 'Click']
DEBUG:root:Spell check results for https://wordpress-810691-5571285.cloudwaysapps.com/galleries/2016-sam-metro/: 6 words checked, 11 skipped, 0 errors found
INFO:root:✅ Processed https://wordpress-810691-5571285.cloudwaysapps.com/galleries/2016-sam-metro/: 0 errors found, 35 words checked
DEBUG:root:Attempting to fetch: https://wordpress-810691-5571285.cloudwaysapps.com/events/research-assistance-2025-08-27-2025-09-03-2025-09-10-2025-09-17-2025-09-24-2025-10-01-2025-10-08-2025-10-15-2025-10-22-2025-10-29-2025-11-05-2025-11-12-2025-11-19-2025-11-26-2025-12-03-2-15-2026-07-22/
Processing pages:  55%|█████▍    | 209/381 [01:57<01:08,  2.50it/s]DEBUG:urllib3.connectionpool:https://accounts.google.com:443 "GET /InteractiveLogin?continue=https://calendar.google.com/calendar/event?action%3DTEMPLATE%26text%3DPreserving%2BLocal%2BHistory%26dates%3D20251112T100000/20251112T120000%26details%3DHelp%2Bin%2Bthe%2Bpreservation%2Bof%2Bour%2Blocal%2Bhistory%2Band%2Bcollections,%2Bincluding%2Btranscriptionists,%2Bpreservationists,%2Bdigitizers,%2Band%2Borganization%25C2%25A0projects.%26location%3D2525%2BOakley%2BSeaver%2BDr,%2BClermont,%2BFL,%2B34711,%2BUnited%2BStates%26trp%3Dfalse%26sprop%3Dhttps://wordpress-810691-5571285.cloudwaysapps.com/events/preserving-local-history-2025-11-12/%26sprop%3Dname:Pastfinders%26ctz%3DAmerica/New_York&emr=1&followup=https://calendar.google.com/calendar/event?action%3DTEMPLATE%26text%3DPreserving%2BLocal%2BHistory%26dates%3D20251112T100000/20251112T120000%26details%3DHelp%2Bin%2Bthe%2Bpreservation%2Bof%2Bour%2Blocal%2Bhistory%2Band%2Bcollections,%2Bincluding%2Btranscriptionists,%2Bpreservationists,%2Bdigitizers,%2Band%2Borganization%25C2%25A0projects.%26location%3D2525%2BOakley%2BSeaver%2BDr,%2BClermont,%2BFL,%2B34711,%2BUnited%2BStates%26trp%3Dfalse%26sprop%3Dhttps://wordpress-810691-5571285.cloudwaysapps.com/events/preserving-local-history-2025-11-12/%26sprop%3Dname:Pastfinders%26ctz%3DAmerica/New_York&osid=1&passive=1209600&service=cl&ifkv=AdBytiOarvekqNJO8H3H8G4KLAUwt_NAETdFxBKW3RYUcr6O_uyExo7eHHLaU8a-e698c7S2-oC7 HTTP/1.1" 302 None
DEBUG:urllib3.connectionpool:https://wordpress-810691-5571285.cloudwaysapps.com:443 "GET /events/research-assistance-2025-08-27-2025-09-03-2025-09-10-2025-09-17-2025-09-24-2025-10-01-2025-10-08-2025-10-15-2025-10-22-2025-10-29-2025-11-05-2025-11-12-2025-11-19-2025-11-26-2025-12-03-2-15-2026-07-22/ HTTP/1.1" 200 None
DEBUG:root:Successfully fetched https://wordpress-810691-5571285.cloudwaysapps.com/events/research-assistance-2025-08-27-2025-09-03-2025-09-10-2025-09-17-2025-09-24-2025-10-01-2025-10-08-2025-10-15-2025-10-22-2025-10-29-2025-11-05-2025-11-12-2025-11-19-2025-11-26-2025-12-03-2-15-2026-07-22/ (Content-Length: 44211)
DEBUG:charset_normalizer:Encoding detection: utf_8 is most likely the one.
DEBUG:urllib3.connectionpool:https://accounts.google.com:443 "GET /v3/signin/identifier?continue=https%3A%2F%2Fcalendar.google.com%2Fcalendar%2Fevent%3Faction%3DTEMPLATE%26text%3DPreserving%2BLocal%2BHistory%26dates%3D20251112T100000%2F20251112T120000%26details%3DHelp%2Bin%2Bthe%2Bpreservation%2Bof%2Bour%2Blocal%2Bhistory%2Band%2Bcollections%2C%2Bincluding%2Btranscriptionists%2C%2Bpreservationists%2C%2Bdigitizers%2C%2Band%2Borganization%25C2%25A0projects.%26location%3D2525%2BOakley%2BSeaver%2BDr%2C%2BClermont%2C%2BFL%2C%2B34711%2C%2BUnited%2BStates%26trp%3Dfalse%26sprop%3Dhttps%3A%2F%2Fwordpress-810691-5571285.cloudwaysapps.com%2Fevents%2Fpreserving-local-history-2025-11-12%2F%26sprop%3Dname%3APastfinders%26ctz%3DAmerica%2FNew_York&emr=1&followup=https%3A%2F%2Fcalendar.google.com%2Fcalendar%2Fevent%3Faction%3DTEMPLATE%26text%3DPreserving%2BLocal%2BHistory%26dates%3D20251112T100000%2F20251112T120000%26details%3DHelp%2Bin%2Bthe%2Bpreservation%2Bof%2Bour%2Blocal%2Bhistory%2Band%2Bcollections%2C%2Bincluding%2Btranscriptionists%2C%2Bpreservationists%2C%2Bdigitizers%2C%2Band%2Borganization%25C2%25A0projects.%26location%3D2525%2BOakley%2BSeaver%2BDr%2C%2BClermont%2C%2BFL%2C%2B34711%2C%2BUnited%2BStates%26trp%3Dfalse%26sprop%3Dhttps%3A%2F%2Fwordpress-810691-5571285.cloudwaysapps.com%2Fevents%2Fpreserving-local-history-2025-11-12%2F%26sprop%3Dname%3APastfinders%26ctz%3DAmerica%2FNew_York&ifkv=AdBytiOQzL5PPhUGf4dekqpVpNo_BE1yJHJXuIZzWquwAdwClsrj9sN-_Ct7tDKqDClJAAcmkhLo&osid=1&passive=1209600&service=cl&flowName=WebLiteSignIn&flowEntry=ServiceLogin&dsh=S1544424255%3A1756758242171480 HTTP/1.1" 200 None
DEBUG:root:Extracted 488 characters, 85 words from https://wordpress-810691-5571285.cloudwaysapps.com/events/research-assistance-2025-08-27-2025-09-03-2025-09-10-2025-09-17-2025-09-24-2025-10-01-2025-10-08-2025-10-15-2025-10-22-2025-10-29-2025-11-05-2025-11-12-2025-11-19-2025-11-26-2025-12-03-2-15-2026-07-22/
DEBUG:root:Checking external hyperlink: https://www.google.com/calendar/event?action=TEMPLATE&text=Research+Assistance&dates=20260722T130000/20260722T150000&details=Join+us+weekly+in+the+Genealogy+Room+for+in-person+help+with+your+research.+It%E2%80%99s+a+great+chance+to+get+one-on-one+guidance%2C+ask+questions%2C+and+connect+with+others+who+share+your+passion+for+family+history.&location=2525+Oakley+Seaver+Dr%2C+Clermont%2C+FL%2C+34711%2C+United+States&trp=false&sprop=https%3A%2F%2Fwordpress-810691-5571285.cloudwaysapps.com%2Fevents%2Fresearch-assistance-2025-08-27-2025-09-03-2025-09-10-2025-09-17-2025-09-24-2025-10-01-2025-10-08-2025-10-15-2025-10-22-2025-10-29-2025-11-05-2025-11-12-2025-11-19-2025-11-26-2025-12-03-2-15-2026-07-22%2F&sprop=name:Pastfinders&ctz=America%2FNew_York
DEBUG:urllib3.connectionpool:Starting new HTTPS connection (1): www.google.com:443
DEBUG:root:✅ Hyperlink OK: https://www.google.com/calendar/event?action=TEMPLATE&text=Preserving+Local+History&dates=20251112T100000/20251112T120000&details=Help+in+the+preservation+of+our+local+history+and+collections%2C+including+transcriptionists%2C+preservationists%2C+digitizers%2C+and+organization%C2%A0projects.&location=2525+Oakley+Seaver+Dr%2C+Clermont%2C+FL%2C+34711%2C+United+States&trp=false&sprop=https%3A%2F%2Fwordpress-810691-5571285.cloudwaysapps.com%2Fevents%2Fpreserving-local-history-2025-11-12%2F&sprop=name:Pastfinders&ctz=America%2FNew_York
DEBUG:root:Checking external hyperlink: https://outlook.office.com/calendar/0/deeplink/compose?allday=false&body=Help+in+the+preservation+of+our+local+history+and+collections%2C+including+transcriptionists%2C+preservationists%2C+digitizers%2C+and+organization%C2%A0projects.&location=2525+Oakley+Seaver+Dr%2C+Clermont%2C+FL%2C+34711%2C+United+States&path=/calendar/action/compose&rru=addevent&startdt=2025-11-12T10%3A00%3A00-05%3A00&enddt=2025-11-12T12%3A00%3A00-05%3A00&subject=Preserving+Local+History
DEBUG:urllib3.connectionpool:https://wordpress-810691-5571285.cloudwaysapps.com:443 "GET /wp-content/uploads/2025/08/20160414_170703_1566928779-1024x576.webp HTTP/1.1" 200 30472
DEBUG:urllib3.connectionpool:Starting new HTTPS connection (1): outlook.office.com:443
DEBUG:root:✅ Image OK: https://wordpress-810691-5571285.cloudwaysapps.com/wp-content/uploads/2025/08/20160414_170703_1566928779-1024x576.webp
DEBUG:root:Using regex pattern: \b[a-zA-Z]{3,}\b
DEBUG:root:Found 21 words to check in https://wordpress-810691-5571285.cloudwaysapps.com/galleries/2016-may-bret-gordon-as-grant/ (min_length=3)
DEBUG:root:Sample words from https://wordpress-810691-5571285.cloudwaysapps.com/galleries/2016-may-bret-gordon-as-grant/: ['This', 'alert', 'Skip', 'content', 'May', 'Bret', 'Gordon', 'Grant', 'images', 'Click']
DEBUG:root:Spell check results for https://wordpress-810691-5571285.cloudwaysapps.com/galleries/2016-may-bret-gordon-as-grant/: 7 words checked, 14 skipped, 0 errors found
INFO:root:✅ Processed https://wordpress-810691-5571285.cloudwaysapps.com/galleries/2016-may-bret-gordon-as-grant/: 0 errors found, 42 words checked
DEBUG:root:Attempting to fetch: https://wordpress-810691-5571285.cloudwaysapps.com/galleries/2002-pastfinders-news/
Processing pages:  55%|█████▌    | 210/381 [01:58<00:59,  2.86it/s]DEBUG:urllib3.connectionpool:https://outlook.live.com:443 "GET /calendar/0/deeplink/compose?allday=false&body=Join+us+weekly+in+the+Genealogy+Room+for+in-person+help+with+your+research.+It%E2%80%99s+a+great+chance+to+get+one-on-one+guidance%2C+ask+questions%2C+and+connect+with+others+who+share+your+passion+for+family+history.&location=2525+Oakley+Seaver+Dr%2C+Clermont%2C+FL%2C+34711%2C+United+States&path=/calendar/action/compose&rru=addevent&startdt=2026-05-13T13%3A00%3A00-04%3A00&enddt=2026-05-13T15%3A00%3A00-04%3A00&subject=Research+Assistance HTTP/1.1" 200 None
DEBUG:root:✅ Hyperlink OK: https://outlook.live.com/calendar/0/deeplink/compose?allday=false&body=Join+us+weekly+in+the+Genealogy+Room+for+in-person+help+with+your+research.+It%E2%80%99s+a+great+chance+to+get+one-on-one+guidance%2C+ask+questions%2C+and+connect+with+others+who+share+your+passion+for+family+history.&location=2525+Oakley+Seaver+Dr%2C+Clermont%2C+FL%2C+34711%2C+United+States&path=/calendar/action/compose&rru=addevent&startdt=2026-05-13T13%3A00%3A00-04%3A00&enddt=2026-05-13T15%3A00%3A00-04%3A00&subject=Research+Assistance
DEBUG:root:Using regex pattern: \b[a-zA-Z]{3,}\b
DEBUG:root:Found 58 words to check in https://wordpress-810691-5571285.cloudwaysapps.com/events/research-assistance-2025-08-27-2025-09-03-2025-09-10-2025-09-17-2025-09-24-2025-10-01-2025-10-08-2025-10-15-2025-10-22-2025-10-29-2025-11-05-2025-11-12-2025-11-19-2025-11-26-2025-12-03-2-06-2026-05-13/ (min_length=3)
DEBUG:root:Sample words from https://wordpress-810691-5571285.cloudwaysapps.com/events/research-assistance-2025-08-27-2025-09-03-2025-09-10-2025-09-17-2025-09-24-2025-10-01-2025-10-08-2025-10-15-2025-10-22-2025-10-29-2025-11-05-2025-11-12-2025-11-19-2025-11-26-2025-12-03-2-06-2026-05-13/: ['This', 'alert', 'Skip', 'content', 'Research', 'Assistance', 'When', 'May', 'Add', 'Calendar']
DEBUG:root:Spell check results for https://wordpress-810691-5571285.cloudwaysapps.com/events/research-assistance-2025-08-27-2025-09-03-2025-09-10-2025-09-17-2025-09-24-2025-10-01-2025-10-08-2025-10-15-2025-10-22-2025-10-29-2025-11-05-2025-11-12-2025-11-19-2025-11-26-2025-12-03-2-06-2026-05-13/: 30 words checked, 28 skipped, 0 errors found
INFO:root:✅ Processed https://wordpress-810691-5571285.cloudwaysapps.com/events/research-assistance-2025-08-27-2025-09-03-2025-09-10-2025-09-17-2025-09-24-2025-10-01-2025-10-08-2025-10-15-2025-10-22-2025-10-29-2025-11-05-2025-11-12-2025-11-19-2025-11-26-2025-12-03-2-06-2026-05-13/: 0 errors found, 85 words checked
DEBUG:root:Attempting to fetch: https://wordpress-810691-5571285.cloudwaysapps.com/resources/ten-best-genealogy-websites-for-beginners/
DEBUG:urllib3.connectionpool:https://www.google.com:443 "GET /calendar/event?action=TEMPLATE&text=Research+Assistance&dates=20260722T130000/20260722T150000&details=Join+us+weekly+in+the+Genealogy+Room+for+in-person+help+with+your+research.+It%E2%80%99s+a+great+chance+to+get+one-on-one+guidance%2C+ask+questions%2C+and+connect+with+others+who+share+your+passion+for+family+history.&location=2525+Oakley+Seaver+Dr%2C+Clermont%2C+FL%2C+34711%2C+United+States&trp=false&sprop=https%3A%2F%2Fwordpress-810691-5571285.cloudwaysapps.com%2Fevents%2Fresearch-assistance-2025-08-27-2025-09-03-2025-09-10-2025-09-17-2025-09-24-2025-10-01-2025-10-08-2025-10-15-2025-10-22-2025-10-29-2025-11-05-2025-11-12-2025-11-19-2025-11-26-2025-12-03-2-15-2026-07-22%2F&sprop=name:Pastfinders&ctz=America%2FNew_York HTTP/1.1" 302 0
DEBUG:urllib3.connectionpool:Starting new HTTPS connection (1): calendar.google.com:443
DEBUG:urllib3.connectionpool:https://calendar.google.com:443 "GET /calendar/event?action=TEMPLATE&text=Research+Assistance&dates=20260722T130000/20260722T150000&details=Join+us+weekly+in+the+Genealogy+Room+for+in-person+help+with+your+research.+It%E2%80%99s+a+great+chance+to+get+one-on-one+guidance,+ask+questions,+and+connect+with+others+who+share+your+passion+for+family+history.&location=2525+Oakley+Seaver+Dr,+Clermont,+FL,+34711,+United+States&trp=false&sprop=https://wordpress-810691-5571285.cloudwaysapps.com/events/research-assistance-2025-08-27-2025-09-03-2025-09-10-2025-09-17-2025-09-24-2025-10-01-2025-10-08-2025-10-15-2025-10-22-2025-10-29-2025-11-05-2025-11-12-2025-11-19-2025-11-26-2025-12-03-2-15-2026-07-22/&sprop=name:Pastfinders&ctz=America/New_York HTTP/1.1" 302 0
DEBUG:urllib3.connectionpool:Starting new HTTPS connection (1): accounts.google.com:443
DEBUG:urllib3.connectionpool:https://outlook.office.com:443 "GET /calendar/0/deeplink/compose?allday=false&body=Help+in+the+preservation+of+our+local+history+and+collections%2C+including+transcriptionists%2C+preservationists%2C+digitizers%2C+and+organization%C2%A0projects.&location=2525+Oakley+Seaver+Dr%2C+Clermont%2C+FL%2C+34711%2C+United+States&path=/calendar/action/compose&rru=addevent&startdt=2025-11-12T10%3A00%3A00-05%3A00&enddt=2025-11-12T12%3A00%3A00-05%3A00&subject=Preserving+Local+History HTTP/1.1" 200 None
DEBUG:root:✅ Hyperlink OK: https://outlook.office.com/calendar/0/deeplink/compose?allday=false&body=Help+in+the+preservation+of+our+local+history+and+collections%2C+including+transcriptionists%2C+preservationists%2C+digitizers%2C+and+organization%C2%A0projects.&location=2525+Oakley+Seaver+Dr%2C+Clermont%2C+FL%2C+34711%2C+United+States&path=/calendar/action/compose&rru=addevent&startdt=2025-11-12T10%3A00%3A00-05%3A00&enddt=2025-11-12T12%3A00%3A00-05%3A00&subject=Preserving+Local+History
DEBUG:root:Checking external hyperlink: https://outlook.live.com/calendar/0/deeplink/compose?allday=false&body=Help+in+the+preservation+of+our+local+history+and+collections%2C+including+transcriptionists%2C+preservationists%2C+digitizers%2C+and+organization%C2%A0projects.&location=2525+Oakley+Seaver+Dr%2C+Clermont%2C+FL%2C+34711%2C+United+States&path=/calendar/action/compose&rru=addevent&startdt=2025-11-12T10%3A00%3A00-05%3A00&enddt=2025-11-12T12%3A00%3A00-05%3A00&subject=Preserving+Local+History
DEBUG:urllib3.connectionpool:Starting new HTTPS connection (1): outlook.live.com:443
DEBUG:urllib3.connectionpool:https://accounts.google.com:443 "GET /ServiceLogin?service=cl&passive=1209600&osid=1&continue=https://calendar.google.com/calendar/event?action%3DTEMPLATE%26text%3DResearch%2BAssistance%26dates%3D20260722T130000/20260722T150000%26details%3DJoin%2Bus%2Bweekly%2Bin%2Bthe%2BGenealogy%2BRoom%2Bfor%2Bin-person%2Bhelp%2Bwith%2Byour%2Bresearch.%2BIt%25E2%2580%2599s%2Ba%2Bgreat%2Bchance%2Bto%2Bget%2Bone-on-one%2Bguidance,%2Bask%2Bquestions,%2Band%2Bconnect%2Bwith%2Bothers%2Bwho%2Bshare%2Byour%2Bpassion%2Bfor%2Bfamily%2Bhistory.%26location%3D2525%2BOakley%2BSeaver%2BDr,%2BClermont,%2BFL,%2B34711,%2BUnited%2BStates%26trp%3Dfalse%26sprop%3Dhttps://wordpress-810691-5571285.cloudwaysapps.com/events/research-assistance-2025-08-27-2025-09-03-2025-09-10-2025-09-17-2025-09-24-2025-10-01-2025-10-08-2025-10-15-2025-10-22-2025-10-29-2025-11-05-2025-11-12-2025-11-19-2025-11-26-2025-12-03-2-15-2026-07-22/%26sprop%3Dname:Pastfinders%26ctz%3DAmerica/New_York&followup=https://calendar.google.com/calendar/event?action%3DTEMPLATE%26text%3DResearch%2BAssistance%26dates%3D20260722T130000/20260722T150000%26details%3DJoin%2Bus%2Bweekly%2Bin%2Bthe%2BGenealogy%2BRoom%2Bfor%2Bin-person%2Bhelp%2Bwith%2Byour%2Bresearch.%2BIt%25E2%2580%2599s%2Ba%2Bgreat%2Bchance%2Bto%2Bget%2Bone-on-one%2Bguidance,%2Bask%2Bquestions,%2Band%2Bconnect%2Bwith%2Bothers%2Bwho%2Bshare%2Byour%2Bpassion%2Bfor%2Bfamily%2Bhistory.%26location%3D2525%2BOakley%2BSeaver%2BDr,%2BClermont,%2BFL,%2B34711,%2BUnited%2BStates%26trp%3Dfalse%26sprop%3Dhttps://wordpress-810691-5571285.cloudwaysapps.com/events/research-assistance-2025-08-27-2025-09-03-2025-09-10-2025-09-17-2025-09-24-2025-10-01-2025-10-08-2025-10-15-2025-10-22-2025-10-29-2025-11-05-2025-11-12-2025-11-19-2025-11-26-2025-12-03-2-15-2026-07-22/%26sprop%3Dname:Pastfinders%26ctz%3DAmerica/New_York&emr=1 HTTP/1.1" 302 0
DEBUG:root:✅ Document OK: https://pastfindersslc.org/upload/newsletters/IMG_0014fall.pdf
DEBUG:root:Checking external document: https://pastfindersslc.org/upload/newsletters/IMG_0013spring.pdf
DEBUG:urllib3.connectionpool:Starting new HTTPS connection (1): pastfindersslc.org:443
DEBUG:urllib3.connectionpool:https://wordpress-810691-5571285.cloudwaysapps.com:443 "GET /resources/ten-best-genealogy-websites-for-beginners/ HTTP/1.1" 200 None
DEBUG:root:Successfully fetched https://wordpress-810691-5571285.cloudwaysapps.com/resources/ten-best-genealogy-websites-for-beginners/ (Content-Length: 38942)
DEBUG:urllib3.connectionpool:https://accounts.google.com:443 "GET /InteractiveLogin?continue=https://calendar.google.com/calendar/event?action%3DTEMPLATE%26text%3DResearch%2BAssistance%26dates%3D20260722T130000/20260722T150000%26details%3DJoin%2Bus%2Bweekly%2Bin%2Bthe%2BGenealogy%2BRoom%2Bfor%2Bin-person%2Bhelp%2Bwith%2Byour%2Bresearch.%2BIt%25E2%2580%2599s%2Ba%2Bgreat%2Bchance%2Bto%2Bget%2Bone-on-one%2Bguidance,%2Bask%2Bquestions,%2Band%2Bconnect%2Bwith%2Bothers%2Bwho%2Bshare%2Byour%2Bpassion%2Bfor%2Bfamily%2Bhistory.%26location%3D2525%2BOakley%2BSeaver%2BDr,%2BClermont,%2BFL,%2B34711,%2BUnited%2BStates%26trp%3Dfalse%26sprop%3Dhttps://wordpress-810691-5571285.cloudwaysapps.com/events/research-assistance-2025-08-27-2025-09-03-2025-09-10-2025-09-17-2025-09-24-2025-10-01-2025-10-08-2025-10-15-2025-10-22-2025-10-29-2025-11-05-2025-11-12-2025-11-19-2025-11-26-2025-12-03-2-15-2026-07-22/%26sprop%3Dname:Pastfinders%26ctz%3DAmerica/New_York&emr=1&followup=https://calendar.google.com/calendar/event?action%3DTEMPLATE%26text%3DResearch%2BAssistance%26dates%3D20260722T130000/20260722T150000%26details%3DJoin%2Bus%2Bweekly%2Bin%2Bthe%2BGenealogy%2BRoom%2Bfor%2Bin-person%2Bhelp%2Bwith%2Byour%2Bresearch.%2BIt%25E2%2580%2599s%2Ba%2Bgreat%2Bchance%2Bto%2Bget%2Bone-on-one%2Bguidance,%2Bask%2Bquestions,%2Band%2Bconnect%2Bwith%2Bothers%2Bwho%2Bshare%2Byour%2Bpassion%2Bfor%2Bfamily%2Bhistory.%26location%3D2525%2BOakley%2BSeaver%2BDr,%2BClermont,%2BFL,%2B34711,%2BUnited%2BStates%26trp%3Dfalse%26sprop%3Dhttps://wordpress-810691-5571285.cloudwaysapps.com/events/research-assistance-2025-08-27-2025-09-03-2025-09-10-2025-09-17-2025-09-24-2025-10-01-2025-10-08-2025-10-15-2025-10-22-2025-10-29-2025-11-05-2025-11-12-2025-11-19-2025-11-26-2025-12-03-2-15-2026-07-22/%26sprop%3Dname:Pastfinders%26ctz%3DAmerica/New_York&osid=1&passive=1209600&service=cl&ifkv=AdBytiMODhUU4CYNur5I0Ip1aKIuvM4IvLRx68G6kGLfZjYs3zQc-U0iBiuA73PlFOXd_oq11BbhfA HTTP/1.1" 302 None
DEBUG:urllib3.connectionpool:https://outlook.live.com:443 "GET /calendar/0/deeplink/compose?allday=false&body=Help+in+the+preservation+of+our+local+history+and+collections%2C+including+transcriptionists%2C+preservationists%2C+digitizers%2C+and+organization%C2%A0projects.&location=2525+Oakley+Seaver+Dr%2C+Clermont%2C+FL%2C+34711%2C+United+States&path=/calendar/action/compose&rru=addevent&startdt=2025-11-12T10%3A00%3A00-05%3A00&enddt=2025-11-12T12%3A00%3A00-05%3A00&subject=Preserving+Local+History HTTP/1.1" 200 None
DEBUG:charset_normalizer:Encoding detection: utf_8 is most likely the one.
DEBUG:root:✅ Hyperlink OK: https://outlook.live.com/calendar/0/deeplink/compose?allday=false&body=Help+in+the+preservation+of+our+local+history+and+collections%2C+including+transcriptionists%2C+preservationists%2C+digitizers%2C+and+organization%C2%A0projects.&location=2525+Oakley+Seaver+Dr%2C+Clermont%2C+FL%2C+34711%2C+United+States&path=/calendar/action/compose&rru=addevent&startdt=2025-11-12T10%3A00%3A00-05%3A00&enddt=2025-11-12T12%3A00%3A00-05%3A00&subject=Preserving+Local+History
DEBUG:root:Using regex pattern: \b[a-zA-Z]{3,}\b
DEBUG:root:Found 44 words to check in https://wordpress-810691-5571285.cloudwaysapps.com/events/preserving-local-history-2025-11-12/ (min_length=3)
DEBUG:root:Sample words from https://wordpress-810691-5571285.cloudwaysapps.com/events/preserving-local-history-2025-11-12/: ['This', 'alert', 'Skip', 'content', 'Preserving', 'Local', 'History', 'When', 'November', 'Add']
DEBUG:root:Misspelled word found: 'transcriptionists' in https://wordpress-810691-5571285.cloudwaysapps.com/events/preserving-local-history-2025-11-12/
DEBUG:root:Spell check results for https://wordpress-810691-5571285.cloudwaysapps.com/events/preserving-local-history-2025-11-12/: 17 words checked, 27 skipped, 1 errors found
INFO:root:✅ Processed https://wordpress-810691-5571285.cloudwaysapps.com/events/preserving-local-history-2025-11-12/: 1 errors found, 65 words checked
DEBUG:root:Attempting to fetch: https://wordpress-810691-5571285.cloudwaysapps.com/events/categories/
Processing pages:  56%|█████▌    | 212/381 [01:58<00:59,  2.85it/s]DEBUG:root:Extracted 523 characters, 77 words from https://wordpress-810691-5571285.cloudwaysapps.com/resources/ten-best-genealogy-websites-for-beginners/
DEBUG:urllib3.connectionpool:https://pastfindersslc.org:443 "GET /upload/newsletters/IMG_0013spring.pdf HTTP/1.1" 200 7438870
DEBUG:root:Using regex pattern: \b[a-zA-Z]{3,}\b
DEBUG:root:Found 62 words to check in https://wordpress-810691-5571285.cloudwaysapps.com/resources/ten-best-genealogy-websites-for-beginners/ (min_length=3)
DEBUG:root:Sample words from https://wordpress-810691-5571285.cloudwaysapps.com/resources/ten-best-genealogy-websites-for-beginners/: ['This', 'alert', 'Skip', 'content', 'Ten', 'Best', 'Genealogy', 'Websites', 'for', 'Beginners']
DEBUG:root:Skipped email/domain fragment: 'thoughtco'
DEBUG:root:Skipped email/domain fragment: 'com'
DEBUG:root:Skipped email/domain fragment: 'ancestry'
DEBUG:root:Skipped email/domain fragment: 'com'
DEBUG:root:Skipped email/domain fragment: 'billiongraves'
DEBUG:root:Skipped email/domain fragment: 'com'
DEBUG:root:Skipped email/domain fragment: 'familysearch'
DEBUG:root:Skipped email/domain fragment: 'org'
DEBUG:root:Skipped email/domain fragment: 'familytreemagazine'
DEBUG:root:Skipped email/domain fragment: 'com'
DEBUG:root:Skipped email/domain fragment: 'findagrave'
DEBUG:root:Skipped email/domain fragment: 'com'
DEBUG:root:Spell check results for https://wordpress-810691-5571285.cloudwaysapps.com/resources/ten-best-genealogy-websites-for-beginners/: 30 words checked, 32 skipped, 0 errors found
INFO:root:✅ Processed https://wordpress-810691-5571285.cloudwaysapps.com/resources/ten-best-genealogy-websites-for-beginners/: 0 errors found, 77 words checked
DEBUG:root:Attempting to fetch: https://wordpress-810691-5571285.cloudwaysapps.com/galleries/2010-pastfinders-news/
DEBUG:urllib3.connectionpool:https://accounts.google.com:443 "GET /v3/signin/identifier?continue=https%3A%2F%2Fcalendar.google.com%2Fcalendar%2Fevent%3Faction%3DTEMPLATE%26text%3DResearch%2BAssistance%26dates%3D20260722T130000%2F20260722T150000%26details%3DJoin%2Bus%2Bweekly%2Bin%2Bthe%2BGenealogy%2BRoom%2Bfor%2Bin-person%2Bhelp%2Bwith%2Byour%2Bresearch.%2BIt%25E2%2580%2599s%2Ba%2Bgreat%2Bchance%2Bto%2Bget%2Bone-on-one%2Bguidance%2C%2Bask%2Bquestions%2C%2Band%2Bconnect%2Bwith%2Bothers%2Bwho%2Bshare%2Byour%2Bpassion%2Bfor%2Bfamily%2Bhistory.%26location%3D2525%2BOakley%2BSeaver%2BDr%2C%2BClermont%2C%2BFL%2C%2B34711%2C%2BUnited%2BStates%26trp%3Dfalse%26sprop%3Dhttps%3A%2F%2Fwordpress-810691-5571285.cloudwaysapps.com%2Fevents%2Fresearch-assistance-2025-08-27-2025-09-03-2025-09-10-2025-09-17-2025-09-24-2025-10-01-2025-10-08-2025-10-15-2025-10-22-2025-10-29-2025-11-05-2025-11-12-2025-11-19-2025-11-26-2025-12-03-2-15-2026-07-22%2F%26sprop%3Dname%3APastfinders%26ctz%3DAmerica%2FNew_York&emr=1&followup=https%3A%2F%2Fcalendar.google.com%2Fcalendar%2Fevent%3Faction%3DTEMPLATE%26text%3DResearch%2BAssistance%26dates%3D20260722T130000%2F20260722T150000%26details%3DJoin%2Bus%2Bweekly%2Bin%2Bthe%2BGenealogy%2BRoom%2Bfor%2Bin-person%2Bhelp%2Bwith%2Byour%2Bresearch.%2BIt%25E2%2580%2599s%2Ba%2Bgreat%2Bchance%2Bto%2Bget%2Bone-on-one%2Bguidance%2C%2Bask%2Bquestions%2C%2Band%2Bconnect%2Bwith%2Bothers%2Bwho%2Bshare%2Byour%2Bpassion%2Bfor%2Bfamily%2Bhistory.%26location%3D2525%2BOakley%2BSeaver%2BDr%2C%2BClermont%2C%2BFL%2C%2B34711%2C%2BUnited%2BStates%26trp%3Dfalse%26sprop%3Dhttps%3A%2F%2Fwordpress-810691-5571285.cloudwaysapps.com%2Fevents%2Fresearch-assistance-2025-08-27-2025-09-03-2025-09-10-2025-09-17-2025-09-24-2025-10-01-2025-10-08-2025-10-15-2025-10-22-2025-10-29-2025-11-05-2025-11-12-2025-11-19-2025-11-26-2025-12-03-2-15-2026-07-22%2F%26sprop%3Dname%3APastfinders%26ctz%3DAmerica%2FNew_York&ifkv=AdBytiMad0PwO8Zs936ImEQ73pQKTGAj2bj5Wb2motwZGyjL5QwOyh33gEsFjkmn2CjCtnLyQZhZPg&osid=1&passive=1209600&service=cl&flowName=WebLiteSignIn&flowEntry=ServiceLogin&dsh=S1848140358%3A1756758242754815 HTTP/1.1" 200 None
DEBUG:urllib3.connectionpool:https://wordpress-810691-5571285.cloudwaysapps.com:443 "GET /events/categories/ HTTP/1.1" 200 None
DEBUG:root:Successfully fetched https://wordpress-810691-5571285.cloudwaysapps.com/events/categories/ (Content-Length: 42706)
DEBUG:charset_normalizer:Encoding detection: utf_8 is most likely the one.
DEBUG:root:Extracted 616 characters, 105 words from https://wordpress-810691-5571285.cloudwaysapps.com/events/categories/
DEBUG:root:Using regex pattern: \b[a-zA-Z]{3,}\b
DEBUG:root:Found 64 words to check in https://wordpress-810691-5571285.cloudwaysapps.com/events/categories/ (min_length=3)
DEBUG:root:Sample words from https://wordpress-810691-5571285.cloudwaysapps.com/events/categories/: ['This', 'alert', 'Skip', 'content', 'Categories', 'Education', 'Next', 'Event', 'Family', 'History']
DEBUG:root:Spell check results for https://wordpress-810691-5571285.cloudwaysapps.com/events/categories/: 4 words checked, 60 skipped, 0 errors found
INFO:root:✅ Processed https://wordpress-810691-5571285.cloudwaysapps.com/events/categories/: 0 errors found, 105 words checked
DEBUG:root:Attempting to fetch: https://wordpress-810691-5571285.cloudwaysapps.com/events/family-tree-maker-special-interest-group-sig-2026-03-17/
Processing pages:  56%|█████▌    | 214/381 [01:58<00:40,  4.10it/s]DEBUG:root:✅ Hyperlink OK: https://www.google.com/calendar/event?action=TEMPLATE&text=Research+Assistance&dates=20260722T130000/20260722T150000&details=Join+us+weekly+in+the+Genealogy+Room+for+in-person+help+with+your+research.+It%E2%80%99s+a+great+chance+to+get+one-on-one+guidance%2C+ask+questions%2C+and+connect+with+others+who+share+your+passion+for+family+history.&location=2525+Oakley+Seaver+Dr%2C+Clermont%2C+FL%2C+34711%2C+United+States&trp=false&sprop=https%3A%2F%2Fwordpress-810691-5571285.cloudwaysapps.com%2Fevents%2Fresearch-assistance-2025-08-27-2025-09-03-2025-09-10-2025-09-17-2025-09-24-2025-10-01-2025-10-08-2025-10-15-2025-10-22-2025-10-29-2025-11-05-2025-11-12-2025-11-19-2025-11-26-2025-12-03-2-15-2026-07-22%2F&sprop=name:Pastfinders&ctz=America%2FNew_York
DEBUG:root:Checking external hyperlink: https://outlook.office.com/calendar/0/deeplink/compose?allday=false&body=Join+us+weekly+in+the+Genealogy+Room+for+in-person+help+with+your+research.+It%E2%80%99s+a+great+chance+to+get+one-on-one+guidance%2C+ask+questions%2C+and+connect+with+others+who+share+your+passion+for+family+history.&location=2525+Oakley+Seaver+Dr%2C+Clermont%2C+FL%2C+34711%2C+United+States&path=/calendar/action/compose&rru=addevent&startdt=2026-07-22T13%3A00%3A00-04%3A00&enddt=2026-07-22T15%3A00%3A00-04%3A00&subject=Research+Assistance
DEBUG:urllib3.connectionpool:Starting new HTTPS connection (1): outlook.office.com:443
DEBUG:urllib3.connectionpool:https://wordpress-810691-5571285.cloudwaysapps.com:443 "GET /galleries/2010-pastfinders-news/ HTTP/1.1" 200 None
DEBUG:root:Successfully fetched https://wordpress-810691-5571285.cloudwaysapps.com/galleries/2010-pastfinders-news/ (Content-Length: 72857)
DEBUG:charset_normalizer:Encoding detection: utf_8 is most likely the one.
DEBUG:root:Extracted 379 characters, 79 words from https://wordpress-810691-5571285.cloudwaysapps.com/galleries/2010-pastfinders-news/
DEBUG:root:Checking internal image: https://wordpress-810691-5571285.cloudwaysapps.com/wp-content/uploads/2025/08/IMG_0005_1566264871-1024x614.webp
DEBUG:urllib3.connectionpool:Starting new HTTPS connection (1): wordpress-810691-5571285.cloudwaysapps.com:443
DEBUG:urllib3.connectionpool:https://outlook.office.com:443 "GET /calendar/0/deeplink/compose?allday=false&body=Join+us+weekly+in+the+Genealogy+Room+for+in-person+help+with+your+research.+It%E2%80%99s+a+great+chance+to+get+one-on-one+guidance%2C+ask+questions%2C+and+connect+with+others+who+share+your+passion+for+family+history.&location=2525+Oakley+Seaver+Dr%2C+Clermont%2C+FL%2C+34711%2C+United+States&path=/calendar/action/compose&rru=addevent&startdt=2026-07-22T13%3A00%3A00-04%3A00&enddt=2026-07-22T15%3A00%3A00-04%3A00&subject=Research+Assistance HTTP/1.1" 200 None
DEBUG:root:✅ Hyperlink OK: https://outlook.office.com/calendar/0/deeplink/compose?allday=false&body=Join+us+weekly+in+the+Genealogy+Room+for+in-person+help+with+your+research.+It%E2%80%99s+a+great+chance+to+get+one-on-one+guidance%2C+ask+questions%2C+and+connect+with+others+who+share+your+passion+for+family+history.&location=2525+Oakley+Seaver+Dr%2C+Clermont%2C+FL%2C+34711%2C+United+States&path=/calendar/action/compose&rru=addevent&startdt=2026-07-22T13%3A00%3A00-04%3A00&enddt=2026-07-22T15%3A00%3A00-04%3A00&subject=Research+Assistance
DEBUG:root:Checking external hyperlink: https://outlook.live.com/calendar/0/deeplink/compose?allday=false&body=Join+us+weekly+in+the+Genealogy+Room+for+in-person+help+with+your+research.+It%E2%80%99s+a+great+chance+to+get+one-on-one+guidance%2C+ask+questions%2C+and+connect+with+others+who+share+your+passion+for+family+history.&location=2525+Oakley+Seaver+Dr%2C+Clermont%2C+FL%2C+34711%2C+United+States&path=/calendar/action/compose&rru=addevent&startdt=2026-07-22T13%3A00%3A00-04%3A00&enddt=2026-07-22T15%3A00%3A00-04%3A00&subject=Research+Assistance
DEBUG:urllib3.connectionpool:https://wordpress-810691-5571285.cloudwaysapps.com:443 "GET /galleries/2002-pastfinders-news/ HTTP/1.1" 200 None
DEBUG:urllib3.connectionpool:Starting new HTTPS connection (1): outlook.live.com:443
DEBUG:root:Successfully fetched https://wordpress-810691-5571285.cloudwaysapps.com/galleries/2002-pastfinders-news/ (Content-Length: 43155)
DEBUG:charset_normalizer:Encoding detection: utf_8 is most likely the one.
DEBUG:urllib3.connectionpool:https://wordpress-810691-5571285.cloudwaysapps.com:443 "GET /wp-content/uploads/2025/08/IMG_0005_1566264871-1024x614.webp HTTP/1.1" 200 111376
DEBUG:root:Extracted 157 characters, 27 words from https://wordpress-810691-5571285.cloudwaysapps.com/galleries/2002-pastfinders-news/
DEBUG:root:Checking internal image: https://wordpress-810691-5571285.cloudwaysapps.com/wp-content/uploads/2025/08/IMG_0001_1606258206-916x1024.webp
DEBUG:urllib3.connectionpool:Starting new HTTPS connection (1): wordpress-810691-5571285.cloudwaysapps.com:443
DEBUG:root:✅ Image OK: https://wordpress-810691-5571285.cloudwaysapps.com/wp-content/uploads/2025/08/IMG_0005_1566264871-1024x614.webp
DEBUG:root:Checking internal image: https://wordpress-810691-5571285.cloudwaysapps.com/wp-content/uploads/2025/08/IMG_0010_1566264871-1024x583.webp
DEBUG:urllib3.connectionpool:Starting new HTTPS connection (1): wordpress-810691-5571285.cloudwaysapps.com:443
DEBUG:urllib3.connectionpool:https://outlook.live.com:443 "GET /calendar/0/deeplink/compose?allday=false&body=Join+us+weekly+in+the+Genealogy+Room+for+in-person+help+with+your+research.+It%E2%80%99s+a+great+chance+to+get+one-on-one+guidance%2C+ask+questions%2C+and+connect+with+others+who+share+your+passion+for+family+history.&location=2525+Oakley+Seaver+Dr%2C+Clermont%2C+FL%2C+34711%2C+United+States&path=/calendar/action/compose&rru=addevent&startdt=2026-07-22T13%3A00%3A00-04%3A00&enddt=2026-07-22T15%3A00%3A00-04%3A00&subject=Research+Assistance HTTP/1.1" 200 None
DEBUG:root:✅ Hyperlink OK: https://outlook.live.com/calendar/0/deeplink/compose?allday=false&body=Join+us+weekly+in+the+Genealogy+Room+for+in-person+help+with+your+research.+It%E2%80%99s+a+great+chance+to+get+one-on-one+guidance%2C+ask+questions%2C+and+connect+with+others+who+share+your+passion+for+family+history.&location=2525+Oakley+Seaver+Dr%2C+Clermont%2C+FL%2C+34711%2C+United+States&path=/calendar/action/compose&rru=addevent&startdt=2026-07-22T13%3A00%3A00-04%3A00&enddt=2026-07-22T15%3A00%3A00-04%3A00&subject=Research+Assistance
DEBUG:root:Using regex pattern: \b[a-zA-Z]{3,}\b
DEBUG:root:Found 58 words to check in https://wordpress-810691-5571285.cloudwaysapps.com/events/research-assistance-2025-08-27-2025-09-03-2025-09-10-2025-09-17-2025-09-24-2025-10-01-2025-10-08-2025-10-15-2025-10-22-2025-10-29-2025-11-05-2025-11-12-2025-11-19-2025-11-26-2025-12-03-2-15-2026-07-22/ (min_length=3)
DEBUG:root:Sample words from https://wordpress-810691-5571285.cloudwaysapps.com/events/research-assistance-2025-08-27-2025-09-03-2025-09-10-2025-09-17-2025-09-24-2025-10-01-2025-10-08-2025-10-15-2025-10-22-2025-10-29-2025-11-05-2025-11-12-2025-11-19-2025-11-26-2025-12-03-2-15-2026-07-22/: ['This', 'alert', 'Skip', 'content', 'Research', 'Assistance', 'When', 'July', 'Add', 'Calendar']
DEBUG:root:Spell check results for https://wordpress-810691-5571285.cloudwaysapps.com/events/research-assistance-2025-08-27-2025-09-03-2025-09-10-2025-09-17-2025-09-24-2025-10-01-2025-10-08-2025-10-15-2025-10-22-2025-10-29-2025-11-05-2025-11-12-2025-11-19-2025-11-26-2025-12-03-2-15-2026-07-22/: 30 words checked, 28 skipped, 0 errors found
INFO:root:✅ Processed https://wordpress-810691-5571285.cloudwaysapps.com/events/research-assistance-2025-08-27-2025-09-03-2025-09-10-2025-09-17-2025-09-24-2025-10-01-2025-10-08-2025-10-15-2025-10-22-2025-10-29-2025-11-05-2025-11-12-2025-11-19-2025-11-26-2025-12-03-2-15-2026-07-22/: 0 errors found, 85 words checked
DEBUG:root:Attempting to fetch: https://wordpress-810691-5571285.cloudwaysapps.com/events/research-assistance-2025-08-27-2025-09-03-2025-09-10-2025-09-17-2025-09-24-2025-10-01-2025-10-08-2025-10-15-2025-10-22-2025-10-29-2025-11-05-2025-11-12-2025-11-19-2025-11-26/
Processing pages:  56%|█████▋    | 215/381 [01:59<00:53,  3.08it/s]DEBUG:urllib3.connectionpool:https://wordpress-810691-5571285.cloudwaysapps.com:443 "GET /wp-content/uploads/2025/08/IMG_0001_1606258206-916x1024.webp HTTP/1.1" 200 194522
DEBUG:urllib3.connectionpool:https://wordpress-810691-5571285.cloudwaysapps.com:443 "GET /events/research-assistance-2025-08-27-2025-09-03-2025-09-10-2025-09-17-2025-09-24-2025-10-01-2025-10-08-2025-10-15-2025-10-22-2025-10-29-2025-11-05-2025-11-12-2025-11-19-2025-11-26/ HTTP/1.1" 200 None
DEBUG:root:Successfully fetched https://wordpress-810691-5571285.cloudwaysapps.com/events/research-assistance-2025-08-27-2025-09-03-2025-09-10-2025-09-17-2025-09-24-2025-10-01-2025-10-08-2025-10-15-2025-10-22-2025-10-29-2025-11-05-2025-11-12-2025-11-19-2025-11-26/ (Content-Length: 43868)
DEBUG:charset_normalizer:Encoding detection: utf_8 is most likely the one.
DEBUG:root:Extracted 492 characters, 85 words from https://wordpress-810691-5571285.cloudwaysapps.com/events/research-assistance-2025-08-27-2025-09-03-2025-09-10-2025-09-17-2025-09-24-2025-10-01-2025-10-08-2025-10-15-2025-10-22-2025-10-29-2025-11-05-2025-11-12-2025-11-19-2025-11-26/
DEBUG:root:Checking external hyperlink: https://www.google.com/calendar/event?action=TEMPLATE&text=Research+Assistance&dates=20251126T130000/20251126T150000&details=Join+us+weekly+in+the+Genealogy+Room+for+in-person+help+with+your+research.+It%E2%80%99s+a+great+chance+to+get+one-on-one+guidance%2C+ask+questions%2C+and+connect+with+others+who+share+your+passion+for+family+history.&location=2525+Oakley+Seaver+Dr%2C+Clermont%2C+FL%2C+34711%2C+United+States&trp=false&sprop=https%3A%2F%2Fwordpress-810691-5571285.cloudwaysapps.com%2Fevents%2Fresearch-assistance-2025-08-27-2025-09-03-2025-09-10-2025-09-17-2025-09-24-2025-10-01-2025-10-08-2025-10-15-2025-10-22-2025-10-29-2025-11-05-2025-11-12-2025-11-19-2025-11-26%2F&sprop=name:Pastfinders&ctz=America%2FNew_York
DEBUG:urllib3.connectionpool:Starting new HTTPS connection (1): www.google.com:443
DEBUG:urllib3.connectionpool:https://wordpress-810691-5571285.cloudwaysapps.com:443 "GET /wp-content/uploads/2025/08/IMG_0010_1566264871-1024x583.webp HTTP/1.1" 200 128034
DEBUG:root:✅ Image OK: https://wordpress-810691-5571285.cloudwaysapps.com/wp-content/uploads/2025/08/IMG_0001_1606258206-916x1024.webp
DEBUG:root:Using regex pattern: \b[a-zA-Z]{3,}\b
DEBUG:root:Found 13 words to check in https://wordpress-810691-5571285.cloudwaysapps.com/galleries/2002-pastfinders-news/ (min_length=3)
DEBUG:root:Sample words from https://wordpress-810691-5571285.cloudwaysapps.com/galleries/2002-pastfinders-news/: ['This', 'alert', 'Skip', 'content', 'Pastfinders', 'News', 'images', 'Click', 'view', 'Gallery']
DEBUG:root:Spell check results for https://wordpress-810691-5571285.cloudwaysapps.com/galleries/2002-pastfinders-news/: 4 words checked, 9 skipped, 0 errors found
INFO:root:✅ Processed https://wordpress-810691-5571285.cloudwaysapps.com/galleries/2002-pastfinders-news/: 0 errors found, 27 words checked
DEBUG:root:Attempting to fetch: https://wordpress-810691-5571285.cloudwaysapps.com/galleries/2016-mary-l-jackson-fears-co/
Processing pages:  57%|█████▋    | 216/381 [01:59<00:48,  3.44it/s]DEBUG:root:✅ Image OK: https://wordpress-810691-5571285.cloudwaysapps.com/wp-content/uploads/2025/08/IMG_0010_1566264871-1024x583.webp
DEBUG:root:Checking internal image: https://wordpress-810691-5571285.cloudwaysapps.com/wp-content/uploads/2025/08/IMG_0015_1566264871-1024x485.webp
DEBUG:urllib3.connectionpool:Starting new HTTPS connection (1): wordpress-810691-5571285.cloudwaysapps.com:443
DEBUG:urllib3.connectionpool:https://www.google.com:443 "GET /calendar/event?action=TEMPLATE&text=Research+Assistance&dates=20251126T130000/20251126T150000&details=Join+us+weekly+in+the+Genealogy+Room+for+in-person+help+with+your+research.+It%E2%80%99s+a+great+chance+to+get+one-on-one+guidance%2C+ask+questions%2C+and+connect+with+others+who+share+your+passion+for+family+history.&location=2525+Oakley+Seaver+Dr%2C+Clermont%2C+FL%2C+34711%2C+United+States&trp=false&sprop=https%3A%2F%2Fwordpress-810691-5571285.cloudwaysapps.com%2Fevents%2Fresearch-assistance-2025-08-27-2025-09-03-2025-09-10-2025-09-17-2025-09-24-2025-10-01-2025-10-08-2025-10-15-2025-10-22-2025-10-29-2025-11-05-2025-11-12-2025-11-19-2025-11-26%2F&sprop=name:Pastfinders&ctz=America%2FNew_York HTTP/1.1" 302 0
DEBUG:urllib3.connectionpool:Starting new HTTPS connection (1): calendar.google.com:443
DEBUG:urllib3.connectionpool:https://wordpress-810691-5571285.cloudwaysapps.com:443 "GET /galleries/2016-mary-l-jackson-fears-co/ HTTP/1.1" 200 None
DEBUG:root:Successfully fetched https://wordpress-810691-5571285.cloudwaysapps.com/galleries/2016-mary-l-jackson-fears-co/ (Content-Length: 68841)
DEBUG:charset_normalizer:Encoding detection: utf_8 is most likely the one.
DEBUG:root:Extracted 352 characters, 74 words from https://wordpress-810691-5571285.cloudwaysapps.com/galleries/2016-mary-l-jackson-fears-co/
DEBUG:root:Checking internal image: https://wordpress-810691-5571285.cloudwaysapps.com/wp-content/uploads/2025/08/20160317_174049_1540429478-1024x576.webp
DEBUG:urllib3.connectionpool:Starting new HTTPS connection (1): wordpress-810691-5571285.cloudwaysapps.com:443
DEBUG:urllib3.connectionpool:https://calendar.google.com:443 "GET /calendar/event?action=TEMPLATE&text=Research+Assistance&dates=20251126T130000/20251126T150000&details=Join+us+weekly+in+the+Genealogy+Room+for+in-person+help+with+your+research.+It%E2%80%99s+a+great+chance+to+get+one-on-one+guidance,+ask+questions,+and+connect+with+others+who+share+your+passion+for+family+history.&location=2525+Oakley+Seaver+Dr,+Clermont,+FL,+34711,+United+States&trp=false&sprop=https://wordpress-810691-5571285.cloudwaysapps.com/events/research-assistance-2025-08-27-2025-09-03-2025-09-10-2025-09-17-2025-09-24-2025-10-01-2025-10-08-2025-10-15-2025-10-22-2025-10-29-2025-11-05-2025-11-12-2025-11-19-2025-11-26/&sprop=name:Pastfinders&ctz=America/New_York HTTP/1.1" 302 0
DEBUG:urllib3.connectionpool:Starting new HTTPS connection (1): accounts.google.com:443
DEBUG:urllib3.connectionpool:https://wordpress-810691-5571285.cloudwaysapps.com:443 "GET /wp-content/uploads/2025/08/IMG_0015_1566264871-1024x485.webp HTTP/1.1" 200 74480
DEBUG:urllib3.connectionpool:https://accounts.google.com:443 "GET /ServiceLogin?service=cl&passive=1209600&osid=1&continue=https://calendar.google.com/calendar/event?action%3DTEMPLATE%26text%3DResearch%2BAssistance%26dates%3D20251126T130000/20251126T150000%26details%3DJoin%2Bus%2Bweekly%2Bin%2Bthe%2BGenealogy%2BRoom%2Bfor%2Bin-person%2Bhelp%2Bwith%2Byour%2Bresearch.%2BIt%25E2%2580%2599s%2Ba%2Bgreat%2Bchance%2Bto%2Bget%2Bone-on-one%2Bguidance,%2Bask%2Bquestions,%2Band%2Bconnect%2Bwith%2Bothers%2Bwho%2Bshare%2Byour%2Bpassion%2Bfor%2Bfamily%2Bhistory.%26location%3D2525%2BOakley%2BSeaver%2BDr,%2BClermont,%2BFL,%2B34711,%2BUnited%2BStates%26trp%3Dfalse%26sprop%3Dhttps://wordpress-810691-5571285.cloudwaysapps.com/events/research-assistance-2025-08-27-2025-09-03-2025-09-10-2025-09-17-2025-09-24-2025-10-01-2025-10-08-2025-10-15-2025-10-22-2025-10-29-2025-11-05-2025-11-12-2025-11-19-2025-11-26/%26sprop%3Dname:Pastfinders%26ctz%3DAmerica/New_York&followup=https://calendar.google.com/calendar/event?action%3DTEMPLATE%26text%3DResearch%2BAssistance%26dates%3D20251126T130000/20251126T150000%26details%3DJoin%2Bus%2Bweekly%2Bin%2Bthe%2BGenealogy%2BRoom%2Bfor%2Bin-person%2Bhelp%2Bwith%2Byour%2Bresearch.%2BIt%25E2%2580%2599s%2Ba%2Bgreat%2Bchance%2Bto%2Bget%2Bone-on-one%2Bguidance,%2Bask%2Bquestions,%2Band%2Bconnect%2Bwith%2Bothers%2Bwho%2Bshare%2Byour%2Bpassion%2Bfor%2Bfamily%2Bhistory.%26location%3D2525%2BOakley%2BSeaver%2BDr,%2BClermont,%2BFL,%2B34711,%2BUnited%2BStates%26trp%3Dfalse%26sprop%3Dhttps://wordpress-810691-5571285.cloudwaysapps.com/events/research-assistance-2025-08-27-2025-09-03-2025-09-10-2025-09-17-2025-09-24-2025-10-01-2025-10-08-2025-10-15-2025-10-22-2025-10-29-2025-11-05-2025-11-12-2025-11-19-2025-11-26/%26sprop%3Dname:Pastfinders%26ctz%3DAmerica/New_York&emr=1 HTTP/1.1" 302 0
DEBUG:root:✅ Image OK: https://wordpress-810691-5571285.cloudwaysapps.com/wp-content/uploads/2025/08/IMG_0015_1566264871-1024x485.webp
DEBUG:root:Checking internal image: https://wordpress-810691-5571285.cloudwaysapps.com/wp-content/uploads/2025/08/IMG_0006_1566264871-1024x749.webp
DEBUG:urllib3.connectionpool:https://wordpress-810691-5571285.cloudwaysapps.com:443 "GET /wp-content/uploads/2025/08/20160317_174049_1540429478-1024x576.webp HTTP/1.1" 200 61196
DEBUG:root:✅ Image OK: https://wordpress-810691-5571285.cloudwaysapps.com/wp-content/uploads/2025/08/20160317_174049_1540429478-1024x576.webp
DEBUG:urllib3.connectionpool:Starting new HTTPS connection (1): wordpress-810691-5571285.cloudwaysapps.com:443
DEBUG:root:Checking internal image: https://wordpress-810691-5571285.cloudwaysapps.com/wp-content/uploads/2025/08/20160317_174105_1540429478-1024x576.webp
DEBUG:urllib3.connectionpool:Starting new HTTPS connection (1): wordpress-810691-5571285.cloudwaysapps.com:443
DEBUG:urllib3.connectionpool:https://accounts.google.com:443 "GET /InteractiveLogin?continue=https://calendar.google.com/calendar/event?action%3DTEMPLATE%26text%3DResearch%2BAssistance%26dates%3D20251126T130000/20251126T150000%26details%3DJoin%2Bus%2Bweekly%2Bin%2Bthe%2BGenealogy%2BRoom%2Bfor%2Bin-person%2Bhelp%2Bwith%2Byour%2Bresearch.%2BIt%25E2%2580%2599s%2Ba%2Bgreat%2Bchance%2Bto%2Bget%2Bone-on-one%2Bguidance,%2Bask%2Bquestions,%2Band%2Bconnect%2Bwith%2Bothers%2Bwho%2Bshare%2Byour%2Bpassion%2Bfor%2Bfamily%2Bhistory.%26location%3D2525%2BOakley%2BSeaver%2BDr,%2BClermont,%2BFL,%2B34711,%2BUnited%2BStates%26trp%3Dfalse%26sprop%3Dhttps://wordpress-810691-5571285.cloudwaysapps.com/events/research-assistance-2025-08-27-2025-09-03-2025-09-10-2025-09-17-2025-09-24-2025-10-01-2025-10-08-2025-10-15-2025-10-22-2025-10-29-2025-11-05-2025-11-12-2025-11-19-2025-11-26/%26sprop%3Dname:Pastfinders%26ctz%3DAmerica/New_York&emr=1&followup=https://calendar.google.com/calendar/event?action%3DTEMPLATE%26text%3DResearch%2BAssistance%26dates%3D20251126T130000/20251126T150000%26details%3DJoin%2Bus%2Bweekly%2Bin%2Bthe%2BGenealogy%2BRoom%2Bfor%2Bin-person%2Bhelp%2Bwith%2Byour%2Bresearch.%2BIt%25E2%2580%2599s%2Ba%2Bgreat%2Bchance%2Bto%2Bget%2Bone-on-one%2Bguidance,%2Bask%2Bquestions,%2Band%2Bconnect%2Bwith%2Bothers%2Bwho%2Bshare%2Byour%2Bpassion%2Bfor%2Bfamily%2Bhistory.%26location%3D2525%2BOakley%2BSeaver%2BDr,%2BClermont,%2BFL,%2B34711,%2BUnited%2BStates%26trp%3Dfalse%26sprop%3Dhttps://wordpress-810691-5571285.cloudwaysapps.com/events/research-assistance-2025-08-27-2025-09-03-2025-09-10-2025-09-17-2025-09-24-2025-10-01-2025-10-08-2025-10-15-2025-10-22-2025-10-29-2025-11-05-2025-11-12-2025-11-19-2025-11-26/%26sprop%3Dname:Pastfinders%26ctz%3DAmerica/New_York&osid=1&passive=1209600&service=cl&ifkv=AdBytiOr6_Ohrqh38t03xMBmby9OpczGkjCVe3cya00ygLep1dx91ZxEsAQaJusCr5N1Ut66vARRBg HTTP/1.1" 302 None
DEBUG:urllib3.connectionpool:https://wordpress-810691-5571285.cloudwaysapps.com:443 "GET /events/family-tree-maker-special-interest-group-sig-2026-03-17/ HTTP/1.1" 200 None
DEBUG:root:Successfully fetched https://wordpress-810691-5571285.cloudwaysapps.com/events/family-tree-maker-special-interest-group-sig-2026-03-17/ (Content-Length: 42973)
DEBUG:charset_normalizer:Encoding detection: utf_8 is most likely the one.
DEBUG:root:Extracted 1059 characters, 183 words from https://wordpress-810691-5571285.cloudwaysapps.com/events/family-tree-maker-special-interest-group-sig-2026-03-17/
DEBUG:root:Checking external hyperlink: https://www.google.com/calendar/event?action=TEMPLATE&text=Family+Tree+Maker+Special+Interest+Group+%28SIG%29&dates=20260317T000000/20260317T000000&details=Join+host+Stan+Wells+as+he+leads+a+step-by-step+walk-through+of+Family+Tree+Maker+%28FTM%29%2C+one+of+the+most+popular+genealogy+software+programs+available+today.&location=&trp=false&sprop=https%3A%2F%2Fwordpress-810691-5571285.cloudwaysapps.com%2Fevents%2Ffamily-tree-maker-special-interest-group-sig-2026-03-17%2F&sprop=name:Pastfinders&ctz=America%2FNew_York
DEBUG:urllib3.connectionpool:Starting new HTTPS connection (1): www.google.com:443
DEBUG:urllib3.connectionpool:https://accounts.google.com:443 "GET /v3/signin/identifier?continue=https%3A%2F%2Fcalendar.google.com%2Fcalendar%2Fevent%3Faction%3DTEMPLATE%26text%3DResearch%2BAssistance%26dates%3D20251126T130000%2F20251126T150000%26details%3DJoin%2Bus%2Bweekly%2Bin%2Bthe%2BGenealogy%2BRoom%2Bfor%2Bin-person%2Bhelp%2Bwith%2Byour%2Bresearch.%2BIt%25E2%2580%2599s%2Ba%2Bgreat%2Bchance%2Bto%2Bget%2Bone-on-one%2Bguidance%2C%2Bask%2Bquestions%2C%2Band%2Bconnect%2Bwith%2Bothers%2Bwho%2Bshare%2Byour%2Bpassion%2Bfor%2Bfamily%2Bhistory.%26location%3D2525%2BOakley%2BSeaver%2BDr%2C%2BClermont%2C%2BFL%2C%2B34711%2C%2BUnited%2BStates%26trp%3Dfalse%26sprop%3Dhttps%3A%2F%2Fwordpress-810691-5571285.cloudwaysapps.com%2Fevents%2Fresearch-assistance-2025-08-27-2025-09-03-2025-09-10-2025-09-17-2025-09-24-2025-10-01-2025-10-08-2025-10-15-2025-10-22-2025-10-29-2025-11-05-2025-11-12-2025-11-19-2025-11-26%2F%26sprop%3Dname%3APastfinders%26ctz%3DAmerica%2FNew_York&emr=1&followup=https%3A%2F%2Fcalendar.google.com%2Fcalendar%2Fevent%3Faction%3DTEMPLATE%26text%3DResearch%2BAssistance%26dates%3D20251126T130000%2F20251126T150000%26details%3DJoin%2Bus%2Bweekly%2Bin%2Bthe%2BGenealogy%2BRoom%2Bfor%2Bin-person%2Bhelp%2Bwith%2Byour%2Bresearch.%2BIt%25E2%2580%2599s%2Ba%2Bgreat%2Bchance%2Bto%2Bget%2Bone-on-one%2Bguidance%2C%2Bask%2Bquestions%2C%2Band%2Bconnect%2Bwith%2Bothers%2Bwho%2Bshare%2Byour%2Bpassion%2Bfor%2Bfamily%2Bhistory.%26location%3D2525%2BOakley%2BSeaver%2BDr%2C%2BClermont%2C%2BFL%2C%2B34711%2C%2BUnited%2BStates%26trp%3Dfalse%26sprop%3Dhttps%3A%2F%2Fwordpress-810691-5571285.cloudwaysapps.com%2Fevents%2Fresearch-assistance-2025-08-27-2025-09-03-2025-09-10-2025-09-17-2025-09-24-2025-10-01-2025-10-08-2025-10-15-2025-10-22-2025-10-29-2025-11-05-2025-11-12-2025-11-19-2025-11-26%2F%26sprop%3Dname%3APastfinders%26ctz%3DAmerica%2FNew_York&ifkv=AdBytiM_Qjlq8G13Zbg3RDBkZAtHb6yiSaq_uvJNF1bTkLTikj3HyyvMX89Lh4PzQdJ0_7-LXgmNZQ&osid=1&passive=1209600&service=cl&flowName=WebLiteSignIn&flowEntry=ServiceLogin&dsh=S-1324337814%3A1756758244464439 HTTP/1.1" 200 None
DEBUG:urllib3.connectionpool:https://www.google.com:443 "GET /calendar/event?action=TEMPLATE&text=Family+Tree+Maker+Special+Interest+Group+%28SIG%29&dates=20260317T000000/20260317T000000&details=Join+host+Stan+Wells+as+he+leads+a+step-by-step+walk-through+of+Family+Tree+Maker+%28FTM%29%2C+one+of+the+most+popular+genealogy+software+programs+available+today.&location=&trp=false&sprop=https%3A%2F%2Fwordpress-810691-5571285.cloudwaysapps.com%2Fevents%2Ffamily-tree-maker-special-interest-group-sig-2026-03-17%2F&sprop=name:Pastfinders&ctz=America%2FNew_York HTTP/1.1" 302 0
DEBUG:urllib3.connectionpool:Starting new HTTPS connection (1): calendar.google.com:443
DEBUG:root:✅ Hyperlink OK: https://www.google.com/calendar/event?action=TEMPLATE&text=Research+Assistance&dates=20251126T130000/20251126T150000&details=Join+us+weekly+in+the+Genealogy+Room+for+in-person+help+with+your+research.+It%E2%80%99s+a+great+chance+to+get+one-on-one+guidance%2C+ask+questions%2C+and+connect+with+others+who+share+your+passion+for+family+history.&location=2525+Oakley+Seaver+Dr%2C+Clermont%2C+FL%2C+34711%2C+United+States&trp=false&sprop=https%3A%2F%2Fwordpress-810691-5571285.cloudwaysapps.com%2Fevents%2Fresearch-assistance-2025-08-27-2025-09-03-2025-09-10-2025-09-17-2025-09-24-2025-10-01-2025-10-08-2025-10-15-2025-10-22-2025-10-29-2025-11-05-2025-11-12-2025-11-19-2025-11-26%2F&sprop=name:Pastfinders&ctz=America%2FNew_York
DEBUG:root:Checking external hyperlink: https://outlook.office.com/calendar/0/deeplink/compose?allday=false&body=Join+us+weekly+in+the+Genealogy+Room+for+in-person+help+with+your+research.+It%E2%80%99s+a+great+chance+to+get+one-on-one+guidance%2C+ask+questions%2C+and+connect+with+others+who+share+your+passion+for+family+history.&location=2525+Oakley+Seaver+Dr%2C+Clermont%2C+FL%2C+34711%2C+United+States&path=/calendar/action/compose&rru=addevent&startdt=2025-11-26T13%3A00%3A00-05%3A00&enddt=2025-11-26T15%3A00%3A00-05%3A00&subject=Research+Assistance
DEBUG:urllib3.connectionpool:Starting new HTTPS connection (1): outlook.office.com:443
DEBUG:urllib3.connectionpool:https://wordpress-810691-5571285.cloudwaysapps.com:443 "GET /wp-content/uploads/2025/08/IMG_0006_1566264871-1024x749.webp HTTP/1.1" 200 180046
DEBUG:urllib3.connectionpool:https://wordpress-810691-5571285.cloudwaysapps.com:443 "GET /wp-content/uploads/2025/08/20160317_174105_1540429478-1024x576.webp HTTP/1.1" 200 54488
DEBUG:root:✅ Image OK: https://wordpress-810691-5571285.cloudwaysapps.com/wp-content/uploads/2025/08/20160317_174105_1540429478-1024x576.webp
DEBUG:root:Checking internal image: https://wordpress-810691-5571285.cloudwaysapps.com/wp-content/uploads/2025/08/20160317_183358_1540429819-1024x576.webp
DEBUG:urllib3.connectionpool:Starting new HTTPS connection (1): wordpress-810691-5571285.cloudwaysapps.com:443
DEBUG:urllib3.connectionpool:https://calendar.google.com:443 "GET /calendar/event?action=TEMPLATE&text=Family+Tree+Maker+Special+Interest+Group+(SIG)&dates=20260317T000000/20260317T000000&details=Join+host+Stan+Wells+as+he+leads+a+step-by-step+walk-through+of+Family+Tree+Maker+(FTM),+one+of+the+most+popular+genealogy+software+programs+available+today.&location&trp=false&sprop=https://wordpress-810691-5571285.cloudwaysapps.com/events/family-tree-maker-special-interest-group-sig-2026-03-17/&sprop=name:Pastfinders&ctz=America/New_York HTTP/1.1" 302 0
DEBUG:root:✅ Image OK: https://wordpress-810691-5571285.cloudwaysapps.com/wp-content/uploads/2025/08/IMG_0006_1566264871-1024x749.webp
DEBUG:root:Checking internal image: https://wordpress-810691-5571285.cloudwaysapps.com/wp-content/uploads/2025/08/IMG_0013_1566264871-822x1024.webp
DEBUG:urllib3.connectionpool:Starting new HTTPS connection (1): wordpress-810691-5571285.cloudwaysapps.com:443
DEBUG:urllib3.connectionpool:Starting new HTTPS connection (1): accounts.google.com:443
DEBUG:urllib3.connectionpool:https://outlook.office.com:443 "GET /calendar/0/deeplink/compose?allday=false&body=Join+us+weekly+in+the+Genealogy+Room+for+in-person+help+with+your+research.+It%E2%80%99s+a+great+chance+to+get+one-on-one+guidance%2C+ask+questions%2C+and+connect+with+others+who+share+your+passion+for+family+history.&location=2525+Oakley+Seaver+Dr%2C+Clermont%2C+FL%2C+34711%2C+United+States&path=/calendar/action/compose&rru=addevent&startdt=2025-11-26T13%3A00%3A00-05%3A00&enddt=2025-11-26T15%3A00%3A00-05%3A00&subject=Research+Assistance HTTP/1.1" 200 None
DEBUG:root:✅ Hyperlink OK: https://outlook.office.com/calendar/0/deeplink/compose?allday=false&body=Join+us+weekly+in+the+Genealogy+Room+for+in-person+help+with+your+research.+It%E2%80%99s+a+great+chance+to+get+one-on-one+guidance%2C+ask+questions%2C+and+connect+with+others+who+share+your+passion+for+family+history.&location=2525+Oakley+Seaver+Dr%2C+Clermont%2C+FL%2C+34711%2C+United+States&path=/calendar/action/compose&rru=addevent&startdt=2025-11-26T13%3A00%3A00-05%3A00&enddt=2025-11-26T15%3A00%3A00-05%3A00&subject=Research+Assistance
DEBUG:root:Checking external hyperlink: https://outlook.live.com/calendar/0/deeplink/compose?allday=false&body=Join+us+weekly+in+the+Genealogy+Room+for+in-person+help+with+your+research.+It%E2%80%99s+a+great+chance+to+get+one-on-one+guidance%2C+ask+questions%2C+and+connect+with+others+who+share+your+passion+for+family+history.&location=2525+Oakley+Seaver+Dr%2C+Clermont%2C+FL%2C+34711%2C+United+States&path=/calendar/action/compose&rru=addevent&startdt=2025-11-26T13%3A00%3A00-05%3A00&enddt=2025-11-26T15%3A00%3A00-05%3A00&subject=Research+Assistance
DEBUG:urllib3.connectionpool:Starting new HTTPS connection (1): outlook.live.com:443
DEBUG:urllib3.connectionpool:https://accounts.google.com:443 "GET /ServiceLogin?service=cl&passive=1209600&osid=1&continue=https://calendar.google.com/calendar/event?action%3DTEMPLATE%26text%3DFamily%2BTree%2BMaker%2BSpecial%2BInterest%2BGroup%2B(SIG)%26dates%3D20260317T000000/20260317T000000%26details%3DJoin%2Bhost%2BStan%2BWells%2Bas%2Bhe%2Bleads%2Ba%2Bstep-by-step%2Bwalk-through%2Bof%2BFamily%2BTree%2BMaker%2B(FTM),%2Bone%2Bof%2Bthe%2Bmost%2Bpopular%2Bgenealogy%2Bsoftware%2Bprograms%2Bavailable%2Btoday.%26location%26trp%3Dfalse%26sprop%3Dhttps://wordpress-810691-5571285.cloudwaysapps.com/events/family-tree-maker-special-interest-group-sig-2026-03-17/%26sprop%3Dname:Pastfinders%26ctz%3DAmerica/New_York&followup=https://calendar.google.com/calendar/event?action%3DTEMPLATE%26text%3DFamily%2BTree%2BMaker%2BSpecial%2BInterest%2BGroup%2B(SIG)%26dates%3D20260317T000000/20260317T000000%26details%3DJoin%2Bhost%2BStan%2BWells%2Bas%2Bhe%2Bleads%2Ba%2Bstep-by-step%2Bwalk-through%2Bof%2BFamily%2BTree%2BMaker%2B(FTM),%2Bone%2Bof%2Bthe%2Bmost%2Bpopular%2Bgenealogy%2Bsoftware%2Bprograms%2Bavailable%2Btoday.%26location%26trp%3Dfalse%26sprop%3Dhttps://wordpress-810691-5571285.cloudwaysapps.com/events/family-tree-maker-special-interest-group-sig-2026-03-17/%26sprop%3Dname:Pastfinders%26ctz%3DAmerica/New_York&emr=1 HTTP/1.1" 302 0
DEBUG:urllib3.connectionpool:https://accounts.google.com:443 "GET /InteractiveLogin?continue=https://calendar.google.com/calendar/event?action%3DTEMPLATE%26text%3DFamily%2BTree%2BMaker%2BSpecial%2BInterest%2BGroup%2B(SIG)%26dates%3D20260317T000000/20260317T000000%26details%3DJoin%2Bhost%2BStan%2BWells%2Bas%2Bhe%2Bleads%2Ba%2Bstep-by-step%2Bwalk-through%2Bof%2BFamily%2BTree%2BMaker%2B(FTM),%2Bone%2Bof%2Bthe%2Bmost%2Bpopular%2Bgenealogy%2Bsoftware%2Bprograms%2Bavailable%2Btoday.%26location%26trp%3Dfalse%26sprop%3Dhttps://wordpress-810691-5571285.cloudwaysapps.com/events/family-tree-maker-special-interest-group-sig-2026-03-17/%26sprop%3Dname:Pastfinders%26ctz%3DAmerica/New_York&emr=1&followup=https://calendar.google.com/calendar/event?action%3DTEMPLATE%26text%3DFamily%2BTree%2BMaker%2BSpecial%2BInterest%2BGroup%2B(SIG)%26dates%3D20260317T000000/20260317T000000%26details%3DJoin%2Bhost%2BStan%2BWells%2Bas%2Bhe%2Bleads%2Ba%2Bstep-by-step%2Bwalk-through%2Bof%2BFamily%2BTree%2BMaker%2B(FTM),%2Bone%2Bof%2Bthe%2Bmost%2Bpopular%2Bgenealogy%2Bsoftware%2Bprograms%2Bavailable%2Btoday.%26location%26trp%3Dfalse%26sprop%3Dhttps://wordpress-810691-5571285.cloudwaysapps.com/events/family-tree-maker-special-interest-group-sig-2026-03-17/%26sprop%3Dname:Pastfinders%26ctz%3DAmerica/New_York&osid=1&passive=1209600&service=cl&ifkv=AdBytiM2iCvuUTNxMDaO0jLVZqy6UmkEkYLYWsuAJJamEO_1uzPAJ5OokLQhq7l6H253HYUG1iAdpQ HTTP/1.1" 302 None
DEBUG:urllib3.connectionpool:https://wordpress-810691-5571285.cloudwaysapps.com:443 "GET /wp-content/uploads/2025/08/20160317_183358_1540429819-1024x576.webp HTTP/1.1" 200 70150
DEBUG:root:✅ Image OK: https://wordpress-810691-5571285.cloudwaysapps.com/wp-content/uploads/2025/08/20160317_183358_1540429819-1024x576.webp
DEBUG:root:Checking internal image: https://wordpress-810691-5571285.cloudwaysapps.com/wp-content/uploads/2025/08/20160317_183550_1540429819-1024x576.webp
DEBUG:urllib3.connectionpool:Starting new HTTPS connection (1): wordpress-810691-5571285.cloudwaysapps.com:443
DEBUG:urllib3.connectionpool:https://wordpress-810691-5571285.cloudwaysapps.com:443 "GET /wp-content/uploads/2025/08/IMG_0013_1566264871-822x1024.webp HTTP/1.1" 200 149772
DEBUG:urllib3.connectionpool:https://accounts.google.com:443 "GET /v3/signin/identifier?continue=https%3A%2F%2Fcalendar.google.com%2Fcalendar%2Fevent%3Faction%3DTEMPLATE%26text%3DFamily%2BTree%2BMaker%2BSpecial%2BInterest%2BGroup%2B%28SIG%29%26dates%3D20260317T000000%2F20260317T000000%26details%3DJoin%2Bhost%2BStan%2BWells%2Bas%2Bhe%2Bleads%2Ba%2Bstep-by-step%2Bwalk-through%2Bof%2BFamily%2BTree%2BMaker%2B%28FTM%29%2C%2Bone%2Bof%2Bthe%2Bmost%2Bpopular%2Bgenealogy%2Bsoftware%2Bprograms%2Bavailable%2Btoday.%26location%26trp%3Dfalse%26sprop%3Dhttps%3A%2F%2Fwordpress-810691-5571285.cloudwaysapps.com%2Fevents%2Ffamily-tree-maker-special-interest-group-sig-2026-03-17%2F%26sprop%3Dname%3APastfinders%26ctz%3DAmerica%2FNew_York&emr=1&followup=https%3A%2F%2Fcalendar.google.com%2Fcalendar%2Fevent%3Faction%3DTEMPLATE%26text%3DFamily%2BTree%2BMaker%2BSpecial%2BInterest%2BGroup%2B%28SIG%29%26dates%3D20260317T000000%2F20260317T000000%26details%3DJoin%2Bhost%2BStan%2BWells%2Bas%2Bhe%2Bleads%2Ba%2Bstep-by-step%2Bwalk-through%2Bof%2BFamily%2BTree%2BMaker%2B%28FTM%29%2C%2Bone%2Bof%2Bthe%2Bmost%2Bpopular%2Bgenealogy%2Bsoftware%2Bprograms%2Bavailable%2Btoday.%26location%26trp%3Dfalse%26sprop%3Dhttps%3A%2F%2Fwordpress-810691-5571285.cloudwaysapps.com%2Fevents%2Ffamily-tree-maker-special-interest-group-sig-2026-03-17%2F%26sprop%3Dname%3APastfinders%26ctz%3DAmerica%2FNew_York&ifkv=AdBytiOMPuTcw7frLeFvwCmgRDcEpgDWRE7qljeXBr4_Jm-29tjMU_j8qfxiIG5aj7JMeeXTf_BiKg&osid=1&passive=1209600&service=cl&flowName=WebLiteSignIn&flowEntry=ServiceLogin&dsh=S-315311660%3A1756758245370798 HTTP/1.1" 200 None
DEBUG:urllib3.connectionpool:https://outlook.live.com:443 "GET /calendar/0/deeplink/compose?allday=false&body=Join+us+weekly+in+the+Genealogy+Room+for+in-person+help+with+your+research.+It%E2%80%99s+a+great+chance+to+get+one-on-one+guidance%2C+ask+questions%2C+and+connect+with+others+who+share+your+passion+for+family+history.&location=2525+Oakley+Seaver+Dr%2C+Clermont%2C+FL%2C+34711%2C+United+States&path=/calendar/action/compose&rru=addevent&startdt=2025-11-26T13%3A00%3A00-05%3A00&enddt=2025-11-26T15%3A00%3A00-05%3A00&subject=Research+Assistance HTTP/1.1" 200 None
DEBUG:root:✅ Hyperlink OK: https://outlook.live.com/calendar/0/deeplink/compose?allday=false&body=Join+us+weekly+in+the+Genealogy+Room+for+in-person+help+with+your+research.+It%E2%80%99s+a+great+chance+to+get+one-on-one+guidance%2C+ask+questions%2C+and+connect+with+others+who+share+your+passion+for+family+history.&location=2525+Oakley+Seaver+Dr%2C+Clermont%2C+FL%2C+34711%2C+United+States&path=/calendar/action/compose&rru=addevent&startdt=2025-11-26T13%3A00%3A00-05%3A00&enddt=2025-11-26T15%3A00%3A00-05%3A00&subject=Research+Assistance
DEBUG:root:Using regex pattern: \b[a-zA-Z]{3,}\b
DEBUG:root:Found 58 words to check in https://wordpress-810691-5571285.cloudwaysapps.com/events/research-assistance-2025-08-27-2025-09-03-2025-09-10-2025-09-17-2025-09-24-2025-10-01-2025-10-08-2025-10-15-2025-10-22-2025-10-29-2025-11-05-2025-11-12-2025-11-19-2025-11-26/ (min_length=3)
DEBUG:root:Sample words from https://wordpress-810691-5571285.cloudwaysapps.com/events/research-assistance-2025-08-27-2025-09-03-2025-09-10-2025-09-17-2025-09-24-2025-10-01-2025-10-08-2025-10-15-2025-10-22-2025-10-29-2025-11-05-2025-11-12-2025-11-19-2025-11-26/: ['This', 'alert', 'Skip', 'content', 'Research', 'Assistance', 'When', 'November', 'Add', 'Calendar']
DEBUG:root:Spell check results for https://wordpress-810691-5571285.cloudwaysapps.com/events/research-assistance-2025-08-27-2025-09-03-2025-09-10-2025-09-17-2025-09-24-2025-10-01-2025-10-08-2025-10-15-2025-10-22-2025-10-29-2025-11-05-2025-11-12-2025-11-19-2025-11-26/: 30 words checked, 28 skipped, 0 errors found
INFO:root:✅ Processed https://wordpress-810691-5571285.cloudwaysapps.com/events/research-assistance-2025-08-27-2025-09-03-2025-09-10-2025-09-17-2025-09-24-2025-10-01-2025-10-08-2025-10-15-2025-10-22-2025-10-29-2025-11-05-2025-11-12-2025-11-19-2025-11-26/: 0 errors found, 85 words checked
DEBUG:root:Attempting to fetch: https://wordpress-810691-5571285.cloudwaysapps.com/events/irish-special-interest-group-sig-2025-08-18/
Processing pages:  57%|█████▋    | 217/381 [02:01<01:47,  1.52it/s]DEBUG:root:✅ Image OK: https://wordpress-810691-5571285.cloudwaysapps.com/wp-content/uploads/2025/08/IMG_0013_1566264871-822x1024.webp
DEBUG:root:Checking internal image: https://wordpress-810691-5571285.cloudwaysapps.com/wp-content/uploads/2025/08/IMG_00012345_1566271389-963x1024.webp
DEBUG:urllib3.connectionpool:Starting new HTTPS connection (1): wordpress-810691-5571285.cloudwaysapps.com:443
DEBUG:urllib3.connectionpool:https://wordpress-810691-5571285.cloudwaysapps.com:443 "GET /events/irish-special-interest-group-sig-2025-08-18/ HTTP/1.1" 200 None
DEBUG:root:Successfully fetched https://wordpress-810691-5571285.cloudwaysapps.com/events/irish-special-interest-group-sig-2025-08-18/ (Content-Length: 43916)
DEBUG:charset_normalizer:Encoding detection: ascii is most likely the one.
DEBUG:root:✅ Hyperlink OK: https://www.google.com/calendar/event?action=TEMPLATE&text=Family+Tree+Maker+Special+Interest+Group+%28SIG%29&dates=20260317T000000/20260317T000000&details=Join+host+Stan+Wells+as+he+leads+a+step-by-step+walk-through+of+Family+Tree+Maker+%28FTM%29%2C+one+of+the+most+popular+genealogy+software+programs+available+today.&location=&trp=false&sprop=https%3A%2F%2Fwordpress-810691-5571285.cloudwaysapps.com%2Fevents%2Ffamily-tree-maker-special-interest-group-sig-2026-03-17%2F&sprop=name:Pastfinders&ctz=America%2FNew_York
DEBUG:root:Checking external hyperlink: https://outlook.office.com/calendar/0/deeplink/compose?allday=false&body=Join+host+Stan+Wells+as+he+leads+a+step-by-step+walk-through+of+Family+Tree+Maker+%28FTM%29%2C+one+of+the+most+popular+genealogy+software+programs+available+today.&location=&path=/calendar/action/compose&rru=addevent&startdt=2026-03-17T00%3A00%3A00-04%3A00&enddt=2026-03-17T00%3A00%3A00-04%3A00&subject=Family+Tree+Maker+Special+Interest+Group+%28SIG%29
DEBUG:urllib3.connectionpool:Starting new HTTPS connection (1): outlook.office.com:443
DEBUG:root:Extracted 723 characters, 119 words from https://wordpress-810691-5571285.cloudwaysapps.com/events/irish-special-interest-group-sig-2025-08-18/
DEBUG:root:Checking external hyperlink: https://www.google.com/calendar/event?action=TEMPLATE&text=%5BTentative%5D+Irish+Special+Interest+Group+%28SIG%29&dates=20250818T000000/20250818T000000&details=%3Cstrong%3EThe+Irish+SIG+will+resume+with+a+different+approach+to+Genealogy+Research.%C2%A0+Discussions+will+be+based+on+input+from+the+group%2C+which+will+result+in+changing+topics+each+month.%3C%2Fstrong%3EPastfinders+will+send+an+Email+to+SIG+members+several+days+prior+to+each+meeting.Pastfinders+is+using+the+Zoom+Virtual+Meeting+app+to+hold+these+meetings+and+you+can+only+join+the+meeting+by+using+a+link+provided+by+Pastfinders.%C2%A0+You+can+register+for+the+season+here%3A%3Cstrong%3E%C2%A0%3Ca+href%3D%22https%3A%2F%2Fform.jotform.com%2FPastfindersSLC%2FJoin-Irish-SIG%22%3EIrish+SIG%3C%2Fa%3E%C2%A0%3C%2Fstrong%3E&location=&trp=false&sprop=https%3A%2F%2Fwordpress-810691-5571285.cloudwaysapps.com%2Fevents%2Firish-special-interest-group-sig-2025-08-18%2F&sprop=name:Pastfinders&ctz=America%2FNew_York
DEBUG:urllib3.connectionpool:Starting new HTTPS connection (1): www.google.com:443
DEBUG:urllib3.connectionpool:https://wordpress-810691-5571285.cloudwaysapps.com:443 "GET /wp-content/uploads/2025/08/20160317_183550_1540429819-1024x576.webp HTTP/1.1" 200 65702
DEBUG:root:✅ Image OK: https://wordpress-810691-5571285.cloudwaysapps.com/wp-content/uploads/2025/08/20160317_183550_1540429819-1024x576.webp
DEBUG:root:Checking internal image: https://wordpress-810691-5571285.cloudwaysapps.com/wp-content/uploads/2025/08/20160317_181234_1540429478-1024x576.webp
DEBUG:urllib3.connectionpool:Starting new HTTPS connection (1): wordpress-810691-5571285.cloudwaysapps.com:443
DEBUG:urllib3.connectionpool:https://www.google.com:443 "GET /calendar/event?action=TEMPLATE&text=%5BTentative%5D+Irish+Special+Interest+Group+%28SIG%29&dates=20250818T000000/20250818T000000&details=%3Cstrong%3EThe+Irish+SIG+will+resume+with+a+different+approach+to+Genealogy+Research.%C2%A0+Discussions+will+be+based+on+input+from+the+group%2C+which+will+result+in+changing+topics+each+month.%3C%2Fstrong%3EPastfinders+will+send+an+Email+to+SIG+members+several+days+prior+to+each+meeting.Pastfinders+is+using+the+Zoom+Virtual+Meeting+app+to+hold+these+meetings+and+you+can+only+join+the+meeting+by+using+a+link+provided+by+Pastfinders.%C2%A0+You+can+register+for+the+season+here%3A%3Cstrong%3E%C2%A0%3Ca+href%3D%22https%3A%2F%2Fform.jotform.com%2FPastfindersSLC%2FJoin-Irish-SIG%22%3EIrish+SIG%3C%2Fa%3E%C2%A0%3C%2Fstrong%3E&location=&trp=false&sprop=https%3A%2F%2Fwordpress-810691-5571285.cloudwaysapps.com%2Fevents%2Firish-special-interest-group-sig-2025-08-18%2F&sprop=name:Pastfinders&ctz=America%2FNew_York HTTP/1.1" 302 0
DEBUG:urllib3.connectionpool:Starting new HTTPS connection (1): calendar.google.com:443
DEBUG:urllib3.connectionpool:https://wordpress-810691-5571285.cloudwaysapps.com:443 "GET /wp-content/uploads/2025/08/IMG_00012345_1566271389-963x1024.webp HTTP/1.1" 200 136132
DEBUG:urllib3.connectionpool:https://outlook.office.com:443 "GET /calendar/0/deeplink/compose?allday=false&body=Join+host+Stan+Wells+as+he+leads+a+step-by-step+walk-through+of+Family+Tree+Maker+%28FTM%29%2C+one+of+the+most+popular+genealogy+software+programs+available+today.&location=&path=/calendar/action/compose&rru=addevent&startdt=2026-03-17T00%3A00%3A00-04%3A00&enddt=2026-03-17T00%3A00%3A00-04%3A00&subject=Family+Tree+Maker+Special+Interest+Group+%28SIG%29 HTTP/1.1" 200 None
DEBUG:root:✅ Hyperlink OK: https://outlook.office.com/calendar/0/deeplink/compose?allday=false&body=Join+host+Stan+Wells+as+he+leads+a+step-by-step+walk-through+of+Family+Tree+Maker+%28FTM%29%2C+one+of+the+most+popular+genealogy+software+programs+available+today.&location=&path=/calendar/action/compose&rru=addevent&startdt=2026-03-17T00%3A00%3A00-04%3A00&enddt=2026-03-17T00%3A00%3A00-04%3A00&subject=Family+Tree+Maker+Special+Interest+Group+%28SIG%29
DEBUG:root:Checking external hyperlink: https://outlook.live.com/calendar/0/deeplink/compose?allday=false&body=Join+host+Stan+Wells+as+he+leads+a+step-by-step+walk-through+of+Family+Tree+Maker+%28FTM%29%2C+one+of+the+most+popular+genealogy+software+programs+available+today.&location=&path=/calendar/action/compose&rru=addevent&startdt=2026-03-17T00%3A00%3A00-04%3A00&enddt=2026-03-17T00%3A00%3A00-04%3A00&subject=Family+Tree+Maker+Special+Interest+Group+%28SIG%29
DEBUG:urllib3.connectionpool:Starting new HTTPS connection (1): outlook.live.com:443
DEBUG:urllib3.connectionpool:https://calendar.google.com:443 "GET /calendar/event?action=TEMPLATE&text=%5BTentative%5D+Irish+Special+Interest+Group+(SIG)&dates=20250818T000000/20250818T000000&details=%3Cstrong%3EThe+Irish+SIG+will+resume+with+a+different+approach+to+Genealogy+Research.%C2%A0+Discussions+will+be+based+on+input+from+the+group,+which+will+result+in+changing+topics+each+month.%3C/strong%3EPastfinders+will+send+an+Email+to+SIG+members+several+days+prior+to+each+meeting.Pastfinders+is+using+the+Zoom+Virtual+Meeting+app+to+hold+these+meetings+and+you+can+only+join+the+meeting+by+using+a+link+provided+by+Pastfinders.%C2%A0+You+can+register+for+the+season+here:%3Cstrong%3E%C2%A0%3Ca+href%3D%22https://form.jotform.com/PastfindersSLC/Join-Irish-SIG%22%3EIrish+SIG%3C/a%3E%C2%A0%3C/strong%3E&location&trp=false&sprop=https://wordpress-810691-5571285.cloudwaysapps.com/events/irish-special-interest-group-sig-2025-08-18/&sprop=name:Pastfinders&ctz=America/New_York HTTP/1.1" 302 0
DEBUG:urllib3.connectionpool:Starting new HTTPS connection (1): accounts.google.com:443
DEBUG:root:✅ Image OK: https://wordpress-810691-5571285.cloudwaysapps.com/wp-content/uploads/2025/08/IMG_00012345_1566271389-963x1024.webp
DEBUG:root:Checking internal image: https://wordpress-810691-5571285.cloudwaysapps.com/wp-content/uploads/2025/08/IMG_0008_1566264871-1024x808.webp
DEBUG:urllib3.connectionpool:Starting new HTTPS connection (1): wordpress-810691-5571285.cloudwaysapps.com:443
DEBUG:urllib3.connectionpool:https://wordpress-810691-5571285.cloudwaysapps.com:443 "GET /wp-content/uploads/2025/08/20160317_181234_1540429478-1024x576.webp HTTP/1.1" 200 52438
DEBUG:urllib3.connectionpool:https://accounts.google.com:443 "GET /ServiceLogin?service=cl&passive=1209600&osid=1&continue=https://calendar.google.com/calendar/event?action%3DTEMPLATE%26text%3D%255BTentative%255D%2BIrish%2BSpecial%2BInterest%2BGroup%2B(SIG)%26dates%3D20250818T000000/20250818T000000%26details%3D%253Cstrong%253EThe%2BIrish%2BSIG%2Bwill%2Bresume%2Bwith%2Ba%2Bdifferent%2Bapproach%2Bto%2BGenealogy%2BResearch.%25C2%25A0%2BDiscussions%2Bwill%2Bbe%2Bbased%2Bon%2Binput%2Bfrom%2Bthe%2Bgroup,%2Bwhich%2Bwill%2Bresult%2Bin%2Bchanging%2Btopics%2Beach%2Bmonth.%253C/strong%253EPastfinders%2Bwill%2Bsend%2Ban%2BEmail%2Bto%2BSIG%2Bmembers%2Bseveral%2Bdays%2Bprior%2Bto%2Beach%2Bmeeting.Pastfinders%2Bis%2Busing%2Bthe%2BZoom%2BVirtual%2BMeeting%2Bapp%2Bto%2Bhold%2Bthese%2Bmeetings%2Band%2Byou%2Bcan%2Bonly%2Bjoin%2Bthe%2Bmeeting%2Bby%2Busing%2Ba%2Blink%2Bprovided%2Bby%2BPastfinders.%25C2%25A0%2BYou%2Bcan%2Bregister%2Bfor%2Bthe%2Bseason%2Bhere:%253Cstrong%253E%25C2%25A0%253Ca%2Bhref%253D%2522https://form.jotform.com/PastfindersSLC/Join-Irish-SIG%2522%253EIrish%2BSIG%253C/a%253E%25C2%25A0%253C/strong%253E%26location%26trp%3Dfalse%26sprop%3Dhttps://wordpress-810691-5571285.cloudwaysapps.com/events/irish-special-interest-group-sig-2025-08-18/%26sprop%3Dname:Pastfinders%26ctz%3DAmerica/New_York&followup=https://calendar.google.com/calendar/event?action%3DTEMPLATE%26text%3D%255BTentative%255D%2BIrish%2BSpecial%2BInterest%2BGroup%2B(SIG)%26dates%3D20250818T000000/20250818T000000%26details%3D%253Cstrong%253EThe%2BIrish%2BSIG%2Bwill%2Bresume%2Bwith%2Ba%2Bdifferent%2Bapproach%2Bto%2BGenealogy%2BResearch.%25C2%25A0%2BDiscussions%2Bwill%2Bbe%2Bbased%2Bon%2Binput%2Bfrom%2Bthe%2Bgroup,%2Bwhich%2Bwill%2Bresult%2Bin%2Bchanging%2Btopics%2Beach%2Bmonth.%253C/strong%253EPastfinders%2Bwill%2Bsend%2Ban%2BEmail%2Bto%2BSIG%2Bmembers%2Bseveral%2Bdays%2Bprior%2Bto%2Beach%2Bmeeting.Pastfinders%2Bis%2Busing%2Bthe%2BZoom%2BVirtual%2BMeeting%2Bapp%2Bto%2Bhold%2Bthese%2Bmeetings%2Band%2Byou%2Bcan%2Bonly%2Bjoin%2Bthe%2Bmeeting%2Bby%2Busing%2Ba%2Blink%2Bprovided%2Bby%2BPastfinders.%25C2%25A0%2BYou%2Bcan%2Bregister%2Bfor%2Bthe%2Bseason%2Bhere:%253Cstrong%253E%25C2%25A0%253Ca%2Bhref%253D%2522https://form.jotform.com/PastfindersSLC/Join-Irish-SIG%2522%253EIrish%2BSIG%253C/a%253E%25C2%25A0%253C/strong%253E%26location%26trp%3Dfalse%26sprop%3Dhttps://wordpress-810691-5571285.cloudwaysapps.com/events/irish-special-interest-group-sig-2025-08-18/%26sprop%3Dname:Pastfinders%26ctz%3DAmerica/New_York&emr=1 HTTP/1.1" 302 0
DEBUG:root:✅ Image OK: https://wordpress-810691-5571285.cloudwaysapps.com/wp-content/uploads/2025/08/20160317_181234_1540429478-1024x576.webp
DEBUG:root:Checking internal image: https://wordpress-810691-5571285.cloudwaysapps.com/wp-content/uploads/2025/08/20160317_183615_1540430082-1024x576.webp
DEBUG:urllib3.connectionpool:Starting new HTTPS connection (1): wordpress-810691-5571285.cloudwaysapps.com:443
DEBUG:urllib3.connectionpool:https://outlook.live.com:443 "GET /calendar/0/deeplink/compose?allday=false&body=Join+host+Stan+Wells+as+he+leads+a+step-by-step+walk-through+of+Family+Tree+Maker+%28FTM%29%2C+one+of+the+most+popular+genealogy+software+programs+available+today.&location=&path=/calendar/action/compose&rru=addevent&startdt=2026-03-17T00%3A00%3A00-04%3A00&enddt=2026-03-17T00%3A00%3A00-04%3A00&subject=Family+Tree+Maker+Special+Interest+Group+%28SIG%29 HTTP/1.1" 200 None
DEBUG:root:✅ Hyperlink OK: https://outlook.live.com/calendar/0/deeplink/compose?allday=false&body=Join+host+Stan+Wells+as+he+leads+a+step-by-step+walk-through+of+Family+Tree+Maker+%28FTM%29%2C+one+of+the+most+popular+genealogy+software+programs+available+today.&location=&path=/calendar/action/compose&rru=addevent&startdt=2026-03-17T00%3A00%3A00-04%3A00&enddt=2026-03-17T00%3A00%3A00-04%3A00&subject=Family+Tree+Maker+Special+Interest+Group+%28SIG%29
DEBUG:root:Using regex pattern: \b[a-zA-Z]{3,}\b
DEBUG:root:Found 135 words to check in https://wordpress-810691-5571285.cloudwaysapps.com/events/family-tree-maker-special-interest-group-sig-2026-03-17/ (min_length=3)
DEBUG:root:Sample words from https://wordpress-810691-5571285.cloudwaysapps.com/events/family-tree-maker-special-interest-group-sig-2026-03-17/: ['This', 'alert', 'Skip', 'content', 'Family', 'Tree', 'Maker', 'Special', 'Interest', 'Group']
DEBUG:root:Skipped email/domain fragment: 'com'
DEBUG:root:Spell check results for https://wordpress-810691-5571285.cloudwaysapps.com/events/family-tree-maker-special-interest-group-sig-2026-03-17/: 87 words checked, 48 skipped, 0 errors found
INFO:root:✅ Processed https://wordpress-810691-5571285.cloudwaysapps.com/events/family-tree-maker-special-interest-group-sig-2026-03-17/: 0 errors found, 183 words checked
DEBUG:root:Attempting to fetch: https://wordpress-810691-5571285.cloudwaysapps.com/members-only/irish-special-interest-group/
Processing pages:  57%|█████▋    | 218/381 [02:02<01:41,  1.60it/s]DEBUG:urllib3.connectionpool:https://accounts.google.com:443 "GET /InteractiveLogin?continue=https://calendar.google.com/calendar/event?action%3DTEMPLATE%26text%3D%255BTentative%255D%2BIrish%2BSpecial%2BInterest%2BGroup%2B(SIG)%26dates%3D20250818T000000/20250818T000000%26details%3D%253Cstrong%253EThe%2BIrish%2BSIG%2Bwill%2Bresume%2Bwith%2Ba%2Bdifferent%2Bapproach%2Bto%2BGenealogy%2BResearch.%25C2%25A0%2BDiscussions%2Bwill%2Bbe%2Bbased%2Bon%2Binput%2Bfrom%2Bthe%2Bgroup,%2Bwhich%2Bwill%2Bresult%2Bin%2Bchanging%2Btopics%2Beach%2Bmonth.%253C/strong%253EPastfinders%2Bwill%2Bsend%2Ban%2BEmail%2Bto%2BSIG%2Bmembers%2Bseveral%2Bdays%2Bprior%2Bto%2Beach%2Bmeeting.Pastfinders%2Bis%2Busing%2Bthe%2BZoom%2BVirtual%2BMeeting%2Bapp%2Bto%2Bhold%2Bthese%2Bmeetings%2Band%2Byou%2Bcan%2Bonly%2Bjoin%2Bthe%2Bmeeting%2Bby%2Busing%2Ba%2Blink%2Bprovided%2Bby%2BPastfinders.%25C2%25A0%2BYou%2Bcan%2Bregister%2Bfor%2Bthe%2Bseason%2Bhere:%253Cstrong%253E%25C2%25A0%253Ca%2Bhref%253D%2522https://form.jotform.com/PastfindersSLC/Join-Irish-SIG%2522%253EIrish%2BSIG%253C/a%253E%25C2%25A0%253C/strong%253E%26location%26trp%3Dfalse%26sprop%3Dhttps://wordpress-810691-5571285.cloudwaysapps.com/events/irish-special-interest-group-sig-2025-08-18/%26sprop%3Dname:Pastfinders%26ctz%3DAmerica/New_York&emr=1&followup=https://calendar.google.com/calendar/event?action%3DTEMPLATE%26text%3D%255BTentative%255D%2BIrish%2BSpecial%2BInterest%2BGroup%2B(SIG)%26dates%3D20250818T000000/20250818T000000%26details%3D%253Cstrong%253EThe%2BIrish%2BSIG%2Bwill%2Bresume%2Bwith%2Ba%2Bdifferent%2Bapproach%2Bto%2BGenealogy%2BResearch.%25C2%25A0%2BDiscussions%2Bwill%2Bbe%2Bbased%2Bon%2Binput%2Bfrom%2Bthe%2Bgroup,%2Bwhich%2Bwill%2Bresult%2Bin%2Bchanging%2Btopics%2Beach%2Bmonth.%253C/strong%253EPastfinders%2Bwill%2Bsend%2Ban%2BEmail%2Bto%2BSIG%2Bmembers%2Bseveral%2Bdays%2Bprior%2Bto%2Beach%2Bmeeting.Pastfinders%2Bis%2Busing%2Bthe%2BZoom%2BVirtual%2BMeeting%2Bapp%2Bto%2Bhold%2Bthese%2Bmeetings%2Band%2Byou%2Bcan%2Bonly%2Bjoin%2Bthe%2Bmeeting%2Bby%2Busing%2Ba%2Blink%2Bprovided%2Bby%2BPastfinders.%25C2%25A0%2BYou%2Bcan%2Bregister%2Bfor%2Bthe%2Bseason%2Bhere:%253Cstrong%253E%25C2%25A0%253Ca%2Bhref%253D%2522https://form.jotform.com/PastfindersSLC/Join-Irish-SIG%2522%253EIrish%2BSIG%253C/a%253E%25C2%25A0%253C/strong%253E%26location%26trp%3Dfalse%26sprop%3Dhttps://wordpress-810691-5571285.cloudwaysapps.com/events/irish-special-interest-group-sig-2025-08-18/%26sprop%3Dname:Pastfinders%26ctz%3DAmerica/New_York&osid=1&passive=1209600&service=cl&ifkv=AdBytiOvn2H4iiPk3QmT-SV_irYQIAJ6f3xn9gUr3N6g2GP7yarUO8A1swbs74mCl6wBpm_PXiRR HTTP/1.1" 302 None
DEBUG:urllib3.connectionpool:https://wordpress-810691-5571285.cloudwaysapps.com:443 "GET /members-only/irish-special-interest-group/ HTTP/1.1" 200 None
DEBUG:root:Successfully fetched https://wordpress-810691-5571285.cloudwaysapps.com/members-only/irish-special-interest-group/ (Content-Length: 59706)
DEBUG:charset_normalizer:Encoding detection: utf_8 is most likely the one.
DEBUG:urllib3.connectionpool:https://wordpress-810691-5571285.cloudwaysapps.com:443 "GET /wp-content/uploads/2025/08/IMG_0008_1566264871-1024x808.webp HTTP/1.1" 200 124128
DEBUG:urllib3.connectionpool:https://accounts.google.com:443 "GET /v3/signin/identifier?continue=https%3A%2F%2Fcalendar.google.com%2Fcalendar%2Fevent%3Faction%3DTEMPLATE%26text%3D%255BTentative%255D%2BIrish%2BSpecial%2BInterest%2BGroup%2B%28SIG%29%26dates%3D20250818T000000%2F20250818T000000%26details%3D%253Cstrong%253EThe%2BIrish%2BSIG%2Bwill%2Bresume%2Bwith%2Ba%2Bdifferent%2Bapproach%2Bto%2BGenealogy%2BResearch.%25C2%25A0%2BDiscussions%2Bwill%2Bbe%2Bbased%2Bon%2Binput%2Bfrom%2Bthe%2Bgroup%2C%2Bwhich%2Bwill%2Bresult%2Bin%2Bchanging%2Btopics%2Beach%2Bmonth.%253C%2Fstrong%253EPastfinders%2Bwill%2Bsend%2Ban%2BEmail%2Bto%2BSIG%2Bmembers%2Bseveral%2Bdays%2Bprior%2Bto%2Beach%2Bmeeting.Pastfinders%2Bis%2Busing%2Bthe%2BZoom%2BVirtual%2BMeeting%2Bapp%2Bto%2Bhold%2Bthese%2Bmeetings%2Band%2Byou%2Bcan%2Bonly%2Bjoin%2Bthe%2Bmeeting%2Bby%2Busing%2Ba%2Blink%2Bprovided%2Bby%2BPastfinders.%25C2%25A0%2BYou%2Bcan%2Bregister%2Bfor%2Bthe%2Bseason%2Bhere%3A%253Cstrong%253E%25C2%25A0%253Ca%2Bhref%253D%2522https%3A%2F%2Fform.jotform.com%2FPastfindersSLC%2FJoin-Irish-SIG%2522%253EIrish%2BSIG%253C%2Fa%253E%25C2%25A0%253C%2Fstrong%253E%26location%26trp%3Dfalse%26sprop%3Dhttps%3A%2F%2Fwordpress-810691-5571285.cloudwaysapps.com%2Fevents%2Firish-special-interest-group-sig-2025-08-18%2F%26sprop%3Dname%3APastfinders%26ctz%3DAmerica%2FNew_York&emr=1&followup=https%3A%2F%2Fcalendar.google.com%2Fcalendar%2Fevent%3Faction%3DTEMPLATE%26text%3D%255BTentative%255D%2BIrish%2BSpecial%2BInterest%2BGroup%2B%28SIG%29%26dates%3D20250818T000000%2F20250818T000000%26details%3D%253Cstrong%253EThe%2BIrish%2BSIG%2Bwill%2Bresume%2Bwith%2Ba%2Bdifferent%2Bapproach%2Bto%2BGenealogy%2BResearch.%25C2%25A0%2BDiscussions%2Bwill%2Bbe%2Bbased%2Bon%2Binput%2Bfrom%2Bthe%2Bgroup%2C%2Bwhich%2Bwill%2Bresult%2Bin%2Bchanging%2Btopics%2Beach%2Bmonth.%253C%2Fstrong%253EPastfinders%2Bwill%2Bsend%2Ban%2BEmail%2Bto%2BSIG%2Bmembers%2Bseveral%2Bdays%2Bprior%2Bto%2Beach%2Bmeeting.Pastfinders%2Bis%2Busing%2Bthe%2BZoom%2BVirtual%2BMeeting%2Bapp%2Bto%2Bhold%2Bthese%2Bmeetings%2Band%2Byou%2Bcan%2Bonly%2Bjoin%2Bthe%2Bmeeting%2Bby%2Busing%2Ba%2Blink%2Bprovided%2Bby%2BPastfinders.%25C2%25A0%2BYou%2Bcan%2Bregister%2Bfor%2Bthe%2Bseason%2Bhere%3A%253Cstrong%253E%25C2%25A0%253Ca%2Bhref%253D%2522https%3A%2F%2Fform.jotform.com%2FPastfindersSLC%2FJoin-Irish-SIG%2522%253EIrish%2BSIG%253C%2Fa%253E%25C2%25A0%253C%2Fstrong%253E%26location%26trp%3Dfalse%26sprop%3Dhttps%3A%2F%2Fwordpress-810691-5571285.cloudwaysapps.com%2Fevents%2Firish-special-interest-group-sig-2025-08-18%2F%26sprop%3Dname%3APastfinders%26ctz%3DAmerica%2FNew_York&ifkv=AdBytiPEHeHH7Rade8u-E25s5Gqg94lhA6PO4AvtpNWkVyQ13niManikVvtGYNSDzGNYAv3_wR16zQ&osid=1&passive=1209600&service=cl&flowName=WebLiteSignIn&flowEntry=ServiceLogin&dsh=S-1120685403%3A1756758246311238 HTTP/1.1" 200 None
DEBUG:root:Extracted 3966 characters, 641 words from https://wordpress-810691-5571285.cloudwaysapps.com/members-only/irish-special-interest-group/
DEBUG:root:✅ Image OK: https://wordpress-810691-5571285.cloudwaysapps.com/wp-content/uploads/2025/08/IMG_0008_1566264871-1024x808.webp
DEBUG:root:Checking internal image: https://wordpress-810691-5571285.cloudwaysapps.com/wp-content/uploads/2025/08/IMG_0014_1566264871-1024x584.webp
DEBUG:root:Checking internal document: https://wordpress-810691-5571285.cloudwaysapps.com/wp-content/uploads/2024/03/Irish_SIG_Basic_1697490646.pptx
DEBUG:urllib3.connectionpool:Starting new HTTPS connection (1): wordpress-810691-5571285.cloudwaysapps.com:443
DEBUG:urllib3.connectionpool:Starting new HTTPS connection (1): wordpress-810691-5571285.cloudwaysapps.com:443
DEBUG:root:✅ Hyperlink OK: https://www.google.com/calendar/event?action=TEMPLATE&text=%5BTentative%5D+Irish+Special+Interest+Group+%28SIG%29&dates=20250818T000000/20250818T000000&details=%3Cstrong%3EThe+Irish+SIG+will+resume+with+a+different+approach+to+Genealogy+Research.%C2%A0+Discussions+will+be+based+on+input+from+the+group%2C+which+will+result+in+changing+topics+each+month.%3C%2Fstrong%3EPastfinders+will+send+an+Email+to+SIG+members+several+days+prior+to+each+meeting.Pastfinders+is+using+the+Zoom+Virtual+Meeting+app+to+hold+these+meetings+and+you+can+only+join+the+meeting+by+using+a+link+provided+by+Pastfinders.%C2%A0+You+can+register+for+the+season+here%3A%3Cstrong%3E%C2%A0%3Ca+href%3D%22https%3A%2F%2Fform.jotform.com%2FPastfindersSLC%2FJoin-Irish-SIG%22%3EIrish+SIG%3C%2Fa%3E%C2%A0%3C%2Fstrong%3E&location=&trp=false&sprop=https%3A%2F%2Fwordpress-810691-5571285.cloudwaysapps.com%2Fevents%2Firish-special-interest-group-sig-2025-08-18%2F&sprop=name:Pastfinders&ctz=America%2FNew_York
DEBUG:root:Checking external hyperlink: https://outlook.office.com/calendar/0/deeplink/compose?allday=false&body=%3Cstrong%3EThe+Irish+SIG+will+resume+with+a+different+approach+to+Genealogy+Research.%C2%A0+Discussions+will+be+based+on+input+from+the+group%2C+which+will+result+in+changing+topics+each+month.%3C%2Fstrong%3EPastfinders+will+send+an+Email+to+SIG+members+several+days+prior+to+each+meeting.Pastfinders+is+using+the+Zoom+Virtual+Meeting+app+to+hold+these+meetings+and+you+can+only+join+the+meeting+by+using+a+link+provided+by+Pastfinders.%C2%A0+You+can+register+for+the+season+here%3A%3Cstrong%3E%C2%A0%3Ca+href%3D%22https%3A%2F%2Fform.jotform.com%2FPastfindersSLC%2FJoin-Irish-SIG%22%3EIrish+SIG%3C%2Fa%3E%C2%A0%3C%2Fstrong%3E&location=&path=/calendar/action/compose&rru=addevent&startdt=2025-08-18T00%3A00%3A00-04%3A00&enddt=2025-08-18T00%3A00%3A00-04%3A00&subject=%5BTentative%5D+Irish+Special+Interest+Group+%28SIG%29
DEBUG:urllib3.connectionpool:Starting new HTTPS connection (1): outlook.office.com:443
DEBUG:urllib3.connectionpool:https://wordpress-810691-5571285.cloudwaysapps.com:443 "GET /wp-content/uploads/2025/08/20160317_183615_1540430082-1024x576.webp HTTP/1.1" 200 71866
DEBUG:root:✅ Document OK: https://pastfindersslc.org/upload/newsletters/IMG_0013spring.pdf
DEBUG:root:Checking external document: https://pastfindersslc.org/upload/newsletters/IMG_0012winter.pdf
DEBUG:urllib3.connectionpool:Starting new HTTPS connection (1): pastfindersslc.org:443
DEBUG:root:✅ Image OK: https://wordpress-810691-5571285.cloudwaysapps.com/wp-content/uploads/2025/08/20160317_183615_1540430082-1024x576.webp
DEBUG:root:Checking internal image: https://wordpress-810691-5571285.cloudwaysapps.com/wp-content/uploads/2025/08/20160317_183533_1540430082-1024x576.webp
DEBUG:urllib3.connectionpool:Starting new HTTPS connection (1): wordpress-810691-5571285.cloudwaysapps.com:443
DEBUG:urllib3.connectionpool:https://pastfindersslc.org:443 "GET /upload/newsletters/IMG_0012winter.pdf HTTP/1.1" 200 8812822
DEBUG:urllib3.connectionpool:https://outlook.office.com:443 "GET /calendar/0/deeplink/compose?allday=false&body=%3Cstrong%3EThe+Irish+SIG+will+resume+with+a+different+approach+to+Genealogy+Research.%C2%A0+Discussions+will+be+based+on+input+from+the+group%2C+which+will+result+in+changing+topics+each+month.%3C%2Fstrong%3EPastfinders+will+send+an+Email+to+SIG+members+several+days+prior+to+each+meeting.Pastfinders+is+using+the+Zoom+Virtual+Meeting+app+to+hold+these+meetings+and+you+can+only+join+the+meeting+by+using+a+link+provided+by+Pastfinders.%C2%A0+You+can+register+for+the+season+here%3A%3Cstrong%3E%C2%A0%3Ca+href%3D%22https%3A%2F%2Fform.jotform.com%2FPastfindersSLC%2FJoin-Irish-SIG%22%3EIrish+SIG%3C%2Fa%3E%C2%A0%3C%2Fstrong%3E&location=&path=/calendar/action/compose&rru=addevent&startdt=2025-08-18T00%3A00%3A00-04%3A00&enddt=2025-08-18T00%3A00%3A00-04%3A00&subject=%5BTentative%5D+Irish+Special+Interest+Group+%28SIG%29 HTTP/1.1" 200 None
DEBUG:root:✅ Hyperlink OK: https://outlook.office.com/calendar/0/deeplink/compose?allday=false&body=%3Cstrong%3EThe+Irish+SIG+will+resume+with+a+different+approach+to+Genealogy+Research.%C2%A0+Discussions+will+be+based+on+input+from+the+group%2C+which+will+result+in+changing+topics+each+month.%3C%2Fstrong%3EPastfinders+will+send+an+Email+to+SIG+members+several+days+prior+to+each+meeting.Pastfinders+is+using+the+Zoom+Virtual+Meeting+app+to+hold+these+meetings+and+you+can+only+join+the+meeting+by+using+a+link+provided+by+Pastfinders.%C2%A0+You+can+register+for+the+season+here%3A%3Cstrong%3E%C2%A0%3Ca+href%3D%22https%3A%2F%2Fform.jotform.com%2FPastfindersSLC%2FJoin-Irish-SIG%22%3EIrish+SIG%3C%2Fa%3E%C2%A0%3C%2Fstrong%3E&location=&path=/calendar/action/compose&rru=addevent&startdt=2025-08-18T00%3A00%3A00-04%3A00&enddt=2025-08-18T00%3A00%3A00-04%3A00&subject=%5BTentative%5D+Irish+Special+Interest+Group+%28SIG%29
DEBUG:root:Checking external hyperlink: https://outlook.live.com/calendar/0/deeplink/compose?allday=false&body=%3Cstrong%3EThe+Irish+SIG+will+resume+with+a+different+approach+to+Genealogy+Research.%C2%A0+Discussions+will+be+based+on+input+from+the+group%2C+which+will+result+in+changing+topics+each+month.%3C%2Fstrong%3EPastfinders+will+send+an+Email+to+SIG+members+several+days+prior+to+each+meeting.Pastfinders+is+using+the+Zoom+Virtual+Meeting+app+to+hold+these+meetings+and+you+can+only+join+the+meeting+by+using+a+link+provided+by+Pastfinders.%C2%A0+You+can+register+for+the+season+here%3A%3Cstrong%3E%C2%A0%3Ca+href%3D%22https%3A%2F%2Fform.jotform.com%2FPastfindersSLC%2FJoin-Irish-SIG%22%3EIrish+SIG%3C%2Fa%3E%C2%A0%3C%2Fstrong%3E&location=&path=/calendar/action/compose&rru=addevent&startdt=2025-08-18T00%3A00%3A00-04%3A00&enddt=2025-08-18T00%3A00%3A00-04%3A00&subject=%5BTentative%5D+Irish+Special+Interest+Group+%28SIG%29
DEBUG:urllib3.connectionpool:Starting new HTTPS connection (1): outlook.live.com:443
DEBUG:urllib3.connectionpool:https://wordpress-810691-5571285.cloudwaysapps.com:443 "GET /wp-content/uploads/2025/08/IMG_0014_1566264871-1024x584.webp HTTP/1.1" 200 76700
DEBUG:root:✅ Image OK: https://wordpress-810691-5571285.cloudwaysapps.com/wp-content/uploads/2025/08/IMG_0014_1566264871-1024x584.webp
DEBUG:root:Checking internal image: https://wordpress-810691-5571285.cloudwaysapps.com/wp-content/uploads/2025/08/IMG_0004_1566264871-1024x732.webp
DEBUG:urllib3.connectionpool:Starting new HTTPS connection (1): wordpress-810691-5571285.cloudwaysapps.com:443
DEBUG:urllib3.connectionpool:https://wordpress-810691-5571285.cloudwaysapps.com:443 "GET /wp-content/uploads/2024/03/Irish_SIG_Basic_1697490646.pptx HTTP/1.1" 200 4759011
DEBUG:urllib3.connectionpool:https://wordpress-810691-5571285.cloudwaysapps.com:443 "GET /wp-content/uploads/2025/08/20160317_183533_1540430082-1024x576.webp HTTP/1.1" 200 110562
DEBUG:root:✅ Image OK: https://wordpress-810691-5571285.cloudwaysapps.com/wp-content/uploads/2025/08/20160317_183533_1540430082-1024x576.webp
DEBUG:root:Checking internal image: https://wordpress-810691-5571285.cloudwaysapps.com/wp-content/uploads/2025/08/20160317_175836_1540429478-1024x576.webp
DEBUG:urllib3.connectionpool:Starting new HTTPS connection (1): wordpress-810691-5571285.cloudwaysapps.com:443
DEBUG:urllib3.connectionpool:https://outlook.live.com:443 "GET /calendar/0/deeplink/compose?allday=false&body=%3Cstrong%3EThe+Irish+SIG+will+resume+with+a+different+approach+to+Genealogy+Research.%C2%A0+Discussions+will+be+based+on+input+from+the+group%2C+which+will+result+in+changing+topics+each+month.%3C%2Fstrong%3EPastfinders+will+send+an+Email+to+SIG+members+several+days+prior+to+each+meeting.Pastfinders+is+using+the+Zoom+Virtual+Meeting+app+to+hold+these+meetings+and+you+can+only+join+the+meeting+by+using+a+link+provided+by+Pastfinders.%C2%A0+You+can+register+for+the+season+here%3A%3Cstrong%3E%C2%A0%3Ca+href%3D%22https%3A%2F%2Fform.jotform.com%2FPastfindersSLC%2FJoin-Irish-SIG%22%3EIrish+SIG%3C%2Fa%3E%C2%A0%3C%2Fstrong%3E&location=&path=/calendar/action/compose&rru=addevent&startdt=2025-08-18T00%3A00%3A00-04%3A00&enddt=2025-08-18T00%3A00%3A00-04%3A00&subject=%5BTentative%5D+Irish+Special+Interest+Group+%28SIG%29 HTTP/1.1" 200 None
DEBUG:root:✅ Hyperlink OK: https://outlook.live.com/calendar/0/deeplink/compose?allday=false&body=%3Cstrong%3EThe+Irish+SIG+will+resume+with+a+different+approach+to+Genealogy+Research.%C2%A0+Discussions+will+be+based+on+input+from+the+group%2C+which+will+result+in+changing+topics+each+month.%3C%2Fstrong%3EPastfinders+will+send+an+Email+to+SIG+members+several+days+prior+to+each+meeting.Pastfinders+is+using+the+Zoom+Virtual+Meeting+app+to+hold+these+meetings+and+you+can+only+join+the+meeting+by+using+a+link+provided+by+Pastfinders.%C2%A0+You+can+register+for+the+season+here%3A%3Cstrong%3E%C2%A0%3Ca+href%3D%22https%3A%2F%2Fform.jotform.com%2FPastfindersSLC%2FJoin-Irish-SIG%22%3EIrish+SIG%3C%2Fa%3E%C2%A0%3C%2Fstrong%3E&location=&path=/calendar/action/compose&rru=addevent&startdt=2025-08-18T00%3A00%3A00-04%3A00&enddt=2025-08-18T00%3A00%3A00-04%3A00&subject=%5BTentative%5D+Irish+Special+Interest+Group+%28SIG%29
DEBUG:root:Using regex pattern: \b[a-zA-Z]{3,}\b
DEBUG:root:Found 95 words to check in https://wordpress-810691-5571285.cloudwaysapps.com/events/irish-special-interest-group-sig-2025-08-18/ (min_length=3)
DEBUG:root:Sample words from https://wordpress-810691-5571285.cloudwaysapps.com/events/irish-special-interest-group-sig-2025-08-18/: ['This', 'alert', 'Skip', 'content', 'Tentative', 'Irish', 'Special', 'Interest', 'Group', 'SIG']
DEBUG:root:Spell check results for https://wordpress-810691-5571285.cloudwaysapps.com/events/irish-special-interest-group-sig-2025-08-18/: 51 words checked, 44 skipped, 0 errors found
INFO:root:✅ Processed https://wordpress-810691-5571285.cloudwaysapps.com/events/irish-special-interest-group-sig-2025-08-18/: 0 errors found, 119 words checked
DEBUG:root:Attempting to fetch: https://wordpress-810691-5571285.cloudwaysapps.com/events/preserving-local-history-2025-10-22/
Processing pages:  57%|█████▋    | 219/381 [02:02<01:44,  1.55it/s]DEBUG:urllib3.connectionpool:https://wordpress-810691-5571285.cloudwaysapps.com:443 "GET /wp-content/uploads/2025/08/IMG_0004_1566264871-1024x732.webp HTTP/1.1" 200 98760
DEBUG:urllib3.connectionpool:https://wordpress-810691-5571285.cloudwaysapps.com:443 "GET /events/preserving-local-history-2025-10-22/ HTTP/1.1" 200 None
DEBUG:root:Successfully fetched https://wordpress-810691-5571285.cloudwaysapps.com/events/preserving-local-history-2025-10-22/ (Content-Length: 42846)
DEBUG:charset_normalizer:Encoding detection: utf_8 is most likely the one.
DEBUG:root:Extracted 446 characters, 65 words from https://wordpress-810691-5571285.cloudwaysapps.com/events/preserving-local-history-2025-10-22/
DEBUG:root:Checking external hyperlink: https://www.google.com/calendar/event?action=TEMPLATE&text=Preserving+Local+History&dates=20251022T100000/20251022T120000&details=Help+in+the+preservation+of+our+local+history+and+collections%2C+including+transcriptionists%2C+preservationists%2C+digitizers%2C+and+organization%C2%A0projects.&location=2525+Oakley+Seaver+Dr%2C+Clermont%2C+FL%2C+34711%2C+United+States&trp=false&sprop=https%3A%2F%2Fwordpress-810691-5571285.cloudwaysapps.com%2Fevents%2Fpreserving-local-history-2025-10-22%2F&sprop=name:Pastfinders&ctz=America%2FNew_York
DEBUG:urllib3.connectionpool:Starting new HTTPS connection (1): www.google.com:443
DEBUG:root:✅ Image OK: https://wordpress-810691-5571285.cloudwaysapps.com/wp-content/uploads/2025/08/IMG_0004_1566264871-1024x732.webp
DEBUG:root:Checking internal image: https://wordpress-810691-5571285.cloudwaysapps.com/wp-content/uploads/2025/08/IMG_0003_1566264871-588x1024.webp
DEBUG:urllib3.connectionpool:Starting new HTTPS connection (1): wordpress-810691-5571285.cloudwaysapps.com:443
DEBUG:urllib3.connectionpool:https://www.google.com:443 "GET /calendar/event?action=TEMPLATE&text=Preserving+Local+History&dates=20251022T100000/20251022T120000&details=Help+in+the+preservation+of+our+local+history+and+collections%2C+including+transcriptionists%2C+preservationists%2C+digitizers%2C+and+organization%C2%A0projects.&location=2525+Oakley+Seaver+Dr%2C+Clermont%2C+FL%2C+34711%2C+United+States&trp=false&sprop=https%3A%2F%2Fwordpress-810691-5571285.cloudwaysapps.com%2Fevents%2Fpreserving-local-history-2025-10-22%2F&sprop=name:Pastfinders&ctz=America%2FNew_York HTTP/1.1" 302 0
DEBUG:urllib3.connectionpool:Starting new HTTPS connection (1): calendar.google.com:443
DEBUG:urllib3.connectionpool:https://wordpress-810691-5571285.cloudwaysapps.com:443 "GET /wp-content/uploads/2025/08/20160317_175836_1540429478-1024x576.webp HTTP/1.1" 200 61836
DEBUG:root:✅ Image OK: https://wordpress-810691-5571285.cloudwaysapps.com/wp-content/uploads/2025/08/20160317_175836_1540429478-1024x576.webp
DEBUG:root:Checking internal image: https://wordpress-810691-5571285.cloudwaysapps.com/wp-content/uploads/2025/08/20160317_183540_1540429819-1024x576.webp
DEBUG:urllib3.connectionpool:Starting new HTTPS connection (1): wordpress-810691-5571285.cloudwaysapps.com:443
DEBUG:urllib3.connectionpool:https://calendar.google.com:443 "GET /calendar/event?action=TEMPLATE&text=Preserving+Local+History&dates=20251022T100000/20251022T120000&details=Help+in+the+preservation+of+our+local+history+and+collections,+including+transcriptionists,+preservationists,+digitizers,+and+organization%C2%A0projects.&location=2525+Oakley+Seaver+Dr,+Clermont,+FL,+34711,+United+States&trp=false&sprop=https://wordpress-810691-5571285.cloudwaysapps.com/events/preserving-local-history-2025-10-22/&sprop=name:Pastfinders&ctz=America/New_York HTTP/1.1" 302 0
DEBUG:urllib3.connectionpool:Starting new HTTPS connection (1): accounts.google.com:443
DEBUG:urllib3.connectionpool:https://wordpress-810691-5571285.cloudwaysapps.com:443 "GET /wp-content/uploads/2025/08/IMG_0003_1566264871-588x1024.webp HTTP/1.1" 200 155236
DEBUG:urllib3.connectionpool:https://accounts.google.com:443 "GET /ServiceLogin?service=cl&passive=1209600&osid=1&continue=https://calendar.google.com/calendar/event?action%3DTEMPLATE%26text%3DPreserving%2BLocal%2BHistory%26dates%3D20251022T100000/20251022T120000%26details%3DHelp%2Bin%2Bthe%2Bpreservation%2Bof%2Bour%2Blocal%2Bhistory%2Band%2Bcollections,%2Bincluding%2Btranscriptionists,%2Bpreservationists,%2Bdigitizers,%2Band%2Borganization%25C2%25A0projects.%26location%3D2525%2BOakley%2BSeaver%2BDr,%2BClermont,%2BFL,%2B34711,%2BUnited%2BStates%26trp%3Dfalse%26sprop%3Dhttps://wordpress-810691-5571285.cloudwaysapps.com/events/preserving-local-history-2025-10-22/%26sprop%3Dname:Pastfinders%26ctz%3DAmerica/New_York&followup=https://calendar.google.com/calendar/event?action%3DTEMPLATE%26text%3DPreserving%2BLocal%2BHistory%26dates%3D20251022T100000/20251022T120000%26details%3DHelp%2Bin%2Bthe%2Bpreservation%2Bof%2Bour%2Blocal%2Bhistory%2Band%2Bcollections,%2Bincluding%2Btranscriptionists,%2Bpreservationists,%2Bdigitizers,%2Band%2Borganization%25C2%25A0projects.%26location%3D2525%2BOakley%2BSeaver%2BDr,%2BClermont,%2BFL,%2B34711,%2BUnited%2BStates%26trp%3Dfalse%26sprop%3Dhttps://wordpress-810691-5571285.cloudwaysapps.com/events/preserving-local-history-2025-10-22/%26sprop%3Dname:Pastfinders%26ctz%3DAmerica/New_York&emr=1 HTTP/1.1" 302 0
DEBUG:root:✅ Image OK: https://wordpress-810691-5571285.cloudwaysapps.com/wp-content/uploads/2025/08/IMG_0003_1566264871-588x1024.webp
DEBUG:root:Checking internal image: https://wordpress-810691-5571285.cloudwaysapps.com/wp-content/uploads/2025/08/IMG_0007_1566264871-952x1024.webp
DEBUG:urllib3.connectionpool:Starting new HTTPS connection (1): wordpress-810691-5571285.cloudwaysapps.com:443
DEBUG:urllib3.connectionpool:https://wordpress-810691-5571285.cloudwaysapps.com:443 "GET /wp-content/uploads/2025/08/20160317_183540_1540429819-1024x576.webp HTTP/1.1" 200 93180
DEBUG:urllib3.connectionpool:https://accounts.google.com:443 "GET /InteractiveLogin?continue=https://calendar.google.com/calendar/event?action%3DTEMPLATE%26text%3DPreserving%2BLocal%2BHistory%26dates%3D20251022T100000/20251022T120000%26details%3DHelp%2Bin%2Bthe%2Bpreservation%2Bof%2Bour%2Blocal%2Bhistory%2Band%2Bcollections,%2Bincluding%2Btranscriptionists,%2Bpreservationists,%2Bdigitizers,%2Band%2Borganization%25C2%25A0projects.%26location%3D2525%2BOakley%2BSeaver%2BDr,%2BClermont,%2BFL,%2B34711,%2BUnited%2BStates%26trp%3Dfalse%26sprop%3Dhttps://wordpress-810691-5571285.cloudwaysapps.com/events/preserving-local-history-2025-10-22/%26sprop%3Dname:Pastfinders%26ctz%3DAmerica/New_York&emr=1&followup=https://calendar.google.com/calendar/event?action%3DTEMPLATE%26text%3DPreserving%2BLocal%2BHistory%26dates%3D20251022T100000/20251022T120000%26details%3DHelp%2Bin%2Bthe%2Bpreservation%2Bof%2Bour%2Blocal%2Bhistory%2Band%2Bcollections,%2Bincluding%2Btranscriptionists,%2Bpreservationists,%2Bdigitizers,%2Band%2Borganization%25C2%25A0projects.%26location%3D2525%2BOakley%2BSeaver%2BDr,%2BClermont,%2BFL,%2B34711,%2BUnited%2BStates%26trp%3Dfalse%26sprop%3Dhttps://wordpress-810691-5571285.cloudwaysapps.com/events/preserving-local-history-2025-10-22/%26sprop%3Dname:Pastfinders%26ctz%3DAmerica/New_York&osid=1&passive=1209600&service=cl&ifkv=AdBytiPdkY-TNw3wmXtFLgUukFoYNSaAiGu-kbx5vAhBlCIcZhAazi0UJz5GWd4vyfg4HxwGVoRL3g HTTP/1.1" 302 None
DEBUG:root:✅ Image OK: https://wordpress-810691-5571285.cloudwaysapps.com/wp-content/uploads/2025/08/20160317_183540_1540429819-1024x576.webp
DEBUG:root:Checking internal image: https://wordpress-810691-5571285.cloudwaysapps.com/wp-content/uploads/2025/08/20160317_181220_1540429478-1024x576.webp
DEBUG:urllib3.connectionpool:Starting new HTTPS connection (1): wordpress-810691-5571285.cloudwaysapps.com:443
DEBUG:urllib3.connectionpool:https://accounts.google.com:443 "GET /v3/signin/identifier?continue=https%3A%2F%2Fcalendar.google.com%2Fcalendar%2Fevent%3Faction%3DTEMPLATE%26text%3DPreserving%2BLocal%2BHistory%26dates%3D20251022T100000%2F20251022T120000%26details%3DHelp%2Bin%2Bthe%2Bpreservation%2Bof%2Bour%2Blocal%2Bhistory%2Band%2Bcollections%2C%2Bincluding%2Btranscriptionists%2C%2Bpreservationists%2C%2Bdigitizers%2C%2Band%2Borganization%25C2%25A0projects.%26location%3D2525%2BOakley%2BSeaver%2BDr%2C%2BClermont%2C%2BFL%2C%2B34711%2C%2BUnited%2BStates%26trp%3Dfalse%26sprop%3Dhttps%3A%2F%2Fwordpress-810691-5571285.cloudwaysapps.com%2Fevents%2Fpreserving-local-history-2025-10-22%2F%26sprop%3Dname%3APastfinders%26ctz%3DAmerica%2FNew_York&emr=1&followup=https%3A%2F%2Fcalendar.google.com%2Fcalendar%2Fevent%3Faction%3DTEMPLATE%26text%3DPreserving%2BLocal%2BHistory%26dates%3D20251022T100000%2F20251022T120000%26details%3DHelp%2Bin%2Bthe%2Bpreservation%2Bof%2Bour%2Blocal%2Bhistory%2Band%2Bcollections%2C%2Bincluding%2Btranscriptionists%2C%2Bpreservationists%2C%2Bdigitizers%2C%2Band%2Borganization%25C2%25A0projects.%26location%3D2525%2BOakley%2BSeaver%2BDr%2C%2BClermont%2C%2BFL%2C%2B34711%2C%2BUnited%2BStates%26trp%3Dfalse%26sprop%3Dhttps%3A%2F%2Fwordpress-810691-5571285.cloudwaysapps.com%2Fevents%2Fpreserving-local-history-2025-10-22%2F%26sprop%3Dname%3APastfinders%26ctz%3DAmerica%2FNew_York&ifkv=AdBytiNWB-8xDXzFePCPJ8peoaG0n6GR5csnWyu6BMBwX9Tc82lCYftC0M_XCaJJNK48X_vjE6KH4Q&osid=1&passive=1209600&service=cl&flowName=WebLiteSignIn&flowEntry=ServiceLogin&dsh=S202052593%3A1756758247562072 HTTP/1.1" 200 None
DEBUG:root:✅ Hyperlink OK: https://www.google.com/calendar/event?action=TEMPLATE&text=Preserving+Local+History&dates=20251022T100000/20251022T120000&details=Help+in+the+preservation+of+our+local+history+and+collections%2C+including+transcriptionists%2C+preservationists%2C+digitizers%2C+and+organization%C2%A0projects.&location=2525+Oakley+Seaver+Dr%2C+Clermont%2C+FL%2C+34711%2C+United+States&trp=false&sprop=https%3A%2F%2Fwordpress-810691-5571285.cloudwaysapps.com%2Fevents%2Fpreserving-local-history-2025-10-22%2F&sprop=name:Pastfinders&ctz=America%2FNew_York
DEBUG:root:Checking external hyperlink: https://outlook.office.com/calendar/0/deeplink/compose?allday=false&body=Help+in+the+preservation+of+our+local+history+and+collections%2C+including+transcriptionists%2C+preservationists%2C+digitizers%2C+and+organization%C2%A0projects.&location=2525+Oakley+Seaver+Dr%2C+Clermont%2C+FL%2C+34711%2C+United+States&path=/calendar/action/compose&rru=addevent&startdt=2025-10-22T10%3A00%3A00-04%3A00&enddt=2025-10-22T12%3A00%3A00-04%3A00&subject=Preserving+Local+History
DEBUG:urllib3.connectionpool:Starting new HTTPS connection (1): outlook.office.com:443
DEBUG:urllib3.connectionpool:https://wordpress-810691-5571285.cloudwaysapps.com:443 "GET /wp-content/uploads/2025/08/IMG_0007_1566264871-952x1024.webp HTTP/1.1" 200 131104
DEBUG:urllib3.connectionpool:https://wordpress-810691-5571285.cloudwaysapps.com:443 "GET /wp-content/uploads/2025/08/20160317_181220_1540429478-1024x576.webp HTTP/1.1" 200 47980
DEBUG:root:✅ Document OK: https://wordpress-810691-5571285.cloudwaysapps.com/wp-content/uploads/2024/03/Irish_SIG_Basic_1697490646.pptx
DEBUG:root:Checking internal document: https://wordpress-810691-5571285.cloudwaysapps.com/wp-content/uploads/2024/03/Basic_Irish_Research_1707511334.pdf
DEBUG:urllib3.connectionpool:Starting new HTTPS connection (1): wordpress-810691-5571285.cloudwaysapps.com:443
DEBUG:root:✅ Image OK: https://wordpress-810691-5571285.cloudwaysapps.com/wp-content/uploads/2025/08/IMG_0007_1566264871-952x1024.webp
DEBUG:root:Checking internal image: https://wordpress-810691-5571285.cloudwaysapps.com/wp-content/uploads/2025/08/IMG_0009_1566264871-729x1024.webp
DEBUG:urllib3.connectionpool:Starting new HTTPS connection (1): wordpress-810691-5571285.cloudwaysapps.com:443
DEBUG:root:✅ Image OK: https://wordpress-810691-5571285.cloudwaysapps.com/wp-content/uploads/2025/08/20160317_181220_1540429478-1024x576.webp
DEBUG:root:Checking internal image: https://wordpress-810691-5571285.cloudwaysapps.com/wp-content/uploads/2025/08/20160317_181222_1540429478-1024x576.webp
DEBUG:urllib3.connectionpool:Starting new HTTPS connection (1): wordpress-810691-5571285.cloudwaysapps.com:443
DEBUG:urllib3.connectionpool:https://outlook.office.com:443 "GET /calendar/0/deeplink/compose?allday=false&body=Help+in+the+preservation+of+our+local+history+and+collections%2C+including+transcriptionists%2C+preservationists%2C+digitizers%2C+and+organization%C2%A0projects.&location=2525+Oakley+Seaver+Dr%2C+Clermont%2C+FL%2C+34711%2C+United+States&path=/calendar/action/compose&rru=addevent&startdt=2025-10-22T10%3A00%3A00-04%3A00&enddt=2025-10-22T12%3A00%3A00-04%3A00&subject=Preserving+Local+History HTTP/1.1" 200 None
DEBUG:root:✅ Hyperlink OK: https://outlook.office.com/calendar/0/deeplink/compose?allday=false&body=Help+in+the+preservation+of+our+local+history+and+collections%2C+including+transcriptionists%2C+preservationists%2C+digitizers%2C+and+organization%C2%A0projects.&location=2525+Oakley+Seaver+Dr%2C+Clermont%2C+FL%2C+34711%2C+United+States&path=/calendar/action/compose&rru=addevent&startdt=2025-10-22T10%3A00%3A00-04%3A00&enddt=2025-10-22T12%3A00%3A00-04%3A00&subject=Preserving+Local+History
DEBUG:root:Checking external hyperlink: https://outlook.live.com/calendar/0/deeplink/compose?allday=false&body=Help+in+the+preservation+of+our+local+history+and+collections%2C+including+transcriptionists%2C+preservationists%2C+digitizers%2C+and+organization%C2%A0projects.&location=2525+Oakley+Seaver+Dr%2C+Clermont%2C+FL%2C+34711%2C+United+States&path=/calendar/action/compose&rru=addevent&startdt=2025-10-22T10%3A00%3A00-04%3A00&enddt=2025-10-22T12%3A00%3A00-04%3A00&subject=Preserving+Local+History
DEBUG:urllib3.connectionpool:Starting new HTTPS connection (1): outlook.live.com:443
DEBUG:urllib3.connectionpool:https://wordpress-810691-5571285.cloudwaysapps.com:443 "GET /wp-content/uploads/2024/03/Basic_Irish_Research_1707511334.pdf HTTP/1.1" 200 114394
DEBUG:urllib3.connectionpool:https://wordpress-810691-5571285.cloudwaysapps.com:443 "GET /wp-content/uploads/2025/08/20160317_181222_1540429478-1024x576.webp HTTP/1.1" 200 71368
DEBUG:urllib3.connectionpool:https://wordpress-810691-5571285.cloudwaysapps.com:443 "GET /wp-content/uploads/2025/08/IMG_0009_1566264871-729x1024.webp HTTP/1.1" 200 138602
DEBUG:root:✅ Image OK: https://wordpress-810691-5571285.cloudwaysapps.com/wp-content/uploads/2025/08/20160317_181222_1540429478-1024x576.webp
DEBUG:root:Checking internal image: https://wordpress-810691-5571285.cloudwaysapps.com/wp-content/uploads/2025/08/20160317_183350_1540429819-1024x576.webp
DEBUG:urllib3.connectionpool:Starting new HTTPS connection (1): wordpress-810691-5571285.cloudwaysapps.com:443
DEBUG:urllib3.connectionpool:https://outlook.live.com:443 "GET /calendar/0/deeplink/compose?allday=false&body=Help+in+the+preservation+of+our+local+history+and+collections%2C+including+transcriptionists%2C+preservationists%2C+digitizers%2C+and+organization%C2%A0projects.&location=2525+Oakley+Seaver+Dr%2C+Clermont%2C+FL%2C+34711%2C+United+States&path=/calendar/action/compose&rru=addevent&startdt=2025-10-22T10%3A00%3A00-04%3A00&enddt=2025-10-22T12%3A00%3A00-04%3A00&subject=Preserving+Local+History HTTP/1.1" 200 None
DEBUG:root:✅ Hyperlink OK: https://outlook.live.com/calendar/0/deeplink/compose?allday=false&body=Help+in+the+preservation+of+our+local+history+and+collections%2C+including+transcriptionists%2C+preservationists%2C+digitizers%2C+and+organization%C2%A0projects.&location=2525+Oakley+Seaver+Dr%2C+Clermont%2C+FL%2C+34711%2C+United+States&path=/calendar/action/compose&rru=addevent&startdt=2025-10-22T10%3A00%3A00-04%3A00&enddt=2025-10-22T12%3A00%3A00-04%3A00&subject=Preserving+Local+History
DEBUG:root:Using regex pattern: \b[a-zA-Z]{3,}\b
DEBUG:root:Found 44 words to check in https://wordpress-810691-5571285.cloudwaysapps.com/events/preserving-local-history-2025-10-22/ (min_length=3)
DEBUG:root:Sample words from https://wordpress-810691-5571285.cloudwaysapps.com/events/preserving-local-history-2025-10-22/: ['This', 'alert', 'Skip', 'content', 'Preserving', 'Local', 'History', 'When', 'October', 'Add']
DEBUG:root:Misspelled word found: 'transcriptionists' in https://wordpress-810691-5571285.cloudwaysapps.com/events/preserving-local-history-2025-10-22/
DEBUG:root:Spell check results for https://wordpress-810691-5571285.cloudwaysapps.com/events/preserving-local-history-2025-10-22/: 17 words checked, 27 skipped, 1 errors found
INFO:root:✅ Processed https://wordpress-810691-5571285.cloudwaysapps.com/events/preserving-local-history-2025-10-22/: 1 errors found, 65 words checked
DEBUG:root:Attempting to fetch: https://wordpress-810691-5571285.cloudwaysapps.com/galleries/2015-october-open-house/
Processing pages:  58%|█████▊    | 220/381 [02:03<02:07,  1.27it/s]DEBUG:root:✅ Document OK: https://wordpress-810691-5571285.cloudwaysapps.com/wp-content/uploads/2024/03/Basic_Irish_Research_1707511334.pdf
DEBUG:root:Checking internal document: https://wordpress-810691-5571285.cloudwaysapps.com/wp-content/uploads/2024/03/Irish_SIG__10_Workhouses_1707507334.pdf
DEBUG:urllib3.connectionpool:Starting new HTTPS connection (1): wordpress-810691-5571285.cloudwaysapps.com:443
DEBUG:root:✅ Image OK: https://wordpress-810691-5571285.cloudwaysapps.com/wp-content/uploads/2025/08/IMG_0009_1566264871-729x1024.webp
DEBUG:root:Checking internal image: https://wordpress-810691-5571285.cloudwaysapps.com/wp-content/uploads/2025/08/IMG_0011_1566264871-901x1024.webp
DEBUG:urllib3.connectionpool:Starting new HTTPS connection (1): wordpress-810691-5571285.cloudwaysapps.com:443
DEBUG:urllib3.connectionpool:https://wordpress-810691-5571285.cloudwaysapps.com:443 "GET /wp-content/uploads/2025/08/20160317_183350_1540429819-1024x576.webp HTTP/1.1" 200 68950
DEBUG:root:✅ Image OK: https://wordpress-810691-5571285.cloudwaysapps.com/wp-content/uploads/2025/08/20160317_183350_1540429819-1024x576.webp
DEBUG:root:Using regex pattern: \b[a-zA-Z]{3,}\b
DEBUG:root:Found 36 words to check in https://wordpress-810691-5571285.cloudwaysapps.com/galleries/2016-mary-l-jackson-fears-co/ (min_length=3)
DEBUG:root:Sample words from https://wordpress-810691-5571285.cloudwaysapps.com/galleries/2016-mary-l-jackson-fears-co/: ['This', 'alert', 'Skip', 'content', 'Mary', 'Jackson', 'Fears', 'images', 'Click', 'view']
DEBUG:root:Spell check results for https://wordpress-810691-5571285.cloudwaysapps.com/galleries/2016-mary-l-jackson-fears-co/: 15 words checked, 21 skipped, 0 errors found
INFO:root:✅ Processed https://wordpress-810691-5571285.cloudwaysapps.com/galleries/2016-mary-l-jackson-fears-co/: 0 errors found, 74 words checked
DEBUG:root:Attempting to fetch: https://wordpress-810691-5571285.cloudwaysapps.com/resources/ancestry-com-free-registered-guest-accounts/
Processing pages:  58%|█████▊    | 221/381 [02:04<01:51,  1.44it/s]DEBUG:urllib3.connectionpool:https://wordpress-810691-5571285.cloudwaysapps.com:443 "GET /wp-content/uploads/2024/03/Irish_SIG__10_Workhouses_1707507334.pdf HTTP/1.1" 200 747566
DEBUG:urllib3.connectionpool:https://wordpress-810691-5571285.cloudwaysapps.com:443 "GET /wp-content/uploads/2025/08/IMG_0011_1566264871-901x1024.webp HTTP/1.1" 200 163586
DEBUG:urllib3.connectionpool:https://wordpress-810691-5571285.cloudwaysapps.com:443 "GET /resources/ancestry-com-free-registered-guest-accounts/ HTTP/1.1" 200 None
DEBUG:root:Successfully fetched https://wordpress-810691-5571285.cloudwaysapps.com/resources/ancestry-com-free-registered-guest-accounts/ (Content-Length: 38935)
DEBUG:charset_normalizer:Encoding detection: utf_8 is most likely the one.
DEBUG:root:✅ Image OK: https://wordpress-810691-5571285.cloudwaysapps.com/wp-content/uploads/2025/08/IMG_0011_1566264871-901x1024.webp
DEBUG:root:Checking internal image: https://wordpress-810691-5571285.cloudwaysapps.com/wp-content/uploads/2025/08/IMG_0012_1566264871-630x1024.webp
DEBUG:urllib3.connectionpool:Starting new HTTPS connection (1): wordpress-810691-5571285.cloudwaysapps.com:443
DEBUG:root:Extracted 560 characters, 92 words from https://wordpress-810691-5571285.cloudwaysapps.com/resources/ancestry-com-free-registered-guest-accounts/
DEBUG:root:Using regex pattern: \b[a-zA-Z]{3,}\b
DEBUG:root:Found 73 words to check in https://wordpress-810691-5571285.cloudwaysapps.com/resources/ancestry-com-free-registered-guest-accounts/ (min_length=3)
DEBUG:root:Sample words from https://wordpress-810691-5571285.cloudwaysapps.com/resources/ancestry-com-free-registered-guest-accounts/: ['This', 'alert', 'Skip', 'content', 'Ancestry', 'com', 'Free', 'Registered', 'Guest', 'Accounts']
DEBUG:root:Skipped email/domain fragment: 'com'
DEBUG:root:Spell check results for https://wordpress-810691-5571285.cloudwaysapps.com/resources/ancestry-com-free-registered-guest-accounts/: 49 words checked, 24 skipped, 0 errors found
INFO:root:✅ Processed https://wordpress-810691-5571285.cloudwaysapps.com/resources/ancestry-com-free-registered-guest-accounts/: 0 errors found, 92 words checked
DEBUG:root:Attempting to fetch: https://wordpress-810691-5571285.cloudwaysapps.com/galleries/2019-may-ann-mohr-osisek/
Processing pages:  58%|█████▊    | 222/381 [02:04<01:26,  1.83it/s]DEBUG:root:✅ Document OK: https://wordpress-810691-5571285.cloudwaysapps.com/wp-content/uploads/2024/03/Irish_SIG__10_Workhouses_1707507334.pdf
DEBUG:root:Checking internal document: https://wordpress-810691-5571285.cloudwaysapps.com/wp-content/uploads/2024/03/Irish_SIG__2_Church_Records_1707338579.pdf
DEBUG:urllib3.connectionpool:Starting new HTTPS connection (1): wordpress-810691-5571285.cloudwaysapps.com:443
DEBUG:urllib3.connectionpool:https://wordpress-810691-5571285.cloudwaysapps.com:443 "GET /galleries/2019-may-ann-mohr-osisek/ HTTP/1.1" 200 None
DEBUG:root:Successfully fetched https://wordpress-810691-5571285.cloudwaysapps.com/galleries/2019-may-ann-mohr-osisek/ (Content-Length: 48145)
DEBUG:charset_normalizer:Encoding detection: utf_8 is most likely the one.
DEBUG:root:Extracted 190 characters, 37 words from https://wordpress-810691-5571285.cloudwaysapps.com/galleries/2019-may-ann-mohr-osisek/
DEBUG:root:Checking internal image: https://wordpress-810691-5571285.cloudwaysapps.com/wp-content/uploads/2025/08/2019_May_Ann_Mohr_Osisek_3_1570501670-1024x513.webp
DEBUG:urllib3.connectionpool:Starting new HTTPS connection (1): wordpress-810691-5571285.cloudwaysapps.com:443
DEBUG:urllib3.connectionpool:https://wordpress-810691-5571285.cloudwaysapps.com:443 "GET /wp-content/uploads/2025/08/IMG_0012_1566264871-630x1024.webp HTTP/1.1" 200 152848
DEBUG:urllib3.connectionpool:https://wordpress-810691-5571285.cloudwaysapps.com:443 "GET /galleries/2015-october-open-house/ HTTP/1.1" 200 None
DEBUG:urllib3.connectionpool:https://wordpress-810691-5571285.cloudwaysapps.com:443 "GET /wp-content/uploads/2024/03/Irish_SIG__2_Church_Records_1707338579.pdf HTTP/1.1" 200 1740220
DEBUG:root:Successfully fetched https://wordpress-810691-5571285.cloudwaysapps.com/galleries/2015-october-open-house/ (Content-Length: 83259)
DEBUG:charset_normalizer:Encoding detection: utf_8 is most likely the one.
DEBUG:root:✅ Image OK: https://wordpress-810691-5571285.cloudwaysapps.com/wp-content/uploads/2025/08/IMG_0012_1566264871-630x1024.webp
DEBUG:root:Using regex pattern: \b[a-zA-Z]{3,}\b
DEBUG:root:Found 39 words to check in https://wordpress-810691-5571285.cloudwaysapps.com/galleries/2010-pastfinders-news/ (min_length=3)
DEBUG:root:Sample words from https://wordpress-810691-5571285.cloudwaysapps.com/galleries/2010-pastfinders-news/: ['This', 'alert', 'Skip', 'content', 'Pastfinders', 'News', 'images', 'Click', 'view', 'Click']
DEBUG:root:Spell check results for https://wordpress-810691-5571285.cloudwaysapps.com/galleries/2010-pastfinders-news/: 17 words checked, 22 skipped, 0 errors found
INFO:root:✅ Processed https://wordpress-810691-5571285.cloudwaysapps.com/galleries/2010-pastfinders-news/: 0 errors found, 79 words checked
DEBUG:root:Attempting to fetch: https://wordpress-810691-5571285.cloudwaysapps.com/media-type/book/
DEBUG:urllib3.connectionpool:https://wordpress-810691-5571285.cloudwaysapps.com:443 "GET /wp-content/uploads/2025/08/2019_May_Ann_Mohr_Osisek_3_1570501670-1024x513.webp HTTP/1.1" 200 70882
Processing pages:  59%|█████▊    | 223/381 [02:05<01:26,  1.82it/s]DEBUG:root:Extracted 500 characters, 108 words from https://wordpress-810691-5571285.cloudwaysapps.com/galleries/2015-october-open-house/
DEBUG:root:✅ Image OK: https://wordpress-810691-5571285.cloudwaysapps.com/wp-content/uploads/2025/08/2019_May_Ann_Mohr_Osisek_3_1570501670-1024x513.webp
DEBUG:root:Checking internal image: https://wordpress-810691-5571285.cloudwaysapps.com/wp-content/uploads/2025/08/2019_May_Ann_Mohr_Osisek_1_1570501670-1024x591.webp
DEBUG:root:Checking internal image: https://wordpress-810691-5571285.cloudwaysapps.com/wp-content/uploads/2025/08/IMG_0010_1566943584-1024x699.webp
DEBUG:urllib3.connectionpool:Starting new HTTPS connection (1): wordpress-810691-5571285.cloudwaysapps.com:443
DEBUG:urllib3.connectionpool:Starting new HTTPS connection (1): wordpress-810691-5571285.cloudwaysapps.com:443
DEBUG:root:✅ Document OK: https://wordpress-810691-5571285.cloudwaysapps.com/wp-content/uploads/2024/03/Irish_SIG__2_Church_Records_1707338579.pdf
DEBUG:root:Checking internal document: https://wordpress-810691-5571285.cloudwaysapps.com/wp-content/uploads/2024/03/Irish_SIG___8_Death_and_Burial_Rcds_1707507078.pdf
DEBUG:urllib3.connectionpool:Starting new HTTPS connection (1): wordpress-810691-5571285.cloudwaysapps.com:443
DEBUG:urllib3.connectionpool:https://wordpress-810691-5571285.cloudwaysapps.com:443 "GET /wp-content/uploads/2025/08/2019_May_Ann_Mohr_Osisek_1_1570501670-1024x591.webp HTTP/1.1" 200 57270
DEBUG:urllib3.connectionpool:https://wordpress-810691-5571285.cloudwaysapps.com:443 "GET /wp-content/uploads/2025/08/IMG_0010_1566943584-1024x699.webp HTTP/1.1" 200 99302
DEBUG:root:✅ Image OK: https://wordpress-810691-5571285.cloudwaysapps.com/wp-content/uploads/2025/08/2019_May_Ann_Mohr_Osisek_1_1570501670-1024x591.webp
DEBUG:root:Checking internal image: https://wordpress-810691-5571285.cloudwaysapps.com/wp-content/uploads/2025/08/2019_May_Ann_Mohr_Osisek_2_1570501670-1008x1024.webp
DEBUG:urllib3.connectionpool:Starting new HTTPS connection (1): wordpress-810691-5571285.cloudwaysapps.com:443
DEBUG:root:✅ Image OK: https://wordpress-810691-5571285.cloudwaysapps.com/wp-content/uploads/2025/08/IMG_0010_1566943584-1024x699.webp
DEBUG:root:Checking internal image: https://wordpress-810691-5571285.cloudwaysapps.com/wp-content/uploads/2025/08/2015_10_10_Open_House__26_1525086747.webp
DEBUG:urllib3.connectionpool:Starting new HTTPS connection (1): wordpress-810691-5571285.cloudwaysapps.com:443
DEBUG:urllib3.connectionpool:https://wordpress-810691-5571285.cloudwaysapps.com:443 "GET /wp-content/uploads/2024/03/Irish_SIG___8_Death_and_Burial_Rcds_1707507078.pdf HTTP/1.1" 200 714719
DEBUG:urllib3.connectionpool:https://wordpress-810691-5571285.cloudwaysapps.com:443 "GET /wp-content/uploads/2025/08/2019_May_Ann_Mohr_Osisek_2_1570501670-1008x1024.webp HTTP/1.1" 200 81944
DEBUG:urllib3.connectionpool:https://wordpress-810691-5571285.cloudwaysapps.com:443 "GET /wp-content/uploads/2025/08/2015_10_10_Open_House__26_1525086747.webp HTTP/1.1" 200 41586
DEBUG:root:✅ Image OK: https://wordpress-810691-5571285.cloudwaysapps.com/wp-content/uploads/2025/08/2015_10_10_Open_House__26_1525086747.webp
DEBUG:root:Checking internal image: https://wordpress-810691-5571285.cloudwaysapps.com/wp-content/uploads/2025/08/2015_10_10_Open_House__13_1525086603.webp
DEBUG:urllib3.connectionpool:Starting new HTTPS connection (1): wordpress-810691-5571285.cloudwaysapps.com:443
DEBUG:root:✅ Image OK: https://wordpress-810691-5571285.cloudwaysapps.com/wp-content/uploads/2025/08/2019_May_Ann_Mohr_Osisek_2_1570501670-1008x1024.webp
DEBUG:root:Using regex pattern: \b[a-zA-Z]{3,}\b
DEBUG:root:Found 19 words to check in https://wordpress-810691-5571285.cloudwaysapps.com/galleries/2019-may-ann-mohr-osisek/ (min_length=3)
DEBUG:root:Sample words from https://wordpress-810691-5571285.cloudwaysapps.com/galleries/2019-may-ann-mohr-osisek/: ['This', 'alert', 'Skip', 'content', 'May', 'Ann', 'Mohr', 'Osisek', 'images', 'Click']
DEBUG:root:Spell check results for https://wordpress-810691-5571285.cloudwaysapps.com/galleries/2019-may-ann-mohr-osisek/: 6 words checked, 13 skipped, 0 errors found
INFO:root:✅ Processed https://wordpress-810691-5571285.cloudwaysapps.com/galleries/2019-may-ann-mohr-osisek/: 0 errors found, 37 words checked
DEBUG:root:Attempting to fetch: https://wordpress-810691-5571285.cloudwaysapps.com/resources/
Processing pages:  59%|█████▉    | 224/381 [02:05<01:33,  1.69it/s]DEBUG:urllib3.connectionpool:https://wordpress-810691-5571285.cloudwaysapps.com:443 "GET /resources/ HTTP/1.1" 200 12304
DEBUG:root:Successfully fetched https://wordpress-810691-5571285.cloudwaysapps.com/resources/ (Content-Length: 50283)
DEBUG:charset_normalizer:Encoding detection: utf_8 is most likely the one.
DEBUG:root:✅ Document OK: https://wordpress-810691-5571285.cloudwaysapps.com/wp-content/uploads/2024/03/Irish_SIG___8_Death_and_Burial_Rcds_1707507078.pdf
DEBUG:root:Checking internal document: https://wordpress-810691-5571285.cloudwaysapps.com/wp-content/uploads/2025/08/Irish_SIG__12_Finding_and_Navigating_Irish_Maps_1707507700.pdf
DEBUG:root:Extracted 6054 characters, 988 words from https://wordpress-810691-5571285.cloudwaysapps.com/resources/
DEBUG:root:Checking external hyperlink: https://www.familytreemagazine.com/premium/25-best-genealogy-websites-for-beginners/
DEBUG:urllib3.connectionpool:Starting new HTTPS connection (1): wordpress-810691-5571285.cloudwaysapps.com:443
DEBUG:urllib3.connectionpool:Starting new HTTPS connection (1): www.familytreemagazine.com:443
DEBUG:urllib3.connectionpool:https://wordpress-810691-5571285.cloudwaysapps.com:443 "GET /wp-content/uploads/2025/08/2015_10_10_Open_House__13_1525086603.webp HTTP/1.1" 200 73452
DEBUG:urllib3.connectionpool:https://www.familytreemagazine.com:443 "GET /premium/25-best-genealogy-websites-for-beginners/ HTTP/1.1" 301 162
DEBUG:urllib3.connectionpool:https://wordpress-810691-5571285.cloudwaysapps.com:443 "GET /media-type/book/ HTTP/1.1" 200 None
DEBUG:root:Successfully fetched https://wordpress-810691-5571285.cloudwaysapps.com/media-type/book/ (Content-Length: 48865)
DEBUG:charset_normalizer:Encoding detection: utf_8 is most likely the one.
DEBUG:urllib3.connectionpool:https://wordpress-810691-5571285.cloudwaysapps.com:443 "GET /wp-content/uploads/2025/08/Irish_SIG__12_Finding_and_Navigating_Irish_Maps_1707507700.pdf HTTP/1.1" 200 759058
DEBUG:root:✅ Image OK: https://wordpress-810691-5571285.cloudwaysapps.com/wp-content/uploads/2025/08/2015_10_10_Open_House__13_1525086603.webp
DEBUG:root:Checking internal image: https://wordpress-810691-5571285.cloudwaysapps.com/wp-content/uploads/2025/08/2015_10_10_Open_House__2_1525086502.webp
DEBUG:urllib3.connectionpool:Starting new HTTPS connection (1): wordpress-810691-5571285.cloudwaysapps.com:443
DEBUG:root:Extracted 984 characters, 148 words from https://wordpress-810691-5571285.cloudwaysapps.com/media-type/book/
DEBUG:root:Using regex pattern: \b[a-zA-Z]{3,}\b
DEBUG:root:Found 119 words to check in https://wordpress-810691-5571285.cloudwaysapps.com/media-type/book/ (min_length=3)
DEBUG:root:Sample words from https://wordpress-810691-5571285.cloudwaysapps.com/media-type/book/: ['This', 'alert', 'Skip', 'content', 'Media', 'Type', 'Book', 'March', 'Ancestry', 'concise']
DEBUG:root:Spell check results for https://wordpress-810691-5571285.cloudwaysapps.com/media-type/book/: 59 words checked, 60 skipped, 0 errors found
INFO:root:✅ Processed https://wordpress-810691-5571285.cloudwaysapps.com/media-type/book/: 0 errors found, 148 words checked
DEBUG:root:Attempting to fetch: https://wordpress-810691-5571285.cloudwaysapps.com/events/locations/
Processing pages:  59%|█████▉    | 225/381 [02:06<01:30,  1.73it/s]DEBUG:urllib3.connectionpool:Starting new HTTPS connection (1): familytreemagazine.com:443
DEBUG:urllib3.connectionpool:https://wordpress-810691-5571285.cloudwaysapps.com:443 "GET /events/locations/ HTTP/1.1" 200 None
DEBUG:root:Successfully fetched https://wordpress-810691-5571285.cloudwaysapps.com/events/locations/ (Content-Length: 53480)
DEBUG:charset_normalizer:Encoding detection: utf_8 is most likely the one.
DEBUG:root:Extracted 473 characters, 78 words from https://wordpress-810691-5571285.cloudwaysapps.com/events/locations/
DEBUG:root:Using regex pattern: \b[a-zA-Z]{3,}\b
DEBUG:root:Found 57 words to check in https://wordpress-810691-5571285.cloudwaysapps.com/events/locations/ (min_length=3)
DEBUG:root:Sample words from https://wordpress-810691-5571285.cloudwaysapps.com/events/locations/: ['This', 'alert', 'Skip', 'content', 'Locations', 'Search', 'Near', 'Sorting', 'Order', 'List']
DEBUG:root:Spell check results for https://wordpress-810691-5571285.cloudwaysapps.com/events/locations/: 5 words checked, 52 skipped, 0 errors found
INFO:root:✅ Processed https://wordpress-810691-5571285.cloudwaysapps.com/events/locations/: 0 errors found, 78 words checked
DEBUG:root:Attempting to fetch: https://wordpress-810691-5571285.cloudwaysapps.com/events/research-assistance-2025-08-27-2025-09-03-2025-09-10-2025-09-17-2025-09-24-2025-10-01-2025-10-08-2025-10-15-2025-10-22-2025-10-29-2025-11-05-2025-11-12-2025-11-19-2025-11-26-2025-12-03-2-27-2026-06-03/
Processing pages:  59%|█████▉    | 226/381 [02:06<01:08,  2.26it/s]DEBUG:root:✅ Document OK: https://wordpress-810691-5571285.cloudwaysapps.com/wp-content/uploads/2025/08/Irish_SIG__12_Finding_and_Navigating_Irish_Maps_1707507700.pdf
DEBUG:root:Checking internal document: https://wordpress-810691-5571285.cloudwaysapps.com/wp-content/uploads/2025/08/Irish_SIG__15_Irish_Deed_records_1707508123.pdf
DEBUG:urllib3.connectionpool:Starting new HTTPS connection (1): wordpress-810691-5571285.cloudwaysapps.com:443
DEBUG:urllib3.connectionpool:https://wordpress-810691-5571285.cloudwaysapps.com:443 "GET /wp-content/uploads/2025/08/2015_10_10_Open_House__2_1525086502.webp HTTP/1.1" 200 68906
DEBUG:root:✅ Image OK: https://wordpress-810691-5571285.cloudwaysapps.com/wp-content/uploads/2025/08/2015_10_10_Open_House__2_1525086502.webp
DEBUG:root:Checking internal image: https://wordpress-810691-5571285.cloudwaysapps.com/wp-content/uploads/2025/08/2015_10_10_Open_House__21_1525086690.webp
DEBUG:urllib3.connectionpool:Starting new HTTPS connection (1): wordpress-810691-5571285.cloudwaysapps.com:443
DEBUG:urllib3.connectionpool:https://wordpress-810691-5571285.cloudwaysapps.com:443 "GET /wp-content/uploads/2025/08/Irish_SIG__15_Irish_Deed_records_1707508123.pdf HTTP/1.1" 200 731150
DEBUG:urllib3.connectionpool:https://wordpress-810691-5571285.cloudwaysapps.com:443 "GET /wp-content/uploads/2025/08/2015_10_10_Open_House__21_1525086690.webp HTTP/1.1" 200 45556
DEBUG:root:✅ Image OK: https://wordpress-810691-5571285.cloudwaysapps.com/wp-content/uploads/2025/08/2015_10_10_Open_House__21_1525086690.webp
DEBUG:root:Checking internal image: https://wordpress-810691-5571285.cloudwaysapps.com/wp-content/uploads/2025/08/IMG_0012_1566943584-1024x700.webp
DEBUG:urllib3.connectionpool:Starting new HTTPS connection (1): wordpress-810691-5571285.cloudwaysapps.com:443
DEBUG:root:✅ Document OK: https://wordpress-810691-5571285.cloudwaysapps.com/wp-content/uploads/2025/08/Irish_SIG__15_Irish_Deed_records_1707508123.pdf
DEBUG:root:Checking internal document: https://wordpress-810691-5571285.cloudwaysapps.com/wp-content/uploads/2025/08/Irish_SIG__14_Irish_Headstones_a_Story_1707508043.pdf
DEBUG:urllib3.connectionpool:Starting new HTTPS connection (1): wordpress-810691-5571285.cloudwaysapps.com:443
DEBUG:root:✅ Document OK: https://pastfindersslc.org/upload/newsletters/IMG_0012winter.pdf
DEBUG:root:Checking external document: https://pastfindersslc.org/upload/newsletters/2002_Fall_Nov.pdf
DEBUG:urllib3.connectionpool:Starting new HTTPS connection (1): pastfindersslc.org:443
DEBUG:urllib3.connectionpool:https://wordpress-810691-5571285.cloudwaysapps.com:443 "GET /wp-content/uploads/2025/08/IMG_0012_1566943584-1024x700.webp HTTP/1.1" 200 65204
DEBUG:urllib3.connectionpool:https://wordpress-810691-5571285.cloudwaysapps.com:443 "GET /wp-content/uploads/2025/08/Irish_SIG__14_Irish_Headstones_a_Story_1707508043.pdf HTTP/1.1" 200 2161934
DEBUG:root:✅ Image OK: https://wordpress-810691-5571285.cloudwaysapps.com/wp-content/uploads/2025/08/IMG_0012_1566943584-1024x700.webp
DEBUG:root:Checking internal image: https://wordpress-810691-5571285.cloudwaysapps.com/wp-content/uploads/2025/08/2015_10_10_Open_House__18_1525086662.webp
DEBUG:urllib3.connectionpool:Starting new HTTPS connection (1): wordpress-810691-5571285.cloudwaysapps.com:443
DEBUG:urllib3.connectionpool:https://pastfindersslc.org:443 "GET /upload/newsletters/2002_Fall_Nov.pdf HTTP/1.1" 200 7913240
DEBUG:urllib3.connectionpool:https://familytreemagazine.com:443 "GET /premium/25-best-genealogy-websites-for-beginners/ HTTP/1.1" 301 None
DEBUG:urllib3.connectionpool:https://wordpress-810691-5571285.cloudwaysapps.com:443 "GET /events/research-assistance-2025-08-27-2025-09-03-2025-09-10-2025-09-17-2025-09-24-2025-10-01-2025-10-08-2025-10-15-2025-10-22-2025-10-29-2025-11-05-2025-11-12-2025-11-19-2025-11-26-2025-12-03-2-27-2026-06-03/ HTTP/1.1" 200 None
DEBUG:root:Successfully fetched https://wordpress-810691-5571285.cloudwaysapps.com/events/research-assistance-2025-08-27-2025-09-03-2025-09-10-2025-09-17-2025-09-24-2025-10-01-2025-10-08-2025-10-15-2025-10-22-2025-10-29-2025-11-05-2025-11-12-2025-11-19-2025-11-26-2025-12-03-2-27-2026-06-03/ (Content-Length: 44169)
DEBUG:charset_normalizer:Encoding detection: utf_8 is most likely the one.
DEBUG:urllib3.connectionpool:https://wordpress-810691-5571285.cloudwaysapps.com:443 "GET /wp-content/uploads/2025/08/2015_10_10_Open_House__18_1525086662.webp HTTP/1.1" 200 57456
DEBUG:root:Extracted 487 characters, 85 words from https://wordpress-810691-5571285.cloudwaysapps.com/events/research-assistance-2025-08-27-2025-09-03-2025-09-10-2025-09-17-2025-09-24-2025-10-01-2025-10-08-2025-10-15-2025-10-22-2025-10-29-2025-11-05-2025-11-12-2025-11-19-2025-11-26-2025-12-03-2-27-2026-06-03/
DEBUG:root:Checking external hyperlink: https://www.google.com/calendar/event?action=TEMPLATE&text=Research+Assistance&dates=20260603T130000/20260603T150000&details=Join+us+weekly+in+the+Genealogy+Room+for+in-person+help+with+your+research.+It%E2%80%99s+a+great+chance+to+get+one-on-one+guidance%2C+ask+questions%2C+and+connect+with+others+who+share+your+passion+for+family+history.&location=2525+Oakley+Seaver+Dr%2C+Clermont%2C+FL%2C+34711%2C+United+States&trp=false&sprop=https%3A%2F%2Fwordpress-810691-5571285.cloudwaysapps.com%2Fevents%2Fresearch-assistance-2025-08-27-2025-09-03-2025-09-10-2025-09-17-2025-09-24-2025-10-01-2025-10-08-2025-10-15-2025-10-22-2025-10-29-2025-11-05-2025-11-12-2025-11-19-2025-11-26-2025-12-03-2-27-2026-06-03%2F&sprop=name:Pastfinders&ctz=America%2FNew_York
DEBUG:root:✅ Document OK: https://wordpress-810691-5571285.cloudwaysapps.com/wp-content/uploads/2025/08/Irish_SIG__14_Irish_Headstones_a_Story_1707508043.pdf
DEBUG:root:Checking internal document: https://wordpress-810691-5571285.cloudwaysapps.com/wp-content/uploads/2025/08/Irish_SIG__9_Marriage_Records_1707507185.pdf
DEBUG:urllib3.connectionpool:Starting new HTTPS connection (1): www.google.com:443
DEBUG:urllib3.connectionpool:Starting new HTTPS connection (1): wordpress-810691-5571285.cloudwaysapps.com:443
DEBUG:root:✅ Image OK: https://wordpress-810691-5571285.cloudwaysapps.com/wp-content/uploads/2025/08/2015_10_10_Open_House__18_1525086662.webp
DEBUG:root:Checking internal image: https://wordpress-810691-5571285.cloudwaysapps.com/wp-content/uploads/2025/08/2015_10_10_Open_House__1_1525086494.webp
DEBUG:urllib3.connectionpool:Starting new HTTPS connection (1): wordpress-810691-5571285.cloudwaysapps.com:443
DEBUG:urllib3.connectionpool:https://www.google.com:443 "GET /calendar/event?action=TEMPLATE&text=Research+Assistance&dates=20260603T130000/20260603T150000&details=Join+us+weekly+in+the+Genealogy+Room+for+in-person+help+with+your+research.+It%E2%80%99s+a+great+chance+to+get+one-on-one+guidance%2C+ask+questions%2C+and+connect+with+others+who+share+your+passion+for+family+history.&location=2525+Oakley+Seaver+Dr%2C+Clermont%2C+FL%2C+34711%2C+United+States&trp=false&sprop=https%3A%2F%2Fwordpress-810691-5571285.cloudwaysapps.com%2Fevents%2Fresearch-assistance-2025-08-27-2025-09-03-2025-09-10-2025-09-17-2025-09-24-2025-10-01-2025-10-08-2025-10-15-2025-10-22-2025-10-29-2025-11-05-2025-11-12-2025-11-19-2025-11-26-2025-12-03-2-27-2026-06-03%2F&sprop=name:Pastfinders&ctz=America%2FNew_York HTTP/1.1" 302 0
DEBUG:urllib3.connectionpool:Starting new HTTPS connection (1): calendar.google.com:443
DEBUG:urllib3.connectionpool:https://familytreemagazine.com:443 "GET /websites/25-best-genealogy-websites-for-beginners/ HTTP/1.1" 301 None
DEBUG:urllib3.connectionpool:https://wordpress-810691-5571285.cloudwaysapps.com:443 "GET /wp-content/uploads/2025/08/Irish_SIG__9_Marriage_Records_1707507185.pdf HTTP/1.1" 200 741652
DEBUG:urllib3.connectionpool:https://calendar.google.com:443 "GET /calendar/event?action=TEMPLATE&text=Research+Assistance&dates=20260603T130000/20260603T150000&details=Join+us+weekly+in+the+Genealogy+Room+for+in-person+help+with+your+research.+It%E2%80%99s+a+great+chance+to+get+one-on-one+guidance,+ask+questions,+and+connect+with+others+who+share+your+passion+for+family+history.&location=2525+Oakley+Seaver+Dr,+Clermont,+FL,+34711,+United+States&trp=false&sprop=https://wordpress-810691-5571285.cloudwaysapps.com/events/research-assistance-2025-08-27-2025-09-03-2025-09-10-2025-09-17-2025-09-24-2025-10-01-2025-10-08-2025-10-15-2025-10-22-2025-10-29-2025-11-05-2025-11-12-2025-11-19-2025-11-26-2025-12-03-2-27-2026-06-03/&sprop=name:Pastfinders&ctz=America/New_York HTTP/1.1" 302 0
DEBUG:urllib3.connectionpool:Starting new HTTPS connection (1): accounts.google.com:443
DEBUG:urllib3.connectionpool:https://wordpress-810691-5571285.cloudwaysapps.com:443 "GET /wp-content/uploads/2025/08/2015_10_10_Open_House__1_1525086494.webp HTTP/1.1" 200 56018
DEBUG:root:✅ Image OK: https://wordpress-810691-5571285.cloudwaysapps.com/wp-content/uploads/2025/08/2015_10_10_Open_House__1_1525086494.webp
DEBUG:root:Checking internal image: https://wordpress-810691-5571285.cloudwaysapps.com/wp-content/uploads/2025/08/IMG_0012_3_1566943584-1024x703.webp
DEBUG:urllib3.connectionpool:Starting new HTTPS connection (1): wordpress-810691-5571285.cloudwaysapps.com:443
DEBUG:urllib3.connectionpool:https://accounts.google.com:443 "GET /ServiceLogin?service=cl&passive=1209600&osid=1&continue=https://calendar.google.com/calendar/event?action%3DTEMPLATE%26text%3DResearch%2BAssistance%26dates%3D20260603T130000/20260603T150000%26details%3DJoin%2Bus%2Bweekly%2Bin%2Bthe%2BGenealogy%2BRoom%2Bfor%2Bin-person%2Bhelp%2Bwith%2Byour%2Bresearch.%2BIt%25E2%2580%2599s%2Ba%2Bgreat%2Bchance%2Bto%2Bget%2Bone-on-one%2Bguidance,%2Bask%2Bquestions,%2Band%2Bconnect%2Bwith%2Bothers%2Bwho%2Bshare%2Byour%2Bpassion%2Bfor%2Bfamily%2Bhistory.%26location%3D2525%2BOakley%2BSeaver%2BDr,%2BClermont,%2BFL,%2B34711,%2BUnited%2BStates%26trp%3Dfalse%26sprop%3Dhttps://wordpress-810691-5571285.cloudwaysapps.com/events/research-assistance-2025-08-27-2025-09-03-2025-09-10-2025-09-17-2025-09-24-2025-10-01-2025-10-08-2025-10-15-2025-10-22-2025-10-29-2025-11-05-2025-11-12-2025-11-19-2025-11-26-2025-12-03-2-27-2026-06-03/%26sprop%3Dname:Pastfinders%26ctz%3DAmerica/New_York&followup=https://calendar.google.com/calendar/event?action%3DTEMPLATE%26text%3DResearch%2BAssistance%26dates%3D20260603T130000/20260603T150000%26details%3DJoin%2Bus%2Bweekly%2Bin%2Bthe%2BGenealogy%2BRoom%2Bfor%2Bin-person%2Bhelp%2Bwith%2Byour%2Bresearch.%2BIt%25E2%2580%2599s%2Ba%2Bgreat%2Bchance%2Bto%2Bget%2Bone-on-one%2Bguidance,%2Bask%2Bquestions,%2Band%2Bconnect%2Bwith%2Bothers%2Bwho%2Bshare%2Byour%2Bpassion%2Bfor%2Bfamily%2Bhistory.%26location%3D2525%2BOakley%2BSeaver%2BDr,%2BClermont,%2BFL,%2B34711,%2BUnited%2BStates%26trp%3Dfalse%26sprop%3Dhttps://wordpress-810691-5571285.cloudwaysapps.com/events/research-assistance-2025-08-27-2025-09-03-2025-09-10-2025-09-17-2025-09-24-2025-10-01-2025-10-08-2025-10-15-2025-10-22-2025-10-29-2025-11-05-2025-11-12-2025-11-19-2025-11-26-2025-12-03-2-27-2026-06-03/%26sprop%3Dname:Pastfinders%26ctz%3DAmerica/New_York&emr=1 HTTP/1.1" 302 0
DEBUG:urllib3.connectionpool:https://accounts.google.com:443 "GET /InteractiveLogin?continue=https://calendar.google.com/calendar/event?action%3DTEMPLATE%26text%3DResearch%2BAssistance%26dates%3D20260603T130000/20260603T150000%26details%3DJoin%2Bus%2Bweekly%2Bin%2Bthe%2BGenealogy%2BRoom%2Bfor%2Bin-person%2Bhelp%2Bwith%2Byour%2Bresearch.%2BIt%25E2%2580%2599s%2Ba%2Bgreat%2Bchance%2Bto%2Bget%2Bone-on-one%2Bguidance,%2Bask%2Bquestions,%2Band%2Bconnect%2Bwith%2Bothers%2Bwho%2Bshare%2Byour%2Bpassion%2Bfor%2Bfamily%2Bhistory.%26location%3D2525%2BOakley%2BSeaver%2BDr,%2BClermont,%2BFL,%2B34711,%2BUnited%2BStates%26trp%3Dfalse%26sprop%3Dhttps://wordpress-810691-5571285.cloudwaysapps.com/events/research-assistance-2025-08-27-2025-09-03-2025-09-10-2025-09-17-2025-09-24-2025-10-01-2025-10-08-2025-10-15-2025-10-22-2025-10-29-2025-11-05-2025-11-12-2025-11-19-2025-11-26-2025-12-03-2-27-2026-06-03/%26sprop%3Dname:Pastfinders%26ctz%3DAmerica/New_York&emr=1&followup=https://calendar.google.com/calendar/event?action%3DTEMPLATE%26text%3DResearch%2BAssistance%26dates%3D20260603T130000/20260603T150000%26details%3DJoin%2Bus%2Bweekly%2Bin%2Bthe%2BGenealogy%2BRoom%2Bfor%2Bin-person%2Bhelp%2Bwith%2Byour%2Bresearch.%2BIt%25E2%2580%2599s%2Ba%2Bgreat%2Bchance%2Bto%2Bget%2Bone-on-one%2Bguidance,%2Bask%2Bquestions,%2Band%2Bconnect%2Bwith%2Bothers%2Bwho%2Bshare%2Byour%2Bpassion%2Bfor%2Bfamily%2Bhistory.%26location%3D2525%2BOakley%2BSeaver%2BDr,%2BClermont,%2BFL,%2B34711,%2BUnited%2BStates%26trp%3Dfalse%26sprop%3Dhttps://wordpress-810691-5571285.cloudwaysapps.com/events/research-assistance-2025-08-27-2025-09-03-2025-09-10-2025-09-17-2025-09-24-2025-10-01-2025-10-08-2025-10-15-2025-10-22-2025-10-29-2025-11-05-2025-11-12-2025-11-19-2025-11-26-2025-12-03-2-27-2026-06-03/%26sprop%3Dname:Pastfinders%26ctz%3DAmerica/New_York&osid=1&passive=1209600&service=cl&ifkv=AdBytiPi8kdo9MiWNKJY2AgOXtNOeYDDr-la0NubHi9Dbui6Il75DAeqWkLucHA0v1nmMgRzh8bvuw HTTP/1.1" 302 None
DEBUG:urllib3.connectionpool:https://accounts.google.com:443 "GET /v3/signin/identifier?continue=https%3A%2F%2Fcalendar.google.com%2Fcalendar%2Fevent%3Faction%3DTEMPLATE%26text%3DResearch%2BAssistance%26dates%3D20260603T130000%2F20260603T150000%26details%3DJoin%2Bus%2Bweekly%2Bin%2Bthe%2BGenealogy%2BRoom%2Bfor%2Bin-person%2Bhelp%2Bwith%2Byour%2Bresearch.%2BIt%25E2%2580%2599s%2Ba%2Bgreat%2Bchance%2Bto%2Bget%2Bone-on-one%2Bguidance%2C%2Bask%2Bquestions%2C%2Band%2Bconnect%2Bwith%2Bothers%2Bwho%2Bshare%2Byour%2Bpassion%2Bfor%2Bfamily%2Bhistory.%26location%3D2525%2BOakley%2BSeaver%2BDr%2C%2BClermont%2C%2BFL%2C%2B34711%2C%2BUnited%2BStates%26trp%3Dfalse%26sprop%3Dhttps%3A%2F%2Fwordpress-810691-5571285.cloudwaysapps.com%2Fevents%2Fresearch-assistance-2025-08-27-2025-09-03-2025-09-10-2025-09-17-2025-09-24-2025-10-01-2025-10-08-2025-10-15-2025-10-22-2025-10-29-2025-11-05-2025-11-12-2025-11-19-2025-11-26-2025-12-03-2-27-2026-06-03%2F%26sprop%3Dname%3APastfinders%26ctz%3DAmerica%2FNew_York&emr=1&followup=https%3A%2F%2Fcalendar.google.com%2Fcalendar%2Fevent%3Faction%3DTEMPLATE%26text%3DResearch%2BAssistance%26dates%3D20260603T130000%2F20260603T150000%26details%3DJoin%2Bus%2Bweekly%2Bin%2Bthe%2BGenealogy%2BRoom%2Bfor%2Bin-person%2Bhelp%2Bwith%2Byour%2Bresearch.%2BIt%25E2%2580%2599s%2Ba%2Bgreat%2Bchance%2Bto%2Bget%2Bone-on-one%2Bguidance%2C%2Bask%2Bquestions%2C%2Band%2Bconnect%2Bwith%2Bothers%2Bwho%2Bshare%2Byour%2Bpassion%2Bfor%2Bfamily%2Bhistory.%26location%3D2525%2BOakley%2BSeaver%2BDr%2C%2BClermont%2C%2BFL%2C%2B34711%2C%2BUnited%2BStates%26trp%3Dfalse%26sprop%3Dhttps%3A%2F%2Fwordpress-810691-5571285.cloudwaysapps.com%2Fevents%2Fresearch-assistance-2025-08-27-2025-09-03-2025-09-10-2025-09-17-2025-09-24-2025-10-01-2025-10-08-2025-10-15-2025-10-22-2025-10-29-2025-11-05-2025-11-12-2025-11-19-2025-11-26-2025-12-03-2-27-2026-06-03%2F%26sprop%3Dname%3APastfinders%26ctz%3DAmerica%2FNew_York&ifkv=AdBytiMBpcZveAvlVwoK7AI-s1geBmQI7RjpOzmE9N__galpmLopgZuM3vP_CWOOkwFs5sSUgxMLWw&osid=1&passive=1209600&service=cl&flowName=WebLiteSignIn&flowEntry=ServiceLogin&dsh=S153331272%3A1756758252542259 HTTP/1.1" 200 None
DEBUG:urllib3.connectionpool:https://wordpress-810691-5571285.cloudwaysapps.com:443 "GET /wp-content/uploads/2025/08/IMG_0012_3_1566943584-1024x703.webp HTTP/1.1" 200 65442
DEBUG:root:✅ Hyperlink OK: https://www.google.com/calendar/event?action=TEMPLATE&text=Research+Assistance&dates=20260603T130000/20260603T150000&details=Join+us+weekly+in+the+Genealogy+Room+for+in-person+help+with+your+research.+It%E2%80%99s+a+great+chance+to+get+one-on-one+guidance%2C+ask+questions%2C+and+connect+with+others+who+share+your+passion+for+family+history.&location=2525+Oakley+Seaver+Dr%2C+Clermont%2C+FL%2C+34711%2C+United+States&trp=false&sprop=https%3A%2F%2Fwordpress-810691-5571285.cloudwaysapps.com%2Fevents%2Fresearch-assistance-2025-08-27-2025-09-03-2025-09-10-2025-09-17-2025-09-24-2025-10-01-2025-10-08-2025-10-15-2025-10-22-2025-10-29-2025-11-05-2025-11-12-2025-11-19-2025-11-26-2025-12-03-2-27-2026-06-03%2F&sprop=name:Pastfinders&ctz=America%2FNew_York
DEBUG:root:Checking external hyperlink: https://outlook.office.com/calendar/0/deeplink/compose?allday=false&body=Join+us+weekly+in+the+Genealogy+Room+for+in-person+help+with+your+research.+It%E2%80%99s+a+great+chance+to+get+one-on-one+guidance%2C+ask+questions%2C+and+connect+with+others+who+share+your+passion+for+family+history.&location=2525+Oakley+Seaver+Dr%2C+Clermont%2C+FL%2C+34711%2C+United+States&path=/calendar/action/compose&rru=addevent&startdt=2026-06-03T13%3A00%3A00-04%3A00&enddt=2026-06-03T15%3A00%3A00-04%3A00&subject=Research+Assistance
DEBUG:urllib3.connectionpool:Starting new HTTPS connection (1): outlook.office.com:443
DEBUG:root:✅ Image OK: https://wordpress-810691-5571285.cloudwaysapps.com/wp-content/uploads/2025/08/IMG_0012_3_1566943584-1024x703.webp
DEBUG:root:Checking internal image: https://wordpress-810691-5571285.cloudwaysapps.com/wp-content/uploads/2025/08/2015_10_10_Open_House__20_1525086681.webp
DEBUG:urllib3.connectionpool:Starting new HTTPS connection (1): wordpress-810691-5571285.cloudwaysapps.com:443
DEBUG:root:✅ Document OK: https://wordpress-810691-5571285.cloudwaysapps.com/wp-content/uploads/2025/08/Irish_SIG__9_Marriage_Records_1707507185.pdf
DEBUG:root:Checking internal document: https://wordpress-810691-5571285.cloudwaysapps.com/wp-content/uploads/2025/08/Irish_SIG__10_Workhouses_1707507262.pdf
DEBUG:urllib3.connectionpool:Starting new HTTPS connection (1): wordpress-810691-5571285.cloudwaysapps.com:443
DEBUG:urllib3.connectionpool:https://outlook.office.com:443 "GET /calendar/0/deeplink/compose?allday=false&body=Join+us+weekly+in+the+Genealogy+Room+for+in-person+help+with+your+research.+It%E2%80%99s+a+great+chance+to+get+one-on-one+guidance%2C+ask+questions%2C+and+connect+with+others+who+share+your+passion+for+family+history.&location=2525+Oakley+Seaver+Dr%2C+Clermont%2C+FL%2C+34711%2C+United+States&path=/calendar/action/compose&rru=addevent&startdt=2026-06-03T13%3A00%3A00-04%3A00&enddt=2026-06-03T15%3A00%3A00-04%3A00&subject=Research+Assistance HTTP/1.1" 200 None
DEBUG:root:✅ Hyperlink OK: https://outlook.office.com/calendar/0/deeplink/compose?allday=false&body=Join+us+weekly+in+the+Genealogy+Room+for+in-person+help+with+your+research.+It%E2%80%99s+a+great+chance+to+get+one-on-one+guidance%2C+ask+questions%2C+and+connect+with+others+who+share+your+passion+for+family+history.&location=2525+Oakley+Seaver+Dr%2C+Clermont%2C+FL%2C+34711%2C+United+States&path=/calendar/action/compose&rru=addevent&startdt=2026-06-03T13%3A00%3A00-04%3A00&enddt=2026-06-03T15%3A00%3A00-04%3A00&subject=Research+Assistance
DEBUG:root:Checking external hyperlink: https://outlook.live.com/calendar/0/deeplink/compose?allday=false&body=Join+us+weekly+in+the+Genealogy+Room+for+in-person+help+with+your+research.+It%E2%80%99s+a+great+chance+to+get+one-on-one+guidance%2C+ask+questions%2C+and+connect+with+others+who+share+your+passion+for+family+history.&location=2525+Oakley+Seaver+Dr%2C+Clermont%2C+FL%2C+34711%2C+United+States&path=/calendar/action/compose&rru=addevent&startdt=2026-06-03T13%3A00%3A00-04%3A00&enddt=2026-06-03T15%3A00%3A00-04%3A00&subject=Research+Assistance
DEBUG:urllib3.connectionpool:Starting new HTTPS connection (1): outlook.live.com:443
DEBUG:urllib3.connectionpool:https://wordpress-810691-5571285.cloudwaysapps.com:443 "GET /wp-content/uploads/2025/08/2015_10_10_Open_House__20_1525086681.webp HTTP/1.1" 200 63464
DEBUG:root:✅ Image OK: https://wordpress-810691-5571285.cloudwaysapps.com/wp-content/uploads/2025/08/2015_10_10_Open_House__20_1525086681.webp
DEBUG:root:Checking internal image: https://wordpress-810691-5571285.cloudwaysapps.com/wp-content/uploads/2025/08/2015_10_10_Open_House__12_1525086591.webp
DEBUG:urllib3.connectionpool:Starting new HTTPS connection (1): wordpress-810691-5571285.cloudwaysapps.com:443
DEBUG:urllib3.connectionpool:https://wordpress-810691-5571285.cloudwaysapps.com:443 "GET /wp-content/uploads/2025/08/Irish_SIG__10_Workhouses_1707507262.pdf HTTP/1.1" 200 747566
DEBUG:urllib3.connectionpool:https://outlook.live.com:443 "GET /calendar/0/deeplink/compose?allday=false&body=Join+us+weekly+in+the+Genealogy+Room+for+in-person+help+with+your+research.+It%E2%80%99s+a+great+chance+to+get+one-on-one+guidance%2C+ask+questions%2C+and+connect+with+others+who+share+your+passion+for+family+history.&location=2525+Oakley+Seaver+Dr%2C+Clermont%2C+FL%2C+34711%2C+United+States&path=/calendar/action/compose&rru=addevent&startdt=2026-06-03T13%3A00%3A00-04%3A00&enddt=2026-06-03T15%3A00%3A00-04%3A00&subject=Research+Assistance HTTP/1.1" 200 None
DEBUG:root:✅ Hyperlink OK: https://outlook.live.com/calendar/0/deeplink/compose?allday=false&body=Join+us+weekly+in+the+Genealogy+Room+for+in-person+help+with+your+research.+It%E2%80%99s+a+great+chance+to+get+one-on-one+guidance%2C+ask+questions%2C+and+connect+with+others+who+share+your+passion+for+family+history.&location=2525+Oakley+Seaver+Dr%2C+Clermont%2C+FL%2C+34711%2C+United+States&path=/calendar/action/compose&rru=addevent&startdt=2026-06-03T13%3A00%3A00-04%3A00&enddt=2026-06-03T15%3A00%3A00-04%3A00&subject=Research+Assistance
DEBUG:root:Using regex pattern: \b[a-zA-Z]{3,}\b
DEBUG:root:Found 58 words to check in https://wordpress-810691-5571285.cloudwaysapps.com/events/research-assistance-2025-08-27-2025-09-03-2025-09-10-2025-09-17-2025-09-24-2025-10-01-2025-10-08-2025-10-15-2025-10-22-2025-10-29-2025-11-05-2025-11-12-2025-11-19-2025-11-26-2025-12-03-2-27-2026-06-03/ (min_length=3)
DEBUG:root:Sample words from https://wordpress-810691-5571285.cloudwaysapps.com/events/research-assistance-2025-08-27-2025-09-03-2025-09-10-2025-09-17-2025-09-24-2025-10-01-2025-10-08-2025-10-15-2025-10-22-2025-10-29-2025-11-05-2025-11-12-2025-11-19-2025-11-26-2025-12-03-2-27-2026-06-03/: ['This', 'alert', 'Skip', 'content', 'Research', 'Assistance', 'When', 'June', 'Add', 'Calendar']
DEBUG:root:Spell check results for https://wordpress-810691-5571285.cloudwaysapps.com/events/research-assistance-2025-08-27-2025-09-03-2025-09-10-2025-09-17-2025-09-24-2025-10-01-2025-10-08-2025-10-15-2025-10-22-2025-10-29-2025-11-05-2025-11-12-2025-11-19-2025-11-26-2025-12-03-2-27-2026-06-03/: 30 words checked, 28 skipped, 0 errors found
INFO:root:✅ Processed https://wordpress-810691-5571285.cloudwaysapps.com/events/research-assistance-2025-08-27-2025-09-03-2025-09-10-2025-09-17-2025-09-24-2025-10-01-2025-10-08-2025-10-15-2025-10-22-2025-10-29-2025-11-05-2025-11-12-2025-11-19-2025-11-26-2025-12-03-2-27-2026-06-03/: 0 errors found, 85 words checked
DEBUG:root:Attempting to fetch: https://wordpress-810691-5571285.cloudwaysapps.com/galleries/2014-october-presidents-hall/
Processing pages:  60%|█████▉    | 227/381 [02:09<02:59,  1.17s/it]DEBUG:urllib3.connectionpool:https://wordpress-810691-5571285.cloudwaysapps.com:443 "GET /wp-content/uploads/2025/08/2015_10_10_Open_House__12_1525086591.webp HTTP/1.1" 200 58536
DEBUG:urllib3.connectionpool:https://wordpress-810691-5571285.cloudwaysapps.com:443 "GET /galleries/2014-october-presidents-hall/ HTTP/1.1" 200 None
DEBUG:root:Successfully fetched https://wordpress-810691-5571285.cloudwaysapps.com/galleries/2014-october-presidents-hall/ (Content-Length: 91651)
DEBUG:root:✅ Image OK: https://wordpress-810691-5571285.cloudwaysapps.com/wp-content/uploads/2025/08/2015_10_10_Open_House__12_1525086591.webp
DEBUG:root:Checking internal image: https://wordpress-810691-5571285.cloudwaysapps.com/wp-content/uploads/2025/08/2015_10_10_Open_House__8_1525086556.webp
DEBUG:charset_normalizer:Encoding detection: utf_8 is most likely the one.
DEBUG:urllib3.connectionpool:Starting new HTTPS connection (1): wordpress-810691-5571285.cloudwaysapps.com:443
DEBUG:root:✅ Document OK: https://wordpress-810691-5571285.cloudwaysapps.com/wp-content/uploads/2025/08/Irish_SIG__10_Workhouses_1707507262.pdf
DEBUG:root:Checking internal document: https://wordpress-810691-5571285.cloudwaysapps.com/wp-content/uploads/2025/08/Irish_SIG__16_Landed_Estate_Court_Rentals_1707508335.pdf
DEBUG:urllib3.connectionpool:Starting new HTTPS connection (1): wordpress-810691-5571285.cloudwaysapps.com:443
DEBUG:root:Extracted 505 characters, 108 words from https://wordpress-810691-5571285.cloudwaysapps.com/galleries/2014-october-presidents-hall/
DEBUG:root:Checking internal image: https://wordpress-810691-5571285.cloudwaysapps.com/wp-content/uploads/2025/08/2014_10_09_hall_of_presidents_Clermont_fl_5_1525040089-1024x683.webp
DEBUG:urllib3.connectionpool:Starting new HTTPS connection (1): wordpress-810691-5571285.cloudwaysapps.com:443
DEBUG:urllib3.connectionpool:https://wordpress-810691-5571285.cloudwaysapps.com:443 "GET /wp-content/uploads/2025/08/2015_10_10_Open_House__8_1525086556.webp HTTP/1.1" 200 56000
DEBUG:urllib3.connectionpool:https://wordpress-810691-5571285.cloudwaysapps.com:443 "GET /wp-content/uploads/2025/08/Irish_SIG__16_Landed_Estate_Court_Rentals_1707508335.pdf HTTP/1.1" 200 737512
DEBUG:root:✅ Image OK: https://wordpress-810691-5571285.cloudwaysapps.com/wp-content/uploads/2025/08/2015_10_10_Open_House__8_1525086556.webp
DEBUG:root:Checking internal image: https://wordpress-810691-5571285.cloudwaysapps.com/wp-content/uploads/2025/08/2015_10_10_Open_House__16_1525086642.webp
DEBUG:urllib3.connectionpool:Starting new HTTPS connection (1): wordpress-810691-5571285.cloudwaysapps.com:443
DEBUG:urllib3.connectionpool:https://wordpress-810691-5571285.cloudwaysapps.com:443 "GET /wp-content/uploads/2025/08/2014_10_09_hall_of_presidents_Clermont_fl_5_1525040089-1024x683.webp HTTP/1.1" 200 101712
DEBUG:root:✅ Image OK: https://wordpress-810691-5571285.cloudwaysapps.com/wp-content/uploads/2025/08/2014_10_09_hall_of_presidents_Clermont_fl_5_1525040089-1024x683.webp
DEBUG:root:Checking internal image: https://wordpress-810691-5571285.cloudwaysapps.com/wp-content/uploads/2025/08/2014_10_09_hall_of_presidents_Clermont_fl_9_1525040223-1024x683.webp
DEBUG:urllib3.connectionpool:Starting new HTTPS connection (1): wordpress-810691-5571285.cloudwaysapps.com:443
DEBUG:urllib3.connectionpool:https://wordpress-810691-5571285.cloudwaysapps.com:443 "GET /wp-content/uploads/2025/08/2015_10_10_Open_House__16_1525086642.webp HTTP/1.1" 200 69676
DEBUG:urllib3.connectionpool:https://wordpress-810691-5571285.cloudwaysapps.com:443 "GET /wp-content/uploads/2025/08/2014_10_09_hall_of_presidents_Clermont_fl_9_1525040223-1024x683.webp HTTP/1.1" 200 95698
DEBUG:root:✅ Image OK: https://wordpress-810691-5571285.cloudwaysapps.com/wp-content/uploads/2025/08/2015_10_10_Open_House__16_1525086642.webp
DEBUG:root:Checking internal image: https://wordpress-810691-5571285.cloudwaysapps.com/wp-content/uploads/2025/08/2015_10_10_Open_House__25_1525086736.webp
DEBUG:urllib3.connectionpool:Starting new HTTPS connection (1): wordpress-810691-5571285.cloudwaysapps.com:443
DEBUG:root:✅ Image OK: https://wordpress-810691-5571285.cloudwaysapps.com/wp-content/uploads/2025/08/2014_10_09_hall_of_presidents_Clermont_fl_9_1525040223-1024x683.webp
DEBUG:root:Checking internal image: https://wordpress-810691-5571285.cloudwaysapps.com/wp-content/uploads/2025/08/2014_10_09_hall_of_presidents_Clermont_fl_14_1525040308-1024x683.webp
DEBUG:urllib3.connectionpool:Starting new HTTPS connection (1): wordpress-810691-5571285.cloudwaysapps.com:443
DEBUG:root:✅ Document OK: https://wordpress-810691-5571285.cloudwaysapps.com/wp-content/uploads/2025/08/Irish_SIG__16_Landed_Estate_Court_Rentals_1707508335.pdf
DEBUG:root:Checking internal document: https://wordpress-810691-5571285.cloudwaysapps.com/wp-content/uploads/2025/08/Irish_SIG__3_Names__Griffiths_1707338679.pdf
DEBUG:urllib3.connectionpool:Starting new HTTPS connection (1): wordpress-810691-5571285.cloudwaysapps.com:443
DEBUG:urllib3.connectionpool:https://wordpress-810691-5571285.cloudwaysapps.com:443 "GET /wp-content/uploads/2025/08/2015_10_10_Open_House__25_1525086736.webp HTTP/1.1" 200 46760
DEBUG:root:✅ Image OK: https://wordpress-810691-5571285.cloudwaysapps.com/wp-content/uploads/2025/08/2015_10_10_Open_House__25_1525086736.webp
DEBUG:urllib3.connectionpool:https://wordpress-810691-5571285.cloudwaysapps.com:443 "GET /wp-content/uploads/2025/08/2014_10_09_hall_of_presidents_Clermont_fl_14_1525040308-1024x683.webp HTTP/1.1" 200 114758
DEBUG:root:Checking internal image: https://wordpress-810691-5571285.cloudwaysapps.com/wp-content/uploads/2025/08/2015_10_10_Open_House__17_1525086652.webp
DEBUG:urllib3.connectionpool:Starting new HTTPS connection (1): wordpress-810691-5571285.cloudwaysapps.com:443
DEBUG:urllib3.connectionpool:https://familytreemagazine.com:443 "GET /best-genealogy-websites/ HTTP/1.1" 200 None
DEBUG:root:✅ Hyperlink OK: https://www.familytreemagazine.com/premium/25-best-genealogy-websites-for-beginners/
DEBUG:root:Checking external hyperlink: https://cknscratch.com/family-time/7-fabulous-family-history-games
DEBUG:urllib3.connectionpool:Starting new HTTPS connection (1): cknscratch.com:443
DEBUG:root:✅ Image OK: https://wordpress-810691-5571285.cloudwaysapps.com/wp-content/uploads/2025/08/2014_10_09_hall_of_presidents_Clermont_fl_14_1525040308-1024x683.webp
DEBUG:root:Checking internal image: https://wordpress-810691-5571285.cloudwaysapps.com/wp-content/uploads/2025/08/2014_10_09_hall_of_presidents_Clermont_fl_22_1525040688-1024x683.webp
DEBUG:urllib3.connectionpool:Starting new HTTPS connection (1): wordpress-810691-5571285.cloudwaysapps.com:443
DEBUG:urllib3.connectionpool:https://wordpress-810691-5571285.cloudwaysapps.com:443 "GET /wp-content/uploads/2025/08/Irish_SIG__3_Names__Griffiths_1707338679.pdf HTTP/1.1" 200 722453
DEBUG:urllib3.connectionpool:https://cknscratch.com:443 "GET /family-time/7-fabulous-family-history-games HTTP/1.1" 200 32881
DEBUG:urllib3.connectionpool:https://wordpress-810691-5571285.cloudwaysapps.com:443 "GET /wp-content/uploads/2025/08/2015_10_10_Open_House__17_1525086652.webp HTTP/1.1" 200 43954
DEBUG:root:✅ Hyperlink OK: https://cknscratch.com/family-time/7-fabulous-family-history-games
DEBUG:root:Checking external hyperlink: https://www.thehubpost.com/a-genealogy-guide/
DEBUG:urllib3.connectionpool:Starting new HTTPS connection (1): www.thehubpost.com:443
DEBUG:root:✅ Image OK: https://wordpress-810691-5571285.cloudwaysapps.com/wp-content/uploads/2025/08/2015_10_10_Open_House__17_1525086652.webp
DEBUG:urllib3.connectionpool:https://wordpress-810691-5571285.cloudwaysapps.com:443 "GET /wp-content/uploads/2025/08/2014_10_09_hall_of_presidents_Clermont_fl_22_1525040688-1024x683.webp HTTP/1.1" 200 114444
DEBUG:root:Checking internal image: https://wordpress-810691-5571285.cloudwaysapps.com/wp-content/uploads/2025/08/2015_10_10_Open_House__22_1525086700.webp
DEBUG:urllib3.connectionpool:Starting new HTTPS connection (1): wordpress-810691-5571285.cloudwaysapps.com:443
DEBUG:root:✅ Document OK: https://wordpress-810691-5571285.cloudwaysapps.com/wp-content/uploads/2025/08/Irish_SIG__3_Names__Griffiths_1707338679.pdf
DEBUG:root:Checking internal document: https://wordpress-810691-5571285.cloudwaysapps.com/wp-content/uploads/2025/08/Irish_SIG___4_Names__Canada_1707338911.pdf
DEBUG:urllib3.connectionpool:Starting new HTTPS connection (1): wordpress-810691-5571285.cloudwaysapps.com:443
DEBUG:root:✅ Image OK: https://wordpress-810691-5571285.cloudwaysapps.com/wp-content/uploads/2025/08/2014_10_09_hall_of_presidents_Clermont_fl_22_1525040688-1024x683.webp
DEBUG:root:Checking internal image: https://wordpress-810691-5571285.cloudwaysapps.com/wp-content/uploads/2025/08/2014_10_09_hall_of_presidents_Clermont_fl_19_1525040646-1024x683.webp
DEBUG:urllib3.connectionpool:Starting new HTTPS connection (1): wordpress-810691-5571285.cloudwaysapps.com:443
DEBUG:urllib3.connectionpool:https://wordpress-810691-5571285.cloudwaysapps.com:443 "GET /wp-content/uploads/2025/08/2015_10_10_Open_House__22_1525086700.webp HTTP/1.1" 200 45300
DEBUG:urllib3.connectionpool:https://www.thehubpost.com:443 "GET /a-genealogy-guide/ HTTP/1.1" 200 None
DEBUG:urllib3.connectionpool:https://wordpress-810691-5571285.cloudwaysapps.com:443 "GET /wp-content/uploads/2025/08/Irish_SIG___4_Names__Canada_1707338911.pdf HTTP/1.1" 200 729201
DEBUG:root:✅ Image OK: https://wordpress-810691-5571285.cloudwaysapps.com/wp-content/uploads/2025/08/2015_10_10_Open_House__22_1525086700.webp
DEBUG:root:Checking internal image: https://wordpress-810691-5571285.cloudwaysapps.com/wp-content/uploads/2025/08/2015_10_10_Open_House__24_1525086722.webp
DEBUG:urllib3.connectionpool:Starting new HTTPS connection (1): wordpress-810691-5571285.cloudwaysapps.com:443
DEBUG:urllib3.connectionpool:https://wordpress-810691-5571285.cloudwaysapps.com:443 "GET /wp-content/uploads/2025/08/2014_10_09_hall_of_presidents_Clermont_fl_19_1525040646-1024x683.webp HTTP/1.1" 200 113842
DEBUG:root:✅ Hyperlink OK: https://www.thehubpost.com/a-genealogy-guide/
DEBUG:root:Checking external hyperlink: http://www.genealogycenter.org/
DEBUG:root:✅ Image OK: https://wordpress-810691-5571285.cloudwaysapps.com/wp-content/uploads/2025/08/2014_10_09_hall_of_presidents_Clermont_fl_19_1525040646-1024x683.webp
DEBUG:root:Checking internal image: https://wordpress-810691-5571285.cloudwaysapps.com/wp-content/uploads/2025/08/2014_10_09_hall_of_presidents_Clermont_fl_23_1525040707-1024x683.webp
DEBUG:urllib3.connectionpool:Starting new HTTPS connection (1): wordpress-810691-5571285.cloudwaysapps.com:443
DEBUG:urllib3.connectionpool:Starting new HTTP connection (1): www.genealogycenter.org:80
DEBUG:root:✅ Document OK: https://wordpress-810691-5571285.cloudwaysapps.com/wp-content/uploads/2025/08/Irish_SIG___4_Names__Canada_1707338911.pdf
DEBUG:root:Checking internal document: https://wordpress-810691-5571285.cloudwaysapps.com/wp-content/uploads/2025/08/Irish_SIG___5_Northern_Ireland_1707506595.pdf
DEBUG:urllib3.connectionpool:Starting new HTTPS connection (1): wordpress-810691-5571285.cloudwaysapps.com:443
DEBUG:urllib3.connectionpool:https://wordpress-810691-5571285.cloudwaysapps.com:443 "GET /wp-content/uploads/2025/08/2015_10_10_Open_House__24_1525086722.webp HTTP/1.1" 200 44782
DEBUG:root:✅ Image OK: https://wordpress-810691-5571285.cloudwaysapps.com/wp-content/uploads/2025/08/2015_10_10_Open_House__24_1525086722.webp
DEBUG:root:Checking internal image: https://wordpress-810691-5571285.cloudwaysapps.com/wp-content/uploads/2025/08/2015_10_10_Open_House__15_1525086628.webp
DEBUG:urllib3.connectionpool:Starting new HTTPS connection (1): wordpress-810691-5571285.cloudwaysapps.com:443
DEBUG:urllib3.connectionpool:http://www.genealogycenter.org:80 "GET / HTTP/1.1" 301 240
DEBUG:urllib3.connectionpool:https://wordpress-810691-5571285.cloudwaysapps.com:443 "GET /wp-content/uploads/2025/08/2014_10_09_hall_of_presidents_Clermont_fl_23_1525040707-1024x683.webp HTTP/1.1" 200 130296
DEBUG:root:✅ Image OK: https://wordpress-810691-5571285.cloudwaysapps.com/wp-content/uploads/2025/08/2014_10_09_hall_of_presidents_Clermont_fl_23_1525040707-1024x683.webp
DEBUG:root:Checking internal image: https://wordpress-810691-5571285.cloudwaysapps.com/wp-content/uploads/2025/08/2014_10_09_hall_of_presidents_Clermont_fl_11_1525040248-1024x683.webp
DEBUG:urllib3.connectionpool:Starting new HTTPS connection (1): wordpress-810691-5571285.cloudwaysapps.com:443
DEBUG:urllib3.connectionpool:Starting new HTTPS connection (1): acpl.lib.in.us:443
DEBUG:urllib3.connectionpool:https://wordpress-810691-5571285.cloudwaysapps.com:443 "GET /wp-content/uploads/2025/08/Irish_SIG___5_Northern_Ireland_1707506595.pdf HTTP/1.1" 200 713756
DEBUG:urllib3.connectionpool:https://wordpress-810691-5571285.cloudwaysapps.com:443 "GET /wp-content/uploads/2025/08/2015_10_10_Open_House__15_1525086628.webp HTTP/1.1" 200 53132
DEBUG:root:✅ Document OK: https://pastfindersslc.org/upload/newsletters/2002_Fall_Nov.pdf
DEBUG:root:Checking external document: https://pastfindersslc.org/upload/newsletters/2002_Summer_August.pdf
DEBUG:urllib3.connectionpool:Starting new HTTPS connection (1): pastfindersslc.org:443
DEBUG:root:✅ Image OK: https://wordpress-810691-5571285.cloudwaysapps.com/wp-content/uploads/2025/08/2015_10_10_Open_House__15_1525086628.webp
DEBUG:root:Checking internal image: https://wordpress-810691-5571285.cloudwaysapps.com/wp-content/uploads/2025/08/2015_10_10_Open_House__6_1525086540.webp
DEBUG:urllib3.connectionpool:Starting new HTTPS connection (1): wordpress-810691-5571285.cloudwaysapps.com:443
DEBUG:urllib3.connectionpool:https://acpl.lib.in.us:443 "GET /genealogy HTTP/1.1" 301 0
DEBUG:urllib3.connectionpool:https://wordpress-810691-5571285.cloudwaysapps.com:443 "GET /wp-content/uploads/2025/08/2014_10_09_hall_of_presidents_Clermont_fl_11_1525040248-1024x683.webp HTTP/1.1" 200 101820
DEBUG:root:✅ Document OK: https://wordpress-810691-5571285.cloudwaysapps.com/wp-content/uploads/2025/08/Irish_SIG___5_Northern_Ireland_1707506595.pdf
DEBUG:root:Checking internal document: https://wordpress-810691-5571285.cloudwaysapps.com/wp-content/uploads/2025/08/Irish_SIG__13_Northern_Ireland_Research_1707507840.pdf
DEBUG:urllib3.connectionpool:https://pastfindersslc.org:443 "GET /upload/newsletters/2002_Summer_August.pdf HTTP/1.1" 200 6404130
DEBUG:urllib3.connectionpool:Starting new HTTPS connection (1): wordpress-810691-5571285.cloudwaysapps.com:443
DEBUG:urllib3.connectionpool:Starting new HTTPS connection (1): www.acpl.lib.in.us:443
DEBUG:root:✅ Image OK: https://wordpress-810691-5571285.cloudwaysapps.com/wp-content/uploads/2025/08/2014_10_09_hall_of_presidents_Clermont_fl_11_1525040248-1024x683.webp
DEBUG:root:Checking internal image: https://wordpress-810691-5571285.cloudwaysapps.com/wp-content/uploads/2025/08/2014_10_09_hall_of_presidents_Clermont_fl_18_1525040634-1024x683.webp
DEBUG:urllib3.connectionpool:Starting new HTTPS connection (1): wordpress-810691-5571285.cloudwaysapps.com:443
DEBUG:urllib3.connectionpool:https://wordpress-810691-5571285.cloudwaysapps.com:443 "GET /wp-content/uploads/2025/08/2015_10_10_Open_House__6_1525086540.webp HTTP/1.1" 200 33312
DEBUG:root:✅ Image OK: https://wordpress-810691-5571285.cloudwaysapps.com/wp-content/uploads/2025/08/2015_10_10_Open_House__6_1525086540.webp
DEBUG:root:Checking internal image: https://wordpress-810691-5571285.cloudwaysapps.com/wp-content/uploads/2025/08/IMG_0007_3_1566943584-732x1024.webp
DEBUG:urllib3.connectionpool:Starting new HTTPS connection (1): wordpress-810691-5571285.cloudwaysapps.com:443
DEBUG:urllib3.connectionpool:https://wordpress-810691-5571285.cloudwaysapps.com:443 "GET /wp-content/uploads/2025/08/Irish_SIG__13_Northern_Ireland_Research_1707507840.pdf HTTP/1.1" 200 766424
DEBUG:urllib3.connectionpool:https://www.acpl.lib.in.us:443 "GET /genealogy HTTP/1.1" 200 None
DEBUG:urllib3.connectionpool:https://wordpress-810691-5571285.cloudwaysapps.com:443 "GET /wp-content/uploads/2025/08/2014_10_09_hall_of_presidents_Clermont_fl_18_1525040634-1024x683.webp HTTP/1.1" 200 148556
DEBUG:root:✅ Hyperlink OK: http://www.genealogycenter.org/
DEBUG:root:Checking external hyperlink: https://www.youtube.com/watch?v=ZmbmAt5bm34
DEBUG:urllib3.connectionpool:Starting new HTTPS connection (1): www.youtube.com:443
DEBUG:urllib3.connectionpool:https://wordpress-810691-5571285.cloudwaysapps.com:443 "GET /wp-content/uploads/2025/08/IMG_0007_3_1566943584-732x1024.webp HTTP/1.1" 200 67788
DEBUG:root:✅ Image OK: https://wordpress-810691-5571285.cloudwaysapps.com/wp-content/uploads/2025/08/IMG_0007_3_1566943584-732x1024.webp
DEBUG:root:Checking internal image: https://wordpress-810691-5571285.cloudwaysapps.com/wp-content/uploads/2025/08/2015_10_10_Open_House__7_1525086548.webp
DEBUG:root:✅ Image OK: https://wordpress-810691-5571285.cloudwaysapps.com/wp-content/uploads/2025/08/2014_10_09_hall_of_presidents_Clermont_fl_18_1525040634-1024x683.webp
DEBUG:root:Checking internal image: https://wordpress-810691-5571285.cloudwaysapps.com/wp-content/uploads/2025/08/2014_12_Christmas_Dinner_35_1525041139-1024x683.webp
DEBUG:urllib3.connectionpool:Starting new HTTPS connection (1): wordpress-810691-5571285.cloudwaysapps.com:443
DEBUG:urllib3.connectionpool:Starting new HTTPS connection (1): wordpress-810691-5571285.cloudwaysapps.com:443
DEBUG:urllib3.connectionpool:https://www.youtube.com:443 "GET /watch?v=ZmbmAt5bm34 HTTP/1.1" 200 None
DEBUG:urllib3.connectionpool:https://wordpress-810691-5571285.cloudwaysapps.com:443 "GET /wp-content/uploads/2025/08/2014_12_Christmas_Dinner_35_1525041139-1024x683.webp HTTP/1.1" 200 141346
DEBUG:urllib3.connectionpool:https://wordpress-810691-5571285.cloudwaysapps.com:443 "GET /wp-content/uploads/2025/08/2015_10_10_Open_House__7_1525086548.webp HTTP/1.1" 200 35482
DEBUG:root:✅ Image OK: https://wordpress-810691-5571285.cloudwaysapps.com/wp-content/uploads/2025/08/2015_10_10_Open_House__7_1525086548.webp
DEBUG:root:Using regex pattern: \b[a-zA-Z]{3,}\b
DEBUG:root:Found 54 words to check in https://wordpress-810691-5571285.cloudwaysapps.com/galleries/2015-october-open-house/ (min_length=3)
DEBUG:root:Sample words from https://wordpress-810691-5571285.cloudwaysapps.com/galleries/2015-october-open-house/: ['This', 'alert', 'Skip', 'content', 'October', 'Open', 'House', 'images', 'Click', 'view']
DEBUG:root:Spell check results for https://wordpress-810691-5571285.cloudwaysapps.com/galleries/2015-october-open-house/: 24 words checked, 30 skipped, 0 errors found
INFO:root:✅ Processed https://wordpress-810691-5571285.cloudwaysapps.com/galleries/2015-october-open-house/: 0 errors found, 108 words checked
DEBUG:root:Attempting to fetch: https://wordpress-810691-5571285.cloudwaysapps.com/events/preserving-local-history-2026-02-25/
Processing pages:  60%|█████▉    | 228/381 [02:13<04:53,  1.92s/it]DEBUG:root:✅ Image OK: https://wordpress-810691-5571285.cloudwaysapps.com/wp-content/uploads/2025/08/2014_12_Christmas_Dinner_35_1525041139-1024x683.webp
DEBUG:root:Checking internal image: https://wordpress-810691-5571285.cloudwaysapps.com/wp-content/uploads/2025/08/2014_10_09_hall_of_presidents_Clermont_fl_16_1525040549-1024x683.webp
DEBUG:urllib3.connectionpool:Starting new HTTPS connection (1): wordpress-810691-5571285.cloudwaysapps.com:443
DEBUG:root:✅ Hyperlink OK: https://www.youtube.com/watch?v=ZmbmAt5bm34
DEBUG:root:Checking external hyperlink: https://www.youtube.com/watch?v=LG-8Y19ANCc
DEBUG:urllib3.connectionpool:Starting new HTTPS connection (1): www.youtube.com:443
DEBUG:urllib3.connectionpool:https://wordpress-810691-5571285.cloudwaysapps.com:443 "GET /wp-content/uploads/2025/08/2014_10_09_hall_of_presidents_Clermont_fl_16_1525040549-1024x683.webp HTTP/1.1" 200 133550
DEBUG:root:✅ Document OK: https://pastfindersslc.org/upload/newsletters/2002_Summer_August.pdf
DEBUG:root:Checking external document: https://pastfindersslc.org/upload/newsletters/2002_Spring__May.pdf
DEBUG:urllib3.connectionpool:https://www.youtube.com:443 "GET /watch?v=LG-8Y19ANCc HTTP/1.1" 200 None
DEBUG:urllib3.connectionpool:Starting new HTTPS connection (1): pastfindersslc.org:443
DEBUG:root:✅ Document OK: https://wordpress-810691-5571285.cloudwaysapps.com/wp-content/uploads/2025/08/Irish_SIG__13_Northern_Ireland_Research_1707507840.pdf
DEBUG:root:Checking internal document: https://wordpress-810691-5571285.cloudwaysapps.com/wp-content/uploads/2025/08/Irish_SIG__19_Parishes_and_Townlands_1707509153.pdf
DEBUG:urllib3.connectionpool:Starting new HTTPS connection (1): wordpress-810691-5571285.cloudwaysapps.com:443
DEBUG:root:✅ Image OK: https://wordpress-810691-5571285.cloudwaysapps.com/wp-content/uploads/2025/08/2014_10_09_hall_of_presidents_Clermont_fl_16_1525040549-1024x683.webp
DEBUG:root:Checking internal image: https://wordpress-810691-5571285.cloudwaysapps.com/wp-content/uploads/2025/08/2014_10_09_hall_of_presidents_Clermont_fl_10_1525040237-1024x683.webp
DEBUG:urllib3.connectionpool:Starting new HTTPS connection (1): wordpress-810691-5571285.cloudwaysapps.com:443
DEBUG:urllib3.connectionpool:https://pastfindersslc.org:443 "GET /upload/newsletters/2002_Spring__May.pdf HTTP/1.1" 200 5447975
DEBUG:urllib3.connectionpool:https://wordpress-810691-5571285.cloudwaysapps.com:443 "GET /wp-content/uploads/2025/08/Irish_SIG__19_Parishes_and_Townlands_1707509153.pdf HTTP/1.1" 200 756445
DEBUG:urllib3.connectionpool:https://wordpress-810691-5571285.cloudwaysapps.com:443 "GET /wp-content/uploads/2025/08/2014_10_09_hall_of_presidents_Clermont_fl_10_1525040237-1024x683.webp HTTP/1.1" 200 94794
DEBUG:root:✅ Hyperlink OK: https://www.youtube.com/watch?v=LG-8Y19ANCc
DEBUG:root:Checking external hyperlink: https://support.ancestry.com/s/article/Ancestry-Guest-Registration-1460088565392-2206/
DEBUG:root:✅ Image OK: https://wordpress-810691-5571285.cloudwaysapps.com/wp-content/uploads/2025/08/2014_10_09_hall_of_presidents_Clermont_fl_10_1525040237-1024x683.webp
DEBUG:root:Checking internal image: https://wordpress-810691-5571285.cloudwaysapps.com/wp-content/uploads/2025/08/2014_10_09_hall_of_presidents_Clermont_fl_20_1525040659-1024x683.webp
DEBUG:urllib3.connectionpool:Starting new HTTPS connection (1): wordpress-810691-5571285.cloudwaysapps.com:443
DEBUG:root:✅ Document OK: https://wordpress-810691-5571285.cloudwaysapps.com/wp-content/uploads/2025/08/Irish_SIG__19_Parishes_and_Townlands_1707509153.pdf
DEBUG:root:Checking internal document: https://wordpress-810691-5571285.cloudwaysapps.com/wp-content/uploads/2025/08/Irish_SIG__17_Philadelphia_1707508731.pdf
DEBUG:urllib3.connectionpool:Starting new HTTPS connection (1): wordpress-810691-5571285.cloudwaysapps.com:443
DEBUG:urllib3.connectionpool:Starting new HTTPS connection (1): support.ancestry.com:443
DEBUG:urllib3.connectionpool:https://wordpress-810691-5571285.cloudwaysapps.com:443 "GET /events/preserving-local-history-2026-02-25/ HTTP/1.1" 200 None
DEBUG:root:Successfully fetched https://wordpress-810691-5571285.cloudwaysapps.com/events/preserving-local-history-2026-02-25/ (Content-Length: 43580)
DEBUG:charset_normalizer:Encoding detection: utf_8 is most likely the one.
DEBUG:root:Extracted 447 characters, 65 words from https://wordpress-810691-5571285.cloudwaysapps.com/events/preserving-local-history-2026-02-25/
DEBUG:root:Checking external hyperlink: https://www.google.com/calendar/event?action=TEMPLATE&text=Preserving+Local+History&dates=20260225T100000/20260225T120000&details=Help+in+the+preservation+of+our+local+history+and+collections%2C+including+transcriptionists%2C+preservationists%2C+digitizers%2C+and+organization%C2%A0projects.&location=2525+Oakley+Seaver+Dr%2C+Clermont%2C+FL%2C+34711%2C+United+States&trp=false&sprop=https%3A%2F%2Fwordpress-810691-5571285.cloudwaysapps.com%2Fevents%2Fpreserving-local-history-2026-02-25%2F&sprop=name:Pastfinders&ctz=America%2FNew_York
DEBUG:urllib3.connectionpool:Starting new HTTPS connection (1): www.google.com:443
DEBUG:urllib3.connectionpool:https://wordpress-810691-5571285.cloudwaysapps.com:443 "GET /wp-content/uploads/2025/08/2014_10_09_hall_of_presidents_Clermont_fl_20_1525040659-1024x683.webp HTTP/1.1" 200 130106
DEBUG:urllib3.connectionpool:https://www.google.com:443 "GET /calendar/event?action=TEMPLATE&text=Preserving+Local+History&dates=20260225T100000/20260225T120000&details=Help+in+the+preservation+of+our+local+history+and+collections%2C+including+transcriptionists%2C+preservationists%2C+digitizers%2C+and+organization%C2%A0projects.&location=2525+Oakley+Seaver+Dr%2C+Clermont%2C+FL%2C+34711%2C+United+States&trp=false&sprop=https%3A%2F%2Fwordpress-810691-5571285.cloudwaysapps.com%2Fevents%2Fpreserving-local-history-2026-02-25%2F&sprop=name:Pastfinders&ctz=America%2FNew_York HTTP/1.1" 302 0
DEBUG:urllib3.connectionpool:Starting new HTTPS connection (1): calendar.google.com:443
DEBUG:urllib3.connectionpool:https://wordpress-810691-5571285.cloudwaysapps.com:443 "GET /wp-content/uploads/2025/08/Irish_SIG__17_Philadelphia_1707508731.pdf HTTP/1.1" 200 131552
DEBUG:root:✅ Image OK: https://wordpress-810691-5571285.cloudwaysapps.com/wp-content/uploads/2025/08/2014_10_09_hall_of_presidents_Clermont_fl_20_1525040659-1024x683.webp
DEBUG:root:Checking internal image: https://wordpress-810691-5571285.cloudwaysapps.com/wp-content/uploads/2025/08/2014_10_09_hall_of_presidents_Clermont_fl_24_1525040719-1024x683.webp
DEBUG:urllib3.connectionpool:Starting new HTTPS connection (1): wordpress-810691-5571285.cloudwaysapps.com:443
DEBUG:root:✅ Document OK: https://wordpress-810691-5571285.cloudwaysapps.com/wp-content/uploads/2025/08/Irish_SIG__17_Philadelphia_1707508731.pdf
DEBUG:root:Checking internal document: https://wordpress-810691-5571285.cloudwaysapps.com/wp-content/uploads/2025/08/Irish_SIG___7_Research_Plan_1707506936.pdf
DEBUG:urllib3.connectionpool:Starting new HTTPS connection (1): wordpress-810691-5571285.cloudwaysapps.com:443
DEBUG:urllib3.connectionpool:https://calendar.google.com:443 "GET /calendar/event?action=TEMPLATE&text=Preserving+Local+History&dates=20260225T100000/20260225T120000&details=Help+in+the+preservation+of+our+local+history+and+collections,+including+transcriptionists,+preservationists,+digitizers,+and+organization%C2%A0projects.&location=2525+Oakley+Seaver+Dr,+Clermont,+FL,+34711,+United+States&trp=false&sprop=https://wordpress-810691-5571285.cloudwaysapps.com/events/preserving-local-history-2026-02-25/&sprop=name:Pastfinders&ctz=America/New_York HTTP/1.1" 302 0
DEBUG:urllib3.connectionpool:Starting new HTTPS connection (1): accounts.google.com:443
DEBUG:urllib3.connectionpool:https://support.ancestry.com:443 "GET /s/article/Ancestry-Guest-Registration-1460088565392-2206/ HTTP/1.1" 404 None
DEBUG:urllib3.connectionpool:https://accounts.google.com:443 "GET /ServiceLogin?service=cl&passive=1209600&osid=1&continue=https://calendar.google.com/calendar/event?action%3DTEMPLATE%26text%3DPreserving%2BLocal%2BHistory%26dates%3D20260225T100000/20260225T120000%26details%3DHelp%2Bin%2Bthe%2Bpreservation%2Bof%2Bour%2Blocal%2Bhistory%2Band%2Bcollections,%2Bincluding%2Btranscriptionists,%2Bpreservationists,%2Bdigitizers,%2Band%2Borganization%25C2%25A0projects.%26location%3D2525%2BOakley%2BSeaver%2BDr,%2BClermont,%2BFL,%2B34711,%2BUnited%2BStates%26trp%3Dfalse%26sprop%3Dhttps://wordpress-810691-5571285.cloudwaysapps.com/events/preserving-local-history-2026-02-25/%26sprop%3Dname:Pastfinders%26ctz%3DAmerica/New_York&followup=https://calendar.google.com/calendar/event?action%3DTEMPLATE%26text%3DPreserving%2BLocal%2BHistory%26dates%3D20260225T100000/20260225T120000%26details%3DHelp%2Bin%2Bthe%2Bpreservation%2Bof%2Bour%2Blocal%2Bhistory%2Band%2Bcollections,%2Bincluding%2Btranscriptionists,%2Bpreservationists,%2Bdigitizers,%2Band%2Borganization%25C2%25A0projects.%26location%3D2525%2BOakley%2BSeaver%2BDr,%2BClermont,%2BFL,%2B34711,%2BUnited%2BStates%26trp%3Dfalse%26sprop%3Dhttps://wordpress-810691-5571285.cloudwaysapps.com/events/preserving-local-history-2026-02-25/%26sprop%3Dname:Pastfinders%26ctz%3DAmerica/New_York&emr=1 HTTP/1.1" 302 0
DEBUG:urllib3.connectionpool:https://wordpress-810691-5571285.cloudwaysapps.com:443 "GET /wp-content/uploads/2025/08/2014_10_09_hall_of_presidents_Clermont_fl_24_1525040719-1024x683.webp HTTP/1.1" 200 142194
DEBUG:urllib3.connectionpool:https://accounts.google.com:443 "GET /InteractiveLogin?continue=https://calendar.google.com/calendar/event?action%3DTEMPLATE%26text%3DPreserving%2BLocal%2BHistory%26dates%3D20260225T100000/20260225T120000%26details%3DHelp%2Bin%2Bthe%2Bpreservation%2Bof%2Bour%2Blocal%2Bhistory%2Band%2Bcollections,%2Bincluding%2Btranscriptionists,%2Bpreservationists,%2Bdigitizers,%2Band%2Borganization%25C2%25A0projects.%26location%3D2525%2BOakley%2BSeaver%2BDr,%2BClermont,%2BFL,%2B34711,%2BUnited%2BStates%26trp%3Dfalse%26sprop%3Dhttps://wordpress-810691-5571285.cloudwaysapps.com/events/preserving-local-history-2026-02-25/%26sprop%3Dname:Pastfinders%26ctz%3DAmerica/New_York&emr=1&followup=https://calendar.google.com/calendar/event?action%3DTEMPLATE%26text%3DPreserving%2BLocal%2BHistory%26dates%3D20260225T100000/20260225T120000%26details%3DHelp%2Bin%2Bthe%2Bpreservation%2Bof%2Bour%2Blocal%2Bhistory%2Band%2Bcollections,%2Bincluding%2Btranscriptionists,%2Bpreservationists,%2Bdigitizers,%2Band%2Borganization%25C2%25A0projects.%26location%3D2525%2BOakley%2BSeaver%2BDr,%2BClermont,%2BFL,%2B34711,%2BUnited%2BStates%26trp%3Dfalse%26sprop%3Dhttps://wordpress-810691-5571285.cloudwaysapps.com/events/preserving-local-history-2026-02-25/%26sprop%3Dname:Pastfinders%26ctz%3DAmerica/New_York&osid=1&passive=1209600&service=cl&ifkv=AdBytiPeZeIjuFP3rrsl2PZiwlbhIGcUWNKPuV6bEylt4LDuRYQMloSwFvaira0910sqT9V9xmiRJQ HTTP/1.1" 302 None
DEBUG:urllib3.connectionpool:https://wordpress-810691-5571285.cloudwaysapps.com:443 "GET /wp-content/uploads/2025/08/Irish_SIG___7_Research_Plan_1707506936.pdf HTTP/1.1" 200 731677
INFO:root:🔗  Hyperlink broken: https://support.ancestry.com/s/article/Ancestry-Guest-Registration-1460088565392-2206/ (HTTP 404) found on https://wordpress-810691-5571285.cloudwaysapps.com/resources/
DEBUG:root:Checking external hyperlink: https://support.ancestry.com/s/gettingstarted
DEBUG:urllib3.connectionpool:Starting new HTTPS connection (1): support.ancestry.com:443
DEBUG:root:✅ Image OK: https://wordpress-810691-5571285.cloudwaysapps.com/wp-content/uploads/2025/08/2014_10_09_hall_of_presidents_Clermont_fl_24_1525040719-1024x683.webp
DEBUG:root:Checking internal image: https://wordpress-810691-5571285.cloudwaysapps.com/wp-content/uploads/2025/08/2014_10_09_hall_of_presidents_Clermont_fl_26_1525040746-683x1024.webp
DEBUG:urllib3.connectionpool:Starting new HTTPS connection (1): wordpress-810691-5571285.cloudwaysapps.com:443
DEBUG:urllib3.connectionpool:https://accounts.google.com:443 "GET /v3/signin/identifier?continue=https%3A%2F%2Fcalendar.google.com%2Fcalendar%2Fevent%3Faction%3DTEMPLATE%26text%3DPreserving%2BLocal%2BHistory%26dates%3D20260225T100000%2F20260225T120000%26details%3DHelp%2Bin%2Bthe%2Bpreservation%2Bof%2Bour%2Blocal%2Bhistory%2Band%2Bcollections%2C%2Bincluding%2Btranscriptionists%2C%2Bpreservationists%2C%2Bdigitizers%2C%2Band%2Borganization%25C2%25A0projects.%26location%3D2525%2BOakley%2BSeaver%2BDr%2C%2BClermont%2C%2BFL%2C%2B34711%2C%2BUnited%2BStates%26trp%3Dfalse%26sprop%3Dhttps%3A%2F%2Fwordpress-810691-5571285.cloudwaysapps.com%2Fevents%2Fpreserving-local-history-2026-02-25%2F%26sprop%3Dname%3APastfinders%26ctz%3DAmerica%2FNew_York&emr=1&followup=https%3A%2F%2Fcalendar.google.com%2Fcalendar%2Fevent%3Faction%3DTEMPLATE%26text%3DPreserving%2BLocal%2BHistory%26dates%3D20260225T100000%2F20260225T120000%26details%3DHelp%2Bin%2Bthe%2Bpreservation%2Bof%2Bour%2Blocal%2Bhistory%2Band%2Bcollections%2C%2Bincluding%2Btranscriptionists%2C%2Bpreservationists%2C%2Bdigitizers%2C%2Band%2Borganization%25C2%25A0projects.%26location%3D2525%2BOakley%2BSeaver%2BDr%2C%2BClermont%2C%2BFL%2C%2B34711%2C%2BUnited%2BStates%26trp%3Dfalse%26sprop%3Dhttps%3A%2F%2Fwordpress-810691-5571285.cloudwaysapps.com%2Fevents%2Fpreserving-local-history-2026-02-25%2F%26sprop%3Dname%3APastfinders%26ctz%3DAmerica%2FNew_York&ifkv=AdBytiNAxwSLRplU_n2uedqzO2fJTNjOq-J0mNth-4IOMEiicHGL5RUZoJX8FvRIO6LzfA1fQN4W3Q&osid=1&passive=1209600&service=cl&flowName=WebLiteSignIn&flowEntry=ServiceLogin&dsh=S925121328%3A1756758258857182 HTTP/1.1" 200 None
DEBUG:root:✅ Hyperlink OK: https://www.google.com/calendar/event?action=TEMPLATE&text=Preserving+Local+History&dates=20260225T100000/20260225T120000&details=Help+in+the+preservation+of+our+local+history+and+collections%2C+including+transcriptionists%2C+preservationists%2C+digitizers%2C+and+organization%C2%A0projects.&location=2525+Oakley+Seaver+Dr%2C+Clermont%2C+FL%2C+34711%2C+United+States&trp=false&sprop=https%3A%2F%2Fwordpress-810691-5571285.cloudwaysapps.com%2Fevents%2Fpreserving-local-history-2026-02-25%2F&sprop=name:Pastfinders&ctz=America%2FNew_York
DEBUG:root:Checking external hyperlink: https://outlook.office.com/calendar/0/deeplink/compose?allday=false&body=Help+in+the+preservation+of+our+local+history+and+collections%2C+including+transcriptionists%2C+preservationists%2C+digitizers%2C+and+organization%C2%A0projects.&location=2525+Oakley+Seaver+Dr%2C+Clermont%2C+FL%2C+34711%2C+United+States&path=/calendar/action/compose&rru=addevent&startdt=2026-02-25T10%3A00%3A00-05%3A00&enddt=2026-02-25T12%3A00%3A00-05%3A00&subject=Preserving+Local+History
DEBUG:urllib3.connectionpool:Starting new HTTPS connection (1): outlook.office.com:443
DEBUG:root:✅ Document OK: https://wordpress-810691-5571285.cloudwaysapps.com/wp-content/uploads/2025/08/Irish_SIG___7_Research_Plan_1707506936.pdf
DEBUG:root:Checking internal document: https://wordpress-810691-5571285.cloudwaysapps.com/wp-content/uploads/2025/08/Irish_SIG__22_Research_in_Newspapers_1707509773.pdf
DEBUG:urllib3.connectionpool:Starting new HTTPS connection (1): wordpress-810691-5571285.cloudwaysapps.com:443
DEBUG:urllib3.connectionpool:https://wordpress-810691-5571285.cloudwaysapps.com:443 "GET /wp-content/uploads/2025/08/2014_10_09_hall_of_presidents_Clermont_fl_26_1525040746-683x1024.webp HTTP/1.1" 200 111516
DEBUG:urllib3.connectionpool:https://outlook.office.com:443 "GET /calendar/0/deeplink/compose?allday=false&body=Help+in+the+preservation+of+our+local+history+and+collections%2C+including+transcriptionists%2C+preservationists%2C+digitizers%2C+and+organization%C2%A0projects.&location=2525+Oakley+Seaver+Dr%2C+Clermont%2C+FL%2C+34711%2C+United+States&path=/calendar/action/compose&rru=addevent&startdt=2026-02-25T10%3A00%3A00-05%3A00&enddt=2026-02-25T12%3A00%3A00-05%3A00&subject=Preserving+Local+History HTTP/1.1" 200 None
DEBUG:root:✅ Hyperlink OK: https://outlook.office.com/calendar/0/deeplink/compose?allday=false&body=Help+in+the+preservation+of+our+local+history+and+collections%2C+including+transcriptionists%2C+preservationists%2C+digitizers%2C+and+organization%C2%A0projects.&location=2525+Oakley+Seaver+Dr%2C+Clermont%2C+FL%2C+34711%2C+United+States&path=/calendar/action/compose&rru=addevent&startdt=2026-02-25T10%3A00%3A00-05%3A00&enddt=2026-02-25T12%3A00%3A00-05%3A00&subject=Preserving+Local+History
DEBUG:root:Checking external hyperlink: https://outlook.live.com/calendar/0/deeplink/compose?allday=false&body=Help+in+the+preservation+of+our+local+history+and+collections%2C+including+transcriptionists%2C+preservationists%2C+digitizers%2C+and+organization%C2%A0projects.&location=2525+Oakley+Seaver+Dr%2C+Clermont%2C+FL%2C+34711%2C+United+States&path=/calendar/action/compose&rru=addevent&startdt=2026-02-25T10%3A00%3A00-05%3A00&enddt=2026-02-25T12%3A00%3A00-05%3A00&subject=Preserving+Local+History
DEBUG:root:✅ Image OK: https://wordpress-810691-5571285.cloudwaysapps.com/wp-content/uploads/2025/08/2014_10_09_hall_of_presidents_Clermont_fl_26_1525040746-683x1024.webp
DEBUG:root:Checking internal image: https://wordpress-810691-5571285.cloudwaysapps.com/wp-content/uploads/2025/08/2014_10_09_hall_of_presidents_Clermont_fl_1525040785-1024x683.webp
DEBUG:urllib3.connectionpool:Starting new HTTPS connection (1): wordpress-810691-5571285.cloudwaysapps.com:443
DEBUG:urllib3.connectionpool:https://support.ancestry.com:443 "GET /s/gettingstarted HTTP/1.1" 301 None
DEBUG:urllib3.connectionpool:Starting new HTTPS connection (1): outlook.live.com:443
DEBUG:urllib3.connectionpool:https://wordpress-810691-5571285.cloudwaysapps.com:443 "GET /wp-content/uploads/2025/08/Irish_SIG__22_Research_in_Newspapers_1707509773.pdf HTTP/1.1" 200 704764
DEBUG:urllib3.connectionpool:https://support.ancestry.com:443 "GET /s/article/Getting-Started-Lesson-1-Starting-Your-Tree HTTP/1.1" 301 None
DEBUG:urllib3.connectionpool:https://outlook.live.com:443 "GET /calendar/0/deeplink/compose?allday=false&body=Help+in+the+preservation+of+our+local+history+and+collections%2C+including+transcriptionists%2C+preservationists%2C+digitizers%2C+and+organization%C2%A0projects.&location=2525+Oakley+Seaver+Dr%2C+Clermont%2C+FL%2C+34711%2C+United+States&path=/calendar/action/compose&rru=addevent&startdt=2026-02-25T10%3A00%3A00-05%3A00&enddt=2026-02-25T12%3A00%3A00-05%3A00&subject=Preserving+Local+History HTTP/1.1" 200 None
DEBUG:urllib3.connectionpool:https://wordpress-810691-5571285.cloudwaysapps.com:443 "GET /wp-content/uploads/2025/08/2014_10_09_hall_of_presidents_Clermont_fl_1525040785-1024x683.webp HTTP/1.1" 200 145066
DEBUG:root:✅ Hyperlink OK: https://outlook.live.com/calendar/0/deeplink/compose?allday=false&body=Help+in+the+preservation+of+our+local+history+and+collections%2C+including+transcriptionists%2C+preservationists%2C+digitizers%2C+and+organization%C2%A0projects.&location=2525+Oakley+Seaver+Dr%2C+Clermont%2C+FL%2C+34711%2C+United+States&path=/calendar/action/compose&rru=addevent&startdt=2026-02-25T10%3A00%3A00-05%3A00&enddt=2026-02-25T12%3A00%3A00-05%3A00&subject=Preserving+Local+History
DEBUG:root:Using regex pattern: \b[a-zA-Z]{3,}\b
DEBUG:root:Found 44 words to check in https://wordpress-810691-5571285.cloudwaysapps.com/events/preserving-local-history-2026-02-25/ (min_length=3)
DEBUG:root:Sample words from https://wordpress-810691-5571285.cloudwaysapps.com/events/preserving-local-history-2026-02-25/: ['This', 'alert', 'Skip', 'content', 'Preserving', 'Local', 'History', 'When', 'February', 'Add']
DEBUG:root:Misspelled word found: 'transcriptionists' in https://wordpress-810691-5571285.cloudwaysapps.com/events/preserving-local-history-2026-02-25/
DEBUG:root:Spell check results for https://wordpress-810691-5571285.cloudwaysapps.com/events/preserving-local-history-2026-02-25/: 17 words checked, 27 skipped, 1 errors found
INFO:root:✅ Processed https://wordpress-810691-5571285.cloudwaysapps.com/events/preserving-local-history-2026-02-25/: 1 errors found, 65 words checked
DEBUG:root:Attempting to fetch: https://wordpress-810691-5571285.cloudwaysapps.com/events/family-book-creator-special-interest-group-sig-2025-12-22/
Processing pages:  60%|██████    | 229/381 [02:15<05:07,  2.02s/it]DEBUG:root:✅ Document OK: https://wordpress-810691-5571285.cloudwaysapps.com/wp-content/uploads/2025/08/Irish_SIG__22_Research_in_Newspapers_1707509773.pdf
DEBUG:root:Checking internal document: https://wordpress-810691-5571285.cloudwaysapps.com/wp-content/uploads/2025/08/Irish_SIG__18_Research_invloves_many_sources_1707508908.pdf
DEBUG:urllib3.connectionpool:Starting new HTTPS connection (1): wordpress-810691-5571285.cloudwaysapps.com:443
DEBUG:urllib3.connectionpool:https://wordpress-810691-5571285.cloudwaysapps.com:443 "GET /events/family-book-creator-special-interest-group-sig-2025-12-22/ HTTP/1.1" 200 None
DEBUG:root:Successfully fetched https://wordpress-810691-5571285.cloudwaysapps.com/events/family-book-creator-special-interest-group-sig-2025-12-22/ (Content-Length: 42527)
DEBUG:charset_normalizer:Encoding detection: utf_8 is most likely the one.
DEBUG:root:✅ Image OK: https://wordpress-810691-5571285.cloudwaysapps.com/wp-content/uploads/2025/08/2014_10_09_hall_of_presidents_Clermont_fl_1525040785-1024x683.webp
DEBUG:root:Checking internal image: https://wordpress-810691-5571285.cloudwaysapps.com/wp-content/uploads/2025/08/2014_10_09_hall_of_presidents_Clermont_fl_12_1525040259-683x1024.webp
DEBUG:urllib3.connectionpool:Starting new HTTPS connection (1): wordpress-810691-5571285.cloudwaysapps.com:443
DEBUG:root:Extracted 847 characters, 141 words from https://wordpress-810691-5571285.cloudwaysapps.com/events/family-book-creator-special-interest-group-sig-2025-12-22/
DEBUG:root:Checking external hyperlink: https://www.google.com/calendar/event?action=TEMPLATE&text=Family+Book+Creator+Special+Interest+Group+%28SIG%29&dates=20251222T190000/20251222T200000&details=This+group+grew+out+of+our+original+FBC+Study+Group%2C+a+joint+effort+between+Pastfinders+and+Kinseekers.+For+now%2C+membership+is+limited+to+participants+of+that+original+group%2C+but+we+hope+to+welcome+more+members+in+the+future.&location=&trp=false&sprop=https%3A%2F%2Fwordpress-810691-5571285.cloudwaysapps.com%2Fevents%2Ffamily-book-creator-special-interest-group-sig-2025-12-22%2F&sprop=name:Pastfinders&ctz=America%2FNew_York
DEBUG:urllib3.connectionpool:Starting new HTTPS connection (1): www.google.com:443
DEBUG:urllib3.connectionpool:https://www.google.com:443 "GET /calendar/event?action=TEMPLATE&text=Family+Book+Creator+Special+Interest+Group+%28SIG%29&dates=20251222T190000/20251222T200000&details=This+group+grew+out+of+our+original+FBC+Study+Group%2C+a+joint+effort+between+Pastfinders+and+Kinseekers.+For+now%2C+membership+is+limited+to+participants+of+that+original+group%2C+but+we+hope+to+welcome+more+members+in+the+future.&location=&trp=false&sprop=https%3A%2F%2Fwordpress-810691-5571285.cloudwaysapps.com%2Fevents%2Ffamily-book-creator-special-interest-group-sig-2025-12-22%2F&sprop=name:Pastfinders&ctz=America%2FNew_York HTTP/1.1" 302 0
DEBUG:urllib3.connectionpool:Starting new HTTPS connection (1): calendar.google.com:443
DEBUG:urllib3.connectionpool:https://wordpress-810691-5571285.cloudwaysapps.com:443 "GET /wp-content/uploads/2025/08/Irish_SIG__18_Research_invloves_many_sources_1707508908.pdf HTTP/1.1" 200 740010
DEBUG:urllib3.connectionpool:https://wordpress-810691-5571285.cloudwaysapps.com:443 "GET /wp-content/uploads/2025/08/2014_10_09_hall_of_presidents_Clermont_fl_12_1525040259-683x1024.webp HTTP/1.1" 200 108512
DEBUG:urllib3.connectionpool:https://support.ancestry.com:443 "GET /s/article/Getting-Started-Lesson-1-Starting-Your-Tree?language=en_US HTTP/1.1" 200 None
DEBUG:urllib3.connectionpool:https://calendar.google.com:443 "GET /calendar/event?action=TEMPLATE&text=Family+Book+Creator+Special+Interest+Group+(SIG)&dates=20251222T190000/20251222T200000&details=This+group+grew+out+of+our+original+FBC+Study+Group,+a+joint+effort+between+Pastfinders+and+Kinseekers.+For+now,+membership+is+limited+to+participants+of+that+original+group,+but+we+hope+to+welcome+more+members+in+the+future.&location&trp=false&sprop=https://wordpress-810691-5571285.cloudwaysapps.com/events/family-book-creator-special-interest-group-sig-2025-12-22/&sprop=name:Pastfinders&ctz=America/New_York HTTP/1.1" 302 0
DEBUG:urllib3.connectionpool:Starting new HTTPS connection (1): accounts.google.com:443
DEBUG:root:✅ Hyperlink OK: https://support.ancestry.com/s/gettingstarted
DEBUG:root:Checking external hyperlink: https://aagensoc.org/
DEBUG:urllib3.connectionpool:Starting new HTTPS connection (1): aagensoc.org:443
DEBUG:root:✅ Image OK: https://wordpress-810691-5571285.cloudwaysapps.com/wp-content/uploads/2025/08/2014_10_09_hall_of_presidents_Clermont_fl_12_1525040259-683x1024.webp
DEBUG:root:Checking internal image: https://wordpress-810691-5571285.cloudwaysapps.com/wp-content/uploads/2025/08/2014_10_09_hall_of_presidents_Clermont_fl_28_1525040771-1024x683.webp
DEBUG:urllib3.connectionpool:Starting new HTTPS connection (1): wordpress-810691-5571285.cloudwaysapps.com:443
DEBUG:root:✅ Document OK: https://wordpress-810691-5571285.cloudwaysapps.com/wp-content/uploads/2025/08/Irish_SIG__18_Research_invloves_many_sources_1707508908.pdf
DEBUG:root:Checking internal document: https://wordpress-810691-5571285.cloudwaysapps.com/wp-content/uploads/2025/08/Irish_SIG__20_Sayings_Songs_and_Food_1707509257.pptx
DEBUG:urllib3.connectionpool:Starting new HTTPS connection (1): wordpress-810691-5571285.cloudwaysapps.com:443
DEBUG:urllib3.connectionpool:https://accounts.google.com:443 "GET /ServiceLogin?service=cl&passive=1209600&osid=1&continue=https://calendar.google.com/calendar/event?action%3DTEMPLATE%26text%3DFamily%2BBook%2BCreator%2BSpecial%2BInterest%2BGroup%2B(SIG)%26dates%3D20251222T190000/20251222T200000%26details%3DThis%2Bgroup%2Bgrew%2Bout%2Bof%2Bour%2Boriginal%2BFBC%2BStudy%2BGroup,%2Ba%2Bjoint%2Beffort%2Bbetween%2BPastfinders%2Band%2BKinseekers.%2BFor%2Bnow,%2Bmembership%2Bis%2Blimited%2Bto%2Bparticipants%2Bof%2Bthat%2Boriginal%2Bgroup,%2Bbut%2Bwe%2Bhope%2Bto%2Bwelcome%2Bmore%2Bmembers%2Bin%2Bthe%2Bfuture.%26location%26trp%3Dfalse%26sprop%3Dhttps://wordpress-810691-5571285.cloudwaysapps.com/events/family-book-creator-special-interest-group-sig-2025-12-22/%26sprop%3Dname:Pastfinders%26ctz%3DAmerica/New_York&followup=https://calendar.google.com/calendar/event?action%3DTEMPLATE%26text%3DFamily%2BBook%2BCreator%2BSpecial%2BInterest%2BGroup%2B(SIG)%26dates%3D20251222T190000/20251222T200000%26details%3DThis%2Bgroup%2Bgrew%2Bout%2Bof%2Bour%2Boriginal%2BFBC%2BStudy%2BGroup,%2Ba%2Bjoint%2Beffort%2Bbetween%2BPastfinders%2Band%2BKinseekers.%2BFor%2Bnow,%2Bmembership%2Bis%2Blimited%2Bto%2Bparticipants%2Bof%2Bthat%2Boriginal%2Bgroup,%2Bbut%2Bwe%2Bhope%2Bto%2Bwelcome%2Bmore%2Bmembers%2Bin%2Bthe%2Bfuture.%26location%26trp%3Dfalse%26sprop%3Dhttps://wordpress-810691-5571285.cloudwaysapps.com/events/family-book-creator-special-interest-group-sig-2025-12-22/%26sprop%3Dname:Pastfinders%26ctz%3DAmerica/New_York&emr=1 HTTP/1.1" 302 0
DEBUG:urllib3.connectionpool:https://aagensoc.org:443 "GET / HTTP/1.1" 200 None
DEBUG:root:✅ Hyperlink OK: https://aagensoc.org/
DEBUG:root:Checking external hyperlink: https://publications.newberry.org/ahcbp/index.html
DEBUG:urllib3.connectionpool:https://accounts.google.com:443 "GET /InteractiveLogin?continue=https://calendar.google.com/calendar/event?action%3DTEMPLATE%26text%3DFamily%2BBook%2BCreator%2BSpecial%2BInterest%2BGroup%2B(SIG)%26dates%3D20251222T190000/20251222T200000%26details%3DThis%2Bgroup%2Bgrew%2Bout%2Bof%2Bour%2Boriginal%2BFBC%2BStudy%2BGroup,%2Ba%2Bjoint%2Beffort%2Bbetween%2BPastfinders%2Band%2BKinseekers.%2BFor%2Bnow,%2Bmembership%2Bis%2Blimited%2Bto%2Bparticipants%2Bof%2Bthat%2Boriginal%2Bgroup,%2Bbut%2Bwe%2Bhope%2Bto%2Bwelcome%2Bmore%2Bmembers%2Bin%2Bthe%2Bfuture.%26location%26trp%3Dfalse%26sprop%3Dhttps://wordpress-810691-5571285.cloudwaysapps.com/events/family-book-creator-special-interest-group-sig-2025-12-22/%26sprop%3Dname:Pastfinders%26ctz%3DAmerica/New_York&emr=1&followup=https://calendar.google.com/calendar/event?action%3DTEMPLATE%26text%3DFamily%2BBook%2BCreator%2BSpecial%2BInterest%2BGroup%2B(SIG)%26dates%3D20251222T190000/20251222T200000%26details%3DThis%2Bgroup%2Bgrew%2Bout%2Bof%2Bour%2Boriginal%2BFBC%2BStudy%2BGroup,%2Ba%2Bjoint%2Beffort%2Bbetween%2BPastfinders%2Band%2BKinseekers.%2BFor%2Bnow,%2Bmembership%2Bis%2Blimited%2Bto%2Bparticipants%2Bof%2Bthat%2Boriginal%2Bgroup,%2Bbut%2Bwe%2Bhope%2Bto%2Bwelcome%2Bmore%2Bmembers%2Bin%2Bthe%2Bfuture.%26location%26trp%3Dfalse%26sprop%3Dhttps://wordpress-810691-5571285.cloudwaysapps.com/events/family-book-creator-special-interest-group-sig-2025-12-22/%26sprop%3Dname:Pastfinders%26ctz%3DAmerica/New_York&osid=1&passive=1209600&service=cl&ifkv=AdBytiPpCTg_sAHUe0SS7sU-3x9bKBji3LQ9p5GuxH8fAnzKJw9Oi3PX3UHWHuaUmN8BgSEwGGkY HTTP/1.1" 302 None
DEBUG:urllib3.connectionpool:https://wordpress-810691-5571285.cloudwaysapps.com:443 "GET /wp-content/uploads/2025/08/2014_10_09_hall_of_presidents_Clermont_fl_28_1525040771-1024x683.webp HTTP/1.1" 200 103730
DEBUG:urllib3.connectionpool:Starting new HTTPS connection (1): publications.newberry.org:443
DEBUG:urllib3.connectionpool:https://accounts.google.com:443 "GET /v3/signin/identifier?continue=https%3A%2F%2Fcalendar.google.com%2Fcalendar%2Fevent%3Faction%3DTEMPLATE%26text%3DFamily%2BBook%2BCreator%2BSpecial%2BInterest%2BGroup%2B%28SIG%29%26dates%3D20251222T190000%2F20251222T200000%26details%3DThis%2Bgroup%2Bgrew%2Bout%2Bof%2Bour%2Boriginal%2BFBC%2BStudy%2BGroup%2C%2Ba%2Bjoint%2Beffort%2Bbetween%2BPastfinders%2Band%2BKinseekers.%2BFor%2Bnow%2C%2Bmembership%2Bis%2Blimited%2Bto%2Bparticipants%2Bof%2Bthat%2Boriginal%2Bgroup%2C%2Bbut%2Bwe%2Bhope%2Bto%2Bwelcome%2Bmore%2Bmembers%2Bin%2Bthe%2Bfuture.%26location%26trp%3Dfalse%26sprop%3Dhttps%3A%2F%2Fwordpress-810691-5571285.cloudwaysapps.com%2Fevents%2Ffamily-book-creator-special-interest-group-sig-2025-12-22%2F%26sprop%3Dname%3APastfinders%26ctz%3DAmerica%2FNew_York&emr=1&followup=https%3A%2F%2Fcalendar.google.com%2Fcalendar%2Fevent%3Faction%3DTEMPLATE%26text%3DFamily%2BBook%2BCreator%2BSpecial%2BInterest%2BGroup%2B%28SIG%29%26dates%3D20251222T190000%2F20251222T200000%26details%3DThis%2Bgroup%2Bgrew%2Bout%2Bof%2Bour%2Boriginal%2BFBC%2BStudy%2BGroup%2C%2Ba%2Bjoint%2Beffort%2Bbetween%2BPastfinders%2Band%2BKinseekers.%2BFor%2Bnow%2C%2Bmembership%2Bis%2Blimited%2Bto%2Bparticipants%2Bof%2Bthat%2Boriginal%2Bgroup%2C%2Bbut%2Bwe%2Bhope%2Bto%2Bwelcome%2Bmore%2Bmembers%2Bin%2Bthe%2Bfuture.%26location%26trp%3Dfalse%26sprop%3Dhttps%3A%2F%2Fwordpress-810691-5571285.cloudwaysapps.com%2Fevents%2Ffamily-book-creator-special-interest-group-sig-2025-12-22%2F%26sprop%3Dname%3APastfinders%26ctz%3DAmerica%2FNew_York&ifkv=AdBytiPUdJ1ZCagxS-GFOkP0uQLSczTsdk6txKj-pIvDI5HD6PxlWi7rmjgKrlml_sZxbtNMqNMkAw&osid=1&passive=1209600&service=cl&flowName=WebLiteSignIn&flowEntry=ServiceLogin&dsh=S-1324010846%3A1756758260384419 HTTP/1.1" 200 None
DEBUG:root:✅ Image OK: https://wordpress-810691-5571285.cloudwaysapps.com/wp-content/uploads/2025/08/2014_10_09_hall_of_presidents_Clermont_fl_28_1525040771-1024x683.webp
DEBUG:root:Checking internal image: https://wordpress-810691-5571285.cloudwaysapps.com/wp-content/uploads/2025/08/2014_10_09_hall_of_presidents_Clermont_fl_15_1525040322-1024x683.webp
DEBUG:urllib3.connectionpool:Starting new HTTPS connection (1): wordpress-810691-5571285.cloudwaysapps.com:443
DEBUG:root:✅ Hyperlink OK: https://www.google.com/calendar/event?action=TEMPLATE&text=Family+Book+Creator+Special+Interest+Group+%28SIG%29&dates=20251222T190000/20251222T200000&details=This+group+grew+out+of+our+original+FBC+Study+Group%2C+a+joint+effort+between+Pastfinders+and+Kinseekers.+For+now%2C+membership+is+limited+to+participants+of+that+original+group%2C+but+we+hope+to+welcome+more+members+in+the+future.&location=&trp=false&sprop=https%3A%2F%2Fwordpress-810691-5571285.cloudwaysapps.com%2Fevents%2Ffamily-book-creator-special-interest-group-sig-2025-12-22%2F&sprop=name:Pastfinders&ctz=America%2FNew_York
DEBUG:root:Checking external hyperlink: https://outlook.office.com/calendar/0/deeplink/compose?allday=false&body=This+group+grew+out+of+our+original+FBC+Study+Group%2C+a+joint+effort+between+Pastfinders+and+Kinseekers.+For+now%2C+membership+is+limited+to+participants+of+that+original+group%2C+but+we+hope+to+welcome+more+members+in+the+future.&location=&path=/calendar/action/compose&rru=addevent&startdt=2025-12-22T19%3A00%3A00-05%3A00&enddt=2025-12-22T20%3A00%3A00-05%3A00&subject=Family+Book+Creator+Special+Interest+Group+%28SIG%29
DEBUG:urllib3.connectionpool:Starting new HTTPS connection (1): outlook.office.com:443
DEBUG:urllib3.connectionpool:https://wordpress-810691-5571285.cloudwaysapps.com:443 "GET /wp-content/uploads/2025/08/Irish_SIG__20_Sayings_Songs_and_Food_1707509257.pptx HTTP/1.1" 200 1367933
DEBUG:urllib3.connectionpool:https://wordpress-810691-5571285.cloudwaysapps.com:443 "GET /wp-content/uploads/2025/08/2014_10_09_hall_of_presidents_Clermont_fl_15_1525040322-1024x683.webp HTTP/1.1" 200 128500
DEBUG:urllib3.connectionpool:https://publications.newberry.org:443 "GET /ahcbp/index.html HTTP/1.1" 200 152
DEBUG:root:✅ Hyperlink OK: https://publications.newberry.org/ahcbp/index.html
DEBUG:root:Checking external hyperlink: https://sites.google.com/site/wheatonsurname/beginners-guide-to-genetic-genealogy
DEBUG:urllib3.connectionpool:https://outlook.office.com:443 "GET /calendar/0/deeplink/compose?allday=false&body=This+group+grew+out+of+our+original+FBC+Study+Group%2C+a+joint+effort+between+Pastfinders+and+Kinseekers.+For+now%2C+membership+is+limited+to+participants+of+that+original+group%2C+but+we+hope+to+welcome+more+members+in+the+future.&location=&path=/calendar/action/compose&rru=addevent&startdt=2025-12-22T19%3A00%3A00-05%3A00&enddt=2025-12-22T20%3A00%3A00-05%3A00&subject=Family+Book+Creator+Special+Interest+Group+%28SIG%29 HTTP/1.1" 200 None
DEBUG:root:✅ Hyperlink OK: https://outlook.office.com/calendar/0/deeplink/compose?allday=false&body=This+group+grew+out+of+our+original+FBC+Study+Group%2C+a+joint+effort+between+Pastfinders+and+Kinseekers.+For+now%2C+membership+is+limited+to+participants+of+that+original+group%2C+but+we+hope+to+welcome+more+members+in+the+future.&location=&path=/calendar/action/compose&rru=addevent&startdt=2025-12-22T19%3A00%3A00-05%3A00&enddt=2025-12-22T20%3A00%3A00-05%3A00&subject=Family+Book+Creator+Special+Interest+Group+%28SIG%29
DEBUG:root:Checking external hyperlink: https://outlook.live.com/calendar/0/deeplink/compose?allday=false&body=This+group+grew+out+of+our+original+FBC+Study+Group%2C+a+joint+effort+between+Pastfinders+and+Kinseekers.+For+now%2C+membership+is+limited+to+participants+of+that+original+group%2C+but+we+hope+to+welcome+more+members+in+the+future.&location=&path=/calendar/action/compose&rru=addevent&startdt=2025-12-22T19%3A00%3A00-05%3A00&enddt=2025-12-22T20%3A00%3A00-05%3A00&subject=Family+Book+Creator+Special+Interest+Group+%28SIG%29
DEBUG:urllib3.connectionpool:Starting new HTTPS connection (1): outlook.live.com:443
DEBUG:urllib3.connectionpool:Starting new HTTPS connection (1): sites.google.com:443
DEBUG:root:✅ Document OK: https://wordpress-810691-5571285.cloudwaysapps.com/wp-content/uploads/2025/08/Irish_SIG__20_Sayings_Songs_and_Food_1707509257.pptx
DEBUG:root:Checking internal document: https://wordpress-810691-5571285.cloudwaysapps.com/wp-content/uploads/2025/08/Irish_SIG__21_The_Fighting_Irish_1707509395.pdf
DEBUG:urllib3.connectionpool:Starting new HTTPS connection (1): wordpress-810691-5571285.cloudwaysapps.com:443
DEBUG:root:✅ Image OK: https://wordpress-810691-5571285.cloudwaysapps.com/wp-content/uploads/2025/08/2014_10_09_hall_of_presidents_Clermont_fl_15_1525040322-1024x683.webp
DEBUG:root:Checking internal image: https://wordpress-810691-5571285.cloudwaysapps.com/wp-content/uploads/2025/08/2014_12_Christmas_Dinner_36_1525041125-683x1024.webp
DEBUG:urllib3.connectionpool:Starting new HTTPS connection (1): wordpress-810691-5571285.cloudwaysapps.com:443
DEBUG:urllib3.connectionpool:https://sites.google.com:443 "GET /site/wheatonsurname/beginners-guide-to-genetic-genealogy HTTP/1.1" 302 0
DEBUG:urllib3.connectionpool:Starting new HTTPS connection (1): accounts.google.com:443
DEBUG:urllib3.connectionpool:https://outlook.live.com:443 "GET /calendar/0/deeplink/compose?allday=false&body=This+group+grew+out+of+our+original+FBC+Study+Group%2C+a+joint+effort+between+Pastfinders+and+Kinseekers.+For+now%2C+membership+is+limited+to+participants+of+that+original+group%2C+but+we+hope+to+welcome+more+members+in+the+future.&location=&path=/calendar/action/compose&rru=addevent&startdt=2025-12-22T19%3A00%3A00-05%3A00&enddt=2025-12-22T20%3A00%3A00-05%3A00&subject=Family+Book+Creator+Special+Interest+Group+%28SIG%29 HTTP/1.1" 200 None
DEBUG:root:✅ Hyperlink OK: https://outlook.live.com/calendar/0/deeplink/compose?allday=false&body=This+group+grew+out+of+our+original+FBC+Study+Group%2C+a+joint+effort+between+Pastfinders+and+Kinseekers.+For+now%2C+membership+is+limited+to+participants+of+that+original+group%2C+but+we+hope+to+welcome+more+members+in+the+future.&location=&path=/calendar/action/compose&rru=addevent&startdt=2025-12-22T19%3A00%3A00-05%3A00&enddt=2025-12-22T20%3A00%3A00-05%3A00&subject=Family+Book+Creator+Special+Interest+Group+%28SIG%29
DEBUG:root:Using regex pattern: \b[a-zA-Z]{3,}\b
DEBUG:root:Found 109 words to check in https://wordpress-810691-5571285.cloudwaysapps.com/events/family-book-creator-special-interest-group-sig-2025-12-22/ (min_length=3)
DEBUG:root:Sample words from https://wordpress-810691-5571285.cloudwaysapps.com/events/family-book-creator-special-interest-group-sig-2025-12-22/: ['This', 'alert', 'Skip', 'content', 'Family', 'Book', 'Creator', 'Special', 'Interest', 'Group']
DEBUG:root:Spell check results for https://wordpress-810691-5571285.cloudwaysapps.com/events/family-book-creator-special-interest-group-sig-2025-12-22/: 62 words checked, 47 skipped, 0 errors found
INFO:root:✅ Processed https://wordpress-810691-5571285.cloudwaysapps.com/events/family-book-creator-special-interest-group-sig-2025-12-22/: 0 errors found, 141 words checked
DEBUG:root:Attempting to fetch: https://wordpress-810691-5571285.cloudwaysapps.com/events/research-assistance-2025-08-27/
Processing pages:  60%|██████    | 230/381 [02:16<04:41,  1.86s/it]DEBUG:root:✅ Document OK: https://pastfindersslc.org/upload/newsletters/2002_Spring__May.pdf
DEBUG:root:Checking external document: https://pastfindersslc.org/upload/newsletters/2002_Winter_February.pdf
DEBUG:urllib3.connectionpool:Starting new HTTPS connection (1): pastfindersslc.org:443
DEBUG:urllib3.connectionpool:https://wordpress-810691-5571285.cloudwaysapps.com:443 "GET /events/research-assistance-2025-08-27/ HTTP/1.1" 200 None
DEBUG:urllib3.connectionpool:https://wordpress-810691-5571285.cloudwaysapps.com:443 "GET /wp-content/uploads/2025/08/Irish_SIG__21_The_Fighting_Irish_1707509395.pdf HTTP/1.1" 200 725603
DEBUG:root:Successfully fetched https://wordpress-810691-5571285.cloudwaysapps.com/events/research-assistance-2025-08-27/ (Content-Length: 42005)
DEBUG:urllib3.connectionpool:https://wordpress-810691-5571285.cloudwaysapps.com:443 "GET /wp-content/uploads/2025/08/2014_12_Christmas_Dinner_36_1525041125-683x1024.webp HTTP/1.1" 200 80144
DEBUG:charset_normalizer:Encoding detection: utf_8 is most likely the one.
DEBUG:urllib3.connectionpool:https://accounts.google.com:443 "GET /ServiceLogin?passive=1209600&osid=1&continue=https://sites.google.com/site/wheatonsurname/beginners-guide-to-genetic-genealogy&followup=https://sites.google.com/site/wheatonsurname/beginners-guide-to-genetic-genealogy HTTP/1.1" 302 0
DEBUG:root:✅ Image OK: https://wordpress-810691-5571285.cloudwaysapps.com/wp-content/uploads/2025/08/2014_12_Christmas_Dinner_36_1525041125-683x1024.webp
DEBUG:root:Checking internal image: https://wordpress-810691-5571285.cloudwaysapps.com/wp-content/uploads/2025/08/2014_10_09_hall_of_presidents_Clermont_fl_8_1525040208-1024x683.webp
DEBUG:root:Extracted 490 characters, 85 words from https://wordpress-810691-5571285.cloudwaysapps.com/events/research-assistance-2025-08-27/
DEBUG:root:Checking external hyperlink: https://www.google.com/calendar/event?action=TEMPLATE&text=Research+Assistance&dates=20250827T130000/20250827T150000&details=Join+us+weekly+in+the+Genealogy+Room+for+in-person+help+with+your+research.+It%E2%80%99s+a+great+chance+to+get+one-on-one+guidance%2C+ask+questions%2C+and+connect+with+others+who+share+your+passion+for+family+history.&location=2525+Oakley+Seaver+Dr%2C+Clermont%2C+FL%2C+34711%2C+United+States&trp=false&sprop=https%3A%2F%2Fwordpress-810691-5571285.cloudwaysapps.com%2Fevents%2Fresearch-assistance-2025-08-27%2F&sprop=name:Pastfinders&ctz=America%2FNew_York
DEBUG:urllib3.connectionpool:Starting new HTTPS connection (1): wordpress-810691-5571285.cloudwaysapps.com:443
DEBUG:urllib3.connectionpool:Starting new HTTPS connection (1): www.google.com:443
DEBUG:urllib3.connectionpool:https://pastfindersslc.org:443 "GET /upload/newsletters/2002_Winter_February.pdf HTTP/1.1" 200 7920027
DEBUG:urllib3.connectionpool:https://accounts.google.com:443 "GET /InteractiveLogin?continue=https://sites.google.com/site/wheatonsurname/beginners-guide-to-genetic-genealogy&followup=https://sites.google.com/site/wheatonsurname/beginners-guide-to-genetic-genealogy&osid=1&passive=1209600&ifkv=AdBytiNiRC9ht7Er5tlXszkKR5dpkbxHNEliyMJHpmI3geVkgBaGCKgUjV7lA79x5SGb4RWwIz_o HTTP/1.1" 302 None
DEBUG:urllib3.connectionpool:https://www.google.com:443 "GET /calendar/event?action=TEMPLATE&text=Research+Assistance&dates=20250827T130000/20250827T150000&details=Join+us+weekly+in+the+Genealogy+Room+for+in-person+help+with+your+research.+It%E2%80%99s+a+great+chance+to+get+one-on-one+guidance%2C+ask+questions%2C+and+connect+with+others+who+share+your+passion+for+family+history.&location=2525+Oakley+Seaver+Dr%2C+Clermont%2C+FL%2C+34711%2C+United+States&trp=false&sprop=https%3A%2F%2Fwordpress-810691-5571285.cloudwaysapps.com%2Fevents%2Fresearch-assistance-2025-08-27%2F&sprop=name:Pastfinders&ctz=America%2FNew_York HTTP/1.1" 302 0
DEBUG:urllib3.connectionpool:Starting new HTTPS connection (1): calendar.google.com:443
DEBUG:urllib3.connectionpool:https://accounts.google.com:443 "GET /v3/signin/identifier?continue=https%3A%2F%2Fsites.google.com%2Fsite%2Fwheatonsurname%2Fbeginners-guide-to-genetic-genealogy&followup=https%3A%2F%2Fsites.google.com%2Fsite%2Fwheatonsurname%2Fbeginners-guide-to-genetic-genealogy&ifkv=AdBytiNJLsGsSVZOjgwA3Uxp_SC9lMiKIPjYDQy709XlSIq2hEeh7_A534qMKO3N1dqBkL3ld-r5&osid=1&passive=1209600&flowName=WebLiteSignIn&flowEntry=ServiceLogin&dsh=S187542605%3A1756758261223444 HTTP/1.1" 200 None
DEBUG:root:✅ Hyperlink OK: https://sites.google.com/site/wheatonsurname/beginners-guide-to-genetic-genealogy
DEBUG:root:Checking external hyperlink: https://www.consumersadvocate.org/dna-testing
DEBUG:root:✅ Document OK: https://wordpress-810691-5571285.cloudwaysapps.com/wp-content/uploads/2025/08/Irish_SIG__21_The_Fighting_Irish_1707509395.pdf
DEBUG:root:Checking internal document: https://wordpress-810691-5571285.cloudwaysapps.com/wp-content/uploads/2025/08/Irish_SIG___6_Three_Tools_on_Line_1707506834.pdf
DEBUG:urllib3.connectionpool:Starting new HTTPS connection (1): wordpress-810691-5571285.cloudwaysapps.com:443
DEBUG:urllib3.connectionpool:https://wordpress-810691-5571285.cloudwaysapps.com:443 "GET /wp-content/uploads/2025/08/2014_10_09_hall_of_presidents_Clermont_fl_8_1525040208-1024x683.webp HTTP/1.1" 200 95730
DEBUG:urllib3.connectionpool:https://calendar.google.com:443 "GET /calendar/event?action=TEMPLATE&text=Research+Assistance&dates=20250827T130000/20250827T150000&details=Join+us+weekly+in+the+Genealogy+Room+for+in-person+help+with+your+research.+It%E2%80%99s+a+great+chance+to+get+one-on-one+guidance,+ask+questions,+and+connect+with+others+who+share+your+passion+for+family+history.&location=2525+Oakley+Seaver+Dr,+Clermont,+FL,+34711,+United+States&trp=false&sprop=https://wordpress-810691-5571285.cloudwaysapps.com/events/research-assistance-2025-08-27/&sprop=name:Pastfinders&ctz=America/New_York HTTP/1.1" 302 0
DEBUG:urllib3.connectionpool:Starting new HTTPS connection (1): accounts.google.com:443
DEBUG:urllib3.connectionpool:Starting new HTTPS connection (1): www.consumersadvocate.org:443
DEBUG:root:✅ Image OK: https://wordpress-810691-5571285.cloudwaysapps.com/wp-content/uploads/2025/08/2014_10_09_hall_of_presidents_Clermont_fl_8_1525040208-1024x683.webp
DEBUG:root:Checking internal image: https://wordpress-810691-5571285.cloudwaysapps.com/wp-content/uploads/2025/08/2014_12_Christmas_Dinner_34_1525041155-1024x683.webp
DEBUG:urllib3.connectionpool:Starting new HTTPS connection (1): wordpress-810691-5571285.cloudwaysapps.com:443
DEBUG:urllib3.connectionpool:https://accounts.google.com:443 "GET /ServiceLogin?service=cl&passive=1209600&osid=1&continue=https://calendar.google.com/calendar/event?action%3DTEMPLATE%26text%3DResearch%2BAssistance%26dates%3D20250827T130000/20250827T150000%26details%3DJoin%2Bus%2Bweekly%2Bin%2Bthe%2BGenealogy%2BRoom%2Bfor%2Bin-person%2Bhelp%2Bwith%2Byour%2Bresearch.%2BIt%25E2%2580%2599s%2Ba%2Bgreat%2Bchance%2Bto%2Bget%2Bone-on-one%2Bguidance,%2Bask%2Bquestions,%2Band%2Bconnect%2Bwith%2Bothers%2Bwho%2Bshare%2Byour%2Bpassion%2Bfor%2Bfamily%2Bhistory.%26location%3D2525%2BOakley%2BSeaver%2BDr,%2BClermont,%2BFL,%2B34711,%2BUnited%2BStates%26trp%3Dfalse%26sprop%3Dhttps://wordpress-810691-5571285.cloudwaysapps.com/events/research-assistance-2025-08-27/%26sprop%3Dname:Pastfinders%26ctz%3DAmerica/New_York&followup=https://calendar.google.com/calendar/event?action%3DTEMPLATE%26text%3DResearch%2BAssistance%26dates%3D20250827T130000/20250827T150000%26details%3DJoin%2Bus%2Bweekly%2Bin%2Bthe%2BGenealogy%2BRoom%2Bfor%2Bin-person%2Bhelp%2Bwith%2Byour%2Bresearch.%2BIt%25E2%2580%2599s%2Ba%2Bgreat%2Bchance%2Bto%2Bget%2Bone-on-one%2Bguidance,%2Bask%2Bquestions,%2Band%2Bconnect%2Bwith%2Bothers%2Bwho%2Bshare%2Byour%2Bpassion%2Bfor%2Bfamily%2Bhistory.%26location%3D2525%2BOakley%2BSeaver%2BDr,%2BClermont,%2BFL,%2B34711,%2BUnited%2BStates%26trp%3Dfalse%26sprop%3Dhttps://wordpress-810691-5571285.cloudwaysapps.com/events/research-assistance-2025-08-27/%26sprop%3Dname:Pastfinders%26ctz%3DAmerica/New_York&emr=1 HTTP/1.1" 302 0
DEBUG:urllib3.connectionpool:https://wordpress-810691-5571285.cloudwaysapps.com:443 "GET /wp-content/uploads/2025/08/Irish_SIG___6_Three_Tools_on_Line_1707506834.pdf HTTP/1.1" 200 698820
DEBUG:urllib3.connectionpool:https://accounts.google.com:443 "GET /InteractiveLogin?continue=https://calendar.google.com/calendar/event?action%3DTEMPLATE%26text%3DResearch%2BAssistance%26dates%3D20250827T130000/20250827T150000%26details%3DJoin%2Bus%2Bweekly%2Bin%2Bthe%2BGenealogy%2BRoom%2Bfor%2Bin-person%2Bhelp%2Bwith%2Byour%2Bresearch.%2BIt%25E2%2580%2599s%2Ba%2Bgreat%2Bchance%2Bto%2Bget%2Bone-on-one%2Bguidance,%2Bask%2Bquestions,%2Band%2Bconnect%2Bwith%2Bothers%2Bwho%2Bshare%2Byour%2Bpassion%2Bfor%2Bfamily%2Bhistory.%26location%3D2525%2BOakley%2BSeaver%2BDr,%2BClermont,%2BFL,%2B34711,%2BUnited%2BStates%26trp%3Dfalse%26sprop%3Dhttps://wordpress-810691-5571285.cloudwaysapps.com/events/research-assistance-2025-08-27/%26sprop%3Dname:Pastfinders%26ctz%3DAmerica/New_York&emr=1&followup=https://calendar.google.com/calendar/event?action%3DTEMPLATE%26text%3DResearch%2BAssistance%26dates%3D20250827T130000/20250827T150000%26details%3DJoin%2Bus%2Bweekly%2Bin%2Bthe%2BGenealogy%2BRoom%2Bfor%2Bin-person%2Bhelp%2Bwith%2Byour%2Bresearch.%2BIt%25E2%2580%2599s%2Ba%2Bgreat%2Bchance%2Bto%2Bget%2Bone-on-one%2Bguidance,%2Bask%2Bquestions,%2Band%2Bconnect%2Bwith%2Bothers%2Bwho%2Bshare%2Byour%2Bpassion%2Bfor%2Bfamily%2Bhistory.%26location%3D2525%2BOakley%2BSeaver%2BDr,%2BClermont,%2BFL,%2B34711,%2BUnited%2BStates%26trp%3Dfalse%26sprop%3Dhttps://wordpress-810691-5571285.cloudwaysapps.com/events/research-assistance-2025-08-27/%26sprop%3Dname:Pastfinders%26ctz%3DAmerica/New_York&osid=1&passive=1209600&service=cl&ifkv=AdBytiMhQZz-3VAbJpjkeP5Dz22PQQCtUrE1zrS17cCCiVKGhZrKuRozInlMtFYNg4nef0AVkm2btA HTTP/1.1" 302 None
DEBUG:urllib3.connectionpool:https://wordpress-810691-5571285.cloudwaysapps.com:443 "GET /wp-content/uploads/2025/08/2014_12_Christmas_Dinner_34_1525041155-1024x683.webp HTTP/1.1" 200 114628
DEBUG:urllib3.connectionpool:https://accounts.google.com:443 "GET /v3/signin/identifier?continue=https%3A%2F%2Fcalendar.google.com%2Fcalendar%2Fevent%3Faction%3DTEMPLATE%26text%3DResearch%2BAssistance%26dates%3D20250827T130000%2F20250827T150000%26details%3DJoin%2Bus%2Bweekly%2Bin%2Bthe%2BGenealogy%2BRoom%2Bfor%2Bin-person%2Bhelp%2Bwith%2Byour%2Bresearch.%2BIt%25E2%2580%2599s%2Ba%2Bgreat%2Bchance%2Bto%2Bget%2Bone-on-one%2Bguidance%2C%2Bask%2Bquestions%2C%2Band%2Bconnect%2Bwith%2Bothers%2Bwho%2Bshare%2Byour%2Bpassion%2Bfor%2Bfamily%2Bhistory.%26location%3D2525%2BOakley%2BSeaver%2BDr%2C%2BClermont%2C%2BFL%2C%2B34711%2C%2BUnited%2BStates%26trp%3Dfalse%26sprop%3Dhttps%3A%2F%2Fwordpress-810691-5571285.cloudwaysapps.com%2Fevents%2Fresearch-assistance-2025-08-27%2F%26sprop%3Dname%3APastfinders%26ctz%3DAmerica%2FNew_York&emr=1&followup=https%3A%2F%2Fcalendar.google.com%2Fcalendar%2Fevent%3Faction%3DTEMPLATE%26text%3DResearch%2BAssistance%26dates%3D20250827T130000%2F20250827T150000%26details%3DJoin%2Bus%2Bweekly%2Bin%2Bthe%2BGenealogy%2BRoom%2Bfor%2Bin-person%2Bhelp%2Bwith%2Byour%2Bresearch.%2BIt%25E2%2580%2599s%2Ba%2Bgreat%2Bchance%2Bto%2Bget%2Bone-on-one%2Bguidance%2C%2Bask%2Bquestions%2C%2Band%2Bconnect%2Bwith%2Bothers%2Bwho%2Bshare%2Byour%2Bpassion%2Bfor%2Bfamily%2Bhistory.%26location%3D2525%2BOakley%2BSeaver%2BDr%2C%2BClermont%2C%2BFL%2C%2B34711%2C%2BUnited%2BStates%26trp%3Dfalse%26sprop%3Dhttps%3A%2F%2Fwordpress-810691-5571285.cloudwaysapps.com%2Fevents%2Fresearch-assistance-2025-08-27%2F%26sprop%3Dname%3APastfinders%26ctz%3DAmerica%2FNew_York&ifkv=AdBytiMqHQNql8zkv7Qtxuc8XqnqmA0SGHuRSrRQY3GlgrIRHaPz0iyxJldMoMnA59C3uIxw_WFtUA&osid=1&passive=1209600&service=cl&flowName=WebLiteSignIn&flowEntry=ServiceLogin&dsh=S119513746%3A1756758261673321 HTTP/1.1" 200 None
DEBUG:root:✅ Image OK: https://wordpress-810691-5571285.cloudwaysapps.com/wp-content/uploads/2025/08/2014_12_Christmas_Dinner_34_1525041155-1024x683.webp
DEBUG:root:Using regex pattern: \b[a-zA-Z]{3,}\b
DEBUG:root:Found 54 words to check in https://wordpress-810691-5571285.cloudwaysapps.com/galleries/2014-october-presidents-hall/ (min_length=3)
DEBUG:root:Sample words from https://wordpress-810691-5571285.cloudwaysapps.com/galleries/2014-october-presidents-hall/: ['This', 'alert', 'Skip', 'content', 'October', 'Presidents', 'Hall', 'images', 'Click', 'view']
DEBUG:root:Spell check results for https://wordpress-810691-5571285.cloudwaysapps.com/galleries/2014-october-presidents-hall/: 24 words checked, 30 skipped, 0 errors found
INFO:root:✅ Processed https://wordpress-810691-5571285.cloudwaysapps.com/galleries/2014-october-presidents-hall/: 0 errors found, 108 words checked
DEBUG:root:Attempting to fetch: https://wordpress-810691-5571285.cloudwaysapps.com/events/preserving-local-history-2026-06-17/
Processing pages:  61%|██████    | 231/381 [02:17<03:51,  1.55s/it]DEBUG:root:✅ Document OK: https://pastfindersslc.org/upload/newsletters/2002_Winter_February.pdf
DEBUG:root:Checking external document: https://pastfindersslc.org/upload/newsletters/2001_Fall_November.pdf
DEBUG:urllib3.connectionpool:Starting new HTTPS connection (1): pastfindersslc.org:443
DEBUG:urllib3.connectionpool:https://wordpress-810691-5571285.cloudwaysapps.com:443 "GET /events/preserving-local-history-2026-06-17/ HTTP/1.1" 200 None
DEBUG:root:Successfully fetched https://wordpress-810691-5571285.cloudwaysapps.com/events/preserving-local-history-2026-06-17/ (Content-Length: 43608)
DEBUG:charset_normalizer:Encoding detection: utf_8 is most likely the one.
DEBUG:root:Extracted 443 characters, 65 words from https://wordpress-810691-5571285.cloudwaysapps.com/events/preserving-local-history-2026-06-17/
DEBUG:root:Checking external hyperlink: https://www.google.com/calendar/event?action=TEMPLATE&text=Preserving+Local+History&dates=20260617T100000/20260617T120000&details=Help+in+the+preservation+of+our+local+history+and+collections%2C+including+transcriptionists%2C+preservationists%2C+digitizers%2C+and+organization%C2%A0projects.&location=2525+Oakley+Seaver+Dr%2C+Clermont%2C+FL%2C+34711%2C+United+States&trp=false&sprop=https%3A%2F%2Fwordpress-810691-5571285.cloudwaysapps.com%2Fevents%2Fpreserving-local-history-2026-06-17%2F&sprop=name:Pastfinders&ctz=America%2FNew_York
DEBUG:root:✅ Document OK: https://wordpress-810691-5571285.cloudwaysapps.com/wp-content/uploads/2025/08/Irish_SIG___6_Three_Tools_on_Line_1707506834.pdf
DEBUG:root:Using regex pattern: \b[a-zA-Z]{3,}\b
DEBUG:root:Found 481 words to check in https://wordpress-810691-5571285.cloudwaysapps.com/members-only/irish-special-interest-group/ (min_length=3)
DEBUG:root:Sample words from https://wordpress-810691-5571285.cloudwaysapps.com/members-only/irish-special-interest-group/: ['This', 'alert', 'Skip', 'content', 'Irish', 'Special', 'Interest', 'Group', 'Peter', 'Stauder']
DEBUG:root:Misspelled word found: 'townlands' in https://wordpress-810691-5571285.cloudwaysapps.com/members-only/irish-special-interest-group/
DEBUG:root:Spell check results for https://wordpress-810691-5571285.cloudwaysapps.com/members-only/irish-special-interest-group/: 309 words checked, 172 skipped, 1 errors found
INFO:root:✅ Processed https://wordpress-810691-5571285.cloudwaysapps.com/members-only/irish-special-interest-group/: 1 errors found, 641 words checked
DEBUG:root:Attempting to fetch: https://wordpress-810691-5571285.cloudwaysapps.com/resources/national-archives/
Processing pages:  61%|██████    | 232/381 [02:17<02:46,  1.11s/it]DEBUG:urllib3.connectionpool:Starting new HTTPS connection (1): www.google.com:443
DEBUG:root:✅ Hyperlink OK: https://www.google.com/calendar/event?action=TEMPLATE&text=Research+Assistance&dates=20250827T130000/20250827T150000&details=Join+us+weekly+in+the+Genealogy+Room+for+in-person+help+with+your+research.+It%E2%80%99s+a+great+chance+to+get+one-on-one+guidance%2C+ask+questions%2C+and+connect+with+others+who+share+your+passion+for+family+history.&location=2525+Oakley+Seaver+Dr%2C+Clermont%2C+FL%2C+34711%2C+United+States&trp=false&sprop=https%3A%2F%2Fwordpress-810691-5571285.cloudwaysapps.com%2Fevents%2Fresearch-assistance-2025-08-27%2F&sprop=name:Pastfinders&ctz=America%2FNew_York
DEBUG:root:Checking external hyperlink: https://outlook.office.com/calendar/0/deeplink/compose?allday=false&body=Join+us+weekly+in+the+Genealogy+Room+for+in-person+help+with+your+research.+It%E2%80%99s+a+great+chance+to+get+one-on-one+guidance%2C+ask+questions%2C+and+connect+with+others+who+share+your+passion+for+family+history.&location=2525+Oakley+Seaver+Dr%2C+Clermont%2C+FL%2C+34711%2C+United+States&path=/calendar/action/compose&rru=addevent&startdt=2025-08-27T13%3A00%3A00-04%3A00&enddt=2025-08-27T15%3A00%3A00-04%3A00&subject=Research+Assistance
DEBUG:urllib3.connectionpool:Starting new HTTPS connection (1): outlook.office.com:443
DEBUG:urllib3.connectionpool:https://pastfindersslc.org:443 "GET /upload/newsletters/2001_Fall_November.pdf HTTP/1.1" 200 7267444
DEBUG:urllib3.connectionpool:https://wordpress-810691-5571285.cloudwaysapps.com:443 "GET /resources/national-archives/ HTTP/1.1" 200 None
DEBUG:root:Successfully fetched https://wordpress-810691-5571285.cloudwaysapps.com/resources/national-archives/ (Content-Length: 38654)
DEBUG:charset_normalizer:Encoding detection: utf_8 is most likely the one.
DEBUG:root:Extracted 573 characters, 88 words from https://wordpress-810691-5571285.cloudwaysapps.com/resources/national-archives/
DEBUG:root:Using regex pattern: \b[a-zA-Z]{3,}\b
DEBUG:root:Found 71 words to check in https://wordpress-810691-5571285.cloudwaysapps.com/resources/national-archives/ (min_length=3)
DEBUG:root:Sample words from https://wordpress-810691-5571285.cloudwaysapps.com/resources/national-archives/: ['This', 'alert', 'Skip', 'content', 'National', 'Archives', 'June', 'The', 'National', 'Archives']
DEBUG:root:Spell check results for https://wordpress-810691-5571285.cloudwaysapps.com/resources/national-archives/: 46 words checked, 25 skipped, 0 errors found
INFO:root:✅ Processed https://wordpress-810691-5571285.cloudwaysapps.com/resources/national-archives/: 0 errors found, 88 words checked
DEBUG:root:Attempting to fetch: https://wordpress-810691-5571285.cloudwaysapps.com/member-benefits/
DEBUG:urllib3.connectionpool:https://www.google.com:443 "GET /calendar/event?action=TEMPLATE&text=Preserving+Local+History&dates=20260617T100000/20260617T120000&details=Help+in+the+preservation+of+our+local+history+and+collections%2C+including+transcriptionists%2C+preservationists%2C+digitizers%2C+and+organization%C2%A0projects.&location=2525+Oakley+Seaver+Dr%2C+Clermont%2C+FL%2C+34711%2C+United+States&trp=false&sprop=https%3A%2F%2Fwordpress-810691-5571285.cloudwaysapps.com%2Fevents%2Fpreserving-local-history-2026-06-17%2F&sprop=name:Pastfinders&ctz=America%2FNew_York HTTP/1.1" 302 0
DEBUG:urllib3.connectionpool:Starting new HTTPS connection (1): calendar.google.com:443
DEBUG:urllib3.connectionpool:https://www.consumersadvocate.org:443 "GET /dna-testing HTTP/1.1" 200 None
DEBUG:urllib3.connectionpool:https://wordpress-810691-5571285.cloudwaysapps.com:443 "GET /member-benefits/ HTTP/1.1" 200 None
DEBUG:root:Successfully fetched https://wordpress-810691-5571285.cloudwaysapps.com/member-benefits/ (Content-Length: 41121)
DEBUG:charset_normalizer:Encoding detection: utf_8 is most likely the one.
DEBUG:root:Extracted 1604 characters, 258 words from https://wordpress-810691-5571285.cloudwaysapps.com/member-benefits/
DEBUG:root:Using regex pattern: \b[a-zA-Z]{3,}\b
DEBUG:root:Found 211 words to check in https://wordpress-810691-5571285.cloudwaysapps.com/member-benefits/ (min_length=3)
DEBUG:root:Sample words from https://wordpress-810691-5571285.cloudwaysapps.com/member-benefits/: ['This', 'alert', 'Skip', 'content', 'Member', 'Benefits', 'One', 'One', 'Research', 'Assistance']
DEBUG:root:Spell check results for https://wordpress-810691-5571285.cloudwaysapps.com/member-benefits/: 161 words checked, 50 skipped, 0 errors found
INFO:root:✅ Processed https://wordpress-810691-5571285.cloudwaysapps.com/member-benefits/: 0 errors found, 258 words checked
DEBUG:root:Attempting to fetch: https://wordpress-810691-5571285.cloudwaysapps.com/resources/the-treasure-coast-genealogical-society/
Processing pages:  61%|██████▏   | 234/381 [02:17<01:34,  1.56it/s]DEBUG:root:✅ Hyperlink OK: https://www.consumersadvocate.org/dna-testing
DEBUG:root:Using regex pattern: \b[a-zA-Z]{3,}\b
DEBUG:root:Found 768 words to check in https://wordpress-810691-5571285.cloudwaysapps.com/resources/ (min_length=3)
DEBUG:root:Sample words from https://wordpress-810691-5571285.cloudwaysapps.com/resources/: ['This', 'alert', 'Skip', 'content', 'Helpful', 'Links', 'you', 'have', 'good', 'site']
DEBUG:root:Misspelled word found: 'tos' in https://wordpress-810691-5571285.cloudwaysapps.com/resources/
DEBUG:root:Skipped email/domain fragment: 'com'
DEBUG:root:Skipped email/domain fragment: 'com'
DEBUG:root:Skipped email/domain fragment: 'ancestry'
DEBUG:root:Skipped email/domain fragment: 'org'
DEBUG:root:Spell check results for https://wordpress-810691-5571285.cloudwaysapps.com/resources/: 553 words checked, 215 skipped, 1 errors found
INFO:root:✅ Processed https://wordpress-810691-5571285.cloudwaysapps.com/resources/: 1 errors found, 988 words checked
DEBUG:root:Attempting to fetch: https://wordpress-810691-5571285.cloudwaysapps.com/events/irish-special-interest-group-sig-2025-12-15/
DEBUG:urllib3.connectionpool:https://wordpress-810691-5571285.cloudwaysapps.com:443 "GET /resources/the-treasure-coast-genealogical-society/ HTTP/1.1" 200 None
DEBUG:root:Successfully fetched https://wordpress-810691-5571285.cloudwaysapps.com/resources/the-treasure-coast-genealogical-society/ (Content-Length: 38890)
DEBUG:charset_normalizer:Encoding detection: utf_8 is most likely the one.
DEBUG:root:Extracted 558 characters, 90 words from https://wordpress-810691-5571285.cloudwaysapps.com/resources/the-treasure-coast-genealogical-society/
DEBUG:urllib3.connectionpool:https://calendar.google.com:443 "GET /calendar/event?action=TEMPLATE&text=Preserving+Local+History&dates=20260617T100000/20260617T120000&details=Help+in+the+preservation+of+our+local+history+and+collections,+including+transcriptionists,+preservationists,+digitizers,+and+organization%C2%A0projects.&location=2525+Oakley+Seaver+Dr,+Clermont,+FL,+34711,+United+States&trp=false&sprop=https://wordpress-810691-5571285.cloudwaysapps.com/events/preserving-local-history-2026-06-17/&sprop=name:Pastfinders&ctz=America/New_York HTTP/1.1" 302 0
DEBUG:urllib3.connectionpool:https://outlook.office.com:443 "GET /calendar/0/deeplink/compose?allday=false&body=Join+us+weekly+in+the+Genealogy+Room+for+in-person+help+with+your+research.+It%E2%80%99s+a+great+chance+to+get+one-on-one+guidance%2C+ask+questions%2C+and+connect+with+others+who+share+your+passion+for+family+history.&location=2525+Oakley+Seaver+Dr%2C+Clermont%2C+FL%2C+34711%2C+United+States&path=/calendar/action/compose&rru=addevent&startdt=2025-08-27T13%3A00%3A00-04%3A00&enddt=2025-08-27T15%3A00%3A00-04%3A00&subject=Research+Assistance HTTP/1.1" 200 None
DEBUG:root:Using regex pattern: \b[a-zA-Z]{3,}\b
DEBUG:root:Found 71 words to check in https://wordpress-810691-5571285.cloudwaysapps.com/resources/the-treasure-coast-genealogical-society/ (min_length=3)
DEBUG:root:Sample words from https://wordpress-810691-5571285.cloudwaysapps.com/resources/the-treasure-coast-genealogical-society/: ['This', 'alert', 'Skip', 'content', 'The', 'Treasure', 'Coast', 'Genealogical', 'Society', 'March']
DEBUG:root:Spell check results for https://wordpress-810691-5571285.cloudwaysapps.com/resources/the-treasure-coast-genealogical-society/: 38 words checked, 33 skipped, 0 errors found
INFO:root:✅ Processed https://wordpress-810691-5571285.cloudwaysapps.com/resources/the-treasure-coast-genealogical-society/: 0 errors found, 90 words checked
DEBUG:root:Attempting to fetch: https://wordpress-810691-5571285.cloudwaysapps.com/events/research-assistance-2025-08-27-2025-09-03-2025-09-10-2025-09-17-2025-09-24-2025-10-01-2025-10-08-2025-10-15-2025-10-22-2025-10-29-2025-11-05-2025-11-12-2025-11-19-2025-11-26-2025-12-03-2-17-2025-12-24/
Processing pages:  62%|██████▏   | 236/381 [02:18<00:58,  2.46it/s]DEBUG:root:✅ Hyperlink OK: https://outlook.office.com/calendar/0/deeplink/compose?allday=false&body=Join+us+weekly+in+the+Genealogy+Room+for+in-person+help+with+your+research.+It%E2%80%99s+a+great+chance+to+get+one-on-one+guidance%2C+ask+questions%2C+and+connect+with+others+who+share+your+passion+for+family+history.&location=2525+Oakley+Seaver+Dr%2C+Clermont%2C+FL%2C+34711%2C+United+States&path=/calendar/action/compose&rru=addevent&startdt=2025-08-27T13%3A00%3A00-04%3A00&enddt=2025-08-27T15%3A00%3A00-04%3A00&subject=Research+Assistance
DEBUG:root:Checking external hyperlink: https://outlook.live.com/calendar/0/deeplink/compose?allday=false&body=Join+us+weekly+in+the+Genealogy+Room+for+in-person+help+with+your+research.+It%E2%80%99s+a+great+chance+to+get+one-on-one+guidance%2C+ask+questions%2C+and+connect+with+others+who+share+your+passion+for+family+history.&location=2525+Oakley+Seaver+Dr%2C+Clermont%2C+FL%2C+34711%2C+United+States&path=/calendar/action/compose&rru=addevent&startdt=2025-08-27T13%3A00%3A00-04%3A00&enddt=2025-08-27T15%3A00%3A00-04%3A00&subject=Research+Assistance
DEBUG:urllib3.connectionpool:Starting new HTTPS connection (1): outlook.live.com:443
DEBUG:urllib3.connectionpool:Starting new HTTPS connection (1): accounts.google.com:443
DEBUG:urllib3.connectionpool:https://accounts.google.com:443 "GET /ServiceLogin?service=cl&passive=1209600&osid=1&continue=https://calendar.google.com/calendar/event?action%3DTEMPLATE%26text%3DPreserving%2BLocal%2BHistory%26dates%3D20260617T100000/20260617T120000%26details%3DHelp%2Bin%2Bthe%2Bpreservation%2Bof%2Bour%2Blocal%2Bhistory%2Band%2Bcollections,%2Bincluding%2Btranscriptionists,%2Bpreservationists,%2Bdigitizers,%2Band%2Borganization%25C2%25A0projects.%26location%3D2525%2BOakley%2BSeaver%2BDr,%2BClermont,%2BFL,%2B34711,%2BUnited%2BStates%26trp%3Dfalse%26sprop%3Dhttps://wordpress-810691-5571285.cloudwaysapps.com/events/preserving-local-history-2026-06-17/%26sprop%3Dname:Pastfinders%26ctz%3DAmerica/New_York&followup=https://calendar.google.com/calendar/event?action%3DTEMPLATE%26text%3DPreserving%2BLocal%2BHistory%26dates%3D20260617T100000/20260617T120000%26details%3DHelp%2Bin%2Bthe%2Bpreservation%2Bof%2Bour%2Blocal%2Bhistory%2Band%2Bcollections,%2Bincluding%2Btranscriptionists,%2Bpreservationists,%2Bdigitizers,%2Band%2Borganization%25C2%25A0projects.%26location%3D2525%2BOakley%2BSeaver%2BDr,%2BClermont,%2BFL,%2B34711,%2BUnited%2BStates%26trp%3Dfalse%26sprop%3Dhttps://wordpress-810691-5571285.cloudwaysapps.com/events/preserving-local-history-2026-06-17/%26sprop%3Dname:Pastfinders%26ctz%3DAmerica/New_York&emr=1 HTTP/1.1" 302 0
DEBUG:urllib3.connectionpool:https://outlook.live.com:443 "GET /calendar/0/deeplink/compose?allday=false&body=Join+us+weekly+in+the+Genealogy+Room+for+in-person+help+with+your+research.+It%E2%80%99s+a+great+chance+to+get+one-on-one+guidance%2C+ask+questions%2C+and+connect+with+others+who+share+your+passion+for+family+history.&location=2525+Oakley+Seaver+Dr%2C+Clermont%2C+FL%2C+34711%2C+United+States&path=/calendar/action/compose&rru=addevent&startdt=2025-08-27T13%3A00%3A00-04%3A00&enddt=2025-08-27T15%3A00%3A00-04%3A00&subject=Research+Assistance HTTP/1.1" 200 None
DEBUG:root:✅ Hyperlink OK: https://outlook.live.com/calendar/0/deeplink/compose?allday=false&body=Join+us+weekly+in+the+Genealogy+Room+for+in-person+help+with+your+research.+It%E2%80%99s+a+great+chance+to+get+one-on-one+guidance%2C+ask+questions%2C+and+connect+with+others+who+share+your+passion+for+family+history.&location=2525+Oakley+Seaver+Dr%2C+Clermont%2C+FL%2C+34711%2C+United+States&path=/calendar/action/compose&rru=addevent&startdt=2025-08-27T13%3A00%3A00-04%3A00&enddt=2025-08-27T15%3A00%3A00-04%3A00&subject=Research+Assistance
DEBUG:root:Using regex pattern: \b[a-zA-Z]{3,}\b
DEBUG:root:Found 58 words to check in https://wordpress-810691-5571285.cloudwaysapps.com/events/research-assistance-2025-08-27/ (min_length=3)
DEBUG:root:Sample words from https://wordpress-810691-5571285.cloudwaysapps.com/events/research-assistance-2025-08-27/: ['This', 'alert', 'Skip', 'content', 'Research', 'Assistance', 'When', 'August', 'Add', 'Calendar']
DEBUG:root:Spell check results for https://wordpress-810691-5571285.cloudwaysapps.com/events/research-assistance-2025-08-27/: 30 words checked, 28 skipped, 0 errors found
INFO:root:✅ Processed https://wordpress-810691-5571285.cloudwaysapps.com/events/research-assistance-2025-08-27/: 0 errors found, 85 words checked
DEBUG:root:Attempting to fetch: https://wordpress-810691-5571285.cloudwaysapps.com/events/research-assistance-2025-08-27-2025-09-03-2025-09-10-2025-09-17-2025-09-24-2025-10-01-2025-10-08-2025-10-15-2025-10-22-2025-10-29-2025-11-05-2025-11-12-2025-11-19-2025-11-26-2025-12-03-2-11-2026-03-18/
DEBUG:urllib3.connectionpool:https://accounts.google.com:443 "GET /InteractiveLogin?continue=https://calendar.google.com/calendar/event?action%3DTEMPLATE%26text%3DPreserving%2BLocal%2BHistory%26dates%3D20260617T100000/20260617T120000%26details%3DHelp%2Bin%2Bthe%2Bpreservation%2Bof%2Bour%2Blocal%2Bhistory%2Band%2Bcollections,%2Bincluding%2Btranscriptionists,%2Bpreservationists,%2Bdigitizers,%2Band%2Borganization%25C2%25A0projects.%26location%3D2525%2BOakley%2BSeaver%2BDr,%2BClermont,%2BFL,%2B34711,%2BUnited%2BStates%26trp%3Dfalse%26sprop%3Dhttps://wordpress-810691-5571285.cloudwaysapps.com/events/preserving-local-history-2026-06-17/%26sprop%3Dname:Pastfinders%26ctz%3DAmerica/New_York&emr=1&followup=https://calendar.google.com/calendar/event?action%3DTEMPLATE%26text%3DPreserving%2BLocal%2BHistory%26dates%3D20260617T100000/20260617T120000%26details%3DHelp%2Bin%2Bthe%2Bpreservation%2Bof%2Bour%2Blocal%2Bhistory%2Band%2Bcollections,%2Bincluding%2Btranscriptionists,%2Bpreservationists,%2Bdigitizers,%2Band%2Borganization%25C2%25A0projects.%26location%3D2525%2BOakley%2BSeaver%2BDr,%2BClermont,%2BFL,%2B34711,%2BUnited%2BStates%26trp%3Dfalse%26sprop%3Dhttps://wordpress-810691-5571285.cloudwaysapps.com/events/preserving-local-history-2026-06-17/%26sprop%3Dname:Pastfinders%26ctz%3DAmerica/New_York&osid=1&passive=1209600&service=cl&ifkv=AdBytiMiBSAKEFIE1iDiIihd-YAbOXscWzUEDcWJV8eEl7OrOahXFPpG1xM6e6Cxj0NThKNf6ewMLQ HTTP/1.1" 302 None
DEBUG:urllib3.connectionpool:https://accounts.google.com:443 "GET /v3/signin/identifier?continue=https%3A%2F%2Fcalendar.google.com%2Fcalendar%2Fevent%3Faction%3DTEMPLATE%26text%3DPreserving%2BLocal%2BHistory%26dates%3D20260617T100000%2F20260617T120000%26details%3DHelp%2Bin%2Bthe%2Bpreservation%2Bof%2Bour%2Blocal%2Bhistory%2Band%2Bcollections%2C%2Bincluding%2Btranscriptionists%2C%2Bpreservationists%2C%2Bdigitizers%2C%2Band%2Borganization%25C2%25A0projects.%26location%3D2525%2BOakley%2BSeaver%2BDr%2C%2BClermont%2C%2BFL%2C%2B34711%2C%2BUnited%2BStates%26trp%3Dfalse%26sprop%3Dhttps%3A%2F%2Fwordpress-810691-5571285.cloudwaysapps.com%2Fevents%2Fpreserving-local-history-2026-06-17%2F%26sprop%3Dname%3APastfinders%26ctz%3DAmerica%2FNew_York&emr=1&followup=https%3A%2F%2Fcalendar.google.com%2Fcalendar%2Fevent%3Faction%3DTEMPLATE%26text%3DPreserving%2BLocal%2BHistory%26dates%3D20260617T100000%2F20260617T120000%26details%3DHelp%2Bin%2Bthe%2Bpreservation%2Bof%2Bour%2Blocal%2Bhistory%2Band%2Bcollections%2C%2Bincluding%2Btranscriptionists%2C%2Bpreservationists%2C%2Bdigitizers%2C%2Band%2Borganization%25C2%25A0projects.%26location%3D2525%2BOakley%2BSeaver%2BDr%2C%2BClermont%2C%2BFL%2C%2B34711%2C%2BUnited%2BStates%26trp%3Dfalse%26sprop%3Dhttps%3A%2F%2Fwordpress-810691-5571285.cloudwaysapps.com%2Fevents%2Fpreserving-local-history-2026-06-17%2F%26sprop%3Dname%3APastfinders%26ctz%3DAmerica%2FNew_York&ifkv=AdBytiOPlks6IHE4dEfqIwNsUBh0FOko8zXHJC7Oj04g10lkYvtkBFf_sGZ8q5I37occ7PDE6RU13Q&osid=1&passive=1209600&service=cl&flowName=WebLiteSignIn&flowEntry=ServiceLogin&dsh=S439602702%3A1756758262414429 HTTP/1.1" 200 None
DEBUG:urllib3.connectionpool:https://wordpress-810691-5571285.cloudwaysapps.com:443 "GET /events/research-assistance-2025-08-27-2025-09-03-2025-09-10-2025-09-17-2025-09-24-2025-10-01-2025-10-08-2025-10-15-2025-10-22-2025-10-29-2025-11-05-2025-11-12-2025-11-19-2025-11-26-2025-12-03-2-17-2025-12-24/ HTTP/1.1" 200 None
DEBUG:root:Successfully fetched https://wordpress-810691-5571285.cloudwaysapps.com/events/research-assistance-2025-08-27-2025-09-03-2025-09-10-2025-09-17-2025-09-24-2025-10-01-2025-10-08-2025-10-15-2025-10-22-2025-10-29-2025-11-05-2025-11-12-2025-11-19-2025-11-26-2025-12-03-2-17-2025-12-24/ (Content-Length: 44217)
DEBUG:urllib3.connectionpool:https://wordpress-810691-5571285.cloudwaysapps.com:443 "GET /events/research-assistance-2025-08-27-2025-09-03-2025-09-10-2025-09-17-2025-09-24-2025-10-01-2025-10-08-2025-10-15-2025-10-22-2025-10-29-2025-11-05-2025-11-12-2025-11-19-2025-11-26-2025-12-03-2-11-2026-03-18/ HTTP/1.1" 200 None
DEBUG:charset_normalizer:Encoding detection: utf_8 is most likely the one.
DEBUG:root:Successfully fetched https://wordpress-810691-5571285.cloudwaysapps.com/events/research-assistance-2025-08-27-2025-09-03-2025-09-10-2025-09-17-2025-09-24-2025-10-01-2025-10-08-2025-10-15-2025-10-22-2025-10-29-2025-11-05-2025-11-12-2025-11-19-2025-11-26-2025-12-03-2-11-2026-03-18/ (Content-Length: 44213)
DEBUG:charset_normalizer:Encoding detection: utf_8 is most likely the one.
DEBUG:root:Extracted 489 characters, 85 words from https://wordpress-810691-5571285.cloudwaysapps.com/events/research-assistance-2025-08-27-2025-09-03-2025-09-10-2025-09-17-2025-09-24-2025-10-01-2025-10-08-2025-10-15-2025-10-22-2025-10-29-2025-11-05-2025-11-12-2025-11-19-2025-11-26-2025-12-03-2-11-2026-03-18/
DEBUG:root:Checking external hyperlink: https://www.google.com/calendar/event?action=TEMPLATE&text=Research+Assistance&dates=20260318T130000/20260318T150000&details=Join+us+weekly+in+the+Genealogy+Room+for+in-person+help+with+your+research.+It%E2%80%99s+a+great+chance+to+get+one-on-one+guidance%2C+ask+questions%2C+and+connect+with+others+who+share+your+passion+for+family+history.&location=2525+Oakley+Seaver+Dr%2C+Clermont%2C+FL%2C+34711%2C+United+States&trp=false&sprop=https%3A%2F%2Fwordpress-810691-5571285.cloudwaysapps.com%2Fevents%2Fresearch-assistance-2025-08-27-2025-09-03-2025-09-10-2025-09-17-2025-09-24-2025-10-01-2025-10-08-2025-10-15-2025-10-22-2025-10-29-2025-11-05-2025-11-12-2025-11-19-2025-11-26-2025-12-03-2-11-2026-03-18%2F&sprop=name:Pastfinders&ctz=America%2FNew_York
DEBUG:root:Extracted 492 characters, 85 words from https://wordpress-810691-5571285.cloudwaysapps.com/events/research-assistance-2025-08-27-2025-09-03-2025-09-10-2025-09-17-2025-09-24-2025-10-01-2025-10-08-2025-10-15-2025-10-22-2025-10-29-2025-11-05-2025-11-12-2025-11-19-2025-11-26-2025-12-03-2-17-2025-12-24/
DEBUG:root:Checking external hyperlink: https://www.google.com/calendar/event?action=TEMPLATE&text=Research+Assistance&dates=20251224T130000/20251224T150000&details=Join+us+weekly+in+the+Genealogy+Room+for+in-person+help+with+your+research.+It%E2%80%99s+a+great+chance+to+get+one-on-one+guidance%2C+ask+questions%2C+and+connect+with+others+who+share+your+passion+for+family+history.&location=2525+Oakley+Seaver+Dr%2C+Clermont%2C+FL%2C+34711%2C+United+States&trp=false&sprop=https%3A%2F%2Fwordpress-810691-5571285.cloudwaysapps.com%2Fevents%2Fresearch-assistance-2025-08-27-2025-09-03-2025-09-10-2025-09-17-2025-09-24-2025-10-01-2025-10-08-2025-10-15-2025-10-22-2025-10-29-2025-11-05-2025-11-12-2025-11-19-2025-11-26-2025-12-03-2-17-2025-12-24%2F&sprop=name:Pastfinders&ctz=America%2FNew_York
DEBUG:urllib3.connectionpool:Starting new HTTPS connection (1): www.google.com:443
DEBUG:urllib3.connectionpool:Starting new HTTPS connection (1): www.google.com:443
DEBUG:root:✅ Hyperlink OK: https://www.google.com/calendar/event?action=TEMPLATE&text=Preserving+Local+History&dates=20260617T100000/20260617T120000&details=Help+in+the+preservation+of+our+local+history+and+collections%2C+including+transcriptionists%2C+preservationists%2C+digitizers%2C+and+organization%C2%A0projects.&location=2525+Oakley+Seaver+Dr%2C+Clermont%2C+FL%2C+34711%2C+United+States&trp=false&sprop=https%3A%2F%2Fwordpress-810691-5571285.cloudwaysapps.com%2Fevents%2Fpreserving-local-history-2026-06-17%2F&sprop=name:Pastfinders&ctz=America%2FNew_York
DEBUG:root:Checking external hyperlink: https://outlook.office.com/calendar/0/deeplink/compose?allday=false&body=Help+in+the+preservation+of+our+local+history+and+collections%2C+including+transcriptionists%2C+preservationists%2C+digitizers%2C+and+organization%C2%A0projects.&location=2525+Oakley+Seaver+Dr%2C+Clermont%2C+FL%2C+34711%2C+United+States&path=/calendar/action/compose&rru=addevent&startdt=2026-06-17T10%3A00%3A00-04%3A00&enddt=2026-06-17T12%3A00%3A00-04%3A00&subject=Preserving+Local+History
DEBUG:urllib3.connectionpool:Starting new HTTPS connection (1): outlook.office.com:443
DEBUG:urllib3.connectionpool:https://www.google.com:443 "GET /calendar/event?action=TEMPLATE&text=Research+Assistance&dates=20251224T130000/20251224T150000&details=Join+us+weekly+in+the+Genealogy+Room+for+in-person+help+with+your+research.+It%E2%80%99s+a+great+chance+to+get+one-on-one+guidance%2C+ask+questions%2C+and+connect+with+others+who+share+your+passion+for+family+history.&location=2525+Oakley+Seaver+Dr%2C+Clermont%2C+FL%2C+34711%2C+United+States&trp=false&sprop=https%3A%2F%2Fwordpress-810691-5571285.cloudwaysapps.com%2Fevents%2Fresearch-assistance-2025-08-27-2025-09-03-2025-09-10-2025-09-17-2025-09-24-2025-10-01-2025-10-08-2025-10-15-2025-10-22-2025-10-29-2025-11-05-2025-11-12-2025-11-19-2025-11-26-2025-12-03-2-17-2025-12-24%2F&sprop=name:Pastfinders&ctz=America%2FNew_York HTTP/1.1" 302 0
DEBUG:urllib3.connectionpool:https://www.google.com:443 "GET /calendar/event?action=TEMPLATE&text=Research+Assistance&dates=20260318T130000/20260318T150000&details=Join+us+weekly+in+the+Genealogy+Room+for+in-person+help+with+your+research.+It%E2%80%99s+a+great+chance+to+get+one-on-one+guidance%2C+ask+questions%2C+and+connect+with+others+who+share+your+passion+for+family+history.&location=2525+Oakley+Seaver+Dr%2C+Clermont%2C+FL%2C+34711%2C+United+States&trp=false&sprop=https%3A%2F%2Fwordpress-810691-5571285.cloudwaysapps.com%2Fevents%2Fresearch-assistance-2025-08-27-2025-09-03-2025-09-10-2025-09-17-2025-09-24-2025-10-01-2025-10-08-2025-10-15-2025-10-22-2025-10-29-2025-11-05-2025-11-12-2025-11-19-2025-11-26-2025-12-03-2-11-2026-03-18%2F&sprop=name:Pastfinders&ctz=America%2FNew_York HTTP/1.1" 302 0
DEBUG:urllib3.connectionpool:Starting new HTTPS connection (1): calendar.google.com:443
DEBUG:urllib3.connectionpool:Starting new HTTPS connection (1): calendar.google.com:443
DEBUG:urllib3.connectionpool:https://outlook.office.com:443 "GET /calendar/0/deeplink/compose?allday=false&body=Help+in+the+preservation+of+our+local+history+and+collections%2C+including+transcriptionists%2C+preservationists%2C+digitizers%2C+and+organization%C2%A0projects.&location=2525+Oakley+Seaver+Dr%2C+Clermont%2C+FL%2C+34711%2C+United+States&path=/calendar/action/compose&rru=addevent&startdt=2026-06-17T10%3A00%3A00-04%3A00&enddt=2026-06-17T12%3A00%3A00-04%3A00&subject=Preserving+Local+History HTTP/1.1" 200 None
DEBUG:root:✅ Hyperlink OK: https://outlook.office.com/calendar/0/deeplink/compose?allday=false&body=Help+in+the+preservation+of+our+local+history+and+collections%2C+including+transcriptionists%2C+preservationists%2C+digitizers%2C+and+organization%C2%A0projects.&location=2525+Oakley+Seaver+Dr%2C+Clermont%2C+FL%2C+34711%2C+United+States&path=/calendar/action/compose&rru=addevent&startdt=2026-06-17T10%3A00%3A00-04%3A00&enddt=2026-06-17T12%3A00%3A00-04%3A00&subject=Preserving+Local+History
DEBUG:root:Checking external hyperlink: https://outlook.live.com/calendar/0/deeplink/compose?allday=false&body=Help+in+the+preservation+of+our+local+history+and+collections%2C+including+transcriptionists%2C+preservationists%2C+digitizers%2C+and+organization%C2%A0projects.&location=2525+Oakley+Seaver+Dr%2C+Clermont%2C+FL%2C+34711%2C+United+States&path=/calendar/action/compose&rru=addevent&startdt=2026-06-17T10%3A00%3A00-04%3A00&enddt=2026-06-17T12%3A00%3A00-04%3A00&subject=Preserving+Local+History
DEBUG:urllib3.connectionpool:Starting new HTTPS connection (1): outlook.live.com:443
DEBUG:urllib3.connectionpool:https://calendar.google.com:443 "GET /calendar/event?action=TEMPLATE&text=Research+Assistance&dates=20260318T130000/20260318T150000&details=Join+us+weekly+in+the+Genealogy+Room+for+in-person+help+with+your+research.+It%E2%80%99s+a+great+chance+to+get+one-on-one+guidance,+ask+questions,+and+connect+with+others+who+share+your+passion+for+family+history.&location=2525+Oakley+Seaver+Dr,+Clermont,+FL,+34711,+United+States&trp=false&sprop=https://wordpress-810691-5571285.cloudwaysapps.com/events/research-assistance-2025-08-27-2025-09-03-2025-09-10-2025-09-17-2025-09-24-2025-10-01-2025-10-08-2025-10-15-2025-10-22-2025-10-29-2025-11-05-2025-11-12-2025-11-19-2025-11-26-2025-12-03-2-11-2026-03-18/&sprop=name:Pastfinders&ctz=America/New_York HTTP/1.1" 302 0
DEBUG:urllib3.connectionpool:Starting new HTTPS connection (1): accounts.google.com:443
DEBUG:urllib3.connectionpool:https://wordpress-810691-5571285.cloudwaysapps.com:443 "GET /events/irish-special-interest-group-sig-2025-12-15/ HTTP/1.1" 200 None
DEBUG:root:Successfully fetched https://wordpress-810691-5571285.cloudwaysapps.com/events/irish-special-interest-group-sig-2025-12-15/ (Content-Length: 43770)
DEBUG:urllib3.connectionpool:https://calendar.google.com:443 "GET /calendar/event?action=TEMPLATE&text=Research+Assistance&dates=20251224T130000/20251224T150000&details=Join+us+weekly+in+the+Genealogy+Room+for+in-person+help+with+your+research.+It%E2%80%99s+a+great+chance+to+get+one-on-one+guidance,+ask+questions,+and+connect+with+others+who+share+your+passion+for+family+history.&location=2525+Oakley+Seaver+Dr,+Clermont,+FL,+34711,+United+States&trp=false&sprop=https://wordpress-810691-5571285.cloudwaysapps.com/events/research-assistance-2025-08-27-2025-09-03-2025-09-10-2025-09-17-2025-09-24-2025-10-01-2025-10-08-2025-10-15-2025-10-22-2025-10-29-2025-11-05-2025-11-12-2025-11-19-2025-11-26-2025-12-03-2-17-2025-12-24/&sprop=name:Pastfinders&ctz=America/New_York HTTP/1.1" 302 0
DEBUG:charset_normalizer:Encoding detection: utf_8 is most likely the one.
DEBUG:root:Extracted 722 characters, 121 words from https://wordpress-810691-5571285.cloudwaysapps.com/events/irish-special-interest-group-sig-2025-12-15/
DEBUG:root:Checking external hyperlink: https://www.google.com/calendar/event?action=TEMPLATE&text=Irish+Special+Interest+Group+%28SIG%29&dates=20251215T130000/20251215T141500&details=%3Cstrong%3EThe+Irish+SIG+will+resume+with+a+different+approach+to+Genealogy+Research.%C2%A0+Discussions+will+be+based+on+input+from+the+group%2C+which+will+result+in+changing+topics+each+month.%3C%2Fstrong%3EPastfinders+will+send+an+Email+to+SIG+members+several+days+prior+to+each+meeting.Pastfinders+is+using+the+Zoom+Virtual+Meeting+app+to+hold+these+meetings+and+you+can+only+join+the+meeting+by+using+a+link+provided+by+Pastfinders.%C2%A0+You+can+register+for+the+season+here%3A%3Cstrong%3E%C2%A0%3Ca+href%3D%22https%3A%2F%2Fform.jotform.com%2FPastfindersSLC%2FJoin-Irish-SIG%22%3EIrish+SIG%3C%2Fa%3E%C2%A0%3C%2Fstrong%3E&location=&trp=false&sprop=https%3A%2F%2Fwordpress-810691-5571285.cloudwaysapps.com%2Fevents%2Firish-special-interest-group-sig-2025-12-15%2F&sprop=name:Pastfinders&ctz=America%2FNew_York
DEBUG:urllib3.connectionpool:Starting new HTTPS connection (1): accounts.google.com:443
DEBUG:urllib3.connectionpool:Starting new HTTPS connection (1): www.google.com:443
DEBUG:urllib3.connectionpool:https://accounts.google.com:443 "GET /ServiceLogin?service=cl&passive=1209600&osid=1&continue=https://calendar.google.com/calendar/event?action%3DTEMPLATE%26text%3DResearch%2BAssistance%26dates%3D20260318T130000/20260318T150000%26details%3DJoin%2Bus%2Bweekly%2Bin%2Bthe%2BGenealogy%2BRoom%2Bfor%2Bin-person%2Bhelp%2Bwith%2Byour%2Bresearch.%2BIt%25E2%2580%2599s%2Ba%2Bgreat%2Bchance%2Bto%2Bget%2Bone-on-one%2Bguidance,%2Bask%2Bquestions,%2Band%2Bconnect%2Bwith%2Bothers%2Bwho%2Bshare%2Byour%2Bpassion%2Bfor%2Bfamily%2Bhistory.%26location%3D2525%2BOakley%2BSeaver%2BDr,%2BClermont,%2BFL,%2B34711,%2BUnited%2BStates%26trp%3Dfalse%26sprop%3Dhttps://wordpress-810691-5571285.cloudwaysapps.com/events/research-assistance-2025-08-27-2025-09-03-2025-09-10-2025-09-17-2025-09-24-2025-10-01-2025-10-08-2025-10-15-2025-10-22-2025-10-29-2025-11-05-2025-11-12-2025-11-19-2025-11-26-2025-12-03-2-11-2026-03-18/%26sprop%3Dname:Pastfinders%26ctz%3DAmerica/New_York&followup=https://calendar.google.com/calendar/event?action%3DTEMPLATE%26text%3DResearch%2BAssistance%26dates%3D20260318T130000/20260318T150000%26details%3DJoin%2Bus%2Bweekly%2Bin%2Bthe%2BGenealogy%2BRoom%2Bfor%2Bin-person%2Bhelp%2Bwith%2Byour%2Bresearch.%2BIt%25E2%2580%2599s%2Ba%2Bgreat%2Bchance%2Bto%2Bget%2Bone-on-one%2Bguidance,%2Bask%2Bquestions,%2Band%2Bconnect%2Bwith%2Bothers%2Bwho%2Bshare%2Byour%2Bpassion%2Bfor%2Bfamily%2Bhistory.%26location%3D2525%2BOakley%2BSeaver%2BDr,%2BClermont,%2BFL,%2B34711,%2BUnited%2BStates%26trp%3Dfalse%26sprop%3Dhttps://wordpress-810691-5571285.cloudwaysapps.com/events/research-assistance-2025-08-27-2025-09-03-2025-09-10-2025-09-17-2025-09-24-2025-10-01-2025-10-08-2025-10-15-2025-10-22-2025-10-29-2025-11-05-2025-11-12-2025-11-19-2025-11-26-2025-12-03-2-11-2026-03-18/%26sprop%3Dname:Pastfinders%26ctz%3DAmerica/New_York&emr=1 HTTP/1.1" 302 0
DEBUG:urllib3.connectionpool:https://accounts.google.com:443 "GET /ServiceLogin?service=cl&passive=1209600&osid=1&continue=https://calendar.google.com/calendar/event?action%3DTEMPLATE%26text%3DResearch%2BAssistance%26dates%3D20251224T130000/20251224T150000%26details%3DJoin%2Bus%2Bweekly%2Bin%2Bthe%2BGenealogy%2BRoom%2Bfor%2Bin-person%2Bhelp%2Bwith%2Byour%2Bresearch.%2BIt%25E2%2580%2599s%2Ba%2Bgreat%2Bchance%2Bto%2Bget%2Bone-on-one%2Bguidance,%2Bask%2Bquestions,%2Band%2Bconnect%2Bwith%2Bothers%2Bwho%2Bshare%2Byour%2Bpassion%2Bfor%2Bfamily%2Bhistory.%26location%3D2525%2BOakley%2BSeaver%2BDr,%2BClermont,%2BFL,%2B34711,%2BUnited%2BStates%26trp%3Dfalse%26sprop%3Dhttps://wordpress-810691-5571285.cloudwaysapps.com/events/research-assistance-2025-08-27-2025-09-03-2025-09-10-2025-09-17-2025-09-24-2025-10-01-2025-10-08-2025-10-15-2025-10-22-2025-10-29-2025-11-05-2025-11-12-2025-11-19-2025-11-26-2025-12-03-2-17-2025-12-24/%26sprop%3Dname:Pastfinders%26ctz%3DAmerica/New_York&followup=https://calendar.google.com/calendar/event?action%3DTEMPLATE%26text%3DResearch%2BAssistance%26dates%3D20251224T130000/20251224T150000%26details%3DJoin%2Bus%2Bweekly%2Bin%2Bthe%2BGenealogy%2BRoom%2Bfor%2Bin-person%2Bhelp%2Bwith%2Byour%2Bresearch.%2BIt%25E2%2580%2599s%2Ba%2Bgreat%2Bchance%2Bto%2Bget%2Bone-on-one%2Bguidance,%2Bask%2Bquestions,%2Band%2Bconnect%2Bwith%2Bothers%2Bwho%2Bshare%2Byour%2Bpassion%2Bfor%2Bfamily%2Bhistory.%26location%3D2525%2BOakley%2BSeaver%2BDr,%2BClermont,%2BFL,%2B34711,%2BUnited%2BStates%26trp%3Dfalse%26sprop%3Dhttps://wordpress-810691-5571285.cloudwaysapps.com/events/research-assistance-2025-08-27-2025-09-03-2025-09-10-2025-09-17-2025-09-24-2025-10-01-2025-10-08-2025-10-15-2025-10-22-2025-10-29-2025-11-05-2025-11-12-2025-11-19-2025-11-26-2025-12-03-2-17-2025-12-24/%26sprop%3Dname:Pastfinders%26ctz%3DAmerica/New_York&emr=1 HTTP/1.1" 302 0
DEBUG:urllib3.connectionpool:https://www.google.com:443 "GET /calendar/event?action=TEMPLATE&text=Irish+Special+Interest+Group+%28SIG%29&dates=20251215T130000/20251215T141500&details=%3Cstrong%3EThe+Irish+SIG+will+resume+with+a+different+approach+to+Genealogy+Research.%C2%A0+Discussions+will+be+based+on+input+from+the+group%2C+which+will+result+in+changing+topics+each+month.%3C%2Fstrong%3EPastfinders+will+send+an+Email+to+SIG+members+several+days+prior+to+each+meeting.Pastfinders+is+using+the+Zoom+Virtual+Meeting+app+to+hold+these+meetings+and+you+can+only+join+the+meeting+by+using+a+link+provided+by+Pastfinders.%C2%A0+You+can+register+for+the+season+here%3A%3Cstrong%3E%C2%A0%3Ca+href%3D%22https%3A%2F%2Fform.jotform.com%2FPastfindersSLC%2FJoin-Irish-SIG%22%3EIrish+SIG%3C%2Fa%3E%C2%A0%3C%2Fstrong%3E&location=&trp=false&sprop=https%3A%2F%2Fwordpress-810691-5571285.cloudwaysapps.com%2Fevents%2Firish-special-interest-group-sig-2025-12-15%2F&sprop=name:Pastfinders&ctz=America%2FNew_York HTTP/1.1" 302 0
DEBUG:urllib3.connectionpool:Starting new HTTPS connection (1): calendar.google.com:443
DEBUG:urllib3.connectionpool:https://outlook.live.com:443 "GET /calendar/0/deeplink/compose?allday=false&body=Help+in+the+preservation+of+our+local+history+and+collections%2C+including+transcriptionists%2C+preservationists%2C+digitizers%2C+and+organization%C2%A0projects.&location=2525+Oakley+Seaver+Dr%2C+Clermont%2C+FL%2C+34711%2C+United+States&path=/calendar/action/compose&rru=addevent&startdt=2026-06-17T10%3A00%3A00-04%3A00&enddt=2026-06-17T12%3A00%3A00-04%3A00&subject=Preserving+Local+History HTTP/1.1" 200 None
DEBUG:root:✅ Hyperlink OK: https://outlook.live.com/calendar/0/deeplink/compose?allday=false&body=Help+in+the+preservation+of+our+local+history+and+collections%2C+including+transcriptionists%2C+preservationists%2C+digitizers%2C+and+organization%C2%A0projects.&location=2525+Oakley+Seaver+Dr%2C+Clermont%2C+FL%2C+34711%2C+United+States&path=/calendar/action/compose&rru=addevent&startdt=2026-06-17T10%3A00%3A00-04%3A00&enddt=2026-06-17T12%3A00%3A00-04%3A00&subject=Preserving+Local+History
DEBUG:root:Using regex pattern: \b[a-zA-Z]{3,}\b
DEBUG:root:Found 44 words to check in https://wordpress-810691-5571285.cloudwaysapps.com/events/preserving-local-history-2026-06-17/ (min_length=3)
DEBUG:root:Sample words from https://wordpress-810691-5571285.cloudwaysapps.com/events/preserving-local-history-2026-06-17/: ['This', 'alert', 'Skip', 'content', 'Preserving', 'Local', 'History', 'When', 'June', 'Add']
DEBUG:root:Misspelled word found: 'transcriptionists' in https://wordpress-810691-5571285.cloudwaysapps.com/events/preserving-local-history-2026-06-17/
DEBUG:root:Spell check results for https://wordpress-810691-5571285.cloudwaysapps.com/events/preserving-local-history-2026-06-17/: 17 words checked, 27 skipped, 1 errors found
INFO:root:✅ Processed https://wordpress-810691-5571285.cloudwaysapps.com/events/preserving-local-history-2026-06-17/: 1 errors found, 65 words checked
DEBUG:root:Attempting to fetch: https://wordpress-810691-5571285.cloudwaysapps.com/events/research-assistance-2025-08-27-2025-09-03-2025-09-10-2025-09-17-2025-09-24-2025-10-01-2025-10-08-2025-10-15-2025-10-22-2025-10-29-2025-11-05-2025-11-12-2025-11-19-2025-11-26-2025-12-03-2-05-2026-08-12/
Processing pages:  62%|██████▏   | 238/381 [02:19<01:05,  2.20it/s]DEBUG:urllib3.connectionpool:https://accounts.google.com:443 "GET /InteractiveLogin?continue=https://calendar.google.com/calendar/event?action%3DTEMPLATE%26text%3DResearch%2BAssistance%26dates%3D20260318T130000/20260318T150000%26details%3DJoin%2Bus%2Bweekly%2Bin%2Bthe%2BGenealogy%2BRoom%2Bfor%2Bin-person%2Bhelp%2Bwith%2Byour%2Bresearch.%2BIt%25E2%2580%2599s%2Ba%2Bgreat%2Bchance%2Bto%2Bget%2Bone-on-one%2Bguidance,%2Bask%2Bquestions,%2Band%2Bconnect%2Bwith%2Bothers%2Bwho%2Bshare%2Byour%2Bpassion%2Bfor%2Bfamily%2Bhistory.%26location%3D2525%2BOakley%2BSeaver%2BDr,%2BClermont,%2BFL,%2B34711,%2BUnited%2BStates%26trp%3Dfalse%26sprop%3Dhttps://wordpress-810691-5571285.cloudwaysapps.com/events/research-assistance-2025-08-27-2025-09-03-2025-09-10-2025-09-17-2025-09-24-2025-10-01-2025-10-08-2025-10-15-2025-10-22-2025-10-29-2025-11-05-2025-11-12-2025-11-19-2025-11-26-2025-12-03-2-11-2026-03-18/%26sprop%3Dname:Pastfinders%26ctz%3DAmerica/New_York&emr=1&followup=https://calendar.google.com/calendar/event?action%3DTEMPLATE%26text%3DResearch%2BAssistance%26dates%3D20260318T130000/20260318T150000%26details%3DJoin%2Bus%2Bweekly%2Bin%2Bthe%2BGenealogy%2BRoom%2Bfor%2Bin-person%2Bhelp%2Bwith%2Byour%2Bresearch.%2BIt%25E2%2580%2599s%2Ba%2Bgreat%2Bchance%2Bto%2Bget%2Bone-on-one%2Bguidance,%2Bask%2Bquestions,%2Band%2Bconnect%2Bwith%2Bothers%2Bwho%2Bshare%2Byour%2Bpassion%2Bfor%2Bfamily%2Bhistory.%26location%3D2525%2BOakley%2BSeaver%2BDr,%2BClermont,%2BFL,%2B34711,%2BUnited%2BStates%26trp%3Dfalse%26sprop%3Dhttps://wordpress-810691-5571285.cloudwaysapps.com/events/research-assistance-2025-08-27-2025-09-03-2025-09-10-2025-09-17-2025-09-24-2025-10-01-2025-10-08-2025-10-15-2025-10-22-2025-10-29-2025-11-05-2025-11-12-2025-11-19-2025-11-26-2025-12-03-2-11-2026-03-18/%26sprop%3Dname:Pastfinders%26ctz%3DAmerica/New_York&osid=1&passive=1209600&service=cl&ifkv=AdBytiPvjQ5tT8kLH7_W1GEvOWqqhqPVUcJeqyB47p6DodMATt7VdVU33aVzv9kUKL28VU2En-tZ HTTP/1.1" 302 None
DEBUG:urllib3.connectionpool:https://accounts.google.com:443 "GET /InteractiveLogin?continue=https://calendar.google.com/calendar/event?action%3DTEMPLATE%26text%3DResearch%2BAssistance%26dates%3D20251224T130000/20251224T150000%26details%3DJoin%2Bus%2Bweekly%2Bin%2Bthe%2BGenealogy%2BRoom%2Bfor%2Bin-person%2Bhelp%2Bwith%2Byour%2Bresearch.%2BIt%25E2%2580%2599s%2Ba%2Bgreat%2Bchance%2Bto%2Bget%2Bone-on-one%2Bguidance,%2Bask%2Bquestions,%2Band%2Bconnect%2Bwith%2Bothers%2Bwho%2Bshare%2Byour%2Bpassion%2Bfor%2Bfamily%2Bhistory.%26location%3D2525%2BOakley%2BSeaver%2BDr,%2BClermont,%2BFL,%2B34711,%2BUnited%2BStates%26trp%3Dfalse%26sprop%3Dhttps://wordpress-810691-5571285.cloudwaysapps.com/events/research-assistance-2025-08-27-2025-09-03-2025-09-10-2025-09-17-2025-09-24-2025-10-01-2025-10-08-2025-10-15-2025-10-22-2025-10-29-2025-11-05-2025-11-12-2025-11-19-2025-11-26-2025-12-03-2-17-2025-12-24/%26sprop%3Dname:Pastfinders%26ctz%3DAmerica/New_York&emr=1&followup=https://calendar.google.com/calendar/event?action%3DTEMPLATE%26text%3DResearch%2BAssistance%26dates%3D20251224T130000/20251224T150000%26details%3DJoin%2Bus%2Bweekly%2Bin%2Bthe%2BGenealogy%2BRoom%2Bfor%2Bin-person%2Bhelp%2Bwith%2Byour%2Bresearch.%2BIt%25E2%2580%2599s%2Ba%2Bgreat%2Bchance%2Bto%2Bget%2Bone-on-one%2Bguidance,%2Bask%2Bquestions,%2Band%2Bconnect%2Bwith%2Bothers%2Bwho%2Bshare%2Byour%2Bpassion%2Bfor%2Bfamily%2Bhistory.%26location%3D2525%2BOakley%2BSeaver%2BDr,%2BClermont,%2BFL,%2B34711,%2BUnited%2BStates%26trp%3Dfalse%26sprop%3Dhttps://wordpress-810691-5571285.cloudwaysapps.com/events/research-assistance-2025-08-27-2025-09-03-2025-09-10-2025-09-17-2025-09-24-2025-10-01-2025-10-08-2025-10-15-2025-10-22-2025-10-29-2025-11-05-2025-11-12-2025-11-19-2025-11-26-2025-12-03-2-17-2025-12-24/%26sprop%3Dname:Pastfinders%26ctz%3DAmerica/New_York&osid=1&passive=1209600&service=cl&ifkv=AdBytiOfDU0sxXbcrFGc84mdySPeBuFiPlL5n11tuWDQHIlSKxDRjjVf3O0d0vcSNjYO9JZU--QrFg HTTP/1.1" 302 None
DEBUG:urllib3.connectionpool:https://accounts.google.com:443 "GET /v3/signin/identifier?continue=https%3A%2F%2Fcalendar.google.com%2Fcalendar%2Fevent%3Faction%3DTEMPLATE%26text%3DResearch%2BAssistance%26dates%3D20260318T130000%2F20260318T150000%26details%3DJoin%2Bus%2Bweekly%2Bin%2Bthe%2BGenealogy%2BRoom%2Bfor%2Bin-person%2Bhelp%2Bwith%2Byour%2Bresearch.%2BIt%25E2%2580%2599s%2Ba%2Bgreat%2Bchance%2Bto%2Bget%2Bone-on-one%2Bguidance%2C%2Bask%2Bquestions%2C%2Band%2Bconnect%2Bwith%2Bothers%2Bwho%2Bshare%2Byour%2Bpassion%2Bfor%2Bfamily%2Bhistory.%26location%3D2525%2BOakley%2BSeaver%2BDr%2C%2BClermont%2C%2BFL%2C%2B34711%2C%2BUnited%2BStates%26trp%3Dfalse%26sprop%3Dhttps%3A%2F%2Fwordpress-810691-5571285.cloudwaysapps.com%2Fevents%2Fresearch-assistance-2025-08-27-2025-09-03-2025-09-10-2025-09-17-2025-09-24-2025-10-01-2025-10-08-2025-10-15-2025-10-22-2025-10-29-2025-11-05-2025-11-12-2025-11-19-2025-11-26-2025-12-03-2-11-2026-03-18%2F%26sprop%3Dname%3APastfinders%26ctz%3DAmerica%2FNew_York&emr=1&followup=https%3A%2F%2Fcalendar.google.com%2Fcalendar%2Fevent%3Faction%3DTEMPLATE%26text%3DResearch%2BAssistance%26dates%3D20260318T130000%2F20260318T150000%26details%3DJoin%2Bus%2Bweekly%2Bin%2Bthe%2BGenealogy%2BRoom%2Bfor%2Bin-person%2Bhelp%2Bwith%2Byour%2Bresearch.%2BIt%25E2%2580%2599s%2Ba%2Bgreat%2Bchance%2Bto%2Bget%2Bone-on-one%2Bguidance%2C%2Bask%2Bquestions%2C%2Band%2Bconnect%2Bwith%2Bothers%2Bwho%2Bshare%2Byour%2Bpassion%2Bfor%2Bfamily%2Bhistory.%26location%3D2525%2BOakley%2BSeaver%2BDr%2C%2BClermont%2C%2BFL%2C%2B34711%2C%2BUnited%2BStates%26trp%3Dfalse%26sprop%3Dhttps%3A%2F%2Fwordpress-810691-5571285.cloudwaysapps.com%2Fevents%2Fresearch-assistance-2025-08-27-2025-09-03-2025-09-10-2025-09-17-2025-09-24-2025-10-01-2025-10-08-2025-10-15-2025-10-22-2025-10-29-2025-11-05-2025-11-12-2025-11-19-2025-11-26-2025-12-03-2-11-2026-03-18%2F%26sprop%3Dname%3APastfinders%26ctz%3DAmerica%2FNew_York&ifkv=AdBytiOdBVDC14xVPpiWreDf4M0ITKkoAyB4H1K-Hfhu09g5SNr6Iwe-8TWj9bp0M0KBvND5KdctOQ&osid=1&passive=1209600&service=cl&flowName=WebLiteSignIn&flowEntry=ServiceLogin&dsh=S2131731407%3A1756758263296407 HTTP/1.1" 200 None
DEBUG:urllib3.connectionpool:https://wordpress-810691-5571285.cloudwaysapps.com:443 "GET /events/research-assistance-2025-08-27-2025-09-03-2025-09-10-2025-09-17-2025-09-24-2025-10-01-2025-10-08-2025-10-15-2025-10-22-2025-10-29-2025-11-05-2025-11-12-2025-11-19-2025-11-26-2025-12-03-2-05-2026-08-12/ HTTP/1.1" 200 None
DEBUG:root:Successfully fetched https://wordpress-810691-5571285.cloudwaysapps.com/events/research-assistance-2025-08-27-2025-09-03-2025-09-10-2025-09-17-2025-09-24-2025-10-01-2025-10-08-2025-10-15-2025-10-22-2025-10-29-2025-11-05-2025-11-12-2025-11-19-2025-11-26-2025-12-03-2-05-2026-08-12/ (Content-Length: 44213)
DEBUG:charset_normalizer:Encoding detection: utf_8 is most likely the one.
DEBUG:root:Extracted 490 characters, 85 words from https://wordpress-810691-5571285.cloudwaysapps.com/events/research-assistance-2025-08-27-2025-09-03-2025-09-10-2025-09-17-2025-09-24-2025-10-01-2025-10-08-2025-10-15-2025-10-22-2025-10-29-2025-11-05-2025-11-12-2025-11-19-2025-11-26-2025-12-03-2-05-2026-08-12/
DEBUG:root:Checking external hyperlink: https://www.google.com/calendar/event?action=TEMPLATE&text=Research+Assistance&dates=20260812T130000/20260812T150000&details=Join+us+weekly+in+the+Genealogy+Room+for+in-person+help+with+your+research.+It%E2%80%99s+a+great+chance+to+get+one-on-one+guidance%2C+ask+questions%2C+and+connect+with+others+who+share+your+passion+for+family+history.&location=2525+Oakley+Seaver+Dr%2C+Clermont%2C+FL%2C+34711%2C+United+States&trp=false&sprop=https%3A%2F%2Fwordpress-810691-5571285.cloudwaysapps.com%2Fevents%2Fresearch-assistance-2025-08-27-2025-09-03-2025-09-10-2025-09-17-2025-09-24-2025-10-01-2025-10-08-2025-10-15-2025-10-22-2025-10-29-2025-11-05-2025-11-12-2025-11-19-2025-11-26-2025-12-03-2-05-2026-08-12%2F&sprop=name:Pastfinders&ctz=America%2FNew_York
DEBUG:urllib3.connectionpool:https://accounts.google.com:443 "GET /v3/signin/identifier?continue=https%3A%2F%2Fcalendar.google.com%2Fcalendar%2Fevent%3Faction%3DTEMPLATE%26text%3DResearch%2BAssistance%26dates%3D20251224T130000%2F20251224T150000%26details%3DJoin%2Bus%2Bweekly%2Bin%2Bthe%2BGenealogy%2BRoom%2Bfor%2Bin-person%2Bhelp%2Bwith%2Byour%2Bresearch.%2BIt%25E2%2580%2599s%2Ba%2Bgreat%2Bchance%2Bto%2Bget%2Bone-on-one%2Bguidance%2C%2Bask%2Bquestions%2C%2Band%2Bconnect%2Bwith%2Bothers%2Bwho%2Bshare%2Byour%2Bpassion%2Bfor%2Bfamily%2Bhistory.%26location%3D2525%2BOakley%2BSeaver%2BDr%2C%2BClermont%2C%2BFL%2C%2B34711%2C%2BUnited%2BStates%26trp%3Dfalse%26sprop%3Dhttps%3A%2F%2Fwordpress-810691-5571285.cloudwaysapps.com%2Fevents%2Fresearch-assistance-2025-08-27-2025-09-03-2025-09-10-2025-09-17-2025-09-24-2025-10-01-2025-10-08-2025-10-15-2025-10-22-2025-10-29-2025-11-05-2025-11-12-2025-11-19-2025-11-26-2025-12-03-2-17-2025-12-24%2F%26sprop%3Dname%3APastfinders%26ctz%3DAmerica%2FNew_York&emr=1&followup=https%3A%2F%2Fcalendar.google.com%2Fcalendar%2Fevent%3Faction%3DTEMPLATE%26text%3DResearch%2BAssistance%26dates%3D20251224T130000%2F20251224T150000%26details%3DJoin%2Bus%2Bweekly%2Bin%2Bthe%2BGenealogy%2BRoom%2Bfor%2Bin-person%2Bhelp%2Bwith%2Byour%2Bresearch.%2BIt%25E2%2580%2599s%2Ba%2Bgreat%2Bchance%2Bto%2Bget%2Bone-on-one%2Bguidance%2C%2Bask%2Bquestions%2C%2Band%2Bconnect%2Bwith%2Bothers%2Bwho%2Bshare%2Byour%2Bpassion%2Bfor%2Bfamily%2Bhistory.%26location%3D2525%2BOakley%2BSeaver%2BDr%2C%2BClermont%2C%2BFL%2C%2B34711%2C%2BUnited%2BStates%26trp%3Dfalse%26sprop%3Dhttps%3A%2F%2Fwordpress-810691-5571285.cloudwaysapps.com%2Fevents%2Fresearch-assistance-2025-08-27-2025-09-03-2025-09-10-2025-09-17-2025-09-24-2025-10-01-2025-10-08-2025-10-15-2025-10-22-2025-10-29-2025-11-05-2025-11-12-2025-11-19-2025-11-26-2025-12-03-2-17-2025-12-24%2F%26sprop%3Dname%3APastfinders%26ctz%3DAmerica%2FNew_York&ifkv=AdBytiNlG2QccjV4auWWoHU8oBe7UuA2roDYspjtftfiLov6poM-qAtbG-RywvaIibrp-gSuvQD94Q&osid=1&passive=1209600&service=cl&flowName=WebLiteSignIn&flowEntry=ServiceLogin&dsh=S-401455798%3A1756758263330951 HTTP/1.1" 200 None
DEBUG:urllib3.connectionpool:Starting new HTTPS connection (1): www.google.com:443
DEBUG:urllib3.connectionpool:https://calendar.google.com:443 "GET /calendar/event?action=TEMPLATE&text=Irish+Special+Interest+Group+(SIG)&dates=20251215T130000/20251215T141500&details=%3Cstrong%3EThe+Irish+SIG+will+resume+with+a+different+approach+to+Genealogy+Research.%C2%A0+Discussions+will+be+based+on+input+from+the+group,+which+will+result+in+changing+topics+each+month.%3C/strong%3EPastfinders+will+send+an+Email+to+SIG+members+several+days+prior+to+each+meeting.Pastfinders+is+using+the+Zoom+Virtual+Meeting+app+to+hold+these+meetings+and+you+can+only+join+the+meeting+by+using+a+link+provided+by+Pastfinders.%C2%A0+You+can+register+for+the+season+here:%3Cstrong%3E%C2%A0%3Ca+href%3D%22https://form.jotform.com/PastfindersSLC/Join-Irish-SIG%22%3EIrish+SIG%3C/a%3E%C2%A0%3C/strong%3E&location&trp=false&sprop=https://wordpress-810691-5571285.cloudwaysapps.com/events/irish-special-interest-group-sig-2025-12-15/&sprop=name:Pastfinders&ctz=America/New_York HTTP/1.1" 302 0
DEBUG:urllib3.connectionpool:Starting new HTTPS connection (1): accounts.google.com:443
DEBUG:root:✅ Hyperlink OK: https://www.google.com/calendar/event?action=TEMPLATE&text=Research+Assistance&dates=20260318T130000/20260318T150000&details=Join+us+weekly+in+the+Genealogy+Room+for+in-person+help+with+your+research.+It%E2%80%99s+a+great+chance+to+get+one-on-one+guidance%2C+ask+questions%2C+and+connect+with+others+who+share+your+passion+for+family+history.&location=2525+Oakley+Seaver+Dr%2C+Clermont%2C+FL%2C+34711%2C+United+States&trp=false&sprop=https%3A%2F%2Fwordpress-810691-5571285.cloudwaysapps.com%2Fevents%2Fresearch-assistance-2025-08-27-2025-09-03-2025-09-10-2025-09-17-2025-09-24-2025-10-01-2025-10-08-2025-10-15-2025-10-22-2025-10-29-2025-11-05-2025-11-12-2025-11-19-2025-11-26-2025-12-03-2-11-2026-03-18%2F&sprop=name:Pastfinders&ctz=America%2FNew_York
DEBUG:root:Checking external hyperlink: https://outlook.office.com/calendar/0/deeplink/compose?allday=false&body=Join+us+weekly+in+the+Genealogy+Room+for+in-person+help+with+your+research.+It%E2%80%99s+a+great+chance+to+get+one-on-one+guidance%2C+ask+questions%2C+and+connect+with+others+who+share+your+passion+for+family+history.&location=2525+Oakley+Seaver+Dr%2C+Clermont%2C+FL%2C+34711%2C+United+States&path=/calendar/action/compose&rru=addevent&startdt=2026-03-18T13%3A00%3A00-04%3A00&enddt=2026-03-18T15%3A00%3A00-04%3A00&subject=Research+Assistance
DEBUG:urllib3.connectionpool:Starting new HTTPS connection (1): outlook.office.com:443
DEBUG:root:✅ Hyperlink OK: https://www.google.com/calendar/event?action=TEMPLATE&text=Research+Assistance&dates=20251224T130000/20251224T150000&details=Join+us+weekly+in+the+Genealogy+Room+for+in-person+help+with+your+research.+It%E2%80%99s+a+great+chance+to+get+one-on-one+guidance%2C+ask+questions%2C+and+connect+with+others+who+share+your+passion+for+family+history.&location=2525+Oakley+Seaver+Dr%2C+Clermont%2C+FL%2C+34711%2C+United+States&trp=false&sprop=https%3A%2F%2Fwordpress-810691-5571285.cloudwaysapps.com%2Fevents%2Fresearch-assistance-2025-08-27-2025-09-03-2025-09-10-2025-09-17-2025-09-24-2025-10-01-2025-10-08-2025-10-15-2025-10-22-2025-10-29-2025-11-05-2025-11-12-2025-11-19-2025-11-26-2025-12-03-2-17-2025-12-24%2F&sprop=name:Pastfinders&ctz=America%2FNew_York
DEBUG:root:Checking external hyperlink: https://outlook.office.com/calendar/0/deeplink/compose?allday=false&body=Join+us+weekly+in+the+Genealogy+Room+for+in-person+help+with+your+research.+It%E2%80%99s+a+great+chance+to+get+one-on-one+guidance%2C+ask+questions%2C+and+connect+with+others+who+share+your+passion+for+family+history.&location=2525+Oakley+Seaver+Dr%2C+Clermont%2C+FL%2C+34711%2C+United+States&path=/calendar/action/compose&rru=addevent&startdt=2025-12-24T13%3A00%3A00-05%3A00&enddt=2025-12-24T15%3A00%3A00-05%3A00&subject=Research+Assistance
DEBUG:urllib3.connectionpool:Starting new HTTPS connection (1): outlook.office.com:443
DEBUG:urllib3.connectionpool:https://www.google.com:443 "GET /calendar/event?action=TEMPLATE&text=Research+Assistance&dates=20260812T130000/20260812T150000&details=Join+us+weekly+in+the+Genealogy+Room+for+in-person+help+with+your+research.+It%E2%80%99s+a+great+chance+to+get+one-on-one+guidance%2C+ask+questions%2C+and+connect+with+others+who+share+your+passion+for+family+history.&location=2525+Oakley+Seaver+Dr%2C+Clermont%2C+FL%2C+34711%2C+United+States&trp=false&sprop=https%3A%2F%2Fwordpress-810691-5571285.cloudwaysapps.com%2Fevents%2Fresearch-assistance-2025-08-27-2025-09-03-2025-09-10-2025-09-17-2025-09-24-2025-10-01-2025-10-08-2025-10-15-2025-10-22-2025-10-29-2025-11-05-2025-11-12-2025-11-19-2025-11-26-2025-12-03-2-05-2026-08-12%2F&sprop=name:Pastfinders&ctz=America%2FNew_York HTTP/1.1" 302 0
DEBUG:urllib3.connectionpool:Starting new HTTPS connection (1): calendar.google.com:443
DEBUG:urllib3.connectionpool:https://accounts.google.com:443 "GET /ServiceLogin?service=cl&passive=1209600&osid=1&continue=https://calendar.google.com/calendar/event?action%3DTEMPLATE%26text%3DIrish%2BSpecial%2BInterest%2BGroup%2B(SIG)%26dates%3D20251215T130000/20251215T141500%26details%3D%253Cstrong%253EThe%2BIrish%2BSIG%2Bwill%2Bresume%2Bwith%2Ba%2Bdifferent%2Bapproach%2Bto%2BGenealogy%2BResearch.%25C2%25A0%2BDiscussions%2Bwill%2Bbe%2Bbased%2Bon%2Binput%2Bfrom%2Bthe%2Bgroup,%2Bwhich%2Bwill%2Bresult%2Bin%2Bchanging%2Btopics%2Beach%2Bmonth.%253C/strong%253EPastfinders%2Bwill%2Bsend%2Ban%2BEmail%2Bto%2BSIG%2Bmembers%2Bseveral%2Bdays%2Bprior%2Bto%2Beach%2Bmeeting.Pastfinders%2Bis%2Busing%2Bthe%2BZoom%2BVirtual%2BMeeting%2Bapp%2Bto%2Bhold%2Bthese%2Bmeetings%2Band%2Byou%2Bcan%2Bonly%2Bjoin%2Bthe%2Bmeeting%2Bby%2Busing%2Ba%2Blink%2Bprovided%2Bby%2BPastfinders.%25C2%25A0%2BYou%2Bcan%2Bregister%2Bfor%2Bthe%2Bseason%2Bhere:%253Cstrong%253E%25C2%25A0%253Ca%2Bhref%253D%2522https://form.jotform.com/PastfindersSLC/Join-Irish-SIG%2522%253EIrish%2BSIG%253C/a%253E%25C2%25A0%253C/strong%253E%26location%26trp%3Dfalse%26sprop%3Dhttps://wordpress-810691-5571285.cloudwaysapps.com/events/irish-special-interest-group-sig-2025-12-15/%26sprop%3Dname:Pastfinders%26ctz%3DAmerica/New_York&followup=https://calendar.google.com/calendar/event?action%3DTEMPLATE%26text%3DIrish%2BSpecial%2BInterest%2BGroup%2B(SIG)%26dates%3D20251215T130000/20251215T141500%26details%3D%253Cstrong%253EThe%2BIrish%2BSIG%2Bwill%2Bresume%2Bwith%2Ba%2Bdifferent%2Bapproach%2Bto%2BGenealogy%2BResearch.%25C2%25A0%2BDiscussions%2Bwill%2Bbe%2Bbased%2Bon%2Binput%2Bfrom%2Bthe%2Bgroup,%2Bwhich%2Bwill%2Bresult%2Bin%2Bchanging%2Btopics%2Beach%2Bmonth.%253C/strong%253EPastfinders%2Bwill%2Bsend%2Ban%2BEmail%2Bto%2BSIG%2Bmembers%2Bseveral%2Bdays%2Bprior%2Bto%2Beach%2Bmeeting.Pastfinders%2Bis%2Busing%2Bthe%2BZoom%2BVirtual%2BMeeting%2Bapp%2Bto%2Bhold%2Bthese%2Bmeetings%2Band%2Byou%2Bcan%2Bonly%2Bjoin%2Bthe%2Bmeeting%2Bby%2Busing%2Ba%2Blink%2Bprovided%2Bby%2BPastfinders.%25C2%25A0%2BYou%2Bcan%2Bregister%2Bfor%2Bthe%2Bseason%2Bhere:%253Cstrong%253E%25C2%25A0%253Ca%2Bhref%253D%2522https://form.jotform.com/PastfindersSLC/Join-Irish-SIG%2522%253EIrish%2BSIG%253C/a%253E%25C2%25A0%253C/strong%253E%26location%26trp%3Dfalse%26sprop%3Dhttps://wordpress-810691-5571285.cloudwaysapps.com/events/irish-special-interest-group-sig-2025-12-15/%26sprop%3Dname:Pastfinders%26ctz%3DAmerica/New_York&emr=1 HTTP/1.1" 302 0
DEBUG:root:✅ Document OK: https://pastfindersslc.org/upload/newsletters/2001_Fall_November.pdf
DEBUG:root:Checking external document: https://pastfindersslc.org/upload/newsletters/2001_Summer_August.pdf
DEBUG:urllib3.connectionpool:Starting new HTTPS connection (1): pastfindersslc.org:443
DEBUG:urllib3.connectionpool:https://accounts.google.com:443 "GET /InteractiveLogin?continue=https://calendar.google.com/calendar/event?action%3DTEMPLATE%26text%3DIrish%2BSpecial%2BInterest%2BGroup%2B(SIG)%26dates%3D20251215T130000/20251215T141500%26details%3D%253Cstrong%253EThe%2BIrish%2BSIG%2Bwill%2Bresume%2Bwith%2Ba%2Bdifferent%2Bapproach%2Bto%2BGenealogy%2BResearch.%25C2%25A0%2BDiscussions%2Bwill%2Bbe%2Bbased%2Bon%2Binput%2Bfrom%2Bthe%2Bgroup,%2Bwhich%2Bwill%2Bresult%2Bin%2Bchanging%2Btopics%2Beach%2Bmonth.%253C/strong%253EPastfinders%2Bwill%2Bsend%2Ban%2BEmail%2Bto%2BSIG%2Bmembers%2Bseveral%2Bdays%2Bprior%2Bto%2Beach%2Bmeeting.Pastfinders%2Bis%2Busing%2Bthe%2BZoom%2BVirtual%2BMeeting%2Bapp%2Bto%2Bhold%2Bthese%2Bmeetings%2Band%2Byou%2Bcan%2Bonly%2Bjoin%2Bthe%2Bmeeting%2Bby%2Busing%2Ba%2Blink%2Bprovided%2Bby%2BPastfinders.%25C2%25A0%2BYou%2Bcan%2Bregister%2Bfor%2Bthe%2Bseason%2Bhere:%253Cstrong%253E%25C2%25A0%253Ca%2Bhref%253D%2522https://form.jotform.com/PastfindersSLC/Join-Irish-SIG%2522%253EIrish%2BSIG%253C/a%253E%25C2%25A0%253C/strong%253E%26location%26trp%3Dfalse%26sprop%3Dhttps://wordpress-810691-5571285.cloudwaysapps.com/events/irish-special-interest-group-sig-2025-12-15/%26sprop%3Dname:Pastfinders%26ctz%3DAmerica/New_York&emr=1&followup=https://calendar.google.com/calendar/event?action%3DTEMPLATE%26text%3DIrish%2BSpecial%2BInterest%2BGroup%2B(SIG)%26dates%3D20251215T130000/20251215T141500%26details%3D%253Cstrong%253EThe%2BIrish%2BSIG%2Bwill%2Bresume%2Bwith%2Ba%2Bdifferent%2Bapproach%2Bto%2BGenealogy%2BResearch.%25C2%25A0%2BDiscussions%2Bwill%2Bbe%2Bbased%2Bon%2Binput%2Bfrom%2Bthe%2Bgroup,%2Bwhich%2Bwill%2Bresult%2Bin%2Bchanging%2Btopics%2Beach%2Bmonth.%253C/strong%253EPastfinders%2Bwill%2Bsend%2Ban%2BEmail%2Bto%2BSIG%2Bmembers%2Bseveral%2Bdays%2Bprior%2Bto%2Beach%2Bmeeting.Pastfinders%2Bis%2Busing%2Bthe%2BZoom%2BVirtual%2BMeeting%2Bapp%2Bto%2Bhold%2Bthese%2Bmeetings%2Band%2Byou%2Bcan%2Bonly%2Bjoin%2Bthe%2Bmeeting%2Bby%2Busing%2Ba%2Blink%2Bprovided%2Bby%2BPastfinders.%25C2%25A0%2BYou%2Bcan%2Bregister%2Bfor%2Bthe%2Bseason%2Bhere:%253Cstrong%253E%25C2%25A0%253Ca%2Bhref%253D%2522https://form.jotform.com/PastfindersSLC/Join-Irish-SIG%2522%253EIrish%2BSIG%253C/a%253E%25C2%25A0%253C/strong%253E%26location%26trp%3Dfalse%26sprop%3Dhttps://wordpress-810691-5571285.cloudwaysapps.com/events/irish-special-interest-group-sig-2025-12-15/%26sprop%3Dname:Pastfinders%26ctz%3DAmerica/New_York&osid=1&passive=1209600&service=cl&ifkv=AdBytiM2wENOXHrxGoMbhT37AwT6lL5JfAiae_q9pGwZN5iUcaonhvxfVDInxLBwSOa-e47JGZ9A4w HTTP/1.1" 302 None
DEBUG:urllib3.connectionpool:https://calendar.google.com:443 "GET /calendar/event?action=TEMPLATE&text=Research+Assistance&dates=20260812T130000/20260812T150000&details=Join+us+weekly+in+the+Genealogy+Room+for+in-person+help+with+your+research.+It%E2%80%99s+a+great+chance+to+get+one-on-one+guidance,+ask+questions,+and+connect+with+others+who+share+your+passion+for+family+history.&location=2525+Oakley+Seaver+Dr,+Clermont,+FL,+34711,+United+States&trp=false&sprop=https://wordpress-810691-5571285.cloudwaysapps.com/events/research-assistance-2025-08-27-2025-09-03-2025-09-10-2025-09-17-2025-09-24-2025-10-01-2025-10-08-2025-10-15-2025-10-22-2025-10-29-2025-11-05-2025-11-12-2025-11-19-2025-11-26-2025-12-03-2-05-2026-08-12/&sprop=name:Pastfinders&ctz=America/New_York HTTP/1.1" 302 0
DEBUG:urllib3.connectionpool:Starting new HTTPS connection (1): accounts.google.com:443
DEBUG:urllib3.connectionpool:https://outlook.office.com:443 "GET /calendar/0/deeplink/compose?allday=false&body=Join+us+weekly+in+the+Genealogy+Room+for+in-person+help+with+your+research.+It%E2%80%99s+a+great+chance+to+get+one-on-one+guidance%2C+ask+questions%2C+and+connect+with+others+who+share+your+passion+for+family+history.&location=2525+Oakley+Seaver+Dr%2C+Clermont%2C+FL%2C+34711%2C+United+States&path=/calendar/action/compose&rru=addevent&startdt=2026-03-18T13%3A00%3A00-04%3A00&enddt=2026-03-18T15%3A00%3A00-04%3A00&subject=Research+Assistance HTTP/1.1" 200 None
DEBUG:root:✅ Hyperlink OK: https://outlook.office.com/calendar/0/deeplink/compose?allday=false&body=Join+us+weekly+in+the+Genealogy+Room+for+in-person+help+with+your+research.+It%E2%80%99s+a+great+chance+to+get+one-on-one+guidance%2C+ask+questions%2C+and+connect+with+others+who+share+your+passion+for+family+history.&location=2525+Oakley+Seaver+Dr%2C+Clermont%2C+FL%2C+34711%2C+United+States&path=/calendar/action/compose&rru=addevent&startdt=2026-03-18T13%3A00%3A00-04%3A00&enddt=2026-03-18T15%3A00%3A00-04%3A00&subject=Research+Assistance
DEBUG:root:Checking external hyperlink: https://outlook.live.com/calendar/0/deeplink/compose?allday=false&body=Join+us+weekly+in+the+Genealogy+Room+for+in-person+help+with+your+research.+It%E2%80%99s+a+great+chance+to+get+one-on-one+guidance%2C+ask+questions%2C+and+connect+with+others+who+share+your+passion+for+family+history.&location=2525+Oakley+Seaver+Dr%2C+Clermont%2C+FL%2C+34711%2C+United+States&path=/calendar/action/compose&rru=addevent&startdt=2026-03-18T13%3A00%3A00-04%3A00&enddt=2026-03-18T15%3A00%3A00-04%3A00&subject=Research+Assistance
DEBUG:urllib3.connectionpool:Starting new HTTPS connection (1): outlook.live.com:443
DEBUG:urllib3.connectionpool:https://pastfindersslc.org:443 "GET /upload/newsletters/2001_Summer_August.pdf HTTP/1.1" 200 5674488
DEBUG:urllib3.connectionpool:https://outlook.office.com:443 "GET /calendar/0/deeplink/compose?allday=false&body=Join+us+weekly+in+the+Genealogy+Room+for+in-person+help+with+your+research.+It%E2%80%99s+a+great+chance+to+get+one-on-one+guidance%2C+ask+questions%2C+and+connect+with+others+who+share+your+passion+for+family+history.&location=2525+Oakley+Seaver+Dr%2C+Clermont%2C+FL%2C+34711%2C+United+States&path=/calendar/action/compose&rru=addevent&startdt=2025-12-24T13%3A00%3A00-05%3A00&enddt=2025-12-24T15%3A00%3A00-05%3A00&subject=Research+Assistance HTTP/1.1" 200 None
DEBUG:root:✅ Hyperlink OK: https://outlook.office.com/calendar/0/deeplink/compose?allday=false&body=Join+us+weekly+in+the+Genealogy+Room+for+in-person+help+with+your+research.+It%E2%80%99s+a+great+chance+to+get+one-on-one+guidance%2C+ask+questions%2C+and+connect+with+others+who+share+your+passion+for+family+history.&location=2525+Oakley+Seaver+Dr%2C+Clermont%2C+FL%2C+34711%2C+United+States&path=/calendar/action/compose&rru=addevent&startdt=2025-12-24T13%3A00%3A00-05%3A00&enddt=2025-12-24T15%3A00%3A00-05%3A00&subject=Research+Assistance
DEBUG:root:Checking external hyperlink: https://outlook.live.com/calendar/0/deeplink/compose?allday=false&body=Join+us+weekly+in+the+Genealogy+Room+for+in-person+help+with+your+research.+It%E2%80%99s+a+great+chance+to+get+one-on-one+guidance%2C+ask+questions%2C+and+connect+with+others+who+share+your+passion+for+family+history.&location=2525+Oakley+Seaver+Dr%2C+Clermont%2C+FL%2C+34711%2C+United+States&path=/calendar/action/compose&rru=addevent&startdt=2025-12-24T13%3A00%3A00-05%3A00&enddt=2025-12-24T15%3A00%3A00-05%3A00&subject=Research+Assistance
DEBUG:urllib3.connectionpool:Starting new HTTPS connection (1): outlook.live.com:443
DEBUG:urllib3.connectionpool:https://accounts.google.com:443 "GET /v3/signin/identifier?continue=https%3A%2F%2Fcalendar.google.com%2Fcalendar%2Fevent%3Faction%3DTEMPLATE%26text%3DIrish%2BSpecial%2BInterest%2BGroup%2B%28SIG%29%26dates%3D20251215T130000%2F20251215T141500%26details%3D%253Cstrong%253EThe%2BIrish%2BSIG%2Bwill%2Bresume%2Bwith%2Ba%2Bdifferent%2Bapproach%2Bto%2BGenealogy%2BResearch.%25C2%25A0%2BDiscussions%2Bwill%2Bbe%2Bbased%2Bon%2Binput%2Bfrom%2Bthe%2Bgroup%2C%2Bwhich%2Bwill%2Bresult%2Bin%2Bchanging%2Btopics%2Beach%2Bmonth.%253C%2Fstrong%253EPastfinders%2Bwill%2Bsend%2Ban%2BEmail%2Bto%2BSIG%2Bmembers%2Bseveral%2Bdays%2Bprior%2Bto%2Beach%2Bmeeting.Pastfinders%2Bis%2Busing%2Bthe%2BZoom%2BVirtual%2BMeeting%2Bapp%2Bto%2Bhold%2Bthese%2Bmeetings%2Band%2Byou%2Bcan%2Bonly%2Bjoin%2Bthe%2Bmeeting%2Bby%2Busing%2Ba%2Blink%2Bprovided%2Bby%2BPastfinders.%25C2%25A0%2BYou%2Bcan%2Bregister%2Bfor%2Bthe%2Bseason%2Bhere%3A%253Cstrong%253E%25C2%25A0%253Ca%2Bhref%253D%2522https%3A%2F%2Fform.jotform.com%2FPastfindersSLC%2FJoin-Irish-SIG%2522%253EIrish%2BSIG%253C%2Fa%253E%25C2%25A0%253C%2Fstrong%253E%26location%26trp%3Dfalse%26sprop%3Dhttps%3A%2F%2Fwordpress-810691-5571285.cloudwaysapps.com%2Fevents%2Firish-special-interest-group-sig-2025-12-15%2F%26sprop%3Dname%3APastfinders%26ctz%3DAmerica%2FNew_York&emr=1&followup=https%3A%2F%2Fcalendar.google.com%2Fcalendar%2Fevent%3Faction%3DTEMPLATE%26text%3DIrish%2BSpecial%2BInterest%2BGroup%2B%28SIG%29%26dates%3D20251215T130000%2F20251215T141500%26details%3D%253Cstrong%253EThe%2BIrish%2BSIG%2Bwill%2Bresume%2Bwith%2Ba%2Bdifferent%2Bapproach%2Bto%2BGenealogy%2BResearch.%25C2%25A0%2BDiscussions%2Bwill%2Bbe%2Bbased%2Bon%2Binput%2Bfrom%2Bthe%2Bgroup%2C%2Bwhich%2Bwill%2Bresult%2Bin%2Bchanging%2Btopics%2Beach%2Bmonth.%253C%2Fstrong%253EPastfinders%2Bwill%2Bsend%2Ban%2BEmail%2Bto%2BSIG%2Bmembers%2Bseveral%2Bdays%2Bprior%2Bto%2Beach%2Bmeeting.Pastfinders%2Bis%2Busing%2Bthe%2BZoom%2BVirtual%2BMeeting%2Bapp%2Bto%2Bhold%2Bthese%2Bmeetings%2Band%2Byou%2Bcan%2Bonly%2Bjoin%2Bthe%2Bmeeting%2Bby%2Busing%2Ba%2Blink%2Bprovided%2Bby%2BPastfinders.%25C2%25A0%2BYou%2Bcan%2Bregister%2Bfor%2Bthe%2Bseason%2Bhere%3A%253Cstrong%253E%25C2%25A0%253Ca%2Bhref%253D%2522https%3A%2F%2Fform.jotform.com%2FPastfindersSLC%2FJoin-Irish-SIG%2522%253EIrish%2BSIG%253C%2Fa%253E%25C2%25A0%253C%2Fstrong%253E%26location%26trp%3Dfalse%26sprop%3Dhttps%3A%2F%2Fwordpress-810691-5571285.cloudwaysapps.com%2Fevents%2Firish-special-interest-group-sig-2025-12-15%2F%26sprop%3Dname%3APastfinders%26ctz%3DAmerica%2FNew_York&ifkv=AdBytiN74AJOgqEuxXEfKgtHHm4r1BHYZyr4DxLEOYNe3iVtffw9df0dEtFQIqLnVXeNTPHtmLERvw&osid=1&passive=1209600&service=cl&flowName=WebLiteSignIn&flowEntry=ServiceLogin&dsh=S-1374779387%3A1756758263604663 HTTP/1.1" 200 None
DEBUG:urllib3.connectionpool:https://accounts.google.com:443 "GET /ServiceLogin?service=cl&passive=1209600&osid=1&continue=https://calendar.google.com/calendar/event?action%3DTEMPLATE%26text%3DResearch%2BAssistance%26dates%3D20260812T130000/20260812T150000%26details%3DJoin%2Bus%2Bweekly%2Bin%2Bthe%2BGenealogy%2BRoom%2Bfor%2Bin-person%2Bhelp%2Bwith%2Byour%2Bresearch.%2BIt%25E2%2580%2599s%2Ba%2Bgreat%2Bchance%2Bto%2Bget%2Bone-on-one%2Bguidance,%2Bask%2Bquestions,%2Band%2Bconnect%2Bwith%2Bothers%2Bwho%2Bshare%2Byour%2Bpassion%2Bfor%2Bfamily%2Bhistory.%26location%3D2525%2BOakley%2BSeaver%2BDr,%2BClermont,%2BFL,%2B34711,%2BUnited%2BStates%26trp%3Dfalse%26sprop%3Dhttps://wordpress-810691-5571285.cloudwaysapps.com/events/research-assistance-2025-08-27-2025-09-03-2025-09-10-2025-09-17-2025-09-24-2025-10-01-2025-10-08-2025-10-15-2025-10-22-2025-10-29-2025-11-05-2025-11-12-2025-11-19-2025-11-26-2025-12-03-2-05-2026-08-12/%26sprop%3Dname:Pastfinders%26ctz%3DAmerica/New_York&followup=https://calendar.google.com/calendar/event?action%3DTEMPLATE%26text%3DResearch%2BAssistance%26dates%3D20260812T130000/20260812T150000%26details%3DJoin%2Bus%2Bweekly%2Bin%2Bthe%2BGenealogy%2BRoom%2Bfor%2Bin-person%2Bhelp%2Bwith%2Byour%2Bresearch.%2BIt%25E2%2580%2599s%2Ba%2Bgreat%2Bchance%2Bto%2Bget%2Bone-on-one%2Bguidance,%2Bask%2Bquestions,%2Band%2Bconnect%2Bwith%2Bothers%2Bwho%2Bshare%2Byour%2Bpassion%2Bfor%2Bfamily%2Bhistory.%26location%3D2525%2BOakley%2BSeaver%2BDr,%2BClermont,%2BFL,%2B34711,%2BUnited%2BStates%26trp%3Dfalse%26sprop%3Dhttps://wordpress-810691-5571285.cloudwaysapps.com/events/research-assistance-2025-08-27-2025-09-03-2025-09-10-2025-09-17-2025-09-24-2025-10-01-2025-10-08-2025-10-15-2025-10-22-2025-10-29-2025-11-05-2025-11-12-2025-11-19-2025-11-26-2025-12-03-2-05-2026-08-12/%26sprop%3Dname:Pastfinders%26ctz%3DAmerica/New_York&emr=1 HTTP/1.1" 302 0
DEBUG:urllib3.connectionpool:https://accounts.google.com:443 "GET /InteractiveLogin?continue=https://calendar.google.com/calendar/event?action%3DTEMPLATE%26text%3DResearch%2BAssistance%26dates%3D20260812T130000/20260812T150000%26details%3DJoin%2Bus%2Bweekly%2Bin%2Bthe%2BGenealogy%2BRoom%2Bfor%2Bin-person%2Bhelp%2Bwith%2Byour%2Bresearch.%2BIt%25E2%2580%2599s%2Ba%2Bgreat%2Bchance%2Bto%2Bget%2Bone-on-one%2Bguidance,%2Bask%2Bquestions,%2Band%2Bconnect%2Bwith%2Bothers%2Bwho%2Bshare%2Byour%2Bpassion%2Bfor%2Bfamily%2Bhistory.%26location%3D2525%2BOakley%2BSeaver%2BDr,%2BClermont,%2BFL,%2B34711,%2BUnited%2BStates%26trp%3Dfalse%26sprop%3Dhttps://wordpress-810691-5571285.cloudwaysapps.com/events/research-assistance-2025-08-27-2025-09-03-2025-09-10-2025-09-17-2025-09-24-2025-10-01-2025-10-08-2025-10-15-2025-10-22-2025-10-29-2025-11-05-2025-11-12-2025-11-19-2025-11-26-2025-12-03-2-05-2026-08-12/%26sprop%3Dname:Pastfinders%26ctz%3DAmerica/New_York&emr=1&followup=https://calendar.google.com/calendar/event?action%3DTEMPLATE%26text%3DResearch%2BAssistance%26dates%3D20260812T130000/20260812T150000%26details%3DJoin%2Bus%2Bweekly%2Bin%2Bthe%2BGenealogy%2BRoom%2Bfor%2Bin-person%2Bhelp%2Bwith%2Byour%2Bresearch.%2BIt%25E2%2580%2599s%2Ba%2Bgreat%2Bchance%2Bto%2Bget%2Bone-on-one%2Bguidance,%2Bask%2Bquestions,%2Band%2Bconnect%2Bwith%2Bothers%2Bwho%2Bshare%2Byour%2Bpassion%2Bfor%2Bfamily%2Bhistory.%26location%3D2525%2BOakley%2BSeaver%2BDr,%2BClermont,%2BFL,%2B34711,%2BUnited%2BStates%26trp%3Dfalse%26sprop%3Dhttps://wordpress-810691-5571285.cloudwaysapps.com/events/research-assistance-2025-08-27-2025-09-03-2025-09-10-2025-09-17-2025-09-24-2025-10-01-2025-10-08-2025-10-15-2025-10-22-2025-10-29-2025-11-05-2025-11-12-2025-11-19-2025-11-26-2025-12-03-2-05-2026-08-12/%26sprop%3Dname:Pastfinders%26ctz%3DAmerica/New_York&osid=1&passive=1209600&service=cl&ifkv=AdBytiNBCiJ9VdOhq3hjHE-fPhiEeuszTjwyKrNSr8hSqx9j3NhKTGiOkW7HLeQBJcpG2CgeecIidQ HTTP/1.1" 302 None
DEBUG:root:✅ Hyperlink OK: https://www.google.com/calendar/event?action=TEMPLATE&text=Irish+Special+Interest+Group+%28SIG%29&dates=20251215T130000/20251215T141500&details=%3Cstrong%3EThe+Irish+SIG+will+resume+with+a+different+approach+to+Genealogy+Research.%C2%A0+Discussions+will+be+based+on+input+from+the+group%2C+which+will+result+in+changing+topics+each+month.%3C%2Fstrong%3EPastfinders+will+send+an+Email+to+SIG+members+several+days+prior+to+each+meeting.Pastfinders+is+using+the+Zoom+Virtual+Meeting+app+to+hold+these+meetings+and+you+can+only+join+the+meeting+by+using+a+link+provided+by+Pastfinders.%C2%A0+You+can+register+for+the+season+here%3A%3Cstrong%3E%C2%A0%3Ca+href%3D%22https%3A%2F%2Fform.jotform.com%2FPastfindersSLC%2FJoin-Irish-SIG%22%3EIrish+SIG%3C%2Fa%3E%C2%A0%3C%2Fstrong%3E&location=&trp=false&sprop=https%3A%2F%2Fwordpress-810691-5571285.cloudwaysapps.com%2Fevents%2Firish-special-interest-group-sig-2025-12-15%2F&sprop=name:Pastfinders&ctz=America%2FNew_York
DEBUG:root:Checking external hyperlink: https://outlook.office.com/calendar/0/deeplink/compose?allday=false&body=%3Cstrong%3EThe+Irish+SIG+will+resume+with+a+different+approach+to+Genealogy+Research.%C2%A0+Discussions+will+be+based+on+input+from+the+group%2C+which+will+result+in+changing+topics+each+month.%3C%2Fstrong%3EPastfinders+will+send+an+Email+to+SIG+members+several+days+prior+to+each+meeting.Pastfinders+is+using+the+Zoom+Virtual+Meeting+app+to+hold+these+meetings+and+you+can+only+join+the+meeting+by+using+a+link+provided+by+Pastfinders.%C2%A0+You+can+register+for+the+season+here%3A%3Cstrong%3E%C2%A0%3Ca+href%3D%22https%3A%2F%2Fform.jotform.com%2FPastfindersSLC%2FJoin-Irish-SIG%22%3EIrish+SIG%3C%2Fa%3E%C2%A0%3C%2Fstrong%3E&location=&path=/calendar/action/compose&rru=addevent&startdt=2025-12-15T13%3A00%3A00-05%3A00&enddt=2025-12-15T14%3A15%3A00-05%3A00&subject=Irish+Special+Interest+Group+%28SIG%29
DEBUG:urllib3.connectionpool:Starting new HTTPS connection (1): outlook.office.com:443
DEBUG:urllib3.connectionpool:https://outlook.live.com:443 "GET /calendar/0/deeplink/compose?allday=false&body=Join+us+weekly+in+the+Genealogy+Room+for+in-person+help+with+your+research.+It%E2%80%99s+a+great+chance+to+get+one-on-one+guidance%2C+ask+questions%2C+and+connect+with+others+who+share+your+passion+for+family+history.&location=2525+Oakley+Seaver+Dr%2C+Clermont%2C+FL%2C+34711%2C+United+States&path=/calendar/action/compose&rru=addevent&startdt=2026-03-18T13%3A00%3A00-04%3A00&enddt=2026-03-18T15%3A00%3A00-04%3A00&subject=Research+Assistance HTTP/1.1" 200 None
DEBUG:root:✅ Hyperlink OK: https://outlook.live.com/calendar/0/deeplink/compose?allday=false&body=Join+us+weekly+in+the+Genealogy+Room+for+in-person+help+with+your+research.+It%E2%80%99s+a+great+chance+to+get+one-on-one+guidance%2C+ask+questions%2C+and+connect+with+others+who+share+your+passion+for+family+history.&location=2525+Oakley+Seaver+Dr%2C+Clermont%2C+FL%2C+34711%2C+United+States&path=/calendar/action/compose&rru=addevent&startdt=2026-03-18T13%3A00%3A00-04%3A00&enddt=2026-03-18T15%3A00%3A00-04%3A00&subject=Research+Assistance
DEBUG:root:Using regex pattern: \b[a-zA-Z]{3,}\b
DEBUG:root:Found 58 words to check in https://wordpress-810691-5571285.cloudwaysapps.com/events/research-assistance-2025-08-27-2025-09-03-2025-09-10-2025-09-17-2025-09-24-2025-10-01-2025-10-08-2025-10-15-2025-10-22-2025-10-29-2025-11-05-2025-11-12-2025-11-19-2025-11-26-2025-12-03-2-11-2026-03-18/ (min_length=3)
DEBUG:root:Sample words from https://wordpress-810691-5571285.cloudwaysapps.com/events/research-assistance-2025-08-27-2025-09-03-2025-09-10-2025-09-17-2025-09-24-2025-10-01-2025-10-08-2025-10-15-2025-10-22-2025-10-29-2025-11-05-2025-11-12-2025-11-19-2025-11-26-2025-12-03-2-11-2026-03-18/: ['This', 'alert', 'Skip', 'content', 'Research', 'Assistance', 'When', 'March', 'Add', 'Calendar']
DEBUG:root:Spell check results for https://wordpress-810691-5571285.cloudwaysapps.com/events/research-assistance-2025-08-27-2025-09-03-2025-09-10-2025-09-17-2025-09-24-2025-10-01-2025-10-08-2025-10-15-2025-10-22-2025-10-29-2025-11-05-2025-11-12-2025-11-19-2025-11-26-2025-12-03-2-11-2026-03-18/: 30 words checked, 28 skipped, 0 errors found
INFO:root:✅ Processed https://wordpress-810691-5571285.cloudwaysapps.com/events/research-assistance-2025-08-27-2025-09-03-2025-09-10-2025-09-17-2025-09-24-2025-10-01-2025-10-08-2025-10-15-2025-10-22-2025-10-29-2025-11-05-2025-11-12-2025-11-19-2025-11-26-2025-12-03-2-11-2026-03-18/: 0 errors found, 85 words checked
DEBUG:root:Attempting to fetch: https://wordpress-810691-5571285.cloudwaysapps.com/events/research-assistance-2025-08-27-2025-09-03-2025-09-10-2025-09-17-2025-09-24-2025-10-01-2025-10-08-2025-10-15-2025-10-22-2025-10-29-2025-11-05-2025-11-12-2025-11-19-2025-11-26-2025-12-03-2-11-2026-02-18/
Processing pages:  63%|██████▎   | 239/381 [02:19<01:09,  2.05it/s]DEBUG:urllib3.connectionpool:https://accounts.google.com:443 "GET /v3/signin/identifier?continue=https%3A%2F%2Fcalendar.google.com%2Fcalendar%2Fevent%3Faction%3DTEMPLATE%26text%3DResearch%2BAssistance%26dates%3D20260812T130000%2F20260812T150000%26details%3DJoin%2Bus%2Bweekly%2Bin%2Bthe%2BGenealogy%2BRoom%2Bfor%2Bin-person%2Bhelp%2Bwith%2Byour%2Bresearch.%2BIt%25E2%2580%2599s%2Ba%2Bgreat%2Bchance%2Bto%2Bget%2Bone-on-one%2Bguidance%2C%2Bask%2Bquestions%2C%2Band%2Bconnect%2Bwith%2Bothers%2Bwho%2Bshare%2Byour%2Bpassion%2Bfor%2Bfamily%2Bhistory.%26location%3D2525%2BOakley%2BSeaver%2BDr%2C%2BClermont%2C%2BFL%2C%2B34711%2C%2BUnited%2BStates%26trp%3Dfalse%26sprop%3Dhttps%3A%2F%2Fwordpress-810691-5571285.cloudwaysapps.com%2Fevents%2Fresearch-assistance-2025-08-27-2025-09-03-2025-09-10-2025-09-17-2025-09-24-2025-10-01-2025-10-08-2025-10-15-2025-10-22-2025-10-29-2025-11-05-2025-11-12-2025-11-19-2025-11-26-2025-12-03-2-05-2026-08-12%2F%26sprop%3Dname%3APastfinders%26ctz%3DAmerica%2FNew_York&emr=1&followup=https%3A%2F%2Fcalendar.google.com%2Fcalendar%2Fevent%3Faction%3DTEMPLATE%26text%3DResearch%2BAssistance%26dates%3D20260812T130000%2F20260812T150000%26details%3DJoin%2Bus%2Bweekly%2Bin%2Bthe%2BGenealogy%2BRoom%2Bfor%2Bin-person%2Bhelp%2Bwith%2Byour%2Bresearch.%2BIt%25E2%2580%2599s%2Ba%2Bgreat%2Bchance%2Bto%2Bget%2Bone-on-one%2Bguidance%2C%2Bask%2Bquestions%2C%2Band%2Bconnect%2Bwith%2Bothers%2Bwho%2Bshare%2Byour%2Bpassion%2Bfor%2Bfamily%2Bhistory.%26location%3D2525%2BOakley%2BSeaver%2BDr%2C%2BClermont%2C%2BFL%2C%2B34711%2C%2BUnited%2BStates%26trp%3Dfalse%26sprop%3Dhttps%3A%2F%2Fwordpress-810691-5571285.cloudwaysapps.com%2Fevents%2Fresearch-assistance-2025-08-27-2025-09-03-2025-09-10-2025-09-17-2025-09-24-2025-10-01-2025-10-08-2025-10-15-2025-10-22-2025-10-29-2025-11-05-2025-11-12-2025-11-19-2025-11-26-2025-12-03-2-05-2026-08-12%2F%26sprop%3Dname%3APastfinders%26ctz%3DAmerica%2FNew_York&ifkv=AdBytiMqzLvNOtUz8VYEayXeLxW6Np4ZGePyO11ahWkCF_K956NioeGFgTrniUJcUheTNSzMCOrMiw&osid=1&passive=1209600&service=cl&flowName=WebLiteSignIn&flowEntry=ServiceLogin&dsh=S873368438%3A1756758263814492 HTTP/1.1" 200 None
DEBUG:urllib3.connectionpool:https://outlook.live.com:443 "GET /calendar/0/deeplink/compose?allday=false&body=Join+us+weekly+in+the+Genealogy+Room+for+in-person+help+with+your+research.+It%E2%80%99s+a+great+chance+to+get+one-on-one+guidance%2C+ask+questions%2C+and+connect+with+others+who+share+your+passion+for+family+history.&location=2525+Oakley+Seaver+Dr%2C+Clermont%2C+FL%2C+34711%2C+United+States&path=/calendar/action/compose&rru=addevent&startdt=2025-12-24T13%3A00%3A00-05%3A00&enddt=2025-12-24T15%3A00%3A00-05%3A00&subject=Research+Assistance HTTP/1.1" 200 None
DEBUG:root:✅ Hyperlink OK: https://outlook.live.com/calendar/0/deeplink/compose?allday=false&body=Join+us+weekly+in+the+Genealogy+Room+for+in-person+help+with+your+research.+It%E2%80%99s+a+great+chance+to+get+one-on-one+guidance%2C+ask+questions%2C+and+connect+with+others+who+share+your+passion+for+family+history.&location=2525+Oakley+Seaver+Dr%2C+Clermont%2C+FL%2C+34711%2C+United+States&path=/calendar/action/compose&rru=addevent&startdt=2025-12-24T13%3A00%3A00-05%3A00&enddt=2025-12-24T15%3A00%3A00-05%3A00&subject=Research+Assistance
DEBUG:root:Using regex pattern: \b[a-zA-Z]{3,}\b
DEBUG:root:Found 58 words to check in https://wordpress-810691-5571285.cloudwaysapps.com/events/research-assistance-2025-08-27-2025-09-03-2025-09-10-2025-09-17-2025-09-24-2025-10-01-2025-10-08-2025-10-15-2025-10-22-2025-10-29-2025-11-05-2025-11-12-2025-11-19-2025-11-26-2025-12-03-2-17-2025-12-24/ (min_length=3)
DEBUG:root:Sample words from https://wordpress-810691-5571285.cloudwaysapps.com/events/research-assistance-2025-08-27-2025-09-03-2025-09-10-2025-09-17-2025-09-24-2025-10-01-2025-10-08-2025-10-15-2025-10-22-2025-10-29-2025-11-05-2025-11-12-2025-11-19-2025-11-26-2025-12-03-2-17-2025-12-24/: ['This', 'alert', 'Skip', 'content', 'Research', 'Assistance', 'When', 'December', 'Add', 'Calendar']
DEBUG:root:Spell check results for https://wordpress-810691-5571285.cloudwaysapps.com/events/research-assistance-2025-08-27-2025-09-03-2025-09-10-2025-09-17-2025-09-24-2025-10-01-2025-10-08-2025-10-15-2025-10-22-2025-10-29-2025-11-05-2025-11-12-2025-11-19-2025-11-26-2025-12-03-2-17-2025-12-24/: 30 words checked, 28 skipped, 0 errors found
INFO:root:✅ Processed https://wordpress-810691-5571285.cloudwaysapps.com/events/research-assistance-2025-08-27-2025-09-03-2025-09-10-2025-09-17-2025-09-24-2025-10-01-2025-10-08-2025-10-15-2025-10-22-2025-10-29-2025-11-05-2025-11-12-2025-11-19-2025-11-26-2025-12-03-2-17-2025-12-24/: 0 errors found, 85 words checked
DEBUG:root:Attempting to fetch: https://wordpress-810691-5571285.cloudwaysapps.com/libraries/mayflower-families-through-5-generations-john-alden-v16-p1/
DEBUG:urllib3.connectionpool:https://wordpress-810691-5571285.cloudwaysapps.com:443 "GET /events/research-assistance-2025-08-27-2025-09-03-2025-09-10-2025-09-17-2025-09-24-2025-10-01-2025-10-08-2025-10-15-2025-10-22-2025-10-29-2025-11-05-2025-11-12-2025-11-19-2025-11-26-2025-12-03-2-11-2026-02-18/ HTTP/1.1" 200 None
DEBUG:root:Successfully fetched https://wordpress-810691-5571285.cloudwaysapps.com/events/research-assistance-2025-08-27-2025-09-03-2025-09-10-2025-09-17-2025-09-24-2025-10-01-2025-10-08-2025-10-15-2025-10-22-2025-10-29-2025-11-05-2025-11-12-2025-11-19-2025-11-26-2025-12-03-2-11-2026-02-18/ (Content-Length: 44219)
DEBUG:charset_normalizer:Encoding detection: utf_8 is most likely the one.
DEBUG:root:Extracted 492 characters, 85 words from https://wordpress-810691-5571285.cloudwaysapps.com/events/research-assistance-2025-08-27-2025-09-03-2025-09-10-2025-09-17-2025-09-24-2025-10-01-2025-10-08-2025-10-15-2025-10-22-2025-10-29-2025-11-05-2025-11-12-2025-11-19-2025-11-26-2025-12-03-2-11-2026-02-18/
DEBUG:root:Checking external hyperlink: https://www.google.com/calendar/event?action=TEMPLATE&text=Research+Assistance&dates=20260218T130000/20260218T150000&details=Join+us+weekly+in+the+Genealogy+Room+for+in-person+help+with+your+research.+It%E2%80%99s+a+great+chance+to+get+one-on-one+guidance%2C+ask+questions%2C+and+connect+with+others+who+share+your+passion+for+family+history.&location=2525+Oakley+Seaver+Dr%2C+Clermont%2C+FL%2C+34711%2C+United+States&trp=false&sprop=https%3A%2F%2Fwordpress-810691-5571285.cloudwaysapps.com%2Fevents%2Fresearch-assistance-2025-08-27-2025-09-03-2025-09-10-2025-09-17-2025-09-24-2025-10-01-2025-10-08-2025-10-15-2025-10-22-2025-10-29-2025-11-05-2025-11-12-2025-11-19-2025-11-26-2025-12-03-2-11-2026-02-18%2F&sprop=name:Pastfinders&ctz=America%2FNew_York
DEBUG:urllib3.connectionpool:Starting new HTTPS connection (1): www.google.com:443
DEBUG:urllib3.connectionpool:https://wordpress-810691-5571285.cloudwaysapps.com:443 "GET /libraries/mayflower-families-through-5-generations-john-alden-v16-p1/ HTTP/1.1" 200 None
DEBUG:root:Successfully fetched https://wordpress-810691-5571285.cloudwaysapps.com/libraries/mayflower-families-through-5-generations-john-alden-v16-p1/ (Content-Length: 36549)
DEBUG:urllib3.connectionpool:https://outlook.office.com:443 "GET /calendar/0/deeplink/compose?allday=false&body=%3Cstrong%3EThe+Irish+SIG+will+resume+with+a+different+approach+to+Genealogy+Research.%C2%A0+Discussions+will+be+based+on+input+from+the+group%2C+which+will+result+in+changing+topics+each+month.%3C%2Fstrong%3EPastfinders+will+send+an+Email+to+SIG+members+several+days+prior+to+each+meeting.Pastfinders+is+using+the+Zoom+Virtual+Meeting+app+to+hold+these+meetings+and+you+can+only+join+the+meeting+by+using+a+link+provided+by+Pastfinders.%C2%A0+You+can+register+for+the+season+here%3A%3Cstrong%3E%C2%A0%3Ca+href%3D%22https%3A%2F%2Fform.jotform.com%2FPastfindersSLC%2FJoin-Irish-SIG%22%3EIrish+SIG%3C%2Fa%3E%C2%A0%3C%2Fstrong%3E&location=&path=/calendar/action/compose&rru=addevent&startdt=2025-12-15T13%3A00%3A00-05%3A00&enddt=2025-12-15T14%3A15%3A00-05%3A00&subject=Irish+Special+Interest+Group+%28SIG%29 HTTP/1.1" 200 None
DEBUG:charset_normalizer:Encoding detection: utf_8 is most likely the one.
DEBUG:root:✅ Hyperlink OK: https://outlook.office.com/calendar/0/deeplink/compose?allday=false&body=%3Cstrong%3EThe+Irish+SIG+will+resume+with+a+different+approach+to+Genealogy+Research.%C2%A0+Discussions+will+be+based+on+input+from+the+group%2C+which+will+result+in+changing+topics+each+month.%3C%2Fstrong%3EPastfinders+will+send+an+Email+to+SIG+members+several+days+prior+to+each+meeting.Pastfinders+is+using+the+Zoom+Virtual+Meeting+app+to+hold+these+meetings+and+you+can+only+join+the+meeting+by+using+a+link+provided+by+Pastfinders.%C2%A0+You+can+register+for+the+season+here%3A%3Cstrong%3E%C2%A0%3Ca+href%3D%22https%3A%2F%2Fform.jotform.com%2FPastfindersSLC%2FJoin-Irish-SIG%22%3EIrish+SIG%3C%2Fa%3E%C2%A0%3C%2Fstrong%3E&location=&path=/calendar/action/compose&rru=addevent&startdt=2025-12-15T13%3A00%3A00-05%3A00&enddt=2025-12-15T14%3A15%3A00-05%3A00&subject=Irish+Special+Interest+Group+%28SIG%29
DEBUG:root:Checking external hyperlink: https://outlook.live.com/calendar/0/deeplink/compose?allday=false&body=%3Cstrong%3EThe+Irish+SIG+will+resume+with+a+different+approach+to+Genealogy+Research.%C2%A0+Discussions+will+be+based+on+input+from+the+group%2C+which+will+result+in+changing+topics+each+month.%3C%2Fstrong%3EPastfinders+will+send+an+Email+to+SIG+members+several+days+prior+to+each+meeting.Pastfinders+is+using+the+Zoom+Virtual+Meeting+app+to+hold+these+meetings+and+you+can+only+join+the+meeting+by+using+a+link+provided+by+Pastfinders.%C2%A0+You+can+register+for+the+season+here%3A%3Cstrong%3E%C2%A0%3Ca+href%3D%22https%3A%2F%2Fform.jotform.com%2FPastfindersSLC%2FJoin-Irish-SIG%22%3EIrish+SIG%3C%2Fa%3E%C2%A0%3C%2Fstrong%3E&location=&path=/calendar/action/compose&rru=addevent&startdt=2025-12-15T13%3A00%3A00-05%3A00&enddt=2025-12-15T14%3A15%3A00-05%3A00&subject=Irish+Special+Interest+Group+%28SIG%29
DEBUG:root:✅ Hyperlink OK: https://www.google.com/calendar/event?action=TEMPLATE&text=Research+Assistance&dates=20260812T130000/20260812T150000&details=Join+us+weekly+in+the+Genealogy+Room+for+in-person+help+with+your+research.+It%E2%80%99s+a+great+chance+to+get+one-on-one+guidance%2C+ask+questions%2C+and+connect+with+others+who+share+your+passion+for+family+history.&location=2525+Oakley+Seaver+Dr%2C+Clermont%2C+FL%2C+34711%2C+United+States&trp=false&sprop=https%3A%2F%2Fwordpress-810691-5571285.cloudwaysapps.com%2Fevents%2Fresearch-assistance-2025-08-27-2025-09-03-2025-09-10-2025-09-17-2025-09-24-2025-10-01-2025-10-08-2025-10-15-2025-10-22-2025-10-29-2025-11-05-2025-11-12-2025-11-19-2025-11-26-2025-12-03-2-05-2026-08-12%2F&sprop=name:Pastfinders&ctz=America%2FNew_York
DEBUG:root:Checking external hyperlink: https://outlook.office.com/calendar/0/deeplink/compose?allday=false&body=Join+us+weekly+in+the+Genealogy+Room+for+in-person+help+with+your+research.+It%E2%80%99s+a+great+chance+to+get+one-on-one+guidance%2C+ask+questions%2C+and+connect+with+others+who+share+your+passion+for+family+history.&location=2525+Oakley+Seaver+Dr%2C+Clermont%2C+FL%2C+34711%2C+United+States&path=/calendar/action/compose&rru=addevent&startdt=2026-08-12T13%3A00%3A00-04%3A00&enddt=2026-08-12T15%3A00%3A00-04%3A00&subject=Research+Assistance
DEBUG:urllib3.connectionpool:Starting new HTTPS connection (1): outlook.live.com:443
DEBUG:urllib3.connectionpool:Starting new HTTPS connection (1): outlook.office.com:443
DEBUG:root:Extracted 124 characters, 22 words from https://wordpress-810691-5571285.cloudwaysapps.com/libraries/mayflower-families-through-5-generations-john-alden-v16-p1/
DEBUG:root:Using regex pattern: \b[a-zA-Z]{3,}\b
DEBUG:root:Found 11 words to check in https://wordpress-810691-5571285.cloudwaysapps.com/libraries/mayflower-families-through-5-generations-john-alden-v16-p1/ (min_length=3)
DEBUG:root:Sample words from https://wordpress-810691-5571285.cloudwaysapps.com/libraries/mayflower-families-through-5-generations-john-alden-v16-p1/: ['This', 'alert', 'Skip', 'content', 'Mayflower', 'Families', 'through', 'Generations', 'John', 'Alden']
DEBUG:root:Spell check results for https://wordpress-810691-5571285.cloudwaysapps.com/libraries/mayflower-families-through-5-generations-john-alden-v16-p1/: 3 words checked, 8 skipped, 0 errors found
INFO:root:✅ Processed https://wordpress-810691-5571285.cloudwaysapps.com/libraries/mayflower-families-through-5-generations-john-alden-v16-p1/: 0 errors found, 22 words checked
DEBUG:root:Attempting to fetch: https://wordpress-810691-5571285.cloudwaysapps.com/resources/central-florida-genealogical-society/
Processing pages:  63%|██████▎   | 241/381 [02:19<00:48,  2.91it/s]DEBUG:urllib3.connectionpool:https://wordpress-810691-5571285.cloudwaysapps.com:443 "GET /resources/central-florida-genealogical-society/ HTTP/1.1" 200 None
DEBUG:root:Successfully fetched https://wordpress-810691-5571285.cloudwaysapps.com/resources/central-florida-genealogical-society/ (Content-Length: 38972)
DEBUG:charset_normalizer:Encoding detection: utf_8 is most likely the one.
DEBUG:urllib3.connectionpool:https://www.google.com:443 "GET /calendar/event?action=TEMPLATE&text=Research+Assistance&dates=20260218T130000/20260218T150000&details=Join+us+weekly+in+the+Genealogy+Room+for+in-person+help+with+your+research.+It%E2%80%99s+a+great+chance+to+get+one-on-one+guidance%2C+ask+questions%2C+and+connect+with+others+who+share+your+passion+for+family+history.&location=2525+Oakley+Seaver+Dr%2C+Clermont%2C+FL%2C+34711%2C+United+States&trp=false&sprop=https%3A%2F%2Fwordpress-810691-5571285.cloudwaysapps.com%2Fevents%2Fresearch-assistance-2025-08-27-2025-09-03-2025-09-10-2025-09-17-2025-09-24-2025-10-01-2025-10-08-2025-10-15-2025-10-22-2025-10-29-2025-11-05-2025-11-12-2025-11-19-2025-11-26-2025-12-03-2-11-2026-02-18%2F&sprop=name:Pastfinders&ctz=America%2FNew_York HTTP/1.1" 302 0
DEBUG:root:Extracted 683 characters, 104 words from https://wordpress-810691-5571285.cloudwaysapps.com/resources/central-florida-genealogical-society/
DEBUG:root:Using regex pattern: \b[a-zA-Z]{3,}\b
DEBUG:root:Found 83 words to check in https://wordpress-810691-5571285.cloudwaysapps.com/resources/central-florida-genealogical-society/ (min_length=3)
DEBUG:root:Sample words from https://wordpress-810691-5571285.cloudwaysapps.com/resources/central-florida-genealogical-society/: ['This', 'alert', 'Skip', 'content', 'Central', 'Florida', 'Genealogical', 'Society', 'June', 'The']
DEBUG:root:Spell check results for https://wordpress-810691-5571285.cloudwaysapps.com/resources/central-florida-genealogical-society/: 39 words checked, 44 skipped, 0 errors found
INFO:root:✅ Processed https://wordpress-810691-5571285.cloudwaysapps.com/resources/central-florida-genealogical-society/: 0 errors found, 104 words checked
DEBUG:root:Attempting to fetch: https://wordpress-810691-5571285.cloudwaysapps.com/events/research-assistance-2025-08-27-2025-09-03-2025-09-10-2025-09-17-2025-09-24-2025-10-01-2025-10-08-2025-10-15-2025-10-22-2025-10-29-2025-11-05-2025-11-12-2025-11-19-2025-11-26-2025-12-03-2-21-2026-01-28/
Processing pages:  64%|██████▎   | 242/381 [02:20<00:40,  3.40it/s]DEBUG:urllib3.connectionpool:Starting new HTTPS connection (1): calendar.google.com:443
DEBUG:root:✅ Document OK: https://pastfindersslc.org/upload/newsletters/2001_Summer_August.pdf
DEBUG:root:Checking external document: https://pastfindersslc.org/upload/newsletters/2001_Spring__May.pdf
DEBUG:urllib3.connectionpool:Starting new HTTPS connection (1): pastfindersslc.org:443
DEBUG:urllib3.connectionpool:https://wordpress-810691-5571285.cloudwaysapps.com:443 "GET /events/research-assistance-2025-08-27-2025-09-03-2025-09-10-2025-09-17-2025-09-24-2025-10-01-2025-10-08-2025-10-15-2025-10-22-2025-10-29-2025-11-05-2025-11-12-2025-11-19-2025-11-26-2025-12-03-2-21-2026-01-28/ HTTP/1.1" 200 None
DEBUG:root:Successfully fetched https://wordpress-810691-5571285.cloudwaysapps.com/events/research-assistance-2025-08-27-2025-09-03-2025-09-10-2025-09-17-2025-09-24-2025-10-01-2025-10-08-2025-10-15-2025-10-22-2025-10-29-2025-11-05-2025-11-12-2025-11-19-2025-11-26-2025-12-03-2-21-2026-01-28/ (Content-Length: 44215)
DEBUG:charset_normalizer:Encoding detection: utf_8 is most likely the one.
DEBUG:root:Extracted 491 characters, 85 words from https://wordpress-810691-5571285.cloudwaysapps.com/events/research-assistance-2025-08-27-2025-09-03-2025-09-10-2025-09-17-2025-09-24-2025-10-01-2025-10-08-2025-10-15-2025-10-22-2025-10-29-2025-11-05-2025-11-12-2025-11-19-2025-11-26-2025-12-03-2-21-2026-01-28/
DEBUG:root:Checking external hyperlink: https://www.google.com/calendar/event?action=TEMPLATE&text=Research+Assistance&dates=20260128T130000/20260128T150000&details=Join+us+weekly+in+the+Genealogy+Room+for+in-person+help+with+your+research.+It%E2%80%99s+a+great+chance+to+get+one-on-one+guidance%2C+ask+questions%2C+and+connect+with+others+who+share+your+passion+for+family+history.&location=2525+Oakley+Seaver+Dr%2C+Clermont%2C+FL%2C+34711%2C+United+States&trp=false&sprop=https%3A%2F%2Fwordpress-810691-5571285.cloudwaysapps.com%2Fevents%2Fresearch-assistance-2025-08-27-2025-09-03-2025-09-10-2025-09-17-2025-09-24-2025-10-01-2025-10-08-2025-10-15-2025-10-22-2025-10-29-2025-11-05-2025-11-12-2025-11-19-2025-11-26-2025-12-03-2-21-2026-01-28%2F&sprop=name:Pastfinders&ctz=America%2FNew_York
DEBUG:urllib3.connectionpool:Starting new HTTPS connection (1): www.google.com:443
DEBUG:urllib3.connectionpool:https://outlook.office.com:443 "GET /calendar/0/deeplink/compose?allday=false&body=Join+us+weekly+in+the+Genealogy+Room+for+in-person+help+with+your+research.+It%E2%80%99s+a+great+chance+to+get+one-on-one+guidance%2C+ask+questions%2C+and+connect+with+others+who+share+your+passion+for+family+history.&location=2525+Oakley+Seaver+Dr%2C+Clermont%2C+FL%2C+34711%2C+United+States&path=/calendar/action/compose&rru=addevent&startdt=2026-08-12T13%3A00%3A00-04%3A00&enddt=2026-08-12T15%3A00%3A00-04%3A00&subject=Research+Assistance HTTP/1.1" 200 None
DEBUG:root:✅ Hyperlink OK: https://outlook.office.com/calendar/0/deeplink/compose?allday=false&body=Join+us+weekly+in+the+Genealogy+Room+for+in-person+help+with+your+research.+It%E2%80%99s+a+great+chance+to+get+one-on-one+guidance%2C+ask+questions%2C+and+connect+with+others+who+share+your+passion+for+family+history.&location=2525+Oakley+Seaver+Dr%2C+Clermont%2C+FL%2C+34711%2C+United+States&path=/calendar/action/compose&rru=addevent&startdt=2026-08-12T13%3A00%3A00-04%3A00&enddt=2026-08-12T15%3A00%3A00-04%3A00&subject=Research+Assistance
DEBUG:root:Checking external hyperlink: https://outlook.live.com/calendar/0/deeplink/compose?allday=false&body=Join+us+weekly+in+the+Genealogy+Room+for+in-person+help+with+your+research.+It%E2%80%99s+a+great+chance+to+get+one-on-one+guidance%2C+ask+questions%2C+and+connect+with+others+who+share+your+passion+for+family+history.&location=2525+Oakley+Seaver+Dr%2C+Clermont%2C+FL%2C+34711%2C+United+States&path=/calendar/action/compose&rru=addevent&startdt=2026-08-12T13%3A00%3A00-04%3A00&enddt=2026-08-12T15%3A00%3A00-04%3A00&subject=Research+Assistance
DEBUG:urllib3.connectionpool:Starting new HTTPS connection (1): outlook.live.com:443
DEBUG:urllib3.connectionpool:https://outlook.live.com:443 "GET /calendar/0/deeplink/compose?allday=false&body=%3Cstrong%3EThe+Irish+SIG+will+resume+with+a+different+approach+to+Genealogy+Research.%C2%A0+Discussions+will+be+based+on+input+from+the+group%2C+which+will+result+in+changing+topics+each+month.%3C%2Fstrong%3EPastfinders+will+send+an+Email+to+SIG+members+several+days+prior+to+each+meeting.Pastfinders+is+using+the+Zoom+Virtual+Meeting+app+to+hold+these+meetings+and+you+can+only+join+the+meeting+by+using+a+link+provided+by+Pastfinders.%C2%A0+You+can+register+for+the+season+here%3A%3Cstrong%3E%C2%A0%3Ca+href%3D%22https%3A%2F%2Fform.jotform.com%2FPastfindersSLC%2FJoin-Irish-SIG%22%3EIrish+SIG%3C%2Fa%3E%C2%A0%3C%2Fstrong%3E&location=&path=/calendar/action/compose&rru=addevent&startdt=2025-12-15T13%3A00%3A00-05%3A00&enddt=2025-12-15T14%3A15%3A00-05%3A00&subject=Irish+Special+Interest+Group+%28SIG%29 HTTP/1.1" 200 None
DEBUG:root:✅ Hyperlink OK: https://outlook.live.com/calendar/0/deeplink/compose?allday=false&body=%3Cstrong%3EThe+Irish+SIG+will+resume+with+a+different+approach+to+Genealogy+Research.%C2%A0+Discussions+will+be+based+on+input+from+the+group%2C+which+will+result+in+changing+topics+each+month.%3C%2Fstrong%3EPastfinders+will+send+an+Email+to+SIG+members+several+days+prior+to+each+meeting.Pastfinders+is+using+the+Zoom+Virtual+Meeting+app+to+hold+these+meetings+and+you+can+only+join+the+meeting+by+using+a+link+provided+by+Pastfinders.%C2%A0+You+can+register+for+the+season+here%3A%3Cstrong%3E%C2%A0%3Ca+href%3D%22https%3A%2F%2Fform.jotform.com%2FPastfindersSLC%2FJoin-Irish-SIG%22%3EIrish+SIG%3C%2Fa%3E%C2%A0%3C%2Fstrong%3E&location=&path=/calendar/action/compose&rru=addevent&startdt=2025-12-15T13%3A00%3A00-05%3A00&enddt=2025-12-15T14%3A15%3A00-05%3A00&subject=Irish+Special+Interest+Group+%28SIG%29
DEBUG:root:Checking internal image: https://wordpress-810691-5571285.cloudwaysapps.com/wp-content/uploads/2025/05/1731545940_Iloveirish-1.jpg
DEBUG:urllib3.connectionpool:Starting new HTTPS connection (1): wordpress-810691-5571285.cloudwaysapps.com:443
DEBUG:urllib3.connectionpool:https://pastfindersslc.org:443 "GET /upload/newsletters/2001_Spring__May.pdf HTTP/1.1" 200 6294666
DEBUG:urllib3.connectionpool:https://calendar.google.com:443 "GET /calendar/event?action=TEMPLATE&text=Research+Assistance&dates=20260218T130000/20260218T150000&details=Join+us+weekly+in+the+Genealogy+Room+for+in-person+help+with+your+research.+It%E2%80%99s+a+great+chance+to+get+one-on-one+guidance,+ask+questions,+and+connect+with+others+who+share+your+passion+for+family+history.&location=2525+Oakley+Seaver+Dr,+Clermont,+FL,+34711,+United+States&trp=false&sprop=https://wordpress-810691-5571285.cloudwaysapps.com/events/research-assistance-2025-08-27-2025-09-03-2025-09-10-2025-09-17-2025-09-24-2025-10-01-2025-10-08-2025-10-15-2025-10-22-2025-10-29-2025-11-05-2025-11-12-2025-11-19-2025-11-26-2025-12-03-2-11-2026-02-18/&sprop=name:Pastfinders&ctz=America/New_York HTTP/1.1" 302 0
DEBUG:urllib3.connectionpool:Starting new HTTPS connection (1): accounts.google.com:443
DEBUG:urllib3.connectionpool:https://www.google.com:443 "GET /calendar/event?action=TEMPLATE&text=Research+Assistance&dates=20260128T130000/20260128T150000&details=Join+us+weekly+in+the+Genealogy+Room+for+in-person+help+with+your+research.+It%E2%80%99s+a+great+chance+to+get+one-on-one+guidance%2C+ask+questions%2C+and+connect+with+others+who+share+your+passion+for+family+history.&location=2525+Oakley+Seaver+Dr%2C+Clermont%2C+FL%2C+34711%2C+United+States&trp=false&sprop=https%3A%2F%2Fwordpress-810691-5571285.cloudwaysapps.com%2Fevents%2Fresearch-assistance-2025-08-27-2025-09-03-2025-09-10-2025-09-17-2025-09-24-2025-10-01-2025-10-08-2025-10-15-2025-10-22-2025-10-29-2025-11-05-2025-11-12-2025-11-19-2025-11-26-2025-12-03-2-21-2026-01-28%2F&sprop=name:Pastfinders&ctz=America%2FNew_York HTTP/1.1" 302 0
DEBUG:urllib3.connectionpool:Starting new HTTPS connection (1): calendar.google.com:443
DEBUG:urllib3.connectionpool:https://outlook.live.com:443 "GET /calendar/0/deeplink/compose?allday=false&body=Join+us+weekly+in+the+Genealogy+Room+for+in-person+help+with+your+research.+It%E2%80%99s+a+great+chance+to+get+one-on-one+guidance%2C+ask+questions%2C+and+connect+with+others+who+share+your+passion+for+family+history.&location=2525+Oakley+Seaver+Dr%2C+Clermont%2C+FL%2C+34711%2C+United+States&path=/calendar/action/compose&rru=addevent&startdt=2026-08-12T13%3A00%3A00-04%3A00&enddt=2026-08-12T15%3A00%3A00-04%3A00&subject=Research+Assistance HTTP/1.1" 200 None
DEBUG:urllib3.connectionpool:https://accounts.google.com:443 "GET /ServiceLogin?service=cl&passive=1209600&osid=1&continue=https://calendar.google.com/calendar/event?action%3DTEMPLATE%26text%3DResearch%2BAssistance%26dates%3D20260218T130000/20260218T150000%26details%3DJoin%2Bus%2Bweekly%2Bin%2Bthe%2BGenealogy%2BRoom%2Bfor%2Bin-person%2Bhelp%2Bwith%2Byour%2Bresearch.%2BIt%25E2%2580%2599s%2Ba%2Bgreat%2Bchance%2Bto%2Bget%2Bone-on-one%2Bguidance,%2Bask%2Bquestions,%2Band%2Bconnect%2Bwith%2Bothers%2Bwho%2Bshare%2Byour%2Bpassion%2Bfor%2Bfamily%2Bhistory.%26location%3D2525%2BOakley%2BSeaver%2BDr,%2BClermont,%2BFL,%2B34711,%2BUnited%2BStates%26trp%3Dfalse%26sprop%3Dhttps://wordpress-810691-5571285.cloudwaysapps.com/events/research-assistance-2025-08-27-2025-09-03-2025-09-10-2025-09-17-2025-09-24-2025-10-01-2025-10-08-2025-10-15-2025-10-22-2025-10-29-2025-11-05-2025-11-12-2025-11-19-2025-11-26-2025-12-03-2-11-2026-02-18/%26sprop%3Dname:Pastfinders%26ctz%3DAmerica/New_York&followup=https://calendar.google.com/calendar/event?action%3DTEMPLATE%26text%3DResearch%2BAssistance%26dates%3D20260218T130000/20260218T150000%26details%3DJoin%2Bus%2Bweekly%2Bin%2Bthe%2BGenealogy%2BRoom%2Bfor%2Bin-person%2Bhelp%2Bwith%2Byour%2Bresearch.%2BIt%25E2%2580%2599s%2Ba%2Bgreat%2Bchance%2Bto%2Bget%2Bone-on-one%2Bguidance,%2Bask%2Bquestions,%2Band%2Bconnect%2Bwith%2Bothers%2Bwho%2Bshare%2Byour%2Bpassion%2Bfor%2Bfamily%2Bhistory.%26location%3D2525%2BOakley%2BSeaver%2BDr,%2BClermont,%2BFL,%2B34711,%2BUnited%2BStates%26trp%3Dfalse%26sprop%3Dhttps://wordpress-810691-5571285.cloudwaysapps.com/events/research-assistance-2025-08-27-2025-09-03-2025-09-10-2025-09-17-2025-09-24-2025-10-01-2025-10-08-2025-10-15-2025-10-22-2025-10-29-2025-11-05-2025-11-12-2025-11-19-2025-11-26-2025-12-03-2-11-2026-02-18/%26sprop%3Dname:Pastfinders%26ctz%3DAmerica/New_York&emr=1 HTTP/1.1" 302 0
DEBUG:root:✅ Hyperlink OK: https://outlook.live.com/calendar/0/deeplink/compose?allday=false&body=Join+us+weekly+in+the+Genealogy+Room+for+in-person+help+with+your+research.+It%E2%80%99s+a+great+chance+to+get+one-on-one+guidance%2C+ask+questions%2C+and+connect+with+others+who+share+your+passion+for+family+history.&location=2525+Oakley+Seaver+Dr%2C+Clermont%2C+FL%2C+34711%2C+United+States&path=/calendar/action/compose&rru=addevent&startdt=2026-08-12T13%3A00%3A00-04%3A00&enddt=2026-08-12T15%3A00%3A00-04%3A00&subject=Research+Assistance
DEBUG:root:Using regex pattern: \b[a-zA-Z]{3,}\b
DEBUG:root:Found 58 words to check in https://wordpress-810691-5571285.cloudwaysapps.com/events/research-assistance-2025-08-27-2025-09-03-2025-09-10-2025-09-17-2025-09-24-2025-10-01-2025-10-08-2025-10-15-2025-10-22-2025-10-29-2025-11-05-2025-11-12-2025-11-19-2025-11-26-2025-12-03-2-05-2026-08-12/ (min_length=3)
DEBUG:root:Sample words from https://wordpress-810691-5571285.cloudwaysapps.com/events/research-assistance-2025-08-27-2025-09-03-2025-09-10-2025-09-17-2025-09-24-2025-10-01-2025-10-08-2025-10-15-2025-10-22-2025-10-29-2025-11-05-2025-11-12-2025-11-19-2025-11-26-2025-12-03-2-05-2026-08-12/: ['This', 'alert', 'Skip', 'content', 'Research', 'Assistance', 'When', 'August', 'Add', 'Calendar']
DEBUG:root:Spell check results for https://wordpress-810691-5571285.cloudwaysapps.com/events/research-assistance-2025-08-27-2025-09-03-2025-09-10-2025-09-17-2025-09-24-2025-10-01-2025-10-08-2025-10-15-2025-10-22-2025-10-29-2025-11-05-2025-11-12-2025-11-19-2025-11-26-2025-12-03-2-05-2026-08-12/: 30 words checked, 28 skipped, 0 errors found
INFO:root:✅ Processed https://wordpress-810691-5571285.cloudwaysapps.com/events/research-assistance-2025-08-27-2025-09-03-2025-09-10-2025-09-17-2025-09-24-2025-10-01-2025-10-08-2025-10-15-2025-10-22-2025-10-29-2025-11-05-2025-11-12-2025-11-19-2025-11-26-2025-12-03-2-05-2026-08-12/: 0 errors found, 85 words checked
DEBUG:root:Attempting to fetch: https://wordpress-810691-5571285.cloudwaysapps.com/galleries/2015-pastfinders-news/
Processing pages:  64%|██████▍   | 243/381 [02:20<00:42,  3.25it/s]DEBUG:urllib3.connectionpool:https://accounts.google.com:443 "GET /InteractiveLogin?continue=https://calendar.google.com/calendar/event?action%3DTEMPLATE%26text%3DResearch%2BAssistance%26dates%3D20260218T130000/20260218T150000%26details%3DJoin%2Bus%2Bweekly%2Bin%2Bthe%2BGenealogy%2BRoom%2Bfor%2Bin-person%2Bhelp%2Bwith%2Byour%2Bresearch.%2BIt%25E2%2580%2599s%2Ba%2Bgreat%2Bchance%2Bto%2Bget%2Bone-on-one%2Bguidance,%2Bask%2Bquestions,%2Band%2Bconnect%2Bwith%2Bothers%2Bwho%2Bshare%2Byour%2Bpassion%2Bfor%2Bfamily%2Bhistory.%26location%3D2525%2BOakley%2BSeaver%2BDr,%2BClermont,%2BFL,%2B34711,%2BUnited%2BStates%26trp%3Dfalse%26sprop%3Dhttps://wordpress-810691-5571285.cloudwaysapps.com/events/research-assistance-2025-08-27-2025-09-03-2025-09-10-2025-09-17-2025-09-24-2025-10-01-2025-10-08-2025-10-15-2025-10-22-2025-10-29-2025-11-05-2025-11-12-2025-11-19-2025-11-26-2025-12-03-2-11-2026-02-18/%26sprop%3Dname:Pastfinders%26ctz%3DAmerica/New_York&emr=1&followup=https://calendar.google.com/calendar/event?action%3DTEMPLATE%26text%3DResearch%2BAssistance%26dates%3D20260218T130000/20260218T150000%26details%3DJoin%2Bus%2Bweekly%2Bin%2Bthe%2BGenealogy%2BRoom%2Bfor%2Bin-person%2Bhelp%2Bwith%2Byour%2Bresearch.%2BIt%25E2%2580%2599s%2Ba%2Bgreat%2Bchance%2Bto%2Bget%2Bone-on-one%2Bguidance,%2Bask%2Bquestions,%2Band%2Bconnect%2Bwith%2Bothers%2Bwho%2Bshare%2Byour%2Bpassion%2Bfor%2Bfamily%2Bhistory.%26location%3D2525%2BOakley%2BSeaver%2BDr,%2BClermont,%2BFL,%2B34711,%2BUnited%2BStates%26trp%3Dfalse%26sprop%3Dhttps://wordpress-810691-5571285.cloudwaysapps.com/events/research-assistance-2025-08-27-2025-09-03-2025-09-10-2025-09-17-2025-09-24-2025-10-01-2025-10-08-2025-10-15-2025-10-22-2025-10-29-2025-11-05-2025-11-12-2025-11-19-2025-11-26-2025-12-03-2-11-2026-02-18/%26sprop%3Dname:Pastfinders%26ctz%3DAmerica/New_York&osid=1&passive=1209600&service=cl&ifkv=AdBytiM_fMjrw8EwwzHs3bGUI9lAxsf9i2NSpxj0Jy9uQVwpYE4b5we_YqtmwBAKXxN4QBKFKmh7Mg HTTP/1.1" 302 None
DEBUG:urllib3.connectionpool:https://wordpress-810691-5571285.cloudwaysapps.com:443 "GET /wp-content/uploads/2025/05/1731545940_Iloveirish-1.jpg HTTP/1.1" 200 678573
DEBUG:urllib3.connectionpool:https://calendar.google.com:443 "GET /calendar/event?action=TEMPLATE&text=Research+Assistance&dates=20260128T130000/20260128T150000&details=Join+us+weekly+in+the+Genealogy+Room+for+in-person+help+with+your+research.+It%E2%80%99s+a+great+chance+to+get+one-on-one+guidance,+ask+questions,+and+connect+with+others+who+share+your+passion+for+family+history.&location=2525+Oakley+Seaver+Dr,+Clermont,+FL,+34711,+United+States&trp=false&sprop=https://wordpress-810691-5571285.cloudwaysapps.com/events/research-assistance-2025-08-27-2025-09-03-2025-09-10-2025-09-17-2025-09-24-2025-10-01-2025-10-08-2025-10-15-2025-10-22-2025-10-29-2025-11-05-2025-11-12-2025-11-19-2025-11-26-2025-12-03-2-21-2026-01-28/&sprop=name:Pastfinders&ctz=America/New_York HTTP/1.1" 302 0
DEBUG:urllib3.connectionpool:Starting new HTTPS connection (1): accounts.google.com:443
DEBUG:urllib3.connectionpool:https://accounts.google.com:443 "GET /v3/signin/identifier?continue=https%3A%2F%2Fcalendar.google.com%2Fcalendar%2Fevent%3Faction%3DTEMPLATE%26text%3DResearch%2BAssistance%26dates%3D20260218T130000%2F20260218T150000%26details%3DJoin%2Bus%2Bweekly%2Bin%2Bthe%2BGenealogy%2BRoom%2Bfor%2Bin-person%2Bhelp%2Bwith%2Byour%2Bresearch.%2BIt%25E2%2580%2599s%2Ba%2Bgreat%2Bchance%2Bto%2Bget%2Bone-on-one%2Bguidance%2C%2Bask%2Bquestions%2C%2Band%2Bconnect%2Bwith%2Bothers%2Bwho%2Bshare%2Byour%2Bpassion%2Bfor%2Bfamily%2Bhistory.%26location%3D2525%2BOakley%2BSeaver%2BDr%2C%2BClermont%2C%2BFL%2C%2B34711%2C%2BUnited%2BStates%26trp%3Dfalse%26sprop%3Dhttps%3A%2F%2Fwordpress-810691-5571285.cloudwaysapps.com%2Fevents%2Fresearch-assistance-2025-08-27-2025-09-03-2025-09-10-2025-09-17-2025-09-24-2025-10-01-2025-10-08-2025-10-15-2025-10-22-2025-10-29-2025-11-05-2025-11-12-2025-11-19-2025-11-26-2025-12-03-2-11-2026-02-18%2F%26sprop%3Dname%3APastfinders%26ctz%3DAmerica%2FNew_York&emr=1&followup=https%3A%2F%2Fcalendar.google.com%2Fcalendar%2Fevent%3Faction%3DTEMPLATE%26text%3DResearch%2BAssistance%26dates%3D20260218T130000%2F20260218T150000%26details%3DJoin%2Bus%2Bweekly%2Bin%2Bthe%2BGenealogy%2BRoom%2Bfor%2Bin-person%2Bhelp%2Bwith%2Byour%2Bresearch.%2BIt%25E2%2580%2599s%2Ba%2Bgreat%2Bchance%2Bto%2Bget%2Bone-on-one%2Bguidance%2C%2Bask%2Bquestions%2C%2Band%2Bconnect%2Bwith%2Bothers%2Bwho%2Bshare%2Byour%2Bpassion%2Bfor%2Bfamily%2Bhistory.%26location%3D2525%2BOakley%2BSeaver%2BDr%2C%2BClermont%2C%2BFL%2C%2B34711%2C%2BUnited%2BStates%26trp%3Dfalse%26sprop%3Dhttps%3A%2F%2Fwordpress-810691-5571285.cloudwaysapps.com%2Fevents%2Fresearch-assistance-2025-08-27-2025-09-03-2025-09-10-2025-09-17-2025-09-24-2025-10-01-2025-10-08-2025-10-15-2025-10-22-2025-10-29-2025-11-05-2025-11-12-2025-11-19-2025-11-26-2025-12-03-2-11-2026-02-18%2F%26sprop%3Dname%3APastfinders%26ctz%3DAmerica%2FNew_York&ifkv=AdBytiNwL4WLgyt0K19oeIRrOUYuhQ_BTFNHE4fnO7kxqXOiSc63IwhYbUv_J09Xd0CPYL-V93wlmg&osid=1&passive=1209600&service=cl&flowName=WebLiteSignIn&flowEntry=ServiceLogin&dsh=S35894430%3A1756758264589820 HTTP/1.1" 200 None
DEBUG:root:✅ Document OK: https://pastfindersslc.org/upload/newsletters/2001_Spring__May.pdf
DEBUG:root:Checking external document: https://pastfindersslc.org/upload/newsletters/2001_Winter_February.pdf
DEBUG:urllib3.connectionpool:Starting new HTTPS connection (1): pastfindersslc.org:443
DEBUG:root:✅ Hyperlink OK: https://www.google.com/calendar/event?action=TEMPLATE&text=Research+Assistance&dates=20260218T130000/20260218T150000&details=Join+us+weekly+in+the+Genealogy+Room+for+in-person+help+with+your+research.+It%E2%80%99s+a+great+chance+to+get+one-on-one+guidance%2C+ask+questions%2C+and+connect+with+others+who+share+your+passion+for+family+history.&location=2525+Oakley+Seaver+Dr%2C+Clermont%2C+FL%2C+34711%2C+United+States&trp=false&sprop=https%3A%2F%2Fwordpress-810691-5571285.cloudwaysapps.com%2Fevents%2Fresearch-assistance-2025-08-27-2025-09-03-2025-09-10-2025-09-17-2025-09-24-2025-10-01-2025-10-08-2025-10-15-2025-10-22-2025-10-29-2025-11-05-2025-11-12-2025-11-19-2025-11-26-2025-12-03-2-11-2026-02-18%2F&sprop=name:Pastfinders&ctz=America%2FNew_York
DEBUG:root:Checking external hyperlink: https://outlook.office.com/calendar/0/deeplink/compose?allday=false&body=Join+us+weekly+in+the+Genealogy+Room+for+in-person+help+with+your+research.+It%E2%80%99s+a+great+chance+to+get+one-on-one+guidance%2C+ask+questions%2C+and+connect+with+others+who+share+your+passion+for+family+history.&location=2525+Oakley+Seaver+Dr%2C+Clermont%2C+FL%2C+34711%2C+United+States&path=/calendar/action/compose&rru=addevent&startdt=2026-02-18T13%3A00%3A00-05%3A00&enddt=2026-02-18T15%3A00%3A00-05%3A00&subject=Research+Assistance
DEBUG:urllib3.connectionpool:Starting new HTTPS connection (1): outlook.office.com:443
DEBUG:urllib3.connectionpool:https://accounts.google.com:443 "GET /ServiceLogin?service=cl&passive=1209600&osid=1&continue=https://calendar.google.com/calendar/event?action%3DTEMPLATE%26text%3DResearch%2BAssistance%26dates%3D20260128T130000/20260128T150000%26details%3DJoin%2Bus%2Bweekly%2Bin%2Bthe%2BGenealogy%2BRoom%2Bfor%2Bin-person%2Bhelp%2Bwith%2Byour%2Bresearch.%2BIt%25E2%2580%2599s%2Ba%2Bgreat%2Bchance%2Bto%2Bget%2Bone-on-one%2Bguidance,%2Bask%2Bquestions,%2Band%2Bconnect%2Bwith%2Bothers%2Bwho%2Bshare%2Byour%2Bpassion%2Bfor%2Bfamily%2Bhistory.%26location%3D2525%2BOakley%2BSeaver%2BDr,%2BClermont,%2BFL,%2B34711,%2BUnited%2BStates%26trp%3Dfalse%26sprop%3Dhttps://wordpress-810691-5571285.cloudwaysapps.com/events/research-assistance-2025-08-27-2025-09-03-2025-09-10-2025-09-17-2025-09-24-2025-10-01-2025-10-08-2025-10-15-2025-10-22-2025-10-29-2025-11-05-2025-11-12-2025-11-19-2025-11-26-2025-12-03-2-21-2026-01-28/%26sprop%3Dname:Pastfinders%26ctz%3DAmerica/New_York&followup=https://calendar.google.com/calendar/event?action%3DTEMPLATE%26text%3DResearch%2BAssistance%26dates%3D20260128T130000/20260128T150000%26details%3DJoin%2Bus%2Bweekly%2Bin%2Bthe%2BGenealogy%2BRoom%2Bfor%2Bin-person%2Bhelp%2Bwith%2Byour%2Bresearch.%2BIt%25E2%2580%2599s%2Ba%2Bgreat%2Bchance%2Bto%2Bget%2Bone-on-one%2Bguidance,%2Bask%2Bquestions,%2Band%2Bconnect%2Bwith%2Bothers%2Bwho%2Bshare%2Byour%2Bpassion%2Bfor%2Bfamily%2Bhistory.%26location%3D2525%2BOakley%2BSeaver%2BDr,%2BClermont,%2BFL,%2B34711,%2BUnited%2BStates%26trp%3Dfalse%26sprop%3Dhttps://wordpress-810691-5571285.cloudwaysapps.com/events/research-assistance-2025-08-27-2025-09-03-2025-09-10-2025-09-17-2025-09-24-2025-10-01-2025-10-08-2025-10-15-2025-10-22-2025-10-29-2025-11-05-2025-11-12-2025-11-19-2025-11-26-2025-12-03-2-21-2026-01-28/%26sprop%3Dname:Pastfinders%26ctz%3DAmerica/New_York&emr=1 HTTP/1.1" 302 0
DEBUG:urllib3.connectionpool:https://accounts.google.com:443 "GET /InteractiveLogin?continue=https://calendar.google.com/calendar/event?action%3DTEMPLATE%26text%3DResearch%2BAssistance%26dates%3D20260128T130000/20260128T150000%26details%3DJoin%2Bus%2Bweekly%2Bin%2Bthe%2BGenealogy%2BRoom%2Bfor%2Bin-person%2Bhelp%2Bwith%2Byour%2Bresearch.%2BIt%25E2%2580%2599s%2Ba%2Bgreat%2Bchance%2Bto%2Bget%2Bone-on-one%2Bguidance,%2Bask%2Bquestions,%2Band%2Bconnect%2Bwith%2Bothers%2Bwho%2Bshare%2Byour%2Bpassion%2Bfor%2Bfamily%2Bhistory.%26location%3D2525%2BOakley%2BSeaver%2BDr,%2BClermont,%2BFL,%2B34711,%2BUnited%2BStates%26trp%3Dfalse%26sprop%3Dhttps://wordpress-810691-5571285.cloudwaysapps.com/events/research-assistance-2025-08-27-2025-09-03-2025-09-10-2025-09-17-2025-09-24-2025-10-01-2025-10-08-2025-10-15-2025-10-22-2025-10-29-2025-11-05-2025-11-12-2025-11-19-2025-11-26-2025-12-03-2-21-2026-01-28/%26sprop%3Dname:Pastfinders%26ctz%3DAmerica/New_York&emr=1&followup=https://calendar.google.com/calendar/event?action%3DTEMPLATE%26text%3DResearch%2BAssistance%26dates%3D20260128T130000/20260128T150000%26details%3DJoin%2Bus%2Bweekly%2Bin%2Bthe%2BGenealogy%2BRoom%2Bfor%2Bin-person%2Bhelp%2Bwith%2Byour%2Bresearch.%2BIt%25E2%2580%2599s%2Ba%2Bgreat%2Bchance%2Bto%2Bget%2Bone-on-one%2Bguidance,%2Bask%2Bquestions,%2Band%2Bconnect%2Bwith%2Bothers%2Bwho%2Bshare%2Byour%2Bpassion%2Bfor%2Bfamily%2Bhistory.%26location%3D2525%2BOakley%2BSeaver%2BDr,%2BClermont,%2BFL,%2B34711,%2BUnited%2BStates%26trp%3Dfalse%26sprop%3Dhttps://wordpress-810691-5571285.cloudwaysapps.com/events/research-assistance-2025-08-27-2025-09-03-2025-09-10-2025-09-17-2025-09-24-2025-10-01-2025-10-08-2025-10-15-2025-10-22-2025-10-29-2025-11-05-2025-11-12-2025-11-19-2025-11-26-2025-12-03-2-21-2026-01-28/%26sprop%3Dname:Pastfinders%26ctz%3DAmerica/New_York&osid=1&passive=1209600&service=cl&ifkv=AdBytiMZ5LaAZd6tDA42jX6Ii05LwZiQFohlj8nnOK4NRoRLjX7Ty_1UGfYE2Ut58Gjjac9mGibSzw HTTP/1.1" 302 None
DEBUG:root:✅ Image OK: https://wordpress-810691-5571285.cloudwaysapps.com/wp-content/uploads/2025/05/1731545940_Iloveirish-1.jpg
DEBUG:root:Using regex pattern: \b[a-zA-Z]{3,}\b
DEBUG:root:Found 94 words to check in https://wordpress-810691-5571285.cloudwaysapps.com/events/irish-special-interest-group-sig-2025-12-15/ (min_length=3)
DEBUG:root:Sample words from https://wordpress-810691-5571285.cloudwaysapps.com/events/irish-special-interest-group-sig-2025-12-15/: ['This', 'alert', 'Skip', 'content', 'Irish', 'Special', 'Interest', 'Group', 'SIG', 'When']
DEBUG:root:Spell check results for https://wordpress-810691-5571285.cloudwaysapps.com/events/irish-special-interest-group-sig-2025-12-15/: 51 words checked, 43 skipped, 0 errors found
INFO:root:✅ Processed https://wordpress-810691-5571285.cloudwaysapps.com/events/irish-special-interest-group-sig-2025-12-15/: 0 errors found, 121 words checked
DEBUG:root:Attempting to fetch: https://wordpress-810691-5571285.cloudwaysapps.com/events/family-book-creator-special-interest-group-sig-2027-05-24/
Processing pages:  64%|██████▍   | 244/381 [02:20<00:42,  3.26it/s]DEBUG:urllib3.connectionpool:https://pastfindersslc.org:443 "GET /upload/newsletters/2001_Winter_February.pdf HTTP/1.1" 200 8246420
DEBUG:urllib3.connectionpool:https://accounts.google.com:443 "GET /v3/signin/identifier?continue=https%3A%2F%2Fcalendar.google.com%2Fcalendar%2Fevent%3Faction%3DTEMPLATE%26text%3DResearch%2BAssistance%26dates%3D20260128T130000%2F20260128T150000%26details%3DJoin%2Bus%2Bweekly%2Bin%2Bthe%2BGenealogy%2BRoom%2Bfor%2Bin-person%2Bhelp%2Bwith%2Byour%2Bresearch.%2BIt%25E2%2580%2599s%2Ba%2Bgreat%2Bchance%2Bto%2Bget%2Bone-on-one%2Bguidance%2C%2Bask%2Bquestions%2C%2Band%2Bconnect%2Bwith%2Bothers%2Bwho%2Bshare%2Byour%2Bpassion%2Bfor%2Bfamily%2Bhistory.%26location%3D2525%2BOakley%2BSeaver%2BDr%2C%2BClermont%2C%2BFL%2C%2B34711%2C%2BUnited%2BStates%26trp%3Dfalse%26sprop%3Dhttps%3A%2F%2Fwordpress-810691-5571285.cloudwaysapps.com%2Fevents%2Fresearch-assistance-2025-08-27-2025-09-03-2025-09-10-2025-09-17-2025-09-24-2025-10-01-2025-10-08-2025-10-15-2025-10-22-2025-10-29-2025-11-05-2025-11-12-2025-11-19-2025-11-26-2025-12-03-2-21-2026-01-28%2F%26sprop%3Dname%3APastfinders%26ctz%3DAmerica%2FNew_York&emr=1&followup=https%3A%2F%2Fcalendar.google.com%2Fcalendar%2Fevent%3Faction%3DTEMPLATE%26text%3DResearch%2BAssistance%26dates%3D20260128T130000%2F20260128T150000%26details%3DJoin%2Bus%2Bweekly%2Bin%2Bthe%2BGenealogy%2BRoom%2Bfor%2Bin-person%2Bhelp%2Bwith%2Byour%2Bresearch.%2BIt%25E2%2580%2599s%2Ba%2Bgreat%2Bchance%2Bto%2Bget%2Bone-on-one%2Bguidance%2C%2Bask%2Bquestions%2C%2Band%2Bconnect%2Bwith%2Bothers%2Bwho%2Bshare%2Byour%2Bpassion%2Bfor%2Bfamily%2Bhistory.%26location%3D2525%2BOakley%2BSeaver%2BDr%2C%2BClermont%2C%2BFL%2C%2B34711%2C%2BUnited%2BStates%26trp%3Dfalse%26sprop%3Dhttps%3A%2F%2Fwordpress-810691-5571285.cloudwaysapps.com%2Fevents%2Fresearch-assistance-2025-08-27-2025-09-03-2025-09-10-2025-09-17-2025-09-24-2025-10-01-2025-10-08-2025-10-15-2025-10-22-2025-10-29-2025-11-05-2025-11-12-2025-11-19-2025-11-26-2025-12-03-2-21-2026-01-28%2F%26sprop%3Dname%3APastfinders%26ctz%3DAmerica%2FNew_York&ifkv=AdBytiMx9gLMUl1_BbWeyjnhB1MM2yIQR_d9MIZpAMiYeTHP186fI392c5LNZuj6i-bB6TAZ2QszfQ&osid=1&passive=1209600&service=cl&flowName=WebLiteSignIn&flowEntry=ServiceLogin&dsh=S-519797342%3A1756758264829643 HTTP/1.1" 200 None
DEBUG:root:✅ Hyperlink OK: https://www.google.com/calendar/event?action=TEMPLATE&text=Research+Assistance&dates=20260128T130000/20260128T150000&details=Join+us+weekly+in+the+Genealogy+Room+for+in-person+help+with+your+research.+It%E2%80%99s+a+great+chance+to+get+one-on-one+guidance%2C+ask+questions%2C+and+connect+with+others+who+share+your+passion+for+family+history.&location=2525+Oakley+Seaver+Dr%2C+Clermont%2C+FL%2C+34711%2C+United+States&trp=false&sprop=https%3A%2F%2Fwordpress-810691-5571285.cloudwaysapps.com%2Fevents%2Fresearch-assistance-2025-08-27-2025-09-03-2025-09-10-2025-09-17-2025-09-24-2025-10-01-2025-10-08-2025-10-15-2025-10-22-2025-10-29-2025-11-05-2025-11-12-2025-11-19-2025-11-26-2025-12-03-2-21-2026-01-28%2F&sprop=name:Pastfinders&ctz=America%2FNew_York
DEBUG:root:Checking external hyperlink: https://outlook.office.com/calendar/0/deeplink/compose?allday=false&body=Join+us+weekly+in+the+Genealogy+Room+for+in-person+help+with+your+research.+It%E2%80%99s+a+great+chance+to+get+one-on-one+guidance%2C+ask+questions%2C+and+connect+with+others+who+share+your+passion+for+family+history.&location=2525+Oakley+Seaver+Dr%2C+Clermont%2C+FL%2C+34711%2C+United+States&path=/calendar/action/compose&rru=addevent&startdt=2026-01-28T13%3A00%3A00-05%3A00&enddt=2026-01-28T15%3A00%3A00-05%3A00&subject=Research+Assistance
DEBUG:urllib3.connectionpool:Starting new HTTPS connection (1): outlook.office.com:443
DEBUG:urllib3.connectionpool:https://wordpress-810691-5571285.cloudwaysapps.com:443 "GET /events/family-book-creator-special-interest-group-sig-2027-05-24/ HTTP/1.1" 200 None
DEBUG:root:Successfully fetched https://wordpress-810691-5571285.cloudwaysapps.com/events/family-book-creator-special-interest-group-sig-2027-05-24/ (Content-Length: 42517)
DEBUG:charset_normalizer:Encoding detection: utf_8 is most likely the one.
DEBUG:urllib3.connectionpool:https://outlook.office.com:443 "GET /calendar/0/deeplink/compose?allday=false&body=Join+us+weekly+in+the+Genealogy+Room+for+in-person+help+with+your+research.+It%E2%80%99s+a+great+chance+to+get+one-on-one+guidance%2C+ask+questions%2C+and+connect+with+others+who+share+your+passion+for+family+history.&location=2525+Oakley+Seaver+Dr%2C+Clermont%2C+FL%2C+34711%2C+United+States&path=/calendar/action/compose&rru=addevent&startdt=2026-02-18T13%3A00%3A00-05%3A00&enddt=2026-02-18T15%3A00%3A00-05%3A00&subject=Research+Assistance HTTP/1.1" 200 None
DEBUG:root:✅ Hyperlink OK: https://outlook.office.com/calendar/0/deeplink/compose?allday=false&body=Join+us+weekly+in+the+Genealogy+Room+for+in-person+help+with+your+research.+It%E2%80%99s+a+great+chance+to+get+one-on-one+guidance%2C+ask+questions%2C+and+connect+with+others+who+share+your+passion+for+family+history.&location=2525+Oakley+Seaver+Dr%2C+Clermont%2C+FL%2C+34711%2C+United+States&path=/calendar/action/compose&rru=addevent&startdt=2026-02-18T13%3A00%3A00-05%3A00&enddt=2026-02-18T15%3A00%3A00-05%3A00&subject=Research+Assistance
DEBUG:root:Checking external hyperlink: https://outlook.live.com/calendar/0/deeplink/compose?allday=false&body=Join+us+weekly+in+the+Genealogy+Room+for+in-person+help+with+your+research.+It%E2%80%99s+a+great+chance+to+get+one-on-one+guidance%2C+ask+questions%2C+and+connect+with+others+who+share+your+passion+for+family+history.&location=2525+Oakley+Seaver+Dr%2C+Clermont%2C+FL%2C+34711%2C+United+States&path=/calendar/action/compose&rru=addevent&startdt=2026-02-18T13%3A00%3A00-05%3A00&enddt=2026-02-18T15%3A00%3A00-05%3A00&subject=Research+Assistance
DEBUG:root:Extracted 842 characters, 141 words from https://wordpress-810691-5571285.cloudwaysapps.com/events/family-book-creator-special-interest-group-sig-2027-05-24/
DEBUG:root:Checking external hyperlink: https://www.google.com/calendar/event?action=TEMPLATE&text=Family+Book+Creator+Special+Interest+Group+%28SIG%29&dates=20270524T190000/20270524T200000&details=This+group+grew+out+of+our+original+FBC+Study+Group%2C+a+joint+effort+between+Pastfinders+and+Kinseekers.+For+now%2C+membership+is+limited+to+participants+of+that+original+group%2C+but+we+hope+to+welcome+more+members+in+the+future.&location=&trp=false&sprop=https%3A%2F%2Fwordpress-810691-5571285.cloudwaysapps.com%2Fevents%2Ffamily-book-creator-special-interest-group-sig-2027-05-24%2F&sprop=name:Pastfinders&ctz=America%2FNew_York
DEBUG:urllib3.connectionpool:Starting new HTTPS connection (1): outlook.live.com:443
DEBUG:urllib3.connectionpool:Starting new HTTPS connection (1): www.google.com:443
DEBUG:urllib3.connectionpool:https://outlook.office.com:443 "GET /calendar/0/deeplink/compose?allday=false&body=Join+us+weekly+in+the+Genealogy+Room+for+in-person+help+with+your+research.+It%E2%80%99s+a+great+chance+to+get+one-on-one+guidance%2C+ask+questions%2C+and+connect+with+others+who+share+your+passion+for+family+history.&location=2525+Oakley+Seaver+Dr%2C+Clermont%2C+FL%2C+34711%2C+United+States&path=/calendar/action/compose&rru=addevent&startdt=2026-01-28T13%3A00%3A00-05%3A00&enddt=2026-01-28T15%3A00%3A00-05%3A00&subject=Research+Assistance HTTP/1.1" 200 None
DEBUG:urllib3.connectionpool:https://www.google.com:443 "GET /calendar/event?action=TEMPLATE&text=Family+Book+Creator+Special+Interest+Group+%28SIG%29&dates=20270524T190000/20270524T200000&details=This+group+grew+out+of+our+original+FBC+Study+Group%2C+a+joint+effort+between+Pastfinders+and+Kinseekers.+For+now%2C+membership+is+limited+to+participants+of+that+original+group%2C+but+we+hope+to+welcome+more+members+in+the+future.&location=&trp=false&sprop=https%3A%2F%2Fwordpress-810691-5571285.cloudwaysapps.com%2Fevents%2Ffamily-book-creator-special-interest-group-sig-2027-05-24%2F&sprop=name:Pastfinders&ctz=America%2FNew_York HTTP/1.1" 302 0
DEBUG:root:✅ Hyperlink OK: https://outlook.office.com/calendar/0/deeplink/compose?allday=false&body=Join+us+weekly+in+the+Genealogy+Room+for+in-person+help+with+your+research.+It%E2%80%99s+a+great+chance+to+get+one-on-one+guidance%2C+ask+questions%2C+and+connect+with+others+who+share+your+passion+for+family+history.&location=2525+Oakley+Seaver+Dr%2C+Clermont%2C+FL%2C+34711%2C+United+States&path=/calendar/action/compose&rru=addevent&startdt=2026-01-28T13%3A00%3A00-05%3A00&enddt=2026-01-28T15%3A00%3A00-05%3A00&subject=Research+Assistance
DEBUG:root:Checking external hyperlink: https://outlook.live.com/calendar/0/deeplink/compose?allday=false&body=Join+us+weekly+in+the+Genealogy+Room+for+in-person+help+with+your+research.+It%E2%80%99s+a+great+chance+to+get+one-on-one+guidance%2C+ask+questions%2C+and+connect+with+others+who+share+your+passion+for+family+history.&location=2525+Oakley+Seaver+Dr%2C+Clermont%2C+FL%2C+34711%2C+United+States&path=/calendar/action/compose&rru=addevent&startdt=2026-01-28T13%3A00%3A00-05%3A00&enddt=2026-01-28T15%3A00%3A00-05%3A00&subject=Research+Assistance
DEBUG:urllib3.connectionpool:Starting new HTTPS connection (1): calendar.google.com:443
DEBUG:urllib3.connectionpool:Starting new HTTPS connection (1): outlook.live.com:443
DEBUG:urllib3.connectionpool:https://outlook.live.com:443 "GET /calendar/0/deeplink/compose?allday=false&body=Join+us+weekly+in+the+Genealogy+Room+for+in-person+help+with+your+research.+It%E2%80%99s+a+great+chance+to+get+one-on-one+guidance%2C+ask+questions%2C+and+connect+with+others+who+share+your+passion+for+family+history.&location=2525+Oakley+Seaver+Dr%2C+Clermont%2C+FL%2C+34711%2C+United+States&path=/calendar/action/compose&rru=addevent&startdt=2026-02-18T13%3A00%3A00-05%3A00&enddt=2026-02-18T15%3A00%3A00-05%3A00&subject=Research+Assistance HTTP/1.1" 200 None
DEBUG:root:✅ Hyperlink OK: https://outlook.live.com/calendar/0/deeplink/compose?allday=false&body=Join+us+weekly+in+the+Genealogy+Room+for+in-person+help+with+your+research.+It%E2%80%99s+a+great+chance+to+get+one-on-one+guidance%2C+ask+questions%2C+and+connect+with+others+who+share+your+passion+for+family+history.&location=2525+Oakley+Seaver+Dr%2C+Clermont%2C+FL%2C+34711%2C+United+States&path=/calendar/action/compose&rru=addevent&startdt=2026-02-18T13%3A00%3A00-05%3A00&enddt=2026-02-18T15%3A00%3A00-05%3A00&subject=Research+Assistance
DEBUG:root:Using regex pattern: \b[a-zA-Z]{3,}\b
DEBUG:root:Found 58 words to check in https://wordpress-810691-5571285.cloudwaysapps.com/events/research-assistance-2025-08-27-2025-09-03-2025-09-10-2025-09-17-2025-09-24-2025-10-01-2025-10-08-2025-10-15-2025-10-22-2025-10-29-2025-11-05-2025-11-12-2025-11-19-2025-11-26-2025-12-03-2-11-2026-02-18/ (min_length=3)
DEBUG:root:Sample words from https://wordpress-810691-5571285.cloudwaysapps.com/events/research-assistance-2025-08-27-2025-09-03-2025-09-10-2025-09-17-2025-09-24-2025-10-01-2025-10-08-2025-10-15-2025-10-22-2025-10-29-2025-11-05-2025-11-12-2025-11-19-2025-11-26-2025-12-03-2-11-2026-02-18/: ['This', 'alert', 'Skip', 'content', 'Research', 'Assistance', 'When', 'February', 'Add', 'Calendar']
DEBUG:root:Spell check results for https://wordpress-810691-5571285.cloudwaysapps.com/events/research-assistance-2025-08-27-2025-09-03-2025-09-10-2025-09-17-2025-09-24-2025-10-01-2025-10-08-2025-10-15-2025-10-22-2025-10-29-2025-11-05-2025-11-12-2025-11-19-2025-11-26-2025-12-03-2-11-2026-02-18/: 30 words checked, 28 skipped, 0 errors found
INFO:root:✅ Processed https://wordpress-810691-5571285.cloudwaysapps.com/events/research-assistance-2025-08-27-2025-09-03-2025-09-10-2025-09-17-2025-09-24-2025-10-01-2025-10-08-2025-10-15-2025-10-22-2025-10-29-2025-11-05-2025-11-12-2025-11-19-2025-11-26-2025-12-03-2-11-2026-02-18/: 0 errors found, 85 words checked
DEBUG:root:Attempting to fetch: https://wordpress-810691-5571285.cloudwaysapps.com/events/preserving-local-history-2026-01-28/
Processing pages:  64%|██████▍   | 245/381 [02:21<00:48,  2.78it/s]DEBUG:urllib3.connectionpool:https://calendar.google.com:443 "GET /calendar/event?action=TEMPLATE&text=Family+Book+Creator+Special+Interest+Group+(SIG)&dates=20270524T190000/20270524T200000&details=This+group+grew+out+of+our+original+FBC+Study+Group,+a+joint+effort+between+Pastfinders+and+Kinseekers.+For+now,+membership+is+limited+to+participants+of+that+original+group,+but+we+hope+to+welcome+more+members+in+the+future.&location&trp=false&sprop=https://wordpress-810691-5571285.cloudwaysapps.com/events/family-book-creator-special-interest-group-sig-2027-05-24/&sprop=name:Pastfinders&ctz=America/New_York HTTP/1.1" 302 0
DEBUG:urllib3.connectionpool:Starting new HTTPS connection (1): accounts.google.com:443
DEBUG:urllib3.connectionpool:https://outlook.live.com:443 "GET /calendar/0/deeplink/compose?allday=false&body=Join+us+weekly+in+the+Genealogy+Room+for+in-person+help+with+your+research.+It%E2%80%99s+a+great+chance+to+get+one-on-one+guidance%2C+ask+questions%2C+and+connect+with+others+who+share+your+passion+for+family+history.&location=2525+Oakley+Seaver+Dr%2C+Clermont%2C+FL%2C+34711%2C+United+States&path=/calendar/action/compose&rru=addevent&startdt=2026-01-28T13%3A00%3A00-05%3A00&enddt=2026-01-28T15%3A00%3A00-05%3A00&subject=Research+Assistance HTTP/1.1" 200 None
DEBUG:urllib3.connectionpool:https://wordpress-810691-5571285.cloudwaysapps.com:443 "GET /events/preserving-local-history-2026-01-28/ HTTP/1.1" 200 None
DEBUG:urllib3.connectionpool:https://wordpress-810691-5571285.cloudwaysapps.com:443 "GET /galleries/2015-pastfinders-news/ HTTP/1.1" 200 None
DEBUG:root:✅ Hyperlink OK: https://outlook.live.com/calendar/0/deeplink/compose?allday=false&body=Join+us+weekly+in+the+Genealogy+Room+for+in-person+help+with+your+research.+It%E2%80%99s+a+great+chance+to+get+one-on-one+guidance%2C+ask+questions%2C+and+connect+with+others+who+share+your+passion+for+family+history.&location=2525+Oakley+Seaver+Dr%2C+Clermont%2C+FL%2C+34711%2C+United+States&path=/calendar/action/compose&rru=addevent&startdt=2026-01-28T13%3A00%3A00-05%3A00&enddt=2026-01-28T15%3A00%3A00-05%3A00&subject=Research+Assistance
DEBUG:root:Successfully fetched https://wordpress-810691-5571285.cloudwaysapps.com/events/preserving-local-history-2026-01-28/ (Content-Length: 43614)
DEBUG:root:Using regex pattern: \b[a-zA-Z]{3,}\b
DEBUG:root:Found 58 words to check in https://wordpress-810691-5571285.cloudwaysapps.com/events/research-assistance-2025-08-27-2025-09-03-2025-09-10-2025-09-17-2025-09-24-2025-10-01-2025-10-08-2025-10-15-2025-10-22-2025-10-29-2025-11-05-2025-11-12-2025-11-19-2025-11-26-2025-12-03-2-21-2026-01-28/ (min_length=3)
DEBUG:root:Sample words from https://wordpress-810691-5571285.cloudwaysapps.com/events/research-assistance-2025-08-27-2025-09-03-2025-09-10-2025-09-17-2025-09-24-2025-10-01-2025-10-08-2025-10-15-2025-10-22-2025-10-29-2025-11-05-2025-11-12-2025-11-19-2025-11-26-2025-12-03-2-21-2026-01-28/: ['This', 'alert', 'Skip', 'content', 'Research', 'Assistance', 'When', 'January', 'Add', 'Calendar']
DEBUG:root:Spell check results for https://wordpress-810691-5571285.cloudwaysapps.com/events/research-assistance-2025-08-27-2025-09-03-2025-09-10-2025-09-17-2025-09-24-2025-10-01-2025-10-08-2025-10-15-2025-10-22-2025-10-29-2025-11-05-2025-11-12-2025-11-19-2025-11-26-2025-12-03-2-21-2026-01-28/: 30 words checked, 28 skipped, 0 errors found
INFO:root:✅ Processed https://wordpress-810691-5571285.cloudwaysapps.com/events/research-assistance-2025-08-27-2025-09-03-2025-09-10-2025-09-17-2025-09-24-2025-10-01-2025-10-08-2025-10-15-2025-10-22-2025-10-29-2025-11-05-2025-11-12-2025-11-19-2025-11-26-2025-12-03-2-21-2026-01-28/: 0 errors found, 85 words checked
DEBUG:root:Attempting to fetch: https://wordpress-810691-5571285.cloudwaysapps.com/subject/info-for-beginners/
Processing pages:  65%|██████▍   | 246/381 [02:21<00:46,  2.88it/s]DEBUG:charset_normalizer:Encoding detection: utf_8 is most likely the one.
DEBUG:root:Extracted 446 characters, 65 words from https://wordpress-810691-5571285.cloudwaysapps.com/events/preserving-local-history-2026-01-28/
DEBUG:root:Checking external hyperlink: https://www.google.com/calendar/event?action=TEMPLATE&text=Preserving+Local+History&dates=20260128T100000/20260128T120000&details=Help+in+the+preservation+of+our+local+history+and+collections%2C+including+transcriptionists%2C+preservationists%2C+digitizers%2C+and+organization%C2%A0projects.&location=2525+Oakley+Seaver+Dr%2C+Clermont%2C+FL%2C+34711%2C+United+States&trp=false&sprop=https%3A%2F%2Fwordpress-810691-5571285.cloudwaysapps.com%2Fevents%2Fpreserving-local-history-2026-01-28%2F&sprop=name:Pastfinders&ctz=America%2FNew_York
DEBUG:urllib3.connectionpool:Starting new HTTPS connection (1): www.google.com:443
DEBUG:root:Successfully fetched https://wordpress-810691-5571285.cloudwaysapps.com/galleries/2015-pastfinders-news/ (Content-Length: 112106)
DEBUG:charset_normalizer:Encoding detection: utf_8 is most likely the one.
DEBUG:root:Extracted 753 characters, 167 words from https://wordpress-810691-5571285.cloudwaysapps.com/galleries/2015-pastfinders-news/
DEBUG:urllib3.connectionpool:https://accounts.google.com:443 "GET /ServiceLogin?service=cl&passive=1209600&osid=1&continue=https://calendar.google.com/calendar/event?action%3DTEMPLATE%26text%3DFamily%2BBook%2BCreator%2BSpecial%2BInterest%2BGroup%2B(SIG)%26dates%3D20270524T190000/20270524T200000%26details%3DThis%2Bgroup%2Bgrew%2Bout%2Bof%2Bour%2Boriginal%2BFBC%2BStudy%2BGroup,%2Ba%2Bjoint%2Beffort%2Bbetween%2BPastfinders%2Band%2BKinseekers.%2BFor%2Bnow,%2Bmembership%2Bis%2Blimited%2Bto%2Bparticipants%2Bof%2Bthat%2Boriginal%2Bgroup,%2Bbut%2Bwe%2Bhope%2Bto%2Bwelcome%2Bmore%2Bmembers%2Bin%2Bthe%2Bfuture.%26location%26trp%3Dfalse%26sprop%3Dhttps://wordpress-810691-5571285.cloudwaysapps.com/events/family-book-creator-special-interest-group-sig-2027-05-24/%26sprop%3Dname:Pastfinders%26ctz%3DAmerica/New_York&followup=https://calendar.google.com/calendar/event?action%3DTEMPLATE%26text%3DFamily%2BBook%2BCreator%2BSpecial%2BInterest%2BGroup%2B(SIG)%26dates%3D20270524T190000/20270524T200000%26details%3DThis%2Bgroup%2Bgrew%2Bout%2Bof%2Bour%2Boriginal%2BFBC%2BStudy%2BGroup,%2Ba%2Bjoint%2Beffort%2Bbetween%2BPastfinders%2Band%2BKinseekers.%2BFor%2Bnow,%2Bmembership%2Bis%2Blimited%2Bto%2Bparticipants%2Bof%2Bthat%2Boriginal%2Bgroup,%2Bbut%2Bwe%2Bhope%2Bto%2Bwelcome%2Bmore%2Bmembers%2Bin%2Bthe%2Bfuture.%26location%26trp%3Dfalse%26sprop%3Dhttps://wordpress-810691-5571285.cloudwaysapps.com/events/family-book-creator-special-interest-group-sig-2027-05-24/%26sprop%3Dname:Pastfinders%26ctz%3DAmerica/New_York&emr=1 HTTP/1.1" 302 0
DEBUG:root:Checking internal image: https://wordpress-810691-5571285.cloudwaysapps.com/wp-content/uploads/2025/08/IMG_0014_3_1566943226-1024x740.webp
DEBUG:urllib3.connectionpool:Starting new HTTPS connection (1): wordpress-810691-5571285.cloudwaysapps.com:443
DEBUG:urllib3.connectionpool:https://www.google.com:443 "GET /calendar/event?action=TEMPLATE&text=Preserving+Local+History&dates=20260128T100000/20260128T120000&details=Help+in+the+preservation+of+our+local+history+and+collections%2C+including+transcriptionists%2C+preservationists%2C+digitizers%2C+and+organization%C2%A0projects.&location=2525+Oakley+Seaver+Dr%2C+Clermont%2C+FL%2C+34711%2C+United+States&trp=false&sprop=https%3A%2F%2Fwordpress-810691-5571285.cloudwaysapps.com%2Fevents%2Fpreserving-local-history-2026-01-28%2F&sprop=name:Pastfinders&ctz=America%2FNew_York HTTP/1.1" 302 0
DEBUG:urllib3.connectionpool:Starting new HTTPS connection (1): calendar.google.com:443
DEBUG:urllib3.connectionpool:https://accounts.google.com:443 "GET /InteractiveLogin?continue=https://calendar.google.com/calendar/event?action%3DTEMPLATE%26text%3DFamily%2BBook%2BCreator%2BSpecial%2BInterest%2BGroup%2B(SIG)%26dates%3D20270524T190000/20270524T200000%26details%3DThis%2Bgroup%2Bgrew%2Bout%2Bof%2Bour%2Boriginal%2BFBC%2BStudy%2BGroup,%2Ba%2Bjoint%2Beffort%2Bbetween%2BPastfinders%2Band%2BKinseekers.%2BFor%2Bnow,%2Bmembership%2Bis%2Blimited%2Bto%2Bparticipants%2Bof%2Bthat%2Boriginal%2Bgroup,%2Bbut%2Bwe%2Bhope%2Bto%2Bwelcome%2Bmore%2Bmembers%2Bin%2Bthe%2Bfuture.%26location%26trp%3Dfalse%26sprop%3Dhttps://wordpress-810691-5571285.cloudwaysapps.com/events/family-book-creator-special-interest-group-sig-2027-05-24/%26sprop%3Dname:Pastfinders%26ctz%3DAmerica/New_York&emr=1&followup=https://calendar.google.com/calendar/event?action%3DTEMPLATE%26text%3DFamily%2BBook%2BCreator%2BSpecial%2BInterest%2BGroup%2B(SIG)%26dates%3D20270524T190000/20270524T200000%26details%3DThis%2Bgroup%2Bgrew%2Bout%2Bof%2Bour%2Boriginal%2BFBC%2BStudy%2BGroup,%2Ba%2Bjoint%2Beffort%2Bbetween%2BPastfinders%2Band%2BKinseekers.%2BFor%2Bnow,%2Bmembership%2Bis%2Blimited%2Bto%2Bparticipants%2Bof%2Bthat%2Boriginal%2Bgroup,%2Bbut%2Bwe%2Bhope%2Bto%2Bwelcome%2Bmore%2Bmembers%2Bin%2Bthe%2Bfuture.%26location%26trp%3Dfalse%26sprop%3Dhttps://wordpress-810691-5571285.cloudwaysapps.com/events/family-book-creator-special-interest-group-sig-2027-05-24/%26sprop%3Dname:Pastfinders%26ctz%3DAmerica/New_York&osid=1&passive=1209600&service=cl&ifkv=AdBytiMA4-JcB4GkPu-V3dRV-v0iT878Np1vhRmnB1kskEQFuuBe_jTeT8tuvYbuPLXwfbjUdRk6RQ HTTP/1.1" 302 None
DEBUG:urllib3.connectionpool:https://accounts.google.com:443 "GET /v3/signin/identifier?continue=https%3A%2F%2Fcalendar.google.com%2Fcalendar%2Fevent%3Faction%3DTEMPLATE%26text%3DFamily%2BBook%2BCreator%2BSpecial%2BInterest%2BGroup%2B%28SIG%29%26dates%3D20270524T190000%2F20270524T200000%26details%3DThis%2Bgroup%2Bgrew%2Bout%2Bof%2Bour%2Boriginal%2BFBC%2BStudy%2BGroup%2C%2Ba%2Bjoint%2Beffort%2Bbetween%2BPastfinders%2Band%2BKinseekers.%2BFor%2Bnow%2C%2Bmembership%2Bis%2Blimited%2Bto%2Bparticipants%2Bof%2Bthat%2Boriginal%2Bgroup%2C%2Bbut%2Bwe%2Bhope%2Bto%2Bwelcome%2Bmore%2Bmembers%2Bin%2Bthe%2Bfuture.%26location%26trp%3Dfalse%26sprop%3Dhttps%3A%2F%2Fwordpress-810691-5571285.cloudwaysapps.com%2Fevents%2Ffamily-book-creator-special-interest-group-sig-2027-05-24%2F%26sprop%3Dname%3APastfinders%26ctz%3DAmerica%2FNew_York&emr=1&followup=https%3A%2F%2Fcalendar.google.com%2Fcalendar%2Fevent%3Faction%3DTEMPLATE%26text%3DFamily%2BBook%2BCreator%2BSpecial%2BInterest%2BGroup%2B%28SIG%29%26dates%3D20270524T190000%2F20270524T200000%26details%3DThis%2Bgroup%2Bgrew%2Bout%2Bof%2Bour%2Boriginal%2BFBC%2BStudy%2BGroup%2C%2Ba%2Bjoint%2Beffort%2Bbetween%2BPastfinders%2Band%2BKinseekers.%2BFor%2Bnow%2C%2Bmembership%2Bis%2Blimited%2Bto%2Bparticipants%2Bof%2Bthat%2Boriginal%2Bgroup%2C%2Bbut%2Bwe%2Bhope%2Bto%2Bwelcome%2Bmore%2Bmembers%2Bin%2Bthe%2Bfuture.%26location%26trp%3Dfalse%26sprop%3Dhttps%3A%2F%2Fwordpress-810691-5571285.cloudwaysapps.com%2Fevents%2Ffamily-book-creator-special-interest-group-sig-2027-05-24%2F%26sprop%3Dname%3APastfinders%26ctz%3DAmerica%2FNew_York&ifkv=AdBytiOjXyBtWN-VW483oLi5Yu9xmLSa4XrpTPVRZthrwRYQzRUP-nnW3Iyn6w5AZK7sZgIWu1JhSA&osid=1&passive=1209600&service=cl&flowName=WebLiteSignIn&flowEntry=ServiceLogin&dsh=S-1828361561%3A1756758265871820 HTTP/1.1" 200 None
DEBUG:urllib3.connectionpool:https://calendar.google.com:443 "GET /calendar/event?action=TEMPLATE&text=Preserving+Local+History&dates=20260128T100000/20260128T120000&details=Help+in+the+preservation+of+our+local+history+and+collections,+including+transcriptionists,+preservationists,+digitizers,+and+organization%C2%A0projects.&location=2525+Oakley+Seaver+Dr,+Clermont,+FL,+34711,+United+States&trp=false&sprop=https://wordpress-810691-5571285.cloudwaysapps.com/events/preserving-local-history-2026-01-28/&sprop=name:Pastfinders&ctz=America/New_York HTTP/1.1" 302 0
DEBUG:urllib3.connectionpool:Starting new HTTPS connection (1): accounts.google.com:443
DEBUG:root:✅ Hyperlink OK: https://www.google.com/calendar/event?action=TEMPLATE&text=Family+Book+Creator+Special+Interest+Group+%28SIG%29&dates=20270524T190000/20270524T200000&details=This+group+grew+out+of+our+original+FBC+Study+Group%2C+a+joint+effort+between+Pastfinders+and+Kinseekers.+For+now%2C+membership+is+limited+to+participants+of+that+original+group%2C+but+we+hope+to+welcome+more+members+in+the+future.&location=&trp=false&sprop=https%3A%2F%2Fwordpress-810691-5571285.cloudwaysapps.com%2Fevents%2Ffamily-book-creator-special-interest-group-sig-2027-05-24%2F&sprop=name:Pastfinders&ctz=America%2FNew_York
DEBUG:root:Checking external hyperlink: https://outlook.office.com/calendar/0/deeplink/compose?allday=false&body=This+group+grew+out+of+our+original+FBC+Study+Group%2C+a+joint+effort+between+Pastfinders+and+Kinseekers.+For+now%2C+membership+is+limited+to+participants+of+that+original+group%2C+but+we+hope+to+welcome+more+members+in+the+future.&location=&path=/calendar/action/compose&rru=addevent&startdt=2027-05-24T19%3A00%3A00-04%3A00&enddt=2027-05-24T20%3A00%3A00-04%3A00&subject=Family+Book+Creator+Special+Interest+Group+%28SIG%29
DEBUG:urllib3.connectionpool:Starting new HTTPS connection (1): outlook.office.com:443
DEBUG:urllib3.connectionpool:https://wordpress-810691-5571285.cloudwaysapps.com:443 "GET /wp-content/uploads/2025/08/IMG_0014_3_1566943226-1024x740.webp HTTP/1.1" 200 119988
DEBUG:urllib3.connectionpool:https://accounts.google.com:443 "GET /ServiceLogin?service=cl&passive=1209600&osid=1&continue=https://calendar.google.com/calendar/event?action%3DTEMPLATE%26text%3DPreserving%2BLocal%2BHistory%26dates%3D20260128T100000/20260128T120000%26details%3DHelp%2Bin%2Bthe%2Bpreservation%2Bof%2Bour%2Blocal%2Bhistory%2Band%2Bcollections,%2Bincluding%2Btranscriptionists,%2Bpreservationists,%2Bdigitizers,%2Band%2Borganization%25C2%25A0projects.%26location%3D2525%2BOakley%2BSeaver%2BDr,%2BClermont,%2BFL,%2B34711,%2BUnited%2BStates%26trp%3Dfalse%26sprop%3Dhttps://wordpress-810691-5571285.cloudwaysapps.com/events/preserving-local-history-2026-01-28/%26sprop%3Dname:Pastfinders%26ctz%3DAmerica/New_York&followup=https://calendar.google.com/calendar/event?action%3DTEMPLATE%26text%3DPreserving%2BLocal%2BHistory%26dates%3D20260128T100000/20260128T120000%26details%3DHelp%2Bin%2Bthe%2Bpreservation%2Bof%2Bour%2Blocal%2Bhistory%2Band%2Bcollections,%2Bincluding%2Btranscriptionists,%2Bpreservationists,%2Bdigitizers,%2Band%2Borganization%25C2%25A0projects.%26location%3D2525%2BOakley%2BSeaver%2BDr,%2BClermont,%2BFL,%2B34711,%2BUnited%2BStates%26trp%3Dfalse%26sprop%3Dhttps://wordpress-810691-5571285.cloudwaysapps.com/events/preserving-local-history-2026-01-28/%26sprop%3Dname:Pastfinders%26ctz%3DAmerica/New_York&emr=1 HTTP/1.1" 302 0
DEBUG:root:✅ Image OK: https://wordpress-810691-5571285.cloudwaysapps.com/wp-content/uploads/2025/08/IMG_0014_3_1566943226-1024x740.webp
DEBUG:root:Checking internal image: https://wordpress-810691-5571285.cloudwaysapps.com/wp-content/uploads/2025/08/IMG_0009_3_1566943222-1024x747.webp
DEBUG:urllib3.connectionpool:Starting new HTTPS connection (1): wordpress-810691-5571285.cloudwaysapps.com:443
DEBUG:urllib3.connectionpool:https://accounts.google.com:443 "GET /InteractiveLogin?continue=https://calendar.google.com/calendar/event?action%3DTEMPLATE%26text%3DPreserving%2BLocal%2BHistory%26dates%3D20260128T100000/20260128T120000%26details%3DHelp%2Bin%2Bthe%2Bpreservation%2Bof%2Bour%2Blocal%2Bhistory%2Band%2Bcollections,%2Bincluding%2Btranscriptionists,%2Bpreservationists,%2Bdigitizers,%2Band%2Borganization%25C2%25A0projects.%26location%3D2525%2BOakley%2BSeaver%2BDr,%2BClermont,%2BFL,%2B34711,%2BUnited%2BStates%26trp%3Dfalse%26sprop%3Dhttps://wordpress-810691-5571285.cloudwaysapps.com/events/preserving-local-history-2026-01-28/%26sprop%3Dname:Pastfinders%26ctz%3DAmerica/New_York&emr=1&followup=https://calendar.google.com/calendar/event?action%3DTEMPLATE%26text%3DPreserving%2BLocal%2BHistory%26dates%3D20260128T100000/20260128T120000%26details%3DHelp%2Bin%2Bthe%2Bpreservation%2Bof%2Bour%2Blocal%2Bhistory%2Band%2Bcollections,%2Bincluding%2Btranscriptionists,%2Bpreservationists,%2Bdigitizers,%2Band%2Borganization%25C2%25A0projects.%26location%3D2525%2BOakley%2BSeaver%2BDr,%2BClermont,%2BFL,%2B34711,%2BUnited%2BStates%26trp%3Dfalse%26sprop%3Dhttps://wordpress-810691-5571285.cloudwaysapps.com/events/preserving-local-history-2026-01-28/%26sprop%3Dname:Pastfinders%26ctz%3DAmerica/New_York&osid=1&passive=1209600&service=cl&ifkv=AdBytiNb8KgY9HgiZsWjAv-rP7ZrMbLmMSpcoDrsA4g2miqVBg2elkPiAdFOTn7ummE1nASbXMRk HTTP/1.1" 302 None
DEBUG:urllib3.connectionpool:https://accounts.google.com:443 "GET /v3/signin/identifier?continue=https%3A%2F%2Fcalendar.google.com%2Fcalendar%2Fevent%3Faction%3DTEMPLATE%26text%3DPreserving%2BLocal%2BHistory%26dates%3D20260128T100000%2F20260128T120000%26details%3DHelp%2Bin%2Bthe%2Bpreservation%2Bof%2Bour%2Blocal%2Bhistory%2Band%2Bcollections%2C%2Bincluding%2Btranscriptionists%2C%2Bpreservationists%2C%2Bdigitizers%2C%2Band%2Borganization%25C2%25A0projects.%26location%3D2525%2BOakley%2BSeaver%2BDr%2C%2BClermont%2C%2BFL%2C%2B34711%2C%2BUnited%2BStates%26trp%3Dfalse%26sprop%3Dhttps%3A%2F%2Fwordpress-810691-5571285.cloudwaysapps.com%2Fevents%2Fpreserving-local-history-2026-01-28%2F%26sprop%3Dname%3APastfinders%26ctz%3DAmerica%2FNew_York&emr=1&followup=https%3A%2F%2Fcalendar.google.com%2Fcalendar%2Fevent%3Faction%3DTEMPLATE%26text%3DPreserving%2BLocal%2BHistory%26dates%3D20260128T100000%2F20260128T120000%26details%3DHelp%2Bin%2Bthe%2Bpreservation%2Bof%2Bour%2Blocal%2Bhistory%2Band%2Bcollections%2C%2Bincluding%2Btranscriptionists%2C%2Bpreservationists%2C%2Bdigitizers%2C%2Band%2Borganization%25C2%25A0projects.%26location%3D2525%2BOakley%2BSeaver%2BDr%2C%2BClermont%2C%2BFL%2C%2B34711%2C%2BUnited%2BStates%26trp%3Dfalse%26sprop%3Dhttps%3A%2F%2Fwordpress-810691-5571285.cloudwaysapps.com%2Fevents%2Fpreserving-local-history-2026-01-28%2F%26sprop%3Dname%3APastfinders%26ctz%3DAmerica%2FNew_York&ifkv=AdBytiP6qou2VLRIO5A7Qsq5GKqdz2Mc3pwo59lWmqoQD3sHZxGZ7O-SPRWqT_O0lrqfURhttDjD&osid=1&passive=1209600&service=cl&flowName=WebLiteSignIn&flowEntry=ServiceLogin&dsh=S1023624082%3A1756758266195061 HTTP/1.1" 200 None
DEBUG:urllib3.connectionpool:https://outlook.office.com:443 "GET /calendar/0/deeplink/compose?allday=false&body=This+group+grew+out+of+our+original+FBC+Study+Group%2C+a+joint+effort+between+Pastfinders+and+Kinseekers.+For+now%2C+membership+is+limited+to+participants+of+that+original+group%2C+but+we+hope+to+welcome+more+members+in+the+future.&location=&path=/calendar/action/compose&rru=addevent&startdt=2027-05-24T19%3A00%3A00-04%3A00&enddt=2027-05-24T20%3A00%3A00-04%3A00&subject=Family+Book+Creator+Special+Interest+Group+%28SIG%29 HTTP/1.1" 200 None
DEBUG:root:✅ Hyperlink OK: https://outlook.office.com/calendar/0/deeplink/compose?allday=false&body=This+group+grew+out+of+our+original+FBC+Study+Group%2C+a+joint+effort+between+Pastfinders+and+Kinseekers.+For+now%2C+membership+is+limited+to+participants+of+that+original+group%2C+but+we+hope+to+welcome+more+members+in+the+future.&location=&path=/calendar/action/compose&rru=addevent&startdt=2027-05-24T19%3A00%3A00-04%3A00&enddt=2027-05-24T20%3A00%3A00-04%3A00&subject=Family+Book+Creator+Special+Interest+Group+%28SIG%29
DEBUG:root:Checking external hyperlink: https://outlook.live.com/calendar/0/deeplink/compose?allday=false&body=This+group+grew+out+of+our+original+FBC+Study+Group%2C+a+joint+effort+between+Pastfinders+and+Kinseekers.+For+now%2C+membership+is+limited+to+participants+of+that+original+group%2C+but+we+hope+to+welcome+more+members+in+the+future.&location=&path=/calendar/action/compose&rru=addevent&startdt=2027-05-24T19%3A00%3A00-04%3A00&enddt=2027-05-24T20%3A00%3A00-04%3A00&subject=Family+Book+Creator+Special+Interest+Group+%28SIG%29
DEBUG:urllib3.connectionpool:Starting new HTTPS connection (1): outlook.live.com:443
DEBUG:root:✅ Hyperlink OK: https://www.google.com/calendar/event?action=TEMPLATE&text=Preserving+Local+History&dates=20260128T100000/20260128T120000&details=Help+in+the+preservation+of+our+local+history+and+collections%2C+including+transcriptionists%2C+preservationists%2C+digitizers%2C+and+organization%C2%A0projects.&location=2525+Oakley+Seaver+Dr%2C+Clermont%2C+FL%2C+34711%2C+United+States&trp=false&sprop=https%3A%2F%2Fwordpress-810691-5571285.cloudwaysapps.com%2Fevents%2Fpreserving-local-history-2026-01-28%2F&sprop=name:Pastfinders&ctz=America%2FNew_York
DEBUG:root:Checking external hyperlink: https://outlook.office.com/calendar/0/deeplink/compose?allday=false&body=Help+in+the+preservation+of+our+local+history+and+collections%2C+including+transcriptionists%2C+preservationists%2C+digitizers%2C+and+organization%C2%A0projects.&location=2525+Oakley+Seaver+Dr%2C+Clermont%2C+FL%2C+34711%2C+United+States&path=/calendar/action/compose&rru=addevent&startdt=2026-01-28T10%3A00%3A00-05%3A00&enddt=2026-01-28T12%3A00%3A00-05%3A00&subject=Preserving+Local+History
DEBUG:urllib3.connectionpool:Starting new HTTPS connection (1): outlook.office.com:443
DEBUG:urllib3.connectionpool:https://wordpress-810691-5571285.cloudwaysapps.com:443 "GET /wp-content/uploads/2025/08/IMG_0009_3_1566943222-1024x747.webp HTTP/1.1" 200 135286
DEBUG:root:✅ Image OK: https://wordpress-810691-5571285.cloudwaysapps.com/wp-content/uploads/2025/08/IMG_0009_3_1566943222-1024x747.webp
DEBUG:root:Checking internal image: https://wordpress-810691-5571285.cloudwaysapps.com/wp-content/uploads/2025/08/IMG_0001_3_1566943222-761x1024.webp
DEBUG:urllib3.connectionpool:Starting new HTTPS connection (1): wordpress-810691-5571285.cloudwaysapps.com:443
DEBUG:urllib3.connectionpool:https://outlook.live.com:443 "GET /calendar/0/deeplink/compose?allday=false&body=This+group+grew+out+of+our+original+FBC+Study+Group%2C+a+joint+effort+between+Pastfinders+and+Kinseekers.+For+now%2C+membership+is+limited+to+participants+of+that+original+group%2C+but+we+hope+to+welcome+more+members+in+the+future.&location=&path=/calendar/action/compose&rru=addevent&startdt=2027-05-24T19%3A00%3A00-04%3A00&enddt=2027-05-24T20%3A00%3A00-04%3A00&subject=Family+Book+Creator+Special+Interest+Group+%28SIG%29 HTTP/1.1" 200 None
DEBUG:root:✅ Hyperlink OK: https://outlook.live.com/calendar/0/deeplink/compose?allday=false&body=This+group+grew+out+of+our+original+FBC+Study+Group%2C+a+joint+effort+between+Pastfinders+and+Kinseekers.+For+now%2C+membership+is+limited+to+participants+of+that+original+group%2C+but+we+hope+to+welcome+more+members+in+the+future.&location=&path=/calendar/action/compose&rru=addevent&startdt=2027-05-24T19%3A00%3A00-04%3A00&enddt=2027-05-24T20%3A00%3A00-04%3A00&subject=Family+Book+Creator+Special+Interest+Group+%28SIG%29
DEBUG:root:Using regex pattern: \b[a-zA-Z]{3,}\b
DEBUG:root:Found 109 words to check in https://wordpress-810691-5571285.cloudwaysapps.com/events/family-book-creator-special-interest-group-sig-2027-05-24/ (min_length=3)
DEBUG:root:Sample words from https://wordpress-810691-5571285.cloudwaysapps.com/events/family-book-creator-special-interest-group-sig-2027-05-24/: ['This', 'alert', 'Skip', 'content', 'Family', 'Book', 'Creator', 'Special', 'Interest', 'Group']
DEBUG:root:Spell check results for https://wordpress-810691-5571285.cloudwaysapps.com/events/family-book-creator-special-interest-group-sig-2027-05-24/: 62 words checked, 47 skipped, 0 errors found
INFO:root:✅ Processed https://wordpress-810691-5571285.cloudwaysapps.com/events/family-book-creator-special-interest-group-sig-2027-05-24/: 0 errors found, 141 words checked
DEBUG:root:Attempting to fetch: https://wordpress-810691-5571285.cloudwaysapps.com/resources/the-florida-state-genealogical-society/
Processing pages:  65%|██████▍   | 247/381 [02:22<01:05,  2.06it/s]DEBUG:urllib3.connectionpool:https://outlook.office.com:443 "GET /calendar/0/deeplink/compose?allday=false&body=Help+in+the+preservation+of+our+local+history+and+collections%2C+including+transcriptionists%2C+preservationists%2C+digitizers%2C+and+organization%C2%A0projects.&location=2525+Oakley+Seaver+Dr%2C+Clermont%2C+FL%2C+34711%2C+United+States&path=/calendar/action/compose&rru=addevent&startdt=2026-01-28T10%3A00%3A00-05%3A00&enddt=2026-01-28T12%3A00%3A00-05%3A00&subject=Preserving+Local+History HTTP/1.1" 200 None
DEBUG:root:✅ Hyperlink OK: https://outlook.office.com/calendar/0/deeplink/compose?allday=false&body=Help+in+the+preservation+of+our+local+history+and+collections%2C+including+transcriptionists%2C+preservationists%2C+digitizers%2C+and+organization%C2%A0projects.&location=2525+Oakley+Seaver+Dr%2C+Clermont%2C+FL%2C+34711%2C+United+States&path=/calendar/action/compose&rru=addevent&startdt=2026-01-28T10%3A00%3A00-05%3A00&enddt=2026-01-28T12%3A00%3A00-05%3A00&subject=Preserving+Local+History
DEBUG:root:Checking external hyperlink: https://outlook.live.com/calendar/0/deeplink/compose?allday=false&body=Help+in+the+preservation+of+our+local+history+and+collections%2C+including+transcriptionists%2C+preservationists%2C+digitizers%2C+and+organization%C2%A0projects.&location=2525+Oakley+Seaver+Dr%2C+Clermont%2C+FL%2C+34711%2C+United+States&path=/calendar/action/compose&rru=addevent&startdt=2026-01-28T10%3A00%3A00-05%3A00&enddt=2026-01-28T12%3A00%3A00-05%3A00&subject=Preserving+Local+History
DEBUG:urllib3.connectionpool:Starting new HTTPS connection (1): outlook.live.com:443
DEBUG:urllib3.connectionpool:https://wordpress-810691-5571285.cloudwaysapps.com:443 "GET /resources/the-florida-state-genealogical-society/ HTTP/1.1" 200 None
DEBUG:root:Successfully fetched https://wordpress-810691-5571285.cloudwaysapps.com/resources/the-florida-state-genealogical-society/ (Content-Length: 38948)
DEBUG:charset_normalizer:Encoding detection: utf_8 is most likely the one.
DEBUG:root:Extracted 632 characters, 108 words from https://wordpress-810691-5571285.cloudwaysapps.com/resources/the-florida-state-genealogical-society/
DEBUG:root:Using regex pattern: \b[a-zA-Z]{3,}\b
DEBUG:root:Found 79 words to check in https://wordpress-810691-5571285.cloudwaysapps.com/resources/the-florida-state-genealogical-society/ (min_length=3)
DEBUG:root:Sample words from https://wordpress-810691-5571285.cloudwaysapps.com/resources/the-florida-state-genealogical-society/: ['This', 'alert', 'Skip', 'content', 'The', 'Florida', 'State', 'Genealogical', 'Society', 'June']
DEBUG:root:Spell check results for https://wordpress-810691-5571285.cloudwaysapps.com/resources/the-florida-state-genealogical-society/: 48 words checked, 31 skipped, 0 errors found
INFO:root:✅ Processed https://wordpress-810691-5571285.cloudwaysapps.com/resources/the-florida-state-genealogical-society/: 0 errors found, 108 words checked
DEBUG:root:Attempting to fetch: https://wordpress-810691-5571285.cloudwaysapps.com/membership-join/membership-registration/
Processing pages:  65%|██████▌   | 248/381 [02:22<00:50,  2.66it/s]DEBUG:urllib3.connectionpool:https://wordpress-810691-5571285.cloudwaysapps.com:443 "GET /membership-join/membership-registration/ HTTP/1.1" 200 None
DEBUG:root:Successfully fetched https://wordpress-810691-5571285.cloudwaysapps.com/membership-join/membership-registration/ (Content-Length: 37397)
DEBUG:charset_normalizer:Encoding detection: utf_8 is most likely the one.
DEBUG:root:Extracted 313 characters, 56 words from https://wordpress-810691-5571285.cloudwaysapps.com/membership-join/membership-registration/
DEBUG:root:Using regex pattern: \b[a-zA-Z]{3,}\b
DEBUG:root:Found 42 words to check in https://wordpress-810691-5571285.cloudwaysapps.com/membership-join/membership-registration/ (min_length=3)
DEBUG:root:Sample words from https://wordpress-810691-5571285.cloudwaysapps.com/membership-join/membership-registration/: ['This', 'alert', 'Skip', 'content', 'Registration', 'Free', 'membership', 'disabled', 'this', 'site']
DEBUG:root:Spell check results for https://wordpress-810691-5571285.cloudwaysapps.com/membership-join/membership-registration/: 34 words checked, 8 skipped, 0 errors found
INFO:root:✅ Processed https://wordpress-810691-5571285.cloudwaysapps.com/membership-join/membership-registration/: 0 errors found, 56 words checked
DEBUG:root:Attempting to fetch: https://wordpress-810691-5571285.cloudwaysapps.com/resources/federation-of-genealogy-societies/
DEBUG:urllib3.connectionpool:https://wordpress-810691-5571285.cloudwaysapps.com:443 "GET /wp-content/uploads/2025/08/IMG_0001_3_1566943222-761x1024.webp HTTP/1.1" 200 114108
DEBUG:urllib3.connectionpool:https://wordpress-810691-5571285.cloudwaysapps.com:443 "GET /subject/info-for-beginners/ HTTP/1.1" 404 None
DEBUG:urllib3.connectionpool:https://outlook.live.com:443 "GET /calendar/0/deeplink/compose?allday=false&body=Help+in+the+preservation+of+our+local+history+and+collections%2C+including+transcriptionists%2C+preservationists%2C+digitizers%2C+and+organization%C2%A0projects.&location=2525+Oakley+Seaver+Dr%2C+Clermont%2C+FL%2C+34711%2C+United+States&path=/calendar/action/compose&rru=addevent&startdt=2026-01-28T10%3A00%3A00-05%3A00&enddt=2026-01-28T12%3A00%3A00-05%3A00&subject=Preserving+Local+History HTTP/1.1" 200 None
DEBUG:urllib3.connectionpool:https://wordpress-810691-5571285.cloudwaysapps.com:443 "GET /resources/federation-of-genealogy-societies/ HTTP/1.1" 200 None
DEBUG:root:Successfully fetched https://wordpress-810691-5571285.cloudwaysapps.com/resources/federation-of-genealogy-societies/ (Content-Length: 38969)
DEBUG:root:✅ Hyperlink OK: https://outlook.live.com/calendar/0/deeplink/compose?allday=false&body=Help+in+the+preservation+of+our+local+history+and+collections%2C+including+transcriptionists%2C+preservationists%2C+digitizers%2C+and+organization%C2%A0projects.&location=2525+Oakley+Seaver+Dr%2C+Clermont%2C+FL%2C+34711%2C+United+States&path=/calendar/action/compose&rru=addevent&startdt=2026-01-28T10%3A00%3A00-05%3A00&enddt=2026-01-28T12%3A00%3A00-05%3A00&subject=Preserving+Local+History
DEBUG:root:Using regex pattern: \b[a-zA-Z]{3,}\b
DEBUG:root:Found 44 words to check in https://wordpress-810691-5571285.cloudwaysapps.com/events/preserving-local-history-2026-01-28/ (min_length=3)
DEBUG:root:Sample words from https://wordpress-810691-5571285.cloudwaysapps.com/events/preserving-local-history-2026-01-28/: ['This', 'alert', 'Skip', 'content', 'Preserving', 'Local', 'History', 'When', 'January', 'Add']
DEBUG:root:Misspelled word found: 'transcriptionists' in https://wordpress-810691-5571285.cloudwaysapps.com/events/preserving-local-history-2026-01-28/
DEBUG:root:Spell check results for https://wordpress-810691-5571285.cloudwaysapps.com/events/preserving-local-history-2026-01-28/: 17 words checked, 27 skipped, 1 errors found
INFO:root:✅ Processed https://wordpress-810691-5571285.cloudwaysapps.com/events/preserving-local-history-2026-01-28/: 1 errors found, 65 words checked
DEBUG:root:Attempting to fetch: https://wordpress-810691-5571285.cloudwaysapps.com/galleries/2017-board-members-march-evt/
Processing pages:  66%|██████▌   | 250/381 [02:22<00:32,  4.03it/s]DEBUG:charset_normalizer:Encoding detection: utf_8 is most likely the one.
WARNING:root:❌ HTTP 404 for https://wordpress-810691-5571285.cloudwaysapps.com/subject/info-for-beginners/ - Not Found
DEBUG:root:Attempting to fetch: https://wordpress-810691-5571285.cloudwaysapps.com/galleries/2012-pastfinders-news/
DEBUG:root:Extracted 704 characters, 108 words from https://wordpress-810691-5571285.cloudwaysapps.com/resources/federation-of-genealogy-societies/
DEBUG:root:Using regex pattern: \b[a-zA-Z]{3,}\b
DEBUG:root:Found 82 words to check in https://wordpress-810691-5571285.cloudwaysapps.com/resources/federation-of-genealogy-societies/ (min_length=3)
DEBUG:root:Sample words from https://wordpress-810691-5571285.cloudwaysapps.com/resources/federation-of-genealogy-societies/: ['This', 'alert', 'Skip', 'content', 'Federation', 'Genealogy', 'Societies', 'June', 'The', 'Federation']
DEBUG:root:Spell check results for https://wordpress-810691-5571285.cloudwaysapps.com/resources/federation-of-genealogy-societies/: 61 words checked, 21 skipped, 0 errors found
INFO:root:✅ Processed https://wordpress-810691-5571285.cloudwaysapps.com/resources/federation-of-genealogy-societies/: 0 errors found, 108 words checked
DEBUG:root:Attempting to fetch: https://wordpress-810691-5571285.cloudwaysapps.com/events/research-assistance-2025-08-27-2025-09-03-2025-09-10-2025-09-17-2025-09-24-2025-10-01-2025-10-08-2025-10-15-2025-10-22-2025-10-29-2025-11-05-2025-11-12-2025-11-19-2025-11-26-2025-12-03-2-29-2026-05-06/
DEBUG:root:✅ Image OK: https://wordpress-810691-5571285.cloudwaysapps.com/wp-content/uploads/2025/08/IMG_0001_3_1566943222-761x1024.webp
DEBUG:root:Checking internal image: https://wordpress-810691-5571285.cloudwaysapps.com/wp-content/uploads/2025/08/IMG_0004_1566943226-933x1024.webp
DEBUG:urllib3.connectionpool:Starting new HTTPS connection (1): wordpress-810691-5571285.cloudwaysapps.com:443
DEBUG:urllib3.connectionpool:https://wordpress-810691-5571285.cloudwaysapps.com:443 "GET /galleries/2017-board-members-march-evt/ HTTP/1.1" 200 None
DEBUG:root:Successfully fetched https://wordpress-810691-5571285.cloudwaysapps.com/galleries/2017-board-members-march-evt/ (Content-Length: 43612)
DEBUG:charset_normalizer:Encoding detection: utf_8 is most likely the one.
DEBUG:root:Extracted 164 characters, 29 words from https://wordpress-810691-5571285.cloudwaysapps.com/galleries/2017-board-members-march-evt/
DEBUG:root:Checking internal image: https://wordpress-810691-5571285.cloudwaysapps.com/wp-content/uploads/2025/08/15975287_1132974560152673_5302710566069873883_o_1555553475-1024x576.webp
DEBUG:urllib3.connectionpool:https://wordpress-810691-5571285.cloudwaysapps.com:443 "GET /events/research-assistance-2025-08-27-2025-09-03-2025-09-10-2025-09-17-2025-09-24-2025-10-01-2025-10-08-2025-10-15-2025-10-22-2025-10-29-2025-11-05-2025-11-12-2025-11-19-2025-11-26-2025-12-03-2-29-2026-05-06/ HTTP/1.1" 200 None
DEBUG:root:Successfully fetched https://wordpress-810691-5571285.cloudwaysapps.com/events/research-assistance-2025-08-27-2025-09-03-2025-09-10-2025-09-17-2025-09-24-2025-10-01-2025-10-08-2025-10-15-2025-10-22-2025-10-29-2025-11-05-2025-11-12-2025-11-19-2025-11-26-2025-12-03-2-29-2026-05-06/ (Content-Length: 44207)
DEBUG:charset_normalizer:Encoding detection: utf_8 is most likely the one.
DEBUG:urllib3.connectionpool:Starting new HTTPS connection (1): wordpress-810691-5571285.cloudwaysapps.com:443
DEBUG:root:Extracted 486 characters, 85 words from https://wordpress-810691-5571285.cloudwaysapps.com/events/research-assistance-2025-08-27-2025-09-03-2025-09-10-2025-09-17-2025-09-24-2025-10-01-2025-10-08-2025-10-15-2025-10-22-2025-10-29-2025-11-05-2025-11-12-2025-11-19-2025-11-26-2025-12-03-2-29-2026-05-06/
DEBUG:root:Checking external hyperlink: https://www.google.com/calendar/event?action=TEMPLATE&text=Research+Assistance&dates=20260506T130000/20260506T150000&details=Join+us+weekly+in+the+Genealogy+Room+for+in-person+help+with+your+research.+It%E2%80%99s+a+great+chance+to+get+one-on-one+guidance%2C+ask+questions%2C+and+connect+with+others+who+share+your+passion+for+family+history.&location=2525+Oakley+Seaver+Dr%2C+Clermont%2C+FL%2C+34711%2C+United+States&trp=false&sprop=https%3A%2F%2Fwordpress-810691-5571285.cloudwaysapps.com%2Fevents%2Fresearch-assistance-2025-08-27-2025-09-03-2025-09-10-2025-09-17-2025-09-24-2025-10-01-2025-10-08-2025-10-15-2025-10-22-2025-10-29-2025-11-05-2025-11-12-2025-11-19-2025-11-26-2025-12-03-2-29-2026-05-06%2F&sprop=name:Pastfinders&ctz=America%2FNew_York
DEBUG:urllib3.connectionpool:Starting new HTTPS connection (1): www.google.com:443
DEBUG:urllib3.connectionpool:https://www.google.com:443 "GET /calendar/event?action=TEMPLATE&text=Research+Assistance&dates=20260506T130000/20260506T150000&details=Join+us+weekly+in+the+Genealogy+Room+for+in-person+help+with+your+research.+It%E2%80%99s+a+great+chance+to+get+one-on-one+guidance%2C+ask+questions%2C+and+connect+with+others+who+share+your+passion+for+family+history.&location=2525+Oakley+Seaver+Dr%2C+Clermont%2C+FL%2C+34711%2C+United+States&trp=false&sprop=https%3A%2F%2Fwordpress-810691-5571285.cloudwaysapps.com%2Fevents%2Fresearch-assistance-2025-08-27-2025-09-03-2025-09-10-2025-09-17-2025-09-24-2025-10-01-2025-10-08-2025-10-15-2025-10-22-2025-10-29-2025-11-05-2025-11-12-2025-11-19-2025-11-26-2025-12-03-2-29-2026-05-06%2F&sprop=name:Pastfinders&ctz=America%2FNew_York HTTP/1.1" 302 0
DEBUG:urllib3.connectionpool:Starting new HTTPS connection (1): calendar.google.com:443
DEBUG:urllib3.connectionpool:https://wordpress-810691-5571285.cloudwaysapps.com:443 "GET /wp-content/uploads/2025/08/IMG_0004_1566943226-933x1024.webp HTTP/1.1" 200 142482
DEBUG:urllib3.connectionpool:https://wordpress-810691-5571285.cloudwaysapps.com:443 "GET /wp-content/uploads/2025/08/15975287_1132974560152673_5302710566069873883_o_1555553475-1024x576.webp HTTP/1.1" 200 44834
DEBUG:root:✅ Image OK: https://wordpress-810691-5571285.cloudwaysapps.com/wp-content/uploads/2025/08/IMG_0004_1566943226-933x1024.webp
DEBUG:root:Checking internal image: https://wordpress-810691-5571285.cloudwaysapps.com/wp-content/uploads/2025/08/IMG_0008_1566943226-1024x429.webp
DEBUG:urllib3.connectionpool:Starting new HTTPS connection (1): wordpress-810691-5571285.cloudwaysapps.com:443
DEBUG:urllib3.connectionpool:https://calendar.google.com:443 "GET /calendar/event?action=TEMPLATE&text=Research+Assistance&dates=20260506T130000/20260506T150000&details=Join+us+weekly+in+the+Genealogy+Room+for+in-person+help+with+your+research.+It%E2%80%99s+a+great+chance+to+get+one-on-one+guidance,+ask+questions,+and+connect+with+others+who+share+your+passion+for+family+history.&location=2525+Oakley+Seaver+Dr,+Clermont,+FL,+34711,+United+States&trp=false&sprop=https://wordpress-810691-5571285.cloudwaysapps.com/events/research-assistance-2025-08-27-2025-09-03-2025-09-10-2025-09-17-2025-09-24-2025-10-01-2025-10-08-2025-10-15-2025-10-22-2025-10-29-2025-11-05-2025-11-12-2025-11-19-2025-11-26-2025-12-03-2-29-2026-05-06/&sprop=name:Pastfinders&ctz=America/New_York HTTP/1.1" 302 0
DEBUG:root:✅ Image OK: https://wordpress-810691-5571285.cloudwaysapps.com/wp-content/uploads/2025/08/15975287_1132974560152673_5302710566069873883_o_1555553475-1024x576.webp
DEBUG:root:Using regex pattern: \b[a-zA-Z]{3,}\b
DEBUG:root:Found 15 words to check in https://wordpress-810691-5571285.cloudwaysapps.com/galleries/2017-board-members-march-evt/ (min_length=3)
DEBUG:root:Sample words from https://wordpress-810691-5571285.cloudwaysapps.com/galleries/2017-board-members-march-evt/: ['This', 'alert', 'Skip', 'content', 'board', 'members', 'March', 'evt', 'images', 'Click']
DEBUG:root:Misspelled word found: 'evt' in https://wordpress-810691-5571285.cloudwaysapps.com/galleries/2017-board-members-march-evt/
DEBUG:root:Spell check results for https://wordpress-810691-5571285.cloudwaysapps.com/galleries/2017-board-members-march-evt/: 7 words checked, 8 skipped, 1 errors found
INFO:root:✅ Processed https://wordpress-810691-5571285.cloudwaysapps.com/galleries/2017-board-members-march-evt/: 1 errors found, 29 words checked
DEBUG:root:Attempting to fetch: https://wordpress-810691-5571285.cloudwaysapps.com/events/preserving-local-history-2025-12-24/
Processing pages:  66%|██████▋   | 253/381 [02:23<00:24,  5.28it/s]DEBUG:urllib3.connectionpool:Starting new HTTPS connection (1): accounts.google.com:443
DEBUG:urllib3.connectionpool:https://wordpress-810691-5571285.cloudwaysapps.com:443 "GET /events/preserving-local-history-2025-12-24/ HTTP/1.1" 200 None
DEBUG:root:Successfully fetched https://wordpress-810691-5571285.cloudwaysapps.com/events/preserving-local-history-2025-12-24/ (Content-Length: 43618)
DEBUG:charset_normalizer:Encoding detection: utf_8 is most likely the one.
DEBUG:root:Extracted 447 characters, 65 words from https://wordpress-810691-5571285.cloudwaysapps.com/events/preserving-local-history-2025-12-24/
DEBUG:root:Checking external hyperlink: https://www.google.com/calendar/event?action=TEMPLATE&text=Preserving+Local+History&dates=20251224T100000/20251224T120000&details=Help+in+the+preservation+of+our+local+history+and+collections%2C+including+transcriptionists%2C+preservationists%2C+digitizers%2C+and+organization%C2%A0projects.&location=2525+Oakley+Seaver+Dr%2C+Clermont%2C+FL%2C+34711%2C+United+States&trp=false&sprop=https%3A%2F%2Fwordpress-810691-5571285.cloudwaysapps.com%2Fevents%2Fpreserving-local-history-2025-12-24%2F&sprop=name:Pastfinders&ctz=America%2FNew_York
DEBUG:urllib3.connectionpool:Starting new HTTPS connection (1): www.google.com:443
DEBUG:urllib3.connectionpool:https://accounts.google.com:443 "GET /ServiceLogin?service=cl&passive=1209600&osid=1&continue=https://calendar.google.com/calendar/event?action%3DTEMPLATE%26text%3DResearch%2BAssistance%26dates%3D20260506T130000/20260506T150000%26details%3DJoin%2Bus%2Bweekly%2Bin%2Bthe%2BGenealogy%2BRoom%2Bfor%2Bin-person%2Bhelp%2Bwith%2Byour%2Bresearch.%2BIt%25E2%2580%2599s%2Ba%2Bgreat%2Bchance%2Bto%2Bget%2Bone-on-one%2Bguidance,%2Bask%2Bquestions,%2Band%2Bconnect%2Bwith%2Bothers%2Bwho%2Bshare%2Byour%2Bpassion%2Bfor%2Bfamily%2Bhistory.%26location%3D2525%2BOakley%2BSeaver%2BDr,%2BClermont,%2BFL,%2B34711,%2BUnited%2BStates%26trp%3Dfalse%26sprop%3Dhttps://wordpress-810691-5571285.cloudwaysapps.com/events/research-assistance-2025-08-27-2025-09-03-2025-09-10-2025-09-17-2025-09-24-2025-10-01-2025-10-08-2025-10-15-2025-10-22-2025-10-29-2025-11-05-2025-11-12-2025-11-19-2025-11-26-2025-12-03-2-29-2026-05-06/%26sprop%3Dname:Pastfinders%26ctz%3DAmerica/New_York&followup=https://calendar.google.com/calendar/event?action%3DTEMPLATE%26text%3DResearch%2BAssistance%26dates%3D20260506T130000/20260506T150000%26details%3DJoin%2Bus%2Bweekly%2Bin%2Bthe%2BGenealogy%2BRoom%2Bfor%2Bin-person%2Bhelp%2Bwith%2Byour%2Bresearch.%2BIt%25E2%2580%2599s%2Ba%2Bgreat%2Bchance%2Bto%2Bget%2Bone-on-one%2Bguidance,%2Bask%2Bquestions,%2Band%2Bconnect%2Bwith%2Bothers%2Bwho%2Bshare%2Byour%2Bpassion%2Bfor%2Bfamily%2Bhistory.%26location%3D2525%2BOakley%2BSeaver%2BDr,%2BClermont,%2BFL,%2B34711,%2BUnited%2BStates%26trp%3Dfalse%26sprop%3Dhttps://wordpress-810691-5571285.cloudwaysapps.com/events/research-assistance-2025-08-27-2025-09-03-2025-09-10-2025-09-17-2025-09-24-2025-10-01-2025-10-08-2025-10-15-2025-10-22-2025-10-29-2025-11-05-2025-11-12-2025-11-19-2025-11-26-2025-12-03-2-29-2026-05-06/%26sprop%3Dname:Pastfinders%26ctz%3DAmerica/New_York&emr=1 HTTP/1.1" 302 0
DEBUG:urllib3.connectionpool:https://accounts.google.com:443 "GET /InteractiveLogin?continue=https://calendar.google.com/calendar/event?action%3DTEMPLATE%26text%3DResearch%2BAssistance%26dates%3D20260506T130000/20260506T150000%26details%3DJoin%2Bus%2Bweekly%2Bin%2Bthe%2BGenealogy%2BRoom%2Bfor%2Bin-person%2Bhelp%2Bwith%2Byour%2Bresearch.%2BIt%25E2%2580%2599s%2Ba%2Bgreat%2Bchance%2Bto%2Bget%2Bone-on-one%2Bguidance,%2Bask%2Bquestions,%2Band%2Bconnect%2Bwith%2Bothers%2Bwho%2Bshare%2Byour%2Bpassion%2Bfor%2Bfamily%2Bhistory.%26location%3D2525%2BOakley%2BSeaver%2BDr,%2BClermont,%2BFL,%2B34711,%2BUnited%2BStates%26trp%3Dfalse%26sprop%3Dhttps://wordpress-810691-5571285.cloudwaysapps.com/events/research-assistance-2025-08-27-2025-09-03-2025-09-10-2025-09-17-2025-09-24-2025-10-01-2025-10-08-2025-10-15-2025-10-22-2025-10-29-2025-11-05-2025-11-12-2025-11-19-2025-11-26-2025-12-03-2-29-2026-05-06/%26sprop%3Dname:Pastfinders%26ctz%3DAmerica/New_York&emr=1&followup=https://calendar.google.com/calendar/event?action%3DTEMPLATE%26text%3DResearch%2BAssistance%26dates%3D20260506T130000/20260506T150000%26details%3DJoin%2Bus%2Bweekly%2Bin%2Bthe%2BGenealogy%2BRoom%2Bfor%2Bin-person%2Bhelp%2Bwith%2Byour%2Bresearch.%2BIt%25E2%2580%2599s%2Ba%2Bgreat%2Bchance%2Bto%2Bget%2Bone-on-one%2Bguidance,%2Bask%2Bquestions,%2Band%2Bconnect%2Bwith%2Bothers%2Bwho%2Bshare%2Byour%2Bpassion%2Bfor%2Bfamily%2Bhistory.%26location%3D2525%2BOakley%2BSeaver%2BDr,%2BClermont,%2BFL,%2B34711,%2BUnited%2BStates%26trp%3Dfalse%26sprop%3Dhttps://wordpress-810691-5571285.cloudwaysapps.com/events/research-assistance-2025-08-27-2025-09-03-2025-09-10-2025-09-17-2025-09-24-2025-10-01-2025-10-08-2025-10-15-2025-10-22-2025-10-29-2025-11-05-2025-11-12-2025-11-19-2025-11-26-2025-12-03-2-29-2026-05-06/%26sprop%3Dname:Pastfinders%26ctz%3DAmerica/New_York&osid=1&passive=1209600&service=cl&ifkv=AdBytiNgNCfXbaWGKGC8jfk4DOXjnAA94bv7IFvxcvURVdbQKPEEYJP2HM8LB2aQ-p5LudU4Xebthw HTTP/1.1" 302 None
DEBUG:urllib3.connectionpool:https://www.google.com:443 "GET /calendar/event?action=TEMPLATE&text=Preserving+Local+History&dates=20251224T100000/20251224T120000&details=Help+in+the+preservation+of+our+local+history+and+collections%2C+including+transcriptionists%2C+preservationists%2C+digitizers%2C+and+organization%C2%A0projects.&location=2525+Oakley+Seaver+Dr%2C+Clermont%2C+FL%2C+34711%2C+United+States&trp=false&sprop=https%3A%2F%2Fwordpress-810691-5571285.cloudwaysapps.com%2Fevents%2Fpreserving-local-history-2025-12-24%2F&sprop=name:Pastfinders&ctz=America%2FNew_York HTTP/1.1" 302 0
DEBUG:urllib3.connectionpool:Starting new HTTPS connection (1): calendar.google.com:443
DEBUG:urllib3.connectionpool:https://wordpress-810691-5571285.cloudwaysapps.com:443 "GET /wp-content/uploads/2025/08/IMG_0008_1566943226-1024x429.webp HTTP/1.1" 200 67414
DEBUG:urllib3.connectionpool:https://accounts.google.com:443 "GET /v3/signin/identifier?continue=https%3A%2F%2Fcalendar.google.com%2Fcalendar%2Fevent%3Faction%3DTEMPLATE%26text%3DResearch%2BAssistance%26dates%3D20260506T130000%2F20260506T150000%26details%3DJoin%2Bus%2Bweekly%2Bin%2Bthe%2BGenealogy%2BRoom%2Bfor%2Bin-person%2Bhelp%2Bwith%2Byour%2Bresearch.%2BIt%25E2%2580%2599s%2Ba%2Bgreat%2Bchance%2Bto%2Bget%2Bone-on-one%2Bguidance%2C%2Bask%2Bquestions%2C%2Band%2Bconnect%2Bwith%2Bothers%2Bwho%2Bshare%2Byour%2Bpassion%2Bfor%2Bfamily%2Bhistory.%26location%3D2525%2BOakley%2BSeaver%2BDr%2C%2BClermont%2C%2BFL%2C%2B34711%2C%2BUnited%2BStates%26trp%3Dfalse%26sprop%3Dhttps%3A%2F%2Fwordpress-810691-5571285.cloudwaysapps.com%2Fevents%2Fresearch-assistance-2025-08-27-2025-09-03-2025-09-10-2025-09-17-2025-09-24-2025-10-01-2025-10-08-2025-10-15-2025-10-22-2025-10-29-2025-11-05-2025-11-12-2025-11-19-2025-11-26-2025-12-03-2-29-2026-05-06%2F%26sprop%3Dname%3APastfinders%26ctz%3DAmerica%2FNew_York&emr=1&followup=https%3A%2F%2Fcalendar.google.com%2Fcalendar%2Fevent%3Faction%3DTEMPLATE%26text%3DResearch%2BAssistance%26dates%3D20260506T130000%2F20260506T150000%26details%3DJoin%2Bus%2Bweekly%2Bin%2Bthe%2BGenealogy%2BRoom%2Bfor%2Bin-person%2Bhelp%2Bwith%2Byour%2Bresearch.%2BIt%25E2%2580%2599s%2Ba%2Bgreat%2Bchance%2Bto%2Bget%2Bone-on-one%2Bguidance%2C%2Bask%2Bquestions%2C%2Band%2Bconnect%2Bwith%2Bothers%2Bwho%2Bshare%2Byour%2Bpassion%2Bfor%2Bfamily%2Bhistory.%26location%3D2525%2BOakley%2BSeaver%2BDr%2C%2BClermont%2C%2BFL%2C%2B34711%2C%2BUnited%2BStates%26trp%3Dfalse%26sprop%3Dhttps%3A%2F%2Fwordpress-810691-5571285.cloudwaysapps.com%2Fevents%2Fresearch-assistance-2025-08-27-2025-09-03-2025-09-10-2025-09-17-2025-09-24-2025-10-01-2025-10-08-2025-10-15-2025-10-22-2025-10-29-2025-11-05-2025-11-12-2025-11-19-2025-11-26-2025-12-03-2-29-2026-05-06%2F%26sprop%3Dname%3APastfinders%26ctz%3DAmerica%2FNew_York&ifkv=AdBytiPOThmPAkn_XEcvpga819nhWrr8qd2GftD5Hum2gOmedQ4yYL-WKfieIOVHupExZKV8dqI9ow&osid=1&passive=1209600&service=cl&flowName=WebLiteSignIn&flowEntry=ServiceLogin&dsh=S-1440824661%3A1756758267395535 HTTP/1.1" 200 None
DEBUG:root:✅ Image OK: https://wordpress-810691-5571285.cloudwaysapps.com/wp-content/uploads/2025/08/IMG_0008_1566943226-1024x429.webp
DEBUG:root:Checking internal image: https://wordpress-810691-5571285.cloudwaysapps.com/wp-content/uploads/2025/08/IMG_0005_1566943222-1024x839.webp
DEBUG:urllib3.connectionpool:Starting new HTTPS connection (1): wordpress-810691-5571285.cloudwaysapps.com:443
DEBUG:root:✅ Hyperlink OK: https://www.google.com/calendar/event?action=TEMPLATE&text=Research+Assistance&dates=20260506T130000/20260506T150000&details=Join+us+weekly+in+the+Genealogy+Room+for+in-person+help+with+your+research.+It%E2%80%99s+a+great+chance+to+get+one-on-one+guidance%2C+ask+questions%2C+and+connect+with+others+who+share+your+passion+for+family+history.&location=2525+Oakley+Seaver+Dr%2C+Clermont%2C+FL%2C+34711%2C+United+States&trp=false&sprop=https%3A%2F%2Fwordpress-810691-5571285.cloudwaysapps.com%2Fevents%2Fresearch-assistance-2025-08-27-2025-09-03-2025-09-10-2025-09-17-2025-09-24-2025-10-01-2025-10-08-2025-10-15-2025-10-22-2025-10-29-2025-11-05-2025-11-12-2025-11-19-2025-11-26-2025-12-03-2-29-2026-05-06%2F&sprop=name:Pastfinders&ctz=America%2FNew_York
DEBUG:root:Checking external hyperlink: https://outlook.office.com/calendar/0/deeplink/compose?allday=false&body=Join+us+weekly+in+the+Genealogy+Room+for+in-person+help+with+your+research.+It%E2%80%99s+a+great+chance+to+get+one-on-one+guidance%2C+ask+questions%2C+and+connect+with+others+who+share+your+passion+for+family+history.&location=2525+Oakley+Seaver+Dr%2C+Clermont%2C+FL%2C+34711%2C+United+States&path=/calendar/action/compose&rru=addevent&startdt=2026-05-06T13%3A00%3A00-04%3A00&enddt=2026-05-06T15%3A00%3A00-04%3A00&subject=Research+Assistance
DEBUG:urllib3.connectionpool:Starting new HTTPS connection (1): outlook.office.com:443
DEBUG:urllib3.connectionpool:https://calendar.google.com:443 "GET /calendar/event?action=TEMPLATE&text=Preserving+Local+History&dates=20251224T100000/20251224T120000&details=Help+in+the+preservation+of+our+local+history+and+collections,+including+transcriptionists,+preservationists,+digitizers,+and+organization%C2%A0projects.&location=2525+Oakley+Seaver+Dr,+Clermont,+FL,+34711,+United+States&trp=false&sprop=https://wordpress-810691-5571285.cloudwaysapps.com/events/preserving-local-history-2025-12-24/&sprop=name:Pastfinders&ctz=America/New_York HTTP/1.1" 302 0
DEBUG:urllib3.connectionpool:Starting new HTTPS connection (1): accounts.google.com:443
DEBUG:root:✅ Document OK: https://pastfindersslc.org/upload/newsletters/2001_Winter_February.pdf
DEBUG:root:Checking external document: https://pastfindersslc.org/upload/newsletters/2000_Fall__Novembr.pdf
DEBUG:urllib3.connectionpool:Starting new HTTPS connection (1): pastfindersslc.org:443
DEBUG:urllib3.connectionpool:https://accounts.google.com:443 "GET /ServiceLogin?service=cl&passive=1209600&osid=1&continue=https://calendar.google.com/calendar/event?action%3DTEMPLATE%26text%3DPreserving%2BLocal%2BHistory%26dates%3D20251224T100000/20251224T120000%26details%3DHelp%2Bin%2Bthe%2Bpreservation%2Bof%2Bour%2Blocal%2Bhistory%2Band%2Bcollections,%2Bincluding%2Btranscriptionists,%2Bpreservationists,%2Bdigitizers,%2Band%2Borganization%25C2%25A0projects.%26location%3D2525%2BOakley%2BSeaver%2BDr,%2BClermont,%2BFL,%2B34711,%2BUnited%2BStates%26trp%3Dfalse%26sprop%3Dhttps://wordpress-810691-5571285.cloudwaysapps.com/events/preserving-local-history-2025-12-24/%26sprop%3Dname:Pastfinders%26ctz%3DAmerica/New_York&followup=https://calendar.google.com/calendar/event?action%3DTEMPLATE%26text%3DPreserving%2BLocal%2BHistory%26dates%3D20251224T100000/20251224T120000%26details%3DHelp%2Bin%2Bthe%2Bpreservation%2Bof%2Bour%2Blocal%2Bhistory%2Band%2Bcollections,%2Bincluding%2Btranscriptionists,%2Bpreservationists,%2Bdigitizers,%2Band%2Borganization%25C2%25A0projects.%26location%3D2525%2BOakley%2BSeaver%2BDr,%2BClermont,%2BFL,%2B34711,%2BUnited%2BStates%26trp%3Dfalse%26sprop%3Dhttps://wordpress-810691-5571285.cloudwaysapps.com/events/preserving-local-history-2025-12-24/%26sprop%3Dname:Pastfinders%26ctz%3DAmerica/New_York&emr=1 HTTP/1.1" 302 0
DEBUG:urllib3.connectionpool:https://wordpress-810691-5571285.cloudwaysapps.com:443 "GET /wp-content/uploads/2025/08/IMG_0005_1566943222-1024x839.webp HTTP/1.1" 200 138342
DEBUG:urllib3.connectionpool:https://pastfindersslc.org:443 "GET /upload/newsletters/2000_Fall__Novembr.pdf HTTP/1.1" 200 8017146
DEBUG:urllib3.connectionpool:https://accounts.google.com:443 "GET /InteractiveLogin?continue=https://calendar.google.com/calendar/event?action%3DTEMPLATE%26text%3DPreserving%2BLocal%2BHistory%26dates%3D20251224T100000/20251224T120000%26details%3DHelp%2Bin%2Bthe%2Bpreservation%2Bof%2Bour%2Blocal%2Bhistory%2Band%2Bcollections,%2Bincluding%2Btranscriptionists,%2Bpreservationists,%2Bdigitizers,%2Band%2Borganization%25C2%25A0projects.%26location%3D2525%2BOakley%2BSeaver%2BDr,%2BClermont,%2BFL,%2B34711,%2BUnited%2BStates%26trp%3Dfalse%26sprop%3Dhttps://wordpress-810691-5571285.cloudwaysapps.com/events/preserving-local-history-2025-12-24/%26sprop%3Dname:Pastfinders%26ctz%3DAmerica/New_York&emr=1&followup=https://calendar.google.com/calendar/event?action%3DTEMPLATE%26text%3DPreserving%2BLocal%2BHistory%26dates%3D20251224T100000/20251224T120000%26details%3DHelp%2Bin%2Bthe%2Bpreservation%2Bof%2Bour%2Blocal%2Bhistory%2Band%2Bcollections,%2Bincluding%2Btranscriptionists,%2Bpreservationists,%2Bdigitizers,%2Band%2Borganization%25C2%25A0projects.%26location%3D2525%2BOakley%2BSeaver%2BDr,%2BClermont,%2BFL,%2B34711,%2BUnited%2BStates%26trp%3Dfalse%26sprop%3Dhttps://wordpress-810691-5571285.cloudwaysapps.com/events/preserving-local-history-2025-12-24/%26sprop%3Dname:Pastfinders%26ctz%3DAmerica/New_York&osid=1&passive=1209600&service=cl&ifkv=AdBytiNgDFfGvvkMVlI_oxtHvYF8JHQ4XRLGv9-ZONadMGj4YXAi1iNVRc-jE_nZmZ0PSjdyLioCog HTTP/1.1" 302 None
DEBUG:urllib3.connectionpool:https://outlook.office.com:443 "GET /calendar/0/deeplink/compose?allday=false&body=Join+us+weekly+in+the+Genealogy+Room+for+in-person+help+with+your+research.+It%E2%80%99s+a+great+chance+to+get+one-on-one+guidance%2C+ask+questions%2C+and+connect+with+others+who+share+your+passion+for+family+history.&location=2525+Oakley+Seaver+Dr%2C+Clermont%2C+FL%2C+34711%2C+United+States&path=/calendar/action/compose&rru=addevent&startdt=2026-05-06T13%3A00%3A00-04%3A00&enddt=2026-05-06T15%3A00%3A00-04%3A00&subject=Research+Assistance HTTP/1.1" 200 None
DEBUG:root:✅ Hyperlink OK: https://outlook.office.com/calendar/0/deeplink/compose?allday=false&body=Join+us+weekly+in+the+Genealogy+Room+for+in-person+help+with+your+research.+It%E2%80%99s+a+great+chance+to+get+one-on-one+guidance%2C+ask+questions%2C+and+connect+with+others+who+share+your+passion+for+family+history.&location=2525+Oakley+Seaver+Dr%2C+Clermont%2C+FL%2C+34711%2C+United+States&path=/calendar/action/compose&rru=addevent&startdt=2026-05-06T13%3A00%3A00-04%3A00&enddt=2026-05-06T15%3A00%3A00-04%3A00&subject=Research+Assistance
DEBUG:root:Checking external hyperlink: https://outlook.live.com/calendar/0/deeplink/compose?allday=false&body=Join+us+weekly+in+the+Genealogy+Room+for+in-person+help+with+your+research.+It%E2%80%99s+a+great+chance+to+get+one-on-one+guidance%2C+ask+questions%2C+and+connect+with+others+who+share+your+passion+for+family+history.&location=2525+Oakley+Seaver+Dr%2C+Clermont%2C+FL%2C+34711%2C+United+States&path=/calendar/action/compose&rru=addevent&startdt=2026-05-06T13%3A00%3A00-04%3A00&enddt=2026-05-06T15%3A00%3A00-04%3A00&subject=Research+Assistance
DEBUG:urllib3.connectionpool:Starting new HTTPS connection (1): outlook.live.com:443
DEBUG:root:✅ Image OK: https://wordpress-810691-5571285.cloudwaysapps.com/wp-content/uploads/2025/08/IMG_0005_1566943222-1024x839.webp
DEBUG:root:Checking internal image: https://wordpress-810691-5571285.cloudwaysapps.com/wp-content/uploads/2025/08/IMG_0014_1566943222-1024x443.webp
DEBUG:urllib3.connectionpool:Starting new HTTPS connection (1): wordpress-810691-5571285.cloudwaysapps.com:443
DEBUG:urllib3.connectionpool:https://wordpress-810691-5571285.cloudwaysapps.com:443 "GET /galleries/2012-pastfinders-news/ HTTP/1.1" 200 None
DEBUG:urllib3.connectionpool:https://accounts.google.com:443 "GET /v3/signin/identifier?continue=https%3A%2F%2Fcalendar.google.com%2Fcalendar%2Fevent%3Faction%3DTEMPLATE%26text%3DPreserving%2BLocal%2BHistory%26dates%3D20251224T100000%2F20251224T120000%26details%3DHelp%2Bin%2Bthe%2Bpreservation%2Bof%2Bour%2Blocal%2Bhistory%2Band%2Bcollections%2C%2Bincluding%2Btranscriptionists%2C%2Bpreservationists%2C%2Bdigitizers%2C%2Band%2Borganization%25C2%25A0projects.%26location%3D2525%2BOakley%2BSeaver%2BDr%2C%2BClermont%2C%2BFL%2C%2B34711%2C%2BUnited%2BStates%26trp%3Dfalse%26sprop%3Dhttps%3A%2F%2Fwordpress-810691-5571285.cloudwaysapps.com%2Fevents%2Fpreserving-local-history-2025-12-24%2F%26sprop%3Dname%3APastfinders%26ctz%3DAmerica%2FNew_York&emr=1&followup=https%3A%2F%2Fcalendar.google.com%2Fcalendar%2Fevent%3Faction%3DTEMPLATE%26text%3DPreserving%2BLocal%2BHistory%26dates%3D20251224T100000%2F20251224T120000%26details%3DHelp%2Bin%2Bthe%2Bpreservation%2Bof%2Bour%2Blocal%2Bhistory%2Band%2Bcollections%2C%2Bincluding%2Btranscriptionists%2C%2Bpreservationists%2C%2Bdigitizers%2C%2Band%2Borganization%25C2%25A0projects.%26location%3D2525%2BOakley%2BSeaver%2BDr%2C%2BClermont%2C%2BFL%2C%2B34711%2C%2BUnited%2BStates%26trp%3Dfalse%26sprop%3Dhttps%3A%2F%2Fwordpress-810691-5571285.cloudwaysapps.com%2Fevents%2Fpreserving-local-history-2025-12-24%2F%26sprop%3Dname%3APastfinders%26ctz%3DAmerica%2FNew_York&ifkv=AdBytiMn-LmvPDzMX49ZaFNQ4-BN4gRob5NcljSkdZlQuCb48FaBxuGUi0vOiaqkYF76dwlcHGZv9Q&osid=1&passive=1209600&service=cl&flowName=WebLiteSignIn&flowEntry=ServiceLogin&dsh=S2131731407%3A1756758267739538 HTTP/1.1" 200 None
DEBUG:root:Successfully fetched https://wordpress-810691-5571285.cloudwaysapps.com/galleries/2012-pastfinders-news/ (Content-Length: 62853)
DEBUG:charset_normalizer:Encoding detection: utf_8 is most likely the one.
DEBUG:root:Extracted 328 characters, 67 words from https://wordpress-810691-5571285.cloudwaysapps.com/galleries/2012-pastfinders-news/
DEBUG:root:Checking internal image: https://wordpress-810691-5571285.cloudwaysapps.com/wp-content/uploads/2025/08/IMG_0021_1566916564-1024x783.webp
DEBUG:root:✅ Hyperlink OK: https://www.google.com/calendar/event?action=TEMPLATE&text=Preserving+Local+History&dates=20251224T100000/20251224T120000&details=Help+in+the+preservation+of+our+local+history+and+collections%2C+including+transcriptionists%2C+preservationists%2C+digitizers%2C+and+organization%C2%A0projects.&location=2525+Oakley+Seaver+Dr%2C+Clermont%2C+FL%2C+34711%2C+United+States&trp=false&sprop=https%3A%2F%2Fwordpress-810691-5571285.cloudwaysapps.com%2Fevents%2Fpreserving-local-history-2025-12-24%2F&sprop=name:Pastfinders&ctz=America%2FNew_York
DEBUG:root:Checking external hyperlink: https://outlook.office.com/calendar/0/deeplink/compose?allday=false&body=Help+in+the+preservation+of+our+local+history+and+collections%2C+including+transcriptionists%2C+preservationists%2C+digitizers%2C+and+organization%C2%A0projects.&location=2525+Oakley+Seaver+Dr%2C+Clermont%2C+FL%2C+34711%2C+United+States&path=/calendar/action/compose&rru=addevent&startdt=2025-12-24T10%3A00%3A00-05%3A00&enddt=2025-12-24T12%3A00%3A00-05%3A00&subject=Preserving+Local+History
DEBUG:urllib3.connectionpool:Starting new HTTPS connection (1): wordpress-810691-5571285.cloudwaysapps.com:443
DEBUG:urllib3.connectionpool:Starting new HTTPS connection (1): outlook.office.com:443
DEBUG:urllib3.connectionpool:https://outlook.live.com:443 "GET /calendar/0/deeplink/compose?allday=false&body=Join+us+weekly+in+the+Genealogy+Room+for+in-person+help+with+your+research.+It%E2%80%99s+a+great+chance+to+get+one-on-one+guidance%2C+ask+questions%2C+and+connect+with+others+who+share+your+passion+for+family+history.&location=2525+Oakley+Seaver+Dr%2C+Clermont%2C+FL%2C+34711%2C+United+States&path=/calendar/action/compose&rru=addevent&startdt=2026-05-06T13%3A00%3A00-04%3A00&enddt=2026-05-06T15%3A00%3A00-04%3A00&subject=Research+Assistance HTTP/1.1" 200 None
DEBUG:root:✅ Hyperlink OK: https://outlook.live.com/calendar/0/deeplink/compose?allday=false&body=Join+us+weekly+in+the+Genealogy+Room+for+in-person+help+with+your+research.+It%E2%80%99s+a+great+chance+to+get+one-on-one+guidance%2C+ask+questions%2C+and+connect+with+others+who+share+your+passion+for+family+history.&location=2525+Oakley+Seaver+Dr%2C+Clermont%2C+FL%2C+34711%2C+United+States&path=/calendar/action/compose&rru=addevent&startdt=2026-05-06T13%3A00%3A00-04%3A00&enddt=2026-05-06T15%3A00%3A00-04%3A00&subject=Research+Assistance
DEBUG:root:Using regex pattern: \b[a-zA-Z]{3,}\b
DEBUG:root:Found 58 words to check in https://wordpress-810691-5571285.cloudwaysapps.com/events/research-assistance-2025-08-27-2025-09-03-2025-09-10-2025-09-17-2025-09-24-2025-10-01-2025-10-08-2025-10-15-2025-10-22-2025-10-29-2025-11-05-2025-11-12-2025-11-19-2025-11-26-2025-12-03-2-29-2026-05-06/ (min_length=3)
DEBUG:root:Sample words from https://wordpress-810691-5571285.cloudwaysapps.com/events/research-assistance-2025-08-27-2025-09-03-2025-09-10-2025-09-17-2025-09-24-2025-10-01-2025-10-08-2025-10-15-2025-10-22-2025-10-29-2025-11-05-2025-11-12-2025-11-19-2025-11-26-2025-12-03-2-29-2026-05-06/: ['This', 'alert', 'Skip', 'content', 'Research', 'Assistance', 'When', 'May', 'Add', 'Calendar']
DEBUG:root:Spell check results for https://wordpress-810691-5571285.cloudwaysapps.com/events/research-assistance-2025-08-27-2025-09-03-2025-09-10-2025-09-17-2025-09-24-2025-10-01-2025-10-08-2025-10-15-2025-10-22-2025-10-29-2025-11-05-2025-11-12-2025-11-19-2025-11-26-2025-12-03-2-29-2026-05-06/: 30 words checked, 28 skipped, 0 errors found
INFO:root:✅ Processed https://wordpress-810691-5571285.cloudwaysapps.com/events/research-assistance-2025-08-27-2025-09-03-2025-09-10-2025-09-17-2025-09-24-2025-10-01-2025-10-08-2025-10-15-2025-10-22-2025-10-29-2025-11-05-2025-11-12-2025-11-19-2025-11-26-2025-12-03-2-29-2026-05-06/: 0 errors found, 85 words checked
DEBUG:root:Attempting to fetch: https://wordpress-810691-5571285.cloudwaysapps.com/galleries/2016-oct-family-history-month/
Processing pages:  67%|██████▋   | 254/381 [02:23<00:38,  3.28it/s]DEBUG:urllib3.connectionpool:https://wordpress-810691-5571285.cloudwaysapps.com:443 "GET /wp-content/uploads/2025/08/IMG_0014_1566943222-1024x443.webp HTTP/1.1" 200 85514
DEBUG:urllib3.connectionpool:https://wordpress-810691-5571285.cloudwaysapps.com:443 "GET /galleries/2016-oct-family-history-month/ HTTP/1.1" 200 None
DEBUG:root:Successfully fetched https://wordpress-810691-5571285.cloudwaysapps.com/galleries/2016-oct-family-history-month/ (Content-Length: 41734)
DEBUG:charset_normalizer:Encoding detection: utf_8 is most likely the one.
DEBUG:root:✅ Image OK: https://wordpress-810691-5571285.cloudwaysapps.com/wp-content/uploads/2025/08/IMG_0014_1566943222-1024x443.webp
DEBUG:root:Checking internal image: https://wordpress-810691-5571285.cloudwaysapps.com/wp-content/uploads/2025/08/IMG_0003_5_1566943222-516x1024.webp
DEBUG:urllib3.connectionpool:Starting new HTTPS connection (1): wordpress-810691-5571285.cloudwaysapps.com:443
DEBUG:root:Extracted 238 characters, 40 words from https://wordpress-810691-5571285.cloudwaysapps.com/galleries/2016-oct-family-history-month/
DEBUG:root:Using regex pattern: \b[a-zA-Z]{3,}\b
DEBUG:root:Found 23 words to check in https://wordpress-810691-5571285.cloudwaysapps.com/galleries/2016-oct-family-history-month/ (min_length=3)
DEBUG:root:Sample words from https://wordpress-810691-5571285.cloudwaysapps.com/galleries/2016-oct-family-history-month/: ['This', 'alert', 'Skip', 'content', 'Oct', 'Family', 'History', 'Month', 'images', 'Images']
DEBUG:root:Misspelled word found: 'doesn' in https://wordpress-810691-5571285.cloudwaysapps.com/galleries/2016-oct-family-history-month/
DEBUG:root:Spell check results for https://wordpress-810691-5571285.cloudwaysapps.com/galleries/2016-oct-family-history-month/: 9 words checked, 14 skipped, 1 errors found
INFO:root:✅ Processed https://wordpress-810691-5571285.cloudwaysapps.com/galleries/2016-oct-family-history-month/: 1 errors found, 40 words checked
DEBUG:root:Attempting to fetch: https://wordpress-810691-5571285.cloudwaysapps.com/resources/genealogy-explained/
Processing pages:  67%|██████▋   | 255/381 [02:23<00:33,  3.76it/s]DEBUG:urllib3.connectionpool:https://outlook.office.com:443 "GET /calendar/0/deeplink/compose?allday=false&body=Help+in+the+preservation+of+our+local+history+and+collections%2C+including+transcriptionists%2C+preservationists%2C+digitizers%2C+and+organization%C2%A0projects.&location=2525+Oakley+Seaver+Dr%2C+Clermont%2C+FL%2C+34711%2C+United+States&path=/calendar/action/compose&rru=addevent&startdt=2025-12-24T10%3A00%3A00-05%3A00&enddt=2025-12-24T12%3A00%3A00-05%3A00&subject=Preserving+Local+History HTTP/1.1" 200 None
DEBUG:root:✅ Hyperlink OK: https://outlook.office.com/calendar/0/deeplink/compose?allday=false&body=Help+in+the+preservation+of+our+local+history+and+collections%2C+including+transcriptionists%2C+preservationists%2C+digitizers%2C+and+organization%C2%A0projects.&location=2525+Oakley+Seaver+Dr%2C+Clermont%2C+FL%2C+34711%2C+United+States&path=/calendar/action/compose&rru=addevent&startdt=2025-12-24T10%3A00%3A00-05%3A00&enddt=2025-12-24T12%3A00%3A00-05%3A00&subject=Preserving+Local+History
DEBUG:root:Checking external hyperlink: https://outlook.live.com/calendar/0/deeplink/compose?allday=false&body=Help+in+the+preservation+of+our+local+history+and+collections%2C+including+transcriptionists%2C+preservationists%2C+digitizers%2C+and+organization%C2%A0projects.&location=2525+Oakley+Seaver+Dr%2C+Clermont%2C+FL%2C+34711%2C+United+States&path=/calendar/action/compose&rru=addevent&startdt=2025-12-24T10%3A00%3A00-05%3A00&enddt=2025-12-24T12%3A00%3A00-05%3A00&subject=Preserving+Local+History
DEBUG:urllib3.connectionpool:Starting new HTTPS connection (1): outlook.live.com:443
DEBUG:urllib3.connectionpool:https://wordpress-810691-5571285.cloudwaysapps.com:443 "GET /resources/genealogy-explained/ HTTP/1.1" 200 None
DEBUG:root:Successfully fetched https://wordpress-810691-5571285.cloudwaysapps.com/resources/genealogy-explained/ (Content-Length: 39127)
DEBUG:charset_normalizer:Encoding detection: utf_8 is most likely the one.
DEBUG:urllib3.connectionpool:https://wordpress-810691-5571285.cloudwaysapps.com:443 "GET /wp-content/uploads/2025/08/IMG_0021_1566916564-1024x783.webp HTTP/1.1" 200 169840
DEBUG:root:Extracted 927 characters, 152 words from https://wordpress-810691-5571285.cloudwaysapps.com/resources/genealogy-explained/
DEBUG:root:Using regex pattern: \b[a-zA-Z]{3,}\b
DEBUG:root:Found 121 words to check in https://wordpress-810691-5571285.cloudwaysapps.com/resources/genealogy-explained/ (min_length=3)
DEBUG:root:Sample words from https://wordpress-810691-5571285.cloudwaysapps.com/resources/genealogy-explained/: ['This', 'alert', 'Skip', 'content', 'Genealogy', 'Explained', 'April', 'Genealogy', 'Explained', 'educational']
DEBUG:root:Misspelled word found: 'newletter' in https://wordpress-810691-5571285.cloudwaysapps.com/resources/genealogy-explained/
DEBUG:root:Spell check results for https://wordpress-810691-5571285.cloudwaysapps.com/resources/genealogy-explained/: 87 words checked, 34 skipped, 1 errors found
INFO:root:✅ Processed https://wordpress-810691-5571285.cloudwaysapps.com/resources/genealogy-explained/: 1 errors found, 152 words checked
DEBUG:root:Attempting to fetch: https://wordpress-810691-5571285.cloudwaysapps.com/events/preserving-local-history-2026-07-29/
DEBUG:urllib3.connectionpool:https://wordpress-810691-5571285.cloudwaysapps.com:443 "GET /events/preserving-local-history-2026-07-29/ HTTP/1.1" 200 None
DEBUG:root:Successfully fetched https://wordpress-810691-5571285.cloudwaysapps.com/events/preserving-local-history-2026-07-29/ (Content-Length: 43609)
DEBUG:charset_normalizer:Encoding detection: utf_8 is most likely the one.
DEBUG:root:Extracted 443 characters, 65 words from https://wordpress-810691-5571285.cloudwaysapps.com/events/preserving-local-history-2026-07-29/
DEBUG:root:Checking external hyperlink: https://www.google.com/calendar/event?action=TEMPLATE&text=Preserving+Local+History&dates=20260729T100000/20260729T120000&details=Help+in+the+preservation+of+our+local+history+and+collections%2C+including+transcriptionists%2C+preservationists%2C+digitizers%2C+and+organization%C2%A0projects.&location=2525+Oakley+Seaver+Dr%2C+Clermont%2C+FL%2C+34711%2C+United+States&trp=false&sprop=https%3A%2F%2Fwordpress-810691-5571285.cloudwaysapps.com%2Fevents%2Fpreserving-local-history-2026-07-29%2F&sprop=name:Pastfinders&ctz=America%2FNew_York
DEBUG:root:✅ Image OK: https://wordpress-810691-5571285.cloudwaysapps.com/wp-content/uploads/2025/08/IMG_0021_1566916564-1024x783.webp
DEBUG:root:Checking internal image: https://wordpress-810691-5571285.cloudwaysapps.com/wp-content/uploads/2025/08/IMG_0024_1566928508-1024x367.webp
DEBUG:urllib3.connectionpool:Starting new HTTPS connection (1): www.google.com:443
DEBUG:urllib3.connectionpool:Starting new HTTPS connection (1): wordpress-810691-5571285.cloudwaysapps.com:443
DEBUG:urllib3.connectionpool:https://wordpress-810691-5571285.cloudwaysapps.com:443 "GET /wp-content/uploads/2025/08/IMG_0003_5_1566943222-516x1024.webp HTTP/1.1" 200 139292
DEBUG:urllib3.connectionpool:https://outlook.live.com:443 "GET /calendar/0/deeplink/compose?allday=false&body=Help+in+the+preservation+of+our+local+history+and+collections%2C+including+transcriptionists%2C+preservationists%2C+digitizers%2C+and+organization%C2%A0projects.&location=2525+Oakley+Seaver+Dr%2C+Clermont%2C+FL%2C+34711%2C+United+States&path=/calendar/action/compose&rru=addevent&startdt=2025-12-24T10%3A00%3A00-05%3A00&enddt=2025-12-24T12%3A00%3A00-05%3A00&subject=Preserving+Local+History HTTP/1.1" 200 None
DEBUG:root:✅ Hyperlink OK: https://outlook.live.com/calendar/0/deeplink/compose?allday=false&body=Help+in+the+preservation+of+our+local+history+and+collections%2C+including+transcriptionists%2C+preservationists%2C+digitizers%2C+and+organization%C2%A0projects.&location=2525+Oakley+Seaver+Dr%2C+Clermont%2C+FL%2C+34711%2C+United+States&path=/calendar/action/compose&rru=addevent&startdt=2025-12-24T10%3A00%3A00-05%3A00&enddt=2025-12-24T12%3A00%3A00-05%3A00&subject=Preserving+Local+History
DEBUG:root:Using regex pattern: \b[a-zA-Z]{3,}\b
DEBUG:root:Found 44 words to check in https://wordpress-810691-5571285.cloudwaysapps.com/events/preserving-local-history-2025-12-24/ (min_length=3)
DEBUG:root:Sample words from https://wordpress-810691-5571285.cloudwaysapps.com/events/preserving-local-history-2025-12-24/: ['This', 'alert', 'Skip', 'content', 'Preserving', 'Local', 'History', 'When', 'December', 'Add']
DEBUG:root:Misspelled word found: 'transcriptionists' in https://wordpress-810691-5571285.cloudwaysapps.com/events/preserving-local-history-2025-12-24/
DEBUG:root:Spell check results for https://wordpress-810691-5571285.cloudwaysapps.com/events/preserving-local-history-2025-12-24/: 17 words checked, 27 skipped, 1 errors found
INFO:root:✅ Processed https://wordpress-810691-5571285.cloudwaysapps.com/events/preserving-local-history-2025-12-24/: 1 errors found, 65 words checked
DEBUG:root:Attempting to fetch: https://wordpress-810691-5571285.cloudwaysapps.com/events/research-assistance-2025-08-27-2025-09-03-2025-09-10-2025-09-17-2025-09-24-2025-10-01-2025-10-08-2025-10-15-2025-10-22-2025-10-29-2025-11-05-2025-11-12-2025-11-19-2025-11-26-2025-12-03-2-18-2026-03-25/
Processing pages:  67%|██████▋   | 257/381 [02:24<00:26,  4.60it/s]DEBUG:urllib3.connectionpool:https://www.google.com:443 "GET /calendar/event?action=TEMPLATE&text=Preserving+Local+History&dates=20260729T100000/20260729T120000&details=Help+in+the+preservation+of+our+local+history+and+collections%2C+including+transcriptionists%2C+preservationists%2C+digitizers%2C+and+organization%C2%A0projects.&location=2525+Oakley+Seaver+Dr%2C+Clermont%2C+FL%2C+34711%2C+United+States&trp=false&sprop=https%3A%2F%2Fwordpress-810691-5571285.cloudwaysapps.com%2Fevents%2Fpreserving-local-history-2026-07-29%2F&sprop=name:Pastfinders&ctz=America%2FNew_York HTTP/1.1" 302 0
DEBUG:urllib3.connectionpool:Starting new HTTPS connection (1): calendar.google.com:443
DEBUG:root:✅ Image OK: https://wordpress-810691-5571285.cloudwaysapps.com/wp-content/uploads/2025/08/IMG_0003_5_1566943222-516x1024.webp
DEBUG:root:Checking internal image: https://wordpress-810691-5571285.cloudwaysapps.com/wp-content/uploads/2025/08/IMG_0008_9_1566943226-1024x640.webp
DEBUG:urllib3.connectionpool:Starting new HTTPS connection (1): wordpress-810691-5571285.cloudwaysapps.com:443
DEBUG:urllib3.connectionpool:https://calendar.google.com:443 "GET /calendar/event?action=TEMPLATE&text=Preserving+Local+History&dates=20260729T100000/20260729T120000&details=Help+in+the+preservation+of+our+local+history+and+collections,+including+transcriptionists,+preservationists,+digitizers,+and+organization%C2%A0projects.&location=2525+Oakley+Seaver+Dr,+Clermont,+FL,+34711,+United+States&trp=false&sprop=https://wordpress-810691-5571285.cloudwaysapps.com/events/preserving-local-history-2026-07-29/&sprop=name:Pastfinders&ctz=America/New_York HTTP/1.1" 302 0
DEBUG:urllib3.connectionpool:Starting new HTTPS connection (1): accounts.google.com:443
DEBUG:urllib3.connectionpool:https://wordpress-810691-5571285.cloudwaysapps.com:443 "GET /wp-content/uploads/2025/08/IMG_0024_1566928508-1024x367.webp HTTP/1.1" 200 85986
DEBUG:root:✅ Image OK: https://wordpress-810691-5571285.cloudwaysapps.com/wp-content/uploads/2025/08/IMG_0024_1566928508-1024x367.webp
DEBUG:root:Checking internal image: https://wordpress-810691-5571285.cloudwaysapps.com/wp-content/uploads/2025/08/IMG_0023_8_1566928508-1024x1001.webp
DEBUG:urllib3.connectionpool:Starting new HTTPS connection (1): wordpress-810691-5571285.cloudwaysapps.com:443
DEBUG:urllib3.connectionpool:https://accounts.google.com:443 "GET /ServiceLogin?service=cl&passive=1209600&osid=1&continue=https://calendar.google.com/calendar/event?action%3DTEMPLATE%26text%3DPreserving%2BLocal%2BHistory%26dates%3D20260729T100000/20260729T120000%26details%3DHelp%2Bin%2Bthe%2Bpreservation%2Bof%2Bour%2Blocal%2Bhistory%2Band%2Bcollections,%2Bincluding%2Btranscriptionists,%2Bpreservationists,%2Bdigitizers,%2Band%2Borganization%25C2%25A0projects.%26location%3D2525%2BOakley%2BSeaver%2BDr,%2BClermont,%2BFL,%2B34711,%2BUnited%2BStates%26trp%3Dfalse%26sprop%3Dhttps://wordpress-810691-5571285.cloudwaysapps.com/events/preserving-local-history-2026-07-29/%26sprop%3Dname:Pastfinders%26ctz%3DAmerica/New_York&followup=https://calendar.google.com/calendar/event?action%3DTEMPLATE%26text%3DPreserving%2BLocal%2BHistory%26dates%3D20260729T100000/20260729T120000%26details%3DHelp%2Bin%2Bthe%2Bpreservation%2Bof%2Bour%2Blocal%2Bhistory%2Band%2Bcollections,%2Bincluding%2Btranscriptionists,%2Bpreservationists,%2Bdigitizers,%2Band%2Borganization%25C2%25A0projects.%26location%3D2525%2BOakley%2BSeaver%2BDr,%2BClermont,%2BFL,%2B34711,%2BUnited%2BStates%26trp%3Dfalse%26sprop%3Dhttps://wordpress-810691-5571285.cloudwaysapps.com/events/preserving-local-history-2026-07-29/%26sprop%3Dname:Pastfinders%26ctz%3DAmerica/New_York&emr=1 HTTP/1.1" 302 0
DEBUG:urllib3.connectionpool:https://wordpress-810691-5571285.cloudwaysapps.com:443 "GET /wp-content/uploads/2025/08/IMG_0008_9_1566943226-1024x640.webp HTTP/1.1" 200 114694
DEBUG:urllib3.connectionpool:https://accounts.google.com:443 "GET /InteractiveLogin?continue=https://calendar.google.com/calendar/event?action%3DTEMPLATE%26text%3DPreserving%2BLocal%2BHistory%26dates%3D20260729T100000/20260729T120000%26details%3DHelp%2Bin%2Bthe%2Bpreservation%2Bof%2Bour%2Blocal%2Bhistory%2Band%2Bcollections,%2Bincluding%2Btranscriptionists,%2Bpreservationists,%2Bdigitizers,%2Band%2Borganization%25C2%25A0projects.%26location%3D2525%2BOakley%2BSeaver%2BDr,%2BClermont,%2BFL,%2B34711,%2BUnited%2BStates%26trp%3Dfalse%26sprop%3Dhttps://wordpress-810691-5571285.cloudwaysapps.com/events/preserving-local-history-2026-07-29/%26sprop%3Dname:Pastfinders%26ctz%3DAmerica/New_York&emr=1&followup=https://calendar.google.com/calendar/event?action%3DTEMPLATE%26text%3DPreserving%2BLocal%2BHistory%26dates%3D20260729T100000/20260729T120000%26details%3DHelp%2Bin%2Bthe%2Bpreservation%2Bof%2Bour%2Blocal%2Bhistory%2Band%2Bcollections,%2Bincluding%2Btranscriptionists,%2Bpreservationists,%2Bdigitizers,%2Band%2Borganization%25C2%25A0projects.%26location%3D2525%2BOakley%2BSeaver%2BDr,%2BClermont,%2BFL,%2B34711,%2BUnited%2BStates%26trp%3Dfalse%26sprop%3Dhttps://wordpress-810691-5571285.cloudwaysapps.com/events/preserving-local-history-2026-07-29/%26sprop%3Dname:Pastfinders%26ctz%3DAmerica/New_York&osid=1&passive=1209600&service=cl&ifkv=AdBytiMtxZrV542I63o4-cxxO7s06faiG-W0JnZQNiykBNfrZ0ZmdWyOQ0ZaDCz1WDXVfYMWxNiJNg HTTP/1.1" 302 None
DEBUG:root:✅ Document OK: https://pastfindersslc.org/upload/newsletters/2000_Fall__Novembr.pdf
DEBUG:root:Checking external document: https://pastfindersslc.org/upload/newsletters/2000_Summer_August.pdf
DEBUG:urllib3.connectionpool:Starting new HTTPS connection (1): pastfindersslc.org:443
DEBUG:urllib3.connectionpool:https://accounts.google.com:443 "GET /v3/signin/identifier?continue=https%3A%2F%2Fcalendar.google.com%2Fcalendar%2Fevent%3Faction%3DTEMPLATE%26text%3DPreserving%2BLocal%2BHistory%26dates%3D20260729T100000%2F20260729T120000%26details%3DHelp%2Bin%2Bthe%2Bpreservation%2Bof%2Bour%2Blocal%2Bhistory%2Band%2Bcollections%2C%2Bincluding%2Btranscriptionists%2C%2Bpreservationists%2C%2Bdigitizers%2C%2Band%2Borganization%25C2%25A0projects.%26location%3D2525%2BOakley%2BSeaver%2BDr%2C%2BClermont%2C%2BFL%2C%2B34711%2C%2BUnited%2BStates%26trp%3Dfalse%26sprop%3Dhttps%3A%2F%2Fwordpress-810691-5571285.cloudwaysapps.com%2Fevents%2Fpreserving-local-history-2026-07-29%2F%26sprop%3Dname%3APastfinders%26ctz%3DAmerica%2FNew_York&emr=1&followup=https%3A%2F%2Fcalendar.google.com%2Fcalendar%2Fevent%3Faction%3DTEMPLATE%26text%3DPreserving%2BLocal%2BHistory%26dates%3D20260729T100000%2F20260729T120000%26details%3DHelp%2Bin%2Bthe%2Bpreservation%2Bof%2Bour%2Blocal%2Bhistory%2Band%2Bcollections%2C%2Bincluding%2Btranscriptionists%2C%2Bpreservationists%2C%2Bdigitizers%2C%2Band%2Borganization%25C2%25A0projects.%26location%3D2525%2BOakley%2BSeaver%2BDr%2C%2BClermont%2C%2BFL%2C%2B34711%2C%2BUnited%2BStates%26trp%3Dfalse%26sprop%3Dhttps%3A%2F%2Fwordpress-810691-5571285.cloudwaysapps.com%2Fevents%2Fpreserving-local-history-2026-07-29%2F%26sprop%3Dname%3APastfinders%26ctz%3DAmerica%2FNew_York&ifkv=AdBytiOPWWeiY6GqCoS5i4qeUsvvgpWixz9CaER1Kz7Pog54llZ_vazFDmRdq2TsmhKvr0posRjf7Q&osid=1&passive=1209600&service=cl&flowName=WebLiteSignIn&flowEntry=ServiceLogin&dsh=S1948013414%3A1756758268725711 HTTP/1.1" 200 None
DEBUG:root:✅ Image OK: https://wordpress-810691-5571285.cloudwaysapps.com/wp-content/uploads/2025/08/IMG_0008_9_1566943226-1024x640.webp
DEBUG:root:Checking internal image: https://wordpress-810691-5571285.cloudwaysapps.com/wp-content/uploads/2025/08/IMG_0005_1566943226-1024x839.webp
DEBUG:urllib3.connectionpool:Starting new HTTPS connection (1): wordpress-810691-5571285.cloudwaysapps.com:443
DEBUG:urllib3.connectionpool:https://wordpress-810691-5571285.cloudwaysapps.com:443 "GET /wp-content/uploads/2025/08/IMG_0023_8_1566928508-1024x1001.webp HTTP/1.1" 200 198352
DEBUG:root:✅ Hyperlink OK: https://www.google.com/calendar/event?action=TEMPLATE&text=Preserving+Local+History&dates=20260729T100000/20260729T120000&details=Help+in+the+preservation+of+our+local+history+and+collections%2C+including+transcriptionists%2C+preservationists%2C+digitizers%2C+and+organization%C2%A0projects.&location=2525+Oakley+Seaver+Dr%2C+Clermont%2C+FL%2C+34711%2C+United+States&trp=false&sprop=https%3A%2F%2Fwordpress-810691-5571285.cloudwaysapps.com%2Fevents%2Fpreserving-local-history-2026-07-29%2F&sprop=name:Pastfinders&ctz=America%2FNew_York
DEBUG:root:Checking external hyperlink: https://outlook.office.com/calendar/0/deeplink/compose?allday=false&body=Help+in+the+preservation+of+our+local+history+and+collections%2C+including+transcriptionists%2C+preservationists%2C+digitizers%2C+and+organization%C2%A0projects.&location=2525+Oakley+Seaver+Dr%2C+Clermont%2C+FL%2C+34711%2C+United+States&path=/calendar/action/compose&rru=addevent&startdt=2026-07-29T10%3A00%3A00-04%3A00&enddt=2026-07-29T12%3A00%3A00-04%3A00&subject=Preserving+Local+History
DEBUG:urllib3.connectionpool:Starting new HTTPS connection (1): outlook.office.com:443
DEBUG:urllib3.connectionpool:https://pastfindersslc.org:443 "GET /upload/newsletters/2000_Summer_August.pdf HTTP/1.1" 200 8617365
DEBUG:root:✅ Image OK: https://wordpress-810691-5571285.cloudwaysapps.com/wp-content/uploads/2025/08/IMG_0023_8_1566928508-1024x1001.webp
DEBUG:root:Checking internal image: https://wordpress-810691-5571285.cloudwaysapps.com/wp-content/uploads/2025/08/IMG_0029_1566928508-1024x396.webp
DEBUG:urllib3.connectionpool:Starting new HTTPS connection (1): wordpress-810691-5571285.cloudwaysapps.com:443
DEBUG:urllib3.connectionpool:https://wordpress-810691-5571285.cloudwaysapps.com:443 "GET /wp-content/uploads/2025/08/IMG_0005_1566943226-1024x839.webp HTTP/1.1" 200 138342
DEBUG:urllib3.connectionpool:https://outlook.office.com:443 "GET /calendar/0/deeplink/compose?allday=false&body=Help+in+the+preservation+of+our+local+history+and+collections%2C+including+transcriptionists%2C+preservationists%2C+digitizers%2C+and+organization%C2%A0projects.&location=2525+Oakley+Seaver+Dr%2C+Clermont%2C+FL%2C+34711%2C+United+States&path=/calendar/action/compose&rru=addevent&startdt=2026-07-29T10%3A00%3A00-04%3A00&enddt=2026-07-29T12%3A00%3A00-04%3A00&subject=Preserving+Local+History HTTP/1.1" 200 None
DEBUG:root:✅ Hyperlink OK: https://outlook.office.com/calendar/0/deeplink/compose?allday=false&body=Help+in+the+preservation+of+our+local+history+and+collections%2C+including+transcriptionists%2C+preservationists%2C+digitizers%2C+and+organization%C2%A0projects.&location=2525+Oakley+Seaver+Dr%2C+Clermont%2C+FL%2C+34711%2C+United+States&path=/calendar/action/compose&rru=addevent&startdt=2026-07-29T10%3A00%3A00-04%3A00&enddt=2026-07-29T12%3A00%3A00-04%3A00&subject=Preserving+Local+History
DEBUG:root:Checking external hyperlink: https://outlook.live.com/calendar/0/deeplink/compose?allday=false&body=Help+in+the+preservation+of+our+local+history+and+collections%2C+including+transcriptionists%2C+preservationists%2C+digitizers%2C+and+organization%C2%A0projects.&location=2525+Oakley+Seaver+Dr%2C+Clermont%2C+FL%2C+34711%2C+United+States&path=/calendar/action/compose&rru=addevent&startdt=2026-07-29T10%3A00%3A00-04%3A00&enddt=2026-07-29T12%3A00%3A00-04%3A00&subject=Preserving+Local+History
DEBUG:urllib3.connectionpool:Starting new HTTPS connection (1): outlook.live.com:443
DEBUG:root:✅ Image OK: https://wordpress-810691-5571285.cloudwaysapps.com/wp-content/uploads/2025/08/IMG_0005_1566943226-1024x839.webp
DEBUG:root:Checking internal image: https://wordpress-810691-5571285.cloudwaysapps.com/wp-content/uploads/2025/08/IMG_0014_1566943226-1024x443.webp
DEBUG:urllib3.connectionpool:Starting new HTTPS connection (1): wordpress-810691-5571285.cloudwaysapps.com:443
DEBUG:urllib3.connectionpool:https://wordpress-810691-5571285.cloudwaysapps.com:443 "GET /wp-content/uploads/2025/08/IMG_0029_1566928508-1024x396.webp HTTP/1.1" 200 94642
DEBUG:root:✅ Image OK: https://wordpress-810691-5571285.cloudwaysapps.com/wp-content/uploads/2025/08/IMG_0029_1566928508-1024x396.webp
DEBUG:root:Checking internal image: https://wordpress-810691-5571285.cloudwaysapps.com/wp-content/uploads/2025/08/IMG_0027_6_1566928508-427x1024.webp
DEBUG:urllib3.connectionpool:Starting new HTTPS connection (1): wordpress-810691-5571285.cloudwaysapps.com:443
DEBUG:urllib3.connectionpool:https://outlook.live.com:443 "GET /calendar/0/deeplink/compose?allday=false&body=Help+in+the+preservation+of+our+local+history+and+collections%2C+including+transcriptionists%2C+preservationists%2C+digitizers%2C+and+organization%C2%A0projects.&location=2525+Oakley+Seaver+Dr%2C+Clermont%2C+FL%2C+34711%2C+United+States&path=/calendar/action/compose&rru=addevent&startdt=2026-07-29T10%3A00%3A00-04%3A00&enddt=2026-07-29T12%3A00%3A00-04%3A00&subject=Preserving+Local+History HTTP/1.1" 200 None
DEBUG:root:✅ Hyperlink OK: https://outlook.live.com/calendar/0/deeplink/compose?allday=false&body=Help+in+the+preservation+of+our+local+history+and+collections%2C+including+transcriptionists%2C+preservationists%2C+digitizers%2C+and+organization%C2%A0projects.&location=2525+Oakley+Seaver+Dr%2C+Clermont%2C+FL%2C+34711%2C+United+States&path=/calendar/action/compose&rru=addevent&startdt=2026-07-29T10%3A00%3A00-04%3A00&enddt=2026-07-29T12%3A00%3A00-04%3A00&subject=Preserving+Local+History
DEBUG:root:Using regex pattern: \b[a-zA-Z]{3,}\b
DEBUG:root:Found 44 words to check in https://wordpress-810691-5571285.cloudwaysapps.com/events/preserving-local-history-2026-07-29/ (min_length=3)
DEBUG:root:Sample words from https://wordpress-810691-5571285.cloudwaysapps.com/events/preserving-local-history-2026-07-29/: ['This', 'alert', 'Skip', 'content', 'Preserving', 'Local', 'History', 'When', 'July', 'Add']
DEBUG:root:Misspelled word found: 'transcriptionists' in https://wordpress-810691-5571285.cloudwaysapps.com/events/preserving-local-history-2026-07-29/
DEBUG:root:Spell check results for https://wordpress-810691-5571285.cloudwaysapps.com/events/preserving-local-history-2026-07-29/: 17 words checked, 27 skipped, 1 errors found
INFO:root:✅ Processed https://wordpress-810691-5571285.cloudwaysapps.com/events/preserving-local-history-2026-07-29/: 1 errors found, 65 words checked
DEBUG:root:Attempting to fetch: https://wordpress-810691-5571285.cloudwaysapps.com/resources/legacy-family-tree-9/
Processing pages:  68%|██████▊   | 258/381 [02:25<00:46,  2.67it/s]DEBUG:urllib3.connectionpool:https://wordpress-810691-5571285.cloudwaysapps.com:443 "GET /wp-content/uploads/2025/08/IMG_0014_1566943226-1024x443.webp HTTP/1.1" 200 85514
DEBUG:root:✅ Image OK: https://wordpress-810691-5571285.cloudwaysapps.com/wp-content/uploads/2025/08/IMG_0014_1566943226-1024x443.webp
DEBUG:root:Checking internal image: https://wordpress-810691-5571285.cloudwaysapps.com/wp-content/uploads/2025/08/IMG_0001_1566943226-1024x869.webp
DEBUG:urllib3.connectionpool:Starting new HTTPS connection (1): wordpress-810691-5571285.cloudwaysapps.com:443
DEBUG:urllib3.connectionpool:https://wordpress-810691-5571285.cloudwaysapps.com:443 "GET /wp-content/uploads/2025/08/IMG_0027_6_1566928508-427x1024.webp HTTP/1.1" 200 84382
DEBUG:root:✅ Image OK: https://wordpress-810691-5571285.cloudwaysapps.com/wp-content/uploads/2025/08/IMG_0027_6_1566928508-427x1024.webp
DEBUG:root:Checking internal image: https://wordpress-810691-5571285.cloudwaysapps.com/wp-content/uploads/2025/08/IMG_0025_6_1566928508-1024x643.webp
DEBUG:urllib3.connectionpool:Starting new HTTPS connection (1): wordpress-810691-5571285.cloudwaysapps.com:443
DEBUG:urllib3.connectionpool:https://wordpress-810691-5571285.cloudwaysapps.com:443 "GET /wp-content/uploads/2025/08/IMG_0001_1566943226-1024x869.webp HTTP/1.1" 200 127824
DEBUG:root:✅ Image OK: https://wordpress-810691-5571285.cloudwaysapps.com/wp-content/uploads/2025/08/IMG_0001_1566943226-1024x869.webp
DEBUG:root:Checking internal image: https://wordpress-810691-5571285.cloudwaysapps.com/wp-content/uploads/2025/08/IMG_0008_6_1566943226-1024x793.webp
DEBUG:urllib3.connectionpool:Starting new HTTPS connection (1): wordpress-810691-5571285.cloudwaysapps.com:443
DEBUG:urllib3.connectionpool:https://wordpress-810691-5571285.cloudwaysapps.com:443 "GET /resources/legacy-family-tree-9/ HTTP/1.1" 200 None
DEBUG:urllib3.connectionpool:https://wordpress-810691-5571285.cloudwaysapps.com:443 "GET /wp-content/uploads/2025/08/IMG_0025_6_1566928508-1024x643.webp HTTP/1.1" 200 147370
DEBUG:root:Successfully fetched https://wordpress-810691-5571285.cloudwaysapps.com/resources/legacy-family-tree-9/ (Content-Length: 39188)
DEBUG:charset_normalizer:Encoding detection: utf_8 is most likely the one.
DEBUG:root:Extracted 943 characters, 157 words from https://wordpress-810691-5571285.cloudwaysapps.com/resources/legacy-family-tree-9/
DEBUG:root:Using regex pattern: \b[a-zA-Z]{3,}\b
DEBUG:root:Found 123 words to check in https://wordpress-810691-5571285.cloudwaysapps.com/resources/legacy-family-tree-9/ (min_length=3)
DEBUG:root:Sample words from https://wordpress-810691-5571285.cloudwaysapps.com/resources/legacy-family-tree-9/: ['This', 'alert', 'Skip', 'content', 'Legacy', 'Family', 'Tree', 'June', 'Legacy', 'Family']
DEBUG:root:Spell check results for https://wordpress-810691-5571285.cloudwaysapps.com/resources/legacy-family-tree-9/: 94 words checked, 29 skipped, 0 errors found
INFO:root:✅ Processed https://wordpress-810691-5571285.cloudwaysapps.com/resources/legacy-family-tree-9/: 0 errors found, 157 words checked
DEBUG:root:Attempting to fetch: https://wordpress-810691-5571285.cloudwaysapps.com/events/categories/education/
Processing pages:  68%|██████▊   | 259/381 [02:25<00:49,  2.48it/s]DEBUG:urllib3.connectionpool:https://wordpress-810691-5571285.cloudwaysapps.com:443 "GET /events/research-assistance-2025-08-27-2025-09-03-2025-09-10-2025-09-17-2025-09-24-2025-10-01-2025-10-08-2025-10-15-2025-10-22-2025-10-29-2025-11-05-2025-11-12-2025-11-19-2025-11-26-2025-12-03-2-18-2026-03-25/ HTTP/1.1" 200 None
DEBUG:root:Successfully fetched https://wordpress-810691-5571285.cloudwaysapps.com/events/research-assistance-2025-08-27-2025-09-03-2025-09-10-2025-09-17-2025-09-24-2025-10-01-2025-10-08-2025-10-15-2025-10-22-2025-10-29-2025-11-05-2025-11-12-2025-11-19-2025-11-26-2025-12-03-2-18-2026-03-25/ (Content-Length: 44175)
DEBUG:charset_normalizer:Encoding detection: utf_8 is most likely the one.
DEBUG:root:✅ Image OK: https://wordpress-810691-5571285.cloudwaysapps.com/wp-content/uploads/2025/08/IMG_0025_6_1566928508-1024x643.webp
DEBUG:root:Checking internal image: https://wordpress-810691-5571285.cloudwaysapps.com/wp-content/uploads/2025/08/IMG_0029_4_1566928508-1024x831.webp
DEBUG:root:Extracted 489 characters, 85 words from https://wordpress-810691-5571285.cloudwaysapps.com/events/research-assistance-2025-08-27-2025-09-03-2025-09-10-2025-09-17-2025-09-24-2025-10-01-2025-10-08-2025-10-15-2025-10-22-2025-10-29-2025-11-05-2025-11-12-2025-11-19-2025-11-26-2025-12-03-2-18-2026-03-25/
DEBUG:urllib3.connectionpool:Starting new HTTPS connection (1): wordpress-810691-5571285.cloudwaysapps.com:443
DEBUG:urllib3.connectionpool:https://wordpress-810691-5571285.cloudwaysapps.com:443 "GET /events/categories/education/ HTTP/1.1" 200 None
DEBUG:root:Checking external hyperlink: https://www.google.com/calendar/event?action=TEMPLATE&text=Research+Assistance&dates=20260325T130000/20260325T150000&details=Join+us+weekly+in+the+Genealogy+Room+for+in-person+help+with+your+research.+It%E2%80%99s+a+great+chance+to+get+one-on-one+guidance%2C+ask+questions%2C+and+connect+with+others+who+share+your+passion+for+family+history.&location=2525+Oakley+Seaver+Dr%2C+Clermont%2C+FL%2C+34711%2C+United+States&trp=false&sprop=https%3A%2F%2Fwordpress-810691-5571285.cloudwaysapps.com%2Fevents%2Fresearch-assistance-2025-08-27-2025-09-03-2025-09-10-2025-09-17-2025-09-24-2025-10-01-2025-10-08-2025-10-15-2025-10-22-2025-10-29-2025-11-05-2025-11-12-2025-11-19-2025-11-26-2025-12-03-2-18-2026-03-25%2F&sprop=name:Pastfinders&ctz=America%2FNew_York
DEBUG:root:Successfully fetched https://wordpress-810691-5571285.cloudwaysapps.com/events/categories/education/ (Content-Length: 37584)
DEBUG:charset_normalizer:Encoding detection: utf_8 is most likely the one.
DEBUG:urllib3.connectionpool:Starting new HTTPS connection (1): www.google.com:443
DEBUG:root:Extracted 508 characters, 88 words from https://wordpress-810691-5571285.cloudwaysapps.com/events/categories/education/
DEBUG:root:Using regex pattern: \b[a-zA-Z]{3,}\b
DEBUG:root:Found 40 words to check in https://wordpress-810691-5571285.cloudwaysapps.com/events/categories/education/ (min_length=3)
DEBUG:root:Sample words from https://wordpress-810691-5571285.cloudwaysapps.com/events/categories/education/: ['This', 'alert', 'Skip', 'content', 'Education', 'Next', 'Event', 'Family', 'History', 'Research']
DEBUG:root:Spell check results for https://wordpress-810691-5571285.cloudwaysapps.com/events/categories/education/: 2 words checked, 38 skipped, 0 errors found
INFO:root:✅ Processed https://wordpress-810691-5571285.cloudwaysapps.com/events/categories/education/: 0 errors found, 88 words checked
DEBUG:root:Attempting to fetch: https://wordpress-810691-5571285.cloudwaysapps.com/events/preserving-local-history-2026-03-04/
Processing pages:  68%|██████▊   | 260/381 [02:25<00:40,  3.01it/s]DEBUG:urllib3.connectionpool:https://wordpress-810691-5571285.cloudwaysapps.com:443 "GET /wp-content/uploads/2025/08/IMG_0008_6_1566943226-1024x793.webp HTTP/1.1" 200 100400
DEBUG:urllib3.connectionpool:https://wordpress-810691-5571285.cloudwaysapps.com:443 "GET /events/preserving-local-history-2026-03-04/ HTTP/1.1" 200 None
DEBUG:root:Successfully fetched https://wordpress-810691-5571285.cloudwaysapps.com/events/preserving-local-history-2026-03-04/ (Content-Length: 43610)
DEBUG:charset_normalizer:Encoding detection: utf_8 is most likely the one.
DEBUG:root:Extracted 443 characters, 65 words from https://wordpress-810691-5571285.cloudwaysapps.com/events/preserving-local-history-2026-03-04/
DEBUG:urllib3.connectionpool:https://www.google.com:443 "GET /calendar/event?action=TEMPLATE&text=Research+Assistance&dates=20260325T130000/20260325T150000&details=Join+us+weekly+in+the+Genealogy+Room+for+in-person+help+with+your+research.+It%E2%80%99s+a+great+chance+to+get+one-on-one+guidance%2C+ask+questions%2C+and+connect+with+others+who+share+your+passion+for+family+history.&location=2525+Oakley+Seaver+Dr%2C+Clermont%2C+FL%2C+34711%2C+United+States&trp=false&sprop=https%3A%2F%2Fwordpress-810691-5571285.cloudwaysapps.com%2Fevents%2Fresearch-assistance-2025-08-27-2025-09-03-2025-09-10-2025-09-17-2025-09-24-2025-10-01-2025-10-08-2025-10-15-2025-10-22-2025-10-29-2025-11-05-2025-11-12-2025-11-19-2025-11-26-2025-12-03-2-18-2026-03-25%2F&sprop=name:Pastfinders&ctz=America%2FNew_York HTTP/1.1" 302 0
DEBUG:root:Checking external hyperlink: https://www.google.com/calendar/event?action=TEMPLATE&text=Preserving+Local+History&dates=20260304T100000/20260304T120000&details=Help+in+the+preservation+of+our+local+history+and+collections%2C+including+transcriptionists%2C+preservationists%2C+digitizers%2C+and+organization%C2%A0projects.&location=2525+Oakley+Seaver+Dr%2C+Clermont%2C+FL%2C+34711%2C+United+States&trp=false&sprop=https%3A%2F%2Fwordpress-810691-5571285.cloudwaysapps.com%2Fevents%2Fpreserving-local-history-2026-03-04%2F&sprop=name:Pastfinders&ctz=America%2FNew_York
DEBUG:urllib3.connectionpool:Starting new HTTPS connection (1): www.google.com:443
DEBUG:urllib3.connectionpool:Starting new HTTPS connection (1): calendar.google.com:443
DEBUG:root:✅ Image OK: https://wordpress-810691-5571285.cloudwaysapps.com/wp-content/uploads/2025/08/IMG_0008_6_1566943226-1024x793.webp
DEBUG:root:Checking internal image: https://wordpress-810691-5571285.cloudwaysapps.com/wp-content/uploads/2025/08/IMG_0004_1566943222-933x1024.webp
DEBUG:urllib3.connectionpool:Starting new HTTPS connection (1): wordpress-810691-5571285.cloudwaysapps.com:443
DEBUG:urllib3.connectionpool:https://wordpress-810691-5571285.cloudwaysapps.com:443 "GET /wp-content/uploads/2025/08/IMG_0029_4_1566928508-1024x831.webp HTTP/1.1" 200 113930
DEBUG:urllib3.connectionpool:https://www.google.com:443 "GET /calendar/event?action=TEMPLATE&text=Preserving+Local+History&dates=20260304T100000/20260304T120000&details=Help+in+the+preservation+of+our+local+history+and+collections%2C+including+transcriptionists%2C+preservationists%2C+digitizers%2C+and+organization%C2%A0projects.&location=2525+Oakley+Seaver+Dr%2C+Clermont%2C+FL%2C+34711%2C+United+States&trp=false&sprop=https%3A%2F%2Fwordpress-810691-5571285.cloudwaysapps.com%2Fevents%2Fpreserving-local-history-2026-03-04%2F&sprop=name:Pastfinders&ctz=America%2FNew_York HTTP/1.1" 302 0
DEBUG:urllib3.connectionpool:Starting new HTTPS connection (1): calendar.google.com:443
DEBUG:urllib3.connectionpool:https://calendar.google.com:443 "GET /calendar/event?action=TEMPLATE&text=Research+Assistance&dates=20260325T130000/20260325T150000&details=Join+us+weekly+in+the+Genealogy+Room+for+in-person+help+with+your+research.+It%E2%80%99s+a+great+chance+to+get+one-on-one+guidance,+ask+questions,+and+connect+with+others+who+share+your+passion+for+family+history.&location=2525+Oakley+Seaver+Dr,+Clermont,+FL,+34711,+United+States&trp=false&sprop=https://wordpress-810691-5571285.cloudwaysapps.com/events/research-assistance-2025-08-27-2025-09-03-2025-09-10-2025-09-17-2025-09-24-2025-10-01-2025-10-08-2025-10-15-2025-10-22-2025-10-29-2025-11-05-2025-11-12-2025-11-19-2025-11-26-2025-12-03-2-18-2026-03-25/&sprop=name:Pastfinders&ctz=America/New_York HTTP/1.1" 302 0
DEBUG:urllib3.connectionpool:Starting new HTTPS connection (1): accounts.google.com:443
DEBUG:root:✅ Image OK: https://wordpress-810691-5571285.cloudwaysapps.com/wp-content/uploads/2025/08/IMG_0029_4_1566928508-1024x831.webp
DEBUG:root:Checking internal image: https://wordpress-810691-5571285.cloudwaysapps.com/wp-content/uploads/2025/08/IMG_0028_6_1566928508-1024x646.webp
DEBUG:urllib3.connectionpool:Starting new HTTPS connection (1): wordpress-810691-5571285.cloudwaysapps.com:443
DEBUG:urllib3.connectionpool:https://calendar.google.com:443 "GET /calendar/event?action=TEMPLATE&text=Preserving+Local+History&dates=20260304T100000/20260304T120000&details=Help+in+the+preservation+of+our+local+history+and+collections,+including+transcriptionists,+preservationists,+digitizers,+and+organization%C2%A0projects.&location=2525+Oakley+Seaver+Dr,+Clermont,+FL,+34711,+United+States&trp=false&sprop=https://wordpress-810691-5571285.cloudwaysapps.com/events/preserving-local-history-2026-03-04/&sprop=name:Pastfinders&ctz=America/New_York HTTP/1.1" 302 0
DEBUG:urllib3.connectionpool:Starting new HTTPS connection (1): accounts.google.com:443
DEBUG:urllib3.connectionpool:https://accounts.google.com:443 "GET /ServiceLogin?service=cl&passive=1209600&osid=1&continue=https://calendar.google.com/calendar/event?action%3DTEMPLATE%26text%3DResearch%2BAssistance%26dates%3D20260325T130000/20260325T150000%26details%3DJoin%2Bus%2Bweekly%2Bin%2Bthe%2BGenealogy%2BRoom%2Bfor%2Bin-person%2Bhelp%2Bwith%2Byour%2Bresearch.%2BIt%25E2%2580%2599s%2Ba%2Bgreat%2Bchance%2Bto%2Bget%2Bone-on-one%2Bguidance,%2Bask%2Bquestions,%2Band%2Bconnect%2Bwith%2Bothers%2Bwho%2Bshare%2Byour%2Bpassion%2Bfor%2Bfamily%2Bhistory.%26location%3D2525%2BOakley%2BSeaver%2BDr,%2BClermont,%2BFL,%2B34711,%2BUnited%2BStates%26trp%3Dfalse%26sprop%3Dhttps://wordpress-810691-5571285.cloudwaysapps.com/events/research-assistance-2025-08-27-2025-09-03-2025-09-10-2025-09-17-2025-09-24-2025-10-01-2025-10-08-2025-10-15-2025-10-22-2025-10-29-2025-11-05-2025-11-12-2025-11-19-2025-11-26-2025-12-03-2-18-2026-03-25/%26sprop%3Dname:Pastfinders%26ctz%3DAmerica/New_York&followup=https://calendar.google.com/calendar/event?action%3DTEMPLATE%26text%3DResearch%2BAssistance%26dates%3D20260325T130000/20260325T150000%26details%3DJoin%2Bus%2Bweekly%2Bin%2Bthe%2BGenealogy%2BRoom%2Bfor%2Bin-person%2Bhelp%2Bwith%2Byour%2Bresearch.%2BIt%25E2%2580%2599s%2Ba%2Bgreat%2Bchance%2Bto%2Bget%2Bone-on-one%2Bguidance,%2Bask%2Bquestions,%2Band%2Bconnect%2Bwith%2Bothers%2Bwho%2Bshare%2Byour%2Bpassion%2Bfor%2Bfamily%2Bhistory.%26location%3D2525%2BOakley%2BSeaver%2BDr,%2BClermont,%2BFL,%2B34711,%2BUnited%2BStates%26trp%3Dfalse%26sprop%3Dhttps://wordpress-810691-5571285.cloudwaysapps.com/events/research-assistance-2025-08-27-2025-09-03-2025-09-10-2025-09-17-2025-09-24-2025-10-01-2025-10-08-2025-10-15-2025-10-22-2025-10-29-2025-11-05-2025-11-12-2025-11-19-2025-11-26-2025-12-03-2-18-2026-03-25/%26sprop%3Dname:Pastfinders%26ctz%3DAmerica/New_York&emr=1 HTTP/1.1" 302 0
DEBUG:urllib3.connectionpool:https://accounts.google.com:443 "GET /InteractiveLogin?continue=https://calendar.google.com/calendar/event?action%3DTEMPLATE%26text%3DResearch%2BAssistance%26dates%3D20260325T130000/20260325T150000%26details%3DJoin%2Bus%2Bweekly%2Bin%2Bthe%2BGenealogy%2BRoom%2Bfor%2Bin-person%2Bhelp%2Bwith%2Byour%2Bresearch.%2BIt%25E2%2580%2599s%2Ba%2Bgreat%2Bchance%2Bto%2Bget%2Bone-on-one%2Bguidance,%2Bask%2Bquestions,%2Band%2Bconnect%2Bwith%2Bothers%2Bwho%2Bshare%2Byour%2Bpassion%2Bfor%2Bfamily%2Bhistory.%26location%3D2525%2BOakley%2BSeaver%2BDr,%2BClermont,%2BFL,%2B34711,%2BUnited%2BStates%26trp%3Dfalse%26sprop%3Dhttps://wordpress-810691-5571285.cloudwaysapps.com/events/research-assistance-2025-08-27-2025-09-03-2025-09-10-2025-09-17-2025-09-24-2025-10-01-2025-10-08-2025-10-15-2025-10-22-2025-10-29-2025-11-05-2025-11-12-2025-11-19-2025-11-26-2025-12-03-2-18-2026-03-25/%26sprop%3Dname:Pastfinders%26ctz%3DAmerica/New_York&emr=1&followup=https://calendar.google.com/calendar/event?action%3DTEMPLATE%26text%3DResearch%2BAssistance%26dates%3D20260325T130000/20260325T150000%26details%3DJoin%2Bus%2Bweekly%2Bin%2Bthe%2BGenealogy%2BRoom%2Bfor%2Bin-person%2Bhelp%2Bwith%2Byour%2Bresearch.%2BIt%25E2%2580%2599s%2Ba%2Bgreat%2Bchance%2Bto%2Bget%2Bone-on-one%2Bguidance,%2Bask%2Bquestions,%2Band%2Bconnect%2Bwith%2Bothers%2Bwho%2Bshare%2Byour%2Bpassion%2Bfor%2Bfamily%2Bhistory.%26location%3D2525%2BOakley%2BSeaver%2BDr,%2BClermont,%2BFL,%2B34711,%2BUnited%2BStates%26trp%3Dfalse%26sprop%3Dhttps://wordpress-810691-5571285.cloudwaysapps.com/events/research-assistance-2025-08-27-2025-09-03-2025-09-10-2025-09-17-2025-09-24-2025-10-01-2025-10-08-2025-10-15-2025-10-22-2025-10-29-2025-11-05-2025-11-12-2025-11-19-2025-11-26-2025-12-03-2-18-2026-03-25/%26sprop%3Dname:Pastfinders%26ctz%3DAmerica/New_York&osid=1&passive=1209600&service=cl&ifkv=AdBytiNnoF2VQyvLN3sUAniaNcWZ9DEMe5pLTgbROae63GAueRf8WPUn2PcaP8fKl93hUhVC6OOdQQ HTTP/1.1" 302 None
DEBUG:urllib3.connectionpool:https://accounts.google.com:443 "GET /ServiceLogin?service=cl&passive=1209600&osid=1&continue=https://calendar.google.com/calendar/event?action%3DTEMPLATE%26text%3DPreserving%2BLocal%2BHistory%26dates%3D20260304T100000/20260304T120000%26details%3DHelp%2Bin%2Bthe%2Bpreservation%2Bof%2Bour%2Blocal%2Bhistory%2Band%2Bcollections,%2Bincluding%2Btranscriptionists,%2Bpreservationists,%2Bdigitizers,%2Band%2Borganization%25C2%25A0projects.%26location%3D2525%2BOakley%2BSeaver%2BDr,%2BClermont,%2BFL,%2B34711,%2BUnited%2BStates%26trp%3Dfalse%26sprop%3Dhttps://wordpress-810691-5571285.cloudwaysapps.com/events/preserving-local-history-2026-03-04/%26sprop%3Dname:Pastfinders%26ctz%3DAmerica/New_York&followup=https://calendar.google.com/calendar/event?action%3DTEMPLATE%26text%3DPreserving%2BLocal%2BHistory%26dates%3D20260304T100000/20260304T120000%26details%3DHelp%2Bin%2Bthe%2Bpreservation%2Bof%2Bour%2Blocal%2Bhistory%2Band%2Bcollections,%2Bincluding%2Btranscriptionists,%2Bpreservationists,%2Bdigitizers,%2Band%2Borganization%25C2%25A0projects.%26location%3D2525%2BOakley%2BSeaver%2BDr,%2BClermont,%2BFL,%2B34711,%2BUnited%2BStates%26trp%3Dfalse%26sprop%3Dhttps://wordpress-810691-5571285.cloudwaysapps.com/events/preserving-local-history-2026-03-04/%26sprop%3Dname:Pastfinders%26ctz%3DAmerica/New_York&emr=1 HTTP/1.1" 302 0
DEBUG:urllib3.connectionpool:https://accounts.google.com:443 "GET /v3/signin/identifier?continue=https%3A%2F%2Fcalendar.google.com%2Fcalendar%2Fevent%3Faction%3DTEMPLATE%26text%3DResearch%2BAssistance%26dates%3D20260325T130000%2F20260325T150000%26details%3DJoin%2Bus%2Bweekly%2Bin%2Bthe%2BGenealogy%2BRoom%2Bfor%2Bin-person%2Bhelp%2Bwith%2Byour%2Bresearch.%2BIt%25E2%2580%2599s%2Ba%2Bgreat%2Bchance%2Bto%2Bget%2Bone-on-one%2Bguidance%2C%2Bask%2Bquestions%2C%2Band%2Bconnect%2Bwith%2Bothers%2Bwho%2Bshare%2Byour%2Bpassion%2Bfor%2Bfamily%2Bhistory.%26location%3D2525%2BOakley%2BSeaver%2BDr%2C%2BClermont%2C%2BFL%2C%2B34711%2C%2BUnited%2BStates%26trp%3Dfalse%26sprop%3Dhttps%3A%2F%2Fwordpress-810691-5571285.cloudwaysapps.com%2Fevents%2Fresearch-assistance-2025-08-27-2025-09-03-2025-09-10-2025-09-17-2025-09-24-2025-10-01-2025-10-08-2025-10-15-2025-10-22-2025-10-29-2025-11-05-2025-11-12-2025-11-19-2025-11-26-2025-12-03-2-18-2026-03-25%2F%26sprop%3Dname%3APastfinders%26ctz%3DAmerica%2FNew_York&emr=1&followup=https%3A%2F%2Fcalendar.google.com%2Fcalendar%2Fevent%3Faction%3DTEMPLATE%26text%3DResearch%2BAssistance%26dates%3D20260325T130000%2F20260325T150000%26details%3DJoin%2Bus%2Bweekly%2Bin%2Bthe%2BGenealogy%2BRoom%2Bfor%2Bin-person%2Bhelp%2Bwith%2Byour%2Bresearch.%2BIt%25E2%2580%2599s%2Ba%2Bgreat%2Bchance%2Bto%2Bget%2Bone-on-one%2Bguidance%2C%2Bask%2Bquestions%2C%2Band%2Bconnect%2Bwith%2Bothers%2Bwho%2Bshare%2Byour%2Bpassion%2Bfor%2Bfamily%2Bhistory.%26location%3D2525%2BOakley%2BSeaver%2BDr%2C%2BClermont%2C%2BFL%2C%2B34711%2C%2BUnited%2BStates%26trp%3Dfalse%26sprop%3Dhttps%3A%2F%2Fwordpress-810691-5571285.cloudwaysapps.com%2Fevents%2Fresearch-assistance-2025-08-27-2025-09-03-2025-09-10-2025-09-17-2025-09-24-2025-10-01-2025-10-08-2025-10-15-2025-10-22-2025-10-29-2025-11-05-2025-11-12-2025-11-19-2025-11-26-2025-12-03-2-18-2026-03-25%2F%26sprop%3Dname%3APastfinders%26ctz%3DAmerica%2FNew_York&ifkv=AdBytiPfqm79Pq3immD0d2EaqC9svPYQUK85r7ZO9NBmuQ6hTVduD7eCcpHoANqkWHneDftfJ3_WvA&osid=1&passive=1209600&service=cl&flowName=WebLiteSignIn&flowEntry=ServiceLogin&dsh=S839396186%3A1756758270502469 HTTP/1.1" 200 None
DEBUG:urllib3.connectionpool:https://wordpress-810691-5571285.cloudwaysapps.com:443 "GET /wp-content/uploads/2025/08/IMG_0028_6_1566928508-1024x646.webp HTTP/1.1" 200 159598
DEBUG:urllib3.connectionpool:https://accounts.google.com:443 "GET /InteractiveLogin?continue=https://calendar.google.com/calendar/event?action%3DTEMPLATE%26text%3DPreserving%2BLocal%2BHistory%26dates%3D20260304T100000/20260304T120000%26details%3DHelp%2Bin%2Bthe%2Bpreservation%2Bof%2Bour%2Blocal%2Bhistory%2Band%2Bcollections,%2Bincluding%2Btranscriptionists,%2Bpreservationists,%2Bdigitizers,%2Band%2Borganization%25C2%25A0projects.%26location%3D2525%2BOakley%2BSeaver%2BDr,%2BClermont,%2BFL,%2B34711,%2BUnited%2BStates%26trp%3Dfalse%26sprop%3Dhttps://wordpress-810691-5571285.cloudwaysapps.com/events/preserving-local-history-2026-03-04/%26sprop%3Dname:Pastfinders%26ctz%3DAmerica/New_York&emr=1&followup=https://calendar.google.com/calendar/event?action%3DTEMPLATE%26text%3DPreserving%2BLocal%2BHistory%26dates%3D20260304T100000/20260304T120000%26details%3DHelp%2Bin%2Bthe%2Bpreservation%2Bof%2Bour%2Blocal%2Bhistory%2Band%2Bcollections,%2Bincluding%2Btranscriptionists,%2Bpreservationists,%2Bdigitizers,%2Band%2Borganization%25C2%25A0projects.%26location%3D2525%2BOakley%2BSeaver%2BDr,%2BClermont,%2BFL,%2B34711,%2BUnited%2BStates%26trp%3Dfalse%26sprop%3Dhttps://wordpress-810691-5571285.cloudwaysapps.com/events/preserving-local-history-2026-03-04/%26sprop%3Dname:Pastfinders%26ctz%3DAmerica/New_York&osid=1&passive=1209600&service=cl&ifkv=AdBytiPE8VR4_lqFc3tRyy5NMp9bX3Yqpl7ldkUzwZ0yCh5NY8J9b84UDxYg62IiVEx7lbTBpONDpw HTTP/1.1" 302 None
DEBUG:root:✅ Hyperlink OK: https://www.google.com/calendar/event?action=TEMPLATE&text=Research+Assistance&dates=20260325T130000/20260325T150000&details=Join+us+weekly+in+the+Genealogy+Room+for+in-person+help+with+your+research.+It%E2%80%99s+a+great+chance+to+get+one-on-one+guidance%2C+ask+questions%2C+and+connect+with+others+who+share+your+passion+for+family+history.&location=2525+Oakley+Seaver+Dr%2C+Clermont%2C+FL%2C+34711%2C+United+States&trp=false&sprop=https%3A%2F%2Fwordpress-810691-5571285.cloudwaysapps.com%2Fevents%2Fresearch-assistance-2025-08-27-2025-09-03-2025-09-10-2025-09-17-2025-09-24-2025-10-01-2025-10-08-2025-10-15-2025-10-22-2025-10-29-2025-11-05-2025-11-12-2025-11-19-2025-11-26-2025-12-03-2-18-2026-03-25%2F&sprop=name:Pastfinders&ctz=America%2FNew_York
DEBUG:root:Checking external hyperlink: https://outlook.office.com/calendar/0/deeplink/compose?allday=false&body=Join+us+weekly+in+the+Genealogy+Room+for+in-person+help+with+your+research.+It%E2%80%99s+a+great+chance+to+get+one-on-one+guidance%2C+ask+questions%2C+and+connect+with+others+who+share+your+passion+for+family+history.&location=2525+Oakley+Seaver+Dr%2C+Clermont%2C+FL%2C+34711%2C+United+States&path=/calendar/action/compose&rru=addevent&startdt=2026-03-25T13%3A00%3A00-04%3A00&enddt=2026-03-25T15%3A00%3A00-04%3A00&subject=Research+Assistance
DEBUG:root:✅ Image OK: https://wordpress-810691-5571285.cloudwaysapps.com/wp-content/uploads/2025/08/IMG_0028_6_1566928508-1024x646.webp
DEBUG:root:Checking internal image: https://wordpress-810691-5571285.cloudwaysapps.com/wp-content/uploads/2025/08/IMG_0023_4_1566928508-1024x905.webp
DEBUG:urllib3.connectionpool:Starting new HTTPS connection (1): outlook.office.com:443
DEBUG:urllib3.connectionpool:Starting new HTTPS connection (1): wordpress-810691-5571285.cloudwaysapps.com:443
DEBUG:urllib3.connectionpool:https://accounts.google.com:443 "GET /v3/signin/identifier?continue=https%3A%2F%2Fcalendar.google.com%2Fcalendar%2Fevent%3Faction%3DTEMPLATE%26text%3DPreserving%2BLocal%2BHistory%26dates%3D20260304T100000%2F20260304T120000%26details%3DHelp%2Bin%2Bthe%2Bpreservation%2Bof%2Bour%2Blocal%2Bhistory%2Band%2Bcollections%2C%2Bincluding%2Btranscriptionists%2C%2Bpreservationists%2C%2Bdigitizers%2C%2Band%2Borganization%25C2%25A0projects.%26location%3D2525%2BOakley%2BSeaver%2BDr%2C%2BClermont%2C%2BFL%2C%2B34711%2C%2BUnited%2BStates%26trp%3Dfalse%26sprop%3Dhttps%3A%2F%2Fwordpress-810691-5571285.cloudwaysapps.com%2Fevents%2Fpreserving-local-history-2026-03-04%2F%26sprop%3Dname%3APastfinders%26ctz%3DAmerica%2FNew_York&emr=1&followup=https%3A%2F%2Fcalendar.google.com%2Fcalendar%2Fevent%3Faction%3DTEMPLATE%26text%3DPreserving%2BLocal%2BHistory%26dates%3D20260304T100000%2F20260304T120000%26details%3DHelp%2Bin%2Bthe%2Bpreservation%2Bof%2Bour%2Blocal%2Bhistory%2Band%2Bcollections%2C%2Bincluding%2Btranscriptionists%2C%2Bpreservationists%2C%2Bdigitizers%2C%2Band%2Borganization%25C2%25A0projects.%26location%3D2525%2BOakley%2BSeaver%2BDr%2C%2BClermont%2C%2BFL%2C%2B34711%2C%2BUnited%2BStates%26trp%3Dfalse%26sprop%3Dhttps%3A%2F%2Fwordpress-810691-5571285.cloudwaysapps.com%2Fevents%2Fpreserving-local-history-2026-03-04%2F%26sprop%3Dname%3APastfinders%26ctz%3DAmerica%2FNew_York&ifkv=AdBytiMaEw1uzR5kDQKNbeQLlxD7Ar28QJZSf1PDtTxFespXHgpnleHVuJrp8H2FL6slTCiTCJ3DMw&osid=1&passive=1209600&service=cl&flowName=WebLiteSignIn&flowEntry=ServiceLogin&dsh=S1478769303%3A1756758270646528 HTTP/1.1" 200 None
DEBUG:root:✅ Hyperlink OK: https://www.google.com/calendar/event?action=TEMPLATE&text=Preserving+Local+History&dates=20260304T100000/20260304T120000&details=Help+in+the+preservation+of+our+local+history+and+collections%2C+including+transcriptionists%2C+preservationists%2C+digitizers%2C+and+organization%C2%A0projects.&location=2525+Oakley+Seaver+Dr%2C+Clermont%2C+FL%2C+34711%2C+United+States&trp=false&sprop=https%3A%2F%2Fwordpress-810691-5571285.cloudwaysapps.com%2Fevents%2Fpreserving-local-history-2026-03-04%2F&sprop=name:Pastfinders&ctz=America%2FNew_York
DEBUG:root:Checking external hyperlink: https://outlook.office.com/calendar/0/deeplink/compose?allday=false&body=Help+in+the+preservation+of+our+local+history+and+collections%2C+including+transcriptionists%2C+preservationists%2C+digitizers%2C+and+organization%C2%A0projects.&location=2525+Oakley+Seaver+Dr%2C+Clermont%2C+FL%2C+34711%2C+United+States&path=/calendar/action/compose&rru=addevent&startdt=2026-03-04T10%3A00%3A00-05%3A00&enddt=2026-03-04T12%3A00%3A00-05%3A00&subject=Preserving+Local+History
DEBUG:urllib3.connectionpool:Starting new HTTPS connection (1): outlook.office.com:443
DEBUG:urllib3.connectionpool:https://wordpress-810691-5571285.cloudwaysapps.com:443 "GET /wp-content/uploads/2025/08/IMG_0004_1566943222-933x1024.webp HTTP/1.1" 200 142482
DEBUG:urllib3.connectionpool:https://outlook.office.com:443 "GET /calendar/0/deeplink/compose?allday=false&body=Join+us+weekly+in+the+Genealogy+Room+for+in-person+help+with+your+research.+It%E2%80%99s+a+great+chance+to+get+one-on-one+guidance%2C+ask+questions%2C+and+connect+with+others+who+share+your+passion+for+family+history.&location=2525+Oakley+Seaver+Dr%2C+Clermont%2C+FL%2C+34711%2C+United+States&path=/calendar/action/compose&rru=addevent&startdt=2026-03-25T13%3A00%3A00-04%3A00&enddt=2026-03-25T15%3A00%3A00-04%3A00&subject=Research+Assistance HTTP/1.1" 200 None
DEBUG:root:✅ Hyperlink OK: https://outlook.office.com/calendar/0/deeplink/compose?allday=false&body=Join+us+weekly+in+the+Genealogy+Room+for+in-person+help+with+your+research.+It%E2%80%99s+a+great+chance+to+get+one-on-one+guidance%2C+ask+questions%2C+and+connect+with+others+who+share+your+passion+for+family+history.&location=2525+Oakley+Seaver+Dr%2C+Clermont%2C+FL%2C+34711%2C+United+States&path=/calendar/action/compose&rru=addevent&startdt=2026-03-25T13%3A00%3A00-04%3A00&enddt=2026-03-25T15%3A00%3A00-04%3A00&subject=Research+Assistance
DEBUG:root:Checking external hyperlink: https://outlook.live.com/calendar/0/deeplink/compose?allday=false&body=Join+us+weekly+in+the+Genealogy+Room+for+in-person+help+with+your+research.+It%E2%80%99s+a+great+chance+to+get+one-on-one+guidance%2C+ask+questions%2C+and+connect+with+others+who+share+your+passion+for+family+history.&location=2525+Oakley+Seaver+Dr%2C+Clermont%2C+FL%2C+34711%2C+United+States&path=/calendar/action/compose&rru=addevent&startdt=2026-03-25T13%3A00%3A00-04%3A00&enddt=2026-03-25T15%3A00%3A00-04%3A00&subject=Research+Assistance
DEBUG:urllib3.connectionpool:Starting new HTTPS connection (1): outlook.live.com:443
DEBUG:urllib3.connectionpool:https://wordpress-810691-5571285.cloudwaysapps.com:443 "GET /wp-content/uploads/2025/08/IMG_0023_4_1566928508-1024x905.webp HTTP/1.1" 200 116666
DEBUG:urllib3.connectionpool:https://outlook.office.com:443 "GET /calendar/0/deeplink/compose?allday=false&body=Help+in+the+preservation+of+our+local+history+and+collections%2C+including+transcriptionists%2C+preservationists%2C+digitizers%2C+and+organization%C2%A0projects.&location=2525+Oakley+Seaver+Dr%2C+Clermont%2C+FL%2C+34711%2C+United+States&path=/calendar/action/compose&rru=addevent&startdt=2026-03-04T10%3A00%3A00-05%3A00&enddt=2026-03-04T12%3A00%3A00-05%3A00&subject=Preserving+Local+History HTTP/1.1" 200 None
DEBUG:root:✅ Hyperlink OK: https://outlook.office.com/calendar/0/deeplink/compose?allday=false&body=Help+in+the+preservation+of+our+local+history+and+collections%2C+including+transcriptionists%2C+preservationists%2C+digitizers%2C+and+organization%C2%A0projects.&location=2525+Oakley+Seaver+Dr%2C+Clermont%2C+FL%2C+34711%2C+United+States&path=/calendar/action/compose&rru=addevent&startdt=2026-03-04T10%3A00%3A00-05%3A00&enddt=2026-03-04T12%3A00%3A00-05%3A00&subject=Preserving+Local+History
DEBUG:root:Checking external hyperlink: https://outlook.live.com/calendar/0/deeplink/compose?allday=false&body=Help+in+the+preservation+of+our+local+history+and+collections%2C+including+transcriptionists%2C+preservationists%2C+digitizers%2C+and+organization%C2%A0projects.&location=2525+Oakley+Seaver+Dr%2C+Clermont%2C+FL%2C+34711%2C+United+States&path=/calendar/action/compose&rru=addevent&startdt=2026-03-04T10%3A00%3A00-05%3A00&enddt=2026-03-04T12%3A00%3A00-05%3A00&subject=Preserving+Local+History
DEBUG:urllib3.connectionpool:Starting new HTTPS connection (1): outlook.live.com:443
DEBUG:root:✅ Image OK: https://wordpress-810691-5571285.cloudwaysapps.com/wp-content/uploads/2025/08/IMG_0023_4_1566928508-1024x905.webp
DEBUG:root:Checking internal image: https://wordpress-810691-5571285.cloudwaysapps.com/wp-content/uploads/2025/08/IMG_0029_9_1566928508-723x1024.webp
DEBUG:urllib3.connectionpool:Starting new HTTPS connection (1): wordpress-810691-5571285.cloudwaysapps.com:443
DEBUG:urllib3.connectionpool:https://outlook.live.com:443 "GET /calendar/0/deeplink/compose?allday=false&body=Join+us+weekly+in+the+Genealogy+Room+for+in-person+help+with+your+research.+It%E2%80%99s+a+great+chance+to+get+one-on-one+guidance%2C+ask+questions%2C+and+connect+with+others+who+share+your+passion+for+family+history.&location=2525+Oakley+Seaver+Dr%2C+Clermont%2C+FL%2C+34711%2C+United+States&path=/calendar/action/compose&rru=addevent&startdt=2026-03-25T13%3A00%3A00-04%3A00&enddt=2026-03-25T15%3A00%3A00-04%3A00&subject=Research+Assistance HTTP/1.1" 200 None
DEBUG:root:✅ Hyperlink OK: https://outlook.live.com/calendar/0/deeplink/compose?allday=false&body=Join+us+weekly+in+the+Genealogy+Room+for+in-person+help+with+your+research.+It%E2%80%99s+a+great+chance+to+get+one-on-one+guidance%2C+ask+questions%2C+and+connect+with+others+who+share+your+passion+for+family+history.&location=2525+Oakley+Seaver+Dr%2C+Clermont%2C+FL%2C+34711%2C+United+States&path=/calendar/action/compose&rru=addevent&startdt=2026-03-25T13%3A00%3A00-04%3A00&enddt=2026-03-25T15%3A00%3A00-04%3A00&subject=Research+Assistance
DEBUG:root:Using regex pattern: \b[a-zA-Z]{3,}\b
DEBUG:root:Found 58 words to check in https://wordpress-810691-5571285.cloudwaysapps.com/events/research-assistance-2025-08-27-2025-09-03-2025-09-10-2025-09-17-2025-09-24-2025-10-01-2025-10-08-2025-10-15-2025-10-22-2025-10-29-2025-11-05-2025-11-12-2025-11-19-2025-11-26-2025-12-03-2-18-2026-03-25/ (min_length=3)
DEBUG:root:Sample words from https://wordpress-810691-5571285.cloudwaysapps.com/events/research-assistance-2025-08-27-2025-09-03-2025-09-10-2025-09-17-2025-09-24-2025-10-01-2025-10-08-2025-10-15-2025-10-22-2025-10-29-2025-11-05-2025-11-12-2025-11-19-2025-11-26-2025-12-03-2-18-2026-03-25/: ['This', 'alert', 'Skip', 'content', 'Research', 'Assistance', 'When', 'March', 'Add', 'Calendar']
DEBUG:root:Spell check results for https://wordpress-810691-5571285.cloudwaysapps.com/events/research-assistance-2025-08-27-2025-09-03-2025-09-10-2025-09-17-2025-09-24-2025-10-01-2025-10-08-2025-10-15-2025-10-22-2025-10-29-2025-11-05-2025-11-12-2025-11-19-2025-11-26-2025-12-03-2-18-2026-03-25/: 30 words checked, 28 skipped, 0 errors found
INFO:root:✅ Processed https://wordpress-810691-5571285.cloudwaysapps.com/events/research-assistance-2025-08-27-2025-09-03-2025-09-10-2025-09-17-2025-09-24-2025-10-01-2025-10-08-2025-10-15-2025-10-22-2025-10-29-2025-11-05-2025-11-12-2025-11-19-2025-11-26-2025-12-03-2-18-2026-03-25/: 0 errors found, 85 words checked
DEBUG:root:Attempting to fetch: https://wordpress-810691-5571285.cloudwaysapps.com/resources/atlas-of-historical-county-boundaries/
Processing pages:  69%|██████▊   | 261/381 [02:26<01:05,  1.82it/s]DEBUG:urllib3.connectionpool:https://wordpress-810691-5571285.cloudwaysapps.com:443 "GET /resources/atlas-of-historical-county-boundaries/ HTTP/1.1" 200 None
DEBUG:root:Successfully fetched https://wordpress-810691-5571285.cloudwaysapps.com/resources/atlas-of-historical-county-boundaries/ (Content-Length: 38886)
DEBUG:charset_normalizer:Encoding detection: utf_8 is most likely the one.
DEBUG:root:Extracted 609 characters, 109 words from https://wordpress-810691-5571285.cloudwaysapps.com/resources/atlas-of-historical-county-boundaries/
DEBUG:root:Using regex pattern: \b[a-zA-Z]{3,}\b
DEBUG:root:Found 82 words to check in https://wordpress-810691-5571285.cloudwaysapps.com/resources/atlas-of-historical-county-boundaries/ (min_length=3)
DEBUG:root:Sample words from https://wordpress-810691-5571285.cloudwaysapps.com/resources/atlas-of-historical-county-boundaries/: ['This', 'alert', 'Skip', 'content', 'Atlas', 'Historical', 'County', 'Boundaries', 'May', 'You']
DEBUG:root:Spell check results for https://wordpress-810691-5571285.cloudwaysapps.com/resources/atlas-of-historical-county-boundaries/: 64 words checked, 18 skipped, 0 errors found
INFO:root:✅ Processed https://wordpress-810691-5571285.cloudwaysapps.com/resources/atlas-of-historical-county-boundaries/: 0 errors found, 109 words checked
DEBUG:root:Attempting to fetch: https://wordpress-810691-5571285.cloudwaysapps.com/resources/family-tree-lesson-plans/
DEBUG:root:✅ Image OK: https://wordpress-810691-5571285.cloudwaysapps.com/wp-content/uploads/2025/08/IMG_0004_1566943222-933x1024.webp
Processing pages:  69%|██████▉   | 262/381 [02:27<00:51,  2.30it/s]DEBUG:urllib3.connectionpool:https://outlook.live.com:443 "GET /calendar/0/deeplink/compose?allday=false&body=Help+in+the+preservation+of+our+local+history+and+collections%2C+including+transcriptionists%2C+preservationists%2C+digitizers%2C+and+organization%C2%A0projects.&location=2525+Oakley+Seaver+Dr%2C+Clermont%2C+FL%2C+34711%2C+United+States&path=/calendar/action/compose&rru=addevent&startdt=2026-03-04T10%3A00%3A00-05%3A00&enddt=2026-03-04T12%3A00%3A00-05%3A00&subject=Preserving+Local+History HTTP/1.1" 200 None
DEBUG:root:Checking internal image: https://wordpress-810691-5571285.cloudwaysapps.com/wp-content/uploads/2025/08/IMG_0003_1566943222-788x1024.webp
DEBUG:root:✅ Hyperlink OK: https://outlook.live.com/calendar/0/deeplink/compose?allday=false&body=Help+in+the+preservation+of+our+local+history+and+collections%2C+including+transcriptionists%2C+preservationists%2C+digitizers%2C+and+organization%C2%A0projects.&location=2525+Oakley+Seaver+Dr%2C+Clermont%2C+FL%2C+34711%2C+United+States&path=/calendar/action/compose&rru=addevent&startdt=2026-03-04T10%3A00%3A00-05%3A00&enddt=2026-03-04T12%3A00%3A00-05%3A00&subject=Preserving+Local+History
DEBUG:root:Using regex pattern: \b[a-zA-Z]{3,}\b
DEBUG:root:Found 44 words to check in https://wordpress-810691-5571285.cloudwaysapps.com/events/preserving-local-history-2026-03-04/ (min_length=3)
DEBUG:root:Sample words from https://wordpress-810691-5571285.cloudwaysapps.com/events/preserving-local-history-2026-03-04/: ['This', 'alert', 'Skip', 'content', 'Preserving', 'Local', 'History', 'When', 'March', 'Add']
DEBUG:root:Misspelled word found: 'transcriptionists' in https://wordpress-810691-5571285.cloudwaysapps.com/events/preserving-local-history-2026-03-04/
DEBUG:root:Spell check results for https://wordpress-810691-5571285.cloudwaysapps.com/events/preserving-local-history-2026-03-04/: 17 words checked, 27 skipped, 1 errors found
INFO:root:✅ Processed https://wordpress-810691-5571285.cloudwaysapps.com/events/preserving-local-history-2026-03-04/: 1 errors found, 65 words checked
DEBUG:root:Attempting to fetch: https://wordpress-810691-5571285.cloudwaysapps.com/libraries/a-dictionary-of-british-america-1584-1783/
DEBUG:urllib3.connectionpool:https://wordpress-810691-5571285.cloudwaysapps.com:443 "GET /wp-content/uploads/2025/08/IMG_0029_9_1566928508-723x1024.webp HTTP/1.1" 200 87870
DEBUG:urllib3.connectionpool:Starting new HTTPS connection (1): wordpress-810691-5571285.cloudwaysapps.com:443
DEBUG:root:✅ Image OK: https://wordpress-810691-5571285.cloudwaysapps.com/wp-content/uploads/2025/08/IMG_0029_9_1566928508-723x1024.webp
DEBUG:root:Checking internal image: https://wordpress-810691-5571285.cloudwaysapps.com/wp-content/uploads/2025/08/IMG_0027_1566928508-595x1024.webp
DEBUG:urllib3.connectionpool:Starting new HTTPS connection (1): wordpress-810691-5571285.cloudwaysapps.com:443
DEBUG:urllib3.connectionpool:https://wordpress-810691-5571285.cloudwaysapps.com:443 "GET /resources/family-tree-lesson-plans/ HTTP/1.1" 200 None
DEBUG:root:Successfully fetched https://wordpress-810691-5571285.cloudwaysapps.com/resources/family-tree-lesson-plans/ (Content-Length: 38789)
DEBUG:charset_normalizer:Encoding detection: utf_8 is most likely the one.
DEBUG:urllib3.connectionpool:https://wordpress-810691-5571285.cloudwaysapps.com:443 "GET /libraries/a-dictionary-of-british-america-1584-1783/ HTTP/1.1" 200 None
DEBUG:root:Extracted 642 characters, 100 words from https://wordpress-810691-5571285.cloudwaysapps.com/resources/family-tree-lesson-plans/
DEBUG:root:Using regex pattern: \b[a-zA-Z]{3,}\b
DEBUG:root:Found 84 words to check in https://wordpress-810691-5571285.cloudwaysapps.com/resources/family-tree-lesson-plans/ (min_length=3)
DEBUG:root:Sample words from https://wordpress-810691-5571285.cloudwaysapps.com/resources/family-tree-lesson-plans/: ['This', 'alert', 'Skip', 'content', 'Family', 'Tree', 'Lesson', 'Plans', 'May', 'Family']
DEBUG:root:Spell check results for https://wordpress-810691-5571285.cloudwaysapps.com/resources/family-tree-lesson-plans/: 65 words checked, 19 skipped, 0 errors found
INFO:root:✅ Processed https://wordpress-810691-5571285.cloudwaysapps.com/resources/family-tree-lesson-plans/: 0 errors found, 100 words checked
DEBUG:root:Attempting to fetch: https://wordpress-810691-5571285.cloudwaysapps.com/events/research-assistance-2025-08-27-2025-09-03-2025-09-10-2025-09-17-2025-09-24-2025-10-01-2025-10-08-2025-10-15-2025-10-22-2025-10-29-2025-11-05-2025-11-12-2025-11-19-2025-11-26-2025-12-03-2-17-2026-06-24/
Processing pages:  69%|██████▉   | 264/381 [02:27<00:31,  3.70it/s]DEBUG:root:Successfully fetched https://wordpress-810691-5571285.cloudwaysapps.com/libraries/a-dictionary-of-british-america-1584-1783/ (Content-Length: 36876)
DEBUG:charset_normalizer:Encoding detection: utf_8 is most likely the one.
DEBUG:root:Extracted 518 characters, 81 words from https://wordpress-810691-5571285.cloudwaysapps.com/libraries/a-dictionary-of-british-america-1584-1783/
DEBUG:root:Using regex pattern: \b[a-zA-Z]{3,}\b
DEBUG:root:Found 56 words to check in https://wordpress-810691-5571285.cloudwaysapps.com/libraries/a-dictionary-of-british-america-1584-1783/ (min_length=3)
DEBUG:root:Sample words from https://wordpress-810691-5571285.cloudwaysapps.com/libraries/a-dictionary-of-british-america-1584-1783/: ['This', 'alert', 'Skip', 'content', 'Dictionary', 'British', 'America', 'March', 'Colonial', 'America']
DEBUG:root:Spell check results for https://wordpress-810691-5571285.cloudwaysapps.com/libraries/a-dictionary-of-british-america-1584-1783/: 39 words checked, 17 skipped, 0 errors found
INFO:root:✅ Processed https://wordpress-810691-5571285.cloudwaysapps.com/libraries/a-dictionary-of-british-america-1584-1783/: 0 errors found, 81 words checked
DEBUG:root:Attempting to fetch: https://wordpress-810691-5571285.cloudwaysapps.com/resources/best-dna-testing/
DEBUG:root:✅ Document OK: https://pastfindersslc.org/upload/newsletters/2000_Summer_August.pdf
DEBUG:root:Checking external document: https://pastfindersslc.org/upload/newsletters/2000_Spring_May.pdf
DEBUG:urllib3.connectionpool:Starting new HTTPS connection (1): pastfindersslc.org:443
DEBUG:urllib3.connectionpool:https://wordpress-810691-5571285.cloudwaysapps.com:443 "GET /events/research-assistance-2025-08-27-2025-09-03-2025-09-10-2025-09-17-2025-09-24-2025-10-01-2025-10-08-2025-10-15-2025-10-22-2025-10-29-2025-11-05-2025-11-12-2025-11-19-2025-11-26-2025-12-03-2-17-2026-06-24/ HTTP/1.1" 200 None
DEBUG:root:Successfully fetched https://wordpress-810691-5571285.cloudwaysapps.com/events/research-assistance-2025-08-27-2025-09-03-2025-09-10-2025-09-17-2025-09-24-2025-10-01-2025-10-08-2025-10-15-2025-10-22-2025-10-29-2025-11-05-2025-11-12-2025-11-19-2025-11-26-2025-12-03-2-17-2026-06-24/ (Content-Length: 44211)
DEBUG:charset_normalizer:Encoding detection: utf_8 is most likely the one.
DEBUG:urllib3.connectionpool:https://wordpress-810691-5571285.cloudwaysapps.com:443 "GET /resources/best-dna-testing/ HTTP/1.1" 200 None
DEBUG:root:Successfully fetched https://wordpress-810691-5571285.cloudwaysapps.com/resources/best-dna-testing/ (Content-Length: 38969)
DEBUG:charset_normalizer:Encoding detection: utf_8 is most likely the one.
DEBUG:root:Extracted 488 characters, 85 words from https://wordpress-810691-5571285.cloudwaysapps.com/events/research-assistance-2025-08-27-2025-09-03-2025-09-10-2025-09-17-2025-09-24-2025-10-01-2025-10-08-2025-10-15-2025-10-22-2025-10-29-2025-11-05-2025-11-12-2025-11-19-2025-11-26-2025-12-03-2-17-2026-06-24/
DEBUG:root:Checking external hyperlink: https://www.google.com/calendar/event?action=TEMPLATE&text=Research+Assistance&dates=20260624T130000/20260624T150000&details=Join+us+weekly+in+the+Genealogy+Room+for+in-person+help+with+your+research.+It%E2%80%99s+a+great+chance+to+get+one-on-one+guidance%2C+ask+questions%2C+and+connect+with+others+who+share+your+passion+for+family+history.&location=2525+Oakley+Seaver+Dr%2C+Clermont%2C+FL%2C+34711%2C+United+States&trp=false&sprop=https%3A%2F%2Fwordpress-810691-5571285.cloudwaysapps.com%2Fevents%2Fresearch-assistance-2025-08-27-2025-09-03-2025-09-10-2025-09-17-2025-09-24-2025-10-01-2025-10-08-2025-10-15-2025-10-22-2025-10-29-2025-11-05-2025-11-12-2025-11-19-2025-11-26-2025-12-03-2-17-2026-06-24%2F&sprop=name:Pastfinders&ctz=America%2FNew_York
DEBUG:urllib3.connectionpool:Starting new HTTPS connection (1): www.google.com:443
DEBUG:root:Extracted 884 characters, 141 words from https://wordpress-810691-5571285.cloudwaysapps.com/resources/best-dna-testing/
DEBUG:root:Using regex pattern: \b[a-zA-Z]{3,}\b
DEBUG:root:Found 111 words to check in https://wordpress-810691-5571285.cloudwaysapps.com/resources/best-dna-testing/ (min_length=3)
DEBUG:root:Sample words from https://wordpress-810691-5571285.cloudwaysapps.com/resources/best-dna-testing/: ['This', 'alert', 'Skip', 'content', 'Best', 'DNA', 'Testing', 'April', 'Sponsored', 'Consumersadvocate']
DEBUG:root:Skipped email/domain fragment: 'org'
DEBUG:root:Spell check results for https://wordpress-810691-5571285.cloudwaysapps.com/resources/best-dna-testing/: 90 words checked, 21 skipped, 0 errors found
INFO:root:✅ Processed https://wordpress-810691-5571285.cloudwaysapps.com/resources/best-dna-testing/: 0 errors found, 141 words checked
DEBUG:root:Attempting to fetch: https://wordpress-810691-5571285.cloudwaysapps.com/resources/ancestry-dna-part-2-15-minutes/
Processing pages:  70%|██████▉   | 266/381 [02:27<00:22,  5.17it/s]DEBUG:urllib3.connectionpool:https://wordpress-810691-5571285.cloudwaysapps.com:443 "GET /wp-content/uploads/2025/08/IMG_0003_1566943222-788x1024.webp HTTP/1.1" 200 167880
DEBUG:urllib3.connectionpool:https://wordpress-810691-5571285.cloudwaysapps.com:443 "GET /resources/ancestry-dna-part-2-15-minutes/ HTTP/1.1" 200 None
DEBUG:root:Successfully fetched https://wordpress-810691-5571285.cloudwaysapps.com/resources/ancestry-dna-part-2-15-minutes/ (Content-Length: 38765)
DEBUG:charset_normalizer:Encoding detection: utf_8 is most likely the one.
DEBUG:urllib3.connectionpool:https://pastfindersslc.org:443 "GET /upload/newsletters/2000_Spring_May.pdf HTTP/1.1" 200 8719247
DEBUG:root:Extracted 566 characters, 103 words from https://wordpress-810691-5571285.cloudwaysapps.com/resources/ancestry-dna-part-2-15-minutes/
DEBUG:root:Using regex pattern: \b[a-zA-Z]{3,}\b
DEBUG:root:Found 77 words to check in https://wordpress-810691-5571285.cloudwaysapps.com/resources/ancestry-dna-part-2-15-minutes/ (min_length=3)
DEBUG:root:Sample words from https://wordpress-810691-5571285.cloudwaysapps.com/resources/ancestry-dna-part-2-15-minutes/: ['This', 'alert', 'Skip', 'content', 'Ancestry', 'DNA', 'Part', 'minutes', 'May', 'You']
DEBUG:root:Spell check results for https://wordpress-810691-5571285.cloudwaysapps.com/resources/ancestry-dna-part-2-15-minutes/: 52 words checked, 25 skipped, 0 errors found
INFO:root:✅ Processed https://wordpress-810691-5571285.cloudwaysapps.com/resources/ancestry-dna-part-2-15-minutes/: 0 errors found, 103 words checked
DEBUG:root:Attempting to fetch: https://wordpress-810691-5571285.cloudwaysapps.com/events/research-assistance-2025-08-27-2025-09-03-2025-09-10-2025-09-17-2025-09-24-2025-10-01-2025-10-08-2025-10-15-2025-10-22-2025-10-29-2025-11-05-2025-11-12-2025-11-19-2025-11-26-2025-12-03/
DEBUG:urllib3.connectionpool:https://wordpress-810691-5571285.cloudwaysapps.com:443 "GET /wp-content/uploads/2025/08/IMG_0027_1566928508-595x1024.webp HTTP/1.1" 200 110614
DEBUG:urllib3.connectionpool:https://www.google.com:443 "GET /calendar/event?action=TEMPLATE&text=Research+Assistance&dates=20260624T130000/20260624T150000&details=Join+us+weekly+in+the+Genealogy+Room+for+in-person+help+with+your+research.+It%E2%80%99s+a+great+chance+to+get+one-on-one+guidance%2C+ask+questions%2C+and+connect+with+others+who+share+your+passion+for+family+history.&location=2525+Oakley+Seaver+Dr%2C+Clermont%2C+FL%2C+34711%2C+United+States&trp=false&sprop=https%3A%2F%2Fwordpress-810691-5571285.cloudwaysapps.com%2Fevents%2Fresearch-assistance-2025-08-27-2025-09-03-2025-09-10-2025-09-17-2025-09-24-2025-10-01-2025-10-08-2025-10-15-2025-10-22-2025-10-29-2025-11-05-2025-11-12-2025-11-19-2025-11-26-2025-12-03-2-17-2026-06-24%2F&sprop=name:Pastfinders&ctz=America%2FNew_York HTTP/1.1" 302 0
DEBUG:urllib3.connectionpool:Starting new HTTPS connection (1): calendar.google.com:443
DEBUG:root:✅ Image OK: https://wordpress-810691-5571285.cloudwaysapps.com/wp-content/uploads/2025/08/IMG_0003_1566943222-788x1024.webp
DEBUG:root:Checking internal image: https://wordpress-810691-5571285.cloudwaysapps.com/wp-content/uploads/2025/08/IMG_0009_3_1566943226-1024x747.webp
DEBUG:urllib3.connectionpool:Starting new HTTPS connection (1): wordpress-810691-5571285.cloudwaysapps.com:443
DEBUG:urllib3.connectionpool:https://wordpress-810691-5571285.cloudwaysapps.com:443 "GET /events/research-assistance-2025-08-27-2025-09-03-2025-09-10-2025-09-17-2025-09-24-2025-10-01-2025-10-08-2025-10-15-2025-10-22-2025-10-29-2025-11-05-2025-11-12-2025-11-19-2025-11-26-2025-12-03/ HTTP/1.1" 200 None
DEBUG:root:Successfully fetched https://wordpress-810691-5571285.cloudwaysapps.com/events/research-assistance-2025-08-27-2025-09-03-2025-09-10-2025-09-17-2025-09-24-2025-10-01-2025-10-08-2025-10-15-2025-10-22-2025-10-29-2025-11-05-2025-11-12-2025-11-19-2025-11-26-2025-12-03/ (Content-Length: 44007)
DEBUG:charset_normalizer:Encoding detection: utf_8 is most likely the one.
DEBUG:root:Extracted 491 characters, 85 words from https://wordpress-810691-5571285.cloudwaysapps.com/events/research-assistance-2025-08-27-2025-09-03-2025-09-10-2025-09-17-2025-09-24-2025-10-01-2025-10-08-2025-10-15-2025-10-22-2025-10-29-2025-11-05-2025-11-12-2025-11-19-2025-11-26-2025-12-03/
DEBUG:root:Checking external hyperlink: https://www.google.com/calendar/event?action=TEMPLATE&text=Research+Assistance&dates=20251203T130000/20251203T150000&details=Join+us+weekly+in+the+Genealogy+Room+for+in-person+help+with+your+research.+It%E2%80%99s+a+great+chance+to+get+one-on-one+guidance%2C+ask+questions%2C+and+connect+with+others+who+share+your+passion+for+family+history.&location=2525+Oakley+Seaver+Dr%2C+Clermont%2C+FL%2C+34711%2C+United+States&trp=false&sprop=https%3A%2F%2Fwordpress-810691-5571285.cloudwaysapps.com%2Fevents%2Fresearch-assistance-2025-08-27-2025-09-03-2025-09-10-2025-09-17-2025-09-24-2025-10-01-2025-10-08-2025-10-15-2025-10-22-2025-10-29-2025-11-05-2025-11-12-2025-11-19-2025-11-26-2025-12-03%2F&sprop=name:Pastfinders&ctz=America%2FNew_York
DEBUG:root:✅ Image OK: https://wordpress-810691-5571285.cloudwaysapps.com/wp-content/uploads/2025/08/IMG_0027_1566928508-595x1024.webp
DEBUG:root:Using regex pattern: \b[a-zA-Z]{3,}\b
DEBUG:root:Found 33 words to check in https://wordpress-810691-5571285.cloudwaysapps.com/galleries/2012-pastfinders-news/ (min_length=3)
DEBUG:root:Sample words from https://wordpress-810691-5571285.cloudwaysapps.com/galleries/2012-pastfinders-news/: ['This', 'alert', 'Skip', 'content', 'Pastfinders', 'News', 'images', 'Click', 'view', 'Click']
DEBUG:root:Spell check results for https://wordpress-810691-5571285.cloudwaysapps.com/galleries/2012-pastfinders-news/: 14 words checked, 19 skipped, 0 errors found
INFO:root:✅ Processed https://wordpress-810691-5571285.cloudwaysapps.com/galleries/2012-pastfinders-news/: 0 errors found, 67 words checked
DEBUG:root:Attempting to fetch: https://wordpress-810691-5571285.cloudwaysapps.com/events/research-assistance-2025-08-27-2025-09-03-2025-09-10-2025-09-17-2025-09-24-2025-10-01-2025-10-08-2025-10-15-2025-10-22-2025-10-29-2025-11-05-2025-11-12-2025-11-19-2025-11-26-2025-12-03-2-24-2026-07-01/
Processing pages:  70%|███████   | 268/381 [02:27<00:17,  6.32it/s]DEBUG:urllib3.connectionpool:Starting new HTTPS connection (1): www.google.com:443
DEBUG:urllib3.connectionpool:https://calendar.google.com:443 "GET /calendar/event?action=TEMPLATE&text=Research+Assistance&dates=20260624T130000/20260624T150000&details=Join+us+weekly+in+the+Genealogy+Room+for+in-person+help+with+your+research.+It%E2%80%99s+a+great+chance+to+get+one-on-one+guidance,+ask+questions,+and+connect+with+others+who+share+your+passion+for+family+history.&location=2525+Oakley+Seaver+Dr,+Clermont,+FL,+34711,+United+States&trp=false&sprop=https://wordpress-810691-5571285.cloudwaysapps.com/events/research-assistance-2025-08-27-2025-09-03-2025-09-10-2025-09-17-2025-09-24-2025-10-01-2025-10-08-2025-10-15-2025-10-22-2025-10-29-2025-11-05-2025-11-12-2025-11-19-2025-11-26-2025-12-03-2-17-2026-06-24/&sprop=name:Pastfinders&ctz=America/New_York HTTP/1.1" 302 0
DEBUG:urllib3.connectionpool:Starting new HTTPS connection (1): accounts.google.com:443
DEBUG:urllib3.connectionpool:https://wordpress-810691-5571285.cloudwaysapps.com:443 "GET /events/research-assistance-2025-08-27-2025-09-03-2025-09-10-2025-09-17-2025-09-24-2025-10-01-2025-10-08-2025-10-15-2025-10-22-2025-10-29-2025-11-05-2025-11-12-2025-11-19-2025-11-26-2025-12-03-2-24-2026-07-01/ HTTP/1.1" 200 None
DEBUG:root:Successfully fetched https://wordpress-810691-5571285.cloudwaysapps.com/events/research-assistance-2025-08-27-2025-09-03-2025-09-10-2025-09-17-2025-09-24-2025-10-01-2025-10-08-2025-10-15-2025-10-22-2025-10-29-2025-11-05-2025-11-12-2025-11-19-2025-11-26-2025-12-03-2-24-2026-07-01/ (Content-Length: 44209)
DEBUG:charset_normalizer:Encoding detection: utf_8 is most likely the one.
DEBUG:root:Extracted 487 characters, 85 words from https://wordpress-810691-5571285.cloudwaysapps.com/events/research-assistance-2025-08-27-2025-09-03-2025-09-10-2025-09-17-2025-09-24-2025-10-01-2025-10-08-2025-10-15-2025-10-22-2025-10-29-2025-11-05-2025-11-12-2025-11-19-2025-11-26-2025-12-03-2-24-2026-07-01/
DEBUG:root:Checking external hyperlink: https://www.google.com/calendar/event?action=TEMPLATE&text=Research+Assistance&dates=20260701T130000/20260701T150000&details=Join+us+weekly+in+the+Genealogy+Room+for+in-person+help+with+your+research.+It%E2%80%99s+a+great+chance+to+get+one-on-one+guidance%2C+ask+questions%2C+and+connect+with+others+who+share+your+passion+for+family+history.&location=2525+Oakley+Seaver+Dr%2C+Clermont%2C+FL%2C+34711%2C+United+States&trp=false&sprop=https%3A%2F%2Fwordpress-810691-5571285.cloudwaysapps.com%2Fevents%2Fresearch-assistance-2025-08-27-2025-09-03-2025-09-10-2025-09-17-2025-09-24-2025-10-01-2025-10-08-2025-10-15-2025-10-22-2025-10-29-2025-11-05-2025-11-12-2025-11-19-2025-11-26-2025-12-03-2-24-2026-07-01%2F&sprop=name:Pastfinders&ctz=America%2FNew_York
DEBUG:urllib3.connectionpool:Starting new HTTPS connection (1): www.google.com:443
DEBUG:urllib3.connectionpool:https://www.google.com:443 "GET /calendar/event?action=TEMPLATE&text=Research+Assistance&dates=20251203T130000/20251203T150000&details=Join+us+weekly+in+the+Genealogy+Room+for+in-person+help+with+your+research.+It%E2%80%99s+a+great+chance+to+get+one-on-one+guidance%2C+ask+questions%2C+and+connect+with+others+who+share+your+passion+for+family+history.&location=2525+Oakley+Seaver+Dr%2C+Clermont%2C+FL%2C+34711%2C+United+States&trp=false&sprop=https%3A%2F%2Fwordpress-810691-5571285.cloudwaysapps.com%2Fevents%2Fresearch-assistance-2025-08-27-2025-09-03-2025-09-10-2025-09-17-2025-09-24-2025-10-01-2025-10-08-2025-10-15-2025-10-22-2025-10-29-2025-11-05-2025-11-12-2025-11-19-2025-11-26-2025-12-03%2F&sprop=name:Pastfinders&ctz=America%2FNew_York HTTP/1.1" 302 0
DEBUG:urllib3.connectionpool:Starting new HTTPS connection (1): calendar.google.com:443
DEBUG:urllib3.connectionpool:https://accounts.google.com:443 "GET /ServiceLogin?service=cl&passive=1209600&osid=1&continue=https://calendar.google.com/calendar/event?action%3DTEMPLATE%26text%3DResearch%2BAssistance%26dates%3D20260624T130000/20260624T150000%26details%3DJoin%2Bus%2Bweekly%2Bin%2Bthe%2BGenealogy%2BRoom%2Bfor%2Bin-person%2Bhelp%2Bwith%2Byour%2Bresearch.%2BIt%25E2%2580%2599s%2Ba%2Bgreat%2Bchance%2Bto%2Bget%2Bone-on-one%2Bguidance,%2Bask%2Bquestions,%2Band%2Bconnect%2Bwith%2Bothers%2Bwho%2Bshare%2Byour%2Bpassion%2Bfor%2Bfamily%2Bhistory.%26location%3D2525%2BOakley%2BSeaver%2BDr,%2BClermont,%2BFL,%2B34711,%2BUnited%2BStates%26trp%3Dfalse%26sprop%3Dhttps://wordpress-810691-5571285.cloudwaysapps.com/events/research-assistance-2025-08-27-2025-09-03-2025-09-10-2025-09-17-2025-09-24-2025-10-01-2025-10-08-2025-10-15-2025-10-22-2025-10-29-2025-11-05-2025-11-12-2025-11-19-2025-11-26-2025-12-03-2-17-2026-06-24/%26sprop%3Dname:Pastfinders%26ctz%3DAmerica/New_York&followup=https://calendar.google.com/calendar/event?action%3DTEMPLATE%26text%3DResearch%2BAssistance%26dates%3D20260624T130000/20260624T150000%26details%3DJoin%2Bus%2Bweekly%2Bin%2Bthe%2BGenealogy%2BRoom%2Bfor%2Bin-person%2Bhelp%2Bwith%2Byour%2Bresearch.%2BIt%25E2%2580%2599s%2Ba%2Bgreat%2Bchance%2Bto%2Bget%2Bone-on-one%2Bguidance,%2Bask%2Bquestions,%2Band%2Bconnect%2Bwith%2Bothers%2Bwho%2Bshare%2Byour%2Bpassion%2Bfor%2Bfamily%2Bhistory.%26location%3D2525%2BOakley%2BSeaver%2BDr,%2BClermont,%2BFL,%2B34711,%2BUnited%2BStates%26trp%3Dfalse%26sprop%3Dhttps://wordpress-810691-5571285.cloudwaysapps.com/events/research-assistance-2025-08-27-2025-09-03-2025-09-10-2025-09-17-2025-09-24-2025-10-01-2025-10-08-2025-10-15-2025-10-22-2025-10-29-2025-11-05-2025-11-12-2025-11-19-2025-11-26-2025-12-03-2-17-2026-06-24/%26sprop%3Dname:Pastfinders%26ctz%3DAmerica/New_York&emr=1 HTTP/1.1" 302 0
DEBUG:urllib3.connectionpool:https://wordpress-810691-5571285.cloudwaysapps.com:443 "GET /wp-content/uploads/2025/08/IMG_0009_3_1566943226-1024x747.webp HTTP/1.1" 200 135286
DEBUG:urllib3.connectionpool:https://accounts.google.com:443 "GET /InteractiveLogin?continue=https://calendar.google.com/calendar/event?action%3DTEMPLATE%26text%3DResearch%2BAssistance%26dates%3D20260624T130000/20260624T150000%26details%3DJoin%2Bus%2Bweekly%2Bin%2Bthe%2BGenealogy%2BRoom%2Bfor%2Bin-person%2Bhelp%2Bwith%2Byour%2Bresearch.%2BIt%25E2%2580%2599s%2Ba%2Bgreat%2Bchance%2Bto%2Bget%2Bone-on-one%2Bguidance,%2Bask%2Bquestions,%2Band%2Bconnect%2Bwith%2Bothers%2Bwho%2Bshare%2Byour%2Bpassion%2Bfor%2Bfamily%2Bhistory.%26location%3D2525%2BOakley%2BSeaver%2BDr,%2BClermont,%2BFL,%2B34711,%2BUnited%2BStates%26trp%3Dfalse%26sprop%3Dhttps://wordpress-810691-5571285.cloudwaysapps.com/events/research-assistance-2025-08-27-2025-09-03-2025-09-10-2025-09-17-2025-09-24-2025-10-01-2025-10-08-2025-10-15-2025-10-22-2025-10-29-2025-11-05-2025-11-12-2025-11-19-2025-11-26-2025-12-03-2-17-2026-06-24/%26sprop%3Dname:Pastfinders%26ctz%3DAmerica/New_York&emr=1&followup=https://calendar.google.com/calendar/event?action%3DTEMPLATE%26text%3DResearch%2BAssistance%26dates%3D20260624T130000/20260624T150000%26details%3DJoin%2Bus%2Bweekly%2Bin%2Bthe%2BGenealogy%2BRoom%2Bfor%2Bin-person%2Bhelp%2Bwith%2Byour%2Bresearch.%2BIt%25E2%2580%2599s%2Ba%2Bgreat%2Bchance%2Bto%2Bget%2Bone-on-one%2Bguidance,%2Bask%2Bquestions,%2Band%2Bconnect%2Bwith%2Bothers%2Bwho%2Bshare%2Byour%2Bpassion%2Bfor%2Bfamily%2Bhistory.%26location%3D2525%2BOakley%2BSeaver%2BDr,%2BClermont,%2BFL,%2B34711,%2BUnited%2BStates%26trp%3Dfalse%26sprop%3Dhttps://wordpress-810691-5571285.cloudwaysapps.com/events/research-assistance-2025-08-27-2025-09-03-2025-09-10-2025-09-17-2025-09-24-2025-10-01-2025-10-08-2025-10-15-2025-10-22-2025-10-29-2025-11-05-2025-11-12-2025-11-19-2025-11-26-2025-12-03-2-17-2026-06-24/%26sprop%3Dname:Pastfinders%26ctz%3DAmerica/New_York&osid=1&passive=1209600&service=cl&ifkv=AdBytiMJed0kx3bAJJo9Xv5SFfyDMhtCJJh8hjd94cNdK72aTQjM9G9ydMp3Y36qwunRH6LF8AsiiA HTTP/1.1" 302 None
DEBUG:urllib3.connectionpool:https://www.google.com:443 "GET /calendar/event?action=TEMPLATE&text=Research+Assistance&dates=20260701T130000/20260701T150000&details=Join+us+weekly+in+the+Genealogy+Room+for+in-person+help+with+your+research.+It%E2%80%99s+a+great+chance+to+get+one-on-one+guidance%2C+ask+questions%2C+and+connect+with+others+who+share+your+passion+for+family+history.&location=2525+Oakley+Seaver+Dr%2C+Clermont%2C+FL%2C+34711%2C+United+States&trp=false&sprop=https%3A%2F%2Fwordpress-810691-5571285.cloudwaysapps.com%2Fevents%2Fresearch-assistance-2025-08-27-2025-09-03-2025-09-10-2025-09-17-2025-09-24-2025-10-01-2025-10-08-2025-10-15-2025-10-22-2025-10-29-2025-11-05-2025-11-12-2025-11-19-2025-11-26-2025-12-03-2-24-2026-07-01%2F&sprop=name:Pastfinders&ctz=America%2FNew_York HTTP/1.1" 302 0
DEBUG:urllib3.connectionpool:Starting new HTTPS connection (1): calendar.google.com:443
DEBUG:urllib3.connectionpool:https://calendar.google.com:443 "GET /calendar/event?action=TEMPLATE&text=Research+Assistance&dates=20251203T130000/20251203T150000&details=Join+us+weekly+in+the+Genealogy+Room+for+in-person+help+with+your+research.+It%E2%80%99s+a+great+chance+to+get+one-on-one+guidance,+ask+questions,+and+connect+with+others+who+share+your+passion+for+family+history.&location=2525+Oakley+Seaver+Dr,+Clermont,+FL,+34711,+United+States&trp=false&sprop=https://wordpress-810691-5571285.cloudwaysapps.com/events/research-assistance-2025-08-27-2025-09-03-2025-09-10-2025-09-17-2025-09-24-2025-10-01-2025-10-08-2025-10-15-2025-10-22-2025-10-29-2025-11-05-2025-11-12-2025-11-19-2025-11-26-2025-12-03/&sprop=name:Pastfinders&ctz=America/New_York HTTP/1.1" 302 0
DEBUG:root:✅ Image OK: https://wordpress-810691-5571285.cloudwaysapps.com/wp-content/uploads/2025/08/IMG_0009_3_1566943226-1024x747.webp
DEBUG:root:Checking internal image: https://wordpress-810691-5571285.cloudwaysapps.com/wp-content/uploads/2025/08/IMG_0011_1566943222-315x1024.webp
DEBUG:urllib3.connectionpool:Starting new HTTPS connection (1): wordpress-810691-5571285.cloudwaysapps.com:443
DEBUG:urllib3.connectionpool:Starting new HTTPS connection (1): accounts.google.com:443
DEBUG:urllib3.connectionpool:https://accounts.google.com:443 "GET /v3/signin/identifier?continue=https%3A%2F%2Fcalendar.google.com%2Fcalendar%2Fevent%3Faction%3DTEMPLATE%26text%3DResearch%2BAssistance%26dates%3D20260624T130000%2F20260624T150000%26details%3DJoin%2Bus%2Bweekly%2Bin%2Bthe%2BGenealogy%2BRoom%2Bfor%2Bin-person%2Bhelp%2Bwith%2Byour%2Bresearch.%2BIt%25E2%2580%2599s%2Ba%2Bgreat%2Bchance%2Bto%2Bget%2Bone-on-one%2Bguidance%2C%2Bask%2Bquestions%2C%2Band%2Bconnect%2Bwith%2Bothers%2Bwho%2Bshare%2Byour%2Bpassion%2Bfor%2Bfamily%2Bhistory.%26location%3D2525%2BOakley%2BSeaver%2BDr%2C%2BClermont%2C%2BFL%2C%2B34711%2C%2BUnited%2BStates%26trp%3Dfalse%26sprop%3Dhttps%3A%2F%2Fwordpress-810691-5571285.cloudwaysapps.com%2Fevents%2Fresearch-assistance-2025-08-27-2025-09-03-2025-09-10-2025-09-17-2025-09-24-2025-10-01-2025-10-08-2025-10-15-2025-10-22-2025-10-29-2025-11-05-2025-11-12-2025-11-19-2025-11-26-2025-12-03-2-17-2026-06-24%2F%26sprop%3Dname%3APastfinders%26ctz%3DAmerica%2FNew_York&emr=1&followup=https%3A%2F%2Fcalendar.google.com%2Fcalendar%2Fevent%3Faction%3DTEMPLATE%26text%3DResearch%2BAssistance%26dates%3D20260624T130000%2F20260624T150000%26details%3DJoin%2Bus%2Bweekly%2Bin%2Bthe%2BGenealogy%2BRoom%2Bfor%2Bin-person%2Bhelp%2Bwith%2Byour%2Bresearch.%2BIt%25E2%2580%2599s%2Ba%2Bgreat%2Bchance%2Bto%2Bget%2Bone-on-one%2Bguidance%2C%2Bask%2Bquestions%2C%2Band%2Bconnect%2Bwith%2Bothers%2Bwho%2Bshare%2Byour%2Bpassion%2Bfor%2Bfamily%2Bhistory.%26location%3D2525%2BOakley%2BSeaver%2BDr%2C%2BClermont%2C%2BFL%2C%2B34711%2C%2BUnited%2BStates%26trp%3Dfalse%26sprop%3Dhttps%3A%2F%2Fwordpress-810691-5571285.cloudwaysapps.com%2Fevents%2Fresearch-assistance-2025-08-27-2025-09-03-2025-09-10-2025-09-17-2025-09-24-2025-10-01-2025-10-08-2025-10-15-2025-10-22-2025-10-29-2025-11-05-2025-11-12-2025-11-19-2025-11-26-2025-12-03-2-17-2026-06-24%2F%26sprop%3Dname%3APastfinders%26ctz%3DAmerica%2FNew_York&ifkv=AdBytiPqrir5s8_HTobCoo2BiOQ4_3LdgIJq8THpqzZ2_fQ-1n9zMh0KBbXdWKNUNPquJQgJKDN2mQ&osid=1&passive=1209600&service=cl&flowName=WebLiteSignIn&flowEntry=ServiceLogin&dsh=S-1120685403%3A1756758271953899 HTTP/1.1" 200 None
DEBUG:urllib3.connectionpool:https://calendar.google.com:443 "GET /calendar/event?action=TEMPLATE&text=Research+Assistance&dates=20260701T130000/20260701T150000&details=Join+us+weekly+in+the+Genealogy+Room+for+in-person+help+with+your+research.+It%E2%80%99s+a+great+chance+to+get+one-on-one+guidance,+ask+questions,+and+connect+with+others+who+share+your+passion+for+family+history.&location=2525+Oakley+Seaver+Dr,+Clermont,+FL,+34711,+United+States&trp=false&sprop=https://wordpress-810691-5571285.cloudwaysapps.com/events/research-assistance-2025-08-27-2025-09-03-2025-09-10-2025-09-17-2025-09-24-2025-10-01-2025-10-08-2025-10-15-2025-10-22-2025-10-29-2025-11-05-2025-11-12-2025-11-19-2025-11-26-2025-12-03-2-24-2026-07-01/&sprop=name:Pastfinders&ctz=America/New_York HTTP/1.1" 302 0
DEBUG:urllib3.connectionpool:Starting new HTTPS connection (1): accounts.google.com:443
DEBUG:root:✅ Hyperlink OK: https://www.google.com/calendar/event?action=TEMPLATE&text=Research+Assistance&dates=20260624T130000/20260624T150000&details=Join+us+weekly+in+the+Genealogy+Room+for+in-person+help+with+your+research.+It%E2%80%99s+a+great+chance+to+get+one-on-one+guidance%2C+ask+questions%2C+and+connect+with+others+who+share+your+passion+for+family+history.&location=2525+Oakley+Seaver+Dr%2C+Clermont%2C+FL%2C+34711%2C+United+States&trp=false&sprop=https%3A%2F%2Fwordpress-810691-5571285.cloudwaysapps.com%2Fevents%2Fresearch-assistance-2025-08-27-2025-09-03-2025-09-10-2025-09-17-2025-09-24-2025-10-01-2025-10-08-2025-10-15-2025-10-22-2025-10-29-2025-11-05-2025-11-12-2025-11-19-2025-11-26-2025-12-03-2-17-2026-06-24%2F&sprop=name:Pastfinders&ctz=America%2FNew_York
DEBUG:root:Checking external hyperlink: https://outlook.office.com/calendar/0/deeplink/compose?allday=false&body=Join+us+weekly+in+the+Genealogy+Room+for+in-person+help+with+your+research.+It%E2%80%99s+a+great+chance+to+get+one-on-one+guidance%2C+ask+questions%2C+and+connect+with+others+who+share+your+passion+for+family+history.&location=2525+Oakley+Seaver+Dr%2C+Clermont%2C+FL%2C+34711%2C+United+States&path=/calendar/action/compose&rru=addevent&startdt=2026-06-24T13%3A00%3A00-04%3A00&enddt=2026-06-24T15%3A00%3A00-04%3A00&subject=Research+Assistance
DEBUG:urllib3.connectionpool:Starting new HTTPS connection (1): outlook.office.com:443
DEBUG:urllib3.connectionpool:https://accounts.google.com:443 "GET /ServiceLogin?service=cl&passive=1209600&osid=1&continue=https://calendar.google.com/calendar/event?action%3DTEMPLATE%26text%3DResearch%2BAssistance%26dates%3D20251203T130000/20251203T150000%26details%3DJoin%2Bus%2Bweekly%2Bin%2Bthe%2BGenealogy%2BRoom%2Bfor%2Bin-person%2Bhelp%2Bwith%2Byour%2Bresearch.%2BIt%25E2%2580%2599s%2Ba%2Bgreat%2Bchance%2Bto%2Bget%2Bone-on-one%2Bguidance,%2Bask%2Bquestions,%2Band%2Bconnect%2Bwith%2Bothers%2Bwho%2Bshare%2Byour%2Bpassion%2Bfor%2Bfamily%2Bhistory.%26location%3D2525%2BOakley%2BSeaver%2BDr,%2BClermont,%2BFL,%2B34711,%2BUnited%2BStates%26trp%3Dfalse%26sprop%3Dhttps://wordpress-810691-5571285.cloudwaysapps.com/events/research-assistance-2025-08-27-2025-09-03-2025-09-10-2025-09-17-2025-09-24-2025-10-01-2025-10-08-2025-10-15-2025-10-22-2025-10-29-2025-11-05-2025-11-12-2025-11-19-2025-11-26-2025-12-03/%26sprop%3Dname:Pastfinders%26ctz%3DAmerica/New_York&followup=https://calendar.google.com/calendar/event?action%3DTEMPLATE%26text%3DResearch%2BAssistance%26dates%3D20251203T130000/20251203T150000%26details%3DJoin%2Bus%2Bweekly%2Bin%2Bthe%2BGenealogy%2BRoom%2Bfor%2Bin-person%2Bhelp%2Bwith%2Byour%2Bresearch.%2BIt%25E2%2580%2599s%2Ba%2Bgreat%2Bchance%2Bto%2Bget%2Bone-on-one%2Bguidance,%2Bask%2Bquestions,%2Band%2Bconnect%2Bwith%2Bothers%2Bwho%2Bshare%2Byour%2Bpassion%2Bfor%2Bfamily%2Bhistory.%26location%3D2525%2BOakley%2BSeaver%2BDr,%2BClermont,%2BFL,%2B34711,%2BUnited%2BStates%26trp%3Dfalse%26sprop%3Dhttps://wordpress-810691-5571285.cloudwaysapps.com/events/research-assistance-2025-08-27-2025-09-03-2025-09-10-2025-09-17-2025-09-24-2025-10-01-2025-10-08-2025-10-15-2025-10-22-2025-10-29-2025-11-05-2025-11-12-2025-11-19-2025-11-26-2025-12-03/%26sprop%3Dname:Pastfinders%26ctz%3DAmerica/New_York&emr=1 HTTP/1.1" 302 0
DEBUG:root:✅ Document OK: https://pastfindersslc.org/upload/newsletters/2000_Spring_May.pdf
DEBUG:root:Checking external document: https://pastfindersslc.org/upload/newsletters/2000_Winter__February.pdf
DEBUG:urllib3.connectionpool:Starting new HTTPS connection (1): pastfindersslc.org:443
DEBUG:urllib3.connectionpool:https://accounts.google.com:443 "GET /InteractiveLogin?continue=https://calendar.google.com/calendar/event?action%3DTEMPLATE%26text%3DResearch%2BAssistance%26dates%3D20251203T130000/20251203T150000%26details%3DJoin%2Bus%2Bweekly%2Bin%2Bthe%2BGenealogy%2BRoom%2Bfor%2Bin-person%2Bhelp%2Bwith%2Byour%2Bresearch.%2BIt%25E2%2580%2599s%2Ba%2Bgreat%2Bchance%2Bto%2Bget%2Bone-on-one%2Bguidance,%2Bask%2Bquestions,%2Band%2Bconnect%2Bwith%2Bothers%2Bwho%2Bshare%2Byour%2Bpassion%2Bfor%2Bfamily%2Bhistory.%26location%3D2525%2BOakley%2BSeaver%2BDr,%2BClermont,%2BFL,%2B34711,%2BUnited%2BStates%26trp%3Dfalse%26sprop%3Dhttps://wordpress-810691-5571285.cloudwaysapps.com/events/research-assistance-2025-08-27-2025-09-03-2025-09-10-2025-09-17-2025-09-24-2025-10-01-2025-10-08-2025-10-15-2025-10-22-2025-10-29-2025-11-05-2025-11-12-2025-11-19-2025-11-26-2025-12-03/%26sprop%3Dname:Pastfinders%26ctz%3DAmerica/New_York&emr=1&followup=https://calendar.google.com/calendar/event?action%3DTEMPLATE%26text%3DResearch%2BAssistance%26dates%3D20251203T130000/20251203T150000%26details%3DJoin%2Bus%2Bweekly%2Bin%2Bthe%2BGenealogy%2BRoom%2Bfor%2Bin-person%2Bhelp%2Bwith%2Byour%2Bresearch.%2BIt%25E2%2580%2599s%2Ba%2Bgreat%2Bchance%2Bto%2Bget%2Bone-on-one%2Bguidance,%2Bask%2Bquestions,%2Band%2Bconnect%2Bwith%2Bothers%2Bwho%2Bshare%2Byour%2Bpassion%2Bfor%2Bfamily%2Bhistory.%26location%3D2525%2BOakley%2BSeaver%2BDr,%2BClermont,%2BFL,%2B34711,%2BUnited%2BStates%26trp%3Dfalse%26sprop%3Dhttps://wordpress-810691-5571285.cloudwaysapps.com/events/research-assistance-2025-08-27-2025-09-03-2025-09-10-2025-09-17-2025-09-24-2025-10-01-2025-10-08-2025-10-15-2025-10-22-2025-10-29-2025-11-05-2025-11-12-2025-11-19-2025-11-26-2025-12-03/%26sprop%3Dname:Pastfinders%26ctz%3DAmerica/New_York&osid=1&passive=1209600&service=cl&ifkv=AdBytiOJW7z3E3Gzg-D-1FocXmByhPLN1OIfWs01aQeSQApkbhp9DGLH_gKK7bQdcdHXrgh3NaVb HTTP/1.1" 302 None
DEBUG:urllib3.connectionpool:https://wordpress-810691-5571285.cloudwaysapps.com:443 "GET /wp-content/uploads/2025/08/IMG_0011_1566943222-315x1024.webp HTTP/1.1" 200 62008
DEBUG:urllib3.connectionpool:https://accounts.google.com:443 "GET /ServiceLogin?service=cl&passive=1209600&osid=1&continue=https://calendar.google.com/calendar/event?action%3DTEMPLATE%26text%3DResearch%2BAssistance%26dates%3D20260701T130000/20260701T150000%26details%3DJoin%2Bus%2Bweekly%2Bin%2Bthe%2BGenealogy%2BRoom%2Bfor%2Bin-person%2Bhelp%2Bwith%2Byour%2Bresearch.%2BIt%25E2%2580%2599s%2Ba%2Bgreat%2Bchance%2Bto%2Bget%2Bone-on-one%2Bguidance,%2Bask%2Bquestions,%2Band%2Bconnect%2Bwith%2Bothers%2Bwho%2Bshare%2Byour%2Bpassion%2Bfor%2Bfamily%2Bhistory.%26location%3D2525%2BOakley%2BSeaver%2BDr,%2BClermont,%2BFL,%2B34711,%2BUnited%2BStates%26trp%3Dfalse%26sprop%3Dhttps://wordpress-810691-5571285.cloudwaysapps.com/events/research-assistance-2025-08-27-2025-09-03-2025-09-10-2025-09-17-2025-09-24-2025-10-01-2025-10-08-2025-10-15-2025-10-22-2025-10-29-2025-11-05-2025-11-12-2025-11-19-2025-11-26-2025-12-03-2-24-2026-07-01/%26sprop%3Dname:Pastfinders%26ctz%3DAmerica/New_York&followup=https://calendar.google.com/calendar/event?action%3DTEMPLATE%26text%3DResearch%2BAssistance%26dates%3D20260701T130000/20260701T150000%26details%3DJoin%2Bus%2Bweekly%2Bin%2Bthe%2BGenealogy%2BRoom%2Bfor%2Bin-person%2Bhelp%2Bwith%2Byour%2Bresearch.%2BIt%25E2%2580%2599s%2Ba%2Bgreat%2Bchance%2Bto%2Bget%2Bone-on-one%2Bguidance,%2Bask%2Bquestions,%2Band%2Bconnect%2Bwith%2Bothers%2Bwho%2Bshare%2Byour%2Bpassion%2Bfor%2Bfamily%2Bhistory.%26location%3D2525%2BOakley%2BSeaver%2BDr,%2BClermont,%2BFL,%2B34711,%2BUnited%2BStates%26trp%3Dfalse%26sprop%3Dhttps://wordpress-810691-5571285.cloudwaysapps.com/events/research-assistance-2025-08-27-2025-09-03-2025-09-10-2025-09-17-2025-09-24-2025-10-01-2025-10-08-2025-10-15-2025-10-22-2025-10-29-2025-11-05-2025-11-12-2025-11-19-2025-11-26-2025-12-03-2-24-2026-07-01/%26sprop%3Dname:Pastfinders%26ctz%3DAmerica/New_York&emr=1 HTTP/1.1" 302 0
DEBUG:root:✅ Image OK: https://wordpress-810691-5571285.cloudwaysapps.com/wp-content/uploads/2025/08/IMG_0011_1566943222-315x1024.webp
DEBUG:root:Checking internal image: https://wordpress-810691-5571285.cloudwaysapps.com/wp-content/uploads/2025/08/IMG_0001_3_1566943226-761x1024.webp
DEBUG:urllib3.connectionpool:Starting new HTTPS connection (1): wordpress-810691-5571285.cloudwaysapps.com:443
DEBUG:urllib3.connectionpool:https://accounts.google.com:443 "GET /v3/signin/identifier?continue=https%3A%2F%2Fcalendar.google.com%2Fcalendar%2Fevent%3Faction%3DTEMPLATE%26text%3DResearch%2BAssistance%26dates%3D20251203T130000%2F20251203T150000%26details%3DJoin%2Bus%2Bweekly%2Bin%2Bthe%2BGenealogy%2BRoom%2Bfor%2Bin-person%2Bhelp%2Bwith%2Byour%2Bresearch.%2BIt%25E2%2580%2599s%2Ba%2Bgreat%2Bchance%2Bto%2Bget%2Bone-on-one%2Bguidance%2C%2Bask%2Bquestions%2C%2Band%2Bconnect%2Bwith%2Bothers%2Bwho%2Bshare%2Byour%2Bpassion%2Bfor%2Bfamily%2Bhistory.%26location%3D2525%2BOakley%2BSeaver%2BDr%2C%2BClermont%2C%2BFL%2C%2B34711%2C%2BUnited%2BStates%26trp%3Dfalse%26sprop%3Dhttps%3A%2F%2Fwordpress-810691-5571285.cloudwaysapps.com%2Fevents%2Fresearch-assistance-2025-08-27-2025-09-03-2025-09-10-2025-09-17-2025-09-24-2025-10-01-2025-10-08-2025-10-15-2025-10-22-2025-10-29-2025-11-05-2025-11-12-2025-11-19-2025-11-26-2025-12-03%2F%26sprop%3Dname%3APastfinders%26ctz%3DAmerica%2FNew_York&emr=1&followup=https%3A%2F%2Fcalendar.google.com%2Fcalendar%2Fevent%3Faction%3DTEMPLATE%26text%3DResearch%2BAssistance%26dates%3D20251203T130000%2F20251203T150000%26details%3DJoin%2Bus%2Bweekly%2Bin%2Bthe%2BGenealogy%2BRoom%2Bfor%2Bin-person%2Bhelp%2Bwith%2Byour%2Bresearch.%2BIt%25E2%2580%2599s%2Ba%2Bgreat%2Bchance%2Bto%2Bget%2Bone-on-one%2Bguidance%2C%2Bask%2Bquestions%2C%2Band%2Bconnect%2Bwith%2Bothers%2Bwho%2Bshare%2Byour%2Bpassion%2Bfor%2Bfamily%2Bhistory.%26location%3D2525%2BOakley%2BSeaver%2BDr%2C%2BClermont%2C%2BFL%2C%2B34711%2C%2BUnited%2BStates%26trp%3Dfalse%26sprop%3Dhttps%3A%2F%2Fwordpress-810691-5571285.cloudwaysapps.com%2Fevents%2Fresearch-assistance-2025-08-27-2025-09-03-2025-09-10-2025-09-17-2025-09-24-2025-10-01-2025-10-08-2025-10-15-2025-10-22-2025-10-29-2025-11-05-2025-11-12-2025-11-19-2025-11-26-2025-12-03%2F%26sprop%3Dname%3APastfinders%26ctz%3DAmerica%2FNew_York&ifkv=AdBytiM5MTylF9DyG6SHGAqH4I-QeKgiMawc1-Fz9WJ-0cK2yRt5_DmIZFEGFxQGa8RFXRzORtSJ&osid=1&passive=1209600&service=cl&flowName=WebLiteSignIn&flowEntry=ServiceLogin&dsh=S-1104702008%3A1756758272259136 HTTP/1.1" 200 None
DEBUG:urllib3.connectionpool:https://accounts.google.com:443 "GET /InteractiveLogin?continue=https://calendar.google.com/calendar/event?action%3DTEMPLATE%26text%3DResearch%2BAssistance%26dates%3D20260701T130000/20260701T150000%26details%3DJoin%2Bus%2Bweekly%2Bin%2Bthe%2BGenealogy%2BRoom%2Bfor%2Bin-person%2Bhelp%2Bwith%2Byour%2Bresearch.%2BIt%25E2%2580%2599s%2Ba%2Bgreat%2Bchance%2Bto%2Bget%2Bone-on-one%2Bguidance,%2Bask%2Bquestions,%2Band%2Bconnect%2Bwith%2Bothers%2Bwho%2Bshare%2Byour%2Bpassion%2Bfor%2Bfamily%2Bhistory.%26location%3D2525%2BOakley%2BSeaver%2BDr,%2BClermont,%2BFL,%2B34711,%2BUnited%2BStates%26trp%3Dfalse%26sprop%3Dhttps://wordpress-810691-5571285.cloudwaysapps.com/events/research-assistance-2025-08-27-2025-09-03-2025-09-10-2025-09-17-2025-09-24-2025-10-01-2025-10-08-2025-10-15-2025-10-22-2025-10-29-2025-11-05-2025-11-12-2025-11-19-2025-11-26-2025-12-03-2-24-2026-07-01/%26sprop%3Dname:Pastfinders%26ctz%3DAmerica/New_York&emr=1&followup=https://calendar.google.com/calendar/event?action%3DTEMPLATE%26text%3DResearch%2BAssistance%26dates%3D20260701T130000/20260701T150000%26details%3DJoin%2Bus%2Bweekly%2Bin%2Bthe%2BGenealogy%2BRoom%2Bfor%2Bin-person%2Bhelp%2Bwith%2Byour%2Bresearch.%2BIt%25E2%2580%2599s%2Ba%2Bgreat%2Bchance%2Bto%2Bget%2Bone-on-one%2Bguidance,%2Bask%2Bquestions,%2Band%2Bconnect%2Bwith%2Bothers%2Bwho%2Bshare%2Byour%2Bpassion%2Bfor%2Bfamily%2Bhistory.%26location%3D2525%2BOakley%2BSeaver%2BDr,%2BClermont,%2BFL,%2B34711,%2BUnited%2BStates%26trp%3Dfalse%26sprop%3Dhttps://wordpress-810691-5571285.cloudwaysapps.com/events/research-assistance-2025-08-27-2025-09-03-2025-09-10-2025-09-17-2025-09-24-2025-10-01-2025-10-08-2025-10-15-2025-10-22-2025-10-29-2025-11-05-2025-11-12-2025-11-19-2025-11-26-2025-12-03-2-24-2026-07-01/%26sprop%3Dname:Pastfinders%26ctz%3DAmerica/New_York&osid=1&passive=1209600&service=cl&ifkv=AdBytiMX9eUCVlVS3Dvskw4OS1McB0iAn9f0i2lXtj5QkGTIKi-IykXEFdOLZqX3BDI7dVgmx_UAxQ HTTP/1.1" 302 None
DEBUG:urllib3.connectionpool:https://pastfindersslc.org:443 "GET /upload/newsletters/2000_Winter__February.pdf HTTP/1.1" 200 9189365
DEBUG:urllib3.connectionpool:https://outlook.office.com:443 "GET /calendar/0/deeplink/compose?allday=false&body=Join+us+weekly+in+the+Genealogy+Room+for+in-person+help+with+your+research.+It%E2%80%99s+a+great+chance+to+get+one-on-one+guidance%2C+ask+questions%2C+and+connect+with+others+who+share+your+passion+for+family+history.&location=2525+Oakley+Seaver+Dr%2C+Clermont%2C+FL%2C+34711%2C+United+States&path=/calendar/action/compose&rru=addevent&startdt=2026-06-24T13%3A00%3A00-04%3A00&enddt=2026-06-24T15%3A00%3A00-04%3A00&subject=Research+Assistance HTTP/1.1" 200 None
DEBUG:root:✅ Hyperlink OK: https://outlook.office.com/calendar/0/deeplink/compose?allday=false&body=Join+us+weekly+in+the+Genealogy+Room+for+in-person+help+with+your+research.+It%E2%80%99s+a+great+chance+to+get+one-on-one+guidance%2C+ask+questions%2C+and+connect+with+others+who+share+your+passion+for+family+history.&location=2525+Oakley+Seaver+Dr%2C+Clermont%2C+FL%2C+34711%2C+United+States&path=/calendar/action/compose&rru=addevent&startdt=2026-06-24T13%3A00%3A00-04%3A00&enddt=2026-06-24T15%3A00%3A00-04%3A00&subject=Research+Assistance
DEBUG:root:Checking external hyperlink: https://outlook.live.com/calendar/0/deeplink/compose?allday=false&body=Join+us+weekly+in+the+Genealogy+Room+for+in-person+help+with+your+research.+It%E2%80%99s+a+great+chance+to+get+one-on-one+guidance%2C+ask+questions%2C+and+connect+with+others+who+share+your+passion+for+family+history.&location=2525+Oakley+Seaver+Dr%2C+Clermont%2C+FL%2C+34711%2C+United+States&path=/calendar/action/compose&rru=addevent&startdt=2026-06-24T13%3A00%3A00-04%3A00&enddt=2026-06-24T15%3A00%3A00-04%3A00&subject=Research+Assistance
DEBUG:urllib3.connectionpool:Starting new HTTPS connection (1): outlook.live.com:443
DEBUG:urllib3.connectionpool:https://accounts.google.com:443 "GET /v3/signin/identifier?continue=https%3A%2F%2Fcalendar.google.com%2Fcalendar%2Fevent%3Faction%3DTEMPLATE%26text%3DResearch%2BAssistance%26dates%3D20260701T130000%2F20260701T150000%26details%3DJoin%2Bus%2Bweekly%2Bin%2Bthe%2BGenealogy%2BRoom%2Bfor%2Bin-person%2Bhelp%2Bwith%2Byour%2Bresearch.%2BIt%25E2%2580%2599s%2Ba%2Bgreat%2Bchance%2Bto%2Bget%2Bone-on-one%2Bguidance%2C%2Bask%2Bquestions%2C%2Band%2Bconnect%2Bwith%2Bothers%2Bwho%2Bshare%2Byour%2Bpassion%2Bfor%2Bfamily%2Bhistory.%26location%3D2525%2BOakley%2BSeaver%2BDr%2C%2BClermont%2C%2BFL%2C%2B34711%2C%2BUnited%2BStates%26trp%3Dfalse%26sprop%3Dhttps%3A%2F%2Fwordpress-810691-5571285.cloudwaysapps.com%2Fevents%2Fresearch-assistance-2025-08-27-2025-09-03-2025-09-10-2025-09-17-2025-09-24-2025-10-01-2025-10-08-2025-10-15-2025-10-22-2025-10-29-2025-11-05-2025-11-12-2025-11-19-2025-11-26-2025-12-03-2-24-2026-07-01%2F%26sprop%3Dname%3APastfinders%26ctz%3DAmerica%2FNew_York&emr=1&followup=https%3A%2F%2Fcalendar.google.com%2Fcalendar%2Fevent%3Faction%3DTEMPLATE%26text%3DResearch%2BAssistance%26dates%3D20260701T130000%2F20260701T150000%26details%3DJoin%2Bus%2Bweekly%2Bin%2Bthe%2BGenealogy%2BRoom%2Bfor%2Bin-person%2Bhelp%2Bwith%2Byour%2Bresearch.%2BIt%25E2%2580%2599s%2Ba%2Bgreat%2Bchance%2Bto%2Bget%2Bone-on-one%2Bguidance%2C%2Bask%2Bquestions%2C%2Band%2Bconnect%2Bwith%2Bothers%2Bwho%2Bshare%2Byour%2Bpassion%2Bfor%2Bfamily%2Bhistory.%26location%3D2525%2BOakley%2BSeaver%2BDr%2C%2BClermont%2C%2BFL%2C%2B34711%2C%2BUnited%2BStates%26trp%3Dfalse%26sprop%3Dhttps%3A%2F%2Fwordpress-810691-5571285.cloudwaysapps.com%2Fevents%2Fresearch-assistance-2025-08-27-2025-09-03-2025-09-10-2025-09-17-2025-09-24-2025-10-01-2025-10-08-2025-10-15-2025-10-22-2025-10-29-2025-11-05-2025-11-12-2025-11-19-2025-11-26-2025-12-03-2-24-2026-07-01%2F%26sprop%3Dname%3APastfinders%26ctz%3DAmerica%2FNew_York&ifkv=AdBytiMa84208qEi86sqygKJJlMrdzVqoic9FRnQDdiTyM13bXbMXPzlIrA6AkhG-riFsjMvrkAUmg&osid=1&passive=1209600&service=cl&flowName=WebLiteSignIn&flowEntry=ServiceLogin&dsh=S873368438%3A1756758272350303 HTTP/1.1" 200 None
DEBUG:root:✅ Hyperlink OK: https://www.google.com/calendar/event?action=TEMPLATE&text=Research+Assistance&dates=20251203T130000/20251203T150000&details=Join+us+weekly+in+the+Genealogy+Room+for+in-person+help+with+your+research.+It%E2%80%99s+a+great+chance+to+get+one-on-one+guidance%2C+ask+questions%2C+and+connect+with+others+who+share+your+passion+for+family+history.&location=2525+Oakley+Seaver+Dr%2C+Clermont%2C+FL%2C+34711%2C+United+States&trp=false&sprop=https%3A%2F%2Fwordpress-810691-5571285.cloudwaysapps.com%2Fevents%2Fresearch-assistance-2025-08-27-2025-09-03-2025-09-10-2025-09-17-2025-09-24-2025-10-01-2025-10-08-2025-10-15-2025-10-22-2025-10-29-2025-11-05-2025-11-12-2025-11-19-2025-11-26-2025-12-03%2F&sprop=name:Pastfinders&ctz=America%2FNew_York
DEBUG:root:Checking external hyperlink: https://outlook.office.com/calendar/0/deeplink/compose?allday=false&body=Join+us+weekly+in+the+Genealogy+Room+for+in-person+help+with+your+research.+It%E2%80%99s+a+great+chance+to+get+one-on-one+guidance%2C+ask+questions%2C+and+connect+with+others+who+share+your+passion+for+family+history.&location=2525+Oakley+Seaver+Dr%2C+Clermont%2C+FL%2C+34711%2C+United+States&path=/calendar/action/compose&rru=addevent&startdt=2025-12-03T13%3A00%3A00-05%3A00&enddt=2025-12-03T15%3A00%3A00-05%3A00&subject=Research+Assistance
DEBUG:urllib3.connectionpool:Starting new HTTPS connection (1): outlook.office.com:443
DEBUG:root:✅ Hyperlink OK: https://www.google.com/calendar/event?action=TEMPLATE&text=Research+Assistance&dates=20260701T130000/20260701T150000&details=Join+us+weekly+in+the+Genealogy+Room+for+in-person+help+with+your+research.+It%E2%80%99s+a+great+chance+to+get+one-on-one+guidance%2C+ask+questions%2C+and+connect+with+others+who+share+your+passion+for+family+history.&location=2525+Oakley+Seaver+Dr%2C+Clermont%2C+FL%2C+34711%2C+United+States&trp=false&sprop=https%3A%2F%2Fwordpress-810691-5571285.cloudwaysapps.com%2Fevents%2Fresearch-assistance-2025-08-27-2025-09-03-2025-09-10-2025-09-17-2025-09-24-2025-10-01-2025-10-08-2025-10-15-2025-10-22-2025-10-29-2025-11-05-2025-11-12-2025-11-19-2025-11-26-2025-12-03-2-24-2026-07-01%2F&sprop=name:Pastfinders&ctz=America%2FNew_York
DEBUG:root:Checking external hyperlink: https://outlook.office.com/calendar/0/deeplink/compose?allday=false&body=Join+us+weekly+in+the+Genealogy+Room+for+in-person+help+with+your+research.+It%E2%80%99s+a+great+chance+to+get+one-on-one+guidance%2C+ask+questions%2C+and+connect+with+others+who+share+your+passion+for+family+history.&location=2525+Oakley+Seaver+Dr%2C+Clermont%2C+FL%2C+34711%2C+United+States&path=/calendar/action/compose&rru=addevent&startdt=2026-07-01T13%3A00%3A00-04%3A00&enddt=2026-07-01T15%3A00%3A00-04%3A00&subject=Research+Assistance
DEBUG:urllib3.connectionpool:Starting new HTTPS connection (1): outlook.office.com:443
DEBUG:urllib3.connectionpool:https://wordpress-810691-5571285.cloudwaysapps.com:443 "GET /wp-content/uploads/2025/08/IMG_0001_3_1566943226-761x1024.webp HTTP/1.1" 200 114108
DEBUG:urllib3.connectionpool:https://outlook.live.com:443 "GET /calendar/0/deeplink/compose?allday=false&body=Join+us+weekly+in+the+Genealogy+Room+for+in-person+help+with+your+research.+It%E2%80%99s+a+great+chance+to+get+one-on-one+guidance%2C+ask+questions%2C+and+connect+with+others+who+share+your+passion+for+family+history.&location=2525+Oakley+Seaver+Dr%2C+Clermont%2C+FL%2C+34711%2C+United+States&path=/calendar/action/compose&rru=addevent&startdt=2026-06-24T13%3A00%3A00-04%3A00&enddt=2026-06-24T15%3A00%3A00-04%3A00&subject=Research+Assistance HTTP/1.1" 200 None
DEBUG:root:✅ Hyperlink OK: https://outlook.live.com/calendar/0/deeplink/compose?allday=false&body=Join+us+weekly+in+the+Genealogy+Room+for+in-person+help+with+your+research.+It%E2%80%99s+a+great+chance+to+get+one-on-one+guidance%2C+ask+questions%2C+and+connect+with+others+who+share+your+passion+for+family+history.&location=2525+Oakley+Seaver+Dr%2C+Clermont%2C+FL%2C+34711%2C+United+States&path=/calendar/action/compose&rru=addevent&startdt=2026-06-24T13%3A00%3A00-04%3A00&enddt=2026-06-24T15%3A00%3A00-04%3A00&subject=Research+Assistance
DEBUG:root:Using regex pattern: \b[a-zA-Z]{3,}\b
DEBUG:root:Found 58 words to check in https://wordpress-810691-5571285.cloudwaysapps.com/events/research-assistance-2025-08-27-2025-09-03-2025-09-10-2025-09-17-2025-09-24-2025-10-01-2025-10-08-2025-10-15-2025-10-22-2025-10-29-2025-11-05-2025-11-12-2025-11-19-2025-11-26-2025-12-03-2-17-2026-06-24/ (min_length=3)
DEBUG:root:Sample words from https://wordpress-810691-5571285.cloudwaysapps.com/events/research-assistance-2025-08-27-2025-09-03-2025-09-10-2025-09-17-2025-09-24-2025-10-01-2025-10-08-2025-10-15-2025-10-22-2025-10-29-2025-11-05-2025-11-12-2025-11-19-2025-11-26-2025-12-03-2-17-2026-06-24/: ['This', 'alert', 'Skip', 'content', 'Research', 'Assistance', 'When', 'June', 'Add', 'Calendar']
DEBUG:root:Spell check results for https://wordpress-810691-5571285.cloudwaysapps.com/events/research-assistance-2025-08-27-2025-09-03-2025-09-10-2025-09-17-2025-09-24-2025-10-01-2025-10-08-2025-10-15-2025-10-22-2025-10-29-2025-11-05-2025-11-12-2025-11-19-2025-11-26-2025-12-03-2-17-2026-06-24/: 30 words checked, 28 skipped, 0 errors found
INFO:root:✅ Processed https://wordpress-810691-5571285.cloudwaysapps.com/events/research-assistance-2025-08-27-2025-09-03-2025-09-10-2025-09-17-2025-09-24-2025-10-01-2025-10-08-2025-10-15-2025-10-22-2025-10-29-2025-11-05-2025-11-12-2025-11-19-2025-11-26-2025-12-03-2-17-2026-06-24/: 0 errors found, 85 words checked
DEBUG:root:Attempting to fetch: https://wordpress-810691-5571285.cloudwaysapps.com/galleries/2004-pastfinders-news/
DEBUG:root:✅ Image OK: https://wordpress-810691-5571285.cloudwaysapps.com/wp-content/uploads/2025/08/IMG_0001_3_1566943226-761x1024.webp
DEBUG:root:Checking internal image: https://wordpress-810691-5571285.cloudwaysapps.com/wp-content/uploads/2025/08/IMG_008_3_1566943226-429x1024.webp
DEBUG:urllib3.connectionpool:https://outlook.office.com:443 "GET /calendar/0/deeplink/compose?allday=false&body=Join+us+weekly+in+the+Genealogy+Room+for+in-person+help+with+your+research.+It%E2%80%99s+a+great+chance+to+get+one-on-one+guidance%2C+ask+questions%2C+and+connect+with+others+who+share+your+passion+for+family+history.&location=2525+Oakley+Seaver+Dr%2C+Clermont%2C+FL%2C+34711%2C+United+States&path=/calendar/action/compose&rru=addevent&startdt=2025-12-03T13%3A00%3A00-05%3A00&enddt=2025-12-03T15%3A00%3A00-05%3A00&subject=Research+Assistance HTTP/1.1" 200 None
DEBUG:urllib3.connectionpool:Starting new HTTPS connection (1): wordpress-810691-5571285.cloudwaysapps.com:443
DEBUG:root:✅ Hyperlink OK: https://outlook.office.com/calendar/0/deeplink/compose?allday=false&body=Join+us+weekly+in+the+Genealogy+Room+for+in-person+help+with+your+research.+It%E2%80%99s+a+great+chance+to+get+one-on-one+guidance%2C+ask+questions%2C+and+connect+with+others+who+share+your+passion+for+family+history.&location=2525+Oakley+Seaver+Dr%2C+Clermont%2C+FL%2C+34711%2C+United+States&path=/calendar/action/compose&rru=addevent&startdt=2025-12-03T13%3A00%3A00-05%3A00&enddt=2025-12-03T15%3A00%3A00-05%3A00&subject=Research+Assistance
DEBUG:root:Checking external hyperlink: https://outlook.live.com/calendar/0/deeplink/compose?allday=false&body=Join+us+weekly+in+the+Genealogy+Room+for+in-person+help+with+your+research.+It%E2%80%99s+a+great+chance+to+get+one-on-one+guidance%2C+ask+questions%2C+and+connect+with+others+who+share+your+passion+for+family+history.&location=2525+Oakley+Seaver+Dr%2C+Clermont%2C+FL%2C+34711%2C+United+States&path=/calendar/action/compose&rru=addevent&startdt=2025-12-03T13%3A00%3A00-05%3A00&enddt=2025-12-03T15%3A00%3A00-05%3A00&subject=Research+Assistance
DEBUG:urllib3.connectionpool:https://outlook.office.com:443 "GET /calendar/0/deeplink/compose?allday=false&body=Join+us+weekly+in+the+Genealogy+Room+for+in-person+help+with+your+research.+It%E2%80%99s+a+great+chance+to+get+one-on-one+guidance%2C+ask+questions%2C+and+connect+with+others+who+share+your+passion+for+family+history.&location=2525+Oakley+Seaver+Dr%2C+Clermont%2C+FL%2C+34711%2C+United+States&path=/calendar/action/compose&rru=addevent&startdt=2026-07-01T13%3A00%3A00-04%3A00&enddt=2026-07-01T15%3A00%3A00-04%3A00&subject=Research+Assistance HTTP/1.1" 200 None
DEBUG:root:✅ Hyperlink OK: https://outlook.office.com/calendar/0/deeplink/compose?allday=false&body=Join+us+weekly+in+the+Genealogy+Room+for+in-person+help+with+your+research.+It%E2%80%99s+a+great+chance+to+get+one-on-one+guidance%2C+ask+questions%2C+and+connect+with+others+who+share+your+passion+for+family+history.&location=2525+Oakley+Seaver+Dr%2C+Clermont%2C+FL%2C+34711%2C+United+States&path=/calendar/action/compose&rru=addevent&startdt=2026-07-01T13%3A00%3A00-04%3A00&enddt=2026-07-01T15%3A00%3A00-04%3A00&subject=Research+Assistance
DEBUG:root:Checking external hyperlink: https://outlook.live.com/calendar/0/deeplink/compose?allday=false&body=Join+us+weekly+in+the+Genealogy+Room+for+in-person+help+with+your+research.+It%E2%80%99s+a+great+chance+to+get+one-on-one+guidance%2C+ask+questions%2C+and+connect+with+others+who+share+your+passion+for+family+history.&location=2525+Oakley+Seaver+Dr%2C+Clermont%2C+FL%2C+34711%2C+United+States&path=/calendar/action/compose&rru=addevent&startdt=2026-07-01T13%3A00%3A00-04%3A00&enddt=2026-07-01T15%3A00%3A00-04%3A00&subject=Research+Assistance
DEBUG:urllib3.connectionpool:Starting new HTTPS connection (1): outlook.live.com:443
DEBUG:urllib3.connectionpool:Starting new HTTPS connection (1): outlook.live.com:443
DEBUG:urllib3.connectionpool:https://wordpress-810691-5571285.cloudwaysapps.com:443 "GET /galleries/2004-pastfinders-news/ HTTP/1.1" 200 None
DEBUG:root:Successfully fetched https://wordpress-810691-5571285.cloudwaysapps.com/galleries/2004-pastfinders-news/ (Content-Length: 52453)
DEBUG:charset_normalizer:Encoding detection: utf_8 is most likely the one.
DEBUG:root:Extracted 225 characters, 43 words from https://wordpress-810691-5571285.cloudwaysapps.com/galleries/2004-pastfinders-news/
DEBUG:root:Checking internal image: https://wordpress-810691-5571285.cloudwaysapps.com/wp-content/uploads/2025/08/IMG_0003_1565102668-1024x242.webp
DEBUG:urllib3.connectionpool:Starting new HTTPS connection (1): wordpress-810691-5571285.cloudwaysapps.com:443
DEBUG:urllib3.connectionpool:https://outlook.live.com:443 "GET /calendar/0/deeplink/compose?allday=false&body=Join+us+weekly+in+the+Genealogy+Room+for+in-person+help+with+your+research.+It%E2%80%99s+a+great+chance+to+get+one-on-one+guidance%2C+ask+questions%2C+and+connect+with+others+who+share+your+passion+for+family+history.&location=2525+Oakley+Seaver+Dr%2C+Clermont%2C+FL%2C+34711%2C+United+States&path=/calendar/action/compose&rru=addevent&startdt=2025-12-03T13%3A00%3A00-05%3A00&enddt=2025-12-03T15%3A00%3A00-05%3A00&subject=Research+Assistance HTTP/1.1" 200 None
DEBUG:urllib3.connectionpool:https://outlook.live.com:443 "GET /calendar/0/deeplink/compose?allday=false&body=Join+us+weekly+in+the+Genealogy+Room+for+in-person+help+with+your+research.+It%E2%80%99s+a+great+chance+to+get+one-on-one+guidance%2C+ask+questions%2C+and+connect+with+others+who+share+your+passion+for+family+history.&location=2525+Oakley+Seaver+Dr%2C+Clermont%2C+FL%2C+34711%2C+United+States&path=/calendar/action/compose&rru=addevent&startdt=2026-07-01T13%3A00%3A00-04%3A00&enddt=2026-07-01T15%3A00%3A00-04%3A00&subject=Research+Assistance HTTP/1.1" 200 None
DEBUG:root:✅ Hyperlink OK: https://outlook.live.com/calendar/0/deeplink/compose?allday=false&body=Join+us+weekly+in+the+Genealogy+Room+for+in-person+help+with+your+research.+It%E2%80%99s+a+great+chance+to+get+one-on-one+guidance%2C+ask+questions%2C+and+connect+with+others+who+share+your+passion+for+family+history.&location=2525+Oakley+Seaver+Dr%2C+Clermont%2C+FL%2C+34711%2C+United+States&path=/calendar/action/compose&rru=addevent&startdt=2026-07-01T13%3A00%3A00-04%3A00&enddt=2026-07-01T15%3A00%3A00-04%3A00&subject=Research+Assistance
DEBUG:root:✅ Hyperlink OK: https://outlook.live.com/calendar/0/deeplink/compose?allday=false&body=Join+us+weekly+in+the+Genealogy+Room+for+in-person+help+with+your+research.+It%E2%80%99s+a+great+chance+to+get+one-on-one+guidance%2C+ask+questions%2C+and+connect+with+others+who+share+your+passion+for+family+history.&location=2525+Oakley+Seaver+Dr%2C+Clermont%2C+FL%2C+34711%2C+United+States&path=/calendar/action/compose&rru=addevent&startdt=2025-12-03T13%3A00%3A00-05%3A00&enddt=2025-12-03T15%3A00%3A00-05%3A00&subject=Research+Assistance
DEBUG:root:Using regex pattern: \b[a-zA-Z]{3,}\b
DEBUG:root:Found 58 words to check in https://wordpress-810691-5571285.cloudwaysapps.com/events/research-assistance-2025-08-27-2025-09-03-2025-09-10-2025-09-17-2025-09-24-2025-10-01-2025-10-08-2025-10-15-2025-10-22-2025-10-29-2025-11-05-2025-11-12-2025-11-19-2025-11-26-2025-12-03-2-24-2026-07-01/ (min_length=3)
DEBUG:root:Sample words from https://wordpress-810691-5571285.cloudwaysapps.com/events/research-assistance-2025-08-27-2025-09-03-2025-09-10-2025-09-17-2025-09-24-2025-10-01-2025-10-08-2025-10-15-2025-10-22-2025-10-29-2025-11-05-2025-11-12-2025-11-19-2025-11-26-2025-12-03-2-24-2026-07-01/: ['This', 'alert', 'Skip', 'content', 'Research', 'Assistance', 'When', 'July', 'Add', 'Calendar']
DEBUG:root:Spell check results for https://wordpress-810691-5571285.cloudwaysapps.com/events/research-assistance-2025-08-27-2025-09-03-2025-09-10-2025-09-17-2025-09-24-2025-10-01-2025-10-08-2025-10-15-2025-10-22-2025-10-29-2025-11-05-2025-11-12-2025-11-19-2025-11-26-2025-12-03-2-24-2026-07-01/: 30 words checked, 28 skipped, 0 errors found
INFO:root:✅ Processed https://wordpress-810691-5571285.cloudwaysapps.com/events/research-assistance-2025-08-27-2025-09-03-2025-09-10-2025-09-17-2025-09-24-2025-10-01-2025-10-08-2025-10-15-2025-10-22-2025-10-29-2025-11-05-2025-11-12-2025-11-19-2025-11-26-2025-12-03-2-24-2026-07-01/: 0 errors found, 85 words checked
DEBUG:root:Attempting to fetch: https://wordpress-810691-5571285.cloudwaysapps.com/resources/langdons-list-of-19th-early-20th-century-photographers/
Processing pages:  71%|███████   | 270/381 [02:29<00:42,  2.62it/s]DEBUG:root:Using regex pattern: \b[a-zA-Z]{3,}\b
DEBUG:root:Found 58 words to check in https://wordpress-810691-5571285.cloudwaysapps.com/events/research-assistance-2025-08-27-2025-09-03-2025-09-10-2025-09-17-2025-09-24-2025-10-01-2025-10-08-2025-10-15-2025-10-22-2025-10-29-2025-11-05-2025-11-12-2025-11-19-2025-11-26-2025-12-03/ (min_length=3)
DEBUG:root:Sample words from https://wordpress-810691-5571285.cloudwaysapps.com/events/research-assistance-2025-08-27-2025-09-03-2025-09-10-2025-09-17-2025-09-24-2025-10-01-2025-10-08-2025-10-15-2025-10-22-2025-10-29-2025-11-05-2025-11-12-2025-11-19-2025-11-26-2025-12-03/: ['This', 'alert', 'Skip', 'content', 'Research', 'Assistance', 'When', 'December', 'Add', 'Calendar']
DEBUG:root:Spell check results for https://wordpress-810691-5571285.cloudwaysapps.com/events/research-assistance-2025-08-27-2025-09-03-2025-09-10-2025-09-17-2025-09-24-2025-10-01-2025-10-08-2025-10-15-2025-10-22-2025-10-29-2025-11-05-2025-11-12-2025-11-19-2025-11-26-2025-12-03/: 30 words checked, 28 skipped, 0 errors found
INFO:root:✅ Processed https://wordpress-810691-5571285.cloudwaysapps.com/events/research-assistance-2025-08-27-2025-09-03-2025-09-10-2025-09-17-2025-09-24-2025-10-01-2025-10-08-2025-10-15-2025-10-22-2025-10-29-2025-11-05-2025-11-12-2025-11-19-2025-11-26-2025-12-03/: 0 errors found, 85 words checked
DEBUG:root:Attempting to fetch: https://wordpress-810691-5571285.cloudwaysapps.com/events/preserving-local-history-2026-03-18/
DEBUG:urllib3.connectionpool:https://wordpress-810691-5571285.cloudwaysapps.com:443 "GET /wp-content/uploads/2025/08/IMG_008_3_1566943226-429x1024.webp HTTP/1.1" 200 84628
DEBUG:root:✅ Image OK: https://wordpress-810691-5571285.cloudwaysapps.com/wp-content/uploads/2025/08/IMG_008_3_1566943226-429x1024.webp
DEBUG:root:Checking internal image: https://wordpress-810691-5571285.cloudwaysapps.com/wp-content/uploads/2025/08/IMG_0011_1566943226-315x1024.webp
DEBUG:urllib3.connectionpool:https://wordpress-810691-5571285.cloudwaysapps.com:443 "GET /wp-content/uploads/2025/08/IMG_0003_1565102668-1024x242.webp HTTP/1.1" 200 57292
DEBUG:urllib3.connectionpool:Starting new HTTPS connection (1): wordpress-810691-5571285.cloudwaysapps.com:443
DEBUG:root:✅ Image OK: https://wordpress-810691-5571285.cloudwaysapps.com/wp-content/uploads/2025/08/IMG_0003_1565102668-1024x242.webp
DEBUG:root:Checking internal image: https://wordpress-810691-5571285.cloudwaysapps.com/wp-content/uploads/2025/08/IMG_0005_1565102774-1024x908.webp
DEBUG:urllib3.connectionpool:Starting new HTTPS connection (1): wordpress-810691-5571285.cloudwaysapps.com:443
DEBUG:urllib3.connectionpool:https://wordpress-810691-5571285.cloudwaysapps.com:443 "GET /wp-content/uploads/2025/08/IMG_0011_1566943226-315x1024.webp HTTP/1.1" 200 62008
DEBUG:urllib3.connectionpool:https://wordpress-810691-5571285.cloudwaysapps.com:443 "GET /wp-content/uploads/2025/08/IMG_0005_1565102774-1024x908.webp HTTP/1.1" 200 161846
DEBUG:root:✅ Image OK: https://wordpress-810691-5571285.cloudwaysapps.com/wp-content/uploads/2025/08/IMG_0011_1566943226-315x1024.webp
DEBUG:root:Checking internal image: https://wordpress-810691-5571285.cloudwaysapps.com/wp-content/uploads/2025/08/IMG_0003_5_1566943226-516x1024.webp
DEBUG:urllib3.connectionpool:Starting new HTTPS connection (1): wordpress-810691-5571285.cloudwaysapps.com:443
DEBUG:root:✅ Image OK: https://wordpress-810691-5571285.cloudwaysapps.com/wp-content/uploads/2025/08/IMG_0005_1565102774-1024x908.webp
DEBUG:root:Checking internal image: https://wordpress-810691-5571285.cloudwaysapps.com/wp-content/uploads/2025/08/IMG_0003_1_1565102668-447x1024.webp
DEBUG:urllib3.connectionpool:Starting new HTTPS connection (1): wordpress-810691-5571285.cloudwaysapps.com:443
DEBUG:urllib3.connectionpool:https://wordpress-810691-5571285.cloudwaysapps.com:443 "GET /wp-content/uploads/2025/08/IMG_0003_5_1566943226-516x1024.webp HTTP/1.1" 200 139292
DEBUG:urllib3.connectionpool:https://wordpress-810691-5571285.cloudwaysapps.com:443 "GET /wp-content/uploads/2025/08/IMG_0003_1_1565102668-447x1024.webp HTTP/1.1" 200 87448
DEBUG:root:✅ Image OK: https://wordpress-810691-5571285.cloudwaysapps.com/wp-content/uploads/2025/08/IMG_0003_5_1566943226-516x1024.webp
DEBUG:root:Checking internal image: https://wordpress-810691-5571285.cloudwaysapps.com/wp-content/uploads/2025/08/IMG_0014_8_1566943226-1024x676.webp
DEBUG:urllib3.connectionpool:Starting new HTTPS connection (1): wordpress-810691-5571285.cloudwaysapps.com:443
DEBUG:root:✅ Image OK: https://wordpress-810691-5571285.cloudwaysapps.com/wp-content/uploads/2025/08/IMG_0003_1_1565102668-447x1024.webp
DEBUG:root:Checking internal image: https://wordpress-810691-5571285.cloudwaysapps.com/wp-content/uploads/2025/08/IMG_0002_1565102564-1024x240.webp
DEBUG:urllib3.connectionpool:Starting new HTTPS connection (1): wordpress-810691-5571285.cloudwaysapps.com:443
DEBUG:urllib3.connectionpool:https://wordpress-810691-5571285.cloudwaysapps.com:443 "GET /wp-content/uploads/2025/08/IMG_0014_8_1566943226-1024x676.webp HTTP/1.1" 200 107292
DEBUG:urllib3.connectionpool:https://wordpress-810691-5571285.cloudwaysapps.com:443 "GET /wp-content/uploads/2025/08/IMG_0002_1565102564-1024x240.webp HTTP/1.1" 200 61670
DEBUG:root:✅ Image OK: https://wordpress-810691-5571285.cloudwaysapps.com/wp-content/uploads/2025/08/IMG_0014_8_1566943226-1024x676.webp
DEBUG:root:Checking internal image: https://wordpress-810691-5571285.cloudwaysapps.com/wp-content/uploads/2025/08/IMG_0008_1566943222-1024x429.webp
DEBUG:urllib3.connectionpool:Starting new HTTPS connection (1): wordpress-810691-5571285.cloudwaysapps.com:443
DEBUG:root:✅ Image OK: https://wordpress-810691-5571285.cloudwaysapps.com/wp-content/uploads/2025/08/IMG_0002_1565102564-1024x240.webp
DEBUG:root:Checking internal image: https://wordpress-810691-5571285.cloudwaysapps.com/wp-content/uploads/2025/08/IMG_0004_1565102774-1024x679.webp
DEBUG:urllib3.connectionpool:Starting new HTTPS connection (1): wordpress-810691-5571285.cloudwaysapps.com:443
DEBUG:urllib3.connectionpool:https://wordpress-810691-5571285.cloudwaysapps.com:443 "GET /wp-content/uploads/2025/08/IMG_0008_1566943222-1024x429.webp HTTP/1.1" 200 67414
DEBUG:urllib3.connectionpool:https://wordpress-810691-5571285.cloudwaysapps.com:443 "GET /wp-content/uploads/2025/08/IMG_0004_1565102774-1024x679.webp HTTP/1.1" 200 169926
DEBUG:root:✅ Image OK: https://wordpress-810691-5571285.cloudwaysapps.com/wp-content/uploads/2025/08/IMG_0008_1566943222-1024x429.webp
DEBUG:root:Checking internal image: https://wordpress-810691-5571285.cloudwaysapps.com/wp-content/uploads/2025/08/IMG_0003_1566943226-788x1024.webp
DEBUG:urllib3.connectionpool:Starting new HTTPS connection (1): wordpress-810691-5571285.cloudwaysapps.com:443
DEBUG:urllib3.connectionpool:https://wordpress-810691-5571285.cloudwaysapps.com:443 "GET /resources/langdons-list-of-19th-early-20th-century-photographers/ HTTP/1.1" 200 None
DEBUG:root:Successfully fetched https://wordpress-810691-5571285.cloudwaysapps.com/resources/langdons-list-of-19th-early-20th-century-photographers/ (Content-Length: 39437)
DEBUG:charset_normalizer:Encoding detection: utf_8 is most likely the one.
DEBUG:root:✅ Image OK: https://wordpress-810691-5571285.cloudwaysapps.com/wp-content/uploads/2025/08/IMG_0004_1565102774-1024x679.webp
DEBUG:root:Using regex pattern: \b[a-zA-Z]{3,}\b
DEBUG:root:Found 21 words to check in https://wordpress-810691-5571285.cloudwaysapps.com/galleries/2004-pastfinders-news/ (min_length=3)
DEBUG:root:Sample words from https://wordpress-810691-5571285.cloudwaysapps.com/galleries/2004-pastfinders-news/: ['This', 'alert', 'Skip', 'content', 'Pastfinders', 'News', 'images', 'Click', 'view', 'Click']
DEBUG:root:Spell check results for https://wordpress-810691-5571285.cloudwaysapps.com/galleries/2004-pastfinders-news/: 8 words checked, 13 skipped, 0 errors found
INFO:root:✅ Processed https://wordpress-810691-5571285.cloudwaysapps.com/galleries/2004-pastfinders-news/: 0 errors found, 43 words checked
DEBUG:root:Attempting to fetch: https://wordpress-810691-5571285.cloudwaysapps.com/events/family-book-creator-special-interest-group-sig-2026-09-28/
Processing pages:  71%|███████▏  | 272/381 [02:31<01:01,  1.78it/s]DEBUG:root:Extracted 628 characters, 97 words from https://wordpress-810691-5571285.cloudwaysapps.com/resources/langdons-list-of-19th-early-20th-century-photographers/
DEBUG:root:Using regex pattern: \b[a-zA-Z]{3,}\b
DEBUG:root:Found 74 words to check in https://wordpress-810691-5571285.cloudwaysapps.com/resources/langdons-list-of-19th-early-20th-century-photographers/ (min_length=3)
DEBUG:root:Sample words from https://wordpress-810691-5571285.cloudwaysapps.com/resources/langdons-list-of-19th-early-20th-century-photographers/: ['This', 'alert', 'Skip', 'content', 'Langdon', 'List', 'Early', 'Century', 'Photographers', 'October']
DEBUG:root:Spell check results for https://wordpress-810691-5571285.cloudwaysapps.com/resources/langdons-list-of-19th-early-20th-century-photographers/: 52 words checked, 22 skipped, 0 errors found
INFO:root:✅ Processed https://wordpress-810691-5571285.cloudwaysapps.com/resources/langdons-list-of-19th-early-20th-century-photographers/: 0 errors found, 97 words checked
DEBUG:root:Attempting to fetch: https://wordpress-810691-5571285.cloudwaysapps.com/events/research-assistance-2025-08-27-2025-09-03-2025-09-10-2025-09-17-2025-09-24-2025-10-01-2025-10-08-2025-10-15-2025-10-22-2025-10-29-2025-11-05-2025-11-12-2025-11-19-2025-11-26-2025-12-03-2-07-2026-01-14/
DEBUG:root:✅ Document OK: https://pastfindersslc.org/upload/newsletters/2000_Winter__February.pdf
DEBUG:root:Checking external document: https://pastfindersslc.org/upload/newsletters/1999_Fall.pdf
DEBUG:urllib3.connectionpool:Starting new HTTPS connection (1): pastfindersslc.org:443
DEBUG:urllib3.connectionpool:https://wordpress-810691-5571285.cloudwaysapps.com:443 "GET /events/preserving-local-history-2026-03-18/ HTTP/1.1" 200 None
DEBUG:urllib3.connectionpool:https://wordpress-810691-5571285.cloudwaysapps.com:443 "GET /events/research-assistance-2025-08-27-2025-09-03-2025-09-10-2025-09-17-2025-09-24-2025-10-01-2025-10-08-2025-10-15-2025-10-22-2025-10-29-2025-11-05-2025-11-12-2025-11-19-2025-11-26-2025-12-03-2-07-2026-01-14/ HTTP/1.1" 200 None
DEBUG:root:Successfully fetched https://wordpress-810691-5571285.cloudwaysapps.com/events/research-assistance-2025-08-27-2025-09-03-2025-09-10-2025-09-17-2025-09-24-2025-10-01-2025-10-08-2025-10-15-2025-10-22-2025-10-29-2025-11-05-2025-11-12-2025-11-19-2025-11-26-2025-12-03-2-07-2026-01-14/ (Content-Length: 44217)
DEBUG:root:Successfully fetched https://wordpress-810691-5571285.cloudwaysapps.com/events/preserving-local-history-2026-03-18/ (Content-Length: 43574)
DEBUG:charset_normalizer:Encoding detection: utf_8 is most likely the one.
DEBUG:charset_normalizer:Encoding detection: utf_8 is most likely the one.
DEBUG:urllib3.connectionpool:https://wordpress-810691-5571285.cloudwaysapps.com:443 "GET /events/family-book-creator-special-interest-group-sig-2026-09-28/ HTTP/1.1" 200 None
DEBUG:urllib3.connectionpool:https://wordpress-810691-5571285.cloudwaysapps.com:443 "GET /wp-content/uploads/2025/08/IMG_0003_1566943226-788x1024.webp HTTP/1.1" 200 167880
DEBUG:root:Successfully fetched https://wordpress-810691-5571285.cloudwaysapps.com/events/family-book-creator-special-interest-group-sig-2026-09-28/ (Content-Length: 42531)
DEBUG:charset_normalizer:Encoding detection: utf_8 is most likely the one.
DEBUG:root:Extracted 444 characters, 65 words from https://wordpress-810691-5571285.cloudwaysapps.com/events/preserving-local-history-2026-03-18/
DEBUG:root:Checking external hyperlink: https://www.google.com/calendar/event?action=TEMPLATE&text=Preserving+Local+History&dates=20260318T100000/20260318T120000&details=Help+in+the+preservation+of+our+local+history+and+collections%2C+including+transcriptionists%2C+preservationists%2C+digitizers%2C+and+organization%C2%A0projects.&location=2525+Oakley+Seaver+Dr%2C+Clermont%2C+FL%2C+34711%2C+United+States&trp=false&sprop=https%3A%2F%2Fwordpress-810691-5571285.cloudwaysapps.com%2Fevents%2Fpreserving-local-history-2026-03-18%2F&sprop=name:Pastfinders&ctz=America%2FNew_York
DEBUG:urllib3.connectionpool:https://pastfindersslc.org:443 "GET /upload/newsletters/1999_Fall.pdf HTTP/1.1" 200 8116474
DEBUG:urllib3.connectionpool:Starting new HTTPS connection (1): www.google.com:443
DEBUG:root:Extracted 491 characters, 85 words from https://wordpress-810691-5571285.cloudwaysapps.com/events/research-assistance-2025-08-27-2025-09-03-2025-09-10-2025-09-17-2025-09-24-2025-10-01-2025-10-08-2025-10-15-2025-10-22-2025-10-29-2025-11-05-2025-11-12-2025-11-19-2025-11-26-2025-12-03-2-07-2026-01-14/
DEBUG:root:Checking external hyperlink: https://www.google.com/calendar/event?action=TEMPLATE&text=Research+Assistance&dates=20260114T130000/20260114T150000&details=Join+us+weekly+in+the+Genealogy+Room+for+in-person+help+with+your+research.+It%E2%80%99s+a+great+chance+to+get+one-on-one+guidance%2C+ask+questions%2C+and+connect+with+others+who+share+your+passion+for+family+history.&location=2525+Oakley+Seaver+Dr%2C+Clermont%2C+FL%2C+34711%2C+United+States&trp=false&sprop=https%3A%2F%2Fwordpress-810691-5571285.cloudwaysapps.com%2Fevents%2Fresearch-assistance-2025-08-27-2025-09-03-2025-09-10-2025-09-17-2025-09-24-2025-10-01-2025-10-08-2025-10-15-2025-10-22-2025-10-29-2025-11-05-2025-11-12-2025-11-19-2025-11-26-2025-12-03-2-07-2026-01-14%2F&sprop=name:Pastfinders&ctz=America%2FNew_York
DEBUG:root:✅ Image OK: https://wordpress-810691-5571285.cloudwaysapps.com/wp-content/uploads/2025/08/IMG_0003_1566943226-788x1024.webp
DEBUG:root:Checking internal image: https://wordpress-810691-5571285.cloudwaysapps.com/wp-content/uploads/2025/08/IMG_0009_6_1566943222-1000x1024.webp
DEBUG:urllib3.connectionpool:Starting new HTTPS connection (1): www.google.com:443
DEBUG:urllib3.connectionpool:Starting new HTTPS connection (1): wordpress-810691-5571285.cloudwaysapps.com:443
DEBUG:root:Extracted 848 characters, 141 words from https://wordpress-810691-5571285.cloudwaysapps.com/events/family-book-creator-special-interest-group-sig-2026-09-28/
DEBUG:root:Checking external hyperlink: https://www.google.com/calendar/event?action=TEMPLATE&text=Family+Book+Creator+Special+Interest+Group+%28SIG%29&dates=20260928T190000/20260928T200000&details=This+group+grew+out+of+our+original+FBC+Study+Group%2C+a+joint+effort+between+Pastfinders+and+Kinseekers.+For+now%2C+membership+is+limited+to+participants+of+that+original+group%2C+but+we+hope+to+welcome+more+members+in+the+future.&location=&trp=false&sprop=https%3A%2F%2Fwordpress-810691-5571285.cloudwaysapps.com%2Fevents%2Ffamily-book-creator-special-interest-group-sig-2026-09-28%2F&sprop=name:Pastfinders&ctz=America%2FNew_York
DEBUG:urllib3.connectionpool:Starting new HTTPS connection (1): www.google.com:443
DEBUG:urllib3.connectionpool:https://www.google.com:443 "GET /calendar/event?action=TEMPLATE&text=Preserving+Local+History&dates=20260318T100000/20260318T120000&details=Help+in+the+preservation+of+our+local+history+and+collections%2C+including+transcriptionists%2C+preservationists%2C+digitizers%2C+and+organization%C2%A0projects.&location=2525+Oakley+Seaver+Dr%2C+Clermont%2C+FL%2C+34711%2C+United+States&trp=false&sprop=https%3A%2F%2Fwordpress-810691-5571285.cloudwaysapps.com%2Fevents%2Fpreserving-local-history-2026-03-18%2F&sprop=name:Pastfinders&ctz=America%2FNew_York HTTP/1.1" 302 0
DEBUG:urllib3.connectionpool:https://www.google.com:443 "GET /calendar/event?action=TEMPLATE&text=Research+Assistance&dates=20260114T130000/20260114T150000&details=Join+us+weekly+in+the+Genealogy+Room+for+in-person+help+with+your+research.+It%E2%80%99s+a+great+chance+to+get+one-on-one+guidance%2C+ask+questions%2C+and+connect+with+others+who+share+your+passion+for+family+history.&location=2525+Oakley+Seaver+Dr%2C+Clermont%2C+FL%2C+34711%2C+United+States&trp=false&sprop=https%3A%2F%2Fwordpress-810691-5571285.cloudwaysapps.com%2Fevents%2Fresearch-assistance-2025-08-27-2025-09-03-2025-09-10-2025-09-17-2025-09-24-2025-10-01-2025-10-08-2025-10-15-2025-10-22-2025-10-29-2025-11-05-2025-11-12-2025-11-19-2025-11-26-2025-12-03-2-07-2026-01-14%2F&sprop=name:Pastfinders&ctz=America%2FNew_York HTTP/1.1" 302 0
DEBUG:urllib3.connectionpool:Starting new HTTPS connection (1): calendar.google.com:443
DEBUG:urllib3.connectionpool:Starting new HTTPS connection (1): calendar.google.com:443
DEBUG:urllib3.connectionpool:https://www.google.com:443 "GET /calendar/event?action=TEMPLATE&text=Family+Book+Creator+Special+Interest+Group+%28SIG%29&dates=20260928T190000/20260928T200000&details=This+group+grew+out+of+our+original+FBC+Study+Group%2C+a+joint+effort+between+Pastfinders+and+Kinseekers.+For+now%2C+membership+is+limited+to+participants+of+that+original+group%2C+but+we+hope+to+welcome+more+members+in+the+future.&location=&trp=false&sprop=https%3A%2F%2Fwordpress-810691-5571285.cloudwaysapps.com%2Fevents%2Ffamily-book-creator-special-interest-group-sig-2026-09-28%2F&sprop=name:Pastfinders&ctz=America%2FNew_York HTTP/1.1" 302 0
DEBUG:urllib3.connectionpool:Starting new HTTPS connection (1): calendar.google.com:443
DEBUG:urllib3.connectionpool:https://calendar.google.com:443 "GET /calendar/event?action=TEMPLATE&text=Preserving+Local+History&dates=20260318T100000/20260318T120000&details=Help+in+the+preservation+of+our+local+history+and+collections,+including+transcriptionists,+preservationists,+digitizers,+and+organization%C2%A0projects.&location=2525+Oakley+Seaver+Dr,+Clermont,+FL,+34711,+United+States&trp=false&sprop=https://wordpress-810691-5571285.cloudwaysapps.com/events/preserving-local-history-2026-03-18/&sprop=name:Pastfinders&ctz=America/New_York HTTP/1.1" 302 0
DEBUG:urllib3.connectionpool:Starting new HTTPS connection (1): accounts.google.com:443
DEBUG:urllib3.connectionpool:https://wordpress-810691-5571285.cloudwaysapps.com:443 "GET /wp-content/uploads/2025/08/IMG_0009_6_1566943222-1000x1024.webp HTTP/1.1" 200 190776
DEBUG:urllib3.connectionpool:https://calendar.google.com:443 "GET /calendar/event?action=TEMPLATE&text=Research+Assistance&dates=20260114T130000/20260114T150000&details=Join+us+weekly+in+the+Genealogy+Room+for+in-person+help+with+your+research.+It%E2%80%99s+a+great+chance+to+get+one-on-one+guidance,+ask+questions,+and+connect+with+others+who+share+your+passion+for+family+history.&location=2525+Oakley+Seaver+Dr,+Clermont,+FL,+34711,+United+States&trp=false&sprop=https://wordpress-810691-5571285.cloudwaysapps.com/events/research-assistance-2025-08-27-2025-09-03-2025-09-10-2025-09-17-2025-09-24-2025-10-01-2025-10-08-2025-10-15-2025-10-22-2025-10-29-2025-11-05-2025-11-12-2025-11-19-2025-11-26-2025-12-03-2-07-2026-01-14/&sprop=name:Pastfinders&ctz=America/New_York HTTP/1.1" 302 0
DEBUG:urllib3.connectionpool:Starting new HTTPS connection (1): accounts.google.com:443
DEBUG:urllib3.connectionpool:https://calendar.google.com:443 "GET /calendar/event?action=TEMPLATE&text=Family+Book+Creator+Special+Interest+Group+(SIG)&dates=20260928T190000/20260928T200000&details=This+group+grew+out+of+our+original+FBC+Study+Group,+a+joint+effort+between+Pastfinders+and+Kinseekers.+For+now,+membership+is+limited+to+participants+of+that+original+group,+but+we+hope+to+welcome+more+members+in+the+future.&location&trp=false&sprop=https://wordpress-810691-5571285.cloudwaysapps.com/events/family-book-creator-special-interest-group-sig-2026-09-28/&sprop=name:Pastfinders&ctz=America/New_York HTTP/1.1" 302 0
DEBUG:urllib3.connectionpool:Starting new HTTPS connection (1): accounts.google.com:443
DEBUG:root:✅ Image OK: https://wordpress-810691-5571285.cloudwaysapps.com/wp-content/uploads/2025/08/IMG_0009_6_1566943222-1000x1024.webp
DEBUG:root:Checking internal image: https://wordpress-810691-5571285.cloudwaysapps.com/wp-content/uploads/2025/08/IMG_008_3_1566943222-429x1024.webp
DEBUG:urllib3.connectionpool:Starting new HTTPS connection (1): wordpress-810691-5571285.cloudwaysapps.com:443
DEBUG:urllib3.connectionpool:https://accounts.google.com:443 "GET /ServiceLogin?service=cl&passive=1209600&osid=1&continue=https://calendar.google.com/calendar/event?action%3DTEMPLATE%26text%3DPreserving%2BLocal%2BHistory%26dates%3D20260318T100000/20260318T120000%26details%3DHelp%2Bin%2Bthe%2Bpreservation%2Bof%2Bour%2Blocal%2Bhistory%2Band%2Bcollections,%2Bincluding%2Btranscriptionists,%2Bpreservationists,%2Bdigitizers,%2Band%2Borganization%25C2%25A0projects.%26location%3D2525%2BOakley%2BSeaver%2BDr,%2BClermont,%2BFL,%2B34711,%2BUnited%2BStates%26trp%3Dfalse%26sprop%3Dhttps://wordpress-810691-5571285.cloudwaysapps.com/events/preserving-local-history-2026-03-18/%26sprop%3Dname:Pastfinders%26ctz%3DAmerica/New_York&followup=https://calendar.google.com/calendar/event?action%3DTEMPLATE%26text%3DPreserving%2BLocal%2BHistory%26dates%3D20260318T100000/20260318T120000%26details%3DHelp%2Bin%2Bthe%2Bpreservation%2Bof%2Bour%2Blocal%2Bhistory%2Band%2Bcollections,%2Bincluding%2Btranscriptionists,%2Bpreservationists,%2Bdigitizers,%2Band%2Borganization%25C2%25A0projects.%26location%3D2525%2BOakley%2BSeaver%2BDr,%2BClermont,%2BFL,%2B34711,%2BUnited%2BStates%26trp%3Dfalse%26sprop%3Dhttps://wordpress-810691-5571285.cloudwaysapps.com/events/preserving-local-history-2026-03-18/%26sprop%3Dname:Pastfinders%26ctz%3DAmerica/New_York&emr=1 HTTP/1.1" 302 0
DEBUG:urllib3.connectionpool:https://accounts.google.com:443 "GET /InteractiveLogin?continue=https://calendar.google.com/calendar/event?action%3DTEMPLATE%26text%3DPreserving%2BLocal%2BHistory%26dates%3D20260318T100000/20260318T120000%26details%3DHelp%2Bin%2Bthe%2Bpreservation%2Bof%2Bour%2Blocal%2Bhistory%2Band%2Bcollections,%2Bincluding%2Btranscriptionists,%2Bpreservationists,%2Bdigitizers,%2Band%2Borganization%25C2%25A0projects.%26location%3D2525%2BOakley%2BSeaver%2BDr,%2BClermont,%2BFL,%2B34711,%2BUnited%2BStates%26trp%3Dfalse%26sprop%3Dhttps://wordpress-810691-5571285.cloudwaysapps.com/events/preserving-local-history-2026-03-18/%26sprop%3Dname:Pastfinders%26ctz%3DAmerica/New_York&emr=1&followup=https://calendar.google.com/calendar/event?action%3DTEMPLATE%26text%3DPreserving%2BLocal%2BHistory%26dates%3D20260318T100000/20260318T120000%26details%3DHelp%2Bin%2Bthe%2Bpreservation%2Bof%2Bour%2Blocal%2Bhistory%2Band%2Bcollections,%2Bincluding%2Btranscriptionists,%2Bpreservationists,%2Bdigitizers,%2Band%2Borganization%25C2%25A0projects.%26location%3D2525%2BOakley%2BSeaver%2BDr,%2BClermont,%2BFL,%2B34711,%2BUnited%2BStates%26trp%3Dfalse%26sprop%3Dhttps://wordpress-810691-5571285.cloudwaysapps.com/events/preserving-local-history-2026-03-18/%26sprop%3Dname:Pastfinders%26ctz%3DAmerica/New_York&osid=1&passive=1209600&service=cl&ifkv=AdBytiPrfLYs3P6yXCO0y1G07xV8Bzx6qmj4TJCvYqlre6MZDP4Oc0RfZ-9-SskYCdjI4s8mPk81hg HTTP/1.1" 302 None
DEBUG:urllib3.connectionpool:https://accounts.google.com:443 "GET /ServiceLogin?service=cl&passive=1209600&osid=1&continue=https://calendar.google.com/calendar/event?action%3DTEMPLATE%26text%3DFamily%2BBook%2BCreator%2BSpecial%2BInterest%2BGroup%2B(SIG)%26dates%3D20260928T190000/20260928T200000%26details%3DThis%2Bgroup%2Bgrew%2Bout%2Bof%2Bour%2Boriginal%2BFBC%2BStudy%2BGroup,%2Ba%2Bjoint%2Beffort%2Bbetween%2BPastfinders%2Band%2BKinseekers.%2BFor%2Bnow,%2Bmembership%2Bis%2Blimited%2Bto%2Bparticipants%2Bof%2Bthat%2Boriginal%2Bgroup,%2Bbut%2Bwe%2Bhope%2Bto%2Bwelcome%2Bmore%2Bmembers%2Bin%2Bthe%2Bfuture.%26location%26trp%3Dfalse%26sprop%3Dhttps://wordpress-810691-5571285.cloudwaysapps.com/events/family-book-creator-special-interest-group-sig-2026-09-28/%26sprop%3Dname:Pastfinders%26ctz%3DAmerica/New_York&followup=https://calendar.google.com/calendar/event?action%3DTEMPLATE%26text%3DFamily%2BBook%2BCreator%2BSpecial%2BInterest%2BGroup%2B(SIG)%26dates%3D20260928T190000/20260928T200000%26details%3DThis%2Bgroup%2Bgrew%2Bout%2Bof%2Bour%2Boriginal%2BFBC%2BStudy%2BGroup,%2Ba%2Bjoint%2Beffort%2Bbetween%2BPastfinders%2Band%2BKinseekers.%2BFor%2Bnow,%2Bmembership%2Bis%2Blimited%2Bto%2Bparticipants%2Bof%2Bthat%2Boriginal%2Bgroup,%2Bbut%2Bwe%2Bhope%2Bto%2Bwelcome%2Bmore%2Bmembers%2Bin%2Bthe%2Bfuture.%26location%26trp%3Dfalse%26sprop%3Dhttps://wordpress-810691-5571285.cloudwaysapps.com/events/family-book-creator-special-interest-group-sig-2026-09-28/%26sprop%3Dname:Pastfinders%26ctz%3DAmerica/New_York&emr=1 HTTP/1.1" 302 0
DEBUG:urllib3.connectionpool:https://accounts.google.com:443 "GET /ServiceLogin?service=cl&passive=1209600&osid=1&continue=https://calendar.google.com/calendar/event?action%3DTEMPLATE%26text%3DResearch%2BAssistance%26dates%3D20260114T130000/20260114T150000%26details%3DJoin%2Bus%2Bweekly%2Bin%2Bthe%2BGenealogy%2BRoom%2Bfor%2Bin-person%2Bhelp%2Bwith%2Byour%2Bresearch.%2BIt%25E2%2580%2599s%2Ba%2Bgreat%2Bchance%2Bto%2Bget%2Bone-on-one%2Bguidance,%2Bask%2Bquestions,%2Band%2Bconnect%2Bwith%2Bothers%2Bwho%2Bshare%2Byour%2Bpassion%2Bfor%2Bfamily%2Bhistory.%26location%3D2525%2BOakley%2BSeaver%2BDr,%2BClermont,%2BFL,%2B34711,%2BUnited%2BStates%26trp%3Dfalse%26sprop%3Dhttps://wordpress-810691-5571285.cloudwaysapps.com/events/research-assistance-2025-08-27-2025-09-03-2025-09-10-2025-09-17-2025-09-24-2025-10-01-2025-10-08-2025-10-15-2025-10-22-2025-10-29-2025-11-05-2025-11-12-2025-11-19-2025-11-26-2025-12-03-2-07-2026-01-14/%26sprop%3Dname:Pastfinders%26ctz%3DAmerica/New_York&followup=https://calendar.google.com/calendar/event?action%3DTEMPLATE%26text%3DResearch%2BAssistance%26dates%3D20260114T130000/20260114T150000%26details%3DJoin%2Bus%2Bweekly%2Bin%2Bthe%2BGenealogy%2BRoom%2Bfor%2Bin-person%2Bhelp%2Bwith%2Byour%2Bresearch.%2BIt%25E2%2580%2599s%2Ba%2Bgreat%2Bchance%2Bto%2Bget%2Bone-on-one%2Bguidance,%2Bask%2Bquestions,%2Band%2Bconnect%2Bwith%2Bothers%2Bwho%2Bshare%2Byour%2Bpassion%2Bfor%2Bfamily%2Bhistory.%26location%3D2525%2BOakley%2BSeaver%2BDr,%2BClermont,%2BFL,%2B34711,%2BUnited%2BStates%26trp%3Dfalse%26sprop%3Dhttps://wordpress-810691-5571285.cloudwaysapps.com/events/research-assistance-2025-08-27-2025-09-03-2025-09-10-2025-09-17-2025-09-24-2025-10-01-2025-10-08-2025-10-15-2025-10-22-2025-10-29-2025-11-05-2025-11-12-2025-11-19-2025-11-26-2025-12-03-2-07-2026-01-14/%26sprop%3Dname:Pastfinders%26ctz%3DAmerica/New_York&emr=1 HTTP/1.1" 302 0
DEBUG:urllib3.connectionpool:https://accounts.google.com:443 "GET /InteractiveLogin?continue=https://calendar.google.com/calendar/event?action%3DTEMPLATE%26text%3DFamily%2BBook%2BCreator%2BSpecial%2BInterest%2BGroup%2B(SIG)%26dates%3D20260928T190000/20260928T200000%26details%3DThis%2Bgroup%2Bgrew%2Bout%2Bof%2Bour%2Boriginal%2BFBC%2BStudy%2BGroup,%2Ba%2Bjoint%2Beffort%2Bbetween%2BPastfinders%2Band%2BKinseekers.%2BFor%2Bnow,%2Bmembership%2Bis%2Blimited%2Bto%2Bparticipants%2Bof%2Bthat%2Boriginal%2Bgroup,%2Bbut%2Bwe%2Bhope%2Bto%2Bwelcome%2Bmore%2Bmembers%2Bin%2Bthe%2Bfuture.%26location%26trp%3Dfalse%26sprop%3Dhttps://wordpress-810691-5571285.cloudwaysapps.com/events/family-book-creator-special-interest-group-sig-2026-09-28/%26sprop%3Dname:Pastfinders%26ctz%3DAmerica/New_York&emr=1&followup=https://calendar.google.com/calendar/event?action%3DTEMPLATE%26text%3DFamily%2BBook%2BCreator%2BSpecial%2BInterest%2BGroup%2B(SIG)%26dates%3D20260928T190000/20260928T200000%26details%3DThis%2Bgroup%2Bgrew%2Bout%2Bof%2Bour%2Boriginal%2BFBC%2BStudy%2BGroup,%2Ba%2Bjoint%2Beffort%2Bbetween%2BPastfinders%2Band%2BKinseekers.%2BFor%2Bnow,%2Bmembership%2Bis%2Blimited%2Bto%2Bparticipants%2Bof%2Bthat%2Boriginal%2Bgroup,%2Bbut%2Bwe%2Bhope%2Bto%2Bwelcome%2Bmore%2Bmembers%2Bin%2Bthe%2Bfuture.%26location%26trp%3Dfalse%26sprop%3Dhttps://wordpress-810691-5571285.cloudwaysapps.com/events/family-book-creator-special-interest-group-sig-2026-09-28/%26sprop%3Dname:Pastfinders%26ctz%3DAmerica/New_York&osid=1&passive=1209600&service=cl&ifkv=AdBytiOK2yg1vbaYXmoiss2pcPNI794uQhLxF9M7h4kiURf-oSbYGZvsBM-3f_CHpQqPgj2iWgtDtw HTTP/1.1" 302 None
DEBUG:urllib3.connectionpool:https://accounts.google.com:443 "GET /InteractiveLogin?continue=https://calendar.google.com/calendar/event?action%3DTEMPLATE%26text%3DResearch%2BAssistance%26dates%3D20260114T130000/20260114T150000%26details%3DJoin%2Bus%2Bweekly%2Bin%2Bthe%2BGenealogy%2BRoom%2Bfor%2Bin-person%2Bhelp%2Bwith%2Byour%2Bresearch.%2BIt%25E2%2580%2599s%2Ba%2Bgreat%2Bchance%2Bto%2Bget%2Bone-on-one%2Bguidance,%2Bask%2Bquestions,%2Band%2Bconnect%2Bwith%2Bothers%2Bwho%2Bshare%2Byour%2Bpassion%2Bfor%2Bfamily%2Bhistory.%26location%3D2525%2BOakley%2BSeaver%2BDr,%2BClermont,%2BFL,%2B34711,%2BUnited%2BStates%26trp%3Dfalse%26sprop%3Dhttps://wordpress-810691-5571285.cloudwaysapps.com/events/research-assistance-2025-08-27-2025-09-03-2025-09-10-2025-09-17-2025-09-24-2025-10-01-2025-10-08-2025-10-15-2025-10-22-2025-10-29-2025-11-05-2025-11-12-2025-11-19-2025-11-26-2025-12-03-2-07-2026-01-14/%26sprop%3Dname:Pastfinders%26ctz%3DAmerica/New_York&emr=1&followup=https://calendar.google.com/calendar/event?action%3DTEMPLATE%26text%3DResearch%2BAssistance%26dates%3D20260114T130000/20260114T150000%26details%3DJoin%2Bus%2Bweekly%2Bin%2Bthe%2BGenealogy%2BRoom%2Bfor%2Bin-person%2Bhelp%2Bwith%2Byour%2Bresearch.%2BIt%25E2%2580%2599s%2Ba%2Bgreat%2Bchance%2Bto%2Bget%2Bone-on-one%2Bguidance,%2Bask%2Bquestions,%2Band%2Bconnect%2Bwith%2Bothers%2Bwho%2Bshare%2Byour%2Bpassion%2Bfor%2Bfamily%2Bhistory.%26location%3D2525%2BOakley%2BSeaver%2BDr,%2BClermont,%2BFL,%2B34711,%2BUnited%2BStates%26trp%3Dfalse%26sprop%3Dhttps://wordpress-810691-5571285.cloudwaysapps.com/events/research-assistance-2025-08-27-2025-09-03-2025-09-10-2025-09-17-2025-09-24-2025-10-01-2025-10-08-2025-10-15-2025-10-22-2025-10-29-2025-11-05-2025-11-12-2025-11-19-2025-11-26-2025-12-03-2-07-2026-01-14/%26sprop%3Dname:Pastfinders%26ctz%3DAmerica/New_York&osid=1&passive=1209600&service=cl&ifkv=AdBytiM6A0iySwkaolp3wucMH_d4i039KUxEuKH7GLRDXI27lJBj0oCwshH-9kFVCH0t7n9-XiSmSQ HTTP/1.1" 302 None
DEBUG:urllib3.connectionpool:https://accounts.google.com:443 "GET /v3/signin/identifier?continue=https%3A%2F%2Fcalendar.google.com%2Fcalendar%2Fevent%3Faction%3DTEMPLATE%26text%3DPreserving%2BLocal%2BHistory%26dates%3D20260318T100000%2F20260318T120000%26details%3DHelp%2Bin%2Bthe%2Bpreservation%2Bof%2Bour%2Blocal%2Bhistory%2Band%2Bcollections%2C%2Bincluding%2Btranscriptionists%2C%2Bpreservationists%2C%2Bdigitizers%2C%2Band%2Borganization%25C2%25A0projects.%26location%3D2525%2BOakley%2BSeaver%2BDr%2C%2BClermont%2C%2BFL%2C%2B34711%2C%2BUnited%2BStates%26trp%3Dfalse%26sprop%3Dhttps%3A%2F%2Fwordpress-810691-5571285.cloudwaysapps.com%2Fevents%2Fpreserving-local-history-2026-03-18%2F%26sprop%3Dname%3APastfinders%26ctz%3DAmerica%2FNew_York&emr=1&followup=https%3A%2F%2Fcalendar.google.com%2Fcalendar%2Fevent%3Faction%3DTEMPLATE%26text%3DPreserving%2BLocal%2BHistory%26dates%3D20260318T100000%2F20260318T120000%26details%3DHelp%2Bin%2Bthe%2Bpreservation%2Bof%2Bour%2Blocal%2Bhistory%2Band%2Bcollections%2C%2Bincluding%2Btranscriptionists%2C%2Bpreservationists%2C%2Bdigitizers%2C%2Band%2Borganization%25C2%25A0projects.%26location%3D2525%2BOakley%2BSeaver%2BDr%2C%2BClermont%2C%2BFL%2C%2B34711%2C%2BUnited%2BStates%26trp%3Dfalse%26sprop%3Dhttps%3A%2F%2Fwordpress-810691-5571285.cloudwaysapps.com%2Fevents%2Fpreserving-local-history-2026-03-18%2F%26sprop%3Dname%3APastfinders%26ctz%3DAmerica%2FNew_York&ifkv=AdBytiPEGyrp0zWrjzMPaXQBR3mxqd3JHim5OmsdGFvEOJ7tkYDIGvqMdmoZIae5xuXdjGkzjoslAw&osid=1&passive=1209600&service=cl&flowName=WebLiteSignIn&flowEntry=ServiceLogin&dsh=S554166296%3A1756758275904861 HTTP/1.1" 200 None
DEBUG:urllib3.connectionpool:https://accounts.google.com:443 "GET /v3/signin/identifier?continue=https%3A%2F%2Fcalendar.google.com%2Fcalendar%2Fevent%3Faction%3DTEMPLATE%26text%3DFamily%2BBook%2BCreator%2BSpecial%2BInterest%2BGroup%2B%28SIG%29%26dates%3D20260928T190000%2F20260928T200000%26details%3DThis%2Bgroup%2Bgrew%2Bout%2Bof%2Bour%2Boriginal%2BFBC%2BStudy%2BGroup%2C%2Ba%2Bjoint%2Beffort%2Bbetween%2BPastfinders%2Band%2BKinseekers.%2BFor%2Bnow%2C%2Bmembership%2Bis%2Blimited%2Bto%2Bparticipants%2Bof%2Bthat%2Boriginal%2Bgroup%2C%2Bbut%2Bwe%2Bhope%2Bto%2Bwelcome%2Bmore%2Bmembers%2Bin%2Bthe%2Bfuture.%26location%26trp%3Dfalse%26sprop%3Dhttps%3A%2F%2Fwordpress-810691-5571285.cloudwaysapps.com%2Fevents%2Ffamily-book-creator-special-interest-group-sig-2026-09-28%2F%26sprop%3Dname%3APastfinders%26ctz%3DAmerica%2FNew_York&emr=1&followup=https%3A%2F%2Fcalendar.google.com%2Fcalendar%2Fevent%3Faction%3DTEMPLATE%26text%3DFamily%2BBook%2BCreator%2BSpecial%2BInterest%2BGroup%2B%28SIG%29%26dates%3D20260928T190000%2F20260928T200000%26details%3DThis%2Bgroup%2Bgrew%2Bout%2Bof%2Bour%2Boriginal%2BFBC%2BStudy%2BGroup%2C%2Ba%2Bjoint%2Beffort%2Bbetween%2BPastfinders%2Band%2BKinseekers.%2BFor%2Bnow%2C%2Bmembership%2Bis%2Blimited%2Bto%2Bparticipants%2Bof%2Bthat%2Boriginal%2Bgroup%2C%2Bbut%2Bwe%2Bhope%2Bto%2Bwelcome%2Bmore%2Bmembers%2Bin%2Bthe%2Bfuture.%26location%26trp%3Dfalse%26sprop%3Dhttps%3A%2F%2Fwordpress-810691-5571285.cloudwaysapps.com%2Fevents%2Ffamily-book-creator-special-interest-group-sig-2026-09-28%2F%26sprop%3Dname%3APastfinders%26ctz%3DAmerica%2FNew_York&ifkv=AdBytiPeI3LsNVTTiaS_OnhFKegNJzMtghUVzGMR0u4Y4AGisk_It3E5gY-VpFPBFKB3eDNiGVAtxA&osid=1&passive=1209600&service=cl&flowName=WebLiteSignIn&flowEntry=ServiceLogin&dsh=S923618489%3A1756758275966410 HTTP/1.1" 200 None
DEBUG:urllib3.connectionpool:https://accounts.google.com:443 "GET /v3/signin/identifier?continue=https%3A%2F%2Fcalendar.google.com%2Fcalendar%2Fevent%3Faction%3DTEMPLATE%26text%3DResearch%2BAssistance%26dates%3D20260114T130000%2F20260114T150000%26details%3DJoin%2Bus%2Bweekly%2Bin%2Bthe%2BGenealogy%2BRoom%2Bfor%2Bin-person%2Bhelp%2Bwith%2Byour%2Bresearch.%2BIt%25E2%2580%2599s%2Ba%2Bgreat%2Bchance%2Bto%2Bget%2Bone-on-one%2Bguidance%2C%2Bask%2Bquestions%2C%2Band%2Bconnect%2Bwith%2Bothers%2Bwho%2Bshare%2Byour%2Bpassion%2Bfor%2Bfamily%2Bhistory.%26location%3D2525%2BOakley%2BSeaver%2BDr%2C%2BClermont%2C%2BFL%2C%2B34711%2C%2BUnited%2BStates%26trp%3Dfalse%26sprop%3Dhttps%3A%2F%2Fwordpress-810691-5571285.cloudwaysapps.com%2Fevents%2Fresearch-assistance-2025-08-27-2025-09-03-2025-09-10-2025-09-17-2025-09-24-2025-10-01-2025-10-08-2025-10-15-2025-10-22-2025-10-29-2025-11-05-2025-11-12-2025-11-19-2025-11-26-2025-12-03-2-07-2026-01-14%2F%26sprop%3Dname%3APastfinders%26ctz%3DAmerica%2FNew_York&emr=1&followup=https%3A%2F%2Fcalendar.google.com%2Fcalendar%2Fevent%3Faction%3DTEMPLATE%26text%3DResearch%2BAssistance%26dates%3D20260114T130000%2F20260114T150000%26details%3DJoin%2Bus%2Bweekly%2Bin%2Bthe%2BGenealogy%2BRoom%2Bfor%2Bin-person%2Bhelp%2Bwith%2Byour%2Bresearch.%2BIt%25E2%2580%2599s%2Ba%2Bgreat%2Bchance%2Bto%2Bget%2Bone-on-one%2Bguidance%2C%2Bask%2Bquestions%2C%2Band%2Bconnect%2Bwith%2Bothers%2Bwho%2Bshare%2Byour%2Bpassion%2Bfor%2Bfamily%2Bhistory.%26location%3D2525%2BOakley%2BSeaver%2BDr%2C%2BClermont%2C%2BFL%2C%2B34711%2C%2BUnited%2BStates%26trp%3Dfalse%26sprop%3Dhttps%3A%2F%2Fwordpress-810691-5571285.cloudwaysapps.com%2Fevents%2Fresearch-assistance-2025-08-27-2025-09-03-2025-09-10-2025-09-17-2025-09-24-2025-10-01-2025-10-08-2025-10-15-2025-10-22-2025-10-29-2025-11-05-2025-11-12-2025-11-19-2025-11-26-2025-12-03-2-07-2026-01-14%2F%26sprop%3Dname%3APastfinders%26ctz%3DAmerica%2FNew_York&ifkv=AdBytiO6OowxaMZY_ZW_Mnm_nN4L0mCjq82EEDbUlKwlTKwIwTIotCIc9iAEG8TOW_S0dztGViuvnw&osid=1&passive=1209600&service=cl&flowName=WebLiteSignIn&flowEntry=ServiceLogin&dsh=S187542605%3A1756758275964513 HTTP/1.1" 200 None
DEBUG:root:✅ Hyperlink OK: https://www.google.com/calendar/event?action=TEMPLATE&text=Preserving+Local+History&dates=20260318T100000/20260318T120000&details=Help+in+the+preservation+of+our+local+history+and+collections%2C+including+transcriptionists%2C+preservationists%2C+digitizers%2C+and+organization%C2%A0projects.&location=2525+Oakley+Seaver+Dr%2C+Clermont%2C+FL%2C+34711%2C+United+States&trp=false&sprop=https%3A%2F%2Fwordpress-810691-5571285.cloudwaysapps.com%2Fevents%2Fpreserving-local-history-2026-03-18%2F&sprop=name:Pastfinders&ctz=America%2FNew_York
DEBUG:root:Checking external hyperlink: https://outlook.office.com/calendar/0/deeplink/compose?allday=false&body=Help+in+the+preservation+of+our+local+history+and+collections%2C+including+transcriptionists%2C+preservationists%2C+digitizers%2C+and+organization%C2%A0projects.&location=2525+Oakley+Seaver+Dr%2C+Clermont%2C+FL%2C+34711%2C+United+States&path=/calendar/action/compose&rru=addevent&startdt=2026-03-18T10%3A00%3A00-04%3A00&enddt=2026-03-18T12%3A00%3A00-04%3A00&subject=Preserving+Local+History
DEBUG:urllib3.connectionpool:Starting new HTTPS connection (1): outlook.office.com:443
DEBUG:root:✅ Hyperlink OK: https://www.google.com/calendar/event?action=TEMPLATE&text=Family+Book+Creator+Special+Interest+Group+%28SIG%29&dates=20260928T190000/20260928T200000&details=This+group+grew+out+of+our+original+FBC+Study+Group%2C+a+joint+effort+between+Pastfinders+and+Kinseekers.+For+now%2C+membership+is+limited+to+participants+of+that+original+group%2C+but+we+hope+to+welcome+more+members+in+the+future.&location=&trp=false&sprop=https%3A%2F%2Fwordpress-810691-5571285.cloudwaysapps.com%2Fevents%2Ffamily-book-creator-special-interest-group-sig-2026-09-28%2F&sprop=name:Pastfinders&ctz=America%2FNew_York
DEBUG:root:Checking external hyperlink: https://outlook.office.com/calendar/0/deeplink/compose?allday=false&body=This+group+grew+out+of+our+original+FBC+Study+Group%2C+a+joint+effort+between+Pastfinders+and+Kinseekers.+For+now%2C+membership+is+limited+to+participants+of+that+original+group%2C+but+we+hope+to+welcome+more+members+in+the+future.&location=&path=/calendar/action/compose&rru=addevent&startdt=2026-09-28T19%3A00%3A00-04%3A00&enddt=2026-09-28T20%3A00%3A00-04%3A00&subject=Family+Book+Creator+Special+Interest+Group+%28SIG%29
DEBUG:urllib3.connectionpool:https://wordpress-810691-5571285.cloudwaysapps.com:443 "GET /wp-content/uploads/2025/08/IMG_008_3_1566943222-429x1024.webp HTTP/1.1" 200 84628
DEBUG:urllib3.connectionpool:Starting new HTTPS connection (1): outlook.office.com:443
DEBUG:root:✅ Hyperlink OK: https://www.google.com/calendar/event?action=TEMPLATE&text=Research+Assistance&dates=20260114T130000/20260114T150000&details=Join+us+weekly+in+the+Genealogy+Room+for+in-person+help+with+your+research.+It%E2%80%99s+a+great+chance+to+get+one-on-one+guidance%2C+ask+questions%2C+and+connect+with+others+who+share+your+passion+for+family+history.&location=2525+Oakley+Seaver+Dr%2C+Clermont%2C+FL%2C+34711%2C+United+States&trp=false&sprop=https%3A%2F%2Fwordpress-810691-5571285.cloudwaysapps.com%2Fevents%2Fresearch-assistance-2025-08-27-2025-09-03-2025-09-10-2025-09-17-2025-09-24-2025-10-01-2025-10-08-2025-10-15-2025-10-22-2025-10-29-2025-11-05-2025-11-12-2025-11-19-2025-11-26-2025-12-03-2-07-2026-01-14%2F&sprop=name:Pastfinders&ctz=America%2FNew_York
DEBUG:root:Checking external hyperlink: https://outlook.office.com/calendar/0/deeplink/compose?allday=false&body=Join+us+weekly+in+the+Genealogy+Room+for+in-person+help+with+your+research.+It%E2%80%99s+a+great+chance+to+get+one-on-one+guidance%2C+ask+questions%2C+and+connect+with+others+who+share+your+passion+for+family+history.&location=2525+Oakley+Seaver+Dr%2C+Clermont%2C+FL%2C+34711%2C+United+States&path=/calendar/action/compose&rru=addevent&startdt=2026-01-14T13%3A00%3A00-05%3A00&enddt=2026-01-14T15%3A00%3A00-05%3A00&subject=Research+Assistance
DEBUG:urllib3.connectionpool:Starting new HTTPS connection (1): outlook.office.com:443
DEBUG:root:✅ Image OK: https://wordpress-810691-5571285.cloudwaysapps.com/wp-content/uploads/2025/08/IMG_008_3_1566943222-429x1024.webp
DEBUG:root:Checking internal image: https://wordpress-810691-5571285.cloudwaysapps.com/wp-content/uploads/2025/08/IMG_0009_6_1566943226-1000x1024.webp
DEBUG:urllib3.connectionpool:Starting new HTTPS connection (1): wordpress-810691-5571285.cloudwaysapps.com:443
DEBUG:urllib3.connectionpool:https://outlook.office.com:443 "GET /calendar/0/deeplink/compose?allday=false&body=Help+in+the+preservation+of+our+local+history+and+collections%2C+including+transcriptionists%2C+preservationists%2C+digitizers%2C+and+organization%C2%A0projects.&location=2525+Oakley+Seaver+Dr%2C+Clermont%2C+FL%2C+34711%2C+United+States&path=/calendar/action/compose&rru=addevent&startdt=2026-03-18T10%3A00%3A00-04%3A00&enddt=2026-03-18T12%3A00%3A00-04%3A00&subject=Preserving+Local+History HTTP/1.1" 200 None
DEBUG:root:✅ Hyperlink OK: https://outlook.office.com/calendar/0/deeplink/compose?allday=false&body=Help+in+the+preservation+of+our+local+history+and+collections%2C+including+transcriptionists%2C+preservationists%2C+digitizers%2C+and+organization%C2%A0projects.&location=2525+Oakley+Seaver+Dr%2C+Clermont%2C+FL%2C+34711%2C+United+States&path=/calendar/action/compose&rru=addevent&startdt=2026-03-18T10%3A00%3A00-04%3A00&enddt=2026-03-18T12%3A00%3A00-04%3A00&subject=Preserving+Local+History
DEBUG:root:Checking external hyperlink: https://outlook.live.com/calendar/0/deeplink/compose?allday=false&body=Help+in+the+preservation+of+our+local+history+and+collections%2C+including+transcriptionists%2C+preservationists%2C+digitizers%2C+and+organization%C2%A0projects.&location=2525+Oakley+Seaver+Dr%2C+Clermont%2C+FL%2C+34711%2C+United+States&path=/calendar/action/compose&rru=addevent&startdt=2026-03-18T10%3A00%3A00-04%3A00&enddt=2026-03-18T12%3A00%3A00-04%3A00&subject=Preserving+Local+History
DEBUG:urllib3.connectionpool:https://outlook.office.com:443 "GET /calendar/0/deeplink/compose?allday=false&body=Join+us+weekly+in+the+Genealogy+Room+for+in-person+help+with+your+research.+It%E2%80%99s+a+great+chance+to+get+one-on-one+guidance%2C+ask+questions%2C+and+connect+with+others+who+share+your+passion+for+family+history.&location=2525+Oakley+Seaver+Dr%2C+Clermont%2C+FL%2C+34711%2C+United+States&path=/calendar/action/compose&rru=addevent&startdt=2026-01-14T13%3A00%3A00-05%3A00&enddt=2026-01-14T15%3A00%3A00-05%3A00&subject=Research+Assistance HTTP/1.1" 200 None
DEBUG:urllib3.connectionpool:Starting new HTTPS connection (1): outlook.live.com:443
DEBUG:root:✅ Hyperlink OK: https://outlook.office.com/calendar/0/deeplink/compose?allday=false&body=Join+us+weekly+in+the+Genealogy+Room+for+in-person+help+with+your+research.+It%E2%80%99s+a+great+chance+to+get+one-on-one+guidance%2C+ask+questions%2C+and+connect+with+others+who+share+your+passion+for+family+history.&location=2525+Oakley+Seaver+Dr%2C+Clermont%2C+FL%2C+34711%2C+United+States&path=/calendar/action/compose&rru=addevent&startdt=2026-01-14T13%3A00%3A00-05%3A00&enddt=2026-01-14T15%3A00%3A00-05%3A00&subject=Research+Assistance
DEBUG:root:Checking external hyperlink: https://outlook.live.com/calendar/0/deeplink/compose?allday=false&body=Join+us+weekly+in+the+Genealogy+Room+for+in-person+help+with+your+research.+It%E2%80%99s+a+great+chance+to+get+one-on-one+guidance%2C+ask+questions%2C+and+connect+with+others+who+share+your+passion+for+family+history.&location=2525+Oakley+Seaver+Dr%2C+Clermont%2C+FL%2C+34711%2C+United+States&path=/calendar/action/compose&rru=addevent&startdt=2026-01-14T13%3A00%3A00-05%3A00&enddt=2026-01-14T15%3A00%3A00-05%3A00&subject=Research+Assistance
DEBUG:urllib3.connectionpool:Starting new HTTPS connection (1): outlook.live.com:443
DEBUG:urllib3.connectionpool:https://outlook.office.com:443 "GET /calendar/0/deeplink/compose?allday=false&body=This+group+grew+out+of+our+original+FBC+Study+Group%2C+a+joint+effort+between+Pastfinders+and+Kinseekers.+For+now%2C+membership+is+limited+to+participants+of+that+original+group%2C+but+we+hope+to+welcome+more+members+in+the+future.&location=&path=/calendar/action/compose&rru=addevent&startdt=2026-09-28T19%3A00%3A00-04%3A00&enddt=2026-09-28T20%3A00%3A00-04%3A00&subject=Family+Book+Creator+Special+Interest+Group+%28SIG%29 HTTP/1.1" 200 None
DEBUG:root:✅ Hyperlink OK: https://outlook.office.com/calendar/0/deeplink/compose?allday=false&body=This+group+grew+out+of+our+original+FBC+Study+Group%2C+a+joint+effort+between+Pastfinders+and+Kinseekers.+For+now%2C+membership+is+limited+to+participants+of+that+original+group%2C+but+we+hope+to+welcome+more+members+in+the+future.&location=&path=/calendar/action/compose&rru=addevent&startdt=2026-09-28T19%3A00%3A00-04%3A00&enddt=2026-09-28T20%3A00%3A00-04%3A00&subject=Family+Book+Creator+Special+Interest+Group+%28SIG%29
DEBUG:root:Checking external hyperlink: https://outlook.live.com/calendar/0/deeplink/compose?allday=false&body=This+group+grew+out+of+our+original+FBC+Study+Group%2C+a+joint+effort+between+Pastfinders+and+Kinseekers.+For+now%2C+membership+is+limited+to+participants+of+that+original+group%2C+but+we+hope+to+welcome+more+members+in+the+future.&location=&path=/calendar/action/compose&rru=addevent&startdt=2026-09-28T19%3A00%3A00-04%3A00&enddt=2026-09-28T20%3A00%3A00-04%3A00&subject=Family+Book+Creator+Special+Interest+Group+%28SIG%29
DEBUG:urllib3.connectionpool:Starting new HTTPS connection (1): outlook.live.com:443
DEBUG:urllib3.connectionpool:https://wordpress-810691-5571285.cloudwaysapps.com:443 "GET /wp-content/uploads/2025/08/IMG_0009_6_1566943226-1000x1024.webp HTTP/1.1" 200 190776
DEBUG:urllib3.connectionpool:https://outlook.live.com:443 "GET /calendar/0/deeplink/compose?allday=false&body=Join+us+weekly+in+the+Genealogy+Room+for+in-person+help+with+your+research.+It%E2%80%99s+a+great+chance+to+get+one-on-one+guidance%2C+ask+questions%2C+and+connect+with+others+who+share+your+passion+for+family+history.&location=2525+Oakley+Seaver+Dr%2C+Clermont%2C+FL%2C+34711%2C+United+States&path=/calendar/action/compose&rru=addevent&startdt=2026-01-14T13%3A00%3A00-05%3A00&enddt=2026-01-14T15%3A00%3A00-05%3A00&subject=Research+Assistance HTTP/1.1" 200 None
DEBUG:root:✅ Hyperlink OK: https://outlook.live.com/calendar/0/deeplink/compose?allday=false&body=Join+us+weekly+in+the+Genealogy+Room+for+in-person+help+with+your+research.+It%E2%80%99s+a+great+chance+to+get+one-on-one+guidance%2C+ask+questions%2C+and+connect+with+others+who+share+your+passion+for+family+history.&location=2525+Oakley+Seaver+Dr%2C+Clermont%2C+FL%2C+34711%2C+United+States&path=/calendar/action/compose&rru=addevent&startdt=2026-01-14T13%3A00%3A00-05%3A00&enddt=2026-01-14T15%3A00%3A00-05%3A00&subject=Research+Assistance
DEBUG:root:Using regex pattern: \b[a-zA-Z]{3,}\b
DEBUG:root:Found 58 words to check in https://wordpress-810691-5571285.cloudwaysapps.com/events/research-assistance-2025-08-27-2025-09-03-2025-09-10-2025-09-17-2025-09-24-2025-10-01-2025-10-08-2025-10-15-2025-10-22-2025-10-29-2025-11-05-2025-11-12-2025-11-19-2025-11-26-2025-12-03-2-07-2026-01-14/ (min_length=3)
DEBUG:root:Sample words from https://wordpress-810691-5571285.cloudwaysapps.com/events/research-assistance-2025-08-27-2025-09-03-2025-09-10-2025-09-17-2025-09-24-2025-10-01-2025-10-08-2025-10-15-2025-10-22-2025-10-29-2025-11-05-2025-11-12-2025-11-19-2025-11-26-2025-12-03-2-07-2026-01-14/: ['This', 'alert', 'Skip', 'content', 'Research', 'Assistance', 'When', 'January', 'Add', 'Calendar']
DEBUG:root:Spell check results for https://wordpress-810691-5571285.cloudwaysapps.com/events/research-assistance-2025-08-27-2025-09-03-2025-09-10-2025-09-17-2025-09-24-2025-10-01-2025-10-08-2025-10-15-2025-10-22-2025-10-29-2025-11-05-2025-11-12-2025-11-19-2025-11-26-2025-12-03-2-07-2026-01-14/: 30 words checked, 28 skipped, 0 errors found
INFO:root:✅ Processed https://wordpress-810691-5571285.cloudwaysapps.com/events/research-assistance-2025-08-27-2025-09-03-2025-09-10-2025-09-17-2025-09-24-2025-10-01-2025-10-08-2025-10-15-2025-10-22-2025-10-29-2025-11-05-2025-11-12-2025-11-19-2025-11-26-2025-12-03-2-07-2026-01-14/: 0 errors found, 85 words checked
DEBUG:root:Attempting to fetch: https://wordpress-810691-5571285.cloudwaysapps.com/members-only/
Processing pages:  72%|███████▏  | 274/381 [02:32<01:02,  1.70it/s]DEBUG:root:✅ Image OK: https://wordpress-810691-5571285.cloudwaysapps.com/wp-content/uploads/2025/08/IMG_0009_6_1566943226-1000x1024.webp
DEBUG:root:Checking internal image: https://wordpress-810691-5571285.cloudwaysapps.com/wp-content/uploads/2025/08/IMG_0014_8_1566943222-1024x676.webp
DEBUG:urllib3.connectionpool:Starting new HTTPS connection (1): wordpress-810691-5571285.cloudwaysapps.com:443
DEBUG:urllib3.connectionpool:https://outlook.live.com:443 "GET /calendar/0/deeplink/compose?allday=false&body=Help+in+the+preservation+of+our+local+history+and+collections%2C+including+transcriptionists%2C+preservationists%2C+digitizers%2C+and+organization%C2%A0projects.&location=2525+Oakley+Seaver+Dr%2C+Clermont%2C+FL%2C+34711%2C+United+States&path=/calendar/action/compose&rru=addevent&startdt=2026-03-18T10%3A00%3A00-04%3A00&enddt=2026-03-18T12%3A00%3A00-04%3A00&subject=Preserving+Local+History HTTP/1.1" 200 None
DEBUG:root:✅ Hyperlink OK: https://outlook.live.com/calendar/0/deeplink/compose?allday=false&body=Help+in+the+preservation+of+our+local+history+and+collections%2C+including+transcriptionists%2C+preservationists%2C+digitizers%2C+and+organization%C2%A0projects.&location=2525+Oakley+Seaver+Dr%2C+Clermont%2C+FL%2C+34711%2C+United+States&path=/calendar/action/compose&rru=addevent&startdt=2026-03-18T10%3A00%3A00-04%3A00&enddt=2026-03-18T12%3A00%3A00-04%3A00&subject=Preserving+Local+History
DEBUG:root:Using regex pattern: \b[a-zA-Z]{3,}\b
DEBUG:root:Found 44 words to check in https://wordpress-810691-5571285.cloudwaysapps.com/events/preserving-local-history-2026-03-18/ (min_length=3)
DEBUG:root:Sample words from https://wordpress-810691-5571285.cloudwaysapps.com/events/preserving-local-history-2026-03-18/: ['This', 'alert', 'Skip', 'content', 'Preserving', 'Local', 'History', 'When', 'March', 'Add']
DEBUG:root:Misspelled word found: 'transcriptionists' in https://wordpress-810691-5571285.cloudwaysapps.com/events/preserving-local-history-2026-03-18/
DEBUG:root:Spell check results for https://wordpress-810691-5571285.cloudwaysapps.com/events/preserving-local-history-2026-03-18/: 17 words checked, 27 skipped, 1 errors found
INFO:root:✅ Processed https://wordpress-810691-5571285.cloudwaysapps.com/events/preserving-local-history-2026-03-18/: 1 errors found, 65 words checked
DEBUG:root:Attempting to fetch: https://wordpress-810691-5571285.cloudwaysapps.com/libraries/what-did-they-mean-by-that-a-dictionary-of-historical-terms-for-genealogists-some-more-words-vol-2-yellow-cover-1998/
DEBUG:urllib3.connectionpool:https://wordpress-810691-5571285.cloudwaysapps.com:443 "GET /members-only/ HTTP/1.1" 200 None
DEBUG:root:Successfully fetched https://wordpress-810691-5571285.cloudwaysapps.com/members-only/ (Content-Length: 42667)
DEBUG:charset_normalizer:Encoding detection: utf_8 is most likely the one.
DEBUG:root:Extracted 1973 characters, 329 words from https://wordpress-810691-5571285.cloudwaysapps.com/members-only/
DEBUG:root:Checking external hyperlink: https://www.facebook.com/groups/pastfinderssouthlake/
DEBUG:urllib3.connectionpool:https://wordpress-810691-5571285.cloudwaysapps.com:443 "GET /libraries/what-did-they-mean-by-that-a-dictionary-of-historical-terms-for-genealogists-some-more-words-vol-2-yellow-cover-1998/ HTTP/1.1" 200 None
DEBUG:root:Successfully fetched https://wordpress-810691-5571285.cloudwaysapps.com/libraries/what-did-they-mean-by-that-a-dictionary-of-historical-terms-for-genealogists-some-more-words-vol-2-yellow-cover-1998/ (Content-Length: 37244)
DEBUG:charset_normalizer:Encoding detection: utf_8 is most likely the one.
DEBUG:urllib3.connectionpool:https://outlook.live.com:443 "GET /calendar/0/deeplink/compose?allday=false&body=This+group+grew+out+of+our+original+FBC+Study+Group%2C+a+joint+effort+between+Pastfinders+and+Kinseekers.+For+now%2C+membership+is+limited+to+participants+of+that+original+group%2C+but+we+hope+to+welcome+more+members+in+the+future.&location=&path=/calendar/action/compose&rru=addevent&startdt=2026-09-28T19%3A00%3A00-04%3A00&enddt=2026-09-28T20%3A00%3A00-04%3A00&subject=Family+Book+Creator+Special+Interest+Group+%28SIG%29 HTTP/1.1" 200 None
DEBUG:root:✅ Hyperlink OK: https://outlook.live.com/calendar/0/deeplink/compose?allday=false&body=This+group+grew+out+of+our+original+FBC+Study+Group%2C+a+joint+effort+between+Pastfinders+and+Kinseekers.+For+now%2C+membership+is+limited+to+participants+of+that+original+group%2C+but+we+hope+to+welcome+more+members+in+the+future.&location=&path=/calendar/action/compose&rru=addevent&startdt=2026-09-28T19%3A00%3A00-04%3A00&enddt=2026-09-28T20%3A00%3A00-04%3A00&subject=Family+Book+Creator+Special+Interest+Group+%28SIG%29
DEBUG:root:Using regex pattern: \b[a-zA-Z]{3,}\b
DEBUG:root:Found 109 words to check in https://wordpress-810691-5571285.cloudwaysapps.com/events/family-book-creator-special-interest-group-sig-2026-09-28/ (min_length=3)
DEBUG:root:Sample words from https://wordpress-810691-5571285.cloudwaysapps.com/events/family-book-creator-special-interest-group-sig-2026-09-28/: ['This', 'alert', 'Skip', 'content', 'Family', 'Book', 'Creator', 'Special', 'Interest', 'Group']
DEBUG:root:Spell check results for https://wordpress-810691-5571285.cloudwaysapps.com/events/family-book-creator-special-interest-group-sig-2026-09-28/: 62 words checked, 47 skipped, 0 errors found
INFO:root:✅ Processed https://wordpress-810691-5571285.cloudwaysapps.com/events/family-book-creator-special-interest-group-sig-2026-09-28/: 0 errors found, 141 words checked
DEBUG:root:Attempting to fetch: https://wordpress-810691-5571285.cloudwaysapps.com/events/preserving-local-history-2026-05-20/
Processing pages:  72%|███████▏  | 276/381 [02:32<00:44,  2.36it/s]DEBUG:root:Extracted 187 characters, 34 words from https://wordpress-810691-5571285.cloudwaysapps.com/libraries/what-did-they-mean-by-that-a-dictionary-of-historical-terms-for-genealogists-some-more-words-vol-2-yellow-cover-1998/
DEBUG:root:Using regex pattern: \b[a-zA-Z]{3,}\b
DEBUG:root:Found 21 words to check in https://wordpress-810691-5571285.cloudwaysapps.com/libraries/what-did-they-mean-by-that-a-dictionary-of-historical-terms-for-genealogists-some-more-words-vol-2-yellow-cover-1998/ (min_length=3)
DEBUG:root:Sample words from https://wordpress-810691-5571285.cloudwaysapps.com/libraries/what-did-they-mean-by-that-a-dictionary-of-historical-terms-for-genealogists-some-more-words-vol-2-yellow-cover-1998/: ['This', 'alert', 'Skip', 'content', 'What', 'did', 'they', 'mean', 'that', 'dictionary']
DEBUG:root:Spell check results for https://wordpress-810691-5571285.cloudwaysapps.com/libraries/what-did-they-mean-by-that-a-dictionary-of-historical-terms-for-genealogists-some-more-words-vol-2-yellow-cover-1998/: 13 words checked, 8 skipped, 0 errors found
INFO:root:✅ Processed https://wordpress-810691-5571285.cloudwaysapps.com/libraries/what-did-they-mean-by-that-a-dictionary-of-historical-terms-for-genealogists-some-more-words-vol-2-yellow-cover-1998/: 0 errors found, 34 words checked
DEBUG:root:Attempting to fetch: https://wordpress-810691-5571285.cloudwaysapps.com/resources/kinseekers-genealogical-society/
DEBUG:urllib3.connectionpool:Starting new HTTPS connection (1): www.facebook.com:443
DEBUG:urllib3.connectionpool:https://wordpress-810691-5571285.cloudwaysapps.com:443 "GET /events/preserving-local-history-2026-05-20/ HTTP/1.1" 200 None
DEBUG:root:Successfully fetched https://wordpress-810691-5571285.cloudwaysapps.com/events/preserving-local-history-2026-05-20/ (Content-Length: 43606)
DEBUG:charset_normalizer:Encoding detection: utf_8 is most likely the one.
DEBUG:root:Extracted 442 characters, 65 words from https://wordpress-810691-5571285.cloudwaysapps.com/events/preserving-local-history-2026-05-20/
DEBUG:root:Checking external hyperlink: https://www.google.com/calendar/event?action=TEMPLATE&text=Preserving+Local+History&dates=20260520T100000/20260520T120000&details=Help+in+the+preservation+of+our+local+history+and+collections%2C+including+transcriptionists%2C+preservationists%2C+digitizers%2C+and+organization%C2%A0projects.&location=2525+Oakley+Seaver+Dr%2C+Clermont%2C+FL%2C+34711%2C+United+States&trp=false&sprop=https%3A%2F%2Fwordpress-810691-5571285.cloudwaysapps.com%2Fevents%2Fpreserving-local-history-2026-05-20%2F&sprop=name:Pastfinders&ctz=America%2FNew_York
DEBUG:urllib3.connectionpool:https://wordpress-810691-5571285.cloudwaysapps.com:443 "GET /resources/kinseekers-genealogical-society/ HTTP/1.1" 200 None
DEBUG:root:Successfully fetched https://wordpress-810691-5571285.cloudwaysapps.com/resources/kinseekers-genealogical-society/ (Content-Length: 38985)
DEBUG:urllib3.connectionpool:https://wordpress-810691-5571285.cloudwaysapps.com:443 "GET /wp-content/uploads/2025/08/IMG_0014_8_1566943222-1024x676.webp HTTP/1.1" 200 107292
DEBUG:charset_normalizer:Encoding detection: utf_8 is most likely the one.
DEBUG:urllib3.connectionpool:Starting new HTTPS connection (1): www.google.com:443
DEBUG:root:Extracted 757 characters, 116 words from https://wordpress-810691-5571285.cloudwaysapps.com/resources/kinseekers-genealogical-society/
DEBUG:root:Using regex pattern: \b[a-zA-Z]{3,}\b
DEBUG:root:Found 88 words to check in https://wordpress-810691-5571285.cloudwaysapps.com/resources/kinseekers-genealogical-society/ (min_length=3)
DEBUG:root:Sample words from https://wordpress-810691-5571285.cloudwaysapps.com/resources/kinseekers-genealogical-society/: ['This', 'alert', 'Skip', 'content', 'Kinseekers', 'Genealogical', 'Society', 'June', 'KINSEEKERS', 'was']
DEBUG:root:Spell check results for https://wordpress-810691-5571285.cloudwaysapps.com/resources/kinseekers-genealogical-society/: 67 words checked, 21 skipped, 0 errors found
INFO:root:✅ Processed https://wordpress-810691-5571285.cloudwaysapps.com/resources/kinseekers-genealogical-society/: 0 errors found, 116 words checked
DEBUG:root:Attempting to fetch: https://wordpress-810691-5571285.cloudwaysapps.com/events/research-assistance-2025-08-27-2025-09-03-2025-09-10-2025-09-17-2025-09-24-2025-10-01-2025-10-08-2025-10-15-2025-10-22-2025-10-29-2025-11-05-2025-11-12-2025-11-19-2025-11-26-2025-12-03-2-01-2026-07-08/
Processing pages:  73%|███████▎  | 278/381 [02:32<00:32,  3.16it/s]DEBUG:urllib3.connectionpool:https://www.facebook.com:443 "GET /groups/pastfinderssouthlake/ HTTP/1.1" 200 None
DEBUG:root:✅ Image OK: https://wordpress-810691-5571285.cloudwaysapps.com/wp-content/uploads/2025/08/IMG_0014_8_1566943222-1024x676.webp
DEBUG:root:Checking internal image: https://wordpress-810691-5571285.cloudwaysapps.com/wp-content/uploads/2025/08/IMG_0001_1566943222-1024x869.webp
DEBUG:urllib3.connectionpool:Starting new HTTPS connection (1): wordpress-810691-5571285.cloudwaysapps.com:443
DEBUG:urllib3.connectionpool:https://www.google.com:443 "GET /calendar/event?action=TEMPLATE&text=Preserving+Local+History&dates=20260520T100000/20260520T120000&details=Help+in+the+preservation+of+our+local+history+and+collections%2C+including+transcriptionists%2C+preservationists%2C+digitizers%2C+and+organization%C2%A0projects.&location=2525+Oakley+Seaver+Dr%2C+Clermont%2C+FL%2C+34711%2C+United+States&trp=false&sprop=https%3A%2F%2Fwordpress-810691-5571285.cloudwaysapps.com%2Fevents%2Fpreserving-local-history-2026-05-20%2F&sprop=name:Pastfinders&ctz=America%2FNew_York HTTP/1.1" 302 0
DEBUG:urllib3.connectionpool:Starting new HTTPS connection (1): calendar.google.com:443
DEBUG:urllib3.connectionpool:https://calendar.google.com:443 "GET /calendar/event?action=TEMPLATE&text=Preserving+Local+History&dates=20260520T100000/20260520T120000&details=Help+in+the+preservation+of+our+local+history+and+collections,+including+transcriptionists,+preservationists,+digitizers,+and+organization%C2%A0projects.&location=2525+Oakley+Seaver+Dr,+Clermont,+FL,+34711,+United+States&trp=false&sprop=https://wordpress-810691-5571285.cloudwaysapps.com/events/preserving-local-history-2026-05-20/&sprop=name:Pastfinders&ctz=America/New_York HTTP/1.1" 302 0
DEBUG:urllib3.connectionpool:Starting new HTTPS connection (1): accounts.google.com:443
DEBUG:urllib3.connectionpool:https://wordpress-810691-5571285.cloudwaysapps.com:443 "GET /wp-content/uploads/2025/08/IMG_0001_1566943222-1024x869.webp HTTP/1.1" 200 127824
DEBUG:urllib3.connectionpool:https://accounts.google.com:443 "GET /ServiceLogin?service=cl&passive=1209600&osid=1&continue=https://calendar.google.com/calendar/event?action%3DTEMPLATE%26text%3DPreserving%2BLocal%2BHistory%26dates%3D20260520T100000/20260520T120000%26details%3DHelp%2Bin%2Bthe%2Bpreservation%2Bof%2Bour%2Blocal%2Bhistory%2Band%2Bcollections,%2Bincluding%2Btranscriptionists,%2Bpreservationists,%2Bdigitizers,%2Band%2Borganization%25C2%25A0projects.%26location%3D2525%2BOakley%2BSeaver%2BDr,%2BClermont,%2BFL,%2B34711,%2BUnited%2BStates%26trp%3Dfalse%26sprop%3Dhttps://wordpress-810691-5571285.cloudwaysapps.com/events/preserving-local-history-2026-05-20/%26sprop%3Dname:Pastfinders%26ctz%3DAmerica/New_York&followup=https://calendar.google.com/calendar/event?action%3DTEMPLATE%26text%3DPreserving%2BLocal%2BHistory%26dates%3D20260520T100000/20260520T120000%26details%3DHelp%2Bin%2Bthe%2Bpreservation%2Bof%2Bour%2Blocal%2Bhistory%2Band%2Bcollections,%2Bincluding%2Btranscriptionists,%2Bpreservationists,%2Bdigitizers,%2Band%2Borganization%25C2%25A0projects.%26location%3D2525%2BOakley%2BSeaver%2BDr,%2BClermont,%2BFL,%2B34711,%2BUnited%2BStates%26trp%3Dfalse%26sprop%3Dhttps://wordpress-810691-5571285.cloudwaysapps.com/events/preserving-local-history-2026-05-20/%26sprop%3Dname:Pastfinders%26ctz%3DAmerica/New_York&emr=1 HTTP/1.1" 302 0
DEBUG:root:✅ Hyperlink OK: https://www.facebook.com/groups/pastfinderssouthlake/
DEBUG:root:Checking external hyperlink: https://www.mackiev.com/offers/ftm2024/upgrade_promo.html?edition=us
DEBUG:root:✅ Image OK: https://wordpress-810691-5571285.cloudwaysapps.com/wp-content/uploads/2025/08/IMG_0001_1566943222-1024x869.webp
DEBUG:root:Checking internal image: https://wordpress-810691-5571285.cloudwaysapps.com/wp-content/uploads/2025/08/IMG_0008_6_1566943222-1024x793.webp
DEBUG:urllib3.connectionpool:Starting new HTTPS connection (1): wordpress-810691-5571285.cloudwaysapps.com:443
DEBUG:urllib3.connectionpool:https://accounts.google.com:443 "GET /InteractiveLogin?continue=https://calendar.google.com/calendar/event?action%3DTEMPLATE%26text%3DPreserving%2BLocal%2BHistory%26dates%3D20260520T100000/20260520T120000%26details%3DHelp%2Bin%2Bthe%2Bpreservation%2Bof%2Bour%2Blocal%2Bhistory%2Band%2Bcollections,%2Bincluding%2Btranscriptionists,%2Bpreservationists,%2Bdigitizers,%2Band%2Borganization%25C2%25A0projects.%26location%3D2525%2BOakley%2BSeaver%2BDr,%2BClermont,%2BFL,%2B34711,%2BUnited%2BStates%26trp%3Dfalse%26sprop%3Dhttps://wordpress-810691-5571285.cloudwaysapps.com/events/preserving-local-history-2026-05-20/%26sprop%3Dname:Pastfinders%26ctz%3DAmerica/New_York&emr=1&followup=https://calendar.google.com/calendar/event?action%3DTEMPLATE%26text%3DPreserving%2BLocal%2BHistory%26dates%3D20260520T100000/20260520T120000%26details%3DHelp%2Bin%2Bthe%2Bpreservation%2Bof%2Bour%2Blocal%2Bhistory%2Band%2Bcollections,%2Bincluding%2Btranscriptionists,%2Bpreservationists,%2Bdigitizers,%2Band%2Borganization%25C2%25A0projects.%26location%3D2525%2BOakley%2BSeaver%2BDr,%2BClermont,%2BFL,%2B34711,%2BUnited%2BStates%26trp%3Dfalse%26sprop%3Dhttps://wordpress-810691-5571285.cloudwaysapps.com/events/preserving-local-history-2026-05-20/%26sprop%3Dname:Pastfinders%26ctz%3DAmerica/New_York&osid=1&passive=1209600&service=cl&ifkv=AdBytiNXwZOwwyK9V-FBJQfN11gFb1tmQweRC7MKUbAd093dVDZjZT5R7RXDssus2yTM_tYmx2D4 HTTP/1.1" 302 None
DEBUG:urllib3.connectionpool:Starting new HTTPS connection (1): www.mackiev.com:443
DEBUG:urllib3.connectionpool:https://accounts.google.com:443 "GET /v3/signin/identifier?continue=https%3A%2F%2Fcalendar.google.com%2Fcalendar%2Fevent%3Faction%3DTEMPLATE%26text%3DPreserving%2BLocal%2BHistory%26dates%3D20260520T100000%2F20260520T120000%26details%3DHelp%2Bin%2Bthe%2Bpreservation%2Bof%2Bour%2Blocal%2Bhistory%2Band%2Bcollections%2C%2Bincluding%2Btranscriptionists%2C%2Bpreservationists%2C%2Bdigitizers%2C%2Band%2Borganization%25C2%25A0projects.%26location%3D2525%2BOakley%2BSeaver%2BDr%2C%2BClermont%2C%2BFL%2C%2B34711%2C%2BUnited%2BStates%26trp%3Dfalse%26sprop%3Dhttps%3A%2F%2Fwordpress-810691-5571285.cloudwaysapps.com%2Fevents%2Fpreserving-local-history-2026-05-20%2F%26sprop%3Dname%3APastfinders%26ctz%3DAmerica%2FNew_York&emr=1&followup=https%3A%2F%2Fcalendar.google.com%2Fcalendar%2Fevent%3Faction%3DTEMPLATE%26text%3DPreserving%2BLocal%2BHistory%26dates%3D20260520T100000%2F20260520T120000%26details%3DHelp%2Bin%2Bthe%2Bpreservation%2Bof%2Bour%2Blocal%2Bhistory%2Band%2Bcollections%2C%2Bincluding%2Btranscriptionists%2C%2Bpreservationists%2C%2Bdigitizers%2C%2Band%2Borganization%25C2%25A0projects.%26location%3D2525%2BOakley%2BSeaver%2BDr%2C%2BClermont%2C%2BFL%2C%2B34711%2C%2BUnited%2BStates%26trp%3Dfalse%26sprop%3Dhttps%3A%2F%2Fwordpress-810691-5571285.cloudwaysapps.com%2Fevents%2Fpreserving-local-history-2026-05-20%2F%26sprop%3Dname%3APastfinders%26ctz%3DAmerica%2FNew_York&ifkv=AdBytiN9Q9f95Dqtlp_3PHMhkI2WOz79yQKxaePPC1-bIfUZe7iCekBZvhp20ExgYIIP4ao2iMWy&osid=1&passive=1209600&service=cl&flowName=WebLiteSignIn&flowEntry=ServiceLogin&dsh=S-1324337814%3A1756758277228171 HTTP/1.1" 200 None
DEBUG:root:✅ Hyperlink OK: https://www.google.com/calendar/event?action=TEMPLATE&text=Preserving+Local+History&dates=20260520T100000/20260520T120000&details=Help+in+the+preservation+of+our+local+history+and+collections%2C+including+transcriptionists%2C+preservationists%2C+digitizers%2C+and+organization%C2%A0projects.&location=2525+Oakley+Seaver+Dr%2C+Clermont%2C+FL%2C+34711%2C+United+States&trp=false&sprop=https%3A%2F%2Fwordpress-810691-5571285.cloudwaysapps.com%2Fevents%2Fpreserving-local-history-2026-05-20%2F&sprop=name:Pastfinders&ctz=America%2FNew_York
DEBUG:root:Checking external hyperlink: https://outlook.office.com/calendar/0/deeplink/compose?allday=false&body=Help+in+the+preservation+of+our+local+history+and+collections%2C+including+transcriptionists%2C+preservationists%2C+digitizers%2C+and+organization%C2%A0projects.&location=2525+Oakley+Seaver+Dr%2C+Clermont%2C+FL%2C+34711%2C+United+States&path=/calendar/action/compose&rru=addevent&startdt=2026-05-20T10%3A00%3A00-04%3A00&enddt=2026-05-20T12%3A00%3A00-04%3A00&subject=Preserving+Local+History
DEBUG:urllib3.connectionpool:Starting new HTTPS connection (1): outlook.office.com:443
DEBUG:urllib3.connectionpool:https://wordpress-810691-5571285.cloudwaysapps.com:443 "GET /wp-content/uploads/2025/08/IMG_0008_6_1566943222-1024x793.webp HTTP/1.1" 200 100400
DEBUG:root:✅ Image OK: https://wordpress-810691-5571285.cloudwaysapps.com/wp-content/uploads/2025/08/IMG_0008_6_1566943222-1024x793.webp
DEBUG:root:Checking internal image: https://wordpress-810691-5571285.cloudwaysapps.com/wp-content/uploads/2025/08/IMG_0011_4_1566943222-946x1024.webp
DEBUG:urllib3.connectionpool:Starting new HTTPS connection (1): wordpress-810691-5571285.cloudwaysapps.com:443
DEBUG:urllib3.connectionpool:https://outlook.office.com:443 "GET /calendar/0/deeplink/compose?allday=false&body=Help+in+the+preservation+of+our+local+history+and+collections%2C+including+transcriptionists%2C+preservationists%2C+digitizers%2C+and+organization%C2%A0projects.&location=2525+Oakley+Seaver+Dr%2C+Clermont%2C+FL%2C+34711%2C+United+States&path=/calendar/action/compose&rru=addevent&startdt=2026-05-20T10%3A00%3A00-04%3A00&enddt=2026-05-20T12%3A00%3A00-04%3A00&subject=Preserving+Local+History HTTP/1.1" 200 None
DEBUG:root:✅ Hyperlink OK: https://outlook.office.com/calendar/0/deeplink/compose?allday=false&body=Help+in+the+preservation+of+our+local+history+and+collections%2C+including+transcriptionists%2C+preservationists%2C+digitizers%2C+and+organization%C2%A0projects.&location=2525+Oakley+Seaver+Dr%2C+Clermont%2C+FL%2C+34711%2C+United+States&path=/calendar/action/compose&rru=addevent&startdt=2026-05-20T10%3A00%3A00-04%3A00&enddt=2026-05-20T12%3A00%3A00-04%3A00&subject=Preserving+Local+History
DEBUG:root:Checking external hyperlink: https://outlook.live.com/calendar/0/deeplink/compose?allday=false&body=Help+in+the+preservation+of+our+local+history+and+collections%2C+including+transcriptionists%2C+preservationists%2C+digitizers%2C+and+organization%C2%A0projects.&location=2525+Oakley+Seaver+Dr%2C+Clermont%2C+FL%2C+34711%2C+United+States&path=/calendar/action/compose&rru=addevent&startdt=2026-05-20T10%3A00%3A00-04%3A00&enddt=2026-05-20T12%3A00%3A00-04%3A00&subject=Preserving+Local+History
DEBUG:urllib3.connectionpool:Starting new HTTPS connection (1): outlook.live.com:443
DEBUG:urllib3.connectionpool:https://wordpress-810691-5571285.cloudwaysapps.com:443 "GET /wp-content/uploads/2025/08/IMG_0011_4_1566943222-946x1024.webp HTTP/1.1" 200 175468
DEBUG:urllib3.connectionpool:https://outlook.live.com:443 "GET /calendar/0/deeplink/compose?allday=false&body=Help+in+the+preservation+of+our+local+history+and+collections%2C+including+transcriptionists%2C+preservationists%2C+digitizers%2C+and+organization%C2%A0projects.&location=2525+Oakley+Seaver+Dr%2C+Clermont%2C+FL%2C+34711%2C+United+States&path=/calendar/action/compose&rru=addevent&startdt=2026-05-20T10%3A00%3A00-04%3A00&enddt=2026-05-20T12%3A00%3A00-04%3A00&subject=Preserving+Local+History HTTP/1.1" 200 None
DEBUG:root:✅ Hyperlink OK: https://outlook.live.com/calendar/0/deeplink/compose?allday=false&body=Help+in+the+preservation+of+our+local+history+and+collections%2C+including+transcriptionists%2C+preservationists%2C+digitizers%2C+and+organization%C2%A0projects.&location=2525+Oakley+Seaver+Dr%2C+Clermont%2C+FL%2C+34711%2C+United+States&path=/calendar/action/compose&rru=addevent&startdt=2026-05-20T10%3A00%3A00-04%3A00&enddt=2026-05-20T12%3A00%3A00-04%3A00&subject=Preserving+Local+History
DEBUG:root:Using regex pattern: \b[a-zA-Z]{3,}\b
DEBUG:root:Found 44 words to check in https://wordpress-810691-5571285.cloudwaysapps.com/events/preserving-local-history-2026-05-20/ (min_length=3)
DEBUG:root:Sample words from https://wordpress-810691-5571285.cloudwaysapps.com/events/preserving-local-history-2026-05-20/: ['This', 'alert', 'Skip', 'content', 'Preserving', 'Local', 'History', 'When', 'May', 'Add']
DEBUG:root:Misspelled word found: 'transcriptionists' in https://wordpress-810691-5571285.cloudwaysapps.com/events/preserving-local-history-2026-05-20/
DEBUG:root:Spell check results for https://wordpress-810691-5571285.cloudwaysapps.com/events/preserving-local-history-2026-05-20/: 17 words checked, 27 skipped, 1 errors found
INFO:root:✅ Processed https://wordpress-810691-5571285.cloudwaysapps.com/events/preserving-local-history-2026-05-20/: 1 errors found, 65 words checked
DEBUG:root:Attempting to fetch: https://wordpress-810691-5571285.cloudwaysapps.com/events/preserving-local-history-2025-11-05/
Processing pages:  73%|███████▎  | 279/381 [02:34<00:53,  1.91it/s]DEBUG:urllib3.connectionpool:https://www.mackiev.com:443 "GET /offers/ftm2024/upgrade_promo.html?edition=us HTTP/1.1" 301 None
DEBUG:root:✅ Image OK: https://wordpress-810691-5571285.cloudwaysapps.com/wp-content/uploads/2025/08/IMG_0011_4_1566943222-946x1024.webp
DEBUG:root:Checking internal image: https://wordpress-810691-5571285.cloudwaysapps.com/wp-content/uploads/2025/08/IMG_0008_9_1566943222-1024x640.webp
DEBUG:urllib3.connectionpool:Starting new HTTPS connection (1): wordpress-810691-5571285.cloudwaysapps.com:443
DEBUG:urllib3.connectionpool:https://wordpress-810691-5571285.cloudwaysapps.com:443 "GET /events/preserving-local-history-2025-11-05/ HTTP/1.1" 200 None
DEBUG:root:Successfully fetched https://wordpress-810691-5571285.cloudwaysapps.com/events/preserving-local-history-2025-11-05/ (Content-Length: 43064)
DEBUG:charset_normalizer:Encoding detection: utf_8 is most likely the one.
DEBUG:root:Extracted 446 characters, 65 words from https://wordpress-810691-5571285.cloudwaysapps.com/events/preserving-local-history-2025-11-05/
DEBUG:root:Checking external hyperlink: https://www.google.com/calendar/event?action=TEMPLATE&text=Preserving+Local+History&dates=20251105T100000/20251105T120000&details=Help+in+the+preservation+of+our+local+history+and+collections%2C+including+transcriptionists%2C+preservationists%2C+digitizers%2C+and+organization%C2%A0projects.&location=2525+Oakley+Seaver+Dr%2C+Clermont%2C+FL%2C+34711%2C+United+States&trp=false&sprop=https%3A%2F%2Fwordpress-810691-5571285.cloudwaysapps.com%2Fevents%2Fpreserving-local-history-2025-11-05%2F&sprop=name:Pastfinders&ctz=America%2FNew_York
DEBUG:urllib3.connectionpool:Starting new HTTPS connection (1): www.google.com:443
DEBUG:urllib3.connectionpool:https://wordpress-810691-5571285.cloudwaysapps.com:443 "GET /wp-content/uploads/2025/08/IMG_0008_9_1566943222-1024x640.webp HTTP/1.1" 200 114694
DEBUG:urllib3.connectionpool:https://www.google.com:443 "GET /calendar/event?action=TEMPLATE&text=Preserving+Local+History&dates=20251105T100000/20251105T120000&details=Help+in+the+preservation+of+our+local+history+and+collections%2C+including+transcriptionists%2C+preservationists%2C+digitizers%2C+and+organization%C2%A0projects.&location=2525+Oakley+Seaver+Dr%2C+Clermont%2C+FL%2C+34711%2C+United+States&trp=false&sprop=https%3A%2F%2Fwordpress-810691-5571285.cloudwaysapps.com%2Fevents%2Fpreserving-local-history-2025-11-05%2F&sprop=name:Pastfinders&ctz=America%2FNew_York HTTP/1.1" 302 0
DEBUG:urllib3.connectionpool:Starting new HTTPS connection (1): calendar.google.com:443
DEBUG:root:✅ Document OK: https://pastfindersslc.org/upload/newsletters/1999_Fall.pdf
DEBUG:root:Checking external document: https://pastfindersslc.org/upload/newsletters/1999_Summer.pdf
DEBUG:urllib3.connectionpool:Starting new HTTPS connection (1): pastfindersslc.org:443
DEBUG:urllib3.connectionpool:https://wordpress-810691-5571285.cloudwaysapps.com:443 "GET /events/research-assistance-2025-08-27-2025-09-03-2025-09-10-2025-09-17-2025-09-24-2025-10-01-2025-10-08-2025-10-15-2025-10-22-2025-10-29-2025-11-05-2025-11-12-2025-11-19-2025-11-26-2025-12-03-2-01-2026-07-08/ HTTP/1.1" 200 None
DEBUG:root:✅ Image OK: https://wordpress-810691-5571285.cloudwaysapps.com/wp-content/uploads/2025/08/IMG_0008_9_1566943222-1024x640.webp
DEBUG:root:Checking internal image: https://wordpress-810691-5571285.cloudwaysapps.com/wp-content/uploads/2025/08/IMG_0014_3_1566943222-1024x740.webp
DEBUG:urllib3.connectionpool:Starting new HTTPS connection (1): wordpress-810691-5571285.cloudwaysapps.com:443
DEBUG:urllib3.connectionpool:https://calendar.google.com:443 "GET /calendar/event?action=TEMPLATE&text=Preserving+Local+History&dates=20251105T100000/20251105T120000&details=Help+in+the+preservation+of+our+local+history+and+collections,+including+transcriptionists,+preservationists,+digitizers,+and+organization%C2%A0projects.&location=2525+Oakley+Seaver+Dr,+Clermont,+FL,+34711,+United+States&trp=false&sprop=https://wordpress-810691-5571285.cloudwaysapps.com/events/preserving-local-history-2025-11-05/&sprop=name:Pastfinders&ctz=America/New_York HTTP/1.1" 302 0
DEBUG:urllib3.connectionpool:Starting new HTTPS connection (1): accounts.google.com:443
DEBUG:root:Successfully fetched https://wordpress-810691-5571285.cloudwaysapps.com/events/research-assistance-2025-08-27-2025-09-03-2025-09-10-2025-09-17-2025-09-24-2025-10-01-2025-10-08-2025-10-15-2025-10-22-2025-10-29-2025-11-05-2025-11-12-2025-11-19-2025-11-26-2025-12-03-2-01-2026-07-08/ (Content-Length: 44169)
DEBUG:charset_normalizer:Encoding detection: utf_8 is most likely the one.
DEBUG:root:Extracted 487 characters, 85 words from https://wordpress-810691-5571285.cloudwaysapps.com/events/research-assistance-2025-08-27-2025-09-03-2025-09-10-2025-09-17-2025-09-24-2025-10-01-2025-10-08-2025-10-15-2025-10-22-2025-10-29-2025-11-05-2025-11-12-2025-11-19-2025-11-26-2025-12-03-2-01-2026-07-08/
DEBUG:root:Checking external hyperlink: https://www.google.com/calendar/event?action=TEMPLATE&text=Research+Assistance&dates=20260708T130000/20260708T150000&details=Join+us+weekly+in+the+Genealogy+Room+for+in-person+help+with+your+research.+It%E2%80%99s+a+great+chance+to+get+one-on-one+guidance%2C+ask+questions%2C+and+connect+with+others+who+share+your+passion+for+family+history.&location=2525+Oakley+Seaver+Dr%2C+Clermont%2C+FL%2C+34711%2C+United+States&trp=false&sprop=https%3A%2F%2Fwordpress-810691-5571285.cloudwaysapps.com%2Fevents%2Fresearch-assistance-2025-08-27-2025-09-03-2025-09-10-2025-09-17-2025-09-24-2025-10-01-2025-10-08-2025-10-15-2025-10-22-2025-10-29-2025-11-05-2025-11-12-2025-11-19-2025-11-26-2025-12-03-2-01-2026-07-08%2F&sprop=name:Pastfinders&ctz=America%2FNew_York
DEBUG:urllib3.connectionpool:Starting new HTTPS connection (1): www.google.com:443
DEBUG:urllib3.connectionpool:https://pastfindersslc.org:443 "GET /upload/newsletters/1999_Summer.pdf HTTP/1.1" 200 8357536
DEBUG:urllib3.connectionpool:https://www.google.com:443 "GET /calendar/event?action=TEMPLATE&text=Research+Assistance&dates=20260708T130000/20260708T150000&details=Join+us+weekly+in+the+Genealogy+Room+for+in-person+help+with+your+research.+It%E2%80%99s+a+great+chance+to+get+one-on-one+guidance%2C+ask+questions%2C+and+connect+with+others+who+share+your+passion+for+family+history.&location=2525+Oakley+Seaver+Dr%2C+Clermont%2C+FL%2C+34711%2C+United+States&trp=false&sprop=https%3A%2F%2Fwordpress-810691-5571285.cloudwaysapps.com%2Fevents%2Fresearch-assistance-2025-08-27-2025-09-03-2025-09-10-2025-09-17-2025-09-24-2025-10-01-2025-10-08-2025-10-15-2025-10-22-2025-10-29-2025-11-05-2025-11-12-2025-11-19-2025-11-26-2025-12-03-2-01-2026-07-08%2F&sprop=name:Pastfinders&ctz=America%2FNew_York HTTP/1.1" 302 0
DEBUG:urllib3.connectionpool:https://www.mackiev.com:443 "GET /includes/browser_support.html HTTP/1.1" 200 None
DEBUG:root:✅ Hyperlink OK: https://www.mackiev.com/offers/ftm2024/upgrade_promo.html?edition=us
DEBUG:root:Using regex pattern: \b[a-zA-Z]{3,}\b
DEBUG:root:Found 267 words to check in https://wordpress-810691-5571285.cloudwaysapps.com/members-only/ (min_length=3)
DEBUG:root:Sample words from https://wordpress-810691-5571285.cloudwaysapps.com/members-only/: ['This', 'alert', 'Skip', 'content', 'Membership', 'Overview', 'This', 'information', 'for', 'members']
DEBUG:root:Spell check results for https://wordpress-810691-5571285.cloudwaysapps.com/members-only/: 205 words checked, 62 skipped, 0 errors found
INFO:root:✅ Processed https://wordpress-810691-5571285.cloudwaysapps.com/members-only/: 0 errors found, 329 words checked
DEBUG:root:Attempting to fetch: https://wordpress-810691-5571285.cloudwaysapps.com/events/research-assistance-2025-08-27-2025-09-03-2025-09-10-2025-09-17-2025-09-24-2025-10-01-2025-10-08-2025-10-15-2025-10-22-2025-10-29-2025-11-05-2025-11-12-2025-11-19-2025-11-26-2025-12-03-2-09-2026-09-16/
Processing pages:  73%|███████▎  | 280/381 [02:34<00:54,  1.87it/s]DEBUG:urllib3.connectionpool:https://accounts.google.com:443 "GET /ServiceLogin?service=cl&passive=1209600&osid=1&continue=https://calendar.google.com/calendar/event?action%3DTEMPLATE%26text%3DPreserving%2BLocal%2BHistory%26dates%3D20251105T100000/20251105T120000%26details%3DHelp%2Bin%2Bthe%2Bpreservation%2Bof%2Bour%2Blocal%2Bhistory%2Band%2Bcollections,%2Bincluding%2Btranscriptionists,%2Bpreservationists,%2Bdigitizers,%2Band%2Borganization%25C2%25A0projects.%26location%3D2525%2BOakley%2BSeaver%2BDr,%2BClermont,%2BFL,%2B34711,%2BUnited%2BStates%26trp%3Dfalse%26sprop%3Dhttps://wordpress-810691-5571285.cloudwaysapps.com/events/preserving-local-history-2025-11-05/%26sprop%3Dname:Pastfinders%26ctz%3DAmerica/New_York&followup=https://calendar.google.com/calendar/event?action%3DTEMPLATE%26text%3DPreserving%2BLocal%2BHistory%26dates%3D20251105T100000/20251105T120000%26details%3DHelp%2Bin%2Bthe%2Bpreservation%2Bof%2Bour%2Blocal%2Bhistory%2Band%2Bcollections,%2Bincluding%2Btranscriptionists,%2Bpreservationists,%2Bdigitizers,%2Band%2Borganization%25C2%25A0projects.%26location%3D2525%2BOakley%2BSeaver%2BDr,%2BClermont,%2BFL,%2B34711,%2BUnited%2BStates%26trp%3Dfalse%26sprop%3Dhttps://wordpress-810691-5571285.cloudwaysapps.com/events/preserving-local-history-2025-11-05/%26sprop%3Dname:Pastfinders%26ctz%3DAmerica/New_York&emr=1 HTTP/1.1" 302 0
DEBUG:urllib3.connectionpool:Starting new HTTPS connection (1): calendar.google.com:443
DEBUG:urllib3.connectionpool:https://accounts.google.com:443 "GET /InteractiveLogin?continue=https://calendar.google.com/calendar/event?action%3DTEMPLATE%26text%3DPreserving%2BLocal%2BHistory%26dates%3D20251105T100000/20251105T120000%26details%3DHelp%2Bin%2Bthe%2Bpreservation%2Bof%2Bour%2Blocal%2Bhistory%2Band%2Bcollections,%2Bincluding%2Btranscriptionists,%2Bpreservationists,%2Bdigitizers,%2Band%2Borganization%25C2%25A0projects.%26location%3D2525%2BOakley%2BSeaver%2BDr,%2BClermont,%2BFL,%2B34711,%2BUnited%2BStates%26trp%3Dfalse%26sprop%3Dhttps://wordpress-810691-5571285.cloudwaysapps.com/events/preserving-local-history-2025-11-05/%26sprop%3Dname:Pastfinders%26ctz%3DAmerica/New_York&emr=1&followup=https://calendar.google.com/calendar/event?action%3DTEMPLATE%26text%3DPreserving%2BLocal%2BHistory%26dates%3D20251105T100000/20251105T120000%26details%3DHelp%2Bin%2Bthe%2Bpreservation%2Bof%2Bour%2Blocal%2Bhistory%2Band%2Bcollections,%2Bincluding%2Btranscriptionists,%2Bpreservationists,%2Bdigitizers,%2Band%2Borganization%25C2%25A0projects.%26location%3D2525%2BOakley%2BSeaver%2BDr,%2BClermont,%2BFL,%2B34711,%2BUnited%2BStates%26trp%3Dfalse%26sprop%3Dhttps://wordpress-810691-5571285.cloudwaysapps.com/events/preserving-local-history-2025-11-05/%26sprop%3Dname:Pastfinders%26ctz%3DAmerica/New_York&osid=1&passive=1209600&service=cl&ifkv=AdBytiNfWfaWy-YmgZg3eJqnd672RXGMzRRjsdPnbpvjhYW0i9g_CMxEXh1N2OMuQwH7bqk69-1JRA HTTP/1.1" 302 None
DEBUG:urllib3.connectionpool:https://wordpress-810691-5571285.cloudwaysapps.com:443 "GET /wp-content/uploads/2025/08/IMG_0014_3_1566943222-1024x740.webp HTTP/1.1" 200 119988
DEBUG:urllib3.connectionpool:https://accounts.google.com:443 "GET /v3/signin/identifier?continue=https%3A%2F%2Fcalendar.google.com%2Fcalendar%2Fevent%3Faction%3DTEMPLATE%26text%3DPreserving%2BLocal%2BHistory%26dates%3D20251105T100000%2F20251105T120000%26details%3DHelp%2Bin%2Bthe%2Bpreservation%2Bof%2Bour%2Blocal%2Bhistory%2Band%2Bcollections%2C%2Bincluding%2Btranscriptionists%2C%2Bpreservationists%2C%2Bdigitizers%2C%2Band%2Borganization%25C2%25A0projects.%26location%3D2525%2BOakley%2BSeaver%2BDr%2C%2BClermont%2C%2BFL%2C%2B34711%2C%2BUnited%2BStates%26trp%3Dfalse%26sprop%3Dhttps%3A%2F%2Fwordpress-810691-5571285.cloudwaysapps.com%2Fevents%2Fpreserving-local-history-2025-11-05%2F%26sprop%3Dname%3APastfinders%26ctz%3DAmerica%2FNew_York&emr=1&followup=https%3A%2F%2Fcalendar.google.com%2Fcalendar%2Fevent%3Faction%3DTEMPLATE%26text%3DPreserving%2BLocal%2BHistory%26dates%3D20251105T100000%2F20251105T120000%26details%3DHelp%2Bin%2Bthe%2Bpreservation%2Bof%2Bour%2Blocal%2Bhistory%2Band%2Bcollections%2C%2Bincluding%2Btranscriptionists%2C%2Bpreservationists%2C%2Bdigitizers%2C%2Band%2Borganization%25C2%25A0projects.%26location%3D2525%2BOakley%2BSeaver%2BDr%2C%2BClermont%2C%2BFL%2C%2B34711%2C%2BUnited%2BStates%26trp%3Dfalse%26sprop%3Dhttps%3A%2F%2Fwordpress-810691-5571285.cloudwaysapps.com%2Fevents%2Fpreserving-local-history-2025-11-05%2F%26sprop%3Dname%3APastfinders%26ctz%3DAmerica%2FNew_York&ifkv=AdBytiPWFlAaOtSLoz00wePdtkCl4Ejr39nocI9It7PuNxHXi9StGxwyEm09t1zt8B6XQAFojIhpOg&osid=1&passive=1209600&service=cl&flowName=WebLiteSignIn&flowEntry=ServiceLogin&dsh=S-1593080991%3A1756758278891674 HTTP/1.1" 200 None
DEBUG:urllib3.connectionpool:https://calendar.google.com:443 "GET /calendar/event?action=TEMPLATE&text=Research+Assistance&dates=20260708T130000/20260708T150000&details=Join+us+weekly+in+the+Genealogy+Room+for+in-person+help+with+your+research.+It%E2%80%99s+a+great+chance+to+get+one-on-one+guidance,+ask+questions,+and+connect+with+others+who+share+your+passion+for+family+history.&location=2525+Oakley+Seaver+Dr,+Clermont,+FL,+34711,+United+States&trp=false&sprop=https://wordpress-810691-5571285.cloudwaysapps.com/events/research-assistance-2025-08-27-2025-09-03-2025-09-10-2025-09-17-2025-09-24-2025-10-01-2025-10-08-2025-10-15-2025-10-22-2025-10-29-2025-11-05-2025-11-12-2025-11-19-2025-11-26-2025-12-03-2-01-2026-07-08/&sprop=name:Pastfinders&ctz=America/New_York HTTP/1.1" 302 0
DEBUG:urllib3.connectionpool:Starting new HTTPS connection (1): accounts.google.com:443
DEBUG:root:✅ Image OK: https://wordpress-810691-5571285.cloudwaysapps.com/wp-content/uploads/2025/08/IMG_0014_3_1566943222-1024x740.webp
DEBUG:root:Checking internal image: https://wordpress-810691-5571285.cloudwaysapps.com/wp-content/uploads/2025/08/IMG_0009_1566943226-1024x561.webp
DEBUG:urllib3.connectionpool:Starting new HTTPS connection (1): wordpress-810691-5571285.cloudwaysapps.com:443
DEBUG:root:✅ Hyperlink OK: https://www.google.com/calendar/event?action=TEMPLATE&text=Preserving+Local+History&dates=20251105T100000/20251105T120000&details=Help+in+the+preservation+of+our+local+history+and+collections%2C+including+transcriptionists%2C+preservationists%2C+digitizers%2C+and+organization%C2%A0projects.&location=2525+Oakley+Seaver+Dr%2C+Clermont%2C+FL%2C+34711%2C+United+States&trp=false&sprop=https%3A%2F%2Fwordpress-810691-5571285.cloudwaysapps.com%2Fevents%2Fpreserving-local-history-2025-11-05%2F&sprop=name:Pastfinders&ctz=America%2FNew_York
DEBUG:root:Checking external hyperlink: https://outlook.office.com/calendar/0/deeplink/compose?allday=false&body=Help+in+the+preservation+of+our+local+history+and+collections%2C+including+transcriptionists%2C+preservationists%2C+digitizers%2C+and+organization%C2%A0projects.&location=2525+Oakley+Seaver+Dr%2C+Clermont%2C+FL%2C+34711%2C+United+States&path=/calendar/action/compose&rru=addevent&startdt=2025-11-05T10%3A00%3A00-05%3A00&enddt=2025-11-05T12%3A00%3A00-05%3A00&subject=Preserving+Local+History
DEBUG:urllib3.connectionpool:Starting new HTTPS connection (1): outlook.office.com:443
DEBUG:urllib3.connectionpool:https://accounts.google.com:443 "GET /ServiceLogin?service=cl&passive=1209600&osid=1&continue=https://calendar.google.com/calendar/event?action%3DTEMPLATE%26text%3DResearch%2BAssistance%26dates%3D20260708T130000/20260708T150000%26details%3DJoin%2Bus%2Bweekly%2Bin%2Bthe%2BGenealogy%2BRoom%2Bfor%2Bin-person%2Bhelp%2Bwith%2Byour%2Bresearch.%2BIt%25E2%2580%2599s%2Ba%2Bgreat%2Bchance%2Bto%2Bget%2Bone-on-one%2Bguidance,%2Bask%2Bquestions,%2Band%2Bconnect%2Bwith%2Bothers%2Bwho%2Bshare%2Byour%2Bpassion%2Bfor%2Bfamily%2Bhistory.%26location%3D2525%2BOakley%2BSeaver%2BDr,%2BClermont,%2BFL,%2B34711,%2BUnited%2BStates%26trp%3Dfalse%26sprop%3Dhttps://wordpress-810691-5571285.cloudwaysapps.com/events/research-assistance-2025-08-27-2025-09-03-2025-09-10-2025-09-17-2025-09-24-2025-10-01-2025-10-08-2025-10-15-2025-10-22-2025-10-29-2025-11-05-2025-11-12-2025-11-19-2025-11-26-2025-12-03-2-01-2026-07-08/%26sprop%3Dname:Pastfinders%26ctz%3DAmerica/New_York&followup=https://calendar.google.com/calendar/event?action%3DTEMPLATE%26text%3DResearch%2BAssistance%26dates%3D20260708T130000/20260708T150000%26details%3DJoin%2Bus%2Bweekly%2Bin%2Bthe%2BGenealogy%2BRoom%2Bfor%2Bin-person%2Bhelp%2Bwith%2Byour%2Bresearch.%2BIt%25E2%2580%2599s%2Ba%2Bgreat%2Bchance%2Bto%2Bget%2Bone-on-one%2Bguidance,%2Bask%2Bquestions,%2Band%2Bconnect%2Bwith%2Bothers%2Bwho%2Bshare%2Byour%2Bpassion%2Bfor%2Bfamily%2Bhistory.%26location%3D2525%2BOakley%2BSeaver%2BDr,%2BClermont,%2BFL,%2B34711,%2BUnited%2BStates%26trp%3Dfalse%26sprop%3Dhttps://wordpress-810691-5571285.cloudwaysapps.com/events/research-assistance-2025-08-27-2025-09-03-2025-09-10-2025-09-17-2025-09-24-2025-10-01-2025-10-08-2025-10-15-2025-10-22-2025-10-29-2025-11-05-2025-11-12-2025-11-19-2025-11-26-2025-12-03-2-01-2026-07-08/%26sprop%3Dname:Pastfinders%26ctz%3DAmerica/New_York&emr=1 HTTP/1.1" 302 0
DEBUG:urllib3.connectionpool:https://accounts.google.com:443 "GET /InteractiveLogin?continue=https://calendar.google.com/calendar/event?action%3DTEMPLATE%26text%3DResearch%2BAssistance%26dates%3D20260708T130000/20260708T150000%26details%3DJoin%2Bus%2Bweekly%2Bin%2Bthe%2BGenealogy%2BRoom%2Bfor%2Bin-person%2Bhelp%2Bwith%2Byour%2Bresearch.%2BIt%25E2%2580%2599s%2Ba%2Bgreat%2Bchance%2Bto%2Bget%2Bone-on-one%2Bguidance,%2Bask%2Bquestions,%2Band%2Bconnect%2Bwith%2Bothers%2Bwho%2Bshare%2Byour%2Bpassion%2Bfor%2Bfamily%2Bhistory.%26location%3D2525%2BOakley%2BSeaver%2BDr,%2BClermont,%2BFL,%2B34711,%2BUnited%2BStates%26trp%3Dfalse%26sprop%3Dhttps://wordpress-810691-5571285.cloudwaysapps.com/events/research-assistance-2025-08-27-2025-09-03-2025-09-10-2025-09-17-2025-09-24-2025-10-01-2025-10-08-2025-10-15-2025-10-22-2025-10-29-2025-11-05-2025-11-12-2025-11-19-2025-11-26-2025-12-03-2-01-2026-07-08/%26sprop%3Dname:Pastfinders%26ctz%3DAmerica/New_York&emr=1&followup=https://calendar.google.com/calendar/event?action%3DTEMPLATE%26text%3DResearch%2BAssistance%26dates%3D20260708T130000/20260708T150000%26details%3DJoin%2Bus%2Bweekly%2Bin%2Bthe%2BGenealogy%2BRoom%2Bfor%2Bin-person%2Bhelp%2Bwith%2Byour%2Bresearch.%2BIt%25E2%2580%2599s%2Ba%2Bgreat%2Bchance%2Bto%2Bget%2Bone-on-one%2Bguidance,%2Bask%2Bquestions,%2Band%2Bconnect%2Bwith%2Bothers%2Bwho%2Bshare%2Byour%2Bpassion%2Bfor%2Bfamily%2Bhistory.%26location%3D2525%2BOakley%2BSeaver%2BDr,%2BClermont,%2BFL,%2B34711,%2BUnited%2BStates%26trp%3Dfalse%26sprop%3Dhttps://wordpress-810691-5571285.cloudwaysapps.com/events/research-assistance-2025-08-27-2025-09-03-2025-09-10-2025-09-17-2025-09-24-2025-10-01-2025-10-08-2025-10-15-2025-10-22-2025-10-29-2025-11-05-2025-11-12-2025-11-19-2025-11-26-2025-12-03-2-01-2026-07-08/%26sprop%3Dname:Pastfinders%26ctz%3DAmerica/New_York&osid=1&passive=1209600&service=cl&ifkv=AdBytiPRU-nhEBIw9Sc6QeVpvhJZexWqr9EXY_vsZHrtuX2At-Ut99isvES6-VZ--JdbJMFsMyPM HTTP/1.1" 302 None
DEBUG:urllib3.connectionpool:https://accounts.google.com:443 "GET /v3/signin/identifier?continue=https%3A%2F%2Fcalendar.google.com%2Fcalendar%2Fevent%3Faction%3DTEMPLATE%26text%3DResearch%2BAssistance%26dates%3D20260708T130000%2F20260708T150000%26details%3DJoin%2Bus%2Bweekly%2Bin%2Bthe%2BGenealogy%2BRoom%2Bfor%2Bin-person%2Bhelp%2Bwith%2Byour%2Bresearch.%2BIt%25E2%2580%2599s%2Ba%2Bgreat%2Bchance%2Bto%2Bget%2Bone-on-one%2Bguidance%2C%2Bask%2Bquestions%2C%2Band%2Bconnect%2Bwith%2Bothers%2Bwho%2Bshare%2Byour%2Bpassion%2Bfor%2Bfamily%2Bhistory.%26location%3D2525%2BOakley%2BSeaver%2BDr%2C%2BClermont%2C%2BFL%2C%2B34711%2C%2BUnited%2BStates%26trp%3Dfalse%26sprop%3Dhttps%3A%2F%2Fwordpress-810691-5571285.cloudwaysapps.com%2Fevents%2Fresearch-assistance-2025-08-27-2025-09-03-2025-09-10-2025-09-17-2025-09-24-2025-10-01-2025-10-08-2025-10-15-2025-10-22-2025-10-29-2025-11-05-2025-11-12-2025-11-19-2025-11-26-2025-12-03-2-01-2026-07-08%2F%26sprop%3Dname%3APastfinders%26ctz%3DAmerica%2FNew_York&emr=1&followup=https%3A%2F%2Fcalendar.google.com%2Fcalendar%2Fevent%3Faction%3DTEMPLATE%26text%3DResearch%2BAssistance%26dates%3D20260708T130000%2F20260708T150000%26details%3DJoin%2Bus%2Bweekly%2Bin%2Bthe%2BGenealogy%2BRoom%2Bfor%2Bin-person%2Bhelp%2Bwith%2Byour%2Bresearch.%2BIt%25E2%2580%2599s%2Ba%2Bgreat%2Bchance%2Bto%2Bget%2Bone-on-one%2Bguidance%2C%2Bask%2Bquestions%2C%2Band%2Bconnect%2Bwith%2Bothers%2Bwho%2Bshare%2Byour%2Bpassion%2Bfor%2Bfamily%2Bhistory.%26location%3D2525%2BOakley%2BSeaver%2BDr%2C%2BClermont%2C%2BFL%2C%2B34711%2C%2BUnited%2BStates%26trp%3Dfalse%26sprop%3Dhttps%3A%2F%2Fwordpress-810691-5571285.cloudwaysapps.com%2Fevents%2Fresearch-assistance-2025-08-27-2025-09-03-2025-09-10-2025-09-17-2025-09-24-2025-10-01-2025-10-08-2025-10-15-2025-10-22-2025-10-29-2025-11-05-2025-11-12-2025-11-19-2025-11-26-2025-12-03-2-01-2026-07-08%2F%26sprop%3Dname%3APastfinders%26ctz%3DAmerica%2FNew_York&ifkv=AdBytiPdvO4FJ0E_WVOBaaBT7p1d-jtB3pbaNIl9-qyH6N8rCk4xmh7_qfyG_VcoP9yps_YGFJzs&osid=1&passive=1209600&service=cl&flowName=WebLiteSignIn&flowEntry=ServiceLogin&dsh=S-1120685403%3A1756758279188945 HTTP/1.1" 200 None
DEBUG:urllib3.connectionpool:https://wordpress-810691-5571285.cloudwaysapps.com:443 "GET /wp-content/uploads/2025/08/IMG_0009_1566943226-1024x561.webp HTTP/1.1" 200 81822
DEBUG:root:✅ Image OK: https://wordpress-810691-5571285.cloudwaysapps.com/wp-content/uploads/2025/08/IMG_0009_1566943226-1024x561.webp
DEBUG:root:Checking internal image: https://wordpress-810691-5571285.cloudwaysapps.com/wp-content/uploads/2025/08/IMG_0011_4_1566943226-946x1024.webp
DEBUG:urllib3.connectionpool:Starting new HTTPS connection (1): wordpress-810691-5571285.cloudwaysapps.com:443
DEBUG:urllib3.connectionpool:https://outlook.office.com:443 "GET /calendar/0/deeplink/compose?allday=false&body=Help+in+the+preservation+of+our+local+history+and+collections%2C+including+transcriptionists%2C+preservationists%2C+digitizers%2C+and+organization%C2%A0projects.&location=2525+Oakley+Seaver+Dr%2C+Clermont%2C+FL%2C+34711%2C+United+States&path=/calendar/action/compose&rru=addevent&startdt=2025-11-05T10%3A00%3A00-05%3A00&enddt=2025-11-05T12%3A00%3A00-05%3A00&subject=Preserving+Local+History HTTP/1.1" 200 None
DEBUG:root:✅ Hyperlink OK: https://outlook.office.com/calendar/0/deeplink/compose?allday=false&body=Help+in+the+preservation+of+our+local+history+and+collections%2C+including+transcriptionists%2C+preservationists%2C+digitizers%2C+and+organization%C2%A0projects.&location=2525+Oakley+Seaver+Dr%2C+Clermont%2C+FL%2C+34711%2C+United+States&path=/calendar/action/compose&rru=addevent&startdt=2025-11-05T10%3A00%3A00-05%3A00&enddt=2025-11-05T12%3A00%3A00-05%3A00&subject=Preserving+Local+History
DEBUG:root:Checking external hyperlink: https://outlook.live.com/calendar/0/deeplink/compose?allday=false&body=Help+in+the+preservation+of+our+local+history+and+collections%2C+including+transcriptionists%2C+preservationists%2C+digitizers%2C+and+organization%C2%A0projects.&location=2525+Oakley+Seaver+Dr%2C+Clermont%2C+FL%2C+34711%2C+United+States&path=/calendar/action/compose&rru=addevent&startdt=2025-11-05T10%3A00%3A00-05%3A00&enddt=2025-11-05T12%3A00%3A00-05%3A00&subject=Preserving+Local+History
DEBUG:root:✅ Hyperlink OK: https://www.google.com/calendar/event?action=TEMPLATE&text=Research+Assistance&dates=20260708T130000/20260708T150000&details=Join+us+weekly+in+the+Genealogy+Room+for+in-person+help+with+your+research.+It%E2%80%99s+a+great+chance+to+get+one-on-one+guidance%2C+ask+questions%2C+and+connect+with+others+who+share+your+passion+for+family+history.&location=2525+Oakley+Seaver+Dr%2C+Clermont%2C+FL%2C+34711%2C+United+States&trp=false&sprop=https%3A%2F%2Fwordpress-810691-5571285.cloudwaysapps.com%2Fevents%2Fresearch-assistance-2025-08-27-2025-09-03-2025-09-10-2025-09-17-2025-09-24-2025-10-01-2025-10-08-2025-10-15-2025-10-22-2025-10-29-2025-11-05-2025-11-12-2025-11-19-2025-11-26-2025-12-03-2-01-2026-07-08%2F&sprop=name:Pastfinders&ctz=America%2FNew_York
DEBUG:root:Checking external hyperlink: https://outlook.office.com/calendar/0/deeplink/compose?allday=false&body=Join+us+weekly+in+the+Genealogy+Room+for+in-person+help+with+your+research.+It%E2%80%99s+a+great+chance+to+get+one-on-one+guidance%2C+ask+questions%2C+and+connect+with+others+who+share+your+passion+for+family+history.&location=2525+Oakley+Seaver+Dr%2C+Clermont%2C+FL%2C+34711%2C+United+States&path=/calendar/action/compose&rru=addevent&startdt=2026-07-08T13%3A00%3A00-04%3A00&enddt=2026-07-08T15%3A00%3A00-04%3A00&subject=Research+Assistance
DEBUG:urllib3.connectionpool:Starting new HTTPS connection (1): outlook.live.com:443
DEBUG:urllib3.connectionpool:Starting new HTTPS connection (1): outlook.office.com:443
DEBUG:urllib3.connectionpool:https://outlook.live.com:443 "GET /calendar/0/deeplink/compose?allday=false&body=Help+in+the+preservation+of+our+local+history+and+collections%2C+including+transcriptionists%2C+preservationists%2C+digitizers%2C+and+organization%C2%A0projects.&location=2525+Oakley+Seaver+Dr%2C+Clermont%2C+FL%2C+34711%2C+United+States&path=/calendar/action/compose&rru=addevent&startdt=2025-11-05T10%3A00%3A00-05%3A00&enddt=2025-11-05T12%3A00%3A00-05%3A00&subject=Preserving+Local+History HTTP/1.1" 200 None
DEBUG:root:✅ Hyperlink OK: https://outlook.live.com/calendar/0/deeplink/compose?allday=false&body=Help+in+the+preservation+of+our+local+history+and+collections%2C+including+transcriptionists%2C+preservationists%2C+digitizers%2C+and+organization%C2%A0projects.&location=2525+Oakley+Seaver+Dr%2C+Clermont%2C+FL%2C+34711%2C+United+States&path=/calendar/action/compose&rru=addevent&startdt=2025-11-05T10%3A00%3A00-05%3A00&enddt=2025-11-05T12%3A00%3A00-05%3A00&subject=Preserving+Local+History
DEBUG:root:Using regex pattern: \b[a-zA-Z]{3,}\b
DEBUG:root:Found 44 words to check in https://wordpress-810691-5571285.cloudwaysapps.com/events/preserving-local-history-2025-11-05/ (min_length=3)
DEBUG:root:Sample words from https://wordpress-810691-5571285.cloudwaysapps.com/events/preserving-local-history-2025-11-05/: ['This', 'alert', 'Skip', 'content', 'Preserving', 'Local', 'History', 'When', 'November', 'Add']
DEBUG:root:Misspelled word found: 'transcriptionists' in https://wordpress-810691-5571285.cloudwaysapps.com/events/preserving-local-history-2025-11-05/
DEBUG:root:Spell check results for https://wordpress-810691-5571285.cloudwaysapps.com/events/preserving-local-history-2025-11-05/: 17 words checked, 27 skipped, 1 errors found
INFO:root:✅ Processed https://wordpress-810691-5571285.cloudwaysapps.com/events/preserving-local-history-2025-11-05/: 1 errors found, 65 words checked
DEBUG:root:Attempting to fetch: https://wordpress-810691-5571285.cloudwaysapps.com/subject/genealogy-societies/
Processing pages:  74%|███████▍  | 281/381 [02:35<00:58,  1.71it/s]DEBUG:urllib3.connectionpool:https://wordpress-810691-5571285.cloudwaysapps.com:443 "GET /wp-content/uploads/2025/08/IMG_0011_4_1566943226-946x1024.webp HTTP/1.1" 200 175468
DEBUG:urllib3.connectionpool:https://outlook.office.com:443 "GET /calendar/0/deeplink/compose?allday=false&body=Join+us+weekly+in+the+Genealogy+Room+for+in-person+help+with+your+research.+It%E2%80%99s+a+great+chance+to+get+one-on-one+guidance%2C+ask+questions%2C+and+connect+with+others+who+share+your+passion+for+family+history.&location=2525+Oakley+Seaver+Dr%2C+Clermont%2C+FL%2C+34711%2C+United+States&path=/calendar/action/compose&rru=addevent&startdt=2026-07-08T13%3A00%3A00-04%3A00&enddt=2026-07-08T15%3A00%3A00-04%3A00&subject=Research+Assistance HTTP/1.1" 200 None
DEBUG:root:✅ Hyperlink OK: https://outlook.office.com/calendar/0/deeplink/compose?allday=false&body=Join+us+weekly+in+the+Genealogy+Room+for+in-person+help+with+your+research.+It%E2%80%99s+a+great+chance+to+get+one-on-one+guidance%2C+ask+questions%2C+and+connect+with+others+who+share+your+passion+for+family+history.&location=2525+Oakley+Seaver+Dr%2C+Clermont%2C+FL%2C+34711%2C+United+States&path=/calendar/action/compose&rru=addevent&startdt=2026-07-08T13%3A00%3A00-04%3A00&enddt=2026-07-08T15%3A00%3A00-04%3A00&subject=Research+Assistance
DEBUG:root:Checking external hyperlink: https://outlook.live.com/calendar/0/deeplink/compose?allday=false&body=Join+us+weekly+in+the+Genealogy+Room+for+in-person+help+with+your+research.+It%E2%80%99s+a+great+chance+to+get+one-on-one+guidance%2C+ask+questions%2C+and+connect+with+others+who+share+your+passion+for+family+history.&location=2525+Oakley+Seaver+Dr%2C+Clermont%2C+FL%2C+34711%2C+United+States&path=/calendar/action/compose&rru=addevent&startdt=2026-07-08T13%3A00%3A00-04%3A00&enddt=2026-07-08T15%3A00%3A00-04%3A00&subject=Research+Assistance
DEBUG:urllib3.connectionpool:Starting new HTTPS connection (1): outlook.live.com:443
DEBUG:root:✅ Image OK: https://wordpress-810691-5571285.cloudwaysapps.com/wp-content/uploads/2025/08/IMG_0011_4_1566943226-946x1024.webp
DEBUG:root:Checking internal image: https://wordpress-810691-5571285.cloudwaysapps.com/wp-content/uploads/2025/08/IMG_0009_1566943222-1024x561.webp
DEBUG:urllib3.connectionpool:Starting new HTTPS connection (1): wordpress-810691-5571285.cloudwaysapps.com:443
DEBUG:urllib3.connectionpool:https://wordpress-810691-5571285.cloudwaysapps.com:443 "GET /events/research-assistance-2025-08-27-2025-09-03-2025-09-10-2025-09-17-2025-09-24-2025-10-01-2025-10-08-2025-10-15-2025-10-22-2025-10-29-2025-11-05-2025-11-12-2025-11-19-2025-11-26-2025-12-03-2-09-2026-09-16/ HTTP/1.1" 200 None
DEBUG:root:Successfully fetched https://wordpress-810691-5571285.cloudwaysapps.com/events/research-assistance-2025-08-27-2025-09-03-2025-09-10-2025-09-17-2025-09-24-2025-10-01-2025-10-08-2025-10-15-2025-10-22-2025-10-29-2025-11-05-2025-11-12-2025-11-19-2025-11-26-2025-12-03-2-09-2026-09-16/ (Content-Length: 44221)
DEBUG:charset_normalizer:Encoding detection: utf_8 is most likely the one.
DEBUG:root:Extracted 493 characters, 85 words from https://wordpress-810691-5571285.cloudwaysapps.com/events/research-assistance-2025-08-27-2025-09-03-2025-09-10-2025-09-17-2025-09-24-2025-10-01-2025-10-08-2025-10-15-2025-10-22-2025-10-29-2025-11-05-2025-11-12-2025-11-19-2025-11-26-2025-12-03-2-09-2026-09-16/
DEBUG:root:Checking external hyperlink: https://www.google.com/calendar/event?action=TEMPLATE&text=Research+Assistance&dates=20260916T130000/20260916T150000&details=Join+us+weekly+in+the+Genealogy+Room+for+in-person+help+with+your+research.+It%E2%80%99s+a+great+chance+to+get+one-on-one+guidance%2C+ask+questions%2C+and+connect+with+others+who+share+your+passion+for+family+history.&location=2525+Oakley+Seaver+Dr%2C+Clermont%2C+FL%2C+34711%2C+United+States&trp=false&sprop=https%3A%2F%2Fwordpress-810691-5571285.cloudwaysapps.com%2Fevents%2Fresearch-assistance-2025-08-27-2025-09-03-2025-09-10-2025-09-17-2025-09-24-2025-10-01-2025-10-08-2025-10-15-2025-10-22-2025-10-29-2025-11-05-2025-11-12-2025-11-19-2025-11-26-2025-12-03-2-09-2026-09-16%2F&sprop=name:Pastfinders&ctz=America%2FNew_York
DEBUG:urllib3.connectionpool:Starting new HTTPS connection (1): www.google.com:443
DEBUG:urllib3.connectionpool:https://outlook.live.com:443 "GET /calendar/0/deeplink/compose?allday=false&body=Join+us+weekly+in+the+Genealogy+Room+for+in-person+help+with+your+research.+It%E2%80%99s+a+great+chance+to+get+one-on-one+guidance%2C+ask+questions%2C+and+connect+with+others+who+share+your+passion+for+family+history.&location=2525+Oakley+Seaver+Dr%2C+Clermont%2C+FL%2C+34711%2C+United+States&path=/calendar/action/compose&rru=addevent&startdt=2026-07-08T13%3A00%3A00-04%3A00&enddt=2026-07-08T15%3A00%3A00-04%3A00&subject=Research+Assistance HTTP/1.1" 200 None
DEBUG:root:✅ Hyperlink OK: https://outlook.live.com/calendar/0/deeplink/compose?allday=false&body=Join+us+weekly+in+the+Genealogy+Room+for+in-person+help+with+your+research.+It%E2%80%99s+a+great+chance+to+get+one-on-one+guidance%2C+ask+questions%2C+and+connect+with+others+who+share+your+passion+for+family+history.&location=2525+Oakley+Seaver+Dr%2C+Clermont%2C+FL%2C+34711%2C+United+States&path=/calendar/action/compose&rru=addevent&startdt=2026-07-08T13%3A00%3A00-04%3A00&enddt=2026-07-08T15%3A00%3A00-04%3A00&subject=Research+Assistance
DEBUG:root:Using regex pattern: \b[a-zA-Z]{3,}\b
DEBUG:root:Found 58 words to check in https://wordpress-810691-5571285.cloudwaysapps.com/events/research-assistance-2025-08-27-2025-09-03-2025-09-10-2025-09-17-2025-09-24-2025-10-01-2025-10-08-2025-10-15-2025-10-22-2025-10-29-2025-11-05-2025-11-12-2025-11-19-2025-11-26-2025-12-03-2-01-2026-07-08/ (min_length=3)
DEBUG:root:Sample words from https://wordpress-810691-5571285.cloudwaysapps.com/events/research-assistance-2025-08-27-2025-09-03-2025-09-10-2025-09-17-2025-09-24-2025-10-01-2025-10-08-2025-10-15-2025-10-22-2025-10-29-2025-11-05-2025-11-12-2025-11-19-2025-11-26-2025-12-03-2-01-2026-07-08/: ['This', 'alert', 'Skip', 'content', 'Research', 'Assistance', 'When', 'July', 'Add', 'Calendar']
DEBUG:root:Spell check results for https://wordpress-810691-5571285.cloudwaysapps.com/events/research-assistance-2025-08-27-2025-09-03-2025-09-10-2025-09-17-2025-09-24-2025-10-01-2025-10-08-2025-10-15-2025-10-22-2025-10-29-2025-11-05-2025-11-12-2025-11-19-2025-11-26-2025-12-03-2-01-2026-07-08/: 30 words checked, 28 skipped, 0 errors found
INFO:root:✅ Processed https://wordpress-810691-5571285.cloudwaysapps.com/events/research-assistance-2025-08-27-2025-09-03-2025-09-10-2025-09-17-2025-09-24-2025-10-01-2025-10-08-2025-10-15-2025-10-22-2025-10-29-2025-11-05-2025-11-12-2025-11-19-2025-11-26-2025-12-03-2-01-2026-07-08/: 0 errors found, 85 words checked
DEBUG:root:Attempting to fetch: https://wordpress-810691-5571285.cloudwaysapps.com/events/preserving-local-history-2025-10-01/
Processing pages:  74%|███████▍  | 282/381 [02:35<00:51,  1.93it/s]DEBUG:urllib3.connectionpool:https://www.google.com:443 "GET /calendar/event?action=TEMPLATE&text=Research+Assistance&dates=20260916T130000/20260916T150000&details=Join+us+weekly+in+the+Genealogy+Room+for+in-person+help+with+your+research.+It%E2%80%99s+a+great+chance+to+get+one-on-one+guidance%2C+ask+questions%2C+and+connect+with+others+who+share+your+passion+for+family+history.&location=2525+Oakley+Seaver+Dr%2C+Clermont%2C+FL%2C+34711%2C+United+States&trp=false&sprop=https%3A%2F%2Fwordpress-810691-5571285.cloudwaysapps.com%2Fevents%2Fresearch-assistance-2025-08-27-2025-09-03-2025-09-10-2025-09-17-2025-09-24-2025-10-01-2025-10-08-2025-10-15-2025-10-22-2025-10-29-2025-11-05-2025-11-12-2025-11-19-2025-11-26-2025-12-03-2-09-2026-09-16%2F&sprop=name:Pastfinders&ctz=America%2FNew_York HTTP/1.1" 302 0
DEBUG:urllib3.connectionpool:Starting new HTTPS connection (1): calendar.google.com:443
DEBUG:urllib3.connectionpool:https://wordpress-810691-5571285.cloudwaysapps.com:443 "GET /wp-content/uploads/2025/08/IMG_0009_1566943222-1024x561.webp HTTP/1.1" 200 81822
DEBUG:root:✅ Image OK: https://wordpress-810691-5571285.cloudwaysapps.com/wp-content/uploads/2025/08/IMG_0009_1566943222-1024x561.webp
DEBUG:root:Using regex pattern: \b[a-zA-Z]{3,}\b
DEBUG:root:Found 83 words to check in https://wordpress-810691-5571285.cloudwaysapps.com/galleries/2015-pastfinders-news/ (min_length=3)
DEBUG:root:Sample words from https://wordpress-810691-5571285.cloudwaysapps.com/galleries/2015-pastfinders-news/: ['This', 'alert', 'Skip', 'content', 'Pastfinders', 'News', 'images', 'Click', 'view', 'Click']
DEBUG:root:Spell check results for https://wordpress-810691-5571285.cloudwaysapps.com/galleries/2015-pastfinders-news/: 39 words checked, 44 skipped, 0 errors found
INFO:root:✅ Processed https://wordpress-810691-5571285.cloudwaysapps.com/galleries/2015-pastfinders-news/: 0 errors found, 167 words checked
DEBUG:root:Attempting to fetch: https://wordpress-810691-5571285.cloudwaysapps.com/resources/eastmans-online-genealogy-newsletter/
DEBUG:urllib3.connectionpool:https://calendar.google.com:443 "GET /calendar/event?action=TEMPLATE&text=Research+Assistance&dates=20260916T130000/20260916T150000&details=Join+us+weekly+in+the+Genealogy+Room+for+in-person+help+with+your+research.+It%E2%80%99s+a+great+chance+to+get+one-on-one+guidance,+ask+questions,+and+connect+with+others+who+share+your+passion+for+family+history.&location=2525+Oakley+Seaver+Dr,+Clermont,+FL,+34711,+United+States&trp=false&sprop=https://wordpress-810691-5571285.cloudwaysapps.com/events/research-assistance-2025-08-27-2025-09-03-2025-09-10-2025-09-17-2025-09-24-2025-10-01-2025-10-08-2025-10-15-2025-10-22-2025-10-29-2025-11-05-2025-11-12-2025-11-19-2025-11-26-2025-12-03-2-09-2026-09-16/&sprop=name:Pastfinders&ctz=America/New_York HTTP/1.1" 302 0
DEBUG:urllib3.connectionpool:Starting new HTTPS connection (1): accounts.google.com:443
DEBUG:urllib3.connectionpool:https://accounts.google.com:443 "GET /ServiceLogin?service=cl&passive=1209600&osid=1&continue=https://calendar.google.com/calendar/event?action%3DTEMPLATE%26text%3DResearch%2BAssistance%26dates%3D20260916T130000/20260916T150000%26details%3DJoin%2Bus%2Bweekly%2Bin%2Bthe%2BGenealogy%2BRoom%2Bfor%2Bin-person%2Bhelp%2Bwith%2Byour%2Bresearch.%2BIt%25E2%2580%2599s%2Ba%2Bgreat%2Bchance%2Bto%2Bget%2Bone-on-one%2Bguidance,%2Bask%2Bquestions,%2Band%2Bconnect%2Bwith%2Bothers%2Bwho%2Bshare%2Byour%2Bpassion%2Bfor%2Bfamily%2Bhistory.%26location%3D2525%2BOakley%2BSeaver%2BDr,%2BClermont,%2BFL,%2B34711,%2BUnited%2BStates%26trp%3Dfalse%26sprop%3Dhttps://wordpress-810691-5571285.cloudwaysapps.com/events/research-assistance-2025-08-27-2025-09-03-2025-09-10-2025-09-17-2025-09-24-2025-10-01-2025-10-08-2025-10-15-2025-10-22-2025-10-29-2025-11-05-2025-11-12-2025-11-19-2025-11-26-2025-12-03-2-09-2026-09-16/%26sprop%3Dname:Pastfinders%26ctz%3DAmerica/New_York&followup=https://calendar.google.com/calendar/event?action%3DTEMPLATE%26text%3DResearch%2BAssistance%26dates%3D20260916T130000/20260916T150000%26details%3DJoin%2Bus%2Bweekly%2Bin%2Bthe%2BGenealogy%2BRoom%2Bfor%2Bin-person%2Bhelp%2Bwith%2Byour%2Bresearch.%2BIt%25E2%2580%2599s%2Ba%2Bgreat%2Bchance%2Bto%2Bget%2Bone-on-one%2Bguidance,%2Bask%2Bquestions,%2Band%2Bconnect%2Bwith%2Bothers%2Bwho%2Bshare%2Byour%2Bpassion%2Bfor%2Bfamily%2Bhistory.%26location%3D2525%2BOakley%2BSeaver%2BDr,%2BClermont,%2BFL,%2B34711,%2BUnited%2BStates%26trp%3Dfalse%26sprop%3Dhttps://wordpress-810691-5571285.cloudwaysapps.com/events/research-assistance-2025-08-27-2025-09-03-2025-09-10-2025-09-17-2025-09-24-2025-10-01-2025-10-08-2025-10-15-2025-10-22-2025-10-29-2025-11-05-2025-11-12-2025-11-19-2025-11-26-2025-12-03-2-09-2026-09-16/%26sprop%3Dname:Pastfinders%26ctz%3DAmerica/New_York&emr=1 HTTP/1.1" 302 0
DEBUG:urllib3.connectionpool:https://accounts.google.com:443 "GET /InteractiveLogin?continue=https://calendar.google.com/calendar/event?action%3DTEMPLATE%26text%3DResearch%2BAssistance%26dates%3D20260916T130000/20260916T150000%26details%3DJoin%2Bus%2Bweekly%2Bin%2Bthe%2BGenealogy%2BRoom%2Bfor%2Bin-person%2Bhelp%2Bwith%2Byour%2Bresearch.%2BIt%25E2%2580%2599s%2Ba%2Bgreat%2Bchance%2Bto%2Bget%2Bone-on-one%2Bguidance,%2Bask%2Bquestions,%2Band%2Bconnect%2Bwith%2Bothers%2Bwho%2Bshare%2Byour%2Bpassion%2Bfor%2Bfamily%2Bhistory.%26location%3D2525%2BOakley%2BSeaver%2BDr,%2BClermont,%2BFL,%2B34711,%2BUnited%2BStates%26trp%3Dfalse%26sprop%3Dhttps://wordpress-810691-5571285.cloudwaysapps.com/events/research-assistance-2025-08-27-2025-09-03-2025-09-10-2025-09-17-2025-09-24-2025-10-01-2025-10-08-2025-10-15-2025-10-22-2025-10-29-2025-11-05-2025-11-12-2025-11-19-2025-11-26-2025-12-03-2-09-2026-09-16/%26sprop%3Dname:Pastfinders%26ctz%3DAmerica/New_York&emr=1&followup=https://calendar.google.com/calendar/event?action%3DTEMPLATE%26text%3DResearch%2BAssistance%26dates%3D20260916T130000/20260916T150000%26details%3DJoin%2Bus%2Bweekly%2Bin%2Bthe%2BGenealogy%2BRoom%2Bfor%2Bin-person%2Bhelp%2Bwith%2Byour%2Bresearch.%2BIt%25E2%2580%2599s%2Ba%2Bgreat%2Bchance%2Bto%2Bget%2Bone-on-one%2Bguidance,%2Bask%2Bquestions,%2Band%2Bconnect%2Bwith%2Bothers%2Bwho%2Bshare%2Byour%2Bpassion%2Bfor%2Bfamily%2Bhistory.%26location%3D2525%2BOakley%2BSeaver%2BDr,%2BClermont,%2BFL,%2B34711,%2BUnited%2BStates%26trp%3Dfalse%26sprop%3Dhttps://wordpress-810691-5571285.cloudwaysapps.com/events/research-assistance-2025-08-27-2025-09-03-2025-09-10-2025-09-17-2025-09-24-2025-10-01-2025-10-08-2025-10-15-2025-10-22-2025-10-29-2025-11-05-2025-11-12-2025-11-19-2025-11-26-2025-12-03-2-09-2026-09-16/%26sprop%3Dname:Pastfinders%26ctz%3DAmerica/New_York&osid=1&passive=1209600&service=cl&ifkv=AdBytiPQaXF1r_-APBXnCzUBiJ4dnmJi5d6-4tUZdieA8vdBaBYn2aj3sb1CFNjS6nfBn440hLxW HTTP/1.1" 302 None
DEBUG:urllib3.connectionpool:https://wordpress-810691-5571285.cloudwaysapps.com:443 "GET /events/preserving-local-history-2025-10-01/ HTTP/1.1" 200 None
DEBUG:root:Successfully fetched https://wordpress-810691-5571285.cloudwaysapps.com/events/preserving-local-history-2025-10-01/ (Content-Length: 42514)
DEBUG:urllib3.connectionpool:https://accounts.google.com:443 "GET /v3/signin/identifier?continue=https%3A%2F%2Fcalendar.google.com%2Fcalendar%2Fevent%3Faction%3DTEMPLATE%26text%3DResearch%2BAssistance%26dates%3D20260916T130000%2F20260916T150000%26details%3DJoin%2Bus%2Bweekly%2Bin%2Bthe%2BGenealogy%2BRoom%2Bfor%2Bin-person%2Bhelp%2Bwith%2Byour%2Bresearch.%2BIt%25E2%2580%2599s%2Ba%2Bgreat%2Bchance%2Bto%2Bget%2Bone-on-one%2Bguidance%2C%2Bask%2Bquestions%2C%2Band%2Bconnect%2Bwith%2Bothers%2Bwho%2Bshare%2Byour%2Bpassion%2Bfor%2Bfamily%2Bhistory.%26location%3D2525%2BOakley%2BSeaver%2BDr%2C%2BClermont%2C%2BFL%2C%2B34711%2C%2BUnited%2BStates%26trp%3Dfalse%26sprop%3Dhttps%3A%2F%2Fwordpress-810691-5571285.cloudwaysapps.com%2Fevents%2Fresearch-assistance-2025-08-27-2025-09-03-2025-09-10-2025-09-17-2025-09-24-2025-10-01-2025-10-08-2025-10-15-2025-10-22-2025-10-29-2025-11-05-2025-11-12-2025-11-19-2025-11-26-2025-12-03-2-09-2026-09-16%2F%26sprop%3Dname%3APastfinders%26ctz%3DAmerica%2FNew_York&emr=1&followup=https%3A%2F%2Fcalendar.google.com%2Fcalendar%2Fevent%3Faction%3DTEMPLATE%26text%3DResearch%2BAssistance%26dates%3D20260916T130000%2F20260916T150000%26details%3DJoin%2Bus%2Bweekly%2Bin%2Bthe%2BGenealogy%2BRoom%2Bfor%2Bin-person%2Bhelp%2Bwith%2Byour%2Bresearch.%2BIt%25E2%2580%2599s%2Ba%2Bgreat%2Bchance%2Bto%2Bget%2Bone-on-one%2Bguidance%2C%2Bask%2Bquestions%2C%2Band%2Bconnect%2Bwith%2Bothers%2Bwho%2Bshare%2Byour%2Bpassion%2Bfor%2Bfamily%2Bhistory.%26location%3D2525%2BOakley%2BSeaver%2BDr%2C%2BClermont%2C%2BFL%2C%2B34711%2C%2BUnited%2BStates%26trp%3Dfalse%26sprop%3Dhttps%3A%2F%2Fwordpress-810691-5571285.cloudwaysapps.com%2Fevents%2Fresearch-assistance-2025-08-27-2025-09-03-2025-09-10-2025-09-17-2025-09-24-2025-10-01-2025-10-08-2025-10-15-2025-10-22-2025-10-29-2025-11-05-2025-11-12-2025-11-19-2025-11-26-2025-12-03-2-09-2026-09-16%2F%26sprop%3Dname%3APastfinders%26ctz%3DAmerica%2FNew_York&ifkv=AdBytiP_LlX8BOcuuAEbhxAtlejrWrtGs3nsWVZtdgViFLP1dD12mRmw2e3YxGw00hlT9PaEgrbQ&osid=1&passive=1209600&service=cl&flowName=WebLiteSignIn&flowEntry=ServiceLogin&dsh=S1159410553%3A1756758280229970 HTTP/1.1" 200 None
DEBUG:urllib3.connectionpool:https://wordpress-810691-5571285.cloudwaysapps.com:443 "GET /resources/eastmans-online-genealogy-newsletter/ HTTP/1.1" 200 None
DEBUG:charset_normalizer:Encoding detection: utf_8 is most likely the one.
DEBUG:root:Successfully fetched https://wordpress-810691-5571285.cloudwaysapps.com/resources/eastmans-online-genealogy-newsletter/ (Content-Length: 38996)
DEBUG:charset_normalizer:Encoding detection: utf_8 is most likely the one.
DEBUG:root:Extracted 445 characters, 65 words from https://wordpress-810691-5571285.cloudwaysapps.com/events/preserving-local-history-2025-10-01/
DEBUG:root:Checking external hyperlink: https://www.google.com/calendar/event?action=TEMPLATE&text=Preserving+Local+History&dates=20251001T100000/20251001T120000&details=Help+in+the+preservation+of+our+local+history+and+collections%2C+including+transcriptionists%2C+preservationists%2C+digitizers%2C+and+organization%C2%A0projects.&location=2525+Oakley+Seaver+Dr%2C+Clermont%2C+FL%2C+34711%2C+United+States&trp=false&sprop=https%3A%2F%2Fwordpress-810691-5571285.cloudwaysapps.com%2Fevents%2Fpreserving-local-history-2025-10-01%2F&sprop=name:Pastfinders&ctz=America%2FNew_York
DEBUG:root:Extracted 704 characters, 120 words from https://wordpress-810691-5571285.cloudwaysapps.com/resources/eastmans-online-genealogy-newsletter/
DEBUG:root:Using regex pattern: \b[a-zA-Z]{3,}\b
DEBUG:root:Found 90 words to check in https://wordpress-810691-5571285.cloudwaysapps.com/resources/eastmans-online-genealogy-newsletter/ (min_length=3)
DEBUG:root:Sample words from https://wordpress-810691-5571285.cloudwaysapps.com/resources/eastmans-online-genealogy-newsletter/: ['This', 'alert', 'Skip', 'content', 'Eastman', 'Online', 'Genealogy', 'Newsletter', 'November', 'Dick']
DEBUG:root:Spell check results for https://wordpress-810691-5571285.cloudwaysapps.com/resources/eastmans-online-genealogy-newsletter/: 70 words checked, 20 skipped, 0 errors found
INFO:root:✅ Processed https://wordpress-810691-5571285.cloudwaysapps.com/resources/eastmans-online-genealogy-newsletter/: 0 errors found, 120 words checked
DEBUG:root:Attempting to fetch: https://wordpress-810691-5571285.cloudwaysapps.com/events/research-assistance-2025-08-27-2025-09-03-2025-09-10-2025-09-17-2025-09-24-2025-10-01-2025-10-08-2025-10-15-2025-10-22-2025-10-29-2025-11-05-2025-11-12-2025-11-19-2025-11-26-2025-12-03-2-20-2026-05-27/
Processing pages:  75%|███████▍  | 284/381 [02:36<00:39,  2.47it/s]DEBUG:urllib3.connectionpool:Starting new HTTPS connection (1): www.google.com:443
DEBUG:root:✅ Hyperlink OK: https://www.google.com/calendar/event?action=TEMPLATE&text=Research+Assistance&dates=20260916T130000/20260916T150000&details=Join+us+weekly+in+the+Genealogy+Room+for+in-person+help+with+your+research.+It%E2%80%99s+a+great+chance+to+get+one-on-one+guidance%2C+ask+questions%2C+and+connect+with+others+who+share+your+passion+for+family+history.&location=2525+Oakley+Seaver+Dr%2C+Clermont%2C+FL%2C+34711%2C+United+States&trp=false&sprop=https%3A%2F%2Fwordpress-810691-5571285.cloudwaysapps.com%2Fevents%2Fresearch-assistance-2025-08-27-2025-09-03-2025-09-10-2025-09-17-2025-09-24-2025-10-01-2025-10-08-2025-10-15-2025-10-22-2025-10-29-2025-11-05-2025-11-12-2025-11-19-2025-11-26-2025-12-03-2-09-2026-09-16%2F&sprop=name:Pastfinders&ctz=America%2FNew_York
DEBUG:root:Checking external hyperlink: https://outlook.office.com/calendar/0/deeplink/compose?allday=false&body=Join+us+weekly+in+the+Genealogy+Room+for+in-person+help+with+your+research.+It%E2%80%99s+a+great+chance+to+get+one-on-one+guidance%2C+ask+questions%2C+and+connect+with+others+who+share+your+passion+for+family+history.&location=2525+Oakley+Seaver+Dr%2C+Clermont%2C+FL%2C+34711%2C+United+States&path=/calendar/action/compose&rru=addevent&startdt=2026-09-16T13%3A00%3A00-04%3A00&enddt=2026-09-16T15%3A00%3A00-04%3A00&subject=Research+Assistance
DEBUG:urllib3.connectionpool:Starting new HTTPS connection (1): outlook.office.com:443
DEBUG:root:✅ Document OK: https://pastfindersslc.org/upload/newsletters/1999_Summer.pdf
DEBUG:root:Checking external document: https://pastfindersslc.org/upload/newsletters/1999_Spring.pdf
DEBUG:urllib3.connectionpool:Starting new HTTPS connection (1): pastfindersslc.org:443
DEBUG:urllib3.connectionpool:https://www.google.com:443 "GET /calendar/event?action=TEMPLATE&text=Preserving+Local+History&dates=20251001T100000/20251001T120000&details=Help+in+the+preservation+of+our+local+history+and+collections%2C+including+transcriptionists%2C+preservationists%2C+digitizers%2C+and+organization%C2%A0projects.&location=2525+Oakley+Seaver+Dr%2C+Clermont%2C+FL%2C+34711%2C+United+States&trp=false&sprop=https%3A%2F%2Fwordpress-810691-5571285.cloudwaysapps.com%2Fevents%2Fpreserving-local-history-2025-10-01%2F&sprop=name:Pastfinders&ctz=America%2FNew_York HTTP/1.1" 302 0
DEBUG:urllib3.connectionpool:Starting new HTTPS connection (1): calendar.google.com:443
DEBUG:urllib3.connectionpool:https://outlook.office.com:443 "GET /calendar/0/deeplink/compose?allday=false&body=Join+us+weekly+in+the+Genealogy+Room+for+in-person+help+with+your+research.+It%E2%80%99s+a+great+chance+to+get+one-on-one+guidance%2C+ask+questions%2C+and+connect+with+others+who+share+your+passion+for+family+history.&location=2525+Oakley+Seaver+Dr%2C+Clermont%2C+FL%2C+34711%2C+United+States&path=/calendar/action/compose&rru=addevent&startdt=2026-09-16T13%3A00%3A00-04%3A00&enddt=2026-09-16T15%3A00%3A00-04%3A00&subject=Research+Assistance HTTP/1.1" 200 None
DEBUG:root:✅ Hyperlink OK: https://outlook.office.com/calendar/0/deeplink/compose?allday=false&body=Join+us+weekly+in+the+Genealogy+Room+for+in-person+help+with+your+research.+It%E2%80%99s+a+great+chance+to+get+one-on-one+guidance%2C+ask+questions%2C+and+connect+with+others+who+share+your+passion+for+family+history.&location=2525+Oakley+Seaver+Dr%2C+Clermont%2C+FL%2C+34711%2C+United+States&path=/calendar/action/compose&rru=addevent&startdt=2026-09-16T13%3A00%3A00-04%3A00&enddt=2026-09-16T15%3A00%3A00-04%3A00&subject=Research+Assistance
DEBUG:root:Checking external hyperlink: https://outlook.live.com/calendar/0/deeplink/compose?allday=false&body=Join+us+weekly+in+the+Genealogy+Room+for+in-person+help+with+your+research.+It%E2%80%99s+a+great+chance+to+get+one-on-one+guidance%2C+ask+questions%2C+and+connect+with+others+who+share+your+passion+for+family+history.&location=2525+Oakley+Seaver+Dr%2C+Clermont%2C+FL%2C+34711%2C+United+States&path=/calendar/action/compose&rru=addevent&startdt=2026-09-16T13%3A00%3A00-04%3A00&enddt=2026-09-16T15%3A00%3A00-04%3A00&subject=Research+Assistance
DEBUG:urllib3.connectionpool:https://pastfindersslc.org:443 "GET /upload/newsletters/1999_Spring.pdf HTTP/1.1" 200 8491670
DEBUG:urllib3.connectionpool:Starting new HTTPS connection (1): outlook.live.com:443
DEBUG:urllib3.connectionpool:https://calendar.google.com:443 "GET /calendar/event?action=TEMPLATE&text=Preserving+Local+History&dates=20251001T100000/20251001T120000&details=Help+in+the+preservation+of+our+local+history+and+collections,+including+transcriptionists,+preservationists,+digitizers,+and+organization%C2%A0projects.&location=2525+Oakley+Seaver+Dr,+Clermont,+FL,+34711,+United+States&trp=false&sprop=https://wordpress-810691-5571285.cloudwaysapps.com/events/preserving-local-history-2025-10-01/&sprop=name:Pastfinders&ctz=America/New_York HTTP/1.1" 302 0
DEBUG:urllib3.connectionpool:Starting new HTTPS connection (1): accounts.google.com:443
DEBUG:urllib3.connectionpool:https://accounts.google.com:443 "GET /ServiceLogin?service=cl&passive=1209600&osid=1&continue=https://calendar.google.com/calendar/event?action%3DTEMPLATE%26text%3DPreserving%2BLocal%2BHistory%26dates%3D20251001T100000/20251001T120000%26details%3DHelp%2Bin%2Bthe%2Bpreservation%2Bof%2Bour%2Blocal%2Bhistory%2Band%2Bcollections,%2Bincluding%2Btranscriptionists,%2Bpreservationists,%2Bdigitizers,%2Band%2Borganization%25C2%25A0projects.%26location%3D2525%2BOakley%2BSeaver%2BDr,%2BClermont,%2BFL,%2B34711,%2BUnited%2BStates%26trp%3Dfalse%26sprop%3Dhttps://wordpress-810691-5571285.cloudwaysapps.com/events/preserving-local-history-2025-10-01/%26sprop%3Dname:Pastfinders%26ctz%3DAmerica/New_York&followup=https://calendar.google.com/calendar/event?action%3DTEMPLATE%26text%3DPreserving%2BLocal%2BHistory%26dates%3D20251001T100000/20251001T120000%26details%3DHelp%2Bin%2Bthe%2Bpreservation%2Bof%2Bour%2Blocal%2Bhistory%2Band%2Bcollections,%2Bincluding%2Btranscriptionists,%2Bpreservationists,%2Bdigitizers,%2Band%2Borganization%25C2%25A0projects.%26location%3D2525%2BOakley%2BSeaver%2BDr,%2BClermont,%2BFL,%2B34711,%2BUnited%2BStates%26trp%3Dfalse%26sprop%3Dhttps://wordpress-810691-5571285.cloudwaysapps.com/events/preserving-local-history-2025-10-01/%26sprop%3Dname:Pastfinders%26ctz%3DAmerica/New_York&emr=1 HTTP/1.1" 302 0
DEBUG:urllib3.connectionpool:https://outlook.live.com:443 "GET /calendar/0/deeplink/compose?allday=false&body=Join+us+weekly+in+the+Genealogy+Room+for+in-person+help+with+your+research.+It%E2%80%99s+a+great+chance+to+get+one-on-one+guidance%2C+ask+questions%2C+and+connect+with+others+who+share+your+passion+for+family+history.&location=2525+Oakley+Seaver+Dr%2C+Clermont%2C+FL%2C+34711%2C+United+States&path=/calendar/action/compose&rru=addevent&startdt=2026-09-16T13%3A00%3A00-04%3A00&enddt=2026-09-16T15%3A00%3A00-04%3A00&subject=Research+Assistance HTTP/1.1" 200 None
DEBUG:root:✅ Hyperlink OK: https://outlook.live.com/calendar/0/deeplink/compose?allday=false&body=Join+us+weekly+in+the+Genealogy+Room+for+in-person+help+with+your+research.+It%E2%80%99s+a+great+chance+to+get+one-on-one+guidance%2C+ask+questions%2C+and+connect+with+others+who+share+your+passion+for+family+history.&location=2525+Oakley+Seaver+Dr%2C+Clermont%2C+FL%2C+34711%2C+United+States&path=/calendar/action/compose&rru=addevent&startdt=2026-09-16T13%3A00%3A00-04%3A00&enddt=2026-09-16T15%3A00%3A00-04%3A00&subject=Research+Assistance
DEBUG:root:Using regex pattern: \b[a-zA-Z]{3,}\b
DEBUG:root:Found 58 words to check in https://wordpress-810691-5571285.cloudwaysapps.com/events/research-assistance-2025-08-27-2025-09-03-2025-09-10-2025-09-17-2025-09-24-2025-10-01-2025-10-08-2025-10-15-2025-10-22-2025-10-29-2025-11-05-2025-11-12-2025-11-19-2025-11-26-2025-12-03-2-09-2026-09-16/ (min_length=3)
DEBUG:root:Sample words from https://wordpress-810691-5571285.cloudwaysapps.com/events/research-assistance-2025-08-27-2025-09-03-2025-09-10-2025-09-17-2025-09-24-2025-10-01-2025-10-08-2025-10-15-2025-10-22-2025-10-29-2025-11-05-2025-11-12-2025-11-19-2025-11-26-2025-12-03-2-09-2026-09-16/: ['This', 'alert', 'Skip', 'content', 'Research', 'Assistance', 'When', 'September', 'Add', 'Calendar']
DEBUG:root:Spell check results for https://wordpress-810691-5571285.cloudwaysapps.com/events/research-assistance-2025-08-27-2025-09-03-2025-09-10-2025-09-17-2025-09-24-2025-10-01-2025-10-08-2025-10-15-2025-10-22-2025-10-29-2025-11-05-2025-11-12-2025-11-19-2025-11-26-2025-12-03-2-09-2026-09-16/: 30 words checked, 28 skipped, 0 errors found
INFO:root:✅ Processed https://wordpress-810691-5571285.cloudwaysapps.com/events/research-assistance-2025-08-27-2025-09-03-2025-09-10-2025-09-17-2025-09-24-2025-10-01-2025-10-08-2025-10-15-2025-10-22-2025-10-29-2025-11-05-2025-11-12-2025-11-19-2025-11-26-2025-12-03-2-09-2026-09-16/: 0 errors found, 85 words checked
DEBUG:root:Attempting to fetch: https://wordpress-810691-5571285.cloudwaysapps.com/galleries/2019-scouts-bsa-merit-badge/
Processing pages:  75%|███████▍  | 285/381 [02:36<00:39,  2.44it/s]DEBUG:urllib3.connectionpool:https://accounts.google.com:443 "GET /InteractiveLogin?continue=https://calendar.google.com/calendar/event?action%3DTEMPLATE%26text%3DPreserving%2BLocal%2BHistory%26dates%3D20251001T100000/20251001T120000%26details%3DHelp%2Bin%2Bthe%2Bpreservation%2Bof%2Bour%2Blocal%2Bhistory%2Band%2Bcollections,%2Bincluding%2Btranscriptionists,%2Bpreservationists,%2Bdigitizers,%2Band%2Borganization%25C2%25A0projects.%26location%3D2525%2BOakley%2BSeaver%2BDr,%2BClermont,%2BFL,%2B34711,%2BUnited%2BStates%26trp%3Dfalse%26sprop%3Dhttps://wordpress-810691-5571285.cloudwaysapps.com/events/preserving-local-history-2025-10-01/%26sprop%3Dname:Pastfinders%26ctz%3DAmerica/New_York&emr=1&followup=https://calendar.google.com/calendar/event?action%3DTEMPLATE%26text%3DPreserving%2BLocal%2BHistory%26dates%3D20251001T100000/20251001T120000%26details%3DHelp%2Bin%2Bthe%2Bpreservation%2Bof%2Bour%2Blocal%2Bhistory%2Band%2Bcollections,%2Bincluding%2Btranscriptionists,%2Bpreservationists,%2Bdigitizers,%2Band%2Borganization%25C2%25A0projects.%26location%3D2525%2BOakley%2BSeaver%2BDr,%2BClermont,%2BFL,%2B34711,%2BUnited%2BStates%26trp%3Dfalse%26sprop%3Dhttps://wordpress-810691-5571285.cloudwaysapps.com/events/preserving-local-history-2025-10-01/%26sprop%3Dname:Pastfinders%26ctz%3DAmerica/New_York&osid=1&passive=1209600&service=cl&ifkv=AdBytiNNDhHOgw58yg5H2lrXPFz8fUQfdxVImZSSgjtu6camKBKvV7ZOXEWhhIoeLAjXALd_0X9jkg HTTP/1.1" 302 None
DEBUG:urllib3.connectionpool:https://accounts.google.com:443 "GET /v3/signin/identifier?continue=https%3A%2F%2Fcalendar.google.com%2Fcalendar%2Fevent%3Faction%3DTEMPLATE%26text%3DPreserving%2BLocal%2BHistory%26dates%3D20251001T100000%2F20251001T120000%26details%3DHelp%2Bin%2Bthe%2Bpreservation%2Bof%2Bour%2Blocal%2Bhistory%2Band%2Bcollections%2C%2Bincluding%2Btranscriptionists%2C%2Bpreservationists%2C%2Bdigitizers%2C%2Band%2Borganization%25C2%25A0projects.%26location%3D2525%2BOakley%2BSeaver%2BDr%2C%2BClermont%2C%2BFL%2C%2B34711%2C%2BUnited%2BStates%26trp%3Dfalse%26sprop%3Dhttps%3A%2F%2Fwordpress-810691-5571285.cloudwaysapps.com%2Fevents%2Fpreserving-local-history-2025-10-01%2F%26sprop%3Dname%3APastfinders%26ctz%3DAmerica%2FNew_York&emr=1&followup=https%3A%2F%2Fcalendar.google.com%2Fcalendar%2Fevent%3Faction%3DTEMPLATE%26text%3DPreserving%2BLocal%2BHistory%26dates%3D20251001T100000%2F20251001T120000%26details%3DHelp%2Bin%2Bthe%2Bpreservation%2Bof%2Bour%2Blocal%2Bhistory%2Band%2Bcollections%2C%2Bincluding%2Btranscriptionists%2C%2Bpreservationists%2C%2Bdigitizers%2C%2Band%2Borganization%25C2%25A0projects.%26location%3D2525%2BOakley%2BSeaver%2BDr%2C%2BClermont%2C%2BFL%2C%2B34711%2C%2BUnited%2BStates%26trp%3Dfalse%26sprop%3Dhttps%3A%2F%2Fwordpress-810691-5571285.cloudwaysapps.com%2Fevents%2Fpreserving-local-history-2025-10-01%2F%26sprop%3Dname%3APastfinders%26ctz%3DAmerica%2FNew_York&ifkv=AdBytiNxPvsG2t1ml8SC_ZbKennowSJZBzu2uQzfOmwiD5mbAPHHk6kYh2xkexEMgwjuNXB2PBJKcw&osid=1&passive=1209600&service=cl&flowName=WebLiteSignIn&flowEntry=ServiceLogin&dsh=S335808308%3A1756758280837378 HTTP/1.1" 200 None
DEBUG:urllib3.connectionpool:https://wordpress-810691-5571285.cloudwaysapps.com:443 "GET /galleries/2019-scouts-bsa-merit-badge/ HTTP/1.1" 200 None
DEBUG:root:Successfully fetched https://wordpress-810691-5571285.cloudwaysapps.com/galleries/2019-scouts-bsa-merit-badge/ (Content-Length: 152339)
DEBUG:charset_normalizer:Encoding detection: utf_8 is most likely the one.
DEBUG:root:✅ Hyperlink OK: https://www.google.com/calendar/event?action=TEMPLATE&text=Preserving+Local+History&dates=20251001T100000/20251001T120000&details=Help+in+the+preservation+of+our+local+history+and+collections%2C+including+transcriptionists%2C+preservationists%2C+digitizers%2C+and+organization%C2%A0projects.&location=2525+Oakley+Seaver+Dr%2C+Clermont%2C+FL%2C+34711%2C+United+States&trp=false&sprop=https%3A%2F%2Fwordpress-810691-5571285.cloudwaysapps.com%2Fevents%2Fpreserving-local-history-2025-10-01%2F&sprop=name:Pastfinders&ctz=America%2FNew_York
DEBUG:root:Checking external hyperlink: https://outlook.office.com/calendar/0/deeplink/compose?allday=false&body=Help+in+the+preservation+of+our+local+history+and+collections%2C+including+transcriptionists%2C+preservationists%2C+digitizers%2C+and+organization%C2%A0projects.&location=2525+Oakley+Seaver+Dr%2C+Clermont%2C+FL%2C+34711%2C+United+States&path=/calendar/action/compose&rru=addevent&startdt=2025-10-01T10%3A00%3A00-04%3A00&enddt=2025-10-01T12%3A00%3A00-04%3A00&subject=Preserving+Local+History
DEBUG:urllib3.connectionpool:Starting new HTTPS connection (1): outlook.office.com:443
DEBUG:root:Extracted 980 characters, 221 words from https://wordpress-810691-5571285.cloudwaysapps.com/galleries/2019-scouts-bsa-merit-badge/
DEBUG:root:Checking internal image: https://wordpress-810691-5571285.cloudwaysapps.com/wp-content/uploads/2025/08/IMG_2153_1556584877-1024x683.webp
DEBUG:urllib3.connectionpool:Starting new HTTPS connection (1): wordpress-810691-5571285.cloudwaysapps.com:443
DEBUG:urllib3.connectionpool:https://outlook.office.com:443 "GET /calendar/0/deeplink/compose?allday=false&body=Help+in+the+preservation+of+our+local+history+and+collections%2C+including+transcriptionists%2C+preservationists%2C+digitizers%2C+and+organization%C2%A0projects.&location=2525+Oakley+Seaver+Dr%2C+Clermont%2C+FL%2C+34711%2C+United+States&path=/calendar/action/compose&rru=addevent&startdt=2025-10-01T10%3A00%3A00-04%3A00&enddt=2025-10-01T12%3A00%3A00-04%3A00&subject=Preserving+Local+History HTTP/1.1" 200 None
DEBUG:urllib3.connectionpool:https://wordpress-810691-5571285.cloudwaysapps.com:443 "GET /subject/genealogy-societies/ HTTP/1.1" 404 None
DEBUG:root:✅ Hyperlink OK: https://outlook.office.com/calendar/0/deeplink/compose?allday=false&body=Help+in+the+preservation+of+our+local+history+and+collections%2C+including+transcriptionists%2C+preservationists%2C+digitizers%2C+and+organization%C2%A0projects.&location=2525+Oakley+Seaver+Dr%2C+Clermont%2C+FL%2C+34711%2C+United+States&path=/calendar/action/compose&rru=addevent&startdt=2025-10-01T10%3A00%3A00-04%3A00&enddt=2025-10-01T12%3A00%3A00-04%3A00&subject=Preserving+Local+History
DEBUG:root:Checking external hyperlink: https://outlook.live.com/calendar/0/deeplink/compose?allday=false&body=Help+in+the+preservation+of+our+local+history+and+collections%2C+including+transcriptionists%2C+preservationists%2C+digitizers%2C+and+organization%C2%A0projects.&location=2525+Oakley+Seaver+Dr%2C+Clermont%2C+FL%2C+34711%2C+United+States&path=/calendar/action/compose&rru=addevent&startdt=2025-10-01T10%3A00%3A00-04%3A00&enddt=2025-10-01T12%3A00%3A00-04%3A00&subject=Preserving+Local+History
DEBUG:urllib3.connectionpool:Starting new HTTPS connection (1): outlook.live.com:443
WARNING:root:❌ HTTP 404 for https://wordpress-810691-5571285.cloudwaysapps.com/subject/genealogy-societies/ - Not Found
DEBUG:root:Attempting to fetch: https://wordpress-810691-5571285.cloudwaysapps.com/membership-login/
Processing pages:  75%|███████▌  | 286/381 [02:37<00:45,  2.08it/s]DEBUG:urllib3.connectionpool:https://wordpress-810691-5571285.cloudwaysapps.com:443 "GET /wp-content/uploads/2025/08/IMG_2153_1556584877-1024x683.webp HTTP/1.1" 200 94044
DEBUG:urllib3.connectionpool:https://wordpress-810691-5571285.cloudwaysapps.com:443 "GET /membership-login/ HTTP/1.1" 200 None
DEBUG:root:Successfully fetched https://wordpress-810691-5571285.cloudwaysapps.com/membership-login/ (Content-Length: 40360)
DEBUG:charset_normalizer:Encoding detection: utf_8 is most likely the one.
DEBUG:root:✅ Image OK: https://wordpress-810691-5571285.cloudwaysapps.com/wp-content/uploads/2025/08/IMG_2153_1556584877-1024x683.webp
DEBUG:root:Checking internal image: https://wordpress-810691-5571285.cloudwaysapps.com/wp-content/uploads/2025/08/IMG_2135_1556367129-1024x683.webp
DEBUG:urllib3.connectionpool:Starting new HTTPS connection (1): wordpress-810691-5571285.cloudwaysapps.com:443
DEBUG:root:Extracted 129 characters, 22 words from https://wordpress-810691-5571285.cloudwaysapps.com/membership-login/
DEBUG:root:Checking internal javascript: https://wordpress-810691-5571285.cloudwaysapps.com/wp-content/plugins/simple-membership/js/swpm.password-toggle.js?ver=4.6.5
DEBUG:urllib3.connectionpool:Starting new HTTPS connection (1): wordpress-810691-5571285.cloudwaysapps.com:443
DEBUG:urllib3.connectionpool:https://outlook.live.com:443 "GET /calendar/0/deeplink/compose?allday=false&body=Help+in+the+preservation+of+our+local+history+and+collections%2C+including+transcriptionists%2C+preservationists%2C+digitizers%2C+and+organization%C2%A0projects.&location=2525+Oakley+Seaver+Dr%2C+Clermont%2C+FL%2C+34711%2C+United+States&path=/calendar/action/compose&rru=addevent&startdt=2025-10-01T10%3A00%3A00-04%3A00&enddt=2025-10-01T12%3A00%3A00-04%3A00&subject=Preserving+Local+History HTTP/1.1" 200 None
DEBUG:root:✅ Hyperlink OK: https://outlook.live.com/calendar/0/deeplink/compose?allday=false&body=Help+in+the+preservation+of+our+local+history+and+collections%2C+including+transcriptionists%2C+preservationists%2C+digitizers%2C+and+organization%C2%A0projects.&location=2525+Oakley+Seaver+Dr%2C+Clermont%2C+FL%2C+34711%2C+United+States&path=/calendar/action/compose&rru=addevent&startdt=2025-10-01T10%3A00%3A00-04%3A00&enddt=2025-10-01T12%3A00%3A00-04%3A00&subject=Preserving+Local+History
DEBUG:root:Using regex pattern: \b[a-zA-Z]{3,}\b
DEBUG:root:Found 44 words to check in https://wordpress-810691-5571285.cloudwaysapps.com/events/preserving-local-history-2025-10-01/ (min_length=3)
DEBUG:root:Sample words from https://wordpress-810691-5571285.cloudwaysapps.com/events/preserving-local-history-2025-10-01/: ['This', 'alert', 'Skip', 'content', 'Preserving', 'Local', 'History', 'When', 'October', 'Add']
DEBUG:root:Misspelled word found: 'transcriptionists' in https://wordpress-810691-5571285.cloudwaysapps.com/events/preserving-local-history-2025-10-01/
DEBUG:root:Spell check results for https://wordpress-810691-5571285.cloudwaysapps.com/events/preserving-local-history-2025-10-01/: 17 words checked, 27 skipped, 1 errors found
INFO:root:✅ Processed https://wordpress-810691-5571285.cloudwaysapps.com/events/preserving-local-history-2025-10-01/: 1 errors found, 65 words checked
DEBUG:root:Attempting to fetch: https://wordpress-810691-5571285.cloudwaysapps.com/events/research-assistance-2025-08-27-2025-09-03-2025-09-10-2025-09-17-2025-09-24-2025-10-01-2025-10-08-2025-10-15-2025-10-22-2025-10-29-2025-11-05-2025-11-12-2025-11-19-2025-11-26-2025-12-03-2-04-2026-03-11/
Processing pages:  75%|███████▌  | 287/381 [02:37<00:37,  2.52it/s]DEBUG:urllib3.connectionpool:https://wordpress-810691-5571285.cloudwaysapps.com:443 "GET /events/research-assistance-2025-08-27-2025-09-03-2025-09-10-2025-09-17-2025-09-24-2025-10-01-2025-10-08-2025-10-15-2025-10-22-2025-10-29-2025-11-05-2025-11-12-2025-11-19-2025-11-26-2025-12-03-2-20-2026-05-27/ HTTP/1.1" 200 None
DEBUG:root:Successfully fetched https://wordpress-810691-5571285.cloudwaysapps.com/events/research-assistance-2025-08-27-2025-09-03-2025-09-10-2025-09-17-2025-09-24-2025-10-01-2025-10-08-2025-10-15-2025-10-22-2025-10-29-2025-11-05-2025-11-12-2025-11-19-2025-11-26-2025-12-03-2-20-2026-05-27/ (Content-Length: 44169)
DEBUG:charset_normalizer:Encoding detection: utf_8 is most likely the one.
DEBUG:root:Extracted 487 characters, 85 words from https://wordpress-810691-5571285.cloudwaysapps.com/events/research-assistance-2025-08-27-2025-09-03-2025-09-10-2025-09-17-2025-09-24-2025-10-01-2025-10-08-2025-10-15-2025-10-22-2025-10-29-2025-11-05-2025-11-12-2025-11-19-2025-11-26-2025-12-03-2-20-2026-05-27/
DEBUG:root:Checking external hyperlink: https://www.google.com/calendar/event?action=TEMPLATE&text=Research+Assistance&dates=20260527T130000/20260527T150000&details=Join+us+weekly+in+the+Genealogy+Room+for+in-person+help+with+your+research.+It%E2%80%99s+a+great+chance+to+get+one-on-one+guidance%2C+ask+questions%2C+and+connect+with+others+who+share+your+passion+for+family+history.&location=2525+Oakley+Seaver+Dr%2C+Clermont%2C+FL%2C+34711%2C+United+States&trp=false&sprop=https%3A%2F%2Fwordpress-810691-5571285.cloudwaysapps.com%2Fevents%2Fresearch-assistance-2025-08-27-2025-09-03-2025-09-10-2025-09-17-2025-09-24-2025-10-01-2025-10-08-2025-10-15-2025-10-22-2025-10-29-2025-11-05-2025-11-12-2025-11-19-2025-11-26-2025-12-03-2-20-2026-05-27%2F&sprop=name:Pastfinders&ctz=America%2FNew_York
DEBUG:urllib3.connectionpool:https://wordpress-810691-5571285.cloudwaysapps.com:443 "GET /wp-content/plugins/simple-membership/js/swpm.password-toggle.js?ver=4.6.5 HTTP/1.1" 200 None
DEBUG:root:✅ Javascript OK: https://wordpress-810691-5571285.cloudwaysapps.com/wp-content/plugins/simple-membership/js/swpm.password-toggle.js?ver=4.6.5
DEBUG:root:Using regex pattern: \b[a-zA-Z]{3,}\b
DEBUG:root:Found 15 words to check in https://wordpress-810691-5571285.cloudwaysapps.com/membership-login/ (min_length=3)
DEBUG:root:Sample words from https://wordpress-810691-5571285.cloudwaysapps.com/membership-login/: ['This', 'alert', 'Skip', 'content', 'Member', 'Login', 'Username', 'Email', 'Password', 'Show']
DEBUG:root:Spell check results for https://wordpress-810691-5571285.cloudwaysapps.com/membership-login/: 3 words checked, 12 skipped, 0 errors found
INFO:root:✅ Processed https://wordpress-810691-5571285.cloudwaysapps.com/membership-login/: 0 errors found, 22 words checked
DEBUG:root:Attempting to fetch: https://wordpress-810691-5571285.cloudwaysapps.com/membership-login/password-reset/
Processing pages:  76%|███████▌  | 288/381 [02:37<00:36,  2.58it/s]DEBUG:urllib3.connectionpool:Starting new HTTPS connection (1): www.google.com:443
DEBUG:urllib3.connectionpool:https://wordpress-810691-5571285.cloudwaysapps.com:443 "GET /membership-login/password-reset/ HTTP/1.1" 200 None
DEBUG:root:Successfully fetched https://wordpress-810691-5571285.cloudwaysapps.com/membership-login/password-reset/ (Content-Length: 38893)
DEBUG:charset_normalizer:Encoding detection: utf_8 is most likely the one.
DEBUG:root:Extracted 104 characters, 16 words from https://wordpress-810691-5571285.cloudwaysapps.com/membership-login/password-reset/
DEBUG:root:Using regex pattern: \b[a-zA-Z]{3,}\b
DEBUG:root:Found 12 words to check in https://wordpress-810691-5571285.cloudwaysapps.com/membership-login/password-reset/ (min_length=3)
DEBUG:root:Sample words from https://wordpress-810691-5571285.cloudwaysapps.com/membership-login/password-reset/: ['This', 'alert', 'Skip', 'content', 'Password', 'Reset', 'Email', 'Address', 'Processing', 'password']
DEBUG:root:Spell check results for https://wordpress-810691-5571285.cloudwaysapps.com/membership-login/password-reset/: 5 words checked, 7 skipped, 0 errors found
INFO:root:✅ Processed https://wordpress-810691-5571285.cloudwaysapps.com/membership-login/password-reset/: 0 errors found, 16 words checked
DEBUG:root:Attempting to fetch: https://wordpress-810691-5571285.cloudwaysapps.com/events/preserving-local-history-2026-03-25/
DEBUG:urllib3.connectionpool:https://wordpress-810691-5571285.cloudwaysapps.com:443 "GET /wp-content/uploads/2025/08/IMG_2135_1556367129-1024x683.webp HTTP/1.1" 200 27828
DEBUG:urllib3.connectionpool:https://wordpress-810691-5571285.cloudwaysapps.com:443 "GET /events/preserving-local-history-2026-03-25/ HTTP/1.1" 200 None
DEBUG:root:✅ Image OK: https://wordpress-810691-5571285.cloudwaysapps.com/wp-content/uploads/2025/08/IMG_2135_1556367129-1024x683.webp
DEBUG:root:Checking internal image: https://wordpress-810691-5571285.cloudwaysapps.com/wp-content/uploads/2025/08/IMG_2137_1556367129-1024x683.webp
DEBUG:root:Successfully fetched https://wordpress-810691-5571285.cloudwaysapps.com/events/preserving-local-history-2026-03-25/ (Content-Length: 43610)
DEBUG:charset_normalizer:Encoding detection: utf_8 is most likely the one.
DEBUG:urllib3.connectionpool:Starting new HTTPS connection (1): wordpress-810691-5571285.cloudwaysapps.com:443
DEBUG:root:Extracted 444 characters, 65 words from https://wordpress-810691-5571285.cloudwaysapps.com/events/preserving-local-history-2026-03-25/
DEBUG:root:Checking external hyperlink: https://www.google.com/calendar/event?action=TEMPLATE&text=Preserving+Local+History&dates=20260325T100000/20260325T120000&details=Help+in+the+preservation+of+our+local+history+and+collections%2C+including+transcriptionists%2C+preservationists%2C+digitizers%2C+and+organization%C2%A0projects.&location=2525+Oakley+Seaver+Dr%2C+Clermont%2C+FL%2C+34711%2C+United+States&trp=false&sprop=https%3A%2F%2Fwordpress-810691-5571285.cloudwaysapps.com%2Fevents%2Fpreserving-local-history-2026-03-25%2F&sprop=name:Pastfinders&ctz=America%2FNew_York
DEBUG:urllib3.connectionpool:https://www.google.com:443 "GET /calendar/event?action=TEMPLATE&text=Research+Assistance&dates=20260527T130000/20260527T150000&details=Join+us+weekly+in+the+Genealogy+Room+for+in-person+help+with+your+research.+It%E2%80%99s+a+great+chance+to+get+one-on-one+guidance%2C+ask+questions%2C+and+connect+with+others+who+share+your+passion+for+family+history.&location=2525+Oakley+Seaver+Dr%2C+Clermont%2C+FL%2C+34711%2C+United+States&trp=false&sprop=https%3A%2F%2Fwordpress-810691-5571285.cloudwaysapps.com%2Fevents%2Fresearch-assistance-2025-08-27-2025-09-03-2025-09-10-2025-09-17-2025-09-24-2025-10-01-2025-10-08-2025-10-15-2025-10-22-2025-10-29-2025-11-05-2025-11-12-2025-11-19-2025-11-26-2025-12-03-2-20-2026-05-27%2F&sprop=name:Pastfinders&ctz=America%2FNew_York HTTP/1.1" 302 0
DEBUG:urllib3.connectionpool:Starting new HTTPS connection (1): www.google.com:443
DEBUG:urllib3.connectionpool:Starting new HTTPS connection (1): calendar.google.com:443
DEBUG:urllib3.connectionpool:https://www.google.com:443 "GET /calendar/event?action=TEMPLATE&text=Preserving+Local+History&dates=20260325T100000/20260325T120000&details=Help+in+the+preservation+of+our+local+history+and+collections%2C+including+transcriptionists%2C+preservationists%2C+digitizers%2C+and+organization%C2%A0projects.&location=2525+Oakley+Seaver+Dr%2C+Clermont%2C+FL%2C+34711%2C+United+States&trp=false&sprop=https%3A%2F%2Fwordpress-810691-5571285.cloudwaysapps.com%2Fevents%2Fpreserving-local-history-2026-03-25%2F&sprop=name:Pastfinders&ctz=America%2FNew_York HTTP/1.1" 302 0
DEBUG:urllib3.connectionpool:Starting new HTTPS connection (1): calendar.google.com:443
DEBUG:urllib3.connectionpool:https://calendar.google.com:443 "GET /calendar/event?action=TEMPLATE&text=Research+Assistance&dates=20260527T130000/20260527T150000&details=Join+us+weekly+in+the+Genealogy+Room+for+in-person+help+with+your+research.+It%E2%80%99s+a+great+chance+to+get+one-on-one+guidance,+ask+questions,+and+connect+with+others+who+share+your+passion+for+family+history.&location=2525+Oakley+Seaver+Dr,+Clermont,+FL,+34711,+United+States&trp=false&sprop=https://wordpress-810691-5571285.cloudwaysapps.com/events/research-assistance-2025-08-27-2025-09-03-2025-09-10-2025-09-17-2025-09-24-2025-10-01-2025-10-08-2025-10-15-2025-10-22-2025-10-29-2025-11-05-2025-11-12-2025-11-19-2025-11-26-2025-12-03-2-20-2026-05-27/&sprop=name:Pastfinders&ctz=America/New_York HTTP/1.1" 302 0
DEBUG:urllib3.connectionpool:Starting new HTTPS connection (1): accounts.google.com:443
DEBUG:urllib3.connectionpool:https://wordpress-810691-5571285.cloudwaysapps.com:443 "GET /wp-content/uploads/2025/08/IMG_2137_1556367129-1024x683.webp HTTP/1.1" 200 55954
DEBUG:urllib3.connectionpool:https://calendar.google.com:443 "GET /calendar/event?action=TEMPLATE&text=Preserving+Local+History&dates=20260325T100000/20260325T120000&details=Help+in+the+preservation+of+our+local+history+and+collections,+including+transcriptionists,+preservationists,+digitizers,+and+organization%C2%A0projects.&location=2525+Oakley+Seaver+Dr,+Clermont,+FL,+34711,+United+States&trp=false&sprop=https://wordpress-810691-5571285.cloudwaysapps.com/events/preserving-local-history-2026-03-25/&sprop=name:Pastfinders&ctz=America/New_York HTTP/1.1" 302 0
DEBUG:root:✅ Image OK: https://wordpress-810691-5571285.cloudwaysapps.com/wp-content/uploads/2025/08/IMG_2137_1556367129-1024x683.webp
DEBUG:root:Checking internal image: https://wordpress-810691-5571285.cloudwaysapps.com/wp-content/uploads/2025/08/IMG_2159_1556584965-1024x683.webp
DEBUG:urllib3.connectionpool:Starting new HTTPS connection (1): wordpress-810691-5571285.cloudwaysapps.com:443
DEBUG:urllib3.connectionpool:Starting new HTTPS connection (1): accounts.google.com:443
DEBUG:urllib3.connectionpool:https://accounts.google.com:443 "GET /ServiceLogin?service=cl&passive=1209600&osid=1&continue=https://calendar.google.com/calendar/event?action%3DTEMPLATE%26text%3DResearch%2BAssistance%26dates%3D20260527T130000/20260527T150000%26details%3DJoin%2Bus%2Bweekly%2Bin%2Bthe%2BGenealogy%2BRoom%2Bfor%2Bin-person%2Bhelp%2Bwith%2Byour%2Bresearch.%2BIt%25E2%2580%2599s%2Ba%2Bgreat%2Bchance%2Bto%2Bget%2Bone-on-one%2Bguidance,%2Bask%2Bquestions,%2Band%2Bconnect%2Bwith%2Bothers%2Bwho%2Bshare%2Byour%2Bpassion%2Bfor%2Bfamily%2Bhistory.%26location%3D2525%2BOakley%2BSeaver%2BDr,%2BClermont,%2BFL,%2B34711,%2BUnited%2BStates%26trp%3Dfalse%26sprop%3Dhttps://wordpress-810691-5571285.cloudwaysapps.com/events/research-assistance-2025-08-27-2025-09-03-2025-09-10-2025-09-17-2025-09-24-2025-10-01-2025-10-08-2025-10-15-2025-10-22-2025-10-29-2025-11-05-2025-11-12-2025-11-19-2025-11-26-2025-12-03-2-20-2026-05-27/%26sprop%3Dname:Pastfinders%26ctz%3DAmerica/New_York&followup=https://calendar.google.com/calendar/event?action%3DTEMPLATE%26text%3DResearch%2BAssistance%26dates%3D20260527T130000/20260527T150000%26details%3DJoin%2Bus%2Bweekly%2Bin%2Bthe%2BGenealogy%2BRoom%2Bfor%2Bin-person%2Bhelp%2Bwith%2Byour%2Bresearch.%2BIt%25E2%2580%2599s%2Ba%2Bgreat%2Bchance%2Bto%2Bget%2Bone-on-one%2Bguidance,%2Bask%2Bquestions,%2Band%2Bconnect%2Bwith%2Bothers%2Bwho%2Bshare%2Byour%2Bpassion%2Bfor%2Bfamily%2Bhistory.%26location%3D2525%2BOakley%2BSeaver%2BDr,%2BClermont,%2BFL,%2B34711,%2BUnited%2BStates%26trp%3Dfalse%26sprop%3Dhttps://wordpress-810691-5571285.cloudwaysapps.com/events/research-assistance-2025-08-27-2025-09-03-2025-09-10-2025-09-17-2025-09-24-2025-10-01-2025-10-08-2025-10-15-2025-10-22-2025-10-29-2025-11-05-2025-11-12-2025-11-19-2025-11-26-2025-12-03-2-20-2026-05-27/%26sprop%3Dname:Pastfinders%26ctz%3DAmerica/New_York&emr=1 HTTP/1.1" 302 0
DEBUG:urllib3.connectionpool:https://accounts.google.com:443 "GET /InteractiveLogin?continue=https://calendar.google.com/calendar/event?action%3DTEMPLATE%26text%3DResearch%2BAssistance%26dates%3D20260527T130000/20260527T150000%26details%3DJoin%2Bus%2Bweekly%2Bin%2Bthe%2BGenealogy%2BRoom%2Bfor%2Bin-person%2Bhelp%2Bwith%2Byour%2Bresearch.%2BIt%25E2%2580%2599s%2Ba%2Bgreat%2Bchance%2Bto%2Bget%2Bone-on-one%2Bguidance,%2Bask%2Bquestions,%2Band%2Bconnect%2Bwith%2Bothers%2Bwho%2Bshare%2Byour%2Bpassion%2Bfor%2Bfamily%2Bhistory.%26location%3D2525%2BOakley%2BSeaver%2BDr,%2BClermont,%2BFL,%2B34711,%2BUnited%2BStates%26trp%3Dfalse%26sprop%3Dhttps://wordpress-810691-5571285.cloudwaysapps.com/events/research-assistance-2025-08-27-2025-09-03-2025-09-10-2025-09-17-2025-09-24-2025-10-01-2025-10-08-2025-10-15-2025-10-22-2025-10-29-2025-11-05-2025-11-12-2025-11-19-2025-11-26-2025-12-03-2-20-2026-05-27/%26sprop%3Dname:Pastfinders%26ctz%3DAmerica/New_York&emr=1&followup=https://calendar.google.com/calendar/event?action%3DTEMPLATE%26text%3DResearch%2BAssistance%26dates%3D20260527T130000/20260527T150000%26details%3DJoin%2Bus%2Bweekly%2Bin%2Bthe%2BGenealogy%2BRoom%2Bfor%2Bin-person%2Bhelp%2Bwith%2Byour%2Bresearch.%2BIt%25E2%2580%2599s%2Ba%2Bgreat%2Bchance%2Bto%2Bget%2Bone-on-one%2Bguidance,%2Bask%2Bquestions,%2Band%2Bconnect%2Bwith%2Bothers%2Bwho%2Bshare%2Byour%2Bpassion%2Bfor%2Bfamily%2Bhistory.%26location%3D2525%2BOakley%2BSeaver%2BDr,%2BClermont,%2BFL,%2B34711,%2BUnited%2BStates%26trp%3Dfalse%26sprop%3Dhttps://wordpress-810691-5571285.cloudwaysapps.com/events/research-assistance-2025-08-27-2025-09-03-2025-09-10-2025-09-17-2025-09-24-2025-10-01-2025-10-08-2025-10-15-2025-10-22-2025-10-29-2025-11-05-2025-11-12-2025-11-19-2025-11-26-2025-12-03-2-20-2026-05-27/%26sprop%3Dname:Pastfinders%26ctz%3DAmerica/New_York&osid=1&passive=1209600&service=cl&ifkv=AdBytiN1bsiAfuSA9MrH2oXzeBddR5d-CP6UMSXCkWk6v-4Ym-ZS_AndE0TPXRfV6nlRvC3cMeEhrw HTTP/1.1" 302 None
DEBUG:urllib3.connectionpool:https://wordpress-810691-5571285.cloudwaysapps.com:443 "GET /events/research-assistance-2025-08-27-2025-09-03-2025-09-10-2025-09-17-2025-09-24-2025-10-01-2025-10-08-2025-10-15-2025-10-22-2025-10-29-2025-11-05-2025-11-12-2025-11-19-2025-11-26-2025-12-03-2-04-2026-03-11/ HTTP/1.1" 200 None
DEBUG:urllib3.connectionpool:https://accounts.google.com:443 "GET /ServiceLogin?service=cl&passive=1209600&osid=1&continue=https://calendar.google.com/calendar/event?action%3DTEMPLATE%26text%3DPreserving%2BLocal%2BHistory%26dates%3D20260325T100000/20260325T120000%26details%3DHelp%2Bin%2Bthe%2Bpreservation%2Bof%2Bour%2Blocal%2Bhistory%2Band%2Bcollections,%2Bincluding%2Btranscriptionists,%2Bpreservationists,%2Bdigitizers,%2Band%2Borganization%25C2%25A0projects.%26location%3D2525%2BOakley%2BSeaver%2BDr,%2BClermont,%2BFL,%2B34711,%2BUnited%2BStates%26trp%3Dfalse%26sprop%3Dhttps://wordpress-810691-5571285.cloudwaysapps.com/events/preserving-local-history-2026-03-25/%26sprop%3Dname:Pastfinders%26ctz%3DAmerica/New_York&followup=https://calendar.google.com/calendar/event?action%3DTEMPLATE%26text%3DPreserving%2BLocal%2BHistory%26dates%3D20260325T100000/20260325T120000%26details%3DHelp%2Bin%2Bthe%2Bpreservation%2Bof%2Bour%2Blocal%2Bhistory%2Band%2Bcollections,%2Bincluding%2Btranscriptionists,%2Bpreservationists,%2Bdigitizers,%2Band%2Borganization%25C2%25A0projects.%26location%3D2525%2BOakley%2BSeaver%2BDr,%2BClermont,%2BFL,%2B34711,%2BUnited%2BStates%26trp%3Dfalse%26sprop%3Dhttps://wordpress-810691-5571285.cloudwaysapps.com/events/preserving-local-history-2026-03-25/%26sprop%3Dname:Pastfinders%26ctz%3DAmerica/New_York&emr=1 HTTP/1.1" 302 0
DEBUG:root:Successfully fetched https://wordpress-810691-5571285.cloudwaysapps.com/events/research-assistance-2025-08-27-2025-09-03-2025-09-10-2025-09-17-2025-09-24-2025-10-01-2025-10-08-2025-10-15-2025-10-22-2025-10-29-2025-11-05-2025-11-12-2025-11-19-2025-11-26-2025-12-03-2-04-2026-03-11/ (Content-Length: 44175)
DEBUG:urllib3.connectionpool:https://accounts.google.com:443 "GET /v3/signin/identifier?continue=https%3A%2F%2Fcalendar.google.com%2Fcalendar%2Fevent%3Faction%3DTEMPLATE%26text%3DResearch%2BAssistance%26dates%3D20260527T130000%2F20260527T150000%26details%3DJoin%2Bus%2Bweekly%2Bin%2Bthe%2BGenealogy%2BRoom%2Bfor%2Bin-person%2Bhelp%2Bwith%2Byour%2Bresearch.%2BIt%25E2%2580%2599s%2Ba%2Bgreat%2Bchance%2Bto%2Bget%2Bone-on-one%2Bguidance%2C%2Bask%2Bquestions%2C%2Band%2Bconnect%2Bwith%2Bothers%2Bwho%2Bshare%2Byour%2Bpassion%2Bfor%2Bfamily%2Bhistory.%26location%3D2525%2BOakley%2BSeaver%2BDr%2C%2BClermont%2C%2BFL%2C%2B34711%2C%2BUnited%2BStates%26trp%3Dfalse%26sprop%3Dhttps%3A%2F%2Fwordpress-810691-5571285.cloudwaysapps.com%2Fevents%2Fresearch-assistance-2025-08-27-2025-09-03-2025-09-10-2025-09-17-2025-09-24-2025-10-01-2025-10-08-2025-10-15-2025-10-22-2025-10-29-2025-11-05-2025-11-12-2025-11-19-2025-11-26-2025-12-03-2-20-2026-05-27%2F%26sprop%3Dname%3APastfinders%26ctz%3DAmerica%2FNew_York&emr=1&followup=https%3A%2F%2Fcalendar.google.com%2Fcalendar%2Fevent%3Faction%3DTEMPLATE%26text%3DResearch%2BAssistance%26dates%3D20260527T130000%2F20260527T150000%26details%3DJoin%2Bus%2Bweekly%2Bin%2Bthe%2BGenealogy%2BRoom%2Bfor%2Bin-person%2Bhelp%2Bwith%2Byour%2Bresearch.%2BIt%25E2%2580%2599s%2Ba%2Bgreat%2Bchance%2Bto%2Bget%2Bone-on-one%2Bguidance%2C%2Bask%2Bquestions%2C%2Band%2Bconnect%2Bwith%2Bothers%2Bwho%2Bshare%2Byour%2Bpassion%2Bfor%2Bfamily%2Bhistory.%26location%3D2525%2BOakley%2BSeaver%2BDr%2C%2BClermont%2C%2BFL%2C%2B34711%2C%2BUnited%2BStates%26trp%3Dfalse%26sprop%3Dhttps%3A%2F%2Fwordpress-810691-5571285.cloudwaysapps.com%2Fevents%2Fresearch-assistance-2025-08-27-2025-09-03-2025-09-10-2025-09-17-2025-09-24-2025-10-01-2025-10-08-2025-10-15-2025-10-22-2025-10-29-2025-11-05-2025-11-12-2025-11-19-2025-11-26-2025-12-03-2-20-2026-05-27%2F%26sprop%3Dname%3APastfinders%26ctz%3DAmerica%2FNew_York&ifkv=AdBytiNTvaNmRW4Ugysujs1RPaMyk6jgXpESnQFSZF2WWGYayBeC6Fr-rl29vwDVjwNxJK1XDfxYpg&osid=1&passive=1209600&service=cl&flowName=WebLiteSignIn&flowEntry=ServiceLogin&dsh=S856036969%3A1756758282694748 HTTP/1.1" 200 None
DEBUG:charset_normalizer:Encoding detection: utf_8 is most likely the one.
DEBUG:root:Extracted 489 characters, 85 words from https://wordpress-810691-5571285.cloudwaysapps.com/events/research-assistance-2025-08-27-2025-09-03-2025-09-10-2025-09-17-2025-09-24-2025-10-01-2025-10-08-2025-10-15-2025-10-22-2025-10-29-2025-11-05-2025-11-12-2025-11-19-2025-11-26-2025-12-03-2-04-2026-03-11/
DEBUG:urllib3.connectionpool:https://accounts.google.com:443 "GET /InteractiveLogin?continue=https://calendar.google.com/calendar/event?action%3DTEMPLATE%26text%3DPreserving%2BLocal%2BHistory%26dates%3D20260325T100000/20260325T120000%26details%3DHelp%2Bin%2Bthe%2Bpreservation%2Bof%2Bour%2Blocal%2Bhistory%2Band%2Bcollections,%2Bincluding%2Btranscriptionists,%2Bpreservationists,%2Bdigitizers,%2Band%2Borganization%25C2%25A0projects.%26location%3D2525%2BOakley%2BSeaver%2BDr,%2BClermont,%2BFL,%2B34711,%2BUnited%2BStates%26trp%3Dfalse%26sprop%3Dhttps://wordpress-810691-5571285.cloudwaysapps.com/events/preserving-local-history-2026-03-25/%26sprop%3Dname:Pastfinders%26ctz%3DAmerica/New_York&emr=1&followup=https://calendar.google.com/calendar/event?action%3DTEMPLATE%26text%3DPreserving%2BLocal%2BHistory%26dates%3D20260325T100000/20260325T120000%26details%3DHelp%2Bin%2Bthe%2Bpreservation%2Bof%2Bour%2Blocal%2Bhistory%2Band%2Bcollections,%2Bincluding%2Btranscriptionists,%2Bpreservationists,%2Bdigitizers,%2Band%2Borganization%25C2%25A0projects.%26location%3D2525%2BOakley%2BSeaver%2BDr,%2BClermont,%2BFL,%2B34711,%2BUnited%2BStates%26trp%3Dfalse%26sprop%3Dhttps://wordpress-810691-5571285.cloudwaysapps.com/events/preserving-local-history-2026-03-25/%26sprop%3Dname:Pastfinders%26ctz%3DAmerica/New_York&osid=1&passive=1209600&service=cl&ifkv=AdBytiPdhMh_z8TYNf7yS9XzMYg1InSXnslINHUKyrAkPguolxweuA66W2xuMQP4Kh0GPQltO3RXCQ HTTP/1.1" 302 None
DEBUG:root:Checking external hyperlink: https://www.google.com/calendar/event?action=TEMPLATE&text=Research+Assistance&dates=20260311T130000/20260311T150000&details=Join+us+weekly+in+the+Genealogy+Room+for+in-person+help+with+your+research.+It%E2%80%99s+a+great+chance+to+get+one-on-one+guidance%2C+ask+questions%2C+and+connect+with+others+who+share+your+passion+for+family+history.&location=2525+Oakley+Seaver+Dr%2C+Clermont%2C+FL%2C+34711%2C+United+States&trp=false&sprop=https%3A%2F%2Fwordpress-810691-5571285.cloudwaysapps.com%2Fevents%2Fresearch-assistance-2025-08-27-2025-09-03-2025-09-10-2025-09-17-2025-09-24-2025-10-01-2025-10-08-2025-10-15-2025-10-22-2025-10-29-2025-11-05-2025-11-12-2025-11-19-2025-11-26-2025-12-03-2-04-2026-03-11%2F&sprop=name:Pastfinders&ctz=America%2FNew_York
DEBUG:urllib3.connectionpool:Starting new HTTPS connection (1): www.google.com:443
DEBUG:root:✅ Hyperlink OK: https://www.google.com/calendar/event?action=TEMPLATE&text=Research+Assistance&dates=20260527T130000/20260527T150000&details=Join+us+weekly+in+the+Genealogy+Room+for+in-person+help+with+your+research.+It%E2%80%99s+a+great+chance+to+get+one-on-one+guidance%2C+ask+questions%2C+and+connect+with+others+who+share+your+passion+for+family+history.&location=2525+Oakley+Seaver+Dr%2C+Clermont%2C+FL%2C+34711%2C+United+States&trp=false&sprop=https%3A%2F%2Fwordpress-810691-5571285.cloudwaysapps.com%2Fevents%2Fresearch-assistance-2025-08-27-2025-09-03-2025-09-10-2025-09-17-2025-09-24-2025-10-01-2025-10-08-2025-10-15-2025-10-22-2025-10-29-2025-11-05-2025-11-12-2025-11-19-2025-11-26-2025-12-03-2-20-2026-05-27%2F&sprop=name:Pastfinders&ctz=America%2FNew_York
DEBUG:root:Checking external hyperlink: https://outlook.office.com/calendar/0/deeplink/compose?allday=false&body=Join+us+weekly+in+the+Genealogy+Room+for+in-person+help+with+your+research.+It%E2%80%99s+a+great+chance+to+get+one-on-one+guidance%2C+ask+questions%2C+and+connect+with+others+who+share+your+passion+for+family+history.&location=2525+Oakley+Seaver+Dr%2C+Clermont%2C+FL%2C+34711%2C+United+States&path=/calendar/action/compose&rru=addevent&startdt=2026-05-27T13%3A00%3A00-04%3A00&enddt=2026-05-27T15%3A00%3A00-04%3A00&subject=Research+Assistance
DEBUG:urllib3.connectionpool:Starting new HTTPS connection (1): outlook.office.com:443
DEBUG:urllib3.connectionpool:https://wordpress-810691-5571285.cloudwaysapps.com:443 "GET /wp-content/uploads/2025/08/IMG_2159_1556584965-1024x683.webp HTTP/1.1" 200 46228
DEBUG:urllib3.connectionpool:https://accounts.google.com:443 "GET /v3/signin/identifier?continue=https%3A%2F%2Fcalendar.google.com%2Fcalendar%2Fevent%3Faction%3DTEMPLATE%26text%3DPreserving%2BLocal%2BHistory%26dates%3D20260325T100000%2F20260325T120000%26details%3DHelp%2Bin%2Bthe%2Bpreservation%2Bof%2Bour%2Blocal%2Bhistory%2Band%2Bcollections%2C%2Bincluding%2Btranscriptionists%2C%2Bpreservationists%2C%2Bdigitizers%2C%2Band%2Borganization%25C2%25A0projects.%26location%3D2525%2BOakley%2BSeaver%2BDr%2C%2BClermont%2C%2BFL%2C%2B34711%2C%2BUnited%2BStates%26trp%3Dfalse%26sprop%3Dhttps%3A%2F%2Fwordpress-810691-5571285.cloudwaysapps.com%2Fevents%2Fpreserving-local-history-2026-03-25%2F%26sprop%3Dname%3APastfinders%26ctz%3DAmerica%2FNew_York&emr=1&followup=https%3A%2F%2Fcalendar.google.com%2Fcalendar%2Fevent%3Faction%3DTEMPLATE%26text%3DPreserving%2BLocal%2BHistory%26dates%3D20260325T100000%2F20260325T120000%26details%3DHelp%2Bin%2Bthe%2Bpreservation%2Bof%2Bour%2Blocal%2Bhistory%2Band%2Bcollections%2C%2Bincluding%2Btranscriptionists%2C%2Bpreservationists%2C%2Bdigitizers%2C%2Band%2Borganization%25C2%25A0projects.%26location%3D2525%2BOakley%2BSeaver%2BDr%2C%2BClermont%2C%2BFL%2C%2B34711%2C%2BUnited%2BStates%26trp%3Dfalse%26sprop%3Dhttps%3A%2F%2Fwordpress-810691-5571285.cloudwaysapps.com%2Fevents%2Fpreserving-local-history-2026-03-25%2F%26sprop%3Dname%3APastfinders%26ctz%3DAmerica%2FNew_York&ifkv=AdBytiPBgj_oxnkEH0yOCPN7d9AlrfRGVgKMC0p3Vg-c56zgLeFRPnD7sc7nqY8Utc0-PbVv1ZdCBg&osid=1&passive=1209600&service=cl&flowName=WebLiteSignIn&flowEntry=ServiceLogin&dsh=S674885685%3A1756758282805629 HTTP/1.1" 200 None
DEBUG:root:✅ Image OK: https://wordpress-810691-5571285.cloudwaysapps.com/wp-content/uploads/2025/08/IMG_2159_1556584965-1024x683.webp
DEBUG:root:Checking internal image: https://wordpress-810691-5571285.cloudwaysapps.com/wp-content/uploads/2025/08/IMG_2122_1556367129-1024x683.webp
DEBUG:urllib3.connectionpool:Starting new HTTPS connection (1): wordpress-810691-5571285.cloudwaysapps.com:443
DEBUG:urllib3.connectionpool:https://www.google.com:443 "GET /calendar/event?action=TEMPLATE&text=Research+Assistance&dates=20260311T130000/20260311T150000&details=Join+us+weekly+in+the+Genealogy+Room+for+in-person+help+with+your+research.+It%E2%80%99s+a+great+chance+to+get+one-on-one+guidance%2C+ask+questions%2C+and+connect+with+others+who+share+your+passion+for+family+history.&location=2525+Oakley+Seaver+Dr%2C+Clermont%2C+FL%2C+34711%2C+United+States&trp=false&sprop=https%3A%2F%2Fwordpress-810691-5571285.cloudwaysapps.com%2Fevents%2Fresearch-assistance-2025-08-27-2025-09-03-2025-09-10-2025-09-17-2025-09-24-2025-10-01-2025-10-08-2025-10-15-2025-10-22-2025-10-29-2025-11-05-2025-11-12-2025-11-19-2025-11-26-2025-12-03-2-04-2026-03-11%2F&sprop=name:Pastfinders&ctz=America%2FNew_York HTTP/1.1" 302 0
DEBUG:urllib3.connectionpool:Starting new HTTPS connection (1): calendar.google.com:443
DEBUG:root:✅ Hyperlink OK: https://www.google.com/calendar/event?action=TEMPLATE&text=Preserving+Local+History&dates=20260325T100000/20260325T120000&details=Help+in+the+preservation+of+our+local+history+and+collections%2C+including+transcriptionists%2C+preservationists%2C+digitizers%2C+and+organization%C2%A0projects.&location=2525+Oakley+Seaver+Dr%2C+Clermont%2C+FL%2C+34711%2C+United+States&trp=false&sprop=https%3A%2F%2Fwordpress-810691-5571285.cloudwaysapps.com%2Fevents%2Fpreserving-local-history-2026-03-25%2F&sprop=name:Pastfinders&ctz=America%2FNew_York
DEBUG:root:Checking external hyperlink: https://outlook.office.com/calendar/0/deeplink/compose?allday=false&body=Help+in+the+preservation+of+our+local+history+and+collections%2C+including+transcriptionists%2C+preservationists%2C+digitizers%2C+and+organization%C2%A0projects.&location=2525+Oakley+Seaver+Dr%2C+Clermont%2C+FL%2C+34711%2C+United+States&path=/calendar/action/compose&rru=addevent&startdt=2026-03-25T10%3A00%3A00-04%3A00&enddt=2026-03-25T12%3A00%3A00-04%3A00&subject=Preserving+Local+History
DEBUG:urllib3.connectionpool:Starting new HTTPS connection (1): outlook.office.com:443
DEBUG:urllib3.connectionpool:https://calendar.google.com:443 "GET /calendar/event?action=TEMPLATE&text=Research+Assistance&dates=20260311T130000/20260311T150000&details=Join+us+weekly+in+the+Genealogy+Room+for+in-person+help+with+your+research.+It%E2%80%99s+a+great+chance+to+get+one-on-one+guidance,+ask+questions,+and+connect+with+others+who+share+your+passion+for+family+history.&location=2525+Oakley+Seaver+Dr,+Clermont,+FL,+34711,+United+States&trp=false&sprop=https://wordpress-810691-5571285.cloudwaysapps.com/events/research-assistance-2025-08-27-2025-09-03-2025-09-10-2025-09-17-2025-09-24-2025-10-01-2025-10-08-2025-10-15-2025-10-22-2025-10-29-2025-11-05-2025-11-12-2025-11-19-2025-11-26-2025-12-03-2-04-2026-03-11/&sprop=name:Pastfinders&ctz=America/New_York HTTP/1.1" 302 0
DEBUG:urllib3.connectionpool:https://outlook.office.com:443 "GET /calendar/0/deeplink/compose?allday=false&body=Join+us+weekly+in+the+Genealogy+Room+for+in-person+help+with+your+research.+It%E2%80%99s+a+great+chance+to+get+one-on-one+guidance%2C+ask+questions%2C+and+connect+with+others+who+share+your+passion+for+family+history.&location=2525+Oakley+Seaver+Dr%2C+Clermont%2C+FL%2C+34711%2C+United+States&path=/calendar/action/compose&rru=addevent&startdt=2026-05-27T13%3A00%3A00-04%3A00&enddt=2026-05-27T15%3A00%3A00-04%3A00&subject=Research+Assistance HTTP/1.1" 200 None
DEBUG:root:✅ Hyperlink OK: https://outlook.office.com/calendar/0/deeplink/compose?allday=false&body=Join+us+weekly+in+the+Genealogy+Room+for+in-person+help+with+your+research.+It%E2%80%99s+a+great+chance+to+get+one-on-one+guidance%2C+ask+questions%2C+and+connect+with+others+who+share+your+passion+for+family+history.&location=2525+Oakley+Seaver+Dr%2C+Clermont%2C+FL%2C+34711%2C+United+States&path=/calendar/action/compose&rru=addevent&startdt=2026-05-27T13%3A00%3A00-04%3A00&enddt=2026-05-27T15%3A00%3A00-04%3A00&subject=Research+Assistance
DEBUG:root:Checking external hyperlink: https://outlook.live.com/calendar/0/deeplink/compose?allday=false&body=Join+us+weekly+in+the+Genealogy+Room+for+in-person+help+with+your+research.+It%E2%80%99s+a+great+chance+to+get+one-on-one+guidance%2C+ask+questions%2C+and+connect+with+others+who+share+your+passion+for+family+history.&location=2525+Oakley+Seaver+Dr%2C+Clermont%2C+FL%2C+34711%2C+United+States&path=/calendar/action/compose&rru=addevent&startdt=2026-05-27T13%3A00%3A00-04%3A00&enddt=2026-05-27T15%3A00%3A00-04%3A00&subject=Research+Assistance
DEBUG:urllib3.connectionpool:Starting new HTTPS connection (1): accounts.google.com:443
DEBUG:urllib3.connectionpool:Starting new HTTPS connection (1): outlook.live.com:443
DEBUG:urllib3.connectionpool:https://wordpress-810691-5571285.cloudwaysapps.com:443 "GET /wp-content/uploads/2025/08/IMG_2122_1556367129-1024x683.webp HTTP/1.1" 200 53970
DEBUG:root:✅ Image OK: https://wordpress-810691-5571285.cloudwaysapps.com/wp-content/uploads/2025/08/IMG_2122_1556367129-1024x683.webp
DEBUG:root:Checking internal image: https://wordpress-810691-5571285.cloudwaysapps.com/wp-content/uploads/2025/08/IMG_2154_1556584877-1024x683.webp
DEBUG:urllib3.connectionpool:Starting new HTTPS connection (1): wordpress-810691-5571285.cloudwaysapps.com:443
DEBUG:urllib3.connectionpool:https://outlook.office.com:443 "GET /calendar/0/deeplink/compose?allday=false&body=Help+in+the+preservation+of+our+local+history+and+collections%2C+including+transcriptionists%2C+preservationists%2C+digitizers%2C+and+organization%C2%A0projects.&location=2525+Oakley+Seaver+Dr%2C+Clermont%2C+FL%2C+34711%2C+United+States&path=/calendar/action/compose&rru=addevent&startdt=2026-03-25T10%3A00%3A00-04%3A00&enddt=2026-03-25T12%3A00%3A00-04%3A00&subject=Preserving+Local+History HTTP/1.1" 200 None
DEBUG:root:✅ Hyperlink OK: https://outlook.office.com/calendar/0/deeplink/compose?allday=false&body=Help+in+the+preservation+of+our+local+history+and+collections%2C+including+transcriptionists%2C+preservationists%2C+digitizers%2C+and+organization%C2%A0projects.&location=2525+Oakley+Seaver+Dr%2C+Clermont%2C+FL%2C+34711%2C+United+States&path=/calendar/action/compose&rru=addevent&startdt=2026-03-25T10%3A00%3A00-04%3A00&enddt=2026-03-25T12%3A00%3A00-04%3A00&subject=Preserving+Local+History
DEBUG:root:Checking external hyperlink: https://outlook.live.com/calendar/0/deeplink/compose?allday=false&body=Help+in+the+preservation+of+our+local+history+and+collections%2C+including+transcriptionists%2C+preservationists%2C+digitizers%2C+and+organization%C2%A0projects.&location=2525+Oakley+Seaver+Dr%2C+Clermont%2C+FL%2C+34711%2C+United+States&path=/calendar/action/compose&rru=addevent&startdt=2026-03-25T10%3A00%3A00-04%3A00&enddt=2026-03-25T12%3A00%3A00-04%3A00&subject=Preserving+Local+History
DEBUG:urllib3.connectionpool:Starting new HTTPS connection (1): outlook.live.com:443
DEBUG:urllib3.connectionpool:https://accounts.google.com:443 "GET /ServiceLogin?service=cl&passive=1209600&osid=1&continue=https://calendar.google.com/calendar/event?action%3DTEMPLATE%26text%3DResearch%2BAssistance%26dates%3D20260311T130000/20260311T150000%26details%3DJoin%2Bus%2Bweekly%2Bin%2Bthe%2BGenealogy%2BRoom%2Bfor%2Bin-person%2Bhelp%2Bwith%2Byour%2Bresearch.%2BIt%25E2%2580%2599s%2Ba%2Bgreat%2Bchance%2Bto%2Bget%2Bone-on-one%2Bguidance,%2Bask%2Bquestions,%2Band%2Bconnect%2Bwith%2Bothers%2Bwho%2Bshare%2Byour%2Bpassion%2Bfor%2Bfamily%2Bhistory.%26location%3D2525%2BOakley%2BSeaver%2BDr,%2BClermont,%2BFL,%2B34711,%2BUnited%2BStates%26trp%3Dfalse%26sprop%3Dhttps://wordpress-810691-5571285.cloudwaysapps.com/events/research-assistance-2025-08-27-2025-09-03-2025-09-10-2025-09-17-2025-09-24-2025-10-01-2025-10-08-2025-10-15-2025-10-22-2025-10-29-2025-11-05-2025-11-12-2025-11-19-2025-11-26-2025-12-03-2-04-2026-03-11/%26sprop%3Dname:Pastfinders%26ctz%3DAmerica/New_York&followup=https://calendar.google.com/calendar/event?action%3DTEMPLATE%26text%3DResearch%2BAssistance%26dates%3D20260311T130000/20260311T150000%26details%3DJoin%2Bus%2Bweekly%2Bin%2Bthe%2BGenealogy%2BRoom%2Bfor%2Bin-person%2Bhelp%2Bwith%2Byour%2Bresearch.%2BIt%25E2%2580%2599s%2Ba%2Bgreat%2Bchance%2Bto%2Bget%2Bone-on-one%2Bguidance,%2Bask%2Bquestions,%2Band%2Bconnect%2Bwith%2Bothers%2Bwho%2Bshare%2Byour%2Bpassion%2Bfor%2Bfamily%2Bhistory.%26location%3D2525%2BOakley%2BSeaver%2BDr,%2BClermont,%2BFL,%2B34711,%2BUnited%2BStates%26trp%3Dfalse%26sprop%3Dhttps://wordpress-810691-5571285.cloudwaysapps.com/events/research-assistance-2025-08-27-2025-09-03-2025-09-10-2025-09-17-2025-09-24-2025-10-01-2025-10-08-2025-10-15-2025-10-22-2025-10-29-2025-11-05-2025-11-12-2025-11-19-2025-11-26-2025-12-03-2-04-2026-03-11/%26sprop%3Dname:Pastfinders%26ctz%3DAmerica/New_York&emr=1 HTTP/1.1" 302 0
DEBUG:urllib3.connectionpool:https://accounts.google.com:443 "GET /InteractiveLogin?continue=https://calendar.google.com/calendar/event?action%3DTEMPLATE%26text%3DResearch%2BAssistance%26dates%3D20260311T130000/20260311T150000%26details%3DJoin%2Bus%2Bweekly%2Bin%2Bthe%2BGenealogy%2BRoom%2Bfor%2Bin-person%2Bhelp%2Bwith%2Byour%2Bresearch.%2BIt%25E2%2580%2599s%2Ba%2Bgreat%2Bchance%2Bto%2Bget%2Bone-on-one%2Bguidance,%2Bask%2Bquestions,%2Band%2Bconnect%2Bwith%2Bothers%2Bwho%2Bshare%2Byour%2Bpassion%2Bfor%2Bfamily%2Bhistory.%26location%3D2525%2BOakley%2BSeaver%2BDr,%2BClermont,%2BFL,%2B34711,%2BUnited%2BStates%26trp%3Dfalse%26sprop%3Dhttps://wordpress-810691-5571285.cloudwaysapps.com/events/research-assistance-2025-08-27-2025-09-03-2025-09-10-2025-09-17-2025-09-24-2025-10-01-2025-10-08-2025-10-15-2025-10-22-2025-10-29-2025-11-05-2025-11-12-2025-11-19-2025-11-26-2025-12-03-2-04-2026-03-11/%26sprop%3Dname:Pastfinders%26ctz%3DAmerica/New_York&emr=1&followup=https://calendar.google.com/calendar/event?action%3DTEMPLATE%26text%3DResearch%2BAssistance%26dates%3D20260311T130000/20260311T150000%26details%3DJoin%2Bus%2Bweekly%2Bin%2Bthe%2BGenealogy%2BRoom%2Bfor%2Bin-person%2Bhelp%2Bwith%2Byour%2Bresearch.%2BIt%25E2%2580%2599s%2Ba%2Bgreat%2Bchance%2Bto%2Bget%2Bone-on-one%2Bguidance,%2Bask%2Bquestions,%2Band%2Bconnect%2Bwith%2Bothers%2Bwho%2Bshare%2Byour%2Bpassion%2Bfor%2Bfamily%2Bhistory.%26location%3D2525%2BOakley%2BSeaver%2BDr,%2BClermont,%2BFL,%2B34711,%2BUnited%2BStates%26trp%3Dfalse%26sprop%3Dhttps://wordpress-810691-5571285.cloudwaysapps.com/events/research-assistance-2025-08-27-2025-09-03-2025-09-10-2025-09-17-2025-09-24-2025-10-01-2025-10-08-2025-10-15-2025-10-22-2025-10-29-2025-11-05-2025-11-12-2025-11-19-2025-11-26-2025-12-03-2-04-2026-03-11/%26sprop%3Dname:Pastfinders%26ctz%3DAmerica/New_York&osid=1&passive=1209600&service=cl&ifkv=AdBytiN8Lk6dcgPmj1qqd4bdGeLume59nF5QDsAJpuXq-tsJthw5oD7kZd-PULuE-gDoJ6K-DNnv HTTP/1.1" 302 None
DEBUG:urllib3.connectionpool:https://outlook.live.com:443 "GET /calendar/0/deeplink/compose?allday=false&body=Join+us+weekly+in+the+Genealogy+Room+for+in-person+help+with+your+research.+It%E2%80%99s+a+great+chance+to+get+one-on-one+guidance%2C+ask+questions%2C+and+connect+with+others+who+share+your+passion+for+family+history.&location=2525+Oakley+Seaver+Dr%2C+Clermont%2C+FL%2C+34711%2C+United+States&path=/calendar/action/compose&rru=addevent&startdt=2026-05-27T13%3A00%3A00-04%3A00&enddt=2026-05-27T15%3A00%3A00-04%3A00&subject=Research+Assistance HTTP/1.1" 200 None
DEBUG:root:✅ Hyperlink OK: https://outlook.live.com/calendar/0/deeplink/compose?allday=false&body=Join+us+weekly+in+the+Genealogy+Room+for+in-person+help+with+your+research.+It%E2%80%99s+a+great+chance+to+get+one-on-one+guidance%2C+ask+questions%2C+and+connect+with+others+who+share+your+passion+for+family+history.&location=2525+Oakley+Seaver+Dr%2C+Clermont%2C+FL%2C+34711%2C+United+States&path=/calendar/action/compose&rru=addevent&startdt=2026-05-27T13%3A00%3A00-04%3A00&enddt=2026-05-27T15%3A00%3A00-04%3A00&subject=Research+Assistance
DEBUG:root:Using regex pattern: \b[a-zA-Z]{3,}\b
DEBUG:root:Found 58 words to check in https://wordpress-810691-5571285.cloudwaysapps.com/events/research-assistance-2025-08-27-2025-09-03-2025-09-10-2025-09-17-2025-09-24-2025-10-01-2025-10-08-2025-10-15-2025-10-22-2025-10-29-2025-11-05-2025-11-12-2025-11-19-2025-11-26-2025-12-03-2-20-2026-05-27/ (min_length=3)
DEBUG:root:Sample words from https://wordpress-810691-5571285.cloudwaysapps.com/events/research-assistance-2025-08-27-2025-09-03-2025-09-10-2025-09-17-2025-09-24-2025-10-01-2025-10-08-2025-10-15-2025-10-22-2025-10-29-2025-11-05-2025-11-12-2025-11-19-2025-11-26-2025-12-03-2-20-2026-05-27/: ['This', 'alert', 'Skip', 'content', 'Research', 'Assistance', 'When', 'May', 'Add', 'Calendar']
DEBUG:root:Spell check results for https://wordpress-810691-5571285.cloudwaysapps.com/events/research-assistance-2025-08-27-2025-09-03-2025-09-10-2025-09-17-2025-09-24-2025-10-01-2025-10-08-2025-10-15-2025-10-22-2025-10-29-2025-11-05-2025-11-12-2025-11-19-2025-11-26-2025-12-03-2-20-2026-05-27/: 30 words checked, 28 skipped, 0 errors found
INFO:root:✅ Processed https://wordpress-810691-5571285.cloudwaysapps.com/events/research-assistance-2025-08-27-2025-09-03-2025-09-10-2025-09-17-2025-09-24-2025-10-01-2025-10-08-2025-10-15-2025-10-22-2025-10-29-2025-11-05-2025-11-12-2025-11-19-2025-11-26-2025-12-03-2-20-2026-05-27/: 0 errors found, 85 words checked
DEBUG:root:Attempting to fetch: https://wordpress-810691-5571285.cloudwaysapps.com/events/irish-special-interest-group-sig-2025-09-15/
Processing pages:  76%|███████▌  | 290/381 [02:39<00:45,  2.00it/s]DEBUG:urllib3.connectionpool:https://accounts.google.com:443 "GET /v3/signin/identifier?continue=https%3A%2F%2Fcalendar.google.com%2Fcalendar%2Fevent%3Faction%3DTEMPLATE%26text%3DResearch%2BAssistance%26dates%3D20260311T130000%2F20260311T150000%26details%3DJoin%2Bus%2Bweekly%2Bin%2Bthe%2BGenealogy%2BRoom%2Bfor%2Bin-person%2Bhelp%2Bwith%2Byour%2Bresearch.%2BIt%25E2%2580%2599s%2Ba%2Bgreat%2Bchance%2Bto%2Bget%2Bone-on-one%2Bguidance%2C%2Bask%2Bquestions%2C%2Band%2Bconnect%2Bwith%2Bothers%2Bwho%2Bshare%2Byour%2Bpassion%2Bfor%2Bfamily%2Bhistory.%26location%3D2525%2BOakley%2BSeaver%2BDr%2C%2BClermont%2C%2BFL%2C%2B34711%2C%2BUnited%2BStates%26trp%3Dfalse%26sprop%3Dhttps%3A%2F%2Fwordpress-810691-5571285.cloudwaysapps.com%2Fevents%2Fresearch-assistance-2025-08-27-2025-09-03-2025-09-10-2025-09-17-2025-09-24-2025-10-01-2025-10-08-2025-10-15-2025-10-22-2025-10-29-2025-11-05-2025-11-12-2025-11-19-2025-11-26-2025-12-03-2-04-2026-03-11%2F%26sprop%3Dname%3APastfinders%26ctz%3DAmerica%2FNew_York&emr=1&followup=https%3A%2F%2Fcalendar.google.com%2Fcalendar%2Fevent%3Faction%3DTEMPLATE%26text%3DResearch%2BAssistance%26dates%3D20260311T130000%2F20260311T150000%26details%3DJoin%2Bus%2Bweekly%2Bin%2Bthe%2BGenealogy%2BRoom%2Bfor%2Bin-person%2Bhelp%2Bwith%2Byour%2Bresearch.%2BIt%25E2%2580%2599s%2Ba%2Bgreat%2Bchance%2Bto%2Bget%2Bone-on-one%2Bguidance%2C%2Bask%2Bquestions%2C%2Band%2Bconnect%2Bwith%2Bothers%2Bwho%2Bshare%2Byour%2Bpassion%2Bfor%2Bfamily%2Bhistory.%26location%3D2525%2BOakley%2BSeaver%2BDr%2C%2BClermont%2C%2BFL%2C%2B34711%2C%2BUnited%2BStates%26trp%3Dfalse%26sprop%3Dhttps%3A%2F%2Fwordpress-810691-5571285.cloudwaysapps.com%2Fevents%2Fresearch-assistance-2025-08-27-2025-09-03-2025-09-10-2025-09-17-2025-09-24-2025-10-01-2025-10-08-2025-10-15-2025-10-22-2025-10-29-2025-11-05-2025-11-12-2025-11-19-2025-11-26-2025-12-03-2-04-2026-03-11%2F%26sprop%3Dname%3APastfinders%26ctz%3DAmerica%2FNew_York&ifkv=AdBytiOVaTU1qJOk0si_ytpSVu7KQUjvsIqVtC6jyvx3P46y0DO0b9ZqBWLGbhST7EPL3qw5HwFg&osid=1&passive=1209600&service=cl&flowName=WebLiteSignIn&flowEntry=ServiceLogin&dsh=S1728172257%3A1756758283259340 HTTP/1.1" 200 None
DEBUG:urllib3.connectionpool:https://wordpress-810691-5571285.cloudwaysapps.com:443 "GET /wp-content/uploads/2025/08/IMG_2154_1556584877-1024x683.webp HTTP/1.1" 200 95408
DEBUG:urllib3.connectionpool:https://outlook.live.com:443 "GET /calendar/0/deeplink/compose?allday=false&body=Help+in+the+preservation+of+our+local+history+and+collections%2C+including+transcriptionists%2C+preservationists%2C+digitizers%2C+and+organization%C2%A0projects.&location=2525+Oakley+Seaver+Dr%2C+Clermont%2C+FL%2C+34711%2C+United+States&path=/calendar/action/compose&rru=addevent&startdt=2026-03-25T10%3A00%3A00-04%3A00&enddt=2026-03-25T12%3A00%3A00-04%3A00&subject=Preserving+Local+History HTTP/1.1" 200 None
DEBUG:root:✅ Hyperlink OK: https://outlook.live.com/calendar/0/deeplink/compose?allday=false&body=Help+in+the+preservation+of+our+local+history+and+collections%2C+including+transcriptionists%2C+preservationists%2C+digitizers%2C+and+organization%C2%A0projects.&location=2525+Oakley+Seaver+Dr%2C+Clermont%2C+FL%2C+34711%2C+United+States&path=/calendar/action/compose&rru=addevent&startdt=2026-03-25T10%3A00%3A00-04%3A00&enddt=2026-03-25T12%3A00%3A00-04%3A00&subject=Preserving+Local+History
DEBUG:root:✅ Image OK: https://wordpress-810691-5571285.cloudwaysapps.com/wp-content/uploads/2025/08/IMG_2154_1556584877-1024x683.webp
DEBUG:root:Using regex pattern: \b[a-zA-Z]{3,}\b
DEBUG:root:Found 44 words to check in https://wordpress-810691-5571285.cloudwaysapps.com/events/preserving-local-history-2026-03-25/ (min_length=3)
DEBUG:root:Sample words from https://wordpress-810691-5571285.cloudwaysapps.com/events/preserving-local-history-2026-03-25/: ['This', 'alert', 'Skip', 'content', 'Preserving', 'Local', 'History', 'When', 'March', 'Add']
DEBUG:root:Misspelled word found: 'transcriptionists' in https://wordpress-810691-5571285.cloudwaysapps.com/events/preserving-local-history-2026-03-25/
DEBUG:root:Spell check results for https://wordpress-810691-5571285.cloudwaysapps.com/events/preserving-local-history-2026-03-25/: 17 words checked, 27 skipped, 1 errors found
INFO:root:✅ Processed https://wordpress-810691-5571285.cloudwaysapps.com/events/preserving-local-history-2026-03-25/: 1 errors found, 65 words checked
DEBUG:root:Attempting to fetch: https://wordpress-810691-5571285.cloudwaysapps.com/galleries/2007-guest-speakers-events/
DEBUG:root:Checking internal image: https://wordpress-810691-5571285.cloudwaysapps.com/wp-content/uploads/2025/08/IMG_2123_1556367129-1024x683.webp
Processing pages:  76%|███████▋  | 291/381 [02:39<00:39,  2.25it/s]DEBUG:urllib3.connectionpool:Starting new HTTPS connection (1): wordpress-810691-5571285.cloudwaysapps.com:443
DEBUG:root:✅ Hyperlink OK: https://www.google.com/calendar/event?action=TEMPLATE&text=Research+Assistance&dates=20260311T130000/20260311T150000&details=Join+us+weekly+in+the+Genealogy+Room+for+in-person+help+with+your+research.+It%E2%80%99s+a+great+chance+to+get+one-on-one+guidance%2C+ask+questions%2C+and+connect+with+others+who+share+your+passion+for+family+history.&location=2525+Oakley+Seaver+Dr%2C+Clermont%2C+FL%2C+34711%2C+United+States&trp=false&sprop=https%3A%2F%2Fwordpress-810691-5571285.cloudwaysapps.com%2Fevents%2Fresearch-assistance-2025-08-27-2025-09-03-2025-09-10-2025-09-17-2025-09-24-2025-10-01-2025-10-08-2025-10-15-2025-10-22-2025-10-29-2025-11-05-2025-11-12-2025-11-19-2025-11-26-2025-12-03-2-04-2026-03-11%2F&sprop=name:Pastfinders&ctz=America%2FNew_York
DEBUG:root:Checking external hyperlink: https://outlook.office.com/calendar/0/deeplink/compose?allday=false&body=Join+us+weekly+in+the+Genealogy+Room+for+in-person+help+with+your+research.+It%E2%80%99s+a+great+chance+to+get+one-on-one+guidance%2C+ask+questions%2C+and+connect+with+others+who+share+your+passion+for+family+history.&location=2525+Oakley+Seaver+Dr%2C+Clermont%2C+FL%2C+34711%2C+United+States&path=/calendar/action/compose&rru=addevent&startdt=2026-03-11T13%3A00%3A00-04%3A00&enddt=2026-03-11T15%3A00%3A00-04%3A00&subject=Research+Assistance
DEBUG:urllib3.connectionpool:Starting new HTTPS connection (1): outlook.office.com:443
DEBUG:urllib3.connectionpool:https://wordpress-810691-5571285.cloudwaysapps.com:443 "GET /galleries/2007-guest-speakers-events/ HTTP/1.1" 200 None
DEBUG:root:Successfully fetched https://wordpress-810691-5571285.cloudwaysapps.com/galleries/2007-guest-speakers-events/ (Content-Length: 45702)
DEBUG:charset_normalizer:Encoding detection: utf_8 is most likely the one.
DEBUG:root:Extracted 181 characters, 32 words from https://wordpress-810691-5571285.cloudwaysapps.com/galleries/2007-guest-speakers-events/
DEBUG:root:Checking internal image: https://wordpress-810691-5571285.cloudwaysapps.com/wp-content/uploads/2025/08/IMG_0003_1566260949-965x1024.webp
DEBUG:urllib3.connectionpool:Starting new HTTPS connection (1): wordpress-810691-5571285.cloudwaysapps.com:443
DEBUG:urllib3.connectionpool:https://outlook.office.com:443 "GET /calendar/0/deeplink/compose?allday=false&body=Join+us+weekly+in+the+Genealogy+Room+for+in-person+help+with+your+research.+It%E2%80%99s+a+great+chance+to+get+one-on-one+guidance%2C+ask+questions%2C+and+connect+with+others+who+share+your+passion+for+family+history.&location=2525+Oakley+Seaver+Dr%2C+Clermont%2C+FL%2C+34711%2C+United+States&path=/calendar/action/compose&rru=addevent&startdt=2026-03-11T13%3A00%3A00-04%3A00&enddt=2026-03-11T15%3A00%3A00-04%3A00&subject=Research+Assistance HTTP/1.1" 200 None
DEBUG:root:✅ Hyperlink OK: https://outlook.office.com/calendar/0/deeplink/compose?allday=false&body=Join+us+weekly+in+the+Genealogy+Room+for+in-person+help+with+your+research.+It%E2%80%99s+a+great+chance+to+get+one-on-one+guidance%2C+ask+questions%2C+and+connect+with+others+who+share+your+passion+for+family+history.&location=2525+Oakley+Seaver+Dr%2C+Clermont%2C+FL%2C+34711%2C+United+States&path=/calendar/action/compose&rru=addevent&startdt=2026-03-11T13%3A00%3A00-04%3A00&enddt=2026-03-11T15%3A00%3A00-04%3A00&subject=Research+Assistance
DEBUG:root:Checking external hyperlink: https://outlook.live.com/calendar/0/deeplink/compose?allday=false&body=Join+us+weekly+in+the+Genealogy+Room+for+in-person+help+with+your+research.+It%E2%80%99s+a+great+chance+to+get+one-on-one+guidance%2C+ask+questions%2C+and+connect+with+others+who+share+your+passion+for+family+history.&location=2525+Oakley+Seaver+Dr%2C+Clermont%2C+FL%2C+34711%2C+United+States&path=/calendar/action/compose&rru=addevent&startdt=2026-03-11T13%3A00%3A00-04%3A00&enddt=2026-03-11T15%3A00%3A00-04%3A00&subject=Research+Assistance
DEBUG:urllib3.connectionpool:Starting new HTTPS connection (1): outlook.live.com:443
DEBUG:urllib3.connectionpool:https://wordpress-810691-5571285.cloudwaysapps.com:443 "GET /wp-content/uploads/2025/08/IMG_2123_1556367129-1024x683.webp HTTP/1.1" 200 53102
DEBUG:root:✅ Image OK: https://wordpress-810691-5571285.cloudwaysapps.com/wp-content/uploads/2025/08/IMG_2123_1556367129-1024x683.webp
DEBUG:root:Checking internal image: https://wordpress-810691-5571285.cloudwaysapps.com/wp-content/uploads/2025/08/IMG_2150_1556584877-1024x683.webp
DEBUG:urllib3.connectionpool:Starting new HTTPS connection (1): wordpress-810691-5571285.cloudwaysapps.com:443
DEBUG:urllib3.connectionpool:https://wordpress-810691-5571285.cloudwaysapps.com:443 "GET /wp-content/uploads/2025/08/IMG_0003_1566260949-965x1024.webp HTTP/1.1" 200 143370
DEBUG:urllib3.connectionpool:https://outlook.live.com:443 "GET /calendar/0/deeplink/compose?allday=false&body=Join+us+weekly+in+the+Genealogy+Room+for+in-person+help+with+your+research.+It%E2%80%99s+a+great+chance+to+get+one-on-one+guidance%2C+ask+questions%2C+and+connect+with+others+who+share+your+passion+for+family+history.&location=2525+Oakley+Seaver+Dr%2C+Clermont%2C+FL%2C+34711%2C+United+States&path=/calendar/action/compose&rru=addevent&startdt=2026-03-11T13%3A00%3A00-04%3A00&enddt=2026-03-11T15%3A00%3A00-04%3A00&subject=Research+Assistance HTTP/1.1" 200 None
DEBUG:root:✅ Hyperlink OK: https://outlook.live.com/calendar/0/deeplink/compose?allday=false&body=Join+us+weekly+in+the+Genealogy+Room+for+in-person+help+with+your+research.+It%E2%80%99s+a+great+chance+to+get+one-on-one+guidance%2C+ask+questions%2C+and+connect+with+others+who+share+your+passion+for+family+history.&location=2525+Oakley+Seaver+Dr%2C+Clermont%2C+FL%2C+34711%2C+United+States&path=/calendar/action/compose&rru=addevent&startdt=2026-03-11T13%3A00%3A00-04%3A00&enddt=2026-03-11T15%3A00%3A00-04%3A00&subject=Research+Assistance
DEBUG:root:Using regex pattern: \b[a-zA-Z]{3,}\b
DEBUG:root:Found 58 words to check in https://wordpress-810691-5571285.cloudwaysapps.com/events/research-assistance-2025-08-27-2025-09-03-2025-09-10-2025-09-17-2025-09-24-2025-10-01-2025-10-08-2025-10-15-2025-10-22-2025-10-29-2025-11-05-2025-11-12-2025-11-19-2025-11-26-2025-12-03-2-04-2026-03-11/ (min_length=3)
DEBUG:root:Sample words from https://wordpress-810691-5571285.cloudwaysapps.com/events/research-assistance-2025-08-27-2025-09-03-2025-09-10-2025-09-17-2025-09-24-2025-10-01-2025-10-08-2025-10-15-2025-10-22-2025-10-29-2025-11-05-2025-11-12-2025-11-19-2025-11-26-2025-12-03-2-04-2026-03-11/: ['This', 'alert', 'Skip', 'content', 'Research', 'Assistance', 'When', 'March', 'Add', 'Calendar']
DEBUG:root:Spell check results for https://wordpress-810691-5571285.cloudwaysapps.com/events/research-assistance-2025-08-27-2025-09-03-2025-09-10-2025-09-17-2025-09-24-2025-10-01-2025-10-08-2025-10-15-2025-10-22-2025-10-29-2025-11-05-2025-11-12-2025-11-19-2025-11-26-2025-12-03-2-04-2026-03-11/: 30 words checked, 28 skipped, 0 errors found
INFO:root:✅ Processed https://wordpress-810691-5571285.cloudwaysapps.com/events/research-assistance-2025-08-27-2025-09-03-2025-09-10-2025-09-17-2025-09-24-2025-10-01-2025-10-08-2025-10-15-2025-10-22-2025-10-29-2025-11-05-2025-11-12-2025-11-19-2025-11-26-2025-12-03-2-04-2026-03-11/: 0 errors found, 85 words checked
DEBUG:root:Attempting to fetch: https://wordpress-810691-5571285.cloudwaysapps.com/galleries/2013-pastfinders-news/
Processing pages:  77%|███████▋  | 292/381 [02:39<00:38,  2.30it/s]DEBUG:root:✅ Image OK: https://wordpress-810691-5571285.cloudwaysapps.com/wp-content/uploads/2025/08/IMG_0003_1566260949-965x1024.webp
DEBUG:root:Checking internal image: https://wordpress-810691-5571285.cloudwaysapps.com/wp-content/uploads/2025/08/IMG_0002_1566260949-866x1024.webp
DEBUG:urllib3.connectionpool:Starting new HTTPS connection (1): wordpress-810691-5571285.cloudwaysapps.com:443
DEBUG:urllib3.connectionpool:https://wordpress-810691-5571285.cloudwaysapps.com:443 "GET /galleries/2013-pastfinders-news/ HTTP/1.1" 200 None
DEBUG:root:Successfully fetched https://wordpress-810691-5571285.cloudwaysapps.com/galleries/2013-pastfinders-news/ (Content-Length: 79716)
DEBUG:charset_normalizer:Encoding detection: utf_8 is most likely the one.
DEBUG:root:Extracted 430 characters, 91 words from https://wordpress-810691-5571285.cloudwaysapps.com/galleries/2013-pastfinders-news/
DEBUG:root:Checking internal image: https://wordpress-810691-5571285.cloudwaysapps.com/wp-content/uploads/2025/08/IMG_0003_1566942794-1024x974.webp
DEBUG:urllib3.connectionpool:https://wordpress-810691-5571285.cloudwaysapps.com:443 "GET /wp-content/uploads/2025/08/IMG_2150_1556584877-1024x683.webp HTTP/1.1" 200 98226
DEBUG:urllib3.connectionpool:Starting new HTTPS connection (1): wordpress-810691-5571285.cloudwaysapps.com:443
DEBUG:urllib3.connectionpool:https://wordpress-810691-5571285.cloudwaysapps.com:443 "GET /events/irish-special-interest-group-sig-2025-09-15/ HTTP/1.1" 200 None
DEBUG:root:✅ Image OK: https://wordpress-810691-5571285.cloudwaysapps.com/wp-content/uploads/2025/08/IMG_2150_1556584877-1024x683.webp
DEBUG:root:Successfully fetched https://wordpress-810691-5571285.cloudwaysapps.com/events/irish-special-interest-group-sig-2025-09-15/ (Content-Length: 43770)
DEBUG:root:Checking internal image: https://wordpress-810691-5571285.cloudwaysapps.com/wp-content/uploads/2025/08/IMG_2147_1556584877-1024x683.webp
DEBUG:charset_normalizer:Encoding detection: utf_8 is most likely the one.
DEBUG:urllib3.connectionpool:Starting new HTTPS connection (1): wordpress-810691-5571285.cloudwaysapps.com:443
DEBUG:root:Extracted 723 characters, 121 words from https://wordpress-810691-5571285.cloudwaysapps.com/events/irish-special-interest-group-sig-2025-09-15/
DEBUG:root:Checking external hyperlink: https://www.google.com/calendar/event?action=TEMPLATE&text=Irish+Special+Interest+Group+%28SIG%29&dates=20250915T130000/20250915T141500&details=%3Cstrong%3EThe+Irish+SIG+will+resume+with+a+different+approach+to+Genealogy+Research.%C2%A0+Discussions+will+be+based+on+input+from+the+group%2C+which+will+result+in+changing+topics+each+month.%3C%2Fstrong%3EPastfinders+will+send+an+Email+to+SIG+members+several+days+prior+to+each+meeting.Pastfinders+is+using+the+Zoom+Virtual+Meeting+app+to+hold+these+meetings+and+you+can+only+join+the+meeting+by+using+a+link+provided+by+Pastfinders.%C2%A0+You+can+register+for+the+season+here%3A%3Cstrong%3E%C2%A0%3Ca+href%3D%22https%3A%2F%2Fform.jotform.com%2FPastfindersSLC%2FJoin-Irish-SIG%22%3EIrish+SIG%3C%2Fa%3E%C2%A0%3C%2Fstrong%3E&location=&trp=false&sprop=https%3A%2F%2Fwordpress-810691-5571285.cloudwaysapps.com%2Fevents%2Firish-special-interest-group-sig-2025-09-15%2F&sprop=name:Pastfinders&ctz=America%2FNew_York
DEBUG:urllib3.connectionpool:Starting new HTTPS connection (1): www.google.com:443
DEBUG:urllib3.connectionpool:https://www.google.com:443 "GET /calendar/event?action=TEMPLATE&text=Irish+Special+Interest+Group+%28SIG%29&dates=20250915T130000/20250915T141500&details=%3Cstrong%3EThe+Irish+SIG+will+resume+with+a+different+approach+to+Genealogy+Research.%C2%A0+Discussions+will+be+based+on+input+from+the+group%2C+which+will+result+in+changing+topics+each+month.%3C%2Fstrong%3EPastfinders+will+send+an+Email+to+SIG+members+several+days+prior+to+each+meeting.Pastfinders+is+using+the+Zoom+Virtual+Meeting+app+to+hold+these+meetings+and+you+can+only+join+the+meeting+by+using+a+link+provided+by+Pastfinders.%C2%A0+You+can+register+for+the+season+here%3A%3Cstrong%3E%C2%A0%3Ca+href%3D%22https%3A%2F%2Fform.jotform.com%2FPastfindersSLC%2FJoin-Irish-SIG%22%3EIrish+SIG%3C%2Fa%3E%C2%A0%3C%2Fstrong%3E&location=&trp=false&sprop=https%3A%2F%2Fwordpress-810691-5571285.cloudwaysapps.com%2Fevents%2Firish-special-interest-group-sig-2025-09-15%2F&sprop=name:Pastfinders&ctz=America%2FNew_York HTTP/1.1" 302 0
DEBUG:urllib3.connectionpool:Starting new HTTPS connection (1): calendar.google.com:443
DEBUG:urllib3.connectionpool:https://wordpress-810691-5571285.cloudwaysapps.com:443 "GET /wp-content/uploads/2025/08/IMG_0002_1566260949-866x1024.webp HTTP/1.1" 200 148874
DEBUG:urllib3.connectionpool:https://wordpress-810691-5571285.cloudwaysapps.com:443 "GET /wp-content/uploads/2025/08/IMG_0003_1566942794-1024x974.webp HTTP/1.1" 200 123064
DEBUG:urllib3.connectionpool:https://wordpress-810691-5571285.cloudwaysapps.com:443 "GET /wp-content/uploads/2025/08/IMG_2147_1556584877-1024x683.webp HTTP/1.1" 200 95708
DEBUG:root:✅ Image OK: https://wordpress-810691-5571285.cloudwaysapps.com/wp-content/uploads/2025/08/IMG_0002_1566260949-866x1024.webp
DEBUG:root:Using regex pattern: \b[a-zA-Z]{3,}\b
DEBUG:root:Found 16 words to check in https://wordpress-810691-5571285.cloudwaysapps.com/galleries/2007-guest-speakers-events/ (min_length=3)
DEBUG:root:Sample words from https://wordpress-810691-5571285.cloudwaysapps.com/galleries/2007-guest-speakers-events/: ['This', 'alert', 'Skip', 'content', 'Guest', 'Speakers', 'Events', 'images', 'Click', 'view']
DEBUG:root:Spell check results for https://wordpress-810691-5571285.cloudwaysapps.com/galleries/2007-guest-speakers-events/: 5 words checked, 11 skipped, 0 errors found
INFO:root:✅ Processed https://wordpress-810691-5571285.cloudwaysapps.com/galleries/2007-guest-speakers-events/: 0 errors found, 32 words checked
DEBUG:root:Attempting to fetch: https://wordpress-810691-5571285.cloudwaysapps.com/resources/genealogy-for-kids-building-a-tree/
Processing pages:  77%|███████▋  | 293/381 [02:40<00:44,  1.97it/s]DEBUG:root:✅ Document OK: https://pastfindersslc.org/upload/newsletters/1999_Spring.pdf
DEBUG:root:Checking external document: https://pastfindersslc.org/upload/newsletters/Winter_1999.pdf
DEBUG:urllib3.connectionpool:Starting new HTTPS connection (1): pastfindersslc.org:443
DEBUG:root:✅ Image OK: https://wordpress-810691-5571285.cloudwaysapps.com/wp-content/uploads/2025/08/IMG_0003_1566942794-1024x974.webp
DEBUG:root:Checking internal image: https://wordpress-810691-5571285.cloudwaysapps.com/wp-content/uploads/2025/08/IMG_0001_1566942794-1024x862.webp
DEBUG:root:✅ Image OK: https://wordpress-810691-5571285.cloudwaysapps.com/wp-content/uploads/2025/08/IMG_2147_1556584877-1024x683.webp
DEBUG:root:Checking internal image: https://wordpress-810691-5571285.cloudwaysapps.com/wp-content/uploads/2025/08/IMG_2142_1556584877-1024x683.webp
DEBUG:urllib3.connectionpool:Starting new HTTPS connection (1): wordpress-810691-5571285.cloudwaysapps.com:443
DEBUG:urllib3.connectionpool:Starting new HTTPS connection (1): wordpress-810691-5571285.cloudwaysapps.com:443
DEBUG:urllib3.connectionpool:https://wordpress-810691-5571285.cloudwaysapps.com:443 "GET /resources/genealogy-for-kids-building-a-tree/ HTTP/1.1" 200 None
DEBUG:root:Successfully fetched https://wordpress-810691-5571285.cloudwaysapps.com/resources/genealogy-for-kids-building-a-tree/ (Content-Length: 39587)
DEBUG:urllib3.connectionpool:https://calendar.google.com:443 "GET /calendar/event?action=TEMPLATE&text=Irish+Special+Interest+Group+(SIG)&dates=20250915T130000/20250915T141500&details=%3Cstrong%3EThe+Irish+SIG+will+resume+with+a+different+approach+to+Genealogy+Research.%C2%A0+Discussions+will+be+based+on+input+from+the+group,+which+will+result+in+changing+topics+each+month.%3C/strong%3EPastfinders+will+send+an+Email+to+SIG+members+several+days+prior+to+each+meeting.Pastfinders+is+using+the+Zoom+Virtual+Meeting+app+to+hold+these+meetings+and+you+can+only+join+the+meeting+by+using+a+link+provided+by+Pastfinders.%C2%A0+You+can+register+for+the+season+here:%3Cstrong%3E%C2%A0%3Ca+href%3D%22https://form.jotform.com/PastfindersSLC/Join-Irish-SIG%22%3EIrish+SIG%3C/a%3E%C2%A0%3C/strong%3E&location&trp=false&sprop=https://wordpress-810691-5571285.cloudwaysapps.com/events/irish-special-interest-group-sig-2025-09-15/&sprop=name:Pastfinders&ctz=America/New_York HTTP/1.1" 302 0
DEBUG:charset_normalizer:Encoding detection: utf_8 is most likely the one.
DEBUG:urllib3.connectionpool:Starting new HTTPS connection (1): accounts.google.com:443
DEBUG:root:Extracted 1109 characters, 198 words from https://wordpress-810691-5571285.cloudwaysapps.com/resources/genealogy-for-kids-building-a-tree/
DEBUG:root:Using regex pattern: \b[a-zA-Z]{3,}\b
DEBUG:root:Found 150 words to check in https://wordpress-810691-5571285.cloudwaysapps.com/resources/genealogy-for-kids-building-a-tree/ (min_length=3)
DEBUG:root:Sample words from https://wordpress-810691-5571285.cloudwaysapps.com/resources/genealogy-for-kids-building-a-tree/: ['This', 'alert', 'Skip', 'content', 'Genealogy', 'for', 'Kids', 'Building', 'tree', 'June']
DEBUG:root:Spell check results for https://wordpress-810691-5571285.cloudwaysapps.com/resources/genealogy-for-kids-building-a-tree/: 128 words checked, 22 skipped, 0 errors found
INFO:root:✅ Processed https://wordpress-810691-5571285.cloudwaysapps.com/resources/genealogy-for-kids-building-a-tree/: 0 errors found, 198 words checked
DEBUG:root:Attempting to fetch: https://wordpress-810691-5571285.cloudwaysapps.com/resources/dna-testing-guide/
Processing pages:  77%|███████▋  | 294/381 [02:40<00:34,  2.53it/s]DEBUG:urllib3.connectionpool:https://pastfindersslc.org:443 "GET /upload/newsletters/Winter_1999.pdf HTTP/1.1" 200 10945089
DEBUG:urllib3.connectionpool:https://accounts.google.com:443 "GET /ServiceLogin?service=cl&passive=1209600&osid=1&continue=https://calendar.google.com/calendar/event?action%3DTEMPLATE%26text%3DIrish%2BSpecial%2BInterest%2BGroup%2B(SIG)%26dates%3D20250915T130000/20250915T141500%26details%3D%253Cstrong%253EThe%2BIrish%2BSIG%2Bwill%2Bresume%2Bwith%2Ba%2Bdifferent%2Bapproach%2Bto%2BGenealogy%2BResearch.%25C2%25A0%2BDiscussions%2Bwill%2Bbe%2Bbased%2Bon%2Binput%2Bfrom%2Bthe%2Bgroup,%2Bwhich%2Bwill%2Bresult%2Bin%2Bchanging%2Btopics%2Beach%2Bmonth.%253C/strong%253EPastfinders%2Bwill%2Bsend%2Ban%2BEmail%2Bto%2BSIG%2Bmembers%2Bseveral%2Bdays%2Bprior%2Bto%2Beach%2Bmeeting.Pastfinders%2Bis%2Busing%2Bthe%2BZoom%2BVirtual%2BMeeting%2Bapp%2Bto%2Bhold%2Bthese%2Bmeetings%2Band%2Byou%2Bcan%2Bonly%2Bjoin%2Bthe%2Bmeeting%2Bby%2Busing%2Ba%2Blink%2Bprovided%2Bby%2BPastfinders.%25C2%25A0%2BYou%2Bcan%2Bregister%2Bfor%2Bthe%2Bseason%2Bhere:%253Cstrong%253E%25C2%25A0%253Ca%2Bhref%253D%2522https://form.jotform.com/PastfindersSLC/Join-Irish-SIG%2522%253EIrish%2BSIG%253C/a%253E%25C2%25A0%253C/strong%253E%26location%26trp%3Dfalse%26sprop%3Dhttps://wordpress-810691-5571285.cloudwaysapps.com/events/irish-special-interest-group-sig-2025-09-15/%26sprop%3Dname:Pastfinders%26ctz%3DAmerica/New_York&followup=https://calendar.google.com/calendar/event?action%3DTEMPLATE%26text%3DIrish%2BSpecial%2BInterest%2BGroup%2B(SIG)%26dates%3D20250915T130000/20250915T141500%26details%3D%253Cstrong%253EThe%2BIrish%2BSIG%2Bwill%2Bresume%2Bwith%2Ba%2Bdifferent%2Bapproach%2Bto%2BGenealogy%2BResearch.%25C2%25A0%2BDiscussions%2Bwill%2Bbe%2Bbased%2Bon%2Binput%2Bfrom%2Bthe%2Bgroup,%2Bwhich%2Bwill%2Bresult%2Bin%2Bchanging%2Btopics%2Beach%2Bmonth.%253C/strong%253EPastfinders%2Bwill%2Bsend%2Ban%2BEmail%2Bto%2BSIG%2Bmembers%2Bseveral%2Bdays%2Bprior%2Bto%2Beach%2Bmeeting.Pastfinders%2Bis%2Busing%2Bthe%2BZoom%2BVirtual%2BMeeting%2Bapp%2Bto%2Bhold%2Bthese%2Bmeetings%2Band%2Byou%2Bcan%2Bonly%2Bjoin%2Bthe%2Bmeeting%2Bby%2Busing%2Ba%2Blink%2Bprovided%2Bby%2BPastfinders.%25C2%25A0%2BYou%2Bcan%2Bregister%2Bfor%2Bthe%2Bseason%2Bhere:%253Cstrong%253E%25C2%25A0%253Ca%2Bhref%253D%2522https://form.jotform.com/PastfindersSLC/Join-Irish-SIG%2522%253EIrish%2BSIG%253C/a%253E%25C2%25A0%253C/strong%253E%26location%26trp%3Dfalse%26sprop%3Dhttps://wordpress-810691-5571285.cloudwaysapps.com/events/irish-special-interest-group-sig-2025-09-15/%26sprop%3Dname:Pastfinders%26ctz%3DAmerica/New_York&emr=1 HTTP/1.1" 302 0
DEBUG:urllib3.connectionpool:https://accounts.google.com:443 "GET /InteractiveLogin?continue=https://calendar.google.com/calendar/event?action%3DTEMPLATE%26text%3DIrish%2BSpecial%2BInterest%2BGroup%2B(SIG)%26dates%3D20250915T130000/20250915T141500%26details%3D%253Cstrong%253EThe%2BIrish%2BSIG%2Bwill%2Bresume%2Bwith%2Ba%2Bdifferent%2Bapproach%2Bto%2BGenealogy%2BResearch.%25C2%25A0%2BDiscussions%2Bwill%2Bbe%2Bbased%2Bon%2Binput%2Bfrom%2Bthe%2Bgroup,%2Bwhich%2Bwill%2Bresult%2Bin%2Bchanging%2Btopics%2Beach%2Bmonth.%253C/strong%253EPastfinders%2Bwill%2Bsend%2Ban%2BEmail%2Bto%2BSIG%2Bmembers%2Bseveral%2Bdays%2Bprior%2Bto%2Beach%2Bmeeting.Pastfinders%2Bis%2Busing%2Bthe%2BZoom%2BVirtual%2BMeeting%2Bapp%2Bto%2Bhold%2Bthese%2Bmeetings%2Band%2Byou%2Bcan%2Bonly%2Bjoin%2Bthe%2Bmeeting%2Bby%2Busing%2Ba%2Blink%2Bprovided%2Bby%2BPastfinders.%25C2%25A0%2BYou%2Bcan%2Bregister%2Bfor%2Bthe%2Bseason%2Bhere:%253Cstrong%253E%25C2%25A0%253Ca%2Bhref%253D%2522https://form.jotform.com/PastfindersSLC/Join-Irish-SIG%2522%253EIrish%2BSIG%253C/a%253E%25C2%25A0%253C/strong%253E%26location%26trp%3Dfalse%26sprop%3Dhttps://wordpress-810691-5571285.cloudwaysapps.com/events/irish-special-interest-group-sig-2025-09-15/%26sprop%3Dname:Pastfinders%26ctz%3DAmerica/New_York&emr=1&followup=https://calendar.google.com/calendar/event?action%3DTEMPLATE%26text%3DIrish%2BSpecial%2BInterest%2BGroup%2B(SIG)%26dates%3D20250915T130000/20250915T141500%26details%3D%253Cstrong%253EThe%2BIrish%2BSIG%2Bwill%2Bresume%2Bwith%2Ba%2Bdifferent%2Bapproach%2Bto%2BGenealogy%2BResearch.%25C2%25A0%2BDiscussions%2Bwill%2Bbe%2Bbased%2Bon%2Binput%2Bfrom%2Bthe%2Bgroup,%2Bwhich%2Bwill%2Bresult%2Bin%2Bchanging%2Btopics%2Beach%2Bmonth.%253C/strong%253EPastfinders%2Bwill%2Bsend%2Ban%2BEmail%2Bto%2BSIG%2Bmembers%2Bseveral%2Bdays%2Bprior%2Bto%2Beach%2Bmeeting.Pastfinders%2Bis%2Busing%2Bthe%2BZoom%2BVirtual%2BMeeting%2Bapp%2Bto%2Bhold%2Bthese%2Bmeetings%2Band%2Byou%2Bcan%2Bonly%2Bjoin%2Bthe%2Bmeeting%2Bby%2Busing%2Ba%2Blink%2Bprovided%2Bby%2BPastfinders.%25C2%25A0%2BYou%2Bcan%2Bregister%2Bfor%2Bthe%2Bseason%2Bhere:%253Cstrong%253E%25C2%25A0%253Ca%2Bhref%253D%2522https://form.jotform.com/PastfindersSLC/Join-Irish-SIG%2522%253EIrish%2BSIG%253C/a%253E%25C2%25A0%253C/strong%253E%26location%26trp%3Dfalse%26sprop%3Dhttps://wordpress-810691-5571285.cloudwaysapps.com/events/irish-special-interest-group-sig-2025-09-15/%26sprop%3Dname:Pastfinders%26ctz%3DAmerica/New_York&osid=1&passive=1209600&service=cl&ifkv=AdBytiPvC45uZlR3GnkpV_70A8YDkQZb0mVZUDMPjqo8tLGNzTh-e2VVWyq3z4sMRSrNdcfoSj_cgA HTTP/1.1" 302 None
DEBUG:urllib3.connectionpool:https://wordpress-810691-5571285.cloudwaysapps.com:443 "GET /wp-content/uploads/2025/08/IMG_2142_1556584877-1024x683.webp HTTP/1.1" 200 86286
DEBUG:urllib3.connectionpool:https://wordpress-810691-5571285.cloudwaysapps.com:443 "GET /wp-content/uploads/2025/08/IMG_0001_1566942794-1024x862.webp HTTP/1.1" 200 167740
DEBUG:urllib3.connectionpool:https://accounts.google.com:443 "GET /v3/signin/identifier?continue=https%3A%2F%2Fcalendar.google.com%2Fcalendar%2Fevent%3Faction%3DTEMPLATE%26text%3DIrish%2BSpecial%2BInterest%2BGroup%2B%28SIG%29%26dates%3D20250915T130000%2F20250915T141500%26details%3D%253Cstrong%253EThe%2BIrish%2BSIG%2Bwill%2Bresume%2Bwith%2Ba%2Bdifferent%2Bapproach%2Bto%2BGenealogy%2BResearch.%25C2%25A0%2BDiscussions%2Bwill%2Bbe%2Bbased%2Bon%2Binput%2Bfrom%2Bthe%2Bgroup%2C%2Bwhich%2Bwill%2Bresult%2Bin%2Bchanging%2Btopics%2Beach%2Bmonth.%253C%2Fstrong%253EPastfinders%2Bwill%2Bsend%2Ban%2BEmail%2Bto%2BSIG%2Bmembers%2Bseveral%2Bdays%2Bprior%2Bto%2Beach%2Bmeeting.Pastfinders%2Bis%2Busing%2Bthe%2BZoom%2BVirtual%2BMeeting%2Bapp%2Bto%2Bhold%2Bthese%2Bmeetings%2Band%2Byou%2Bcan%2Bonly%2Bjoin%2Bthe%2Bmeeting%2Bby%2Busing%2Ba%2Blink%2Bprovided%2Bby%2BPastfinders.%25C2%25A0%2BYou%2Bcan%2Bregister%2Bfor%2Bthe%2Bseason%2Bhere%3A%253Cstrong%253E%25C2%25A0%253Ca%2Bhref%253D%2522https%3A%2F%2Fform.jotform.com%2FPastfindersSLC%2FJoin-Irish-SIG%2522%253EIrish%2BSIG%253C%2Fa%253E%25C2%25A0%253C%2Fstrong%253E%26location%26trp%3Dfalse%26sprop%3Dhttps%3A%2F%2Fwordpress-810691-5571285.cloudwaysapps.com%2Fevents%2Firish-special-interest-group-sig-2025-09-15%2F%26sprop%3Dname%3APastfinders%26ctz%3DAmerica%2FNew_York&emr=1&followup=https%3A%2F%2Fcalendar.google.com%2Fcalendar%2Fevent%3Faction%3DTEMPLATE%26text%3DIrish%2BSpecial%2BInterest%2BGroup%2B%28SIG%29%26dates%3D20250915T130000%2F20250915T141500%26details%3D%253Cstrong%253EThe%2BIrish%2BSIG%2Bwill%2Bresume%2Bwith%2Ba%2Bdifferent%2Bapproach%2Bto%2BGenealogy%2BResearch.%25C2%25A0%2BDiscussions%2Bwill%2Bbe%2Bbased%2Bon%2Binput%2Bfrom%2Bthe%2Bgroup%2C%2Bwhich%2Bwill%2Bresult%2Bin%2Bchanging%2Btopics%2Beach%2Bmonth.%253C%2Fstrong%253EPastfinders%2Bwill%2Bsend%2Ban%2BEmail%2Bto%2BSIG%2Bmembers%2Bseveral%2Bdays%2Bprior%2Bto%2Beach%2Bmeeting.Pastfinders%2Bis%2Busing%2Bthe%2BZoom%2BVirtual%2BMeeting%2Bapp%2Bto%2Bhold%2Bthese%2Bmeetings%2Band%2Byou%2Bcan%2Bonly%2Bjoin%2Bthe%2Bmeeting%2Bby%2Busing%2Ba%2Blink%2Bprovided%2Bby%2BPastfinders.%25C2%25A0%2BYou%2Bcan%2Bregister%2Bfor%2Bthe%2Bseason%2Bhere%3A%253Cstrong%253E%25C2%25A0%253Ca%2Bhref%253D%2522https%3A%2F%2Fform.jotform.com%2FPastfindersSLC%2FJoin-Irish-SIG%2522%253EIrish%2BSIG%253C%2Fa%253E%25C2%25A0%253C%2Fstrong%253E%26location%26trp%3Dfalse%26sprop%3Dhttps%3A%2F%2Fwordpress-810691-5571285.cloudwaysapps.com%2Fevents%2Firish-special-interest-group-sig-2025-09-15%2F%26sprop%3Dname%3APastfinders%26ctz%3DAmerica%2FNew_York&ifkv=AdBytiNA5Nea4ozvt56YpAJ0GcR45KFDTuTZVz1xP7k9LfK_wEflRStkikhu49ef_GAnkyC7ziIa1g&osid=1&passive=1209600&service=cl&flowName=WebLiteSignIn&flowEntry=ServiceLogin&dsh=S622775550%3A1756758284964386 HTTP/1.1" 200 None
DEBUG:root:✅ Image OK: https://wordpress-810691-5571285.cloudwaysapps.com/wp-content/uploads/2025/08/IMG_2142_1556584877-1024x683.webp
DEBUG:root:Checking internal image: https://wordpress-810691-5571285.cloudwaysapps.com/wp-content/uploads/2025/08/IMG_2164_1556584965-1024x683.webp
DEBUG:urllib3.connectionpool:Starting new HTTPS connection (1): wordpress-810691-5571285.cloudwaysapps.com:443
DEBUG:root:✅ Image OK: https://wordpress-810691-5571285.cloudwaysapps.com/wp-content/uploads/2025/08/IMG_0001_1566942794-1024x862.webp
DEBUG:root:Checking internal image: https://wordpress-810691-5571285.cloudwaysapps.com/wp-content/uploads/2025/08/IMG_0000_1_1566942794-812x1024.webp
DEBUG:urllib3.connectionpool:Starting new HTTPS connection (1): wordpress-810691-5571285.cloudwaysapps.com:443
DEBUG:root:✅ Hyperlink OK: https://www.google.com/calendar/event?action=TEMPLATE&text=Irish+Special+Interest+Group+%28SIG%29&dates=20250915T130000/20250915T141500&details=%3Cstrong%3EThe+Irish+SIG+will+resume+with+a+different+approach+to+Genealogy+Research.%C2%A0+Discussions+will+be+based+on+input+from+the+group%2C+which+will+result+in+changing+topics+each+month.%3C%2Fstrong%3EPastfinders+will+send+an+Email+to+SIG+members+several+days+prior+to+each+meeting.Pastfinders+is+using+the+Zoom+Virtual+Meeting+app+to+hold+these+meetings+and+you+can+only+join+the+meeting+by+using+a+link+provided+by+Pastfinders.%C2%A0+You+can+register+for+the+season+here%3A%3Cstrong%3E%C2%A0%3Ca+href%3D%22https%3A%2F%2Fform.jotform.com%2FPastfindersSLC%2FJoin-Irish-SIG%22%3EIrish+SIG%3C%2Fa%3E%C2%A0%3C%2Fstrong%3E&location=&trp=false&sprop=https%3A%2F%2Fwordpress-810691-5571285.cloudwaysapps.com%2Fevents%2Firish-special-interest-group-sig-2025-09-15%2F&sprop=name:Pastfinders&ctz=America%2FNew_York
DEBUG:root:Checking external hyperlink: https://outlook.office.com/calendar/0/deeplink/compose?allday=false&body=%3Cstrong%3EThe+Irish+SIG+will+resume+with+a+different+approach+to+Genealogy+Research.%C2%A0+Discussions+will+be+based+on+input+from+the+group%2C+which+will+result+in+changing+topics+each+month.%3C%2Fstrong%3EPastfinders+will+send+an+Email+to+SIG+members+several+days+prior+to+each+meeting.Pastfinders+is+using+the+Zoom+Virtual+Meeting+app+to+hold+these+meetings+and+you+can+only+join+the+meeting+by+using+a+link+provided+by+Pastfinders.%C2%A0+You+can+register+for+the+season+here%3A%3Cstrong%3E%C2%A0%3Ca+href%3D%22https%3A%2F%2Fform.jotform.com%2FPastfindersSLC%2FJoin-Irish-SIG%22%3EIrish+SIG%3C%2Fa%3E%C2%A0%3C%2Fstrong%3E&location=&path=/calendar/action/compose&rru=addevent&startdt=2025-09-15T13%3A00%3A00-04%3A00&enddt=2025-09-15T14%3A15%3A00-04%3A00&subject=Irish+Special+Interest+Group+%28SIG%29
DEBUG:urllib3.connectionpool:Starting new HTTPS connection (1): outlook.office.com:443
DEBUG:urllib3.connectionpool:https://outlook.office.com:443 "GET /calendar/0/deeplink/compose?allday=false&body=%3Cstrong%3EThe+Irish+SIG+will+resume+with+a+different+approach+to+Genealogy+Research.%C2%A0+Discussions+will+be+based+on+input+from+the+group%2C+which+will+result+in+changing+topics+each+month.%3C%2Fstrong%3EPastfinders+will+send+an+Email+to+SIG+members+several+days+prior+to+each+meeting.Pastfinders+is+using+the+Zoom+Virtual+Meeting+app+to+hold+these+meetings+and+you+can+only+join+the+meeting+by+using+a+link+provided+by+Pastfinders.%C2%A0+You+can+register+for+the+season+here%3A%3Cstrong%3E%C2%A0%3Ca+href%3D%22https%3A%2F%2Fform.jotform.com%2FPastfindersSLC%2FJoin-Irish-SIG%22%3EIrish+SIG%3C%2Fa%3E%C2%A0%3C%2Fstrong%3E&location=&path=/calendar/action/compose&rru=addevent&startdt=2025-09-15T13%3A00%3A00-04%3A00&enddt=2025-09-15T14%3A15%3A00-04%3A00&subject=Irish+Special+Interest+Group+%28SIG%29 HTTP/1.1" 200 None
DEBUG:root:✅ Hyperlink OK: https://outlook.office.com/calendar/0/deeplink/compose?allday=false&body=%3Cstrong%3EThe+Irish+SIG+will+resume+with+a+different+approach+to+Genealogy+Research.%C2%A0+Discussions+will+be+based+on+input+from+the+group%2C+which+will+result+in+changing+topics+each+month.%3C%2Fstrong%3EPastfinders+will+send+an+Email+to+SIG+members+several+days+prior+to+each+meeting.Pastfinders+is+using+the+Zoom+Virtual+Meeting+app+to+hold+these+meetings+and+you+can+only+join+the+meeting+by+using+a+link+provided+by+Pastfinders.%C2%A0+You+can+register+for+the+season+here%3A%3Cstrong%3E%C2%A0%3Ca+href%3D%22https%3A%2F%2Fform.jotform.com%2FPastfindersSLC%2FJoin-Irish-SIG%22%3EIrish+SIG%3C%2Fa%3E%C2%A0%3C%2Fstrong%3E&location=&path=/calendar/action/compose&rru=addevent&startdt=2025-09-15T13%3A00%3A00-04%3A00&enddt=2025-09-15T14%3A15%3A00-04%3A00&subject=Irish+Special+Interest+Group+%28SIG%29
DEBUG:root:Checking external hyperlink: https://outlook.live.com/calendar/0/deeplink/compose?allday=false&body=%3Cstrong%3EThe+Irish+SIG+will+resume+with+a+different+approach+to+Genealogy+Research.%C2%A0+Discussions+will+be+based+on+input+from+the+group%2C+which+will+result+in+changing+topics+each+month.%3C%2Fstrong%3EPastfinders+will+send+an+Email+to+SIG+members+several+days+prior+to+each+meeting.Pastfinders+is+using+the+Zoom+Virtual+Meeting+app+to+hold+these+meetings+and+you+can+only+join+the+meeting+by+using+a+link+provided+by+Pastfinders.%C2%A0+You+can+register+for+the+season+here%3A%3Cstrong%3E%C2%A0%3Ca+href%3D%22https%3A%2F%2Fform.jotform.com%2FPastfindersSLC%2FJoin-Irish-SIG%22%3EIrish+SIG%3C%2Fa%3E%C2%A0%3C%2Fstrong%3E&location=&path=/calendar/action/compose&rru=addevent&startdt=2025-09-15T13%3A00%3A00-04%3A00&enddt=2025-09-15T14%3A15%3A00-04%3A00&subject=Irish+Special+Interest+Group+%28SIG%29
DEBUG:urllib3.connectionpool:Starting new HTTPS connection (1): outlook.live.com:443
DEBUG:urllib3.connectionpool:https://wordpress-810691-5571285.cloudwaysapps.com:443 "GET /wp-content/uploads/2025/08/IMG_2164_1556584965-1024x683.webp HTTP/1.1" 200 57464
DEBUG:urllib3.connectionpool:https://wordpress-810691-5571285.cloudwaysapps.com:443 "GET /wp-content/uploads/2025/08/IMG_0000_1_1566942794-812x1024.webp HTTP/1.1" 200 169072
DEBUG:root:✅ Image OK: https://wordpress-810691-5571285.cloudwaysapps.com/wp-content/uploads/2025/08/IMG_2164_1556584965-1024x683.webp
DEBUG:root:Checking internal image: https://wordpress-810691-5571285.cloudwaysapps.com/wp-content/uploads/2025/08/IMG_2128_1556367129-1024x683.webp
DEBUG:urllib3.connectionpool:Starting new HTTPS connection (1): wordpress-810691-5571285.cloudwaysapps.com:443
DEBUG:root:✅ Image OK: https://wordpress-810691-5571285.cloudwaysapps.com/wp-content/uploads/2025/08/IMG_0000_1_1566942794-812x1024.webp
DEBUG:root:Checking internal image: https://wordpress-810691-5571285.cloudwaysapps.com/wp-content/uploads/2025/08/IMG_0004_1566942794-709x1024.webp
DEBUG:urllib3.connectionpool:Starting new HTTPS connection (1): wordpress-810691-5571285.cloudwaysapps.com:443
DEBUG:urllib3.connectionpool:https://outlook.live.com:443 "GET /calendar/0/deeplink/compose?allday=false&body=%3Cstrong%3EThe+Irish+SIG+will+resume+with+a+different+approach+to+Genealogy+Research.%C2%A0+Discussions+will+be+based+on+input+from+the+group%2C+which+will+result+in+changing+topics+each+month.%3C%2Fstrong%3EPastfinders+will+send+an+Email+to+SIG+members+several+days+prior+to+each+meeting.Pastfinders+is+using+the+Zoom+Virtual+Meeting+app+to+hold+these+meetings+and+you+can+only+join+the+meeting+by+using+a+link+provided+by+Pastfinders.%C2%A0+You+can+register+for+the+season+here%3A%3Cstrong%3E%C2%A0%3Ca+href%3D%22https%3A%2F%2Fform.jotform.com%2FPastfindersSLC%2FJoin-Irish-SIG%22%3EIrish+SIG%3C%2Fa%3E%C2%A0%3C%2Fstrong%3E&location=&path=/calendar/action/compose&rru=addevent&startdt=2025-09-15T13%3A00%3A00-04%3A00&enddt=2025-09-15T14%3A15%3A00-04%3A00&subject=Irish+Special+Interest+Group+%28SIG%29 HTTP/1.1" 200 None
DEBUG:root:✅ Hyperlink OK: https://outlook.live.com/calendar/0/deeplink/compose?allday=false&body=%3Cstrong%3EThe+Irish+SIG+will+resume+with+a+different+approach+to+Genealogy+Research.%C2%A0+Discussions+will+be+based+on+input+from+the+group%2C+which+will+result+in+changing+topics+each+month.%3C%2Fstrong%3EPastfinders+will+send+an+Email+to+SIG+members+several+days+prior+to+each+meeting.Pastfinders+is+using+the+Zoom+Virtual+Meeting+app+to+hold+these+meetings+and+you+can+only+join+the+meeting+by+using+a+link+provided+by+Pastfinders.%C2%A0+You+can+register+for+the+season+here%3A%3Cstrong%3E%C2%A0%3Ca+href%3D%22https%3A%2F%2Fform.jotform.com%2FPastfindersSLC%2FJoin-Irish-SIG%22%3EIrish+SIG%3C%2Fa%3E%C2%A0%3C%2Fstrong%3E&location=&path=/calendar/action/compose&rru=addevent&startdt=2025-09-15T13%3A00%3A00-04%3A00&enddt=2025-09-15T14%3A15%3A00-04%3A00&subject=Irish+Special+Interest+Group+%28SIG%29
DEBUG:root:Using regex pattern: \b[a-zA-Z]{3,}\b
DEBUG:root:Found 94 words to check in https://wordpress-810691-5571285.cloudwaysapps.com/events/irish-special-interest-group-sig-2025-09-15/ (min_length=3)
DEBUG:root:Sample words from https://wordpress-810691-5571285.cloudwaysapps.com/events/irish-special-interest-group-sig-2025-09-15/: ['This', 'alert', 'Skip', 'content', 'Irish', 'Special', 'Interest', 'Group', 'SIG', 'When']
DEBUG:root:Spell check results for https://wordpress-810691-5571285.cloudwaysapps.com/events/irish-special-interest-group-sig-2025-09-15/: 51 words checked, 43 skipped, 0 errors found
INFO:root:✅ Processed https://wordpress-810691-5571285.cloudwaysapps.com/events/irish-special-interest-group-sig-2025-09-15/: 0 errors found, 121 words checked
DEBUG:root:Attempting to fetch: https://wordpress-810691-5571285.cloudwaysapps.com/galleries/2005-pastfinders-news/
Processing pages:  77%|███████▋  | 295/381 [02:41<00:43,  1.98it/s]DEBUG:urllib3.connectionpool:https://wordpress-810691-5571285.cloudwaysapps.com:443 "GET /wp-content/uploads/2025/08/IMG_2128_1556367129-1024x683.webp HTTP/1.1" 200 86574
DEBUG:urllib3.connectionpool:https://wordpress-810691-5571285.cloudwaysapps.com:443 "GET /wp-content/uploads/2025/08/IMG_0004_1566942794-709x1024.webp HTTP/1.1" 200 118890
DEBUG:root:✅ Image OK: https://wordpress-810691-5571285.cloudwaysapps.com/wp-content/uploads/2025/08/IMG_2128_1556367129-1024x683.webp
DEBUG:root:Checking internal image: https://wordpress-810691-5571285.cloudwaysapps.com/wp-content/uploads/2025/08/IMG_2119_1556367129-1024x683.webp
DEBUG:urllib3.connectionpool:Starting new HTTPS connection (1): wordpress-810691-5571285.cloudwaysapps.com:443
DEBUG:urllib3.connectionpool:https://wordpress-810691-5571285.cloudwaysapps.com:443 "GET /galleries/2005-pastfinders-news/ HTTP/1.1" 200 None
DEBUG:urllib3.connectionpool:https://wordpress-810691-5571285.cloudwaysapps.com:443 "GET /resources/dna-testing-guide/ HTTP/1.1" 200 None
DEBUG:root:✅ Image OK: https://wordpress-810691-5571285.cloudwaysapps.com/wp-content/uploads/2025/08/IMG_0004_1566942794-709x1024.webp
DEBUG:root:Checking internal image: https://wordpress-810691-5571285.cloudwaysapps.com/wp-content/uploads/2025/08/IMG_0006_1566942795-1024x908.webp
DEBUG:root:Successfully fetched https://wordpress-810691-5571285.cloudwaysapps.com/galleries/2005-pastfinders-news/ (Content-Length: 66054)
DEBUG:root:Successfully fetched https://wordpress-810691-5571285.cloudwaysapps.com/resources/dna-testing-guide/ (Content-Length: 39473)
DEBUG:charset_normalizer:Encoding detection: utf_8 is most likely the one.
DEBUG:charset_normalizer:Encoding detection: utf_8 is most likely the one.
DEBUG:urllib3.connectionpool:Starting new HTTPS connection (1): wordpress-810691-5571285.cloudwaysapps.com:443
DEBUG:root:Extracted 1078 characters, 194 words from https://wordpress-810691-5571285.cloudwaysapps.com/resources/dna-testing-guide/
DEBUG:root:Using regex pattern: \b[a-zA-Z]{3,}\b
DEBUG:root:Found 145 words to check in https://wordpress-810691-5571285.cloudwaysapps.com/resources/dna-testing-guide/ (min_length=3)
DEBUG:root:Sample words from https://wordpress-810691-5571285.cloudwaysapps.com/resources/dna-testing-guide/: ['This', 'alert', 'Skip', 'content', 'DNA', 'Testing', 'Guide', 'June', 'DNA', 'Testing']
DEBUG:root:Spell check results for https://wordpress-810691-5571285.cloudwaysapps.com/resources/dna-testing-guide/: 117 words checked, 28 skipped, 0 errors found
INFO:root:✅ Processed https://wordpress-810691-5571285.cloudwaysapps.com/resources/dna-testing-guide/: 0 errors found, 194 words checked
DEBUG:root:Attempting to fetch: https://wordpress-810691-5571285.cloudwaysapps.com/resources/introducing-findmypast-com/
Processing pages:  78%|███████▊  | 296/381 [02:41<00:42,  2.00it/s]DEBUG:root:Extracted 328 characters, 67 words from https://wordpress-810691-5571285.cloudwaysapps.com/galleries/2005-pastfinders-news/
DEBUG:root:Checking internal image: https://wordpress-810691-5571285.cloudwaysapps.com/wp-content/uploads/2025/08/IMG_0010_1565112546-1024x337.webp
DEBUG:urllib3.connectionpool:Starting new HTTPS connection (1): wordpress-810691-5571285.cloudwaysapps.com:443
DEBUG:urllib3.connectionpool:https://wordpress-810691-5571285.cloudwaysapps.com:443 "GET /resources/introducing-findmypast-com/ HTTP/1.1" 200 None
DEBUG:root:Successfully fetched https://wordpress-810691-5571285.cloudwaysapps.com/resources/introducing-findmypast-com/ (Content-Length: 38582)
DEBUG:charset_normalizer:Encoding detection: utf_8 is most likely the one.
DEBUG:root:Extracted 430 characters, 71 words from https://wordpress-810691-5571285.cloudwaysapps.com/resources/introducing-findmypast-com/
DEBUG:root:Using regex pattern: \b[a-zA-Z]{3,}\b
DEBUG:root:Found 57 words to check in https://wordpress-810691-5571285.cloudwaysapps.com/resources/introducing-findmypast-com/ (min_length=3)
DEBUG:root:Sample words from https://wordpress-810691-5571285.cloudwaysapps.com/resources/introducing-findmypast-com/: ['This', 'alert', 'Skip', 'content', 'Introducing', 'FindMyPast', 'com', 'July', 'This', 'minute']
DEBUG:root:Skipped email/domain fragment: 'com'
DEBUG:root:Skipped email/domain fragment: 'com'
DEBUG:root:Spell check results for https://wordpress-810691-5571285.cloudwaysapps.com/resources/introducing-findmypast-com/: 38 words checked, 19 skipped, 0 errors found
INFO:root:✅ Processed https://wordpress-810691-5571285.cloudwaysapps.com/resources/introducing-findmypast-com/: 0 errors found, 71 words checked
DEBUG:root:Attempting to fetch: https://wordpress-810691-5571285.cloudwaysapps.com/resources/roots-magic-9/
Processing pages:  78%|███████▊  | 297/381 [02:42<00:32,  2.58it/s]DEBUG:urllib3.connectionpool:https://wordpress-810691-5571285.cloudwaysapps.com:443 "GET /wp-content/uploads/2025/08/IMG_2119_1556367129-1024x683.webp HTTP/1.1" 200 62710
DEBUG:root:✅ Image OK: https://wordpress-810691-5571285.cloudwaysapps.com/wp-content/uploads/2025/08/IMG_2119_1556367129-1024x683.webp
DEBUG:root:Checking internal image: https://wordpress-810691-5571285.cloudwaysapps.com/wp-content/uploads/2025/08/IMG_2139_1556584877-1024x683.webp
DEBUG:urllib3.connectionpool:Starting new HTTPS connection (1): wordpress-810691-5571285.cloudwaysapps.com:443
DEBUG:urllib3.connectionpool:https://wordpress-810691-5571285.cloudwaysapps.com:443 "GET /resources/roots-magic-9/ HTTP/1.1" 200 None
DEBUG:root:Successfully fetched https://wordpress-810691-5571285.cloudwaysapps.com/resources/roots-magic-9/ (Content-Length: 38673)
DEBUG:charset_normalizer:Encoding detection: utf_8 is most likely the one.
DEBUG:root:Extracted 520 characters, 84 words from https://wordpress-810691-5571285.cloudwaysapps.com/resources/roots-magic-9/
DEBUG:root:Using regex pattern: \b[a-zA-Z]{3,}\b
DEBUG:root:Found 64 words to check in https://wordpress-810691-5571285.cloudwaysapps.com/resources/roots-magic-9/ (min_length=3)
DEBUG:root:Sample words from https://wordpress-810691-5571285.cloudwaysapps.com/resources/roots-magic-9/: ['This', 'alert', 'Skip', 'content', 'Roots', 'Magic', 'February', 'RootsMagic', 'the', 'award']
DEBUG:root:Spell check results for https://wordpress-810691-5571285.cloudwaysapps.com/resources/roots-magic-9/: 46 words checked, 18 skipped, 0 errors found
INFO:root:✅ Processed https://wordpress-810691-5571285.cloudwaysapps.com/resources/roots-magic-9/: 0 errors found, 84 words checked
DEBUG:root:Attempting to fetch: https://wordpress-810691-5571285.cloudwaysapps.com/events/preserving-local-history-2025-12-10/
DEBUG:urllib3.connectionpool:https://wordpress-810691-5571285.cloudwaysapps.com:443 "GET /wp-content/uploads/2025/08/IMG_0006_1566942795-1024x908.webp HTTP/1.1" 200 116182
DEBUG:urllib3.connectionpool:https://wordpress-810691-5571285.cloudwaysapps.com:443 "GET /events/preserving-local-history-2025-12-10/ HTTP/1.1" 200 None
DEBUG:root:Successfully fetched https://wordpress-810691-5571285.cloudwaysapps.com/events/preserving-local-history-2025-12-10/ (Content-Length: 43618)
DEBUG:urllib3.connectionpool:https://wordpress-810691-5571285.cloudwaysapps.com:443 "GET /wp-content/uploads/2025/08/IMG_0010_1565112546-1024x337.webp HTTP/1.1" 200 76196
DEBUG:root:✅ Image OK: https://wordpress-810691-5571285.cloudwaysapps.com/wp-content/uploads/2025/08/IMG_0006_1566942795-1024x908.webp
DEBUG:charset_normalizer:Encoding detection: utf_8 is most likely the one.
DEBUG:root:Checking internal image: https://wordpress-810691-5571285.cloudwaysapps.com/wp-content/uploads/2025/08/IMG_0010_1566942795-619x1024.webp
DEBUG:root:✅ Image OK: https://wordpress-810691-5571285.cloudwaysapps.com/wp-content/uploads/2025/08/IMG_0010_1565112546-1024x337.webp
DEBUG:root:Checking internal image: https://wordpress-810691-5571285.cloudwaysapps.com/wp-content/uploads/2025/08/IMG_0007_1565112546-1024x956.webp
DEBUG:urllib3.connectionpool:Starting new HTTPS connection (1): wordpress-810691-5571285.cloudwaysapps.com:443
DEBUG:urllib3.connectionpool:Starting new HTTPS connection (1): wordpress-810691-5571285.cloudwaysapps.com:443
DEBUG:urllib3.connectionpool:https://wordpress-810691-5571285.cloudwaysapps.com:443 "GET /wp-content/uploads/2025/08/IMG_2139_1556584877-1024x683.webp HTTP/1.1" 200 59054
DEBUG:root:Extracted 447 characters, 65 words from https://wordpress-810691-5571285.cloudwaysapps.com/events/preserving-local-history-2025-12-10/
DEBUG:root:Checking external hyperlink: https://www.google.com/calendar/event?action=TEMPLATE&text=Preserving+Local+History&dates=20251210T100000/20251210T120000&details=Help+in+the+preservation+of+our+local+history+and+collections%2C+including+transcriptionists%2C+preservationists%2C+digitizers%2C+and+organization%C2%A0projects.&location=2525+Oakley+Seaver+Dr%2C+Clermont%2C+FL%2C+34711%2C+United+States&trp=false&sprop=https%3A%2F%2Fwordpress-810691-5571285.cloudwaysapps.com%2Fevents%2Fpreserving-local-history-2025-12-10%2F&sprop=name:Pastfinders&ctz=America%2FNew_York
DEBUG:root:✅ Image OK: https://wordpress-810691-5571285.cloudwaysapps.com/wp-content/uploads/2025/08/IMG_2139_1556584877-1024x683.webp
DEBUG:root:Checking internal image: https://wordpress-810691-5571285.cloudwaysapps.com/wp-content/uploads/2025/08/IMG_2157_1556584877-1024x683.webp
DEBUG:urllib3.connectionpool:Starting new HTTPS connection (1): www.google.com:443
DEBUG:urllib3.connectionpool:Starting new HTTPS connection (1): wordpress-810691-5571285.cloudwaysapps.com:443
DEBUG:urllib3.connectionpool:https://www.google.com:443 "GET /calendar/event?action=TEMPLATE&text=Preserving+Local+History&dates=20251210T100000/20251210T120000&details=Help+in+the+preservation+of+our+local+history+and+collections%2C+including+transcriptionists%2C+preservationists%2C+digitizers%2C+and+organization%C2%A0projects.&location=2525+Oakley+Seaver+Dr%2C+Clermont%2C+FL%2C+34711%2C+United+States&trp=false&sprop=https%3A%2F%2Fwordpress-810691-5571285.cloudwaysapps.com%2Fevents%2Fpreserving-local-history-2025-12-10%2F&sprop=name:Pastfinders&ctz=America%2FNew_York HTTP/1.1" 302 0
DEBUG:urllib3.connectionpool:Starting new HTTPS connection (1): calendar.google.com:443
DEBUG:urllib3.connectionpool:https://wordpress-810691-5571285.cloudwaysapps.com:443 "GET /wp-content/uploads/2025/08/IMG_0010_1566942795-619x1024.webp HTTP/1.1" 200 109442
DEBUG:urllib3.connectionpool:https://wordpress-810691-5571285.cloudwaysapps.com:443 "GET /wp-content/uploads/2025/08/IMG_0007_1565112546-1024x956.webp HTTP/1.1" 200 168840
DEBUG:urllib3.connectionpool:https://calendar.google.com:443 "GET /calendar/event?action=TEMPLATE&text=Preserving+Local+History&dates=20251210T100000/20251210T120000&details=Help+in+the+preservation+of+our+local+history+and+collections,+including+transcriptionists,+preservationists,+digitizers,+and+organization%C2%A0projects.&location=2525+Oakley+Seaver+Dr,+Clermont,+FL,+34711,+United+States&trp=false&sprop=https://wordpress-810691-5571285.cloudwaysapps.com/events/preserving-local-history-2025-12-10/&sprop=name:Pastfinders&ctz=America/New_York HTTP/1.1" 302 0
DEBUG:urllib3.connectionpool:Starting new HTTPS connection (1): accounts.google.com:443
DEBUG:urllib3.connectionpool:https://wordpress-810691-5571285.cloudwaysapps.com:443 "GET /wp-content/uploads/2025/08/IMG_2157_1556584877-1024x683.webp HTTP/1.1" 200 93272
DEBUG:root:✅ Image OK: https://wordpress-810691-5571285.cloudwaysapps.com/wp-content/uploads/2025/08/IMG_0010_1566942795-619x1024.webp
DEBUG:root:Checking internal image: https://wordpress-810691-5571285.cloudwaysapps.com/wp-content/uploads/2025/08/IMG_0005_1566942794-1024x698.webp
DEBUG:urllib3.connectionpool:Starting new HTTPS connection (1): wordpress-810691-5571285.cloudwaysapps.com:443
DEBUG:root:✅ Image OK: https://wordpress-810691-5571285.cloudwaysapps.com/wp-content/uploads/2025/08/IMG_2157_1556584877-1024x683.webp
DEBUG:root:Checking internal image: https://wordpress-810691-5571285.cloudwaysapps.com/wp-content/uploads/2025/08/IMG_2152_1556584877-1024x683.webp
DEBUG:root:✅ Image OK: https://wordpress-810691-5571285.cloudwaysapps.com/wp-content/uploads/2025/08/IMG_0007_1565112546-1024x956.webp
DEBUG:root:Checking internal image: https://wordpress-810691-5571285.cloudwaysapps.com/wp-content/uploads/2025/08/IMG_0008_1565112546-1024x974.webp
DEBUG:urllib3.connectionpool:Starting new HTTPS connection (1): wordpress-810691-5571285.cloudwaysapps.com:443
DEBUG:urllib3.connectionpool:Starting new HTTPS connection (1): wordpress-810691-5571285.cloudwaysapps.com:443
DEBUG:urllib3.connectionpool:https://accounts.google.com:443 "GET /ServiceLogin?service=cl&passive=1209600&osid=1&continue=https://calendar.google.com/calendar/event?action%3DTEMPLATE%26text%3DPreserving%2BLocal%2BHistory%26dates%3D20251210T100000/20251210T120000%26details%3DHelp%2Bin%2Bthe%2Bpreservation%2Bof%2Bour%2Blocal%2Bhistory%2Band%2Bcollections,%2Bincluding%2Btranscriptionists,%2Bpreservationists,%2Bdigitizers,%2Band%2Borganization%25C2%25A0projects.%26location%3D2525%2BOakley%2BSeaver%2BDr,%2BClermont,%2BFL,%2B34711,%2BUnited%2BStates%26trp%3Dfalse%26sprop%3Dhttps://wordpress-810691-5571285.cloudwaysapps.com/events/preserving-local-history-2025-12-10/%26sprop%3Dname:Pastfinders%26ctz%3DAmerica/New_York&followup=https://calendar.google.com/calendar/event?action%3DTEMPLATE%26text%3DPreserving%2BLocal%2BHistory%26dates%3D20251210T100000/20251210T120000%26details%3DHelp%2Bin%2Bthe%2Bpreservation%2Bof%2Bour%2Blocal%2Bhistory%2Band%2Bcollections,%2Bincluding%2Btranscriptionists,%2Bpreservationists,%2Bdigitizers,%2Band%2Borganization%25C2%25A0projects.%26location%3D2525%2BOakley%2BSeaver%2BDr,%2BClermont,%2BFL,%2B34711,%2BUnited%2BStates%26trp%3Dfalse%26sprop%3Dhttps://wordpress-810691-5571285.cloudwaysapps.com/events/preserving-local-history-2025-12-10/%26sprop%3Dname:Pastfinders%26ctz%3DAmerica/New_York&emr=1 HTTP/1.1" 302 0
DEBUG:urllib3.connectionpool:https://accounts.google.com:443 "GET /InteractiveLogin?continue=https://calendar.google.com/calendar/event?action%3DTEMPLATE%26text%3DPreserving%2BLocal%2BHistory%26dates%3D20251210T100000/20251210T120000%26details%3DHelp%2Bin%2Bthe%2Bpreservation%2Bof%2Bour%2Blocal%2Bhistory%2Band%2Bcollections,%2Bincluding%2Btranscriptionists,%2Bpreservationists,%2Bdigitizers,%2Band%2Borganization%25C2%25A0projects.%26location%3D2525%2BOakley%2BSeaver%2BDr,%2BClermont,%2BFL,%2B34711,%2BUnited%2BStates%26trp%3Dfalse%26sprop%3Dhttps://wordpress-810691-5571285.cloudwaysapps.com/events/preserving-local-history-2025-12-10/%26sprop%3Dname:Pastfinders%26ctz%3DAmerica/New_York&emr=1&followup=https://calendar.google.com/calendar/event?action%3DTEMPLATE%26text%3DPreserving%2BLocal%2BHistory%26dates%3D20251210T100000/20251210T120000%26details%3DHelp%2Bin%2Bthe%2Bpreservation%2Bof%2Bour%2Blocal%2Bhistory%2Band%2Bcollections,%2Bincluding%2Btranscriptionists,%2Bpreservationists,%2Bdigitizers,%2Band%2Borganization%25C2%25A0projects.%26location%3D2525%2BOakley%2BSeaver%2BDr,%2BClermont,%2BFL,%2B34711,%2BUnited%2BStates%26trp%3Dfalse%26sprop%3Dhttps://wordpress-810691-5571285.cloudwaysapps.com/events/preserving-local-history-2025-12-10/%26sprop%3Dname:Pastfinders%26ctz%3DAmerica/New_York&osid=1&passive=1209600&service=cl&ifkv=AdBytiOr2xgpnh5l3yc1Cq_MVdJlp7_KkPfxQluAOheRAuqmTyrgT-iMplqxQRJXXnJqSmRYIlS_Yw HTTP/1.1" 302 None
DEBUG:urllib3.connectionpool:https://wordpress-810691-5571285.cloudwaysapps.com:443 "GET /wp-content/uploads/2025/08/IMG_0005_1566942794-1024x698.webp HTTP/1.1" 200 151440
DEBUG:urllib3.connectionpool:https://accounts.google.com:443 "GET /v3/signin/identifier?continue=https%3A%2F%2Fcalendar.google.com%2Fcalendar%2Fevent%3Faction%3DTEMPLATE%26text%3DPreserving%2BLocal%2BHistory%26dates%3D20251210T100000%2F20251210T120000%26details%3DHelp%2Bin%2Bthe%2Bpreservation%2Bof%2Bour%2Blocal%2Bhistory%2Band%2Bcollections%2C%2Bincluding%2Btranscriptionists%2C%2Bpreservationists%2C%2Bdigitizers%2C%2Band%2Borganization%25C2%25A0projects.%26location%3D2525%2BOakley%2BSeaver%2BDr%2C%2BClermont%2C%2BFL%2C%2B34711%2C%2BUnited%2BStates%26trp%3Dfalse%26sprop%3Dhttps%3A%2F%2Fwordpress-810691-5571285.cloudwaysapps.com%2Fevents%2Fpreserving-local-history-2025-12-10%2F%26sprop%3Dname%3APastfinders%26ctz%3DAmerica%2FNew_York&emr=1&followup=https%3A%2F%2Fcalendar.google.com%2Fcalendar%2Fevent%3Faction%3DTEMPLATE%26text%3DPreserving%2BLocal%2BHistory%26dates%3D20251210T100000%2F20251210T120000%26details%3DHelp%2Bin%2Bthe%2Bpreservation%2Bof%2Bour%2Blocal%2Bhistory%2Band%2Bcollections%2C%2Bincluding%2Btranscriptionists%2C%2Bpreservationists%2C%2Bdigitizers%2C%2Band%2Borganization%25C2%25A0projects.%26location%3D2525%2BOakley%2BSeaver%2BDr%2C%2BClermont%2C%2BFL%2C%2B34711%2C%2BUnited%2BStates%26trp%3Dfalse%26sprop%3Dhttps%3A%2F%2Fwordpress-810691-5571285.cloudwaysapps.com%2Fevents%2Fpreserving-local-history-2025-12-10%2F%26sprop%3Dname%3APastfinders%26ctz%3DAmerica%2FNew_York&ifkv=AdBytiMW5zyD-J-eLCh_kja49e-binwdgzYtUIaEqBUlXBQWfkr5ORtGGh4-Ff9ZKfrOmUEY-336ww&osid=1&passive=1209600&service=cl&flowName=WebLiteSignIn&flowEntry=ServiceLogin&dsh=S1848140358%3A1756758287523257 HTTP/1.1" 200 None
DEBUG:urllib3.connectionpool:https://wordpress-810691-5571285.cloudwaysapps.com:443 "GET /wp-content/uploads/2025/08/IMG_2152_1556584877-1024x683.webp HTTP/1.1" 200 94158
DEBUG:urllib3.connectionpool:https://wordpress-810691-5571285.cloudwaysapps.com:443 "GET /wp-content/uploads/2025/08/IMG_0008_1565112546-1024x974.webp HTTP/1.1" 200 152824
DEBUG:root:✅ Image OK: https://wordpress-810691-5571285.cloudwaysapps.com/wp-content/uploads/2025/08/IMG_0005_1566942794-1024x698.webp
DEBUG:root:Checking internal image: https://wordpress-810691-5571285.cloudwaysapps.com/wp-content/uploads/2025/08/IMG_0005_7_1566942794-1024x450.webp
DEBUG:urllib3.connectionpool:Starting new HTTPS connection (1): wordpress-810691-5571285.cloudwaysapps.com:443
DEBUG:root:✅ Image OK: https://wordpress-810691-5571285.cloudwaysapps.com/wp-content/uploads/2025/08/IMG_2152_1556584877-1024x683.webp
DEBUG:root:Checking internal image: https://wordpress-810691-5571285.cloudwaysapps.com/wp-content/uploads/2025/08/IMG_2160_1556584965-1024x683.webp
DEBUG:root:✅ Hyperlink OK: https://www.google.com/calendar/event?action=TEMPLATE&text=Preserving+Local+History&dates=20251210T100000/20251210T120000&details=Help+in+the+preservation+of+our+local+history+and+collections%2C+including+transcriptionists%2C+preservationists%2C+digitizers%2C+and+organization%C2%A0projects.&location=2525+Oakley+Seaver+Dr%2C+Clermont%2C+FL%2C+34711%2C+United+States&trp=false&sprop=https%3A%2F%2Fwordpress-810691-5571285.cloudwaysapps.com%2Fevents%2Fpreserving-local-history-2025-12-10%2F&sprop=name:Pastfinders&ctz=America%2FNew_York
DEBUG:root:Checking external hyperlink: https://outlook.office.com/calendar/0/deeplink/compose?allday=false&body=Help+in+the+preservation+of+our+local+history+and+collections%2C+including+transcriptionists%2C+preservationists%2C+digitizers%2C+and+organization%C2%A0projects.&location=2525+Oakley+Seaver+Dr%2C+Clermont%2C+FL%2C+34711%2C+United+States&path=/calendar/action/compose&rru=addevent&startdt=2025-12-10T10%3A00%3A00-05%3A00&enddt=2025-12-10T12%3A00%3A00-05%3A00&subject=Preserving+Local+History
DEBUG:urllib3.connectionpool:Starting new HTTPS connection (1): wordpress-810691-5571285.cloudwaysapps.com:443
DEBUG:urllib3.connectionpool:Starting new HTTPS connection (1): outlook.office.com:443
DEBUG:root:✅ Image OK: https://wordpress-810691-5571285.cloudwaysapps.com/wp-content/uploads/2025/08/IMG_0008_1565112546-1024x974.webp
DEBUG:root:Checking internal image: https://wordpress-810691-5571285.cloudwaysapps.com/wp-content/uploads/2025/08/IMG_0004_4_1565112518-1024x273.webp
DEBUG:urllib3.connectionpool:Starting new HTTPS connection (1): wordpress-810691-5571285.cloudwaysapps.com:443
DEBUG:urllib3.connectionpool:https://wordpress-810691-5571285.cloudwaysapps.com:443 "GET /wp-content/uploads/2025/08/IMG_0005_7_1566942794-1024x450.webp HTTP/1.1" 200 92388
DEBUG:urllib3.connectionpool:https://outlook.office.com:443 "GET /calendar/0/deeplink/compose?allday=false&body=Help+in+the+preservation+of+our+local+history+and+collections%2C+including+transcriptionists%2C+preservationists%2C+digitizers%2C+and+organization%C2%A0projects.&location=2525+Oakley+Seaver+Dr%2C+Clermont%2C+FL%2C+34711%2C+United+States&path=/calendar/action/compose&rru=addevent&startdt=2025-12-10T10%3A00%3A00-05%3A00&enddt=2025-12-10T12%3A00%3A00-05%3A00&subject=Preserving+Local+History HTTP/1.1" 200 None
DEBUG:root:✅ Hyperlink OK: https://outlook.office.com/calendar/0/deeplink/compose?allday=false&body=Help+in+the+preservation+of+our+local+history+and+collections%2C+including+transcriptionists%2C+preservationists%2C+digitizers%2C+and+organization%C2%A0projects.&location=2525+Oakley+Seaver+Dr%2C+Clermont%2C+FL%2C+34711%2C+United+States&path=/calendar/action/compose&rru=addevent&startdt=2025-12-10T10%3A00%3A00-05%3A00&enddt=2025-12-10T12%3A00%3A00-05%3A00&subject=Preserving+Local+History
DEBUG:root:Checking external hyperlink: https://outlook.live.com/calendar/0/deeplink/compose?allday=false&body=Help+in+the+preservation+of+our+local+history+and+collections%2C+including+transcriptionists%2C+preservationists%2C+digitizers%2C+and+organization%C2%A0projects.&location=2525+Oakley+Seaver+Dr%2C+Clermont%2C+FL%2C+34711%2C+United+States&path=/calendar/action/compose&rru=addevent&startdt=2025-12-10T10%3A00%3A00-05%3A00&enddt=2025-12-10T12%3A00%3A00-05%3A00&subject=Preserving+Local+History
DEBUG:root:✅ Image OK: https://wordpress-810691-5571285.cloudwaysapps.com/wp-content/uploads/2025/08/IMG_0005_7_1566942794-1024x450.webp
DEBUG:root:Checking internal image: https://wordpress-810691-5571285.cloudwaysapps.com/wp-content/uploads/2025/08/IMG_0007_1566942795-1024x662.webp
DEBUG:urllib3.connectionpool:Starting new HTTPS connection (1): wordpress-810691-5571285.cloudwaysapps.com:443
DEBUG:urllib3.connectionpool:Starting new HTTPS connection (1): outlook.live.com:443
DEBUG:urllib3.connectionpool:https://wordpress-810691-5571285.cloudwaysapps.com:443 "GET /wp-content/uploads/2025/08/IMG_2160_1556584965-1024x683.webp HTTP/1.1" 200 44470
DEBUG:root:✅ Image OK: https://wordpress-810691-5571285.cloudwaysapps.com/wp-content/uploads/2025/08/IMG_2160_1556584965-1024x683.webp
DEBUG:root:Checking internal image: https://wordpress-810691-5571285.cloudwaysapps.com/wp-content/uploads/2025/08/IMG_2149_1556584877-1024x683.webp
DEBUG:urllib3.connectionpool:Starting new HTTPS connection (1): wordpress-810691-5571285.cloudwaysapps.com:443
DEBUG:urllib3.connectionpool:https://wordpress-810691-5571285.cloudwaysapps.com:443 "GET /wp-content/uploads/2025/08/IMG_0004_4_1565112518-1024x273.webp HTTP/1.1" 200 66544
DEBUG:root:✅ Image OK: https://wordpress-810691-5571285.cloudwaysapps.com/wp-content/uploads/2025/08/IMG_0004_4_1565112518-1024x273.webp
DEBUG:root:Checking internal image: https://wordpress-810691-5571285.cloudwaysapps.com/wp-content/uploads/2025/08/IMG_0005_1565112546-608x1024.webp
DEBUG:urllib3.connectionpool:Starting new HTTPS connection (1): wordpress-810691-5571285.cloudwaysapps.com:443
DEBUG:urllib3.connectionpool:https://wordpress-810691-5571285.cloudwaysapps.com:443 "GET /wp-content/uploads/2025/08/IMG_0007_1566942795-1024x662.webp HTTP/1.1" 200 109114
DEBUG:urllib3.connectionpool:https://outlook.live.com:443 "GET /calendar/0/deeplink/compose?allday=false&body=Help+in+the+preservation+of+our+local+history+and+collections%2C+including+transcriptionists%2C+preservationists%2C+digitizers%2C+and+organization%C2%A0projects.&location=2525+Oakley+Seaver+Dr%2C+Clermont%2C+FL%2C+34711%2C+United+States&path=/calendar/action/compose&rru=addevent&startdt=2025-12-10T10%3A00%3A00-05%3A00&enddt=2025-12-10T12%3A00%3A00-05%3A00&subject=Preserving+Local+History HTTP/1.1" 200 None
DEBUG:root:✅ Hyperlink OK: https://outlook.live.com/calendar/0/deeplink/compose?allday=false&body=Help+in+the+preservation+of+our+local+history+and+collections%2C+including+transcriptionists%2C+preservationists%2C+digitizers%2C+and+organization%C2%A0projects.&location=2525+Oakley+Seaver+Dr%2C+Clermont%2C+FL%2C+34711%2C+United+States&path=/calendar/action/compose&rru=addevent&startdt=2025-12-10T10%3A00%3A00-05%3A00&enddt=2025-12-10T12%3A00%3A00-05%3A00&subject=Preserving+Local+History
DEBUG:root:Using regex pattern: \b[a-zA-Z]{3,}\b
DEBUG:root:Found 44 words to check in https://wordpress-810691-5571285.cloudwaysapps.com/events/preserving-local-history-2025-12-10/ (min_length=3)
DEBUG:root:Sample words from https://wordpress-810691-5571285.cloudwaysapps.com/events/preserving-local-history-2025-12-10/: ['This', 'alert', 'Skip', 'content', 'Preserving', 'Local', 'History', 'When', 'December', 'Add']
DEBUG:root:Misspelled word found: 'transcriptionists' in https://wordpress-810691-5571285.cloudwaysapps.com/events/preserving-local-history-2025-12-10/
DEBUG:root:Spell check results for https://wordpress-810691-5571285.cloudwaysapps.com/events/preserving-local-history-2025-12-10/: 17 words checked, 27 skipped, 1 errors found
INFO:root:✅ Processed https://wordpress-810691-5571285.cloudwaysapps.com/events/preserving-local-history-2025-12-10/: 1 errors found, 65 words checked
DEBUG:root:Attempting to fetch: https://wordpress-810691-5571285.cloudwaysapps.com/events/preserving-local-history-2025-10-29/
Processing pages:  78%|███████▊  | 299/381 [02:44<00:59,  1.39it/s]DEBUG:urllib3.connectionpool:https://wordpress-810691-5571285.cloudwaysapps.com:443 "GET /wp-content/uploads/2025/08/IMG_2149_1556584877-1024x683.webp HTTP/1.1" 200 98736
DEBUG:root:✅ Image OK: https://wordpress-810691-5571285.cloudwaysapps.com/wp-content/uploads/2025/08/IMG_0007_1566942795-1024x662.webp
DEBUG:root:Checking internal image: https://wordpress-810691-5571285.cloudwaysapps.com/wp-content/uploads/2025/08/IMG_0009_4_1566942795-1024x442.webp
DEBUG:urllib3.connectionpool:https://wordpress-810691-5571285.cloudwaysapps.com:443 "GET /events/preserving-local-history-2025-10-29/ HTTP/1.1" 200 None
DEBUG:root:Successfully fetched https://wordpress-810691-5571285.cloudwaysapps.com/events/preserving-local-history-2025-10-29/ (Content-Length: 42954)
DEBUG:charset_normalizer:Encoding detection: utf_8 is most likely the one.
DEBUG:urllib3.connectionpool:Starting new HTTPS connection (1): wordpress-810691-5571285.cloudwaysapps.com:443
DEBUG:root:✅ Image OK: https://wordpress-810691-5571285.cloudwaysapps.com/wp-content/uploads/2025/08/IMG_2149_1556584877-1024x683.webp
DEBUG:root:Checking internal image: https://wordpress-810691-5571285.cloudwaysapps.com/wp-content/uploads/2025/08/IMG_2166_1556584965-1024x683.webp
DEBUG:urllib3.connectionpool:Starting new HTTPS connection (1): wordpress-810691-5571285.cloudwaysapps.com:443
DEBUG:root:Extracted 446 characters, 65 words from https://wordpress-810691-5571285.cloudwaysapps.com/events/preserving-local-history-2025-10-29/
DEBUG:root:Checking external hyperlink: https://www.google.com/calendar/event?action=TEMPLATE&text=Preserving+Local+History&dates=20251029T100000/20251029T120000&details=Help+in+the+preservation+of+our+local+history+and+collections%2C+including+transcriptionists%2C+preservationists%2C+digitizers%2C+and+organization%C2%A0projects.&location=2525+Oakley+Seaver+Dr%2C+Clermont%2C+FL%2C+34711%2C+United+States&trp=false&sprop=https%3A%2F%2Fwordpress-810691-5571285.cloudwaysapps.com%2Fevents%2Fpreserving-local-history-2025-10-29%2F&sprop=name:Pastfinders&ctz=America%2FNew_York
DEBUG:urllib3.connectionpool:https://wordpress-810691-5571285.cloudwaysapps.com:443 "GET /wp-content/uploads/2025/08/IMG_0005_1565112546-608x1024.webp HTTP/1.1" 200 94454
DEBUG:urllib3.connectionpool:Starting new HTTPS connection (1): www.google.com:443
DEBUG:root:✅ Image OK: https://wordpress-810691-5571285.cloudwaysapps.com/wp-content/uploads/2025/08/IMG_0005_1565112546-608x1024.webp
DEBUG:root:Checking internal image: https://wordpress-810691-5571285.cloudwaysapps.com/wp-content/uploads/2025/08/IMG_0004_2_1565112518-784x1024.webp
DEBUG:urllib3.connectionpool:Starting new HTTPS connection (1): wordpress-810691-5571285.cloudwaysapps.com:443
DEBUG:urllib3.connectionpool:https://www.google.com:443 "GET /calendar/event?action=TEMPLATE&text=Preserving+Local+History&dates=20251029T100000/20251029T120000&details=Help+in+the+preservation+of+our+local+history+and+collections%2C+including+transcriptionists%2C+preservationists%2C+digitizers%2C+and+organization%C2%A0projects.&location=2525+Oakley+Seaver+Dr%2C+Clermont%2C+FL%2C+34711%2C+United+States&trp=false&sprop=https%3A%2F%2Fwordpress-810691-5571285.cloudwaysapps.com%2Fevents%2Fpreserving-local-history-2025-10-29%2F&sprop=name:Pastfinders&ctz=America%2FNew_York HTTP/1.1" 302 0
DEBUG:urllib3.connectionpool:Starting new HTTPS connection (1): calendar.google.com:443
DEBUG:urllib3.connectionpool:https://wordpress-810691-5571285.cloudwaysapps.com:443 "GET /wp-content/uploads/2025/08/IMG_0009_4_1566942795-1024x442.webp HTTP/1.1" 200 83962
DEBUG:urllib3.connectionpool:https://wordpress-810691-5571285.cloudwaysapps.com:443 "GET /wp-content/uploads/2025/08/IMG_2166_1556584965-1024x683.webp HTTP/1.1" 200 85542
DEBUG:urllib3.connectionpool:https://calendar.google.com:443 "GET /calendar/event?action=TEMPLATE&text=Preserving+Local+History&dates=20251029T100000/20251029T120000&details=Help+in+the+preservation+of+our+local+history+and+collections,+including+transcriptionists,+preservationists,+digitizers,+and+organization%C2%A0projects.&location=2525+Oakley+Seaver+Dr,+Clermont,+FL,+34711,+United+States&trp=false&sprop=https://wordpress-810691-5571285.cloudwaysapps.com/events/preserving-local-history-2025-10-29/&sprop=name:Pastfinders&ctz=America/New_York HTTP/1.1" 302 0
DEBUG:root:✅ Image OK: https://wordpress-810691-5571285.cloudwaysapps.com/wp-content/uploads/2025/08/IMG_0009_4_1566942795-1024x442.webp
DEBUG:root:Checking internal image: https://wordpress-810691-5571285.cloudwaysapps.com/wp-content/uploads/2025/08/IMG_0001_3_1566942794-550x1024.webp
DEBUG:urllib3.connectionpool:Starting new HTTPS connection (1): wordpress-810691-5571285.cloudwaysapps.com:443
DEBUG:urllib3.connectionpool:Starting new HTTPS connection (1): accounts.google.com:443
DEBUG:root:✅ Image OK: https://wordpress-810691-5571285.cloudwaysapps.com/wp-content/uploads/2025/08/IMG_2166_1556584965-1024x683.webp
DEBUG:root:Checking internal image: https://wordpress-810691-5571285.cloudwaysapps.com/wp-content/uploads/2025/08/IMG_2145_1556584877-1024x683.webp
DEBUG:urllib3.connectionpool:Starting new HTTPS connection (1): wordpress-810691-5571285.cloudwaysapps.com:443
DEBUG:urllib3.connectionpool:https://wordpress-810691-5571285.cloudwaysapps.com:443 "GET /wp-content/uploads/2025/08/IMG_0004_2_1565112518-784x1024.webp HTTP/1.1" 200 104260
DEBUG:root:✅ Image OK: https://wordpress-810691-5571285.cloudwaysapps.com/wp-content/uploads/2025/08/IMG_0004_2_1565112518-784x1024.webp
DEBUG:root:Checking internal image: https://wordpress-810691-5571285.cloudwaysapps.com/wp-content/uploads/2025/08/IMG_0006_1565112546-686x1024.webp
DEBUG:urllib3.connectionpool:Starting new HTTPS connection (1): wordpress-810691-5571285.cloudwaysapps.com:443
DEBUG:urllib3.connectionpool:https://accounts.google.com:443 "GET /ServiceLogin?service=cl&passive=1209600&osid=1&continue=https://calendar.google.com/calendar/event?action%3DTEMPLATE%26text%3DPreserving%2BLocal%2BHistory%26dates%3D20251029T100000/20251029T120000%26details%3DHelp%2Bin%2Bthe%2Bpreservation%2Bof%2Bour%2Blocal%2Bhistory%2Band%2Bcollections,%2Bincluding%2Btranscriptionists,%2Bpreservationists,%2Bdigitizers,%2Band%2Borganization%25C2%25A0projects.%26location%3D2525%2BOakley%2BSeaver%2BDr,%2BClermont,%2BFL,%2B34711,%2BUnited%2BStates%26trp%3Dfalse%26sprop%3Dhttps://wordpress-810691-5571285.cloudwaysapps.com/events/preserving-local-history-2025-10-29/%26sprop%3Dname:Pastfinders%26ctz%3DAmerica/New_York&followup=https://calendar.google.com/calendar/event?action%3DTEMPLATE%26text%3DPreserving%2BLocal%2BHistory%26dates%3D20251029T100000/20251029T120000%26details%3DHelp%2Bin%2Bthe%2Bpreservation%2Bof%2Bour%2Blocal%2Bhistory%2Band%2Bcollections,%2Bincluding%2Btranscriptionists,%2Bpreservationists,%2Bdigitizers,%2Band%2Borganization%25C2%25A0projects.%26location%3D2525%2BOakley%2BSeaver%2BDr,%2BClermont,%2BFL,%2B34711,%2BUnited%2BStates%26trp%3Dfalse%26sprop%3Dhttps://wordpress-810691-5571285.cloudwaysapps.com/events/preserving-local-history-2025-10-29/%26sprop%3Dname:Pastfinders%26ctz%3DAmerica/New_York&emr=1 HTTP/1.1" 302 0
DEBUG:urllib3.connectionpool:https://accounts.google.com:443 "GET /InteractiveLogin?continue=https://calendar.google.com/calendar/event?action%3DTEMPLATE%26text%3DPreserving%2BLocal%2BHistory%26dates%3D20251029T100000/20251029T120000%26details%3DHelp%2Bin%2Bthe%2Bpreservation%2Bof%2Bour%2Blocal%2Bhistory%2Band%2Bcollections,%2Bincluding%2Btranscriptionists,%2Bpreservationists,%2Bdigitizers,%2Band%2Borganization%25C2%25A0projects.%26location%3D2525%2BOakley%2BSeaver%2BDr,%2BClermont,%2BFL,%2B34711,%2BUnited%2BStates%26trp%3Dfalse%26sprop%3Dhttps://wordpress-810691-5571285.cloudwaysapps.com/events/preserving-local-history-2025-10-29/%26sprop%3Dname:Pastfinders%26ctz%3DAmerica/New_York&emr=1&followup=https://calendar.google.com/calendar/event?action%3DTEMPLATE%26text%3DPreserving%2BLocal%2BHistory%26dates%3D20251029T100000/20251029T120000%26details%3DHelp%2Bin%2Bthe%2Bpreservation%2Bof%2Bour%2Blocal%2Bhistory%2Band%2Bcollections,%2Bincluding%2Btranscriptionists,%2Bpreservationists,%2Bdigitizers,%2Band%2Borganization%25C2%25A0projects.%26location%3D2525%2BOakley%2BSeaver%2BDr,%2BClermont,%2BFL,%2B34711,%2BUnited%2BStates%26trp%3Dfalse%26sprop%3Dhttps://wordpress-810691-5571285.cloudwaysapps.com/events/preserving-local-history-2025-10-29/%26sprop%3Dname:Pastfinders%26ctz%3DAmerica/New_York&osid=1&passive=1209600&service=cl&ifkv=AdBytiMQvGb8qQjKhEmypyCudUMGbde83TFJdGlQSBuDNDO3zP_IhuFdLu1NuffZF65YkhZLaO5SAQ HTTP/1.1" 302 None
DEBUG:urllib3.connectionpool:https://accounts.google.com:443 "GET /v3/signin/identifier?continue=https%3A%2F%2Fcalendar.google.com%2Fcalendar%2Fevent%3Faction%3DTEMPLATE%26text%3DPreserving%2BLocal%2BHistory%26dates%3D20251029T100000%2F20251029T120000%26details%3DHelp%2Bin%2Bthe%2Bpreservation%2Bof%2Bour%2Blocal%2Bhistory%2Band%2Bcollections%2C%2Bincluding%2Btranscriptionists%2C%2Bpreservationists%2C%2Bdigitizers%2C%2Band%2Borganization%25C2%25A0projects.%26location%3D2525%2BOakley%2BSeaver%2BDr%2C%2BClermont%2C%2BFL%2C%2B34711%2C%2BUnited%2BStates%26trp%3Dfalse%26sprop%3Dhttps%3A%2F%2Fwordpress-810691-5571285.cloudwaysapps.com%2Fevents%2Fpreserving-local-history-2025-10-29%2F%26sprop%3Dname%3APastfinders%26ctz%3DAmerica%2FNew_York&emr=1&followup=https%3A%2F%2Fcalendar.google.com%2Fcalendar%2Fevent%3Faction%3DTEMPLATE%26text%3DPreserving%2BLocal%2BHistory%26dates%3D20251029T100000%2F20251029T120000%26details%3DHelp%2Bin%2Bthe%2Bpreservation%2Bof%2Bour%2Blocal%2Bhistory%2Band%2Bcollections%2C%2Bincluding%2Btranscriptionists%2C%2Bpreservationists%2C%2Bdigitizers%2C%2Band%2Borganization%25C2%25A0projects.%26location%3D2525%2BOakley%2BSeaver%2BDr%2C%2BClermont%2C%2BFL%2C%2B34711%2C%2BUnited%2BStates%26trp%3Dfalse%26sprop%3Dhttps%3A%2F%2Fwordpress-810691-5571285.cloudwaysapps.com%2Fevents%2Fpreserving-local-history-2025-10-29%2F%26sprop%3Dname%3APastfinders%26ctz%3DAmerica%2FNew_York&ifkv=AdBytiNiQqi7Wakut6LFas_B1VFANuMuJ-QWszLsMbRKHEl9gdcVZs0pzKorQbD6rj6iBe_H4VVg&osid=1&passive=1209600&service=cl&flowName=WebLiteSignIn&flowEntry=ServiceLogin&dsh=S738714301%3A1756758289009645 HTTP/1.1" 200 None
DEBUG:urllib3.connectionpool:https://wordpress-810691-5571285.cloudwaysapps.com:443 "GET /wp-content/uploads/2025/08/IMG_2145_1556584877-1024x683.webp HTTP/1.1" 200 94832
DEBUG:urllib3.connectionpool:https://wordpress-810691-5571285.cloudwaysapps.com:443 "GET /wp-content/uploads/2025/08/IMG_0001_3_1566942794-550x1024.webp HTTP/1.1" 200 92616
DEBUG:root:✅ Image OK: https://wordpress-810691-5571285.cloudwaysapps.com/wp-content/uploads/2025/08/IMG_0001_3_1566942794-550x1024.webp
DEBUG:root:Checking internal image: https://wordpress-810691-5571285.cloudwaysapps.com/wp-content/uploads/2025/08/IMG_0005_4_1566942794-1024x435.webp
DEBUG:root:✅ Image OK: https://wordpress-810691-5571285.cloudwaysapps.com/wp-content/uploads/2025/08/IMG_2145_1556584877-1024x683.webp
DEBUG:root:Checking internal image: https://wordpress-810691-5571285.cloudwaysapps.com/wp-content/uploads/2025/08/IMG_2155_1556584877-1024x683.webp
DEBUG:urllib3.connectionpool:Starting new HTTPS connection (1): wordpress-810691-5571285.cloudwaysapps.com:443
DEBUG:urllib3.connectionpool:Starting new HTTPS connection (1): wordpress-810691-5571285.cloudwaysapps.com:443
DEBUG:root:✅ Hyperlink OK: https://www.google.com/calendar/event?action=TEMPLATE&text=Preserving+Local+History&dates=20251029T100000/20251029T120000&details=Help+in+the+preservation+of+our+local+history+and+collections%2C+including+transcriptionists%2C+preservationists%2C+digitizers%2C+and+organization%C2%A0projects.&location=2525+Oakley+Seaver+Dr%2C+Clermont%2C+FL%2C+34711%2C+United+States&trp=false&sprop=https%3A%2F%2Fwordpress-810691-5571285.cloudwaysapps.com%2Fevents%2Fpreserving-local-history-2025-10-29%2F&sprop=name:Pastfinders&ctz=America%2FNew_York
DEBUG:root:Checking external hyperlink: https://outlook.office.com/calendar/0/deeplink/compose?allday=false&body=Help+in+the+preservation+of+our+local+history+and+collections%2C+including+transcriptionists%2C+preservationists%2C+digitizers%2C+and+organization%C2%A0projects.&location=2525+Oakley+Seaver+Dr%2C+Clermont%2C+FL%2C+34711%2C+United+States&path=/calendar/action/compose&rru=addevent&startdt=2025-10-29T10%3A00%3A00-04%3A00&enddt=2025-10-29T12%3A00%3A00-04%3A00&subject=Preserving+Local+History
DEBUG:urllib3.connectionpool:Starting new HTTPS connection (1): outlook.office.com:443
DEBUG:urllib3.connectionpool:https://wordpress-810691-5571285.cloudwaysapps.com:443 "GET /wp-content/uploads/2025/08/IMG_0006_1565112546-686x1024.webp HTTP/1.1" 200 104172
DEBUG:root:✅ Image OK: https://wordpress-810691-5571285.cloudwaysapps.com/wp-content/uploads/2025/08/IMG_0006_1565112546-686x1024.webp
DEBUG:root:Checking internal image: https://wordpress-810691-5571285.cloudwaysapps.com/wp-content/uploads/2025/08/IMG_0009_1565112546-742x1024.webp
DEBUG:urllib3.connectionpool:Starting new HTTPS connection (1): wordpress-810691-5571285.cloudwaysapps.com:443
DEBUG:urllib3.connectionpool:https://outlook.office.com:443 "GET /calendar/0/deeplink/compose?allday=false&body=Help+in+the+preservation+of+our+local+history+and+collections%2C+including+transcriptionists%2C+preservationists%2C+digitizers%2C+and+organization%C2%A0projects.&location=2525+Oakley+Seaver+Dr%2C+Clermont%2C+FL%2C+34711%2C+United+States&path=/calendar/action/compose&rru=addevent&startdt=2025-10-29T10%3A00%3A00-04%3A00&enddt=2025-10-29T12%3A00%3A00-04%3A00&subject=Preserving+Local+History HTTP/1.1" 200 None
DEBUG:root:✅ Hyperlink OK: https://outlook.office.com/calendar/0/deeplink/compose?allday=false&body=Help+in+the+preservation+of+our+local+history+and+collections%2C+including+transcriptionists%2C+preservationists%2C+digitizers%2C+and+organization%C2%A0projects.&location=2525+Oakley+Seaver+Dr%2C+Clermont%2C+FL%2C+34711%2C+United+States&path=/calendar/action/compose&rru=addevent&startdt=2025-10-29T10%3A00%3A00-04%3A00&enddt=2025-10-29T12%3A00%3A00-04%3A00&subject=Preserving+Local+History
DEBUG:root:Checking external hyperlink: https://outlook.live.com/calendar/0/deeplink/compose?allday=false&body=Help+in+the+preservation+of+our+local+history+and+collections%2C+including+transcriptionists%2C+preservationists%2C+digitizers%2C+and+organization%C2%A0projects.&location=2525+Oakley+Seaver+Dr%2C+Clermont%2C+FL%2C+34711%2C+United+States&path=/calendar/action/compose&rru=addevent&startdt=2025-10-29T10%3A00%3A00-04%3A00&enddt=2025-10-29T12%3A00%3A00-04%3A00&subject=Preserving+Local+History
DEBUG:urllib3.connectionpool:Starting new HTTPS connection (1): outlook.live.com:443
DEBUG:urllib3.connectionpool:https://wordpress-810691-5571285.cloudwaysapps.com:443 "GET /wp-content/uploads/2025/08/IMG_0005_4_1566942794-1024x435.webp HTTP/1.1" 200 86164
DEBUG:urllib3.connectionpool:https://wordpress-810691-5571285.cloudwaysapps.com:443 "GET /wp-content/uploads/2025/08/IMG_2155_1556584877-1024x683.webp HTTP/1.1" 200 94504
DEBUG:root:✅ Image OK: https://wordpress-810691-5571285.cloudwaysapps.com/wp-content/uploads/2025/08/IMG_0005_4_1566942794-1024x435.webp
DEBUG:root:Checking internal image: https://wordpress-810691-5571285.cloudwaysapps.com/wp-content/uploads/2025/08/IMG_0010_6_1566942795-1024x528.webp
DEBUG:urllib3.connectionpool:Starting new HTTPS connection (1): wordpress-810691-5571285.cloudwaysapps.com:443
DEBUG:root:✅ Image OK: https://wordpress-810691-5571285.cloudwaysapps.com/wp-content/uploads/2025/08/IMG_2155_1556584877-1024x683.webp
DEBUG:root:Checking internal image: https://wordpress-810691-5571285.cloudwaysapps.com/wp-content/uploads/2025/08/IMG_2165_1556584965-1024x683.webp
DEBUG:urllib3.connectionpool:Starting new HTTPS connection (1): wordpress-810691-5571285.cloudwaysapps.com:443
DEBUG:urllib3.connectionpool:https://wordpress-810691-5571285.cloudwaysapps.com:443 "GET /wp-content/uploads/2025/08/IMG_0009_1565112546-742x1024.webp HTTP/1.1" 200 99024
DEBUG:root:✅ Image OK: https://wordpress-810691-5571285.cloudwaysapps.com/wp-content/uploads/2025/08/IMG_0009_1565112546-742x1024.webp
DEBUG:root:Checking internal image: https://wordpress-810691-5571285.cloudwaysapps.com/wp-content/uploads/2025/08/IMG_0004_1_1565112518.webp
DEBUG:urllib3.connectionpool:Starting new HTTPS connection (1): wordpress-810691-5571285.cloudwaysapps.com:443
DEBUG:urllib3.connectionpool:https://outlook.live.com:443 "GET /calendar/0/deeplink/compose?allday=false&body=Help+in+the+preservation+of+our+local+history+and+collections%2C+including+transcriptionists%2C+preservationists%2C+digitizers%2C+and+organization%C2%A0projects.&location=2525+Oakley+Seaver+Dr%2C+Clermont%2C+FL%2C+34711%2C+United+States&path=/calendar/action/compose&rru=addevent&startdt=2025-10-29T10%3A00%3A00-04%3A00&enddt=2025-10-29T12%3A00%3A00-04%3A00&subject=Preserving+Local+History HTTP/1.1" 200 None
DEBUG:root:✅ Hyperlink OK: https://outlook.live.com/calendar/0/deeplink/compose?allday=false&body=Help+in+the+preservation+of+our+local+history+and+collections%2C+including+transcriptionists%2C+preservationists%2C+digitizers%2C+and+organization%C2%A0projects.&location=2525+Oakley+Seaver+Dr%2C+Clermont%2C+FL%2C+34711%2C+United+States&path=/calendar/action/compose&rru=addevent&startdt=2025-10-29T10%3A00%3A00-04%3A00&enddt=2025-10-29T12%3A00%3A00-04%3A00&subject=Preserving+Local+History
DEBUG:root:Using regex pattern: \b[a-zA-Z]{3,}\b
DEBUG:root:Found 44 words to check in https://wordpress-810691-5571285.cloudwaysapps.com/events/preserving-local-history-2025-10-29/ (min_length=3)
DEBUG:root:Sample words from https://wordpress-810691-5571285.cloudwaysapps.com/events/preserving-local-history-2025-10-29/: ['This', 'alert', 'Skip', 'content', 'Preserving', 'Local', 'History', 'When', 'October', 'Add']
DEBUG:root:Misspelled word found: 'transcriptionists' in https://wordpress-810691-5571285.cloudwaysapps.com/events/preserving-local-history-2025-10-29/
DEBUG:root:Spell check results for https://wordpress-810691-5571285.cloudwaysapps.com/events/preserving-local-history-2025-10-29/: 17 words checked, 27 skipped, 1 errors found
INFO:root:✅ Processed https://wordpress-810691-5571285.cloudwaysapps.com/events/preserving-local-history-2025-10-29/: 1 errors found, 65 words checked
DEBUG:root:Attempting to fetch: https://wordpress-810691-5571285.cloudwaysapps.com/events/preserving-local-history-2026-01-07/
Processing pages:  79%|███████▊  | 300/381 [02:45<01:11,  1.13it/s]DEBUG:urllib3.connectionpool:https://wordpress-810691-5571285.cloudwaysapps.com:443 "GET /events/preserving-local-history-2026-01-07/ HTTP/1.1" 200 None
DEBUG:root:Successfully fetched https://wordpress-810691-5571285.cloudwaysapps.com/events/preserving-local-history-2026-01-07/ (Content-Length: 43614)
DEBUG:charset_normalizer:Encoding detection: utf_8 is most likely the one.
DEBUG:urllib3.connectionpool:https://wordpress-810691-5571285.cloudwaysapps.com:443 "GET /wp-content/uploads/2025/08/IMG_0010_6_1566942795-1024x528.webp HTTP/1.1" 200 99106
DEBUG:root:Extracted 445 characters, 65 words from https://wordpress-810691-5571285.cloudwaysapps.com/events/preserving-local-history-2026-01-07/
DEBUG:root:Checking external hyperlink: https://www.google.com/calendar/event?action=TEMPLATE&text=Preserving+Local+History&dates=20260107T100000/20260107T120000&details=Help+in+the+preservation+of+our+local+history+and+collections%2C+including+transcriptionists%2C+preservationists%2C+digitizers%2C+and+organization%C2%A0projects.&location=2525+Oakley+Seaver+Dr%2C+Clermont%2C+FL%2C+34711%2C+United+States&trp=false&sprop=https%3A%2F%2Fwordpress-810691-5571285.cloudwaysapps.com%2Fevents%2Fpreserving-local-history-2026-01-07%2F&sprop=name:Pastfinders&ctz=America%2FNew_York
DEBUG:urllib3.connectionpool:https://wordpress-810691-5571285.cloudwaysapps.com:443 "GET /wp-content/uploads/2025/08/IMG_2165_1556584965-1024x683.webp HTTP/1.1" 200 64786
DEBUG:urllib3.connectionpool:Starting new HTTPS connection (1): www.google.com:443
DEBUG:root:✅ Image OK: https://wordpress-810691-5571285.cloudwaysapps.com/wp-content/uploads/2025/08/IMG_0010_6_1566942795-1024x528.webp
DEBUG:root:Checking internal image: https://wordpress-810691-5571285.cloudwaysapps.com/wp-content/uploads/2025/08/IMG_0009_7_1566942795-942x1024.webp
DEBUG:urllib3.connectionpool:Starting new HTTPS connection (1): wordpress-810691-5571285.cloudwaysapps.com:443
DEBUG:root:✅ Image OK: https://wordpress-810691-5571285.cloudwaysapps.com/wp-content/uploads/2025/08/IMG_2165_1556584965-1024x683.webp
DEBUG:root:Checking internal image: https://wordpress-810691-5571285.cloudwaysapps.com/wp-content/uploads/2025/08/IMG_2131_1556367129-1024x683.webp
DEBUG:urllib3.connectionpool:Starting new HTTPS connection (1): wordpress-810691-5571285.cloudwaysapps.com:443
DEBUG:urllib3.connectionpool:https://wordpress-810691-5571285.cloudwaysapps.com:443 "GET /wp-content/uploads/2025/08/IMG_0004_1_1565112518.webp HTTP/1.1" 200 88598
DEBUG:urllib3.connectionpool:https://www.google.com:443 "GET /calendar/event?action=TEMPLATE&text=Preserving+Local+History&dates=20260107T100000/20260107T120000&details=Help+in+the+preservation+of+our+local+history+and+collections%2C+including+transcriptionists%2C+preservationists%2C+digitizers%2C+and+organization%C2%A0projects.&location=2525+Oakley+Seaver+Dr%2C+Clermont%2C+FL%2C+34711%2C+United+States&trp=false&sprop=https%3A%2F%2Fwordpress-810691-5571285.cloudwaysapps.com%2Fevents%2Fpreserving-local-history-2026-01-07%2F&sprop=name:Pastfinders&ctz=America%2FNew_York HTTP/1.1" 302 0
DEBUG:urllib3.connectionpool:Starting new HTTPS connection (1): calendar.google.com:443
DEBUG:root:✅ Image OK: https://wordpress-810691-5571285.cloudwaysapps.com/wp-content/uploads/2025/08/IMG_0004_1_1565112518.webp
DEBUG:root:Checking internal image: https://wordpress-810691-5571285.cloudwaysapps.com/wp-content/uploads/2025/08/IMG_0004_5_1565112518-406x1024.webp
DEBUG:urllib3.connectionpool:Starting new HTTPS connection (1): wordpress-810691-5571285.cloudwaysapps.com:443
DEBUG:urllib3.connectionpool:https://wordpress-810691-5571285.cloudwaysapps.com:443 "GET /wp-content/uploads/2025/08/IMG_2131_1556367129-1024x683.webp HTTP/1.1" 200 67040
DEBUG:urllib3.connectionpool:https://wordpress-810691-5571285.cloudwaysapps.com:443 "GET /wp-content/uploads/2025/08/IMG_0009_7_1566942795-942x1024.webp HTTP/1.1" 200 137712
DEBUG:urllib3.connectionpool:https://calendar.google.com:443 "GET /calendar/event?action=TEMPLATE&text=Preserving+Local+History&dates=20260107T100000/20260107T120000&details=Help+in+the+preservation+of+our+local+history+and+collections,+including+transcriptionists,+preservationists,+digitizers,+and+organization%C2%A0projects.&location=2525+Oakley+Seaver+Dr,+Clermont,+FL,+34711,+United+States&trp=false&sprop=https://wordpress-810691-5571285.cloudwaysapps.com/events/preserving-local-history-2026-01-07/&sprop=name:Pastfinders&ctz=America/New_York HTTP/1.1" 302 0
DEBUG:root:✅ Image OK: https://wordpress-810691-5571285.cloudwaysapps.com/wp-content/uploads/2025/08/IMG_2131_1556367129-1024x683.webp
DEBUG:root:Checking internal image: https://wordpress-810691-5571285.cloudwaysapps.com/wp-content/uploads/2025/08/IMG_2125_1556367129-1024x683.webp
DEBUG:urllib3.connectionpool:Starting new HTTPS connection (1): wordpress-810691-5571285.cloudwaysapps.com:443
DEBUG:urllib3.connectionpool:Starting new HTTPS connection (1): accounts.google.com:443
DEBUG:root:✅ Image OK: https://wordpress-810691-5571285.cloudwaysapps.com/wp-content/uploads/2025/08/IMG_0009_7_1566942795-942x1024.webp
DEBUG:root:Checking internal image: https://wordpress-810691-5571285.cloudwaysapps.com/wp-content/uploads/2025/08/IMG_0006_6_1566942794-1024x786.webp
DEBUG:urllib3.connectionpool:Starting new HTTPS connection (1): wordpress-810691-5571285.cloudwaysapps.com:443
DEBUG:urllib3.connectionpool:https://wordpress-810691-5571285.cloudwaysapps.com:443 "GET /wp-content/uploads/2025/08/IMG_0004_5_1565112518-406x1024.webp HTTP/1.1" 200 96622
DEBUG:urllib3.connectionpool:https://accounts.google.com:443 "GET /ServiceLogin?service=cl&passive=1209600&osid=1&continue=https://calendar.google.com/calendar/event?action%3DTEMPLATE%26text%3DPreserving%2BLocal%2BHistory%26dates%3D20260107T100000/20260107T120000%26details%3DHelp%2Bin%2Bthe%2Bpreservation%2Bof%2Bour%2Blocal%2Bhistory%2Band%2Bcollections,%2Bincluding%2Btranscriptionists,%2Bpreservationists,%2Bdigitizers,%2Band%2Borganization%25C2%25A0projects.%26location%3D2525%2BOakley%2BSeaver%2BDr,%2BClermont,%2BFL,%2B34711,%2BUnited%2BStates%26trp%3Dfalse%26sprop%3Dhttps://wordpress-810691-5571285.cloudwaysapps.com/events/preserving-local-history-2026-01-07/%26sprop%3Dname:Pastfinders%26ctz%3DAmerica/New_York&followup=https://calendar.google.com/calendar/event?action%3DTEMPLATE%26text%3DPreserving%2BLocal%2BHistory%26dates%3D20260107T100000/20260107T120000%26details%3DHelp%2Bin%2Bthe%2Bpreservation%2Bof%2Bour%2Blocal%2Bhistory%2Band%2Bcollections,%2Bincluding%2Btranscriptionists,%2Bpreservationists,%2Bdigitizers,%2Band%2Borganization%25C2%25A0projects.%26location%3D2525%2BOakley%2BSeaver%2BDr,%2BClermont,%2BFL,%2B34711,%2BUnited%2BStates%26trp%3Dfalse%26sprop%3Dhttps://wordpress-810691-5571285.cloudwaysapps.com/events/preserving-local-history-2026-01-07/%26sprop%3Dname:Pastfinders%26ctz%3DAmerica/New_York&emr=1 HTTP/1.1" 302 0
DEBUG:root:✅ Image OK: https://wordpress-810691-5571285.cloudwaysapps.com/wp-content/uploads/2025/08/IMG_0004_5_1565112518-406x1024.webp
DEBUG:root:Checking internal image: https://wordpress-810691-5571285.cloudwaysapps.com/wp-content/uploads/2025/08/IMG_0004_3_1565112518-620x1024.webp
DEBUG:urllib3.connectionpool:Starting new HTTPS connection (1): wordpress-810691-5571285.cloudwaysapps.com:443
DEBUG:urllib3.connectionpool:https://accounts.google.com:443 "GET /InteractiveLogin?continue=https://calendar.google.com/calendar/event?action%3DTEMPLATE%26text%3DPreserving%2BLocal%2BHistory%26dates%3D20260107T100000/20260107T120000%26details%3DHelp%2Bin%2Bthe%2Bpreservation%2Bof%2Bour%2Blocal%2Bhistory%2Band%2Bcollections,%2Bincluding%2Btranscriptionists,%2Bpreservationists,%2Bdigitizers,%2Band%2Borganization%25C2%25A0projects.%26location%3D2525%2BOakley%2BSeaver%2BDr,%2BClermont,%2BFL,%2B34711,%2BUnited%2BStates%26trp%3Dfalse%26sprop%3Dhttps://wordpress-810691-5571285.cloudwaysapps.com/events/preserving-local-history-2026-01-07/%26sprop%3Dname:Pastfinders%26ctz%3DAmerica/New_York&emr=1&followup=https://calendar.google.com/calendar/event?action%3DTEMPLATE%26text%3DPreserving%2BLocal%2BHistory%26dates%3D20260107T100000/20260107T120000%26details%3DHelp%2Bin%2Bthe%2Bpreservation%2Bof%2Bour%2Blocal%2Bhistory%2Band%2Bcollections,%2Bincluding%2Btranscriptionists,%2Bpreservationists,%2Bdigitizers,%2Band%2Borganization%25C2%25A0projects.%26location%3D2525%2BOakley%2BSeaver%2BDr,%2BClermont,%2BFL,%2B34711,%2BUnited%2BStates%26trp%3Dfalse%26sprop%3Dhttps://wordpress-810691-5571285.cloudwaysapps.com/events/preserving-local-history-2026-01-07/%26sprop%3Dname:Pastfinders%26ctz%3DAmerica/New_York&osid=1&passive=1209600&service=cl&ifkv=AdBytiNvNVVF0IjWmtsMRD0aIGwcnFl4TDA7DJokbOSlPqhdraYEuP8lVFS6h9ICMppGMaUa4IcGtQ HTTP/1.1" 302 None
DEBUG:urllib3.connectionpool:https://wordpress-810691-5571285.cloudwaysapps.com:443 "GET /wp-content/uploads/2025/08/IMG_2125_1556367129-1024x683.webp HTTP/1.1" 200 62148
DEBUG:urllib3.connectionpool:https://accounts.google.com:443 "GET /v3/signin/identifier?continue=https%3A%2F%2Fcalendar.google.com%2Fcalendar%2Fevent%3Faction%3DTEMPLATE%26text%3DPreserving%2BLocal%2BHistory%26dates%3D20260107T100000%2F20260107T120000%26details%3DHelp%2Bin%2Bthe%2Bpreservation%2Bof%2Bour%2Blocal%2Bhistory%2Band%2Bcollections%2C%2Bincluding%2Btranscriptionists%2C%2Bpreservationists%2C%2Bdigitizers%2C%2Band%2Borganization%25C2%25A0projects.%26location%3D2525%2BOakley%2BSeaver%2BDr%2C%2BClermont%2C%2BFL%2C%2B34711%2C%2BUnited%2BStates%26trp%3Dfalse%26sprop%3Dhttps%3A%2F%2Fwordpress-810691-5571285.cloudwaysapps.com%2Fevents%2Fpreserving-local-history-2026-01-07%2F%26sprop%3Dname%3APastfinders%26ctz%3DAmerica%2FNew_York&emr=1&followup=https%3A%2F%2Fcalendar.google.com%2Fcalendar%2Fevent%3Faction%3DTEMPLATE%26text%3DPreserving%2BLocal%2BHistory%26dates%3D20260107T100000%2F20260107T120000%26details%3DHelp%2Bin%2Bthe%2Bpreservation%2Bof%2Bour%2Blocal%2Bhistory%2Band%2Bcollections%2C%2Bincluding%2Btranscriptionists%2C%2Bpreservationists%2C%2Bdigitizers%2C%2Band%2Borganization%25C2%25A0projects.%26location%3D2525%2BOakley%2BSeaver%2BDr%2C%2BClermont%2C%2BFL%2C%2B34711%2C%2BUnited%2BStates%26trp%3Dfalse%26sprop%3Dhttps%3A%2F%2Fwordpress-810691-5571285.cloudwaysapps.com%2Fevents%2Fpreserving-local-history-2026-01-07%2F%26sprop%3Dname%3APastfinders%26ctz%3DAmerica%2FNew_York&ifkv=AdBytiPinoZGV7CPWXpFmOIIh2ulCXVA7mFzqTODu2qcuA75ZDlGfkk7zFQ_sSoo5RDXE-S1L_pyzA&osid=1&passive=1209600&service=cl&flowName=WebLiteSignIn&flowEntry=ServiceLogin&dsh=S554166296%3A1756758290615325 HTTP/1.1" 200 None
DEBUG:root:✅ Image OK: https://wordpress-810691-5571285.cloudwaysapps.com/wp-content/uploads/2025/08/IMG_2125_1556367129-1024x683.webp
DEBUG:root:Checking internal image: https://wordpress-810691-5571285.cloudwaysapps.com/wp-content/uploads/2025/08/IMG_2156_1556584877-1024x683.webp
DEBUG:urllib3.connectionpool:Starting new HTTPS connection (1): wordpress-810691-5571285.cloudwaysapps.com:443
DEBUG:urllib3.connectionpool:https://wordpress-810691-5571285.cloudwaysapps.com:443 "GET /wp-content/uploads/2025/08/IMG_0006_6_1566942794-1024x786.webp HTTP/1.1" 200 122328
DEBUG:root:✅ Hyperlink OK: https://www.google.com/calendar/event?action=TEMPLATE&text=Preserving+Local+History&dates=20260107T100000/20260107T120000&details=Help+in+the+preservation+of+our+local+history+and+collections%2C+including+transcriptionists%2C+preservationists%2C+digitizers%2C+and+organization%C2%A0projects.&location=2525+Oakley+Seaver+Dr%2C+Clermont%2C+FL%2C+34711%2C+United+States&trp=false&sprop=https%3A%2F%2Fwordpress-810691-5571285.cloudwaysapps.com%2Fevents%2Fpreserving-local-history-2026-01-07%2F&sprop=name:Pastfinders&ctz=America%2FNew_York
DEBUG:root:Checking external hyperlink: https://outlook.office.com/calendar/0/deeplink/compose?allday=false&body=Help+in+the+preservation+of+our+local+history+and+collections%2C+including+transcriptionists%2C+preservationists%2C+digitizers%2C+and+organization%C2%A0projects.&location=2525+Oakley+Seaver+Dr%2C+Clermont%2C+FL%2C+34711%2C+United+States&path=/calendar/action/compose&rru=addevent&startdt=2026-01-07T10%3A00%3A00-05%3A00&enddt=2026-01-07T12%3A00%3A00-05%3A00&subject=Preserving+Local+History
DEBUG:urllib3.connectionpool:Starting new HTTPS connection (1): outlook.office.com:443
DEBUG:root:✅ Image OK: https://wordpress-810691-5571285.cloudwaysapps.com/wp-content/uploads/2025/08/IMG_0006_6_1566942794-1024x786.webp
DEBUG:root:Checking internal image: https://wordpress-810691-5571285.cloudwaysapps.com/wp-content/uploads/2025/08/IMG_0009_1566942795-1024x446.webp
DEBUG:urllib3.connectionpool:Starting new HTTPS connection (1): wordpress-810691-5571285.cloudwaysapps.com:443
DEBUG:root:✅ Document OK: https://pastfindersslc.org/upload/newsletters/Winter_1999.pdf
DEBUG:root:Checking external document: https://pastfindersslc.org/upload/newsletters/1998_Fall.pdf
DEBUG:urllib3.connectionpool:Starting new HTTPS connection (1): pastfindersslc.org:443
DEBUG:urllib3.connectionpool:https://wordpress-810691-5571285.cloudwaysapps.com:443 "GET /wp-content/uploads/2025/08/IMG_0004_3_1565112518-620x1024.webp HTTP/1.1" 200 95206
DEBUG:root:✅ Image OK: https://wordpress-810691-5571285.cloudwaysapps.com/wp-content/uploads/2025/08/IMG_0004_3_1565112518-620x1024.webp
DEBUG:root:Using regex pattern: \b[a-zA-Z]{3,}\b
DEBUG:root:Found 33 words to check in https://wordpress-810691-5571285.cloudwaysapps.com/galleries/2005-pastfinders-news/ (min_length=3)
DEBUG:root:Sample words from https://wordpress-810691-5571285.cloudwaysapps.com/galleries/2005-pastfinders-news/: ['This', 'alert', 'Skip', 'content', 'Pastfinders', 'News', 'images', 'Click', 'view', 'Click']
DEBUG:root:Spell check results for https://wordpress-810691-5571285.cloudwaysapps.com/galleries/2005-pastfinders-news/: 14 words checked, 19 skipped, 0 errors found
INFO:root:✅ Processed https://wordpress-810691-5571285.cloudwaysapps.com/galleries/2005-pastfinders-news/: 0 errors found, 67 words checked
DEBUG:root:Attempting to fetch: https://wordpress-810691-5571285.cloudwaysapps.com/events/research-assistance-2025-08-27-2025-09-03-2025-09-10-2025-09-17-2025-09-24-2025-10-01-2025-10-08-2025-10-15-2025-10-22-2025-10-29-2025-11-05-2025-11-12-2025-11-19-2025-11-26-2025-12-03-2-15-2026-04-22/
Processing pages:  79%|███████▉  | 301/381 [02:46<01:15,  1.06it/s]DEBUG:urllib3.connectionpool:https://pastfindersslc.org:443 "GET /upload/newsletters/1998_Fall.pdf HTTP/1.1" 200 8828032
DEBUG:urllib3.connectionpool:https://wordpress-810691-5571285.cloudwaysapps.com:443 "GET /wp-content/uploads/2025/08/IMG_2156_1556584877-1024x683.webp HTTP/1.1" 200 93390
DEBUG:urllib3.connectionpool:https://outlook.office.com:443 "GET /calendar/0/deeplink/compose?allday=false&body=Help+in+the+preservation+of+our+local+history+and+collections%2C+including+transcriptionists%2C+preservationists%2C+digitizers%2C+and+organization%C2%A0projects.&location=2525+Oakley+Seaver+Dr%2C+Clermont%2C+FL%2C+34711%2C+United+States&path=/calendar/action/compose&rru=addevent&startdt=2026-01-07T10%3A00%3A00-05%3A00&enddt=2026-01-07T12%3A00%3A00-05%3A00&subject=Preserving+Local+History HTTP/1.1" 200 None
DEBUG:root:✅ Hyperlink OK: https://outlook.office.com/calendar/0/deeplink/compose?allday=false&body=Help+in+the+preservation+of+our+local+history+and+collections%2C+including+transcriptionists%2C+preservationists%2C+digitizers%2C+and+organization%C2%A0projects.&location=2525+Oakley+Seaver+Dr%2C+Clermont%2C+FL%2C+34711%2C+United+States&path=/calendar/action/compose&rru=addevent&startdt=2026-01-07T10%3A00%3A00-05%3A00&enddt=2026-01-07T12%3A00%3A00-05%3A00&subject=Preserving+Local+History
DEBUG:root:Checking external hyperlink: https://outlook.live.com/calendar/0/deeplink/compose?allday=false&body=Help+in+the+preservation+of+our+local+history+and+collections%2C+including+transcriptionists%2C+preservationists%2C+digitizers%2C+and+organization%C2%A0projects.&location=2525+Oakley+Seaver+Dr%2C+Clermont%2C+FL%2C+34711%2C+United+States&path=/calendar/action/compose&rru=addevent&startdt=2026-01-07T10%3A00%3A00-05%3A00&enddt=2026-01-07T12%3A00%3A00-05%3A00&subject=Preserving+Local+History
DEBUG:urllib3.connectionpool:Starting new HTTPS connection (1): outlook.live.com:443
DEBUG:urllib3.connectionpool:https://wordpress-810691-5571285.cloudwaysapps.com:443 "GET /events/research-assistance-2025-08-27-2025-09-03-2025-09-10-2025-09-17-2025-09-24-2025-10-01-2025-10-08-2025-10-15-2025-10-22-2025-10-29-2025-11-05-2025-11-12-2025-11-19-2025-11-26-2025-12-03-2-15-2026-04-22/ HTTP/1.1" 200 None
DEBUG:root:Successfully fetched https://wordpress-810691-5571285.cloudwaysapps.com/events/research-assistance-2025-08-27-2025-09-03-2025-09-10-2025-09-17-2025-09-24-2025-10-01-2025-10-08-2025-10-15-2025-10-22-2025-10-29-2025-11-05-2025-11-12-2025-11-19-2025-11-26-2025-12-03-2-15-2026-04-22/ (Content-Length: 44211)
DEBUG:charset_normalizer:Encoding detection: utf_8 is most likely the one.
DEBUG:root:Extracted 489 characters, 85 words from https://wordpress-810691-5571285.cloudwaysapps.com/events/research-assistance-2025-08-27-2025-09-03-2025-09-10-2025-09-17-2025-09-24-2025-10-01-2025-10-08-2025-10-15-2025-10-22-2025-10-29-2025-11-05-2025-11-12-2025-11-19-2025-11-26-2025-12-03-2-15-2026-04-22/
DEBUG:root:Checking external hyperlink: https://www.google.com/calendar/event?action=TEMPLATE&text=Research+Assistance&dates=20260422T130000/20260422T150000&details=Join+us+weekly+in+the+Genealogy+Room+for+in-person+help+with+your+research.+It%E2%80%99s+a+great+chance+to+get+one-on-one+guidance%2C+ask+questions%2C+and+connect+with+others+who+share+your+passion+for+family+history.&location=2525+Oakley+Seaver+Dr%2C+Clermont%2C+FL%2C+34711%2C+United+States&trp=false&sprop=https%3A%2F%2Fwordpress-810691-5571285.cloudwaysapps.com%2Fevents%2Fresearch-assistance-2025-08-27-2025-09-03-2025-09-10-2025-09-17-2025-09-24-2025-10-01-2025-10-08-2025-10-15-2025-10-22-2025-10-29-2025-11-05-2025-11-12-2025-11-19-2025-11-26-2025-12-03-2-15-2026-04-22%2F&sprop=name:Pastfinders&ctz=America%2FNew_York
DEBUG:root:✅ Image OK: https://wordpress-810691-5571285.cloudwaysapps.com/wp-content/uploads/2025/08/IMG_2156_1556584877-1024x683.webp
DEBUG:root:Checking internal image: https://wordpress-810691-5571285.cloudwaysapps.com/wp-content/uploads/2025/08/IMG_2162_1556584965-1024x683.webp
DEBUG:urllib3.connectionpool:Starting new HTTPS connection (1): www.google.com:443
DEBUG:urllib3.connectionpool:Starting new HTTPS connection (1): wordpress-810691-5571285.cloudwaysapps.com:443
DEBUG:urllib3.connectionpool:https://wordpress-810691-5571285.cloudwaysapps.com:443 "GET /wp-content/uploads/2025/08/IMG_0009_1566942795-1024x446.webp HTTP/1.1" 200 95176
DEBUG:root:✅ Image OK: https://wordpress-810691-5571285.cloudwaysapps.com/wp-content/uploads/2025/08/IMG_0009_1566942795-1024x446.webp
DEBUG:root:Checking internal image: https://wordpress-810691-5571285.cloudwaysapps.com/wp-content/uploads/2025/08/IMG_0008_1566942795-968x1024.webp
DEBUG:urllib3.connectionpool:Starting new HTTPS connection (1): wordpress-810691-5571285.cloudwaysapps.com:443
DEBUG:urllib3.connectionpool:https://www.google.com:443 "GET /calendar/event?action=TEMPLATE&text=Research+Assistance&dates=20260422T130000/20260422T150000&details=Join+us+weekly+in+the+Genealogy+Room+for+in-person+help+with+your+research.+It%E2%80%99s+a+great+chance+to+get+one-on-one+guidance%2C+ask+questions%2C+and+connect+with+others+who+share+your+passion+for+family+history.&location=2525+Oakley+Seaver+Dr%2C+Clermont%2C+FL%2C+34711%2C+United+States&trp=false&sprop=https%3A%2F%2Fwordpress-810691-5571285.cloudwaysapps.com%2Fevents%2Fresearch-assistance-2025-08-27-2025-09-03-2025-09-10-2025-09-17-2025-09-24-2025-10-01-2025-10-08-2025-10-15-2025-10-22-2025-10-29-2025-11-05-2025-11-12-2025-11-19-2025-11-26-2025-12-03-2-15-2026-04-22%2F&sprop=name:Pastfinders&ctz=America%2FNew_York HTTP/1.1" 302 0
DEBUG:urllib3.connectionpool:Starting new HTTPS connection (1): calendar.google.com:443
DEBUG:urllib3.connectionpool:https://outlook.live.com:443 "GET /calendar/0/deeplink/compose?allday=false&body=Help+in+the+preservation+of+our+local+history+and+collections%2C+including+transcriptionists%2C+preservationists%2C+digitizers%2C+and+organization%C2%A0projects.&location=2525+Oakley+Seaver+Dr%2C+Clermont%2C+FL%2C+34711%2C+United+States&path=/calendar/action/compose&rru=addevent&startdt=2026-01-07T10%3A00%3A00-05%3A00&enddt=2026-01-07T12%3A00%3A00-05%3A00&subject=Preserving+Local+History HTTP/1.1" 200 None
DEBUG:root:✅ Hyperlink OK: https://outlook.live.com/calendar/0/deeplink/compose?allday=false&body=Help+in+the+preservation+of+our+local+history+and+collections%2C+including+transcriptionists%2C+preservationists%2C+digitizers%2C+and+organization%C2%A0projects.&location=2525+Oakley+Seaver+Dr%2C+Clermont%2C+FL%2C+34711%2C+United+States&path=/calendar/action/compose&rru=addevent&startdt=2026-01-07T10%3A00%3A00-05%3A00&enddt=2026-01-07T12%3A00%3A00-05%3A00&subject=Preserving+Local+History
DEBUG:root:Using regex pattern: \b[a-zA-Z]{3,}\b
DEBUG:root:Found 44 words to check in https://wordpress-810691-5571285.cloudwaysapps.com/events/preserving-local-history-2026-01-07/ (min_length=3)
DEBUG:root:Sample words from https://wordpress-810691-5571285.cloudwaysapps.com/events/preserving-local-history-2026-01-07/: ['This', 'alert', 'Skip', 'content', 'Preserving', 'Local', 'History', 'When', 'January', 'Add']
DEBUG:root:Misspelled word found: 'transcriptionists' in https://wordpress-810691-5571285.cloudwaysapps.com/events/preserving-local-history-2026-01-07/
DEBUG:root:Spell check results for https://wordpress-810691-5571285.cloudwaysapps.com/events/preserving-local-history-2026-01-07/: 17 words checked, 27 skipped, 1 errors found
INFO:root:✅ Processed https://wordpress-810691-5571285.cloudwaysapps.com/events/preserving-local-history-2026-01-07/: 1 errors found, 65 words checked
DEBUG:root:Attempting to fetch: https://wordpress-810691-5571285.cloudwaysapps.com/events/dna-research-using-leeds-method-ancestrys-new-clustering-tool/
Processing pages:  79%|███████▉  | 302/381 [02:47<01:01,  1.29it/s]DEBUG:urllib3.connectionpool:https://calendar.google.com:443 "GET /calendar/event?action=TEMPLATE&text=Research+Assistance&dates=20260422T130000/20260422T150000&details=Join+us+weekly+in+the+Genealogy+Room+for+in-person+help+with+your+research.+It%E2%80%99s+a+great+chance+to+get+one-on-one+guidance,+ask+questions,+and+connect+with+others+who+share+your+passion+for+family+history.&location=2525+Oakley+Seaver+Dr,+Clermont,+FL,+34711,+United+States&trp=false&sprop=https://wordpress-810691-5571285.cloudwaysapps.com/events/research-assistance-2025-08-27-2025-09-03-2025-09-10-2025-09-17-2025-09-24-2025-10-01-2025-10-08-2025-10-15-2025-10-22-2025-10-29-2025-11-05-2025-11-12-2025-11-19-2025-11-26-2025-12-03-2-15-2026-04-22/&sprop=name:Pastfinders&ctz=America/New_York HTTP/1.1" 302 0
DEBUG:urllib3.connectionpool:Starting new HTTPS connection (1): accounts.google.com:443
DEBUG:urllib3.connectionpool:https://wordpress-810691-5571285.cloudwaysapps.com:443 "GET /wp-content/uploads/2025/08/IMG_2162_1556584965-1024x683.webp HTTP/1.1" 200 41498
DEBUG:root:✅ Image OK: https://wordpress-810691-5571285.cloudwaysapps.com/wp-content/uploads/2025/08/IMG_2162_1556584965-1024x683.webp
DEBUG:root:Checking internal image: https://wordpress-810691-5571285.cloudwaysapps.com/wp-content/uploads/2025/08/IMG_2161_1556584965-1024x683.webp
DEBUG:urllib3.connectionpool:Starting new HTTPS connection (1): wordpress-810691-5571285.cloudwaysapps.com:443
DEBUG:urllib3.connectionpool:https://accounts.google.com:443 "GET /ServiceLogin?service=cl&passive=1209600&osid=1&continue=https://calendar.google.com/calendar/event?action%3DTEMPLATE%26text%3DResearch%2BAssistance%26dates%3D20260422T130000/20260422T150000%26details%3DJoin%2Bus%2Bweekly%2Bin%2Bthe%2BGenealogy%2BRoom%2Bfor%2Bin-person%2Bhelp%2Bwith%2Byour%2Bresearch.%2BIt%25E2%2580%2599s%2Ba%2Bgreat%2Bchance%2Bto%2Bget%2Bone-on-one%2Bguidance,%2Bask%2Bquestions,%2Band%2Bconnect%2Bwith%2Bothers%2Bwho%2Bshare%2Byour%2Bpassion%2Bfor%2Bfamily%2Bhistory.%26location%3D2525%2BOakley%2BSeaver%2BDr,%2BClermont,%2BFL,%2B34711,%2BUnited%2BStates%26trp%3Dfalse%26sprop%3Dhttps://wordpress-810691-5571285.cloudwaysapps.com/events/research-assistance-2025-08-27-2025-09-03-2025-09-10-2025-09-17-2025-09-24-2025-10-01-2025-10-08-2025-10-15-2025-10-22-2025-10-29-2025-11-05-2025-11-12-2025-11-19-2025-11-26-2025-12-03-2-15-2026-04-22/%26sprop%3Dname:Pastfinders%26ctz%3DAmerica/New_York&followup=https://calendar.google.com/calendar/event?action%3DTEMPLATE%26text%3DResearch%2BAssistance%26dates%3D20260422T130000/20260422T150000%26details%3DJoin%2Bus%2Bweekly%2Bin%2Bthe%2BGenealogy%2BRoom%2Bfor%2Bin-person%2Bhelp%2Bwith%2Byour%2Bresearch.%2BIt%25E2%2580%2599s%2Ba%2Bgreat%2Bchance%2Bto%2Bget%2Bone-on-one%2Bguidance,%2Bask%2Bquestions,%2Band%2Bconnect%2Bwith%2Bothers%2Bwho%2Bshare%2Byour%2Bpassion%2Bfor%2Bfamily%2Bhistory.%26location%3D2525%2BOakley%2BSeaver%2BDr,%2BClermont,%2BFL,%2B34711,%2BUnited%2BStates%26trp%3Dfalse%26sprop%3Dhttps://wordpress-810691-5571285.cloudwaysapps.com/events/research-assistance-2025-08-27-2025-09-03-2025-09-10-2025-09-17-2025-09-24-2025-10-01-2025-10-08-2025-10-15-2025-10-22-2025-10-29-2025-11-05-2025-11-12-2025-11-19-2025-11-26-2025-12-03-2-15-2026-04-22/%26sprop%3Dname:Pastfinders%26ctz%3DAmerica/New_York&emr=1 HTTP/1.1" 302 0
DEBUG:urllib3.connectionpool:https://accounts.google.com:443 "GET /InteractiveLogin?continue=https://calendar.google.com/calendar/event?action%3DTEMPLATE%26text%3DResearch%2BAssistance%26dates%3D20260422T130000/20260422T150000%26details%3DJoin%2Bus%2Bweekly%2Bin%2Bthe%2BGenealogy%2BRoom%2Bfor%2Bin-person%2Bhelp%2Bwith%2Byour%2Bresearch.%2BIt%25E2%2580%2599s%2Ba%2Bgreat%2Bchance%2Bto%2Bget%2Bone-on-one%2Bguidance,%2Bask%2Bquestions,%2Band%2Bconnect%2Bwith%2Bothers%2Bwho%2Bshare%2Byour%2Bpassion%2Bfor%2Bfamily%2Bhistory.%26location%3D2525%2BOakley%2BSeaver%2BDr,%2BClermont,%2BFL,%2B34711,%2BUnited%2BStates%26trp%3Dfalse%26sprop%3Dhttps://wordpress-810691-5571285.cloudwaysapps.com/events/research-assistance-2025-08-27-2025-09-03-2025-09-10-2025-09-17-2025-09-24-2025-10-01-2025-10-08-2025-10-15-2025-10-22-2025-10-29-2025-11-05-2025-11-12-2025-11-19-2025-11-26-2025-12-03-2-15-2026-04-22/%26sprop%3Dname:Pastfinders%26ctz%3DAmerica/New_York&emr=1&followup=https://calendar.google.com/calendar/event?action%3DTEMPLATE%26text%3DResearch%2BAssistance%26dates%3D20260422T130000/20260422T150000%26details%3DJoin%2Bus%2Bweekly%2Bin%2Bthe%2BGenealogy%2BRoom%2Bfor%2Bin-person%2Bhelp%2Bwith%2Byour%2Bresearch.%2BIt%25E2%2580%2599s%2Ba%2Bgreat%2Bchance%2Bto%2Bget%2Bone-on-one%2Bguidance,%2Bask%2Bquestions,%2Band%2Bconnect%2Bwith%2Bothers%2Bwho%2Bshare%2Byour%2Bpassion%2Bfor%2Bfamily%2Bhistory.%26location%3D2525%2BOakley%2BSeaver%2BDr,%2BClermont,%2BFL,%2B34711,%2BUnited%2BStates%26trp%3Dfalse%26sprop%3Dhttps://wordpress-810691-5571285.cloudwaysapps.com/events/research-assistance-2025-08-27-2025-09-03-2025-09-10-2025-09-17-2025-09-24-2025-10-01-2025-10-08-2025-10-15-2025-10-22-2025-10-29-2025-11-05-2025-11-12-2025-11-19-2025-11-26-2025-12-03-2-15-2026-04-22/%26sprop%3Dname:Pastfinders%26ctz%3DAmerica/New_York&osid=1&passive=1209600&service=cl&ifkv=AdBytiOGf5Wa3_QtGR2l1VYGRaLOW4b8PW3yULo_KFjgDYdfkP7ExReMgo3-rnyxW5Si9dYA6QC2lw HTTP/1.1" 302 None
DEBUG:urllib3.connectionpool:https://accounts.google.com:443 "GET /v3/signin/identifier?continue=https%3A%2F%2Fcalendar.google.com%2Fcalendar%2Fevent%3Faction%3DTEMPLATE%26text%3DResearch%2BAssistance%26dates%3D20260422T130000%2F20260422T150000%26details%3DJoin%2Bus%2Bweekly%2Bin%2Bthe%2BGenealogy%2BRoom%2Bfor%2Bin-person%2Bhelp%2Bwith%2Byour%2Bresearch.%2BIt%25E2%2580%2599s%2Ba%2Bgreat%2Bchance%2Bto%2Bget%2Bone-on-one%2Bguidance%2C%2Bask%2Bquestions%2C%2Band%2Bconnect%2Bwith%2Bothers%2Bwho%2Bshare%2Byour%2Bpassion%2Bfor%2Bfamily%2Bhistory.%26location%3D2525%2BOakley%2BSeaver%2BDr%2C%2BClermont%2C%2BFL%2C%2B34711%2C%2BUnited%2BStates%26trp%3Dfalse%26sprop%3Dhttps%3A%2F%2Fwordpress-810691-5571285.cloudwaysapps.com%2Fevents%2Fresearch-assistance-2025-08-27-2025-09-03-2025-09-10-2025-09-17-2025-09-24-2025-10-01-2025-10-08-2025-10-15-2025-10-22-2025-10-29-2025-11-05-2025-11-12-2025-11-19-2025-11-26-2025-12-03-2-15-2026-04-22%2F%26sprop%3Dname%3APastfinders%26ctz%3DAmerica%2FNew_York&emr=1&followup=https%3A%2F%2Fcalendar.google.com%2Fcalendar%2Fevent%3Faction%3DTEMPLATE%26text%3DResearch%2BAssistance%26dates%3D20260422T130000%2F20260422T150000%26details%3DJoin%2Bus%2Bweekly%2Bin%2Bthe%2BGenealogy%2BRoom%2Bfor%2Bin-person%2Bhelp%2Bwith%2Byour%2Bresearch.%2BIt%25E2%2580%2599s%2Ba%2Bgreat%2Bchance%2Bto%2Bget%2Bone-on-one%2Bguidance%2C%2Bask%2Bquestions%2C%2Band%2Bconnect%2Bwith%2Bothers%2Bwho%2Bshare%2Byour%2Bpassion%2Bfor%2Bfamily%2Bhistory.%26location%3D2525%2BOakley%2BSeaver%2BDr%2C%2BClermont%2C%2BFL%2C%2B34711%2C%2BUnited%2BStates%26trp%3Dfalse%26sprop%3Dhttps%3A%2F%2Fwordpress-810691-5571285.cloudwaysapps.com%2Fevents%2Fresearch-assistance-2025-08-27-2025-09-03-2025-09-10-2025-09-17-2025-09-24-2025-10-01-2025-10-08-2025-10-15-2025-10-22-2025-10-29-2025-11-05-2025-11-12-2025-11-19-2025-11-26-2025-12-03-2-15-2026-04-22%2F%26sprop%3Dname%3APastfinders%26ctz%3DAmerica%2FNew_York&ifkv=AdBytiMV5bHfzNcPXHk_n0EE4IGL9On0Ew9L9iap69RjljRX7P5uQpK4eOpXAn7_0CZPp30bx37TuQ&osid=1&passive=1209600&service=cl&flowName=WebLiteSignIn&flowEntry=ServiceLogin&dsh=S805693407%3A1756758291587969 HTTP/1.1" 200 None
DEBUG:urllib3.connectionpool:https://wordpress-810691-5571285.cloudwaysapps.com:443 "GET /wp-content/uploads/2025/08/IMG_2161_1556584965-1024x683.webp HTTP/1.1" 200 41382
DEBUG:root:✅ Image OK: https://wordpress-810691-5571285.cloudwaysapps.com/wp-content/uploads/2025/08/IMG_2161_1556584965-1024x683.webp
DEBUG:root:Checking internal image: https://wordpress-810691-5571285.cloudwaysapps.com/wp-content/uploads/2025/08/IMG_2130_1556367129-1024x683.webp
DEBUG:urllib3.connectionpool:Starting new HTTPS connection (1): wordpress-810691-5571285.cloudwaysapps.com:443
DEBUG:root:✅ Hyperlink OK: https://www.google.com/calendar/event?action=TEMPLATE&text=Research+Assistance&dates=20260422T130000/20260422T150000&details=Join+us+weekly+in+the+Genealogy+Room+for+in-person+help+with+your+research.+It%E2%80%99s+a+great+chance+to+get+one-on-one+guidance%2C+ask+questions%2C+and+connect+with+others+who+share+your+passion+for+family+history.&location=2525+Oakley+Seaver+Dr%2C+Clermont%2C+FL%2C+34711%2C+United+States&trp=false&sprop=https%3A%2F%2Fwordpress-810691-5571285.cloudwaysapps.com%2Fevents%2Fresearch-assistance-2025-08-27-2025-09-03-2025-09-10-2025-09-17-2025-09-24-2025-10-01-2025-10-08-2025-10-15-2025-10-22-2025-10-29-2025-11-05-2025-11-12-2025-11-19-2025-11-26-2025-12-03-2-15-2026-04-22%2F&sprop=name:Pastfinders&ctz=America%2FNew_York
DEBUG:root:Checking external hyperlink: https://outlook.office.com/calendar/0/deeplink/compose?allday=false&body=Join+us+weekly+in+the+Genealogy+Room+for+in-person+help+with+your+research.+It%E2%80%99s+a+great+chance+to+get+one-on-one+guidance%2C+ask+questions%2C+and+connect+with+others+who+share+your+passion+for+family+history.&location=2525+Oakley+Seaver+Dr%2C+Clermont%2C+FL%2C+34711%2C+United+States&path=/calendar/action/compose&rru=addevent&startdt=2026-04-22T13%3A00%3A00-04%3A00&enddt=2026-04-22T15%3A00%3A00-04%3A00&subject=Research+Assistance
DEBUG:urllib3.connectionpool:Starting new HTTPS connection (1): outlook.office.com:443
DEBUG:urllib3.connectionpool:https://wordpress-810691-5571285.cloudwaysapps.com:443 "GET /wp-content/uploads/2025/08/IMG_0008_1566942795-968x1024.webp HTTP/1.1" 200 220122
DEBUG:urllib3.connectionpool:https://wordpress-810691-5571285.cloudwaysapps.com:443 "GET /wp-content/uploads/2025/08/IMG_2130_1556367129-1024x683.webp HTTP/1.1" 200 48988
DEBUG:root:✅ Image OK: https://wordpress-810691-5571285.cloudwaysapps.com/wp-content/uploads/2025/08/IMG_2130_1556367129-1024x683.webp
DEBUG:root:Checking internal image: https://wordpress-810691-5571285.cloudwaysapps.com/wp-content/uploads/2025/08/IMG_2143_1556584877-1024x683.webp
DEBUG:urllib3.connectionpool:Starting new HTTPS connection (1): wordpress-810691-5571285.cloudwaysapps.com:443
DEBUG:urllib3.connectionpool:https://outlook.office.com:443 "GET /calendar/0/deeplink/compose?allday=false&body=Join+us+weekly+in+the+Genealogy+Room+for+in-person+help+with+your+research.+It%E2%80%99s+a+great+chance+to+get+one-on-one+guidance%2C+ask+questions%2C+and+connect+with+others+who+share+your+passion+for+family+history.&location=2525+Oakley+Seaver+Dr%2C+Clermont%2C+FL%2C+34711%2C+United+States&path=/calendar/action/compose&rru=addevent&startdt=2026-04-22T13%3A00%3A00-04%3A00&enddt=2026-04-22T15%3A00%3A00-04%3A00&subject=Research+Assistance HTTP/1.1" 200 None
DEBUG:root:✅ Hyperlink OK: https://outlook.office.com/calendar/0/deeplink/compose?allday=false&body=Join+us+weekly+in+the+Genealogy+Room+for+in-person+help+with+your+research.+It%E2%80%99s+a+great+chance+to+get+one-on-one+guidance%2C+ask+questions%2C+and+connect+with+others+who+share+your+passion+for+family+history.&location=2525+Oakley+Seaver+Dr%2C+Clermont%2C+FL%2C+34711%2C+United+States&path=/calendar/action/compose&rru=addevent&startdt=2026-04-22T13%3A00%3A00-04%3A00&enddt=2026-04-22T15%3A00%3A00-04%3A00&subject=Research+Assistance
DEBUG:root:Checking external hyperlink: https://outlook.live.com/calendar/0/deeplink/compose?allday=false&body=Join+us+weekly+in+the+Genealogy+Room+for+in-person+help+with+your+research.+It%E2%80%99s+a+great+chance+to+get+one-on-one+guidance%2C+ask+questions%2C+and+connect+with+others+who+share+your+passion+for+family+history.&location=2525+Oakley+Seaver+Dr%2C+Clermont%2C+FL%2C+34711%2C+United+States&path=/calendar/action/compose&rru=addevent&startdt=2026-04-22T13%3A00%3A00-04%3A00&enddt=2026-04-22T15%3A00%3A00-04%3A00&subject=Research+Assistance
DEBUG:urllib3.connectionpool:Starting new HTTPS connection (1): outlook.live.com:443
DEBUG:urllib3.connectionpool:https://wordpress-810691-5571285.cloudwaysapps.com:443 "GET /wp-content/uploads/2025/08/IMG_2143_1556584877-1024x683.webp HTTP/1.1" 200 56494
DEBUG:urllib3.connectionpool:https://wordpress-810691-5571285.cloudwaysapps.com:443 "GET /events/dna-research-using-leeds-method-ancestrys-new-clustering-tool/ HTTP/1.1" 200 None
DEBUG:root:Successfully fetched https://wordpress-810691-5571285.cloudwaysapps.com/events/dna-research-using-leeds-method-ancestrys-new-clustering-tool/ (Content-Length: 42665)
DEBUG:charset_normalizer:Encoding detection: utf_8 is most likely the one.
DEBUG:root:Extracted 486 characters, 83 words from https://wordpress-810691-5571285.cloudwaysapps.com/events/dna-research-using-leeds-method-ancestrys-new-clustering-tool/
DEBUG:root:✅ Image OK: https://wordpress-810691-5571285.cloudwaysapps.com/wp-content/uploads/2025/08/IMG_2143_1556584877-1024x683.webp
DEBUG:root:Checking external hyperlink: https://www.google.com/calendar/event?action=TEMPLATE&text=DNA+Research+Using+Leeds+Method+%26+Ancestry%E2%80%99s+New+Clustering+Tool&dates=20250812T120000/20250812T130000&details=Presented+By%3A+Carolyn+GornowiczUsing+the+Leeds+method+to+group+your+2nd+and+3rd+cousins+into+ancestor+groups.By+registering+once%2C+you+will+receive+a+Zoom+link+in+your+email+a+few+days+before+the+chat+session.&location=&trp=false&sprop=https%3A%2F%2Fwordpress-810691-5571285.cloudwaysapps.com%2Fevents%2Fdna-research-using-leeds-method-ancestrys-new-clustering-tool%2F&sprop=name:Pastfinders&ctz=America%2FNew_York
DEBUG:root:Checking internal image: https://wordpress-810691-5571285.cloudwaysapps.com/wp-content/uploads/2025/08/IMG_2141_1556584877-1024x683.webp
DEBUG:urllib3.connectionpool:Starting new HTTPS connection (1): www.google.com:443
DEBUG:urllib3.connectionpool:Starting new HTTPS connection (1): wordpress-810691-5571285.cloudwaysapps.com:443
DEBUG:urllib3.connectionpool:https://outlook.live.com:443 "GET /calendar/0/deeplink/compose?allday=false&body=Join+us+weekly+in+the+Genealogy+Room+for+in-person+help+with+your+research.+It%E2%80%99s+a+great+chance+to+get+one-on-one+guidance%2C+ask+questions%2C+and+connect+with+others+who+share+your+passion+for+family+history.&location=2525+Oakley+Seaver+Dr%2C+Clermont%2C+FL%2C+34711%2C+United+States&path=/calendar/action/compose&rru=addevent&startdt=2026-04-22T13%3A00%3A00-04%3A00&enddt=2026-04-22T15%3A00%3A00-04%3A00&subject=Research+Assistance HTTP/1.1" 200 None
DEBUG:root:✅ Hyperlink OK: https://outlook.live.com/calendar/0/deeplink/compose?allday=false&body=Join+us+weekly+in+the+Genealogy+Room+for+in-person+help+with+your+research.+It%E2%80%99s+a+great+chance+to+get+one-on-one+guidance%2C+ask+questions%2C+and+connect+with+others+who+share+your+passion+for+family+history.&location=2525+Oakley+Seaver+Dr%2C+Clermont%2C+FL%2C+34711%2C+United+States&path=/calendar/action/compose&rru=addevent&startdt=2026-04-22T13%3A00%3A00-04%3A00&enddt=2026-04-22T15%3A00%3A00-04%3A00&subject=Research+Assistance
DEBUG:root:Using regex pattern: \b[a-zA-Z]{3,}\b
DEBUG:root:Found 58 words to check in https://wordpress-810691-5571285.cloudwaysapps.com/events/research-assistance-2025-08-27-2025-09-03-2025-09-10-2025-09-17-2025-09-24-2025-10-01-2025-10-08-2025-10-15-2025-10-22-2025-10-29-2025-11-05-2025-11-12-2025-11-19-2025-11-26-2025-12-03-2-15-2026-04-22/ (min_length=3)
DEBUG:root:Sample words from https://wordpress-810691-5571285.cloudwaysapps.com/events/research-assistance-2025-08-27-2025-09-03-2025-09-10-2025-09-17-2025-09-24-2025-10-01-2025-10-08-2025-10-15-2025-10-22-2025-10-29-2025-11-05-2025-11-12-2025-11-19-2025-11-26-2025-12-03-2-15-2026-04-22/: ['This', 'alert', 'Skip', 'content', 'Research', 'Assistance', 'When', 'April', 'Add', 'Calendar']
DEBUG:root:Spell check results for https://wordpress-810691-5571285.cloudwaysapps.com/events/research-assistance-2025-08-27-2025-09-03-2025-09-10-2025-09-17-2025-09-24-2025-10-01-2025-10-08-2025-10-15-2025-10-22-2025-10-29-2025-11-05-2025-11-12-2025-11-19-2025-11-26-2025-12-03-2-15-2026-04-22/: 30 words checked, 28 skipped, 0 errors found
INFO:root:✅ Processed https://wordpress-810691-5571285.cloudwaysapps.com/events/research-assistance-2025-08-27-2025-09-03-2025-09-10-2025-09-17-2025-09-24-2025-10-01-2025-10-08-2025-10-15-2025-10-22-2025-10-29-2025-11-05-2025-11-12-2025-11-19-2025-11-26-2025-12-03-2-15-2026-04-22/: 0 errors found, 85 words checked
DEBUG:root:Attempting to fetch: https://wordpress-810691-5571285.cloudwaysapps.com/events/family-tree-maker-special-interest-group-sig-2026-05-19/
Processing pages:  80%|███████▉  | 303/381 [02:48<01:20,  1.03s/it]DEBUG:root:✅ Image OK: https://wordpress-810691-5571285.cloudwaysapps.com/wp-content/uploads/2025/08/IMG_0008_1566942795-968x1024.webp
DEBUG:root:Using regex pattern: \b[a-zA-Z]{3,}\b
DEBUG:root:Found 45 words to check in https://wordpress-810691-5571285.cloudwaysapps.com/galleries/2013-pastfinders-news/ (min_length=3)
DEBUG:root:Sample words from https://wordpress-810691-5571285.cloudwaysapps.com/galleries/2013-pastfinders-news/: ['This', 'alert', 'Skip', 'content', 'Pastfinders', 'News', 'images', 'Click', 'view', 'Click']
DEBUG:root:Spell check results for https://wordpress-810691-5571285.cloudwaysapps.com/galleries/2013-pastfinders-news/: 20 words checked, 25 skipped, 0 errors found
INFO:root:✅ Processed https://wordpress-810691-5571285.cloudwaysapps.com/galleries/2013-pastfinders-news/: 0 errors found, 91 words checked
DEBUG:root:Attempting to fetch: https://wordpress-810691-5571285.cloudwaysapps.com/events/research-assistance-2025-08-27-2025-09-03-2025-09-10/
DEBUG:urllib3.connectionpool:https://www.google.com:443 "GET /calendar/event?action=TEMPLATE&text=DNA+Research+Using+Leeds+Method+%26+Ancestry%E2%80%99s+New+Clustering+Tool&dates=20250812T120000/20250812T130000&details=Presented+By%3A+Carolyn+GornowiczUsing+the+Leeds+method+to+group+your+2nd+and+3rd+cousins+into+ancestor+groups.By+registering+once%2C+you+will+receive+a+Zoom+link+in+your+email+a+few+days+before+the+chat+session.&location=&trp=false&sprop=https%3A%2F%2Fwordpress-810691-5571285.cloudwaysapps.com%2Fevents%2Fdna-research-using-leeds-method-ancestrys-new-clustering-tool%2F&sprop=name:Pastfinders&ctz=America%2FNew_York HTTP/1.1" 302 0
DEBUG:urllib3.connectionpool:Starting new HTTPS connection (1): calendar.google.com:443
DEBUG:urllib3.connectionpool:https://wordpress-810691-5571285.cloudwaysapps.com:443 "GET /events/family-tree-maker-special-interest-group-sig-2026-05-19/ HTTP/1.1" 200 None
DEBUG:root:Successfully fetched https://wordpress-810691-5571285.cloudwaysapps.com/events/family-tree-maker-special-interest-group-sig-2026-05-19/ (Content-Length: 43015)
DEBUG:charset_normalizer:Encoding detection: utf_8 is most likely the one.
DEBUG:root:Extracted 1057 characters, 183 words from https://wordpress-810691-5571285.cloudwaysapps.com/events/family-tree-maker-special-interest-group-sig-2026-05-19/
DEBUG:urllib3.connectionpool:https://wordpress-810691-5571285.cloudwaysapps.com:443 "GET /events/research-assistance-2025-08-27-2025-09-03-2025-09-10/ HTTP/1.1" 200 None
DEBUG:root:Checking external hyperlink: https://www.google.com/calendar/event?action=TEMPLATE&text=Family+Tree+Maker+Special+Interest+Group+%28SIG%29&dates=20260519T000000/20260519T000000&details=Join+host+Stan+Wells+as+he+leads+a+step-by-step+walk-through+of+Family+Tree+Maker+%28FTM%29%2C+one+of+the+most+popular+genealogy+software+programs+available+today.&location=&trp=false&sprop=https%3A%2F%2Fwordpress-810691-5571285.cloudwaysapps.com%2Fevents%2Ffamily-tree-maker-special-interest-group-sig-2026-05-19%2F&sprop=name:Pastfinders&ctz=America%2FNew_York
DEBUG:root:Successfully fetched https://wordpress-810691-5571285.cloudwaysapps.com/events/research-assistance-2025-08-27-2025-09-03-2025-09-10/ (Content-Length: 42297)
DEBUG:charset_normalizer:Encoding detection: utf_8 is most likely the one.
DEBUG:urllib3.connectionpool:Starting new HTTPS connection (1): www.google.com:443
DEBUG:root:Extracted 493 characters, 85 words from https://wordpress-810691-5571285.cloudwaysapps.com/events/research-assistance-2025-08-27-2025-09-03-2025-09-10/
DEBUG:root:Checking external hyperlink: https://www.google.com/calendar/event?action=TEMPLATE&text=Research+Assistance&dates=20250910T130000/20250910T150000&details=Join+us+weekly+in+the+Genealogy+Room+for+in-person+help+with+your+research.+It%E2%80%99s+a+great+chance+to+get+one-on-one+guidance%2C+ask+questions%2C+and+connect+with+others+who+share+your+passion+for+family+history.&location=2525+Oakley+Seaver+Dr%2C+Clermont%2C+FL%2C+34711%2C+United+States&trp=false&sprop=https%3A%2F%2Fwordpress-810691-5571285.cloudwaysapps.com%2Fevents%2Fresearch-assistance-2025-08-27-2025-09-03-2025-09-10%2F&sprop=name:Pastfinders&ctz=America%2FNew_York
DEBUG:urllib3.connectionpool:Starting new HTTPS connection (1): www.google.com:443
DEBUG:urllib3.connectionpool:https://calendar.google.com:443 "GET /calendar/event?action=TEMPLATE&text=DNA+Research+Using+Leeds+Method+%26+Ancestry%E2%80%99s+New+Clustering+Tool&dates=20250812T120000/20250812T130000&details=Presented+By:+Carolyn+GornowiczUsing+the+Leeds+method+to+group+your+2nd+and+3rd+cousins+into+ancestor+groups.By+registering+once,+you+will+receive+a+Zoom+link+in+your+email+a+few+days+before+the+chat+session.&location&trp=false&sprop=https://wordpress-810691-5571285.cloudwaysapps.com/events/dna-research-using-leeds-method-ancestrys-new-clustering-tool/&sprop=name:Pastfinders&ctz=America/New_York HTTP/1.1" 302 0
DEBUG:urllib3.connectionpool:Starting new HTTPS connection (1): accounts.google.com:443
DEBUG:urllib3.connectionpool:https://wordpress-810691-5571285.cloudwaysapps.com:443 "GET /wp-content/uploads/2025/08/IMG_2141_1556584877-1024x683.webp HTTP/1.1" 200 47476
DEBUG:urllib3.connectionpool:https://www.google.com:443 "GET /calendar/event?action=TEMPLATE&text=Family+Tree+Maker+Special+Interest+Group+%28SIG%29&dates=20260519T000000/20260519T000000&details=Join+host+Stan+Wells+as+he+leads+a+step-by-step+walk-through+of+Family+Tree+Maker+%28FTM%29%2C+one+of+the+most+popular+genealogy+software+programs+available+today.&location=&trp=false&sprop=https%3A%2F%2Fwordpress-810691-5571285.cloudwaysapps.com%2Fevents%2Ffamily-tree-maker-special-interest-group-sig-2026-05-19%2F&sprop=name:Pastfinders&ctz=America%2FNew_York HTTP/1.1" 302 0
DEBUG:urllib3.connectionpool:Starting new HTTPS connection (1): calendar.google.com:443
DEBUG:urllib3.connectionpool:https://www.google.com:443 "GET /calendar/event?action=TEMPLATE&text=Research+Assistance&dates=20250910T130000/20250910T150000&details=Join+us+weekly+in+the+Genealogy+Room+for+in-person+help+with+your+research.+It%E2%80%99s+a+great+chance+to+get+one-on-one+guidance%2C+ask+questions%2C+and+connect+with+others+who+share+your+passion+for+family+history.&location=2525+Oakley+Seaver+Dr%2C+Clermont%2C+FL%2C+34711%2C+United+States&trp=false&sprop=https%3A%2F%2Fwordpress-810691-5571285.cloudwaysapps.com%2Fevents%2Fresearch-assistance-2025-08-27-2025-09-03-2025-09-10%2F&sprop=name:Pastfinders&ctz=America%2FNew_York HTTP/1.1" 302 0
DEBUG:root:✅ Image OK: https://wordpress-810691-5571285.cloudwaysapps.com/wp-content/uploads/2025/08/IMG_2141_1556584877-1024x683.webp
DEBUG:root:Checking internal image: https://wordpress-810691-5571285.cloudwaysapps.com/wp-content/uploads/2025/08/IMG_2148_1556584877-1024x683.webp
DEBUG:urllib3.connectionpool:Starting new HTTPS connection (1): wordpress-810691-5571285.cloudwaysapps.com:443
DEBUG:urllib3.connectionpool:Starting new HTTPS connection (1): calendar.google.com:443
DEBUG:urllib3.connectionpool:https://accounts.google.com:443 "GET /ServiceLogin?service=cl&passive=1209600&osid=1&continue=https://calendar.google.com/calendar/event?action%3DTEMPLATE%26text%3DDNA%2BResearch%2BUsing%2BLeeds%2BMethod%2B%2526%2BAncestry%25E2%2580%2599s%2BNew%2BClustering%2BTool%26dates%3D20250812T120000/20250812T130000%26details%3DPresented%2BBy:%2BCarolyn%2BGornowiczUsing%2Bthe%2BLeeds%2Bmethod%2Bto%2Bgroup%2Byour%2B2nd%2Band%2B3rd%2Bcousins%2Binto%2Bancestor%2Bgroups.By%2Bregistering%2Bonce,%2Byou%2Bwill%2Breceive%2Ba%2BZoom%2Blink%2Bin%2Byour%2Bemail%2Ba%2Bfew%2Bdays%2Bbefore%2Bthe%2Bchat%2Bsession.%26location%26trp%3Dfalse%26sprop%3Dhttps://wordpress-810691-5571285.cloudwaysapps.com/events/dna-research-using-leeds-method-ancestrys-new-clustering-tool/%26sprop%3Dname:Pastfinders%26ctz%3DAmerica/New_York&followup=https://calendar.google.com/calendar/event?action%3DTEMPLATE%26text%3DDNA%2BResearch%2BUsing%2BLeeds%2BMethod%2B%2526%2BAncestry%25E2%2580%2599s%2BNew%2BClustering%2BTool%26dates%3D20250812T120000/20250812T130000%26details%3DPresented%2BBy:%2BCarolyn%2BGornowiczUsing%2Bthe%2BLeeds%2Bmethod%2Bto%2Bgroup%2Byour%2B2nd%2Band%2B3rd%2Bcousins%2Binto%2Bancestor%2Bgroups.By%2Bregistering%2Bonce,%2Byou%2Bwill%2Breceive%2Ba%2BZoom%2Blink%2Bin%2Byour%2Bemail%2Ba%2Bfew%2Bdays%2Bbefore%2Bthe%2Bchat%2Bsession.%26location%26trp%3Dfalse%26sprop%3Dhttps://wordpress-810691-5571285.cloudwaysapps.com/events/dna-research-using-leeds-method-ancestrys-new-clustering-tool/%26sprop%3Dname:Pastfinders%26ctz%3DAmerica/New_York&emr=1 HTTP/1.1" 302 0
DEBUG:urllib3.connectionpool:https://calendar.google.com:443 "GET /calendar/event?action=TEMPLATE&text=Family+Tree+Maker+Special+Interest+Group+(SIG)&dates=20260519T000000/20260519T000000&details=Join+host+Stan+Wells+as+he+leads+a+step-by-step+walk-through+of+Family+Tree+Maker+(FTM),+one+of+the+most+popular+genealogy+software+programs+available+today.&location&trp=false&sprop=https://wordpress-810691-5571285.cloudwaysapps.com/events/family-tree-maker-special-interest-group-sig-2026-05-19/&sprop=name:Pastfinders&ctz=America/New_York HTTP/1.1" 302 0
DEBUG:urllib3.connectionpool:https://accounts.google.com:443 "GET /InteractiveLogin?continue=https://calendar.google.com/calendar/event?action%3DTEMPLATE%26text%3DDNA%2BResearch%2BUsing%2BLeeds%2BMethod%2B%2526%2BAncestry%25E2%2580%2599s%2BNew%2BClustering%2BTool%26dates%3D20250812T120000/20250812T130000%26details%3DPresented%2BBy:%2BCarolyn%2BGornowiczUsing%2Bthe%2BLeeds%2Bmethod%2Bto%2Bgroup%2Byour%2B2nd%2Band%2B3rd%2Bcousins%2Binto%2Bancestor%2Bgroups.By%2Bregistering%2Bonce,%2Byou%2Bwill%2Breceive%2Ba%2BZoom%2Blink%2Bin%2Byour%2Bemail%2Ba%2Bfew%2Bdays%2Bbefore%2Bthe%2Bchat%2Bsession.%26location%26trp%3Dfalse%26sprop%3Dhttps://wordpress-810691-5571285.cloudwaysapps.com/events/dna-research-using-leeds-method-ancestrys-new-clustering-tool/%26sprop%3Dname:Pastfinders%26ctz%3DAmerica/New_York&emr=1&followup=https://calendar.google.com/calendar/event?action%3DTEMPLATE%26text%3DDNA%2BResearch%2BUsing%2BLeeds%2BMethod%2B%2526%2BAncestry%25E2%2580%2599s%2BNew%2BClustering%2BTool%26dates%3D20250812T120000/20250812T130000%26details%3DPresented%2BBy:%2BCarolyn%2BGornowiczUsing%2Bthe%2BLeeds%2Bmethod%2Bto%2Bgroup%2Byour%2B2nd%2Band%2B3rd%2Bcousins%2Binto%2Bancestor%2Bgroups.By%2Bregistering%2Bonce,%2Byou%2Bwill%2Breceive%2Ba%2BZoom%2Blink%2Bin%2Byour%2Bemail%2Ba%2Bfew%2Bdays%2Bbefore%2Bthe%2Bchat%2Bsession.%26location%26trp%3Dfalse%26sprop%3Dhttps://wordpress-810691-5571285.cloudwaysapps.com/events/dna-research-using-leeds-method-ancestrys-new-clustering-tool/%26sprop%3Dname:Pastfinders%26ctz%3DAmerica/New_York&osid=1&passive=1209600&service=cl&ifkv=AdBytiNvaSJHY9Z_Hfx8RVK2Ja2VTbF4dbH0fcNpgnLsiDfwxIH8Par1zFmb7OY7PX-p5_6ek9FH HTTP/1.1" 302 None
DEBUG:urllib3.connectionpool:https://calendar.google.com:443 "GET /calendar/event?action=TEMPLATE&text=Research+Assistance&dates=20250910T130000/20250910T150000&details=Join+us+weekly+in+the+Genealogy+Room+for+in-person+help+with+your+research.+It%E2%80%99s+a+great+chance+to+get+one-on-one+guidance,+ask+questions,+and+connect+with+others+who+share+your+passion+for+family+history.&location=2525+Oakley+Seaver+Dr,+Clermont,+FL,+34711,+United+States&trp=false&sprop=https://wordpress-810691-5571285.cloudwaysapps.com/events/research-assistance-2025-08-27-2025-09-03-2025-09-10/&sprop=name:Pastfinders&ctz=America/New_York HTTP/1.1" 302 0
DEBUG:urllib3.connectionpool:Starting new HTTPS connection (1): accounts.google.com:443
DEBUG:urllib3.connectionpool:Starting new HTTPS connection (1): accounts.google.com:443
DEBUG:urllib3.connectionpool:https://accounts.google.com:443 "GET /v3/signin/identifier?continue=https%3A%2F%2Fcalendar.google.com%2Fcalendar%2Fevent%3Faction%3DTEMPLATE%26text%3DDNA%2BResearch%2BUsing%2BLeeds%2BMethod%2B%2526%2BAncestry%25E2%2580%2599s%2BNew%2BClustering%2BTool%26dates%3D20250812T120000%2F20250812T130000%26details%3DPresented%2BBy%3A%2BCarolyn%2BGornowiczUsing%2Bthe%2BLeeds%2Bmethod%2Bto%2Bgroup%2Byour%2B2nd%2Band%2B3rd%2Bcousins%2Binto%2Bancestor%2Bgroups.By%2Bregistering%2Bonce%2C%2Byou%2Bwill%2Breceive%2Ba%2BZoom%2Blink%2Bin%2Byour%2Bemail%2Ba%2Bfew%2Bdays%2Bbefore%2Bthe%2Bchat%2Bsession.%26location%26trp%3Dfalse%26sprop%3Dhttps%3A%2F%2Fwordpress-810691-5571285.cloudwaysapps.com%2Fevents%2Fdna-research-using-leeds-method-ancestrys-new-clustering-tool%2F%26sprop%3Dname%3APastfinders%26ctz%3DAmerica%2FNew_York&emr=1&followup=https%3A%2F%2Fcalendar.google.com%2Fcalendar%2Fevent%3Faction%3DTEMPLATE%26text%3DDNA%2BResearch%2BUsing%2BLeeds%2BMethod%2B%2526%2BAncestry%25E2%2580%2599s%2BNew%2BClustering%2BTool%26dates%3D20250812T120000%2F20250812T130000%26details%3DPresented%2BBy%3A%2BCarolyn%2BGornowiczUsing%2Bthe%2BLeeds%2Bmethod%2Bto%2Bgroup%2Byour%2B2nd%2Band%2B3rd%2Bcousins%2Binto%2Bancestor%2Bgroups.By%2Bregistering%2Bonce%2C%2Byou%2Bwill%2Breceive%2Ba%2BZoom%2Blink%2Bin%2Byour%2Bemail%2Ba%2Bfew%2Bdays%2Bbefore%2Bthe%2Bchat%2Bsession.%26location%26trp%3Dfalse%26sprop%3Dhttps%3A%2F%2Fwordpress-810691-5571285.cloudwaysapps.com%2Fevents%2Fdna-research-using-leeds-method-ancestrys-new-clustering-tool%2F%26sprop%3Dname%3APastfinders%26ctz%3DAmerica%2FNew_York&ifkv=AdBytiPLvtzPVqBeb1KFprNo58-td8Eb4nSC3VEoK4-T2THGtH4zlLH3kQ3zPlNmbgExJRl8e1j5-w&osid=1&passive=1209600&service=cl&flowName=WebLiteSignIn&flowEntry=ServiceLogin&dsh=S2131731407%3A1756758293294642 HTTP/1.1" 200 None
DEBUG:urllib3.connectionpool:https://wordpress-810691-5571285.cloudwaysapps.com:443 "GET /wp-content/uploads/2025/08/IMG_2148_1556584877-1024x683.webp HTTP/1.1" 200 98346
DEBUG:urllib3.connectionpool:https://accounts.google.com:443 "GET /ServiceLogin?service=cl&passive=1209600&osid=1&continue=https://calendar.google.com/calendar/event?action%3DTEMPLATE%26text%3DFamily%2BTree%2BMaker%2BSpecial%2BInterest%2BGroup%2B(SIG)%26dates%3D20260519T000000/20260519T000000%26details%3DJoin%2Bhost%2BStan%2BWells%2Bas%2Bhe%2Bleads%2Ba%2Bstep-by-step%2Bwalk-through%2Bof%2BFamily%2BTree%2BMaker%2B(FTM),%2Bone%2Bof%2Bthe%2Bmost%2Bpopular%2Bgenealogy%2Bsoftware%2Bprograms%2Bavailable%2Btoday.%26location%26trp%3Dfalse%26sprop%3Dhttps://wordpress-810691-5571285.cloudwaysapps.com/events/family-tree-maker-special-interest-group-sig-2026-05-19/%26sprop%3Dname:Pastfinders%26ctz%3DAmerica/New_York&followup=https://calendar.google.com/calendar/event?action%3DTEMPLATE%26text%3DFamily%2BTree%2BMaker%2BSpecial%2BInterest%2BGroup%2B(SIG)%26dates%3D20260519T000000/20260519T000000%26details%3DJoin%2Bhost%2BStan%2BWells%2Bas%2Bhe%2Bleads%2Ba%2Bstep-by-step%2Bwalk-through%2Bof%2BFamily%2BTree%2BMaker%2B(FTM),%2Bone%2Bof%2Bthe%2Bmost%2Bpopular%2Bgenealogy%2Bsoftware%2Bprograms%2Bavailable%2Btoday.%26location%26trp%3Dfalse%26sprop%3Dhttps://wordpress-810691-5571285.cloudwaysapps.com/events/family-tree-maker-special-interest-group-sig-2026-05-19/%26sprop%3Dname:Pastfinders%26ctz%3DAmerica/New_York&emr=1 HTTP/1.1" 302 0
DEBUG:root:✅ Hyperlink OK: https://www.google.com/calendar/event?action=TEMPLATE&text=DNA+Research+Using+Leeds+Method+%26+Ancestry%E2%80%99s+New+Clustering+Tool&dates=20250812T120000/20250812T130000&details=Presented+By%3A+Carolyn+GornowiczUsing+the+Leeds+method+to+group+your+2nd+and+3rd+cousins+into+ancestor+groups.By+registering+once%2C+you+will+receive+a+Zoom+link+in+your+email+a+few+days+before+the+chat+session.&location=&trp=false&sprop=https%3A%2F%2Fwordpress-810691-5571285.cloudwaysapps.com%2Fevents%2Fdna-research-using-leeds-method-ancestrys-new-clustering-tool%2F&sprop=name:Pastfinders&ctz=America%2FNew_York
DEBUG:root:Checking external hyperlink: https://outlook.office.com/calendar/0/deeplink/compose?allday=false&body=Presented+By%3A+Carolyn+GornowiczUsing+the+Leeds+method+to+group+your+2nd+and+3rd+cousins+into+ancestor+groups.By+registering+once%2C+you+will+receive+a+Zoom+link+in+your+email+a+few+days+before+the+chat+session.&location=&path=/calendar/action/compose&rru=addevent&startdt=2025-08-12T12%3A00%3A00-04%3A00&enddt=2025-08-12T13%3A00%3A00-04%3A00&subject=DNA+Research+Using+Leeds+Method+%26+Ancestry%E2%80%99s+New+Clustering+Tool
DEBUG:root:✅ Image OK: https://wordpress-810691-5571285.cloudwaysapps.com/wp-content/uploads/2025/08/IMG_2148_1556584877-1024x683.webp
DEBUG:root:Checking internal image: https://wordpress-810691-5571285.cloudwaysapps.com/wp-content/uploads/2025/08/IMG_2168_1556584965-1024x683.webp
DEBUG:urllib3.connectionpool:Starting new HTTPS connection (1): wordpress-810691-5571285.cloudwaysapps.com:443
DEBUG:urllib3.connectionpool:https://accounts.google.com:443 "GET /ServiceLogin?service=cl&passive=1209600&osid=1&continue=https://calendar.google.com/calendar/event?action%3DTEMPLATE%26text%3DResearch%2BAssistance%26dates%3D20250910T130000/20250910T150000%26details%3DJoin%2Bus%2Bweekly%2Bin%2Bthe%2BGenealogy%2BRoom%2Bfor%2Bin-person%2Bhelp%2Bwith%2Byour%2Bresearch.%2BIt%25E2%2580%2599s%2Ba%2Bgreat%2Bchance%2Bto%2Bget%2Bone-on-one%2Bguidance,%2Bask%2Bquestions,%2Band%2Bconnect%2Bwith%2Bothers%2Bwho%2Bshare%2Byour%2Bpassion%2Bfor%2Bfamily%2Bhistory.%26location%3D2525%2BOakley%2BSeaver%2BDr,%2BClermont,%2BFL,%2B34711,%2BUnited%2BStates%26trp%3Dfalse%26sprop%3Dhttps://wordpress-810691-5571285.cloudwaysapps.com/events/research-assistance-2025-08-27-2025-09-03-2025-09-10/%26sprop%3Dname:Pastfinders%26ctz%3DAmerica/New_York&followup=https://calendar.google.com/calendar/event?action%3DTEMPLATE%26text%3DResearch%2BAssistance%26dates%3D20250910T130000/20250910T150000%26details%3DJoin%2Bus%2Bweekly%2Bin%2Bthe%2BGenealogy%2BRoom%2Bfor%2Bin-person%2Bhelp%2Bwith%2Byour%2Bresearch.%2BIt%25E2%2580%2599s%2Ba%2Bgreat%2Bchance%2Bto%2Bget%2Bone-on-one%2Bguidance,%2Bask%2Bquestions,%2Band%2Bconnect%2Bwith%2Bothers%2Bwho%2Bshare%2Byour%2Bpassion%2Bfor%2Bfamily%2Bhistory.%26location%3D2525%2BOakley%2BSeaver%2BDr,%2BClermont,%2BFL,%2B34711,%2BUnited%2BStates%26trp%3Dfalse%26sprop%3Dhttps://wordpress-810691-5571285.cloudwaysapps.com/events/research-assistance-2025-08-27-2025-09-03-2025-09-10/%26sprop%3Dname:Pastfinders%26ctz%3DAmerica/New_York&emr=1 HTTP/1.1" 302 0
DEBUG:urllib3.connectionpool:https://accounts.google.com:443 "GET /InteractiveLogin?continue=https://calendar.google.com/calendar/event?action%3DTEMPLATE%26text%3DFamily%2BTree%2BMaker%2BSpecial%2BInterest%2BGroup%2B(SIG)%26dates%3D20260519T000000/20260519T000000%26details%3DJoin%2Bhost%2BStan%2BWells%2Bas%2Bhe%2Bleads%2Ba%2Bstep-by-step%2Bwalk-through%2Bof%2BFamily%2BTree%2BMaker%2B(FTM),%2Bone%2Bof%2Bthe%2Bmost%2Bpopular%2Bgenealogy%2Bsoftware%2Bprograms%2Bavailable%2Btoday.%26location%26trp%3Dfalse%26sprop%3Dhttps://wordpress-810691-5571285.cloudwaysapps.com/events/family-tree-maker-special-interest-group-sig-2026-05-19/%26sprop%3Dname:Pastfinders%26ctz%3DAmerica/New_York&emr=1&followup=https://calendar.google.com/calendar/event?action%3DTEMPLATE%26text%3DFamily%2BTree%2BMaker%2BSpecial%2BInterest%2BGroup%2B(SIG)%26dates%3D20260519T000000/20260519T000000%26details%3DJoin%2Bhost%2BStan%2BWells%2Bas%2Bhe%2Bleads%2Ba%2Bstep-by-step%2Bwalk-through%2Bof%2BFamily%2BTree%2BMaker%2B(FTM),%2Bone%2Bof%2Bthe%2Bmost%2Bpopular%2Bgenealogy%2Bsoftware%2Bprograms%2Bavailable%2Btoday.%26location%26trp%3Dfalse%26sprop%3Dhttps://wordpress-810691-5571285.cloudwaysapps.com/events/family-tree-maker-special-interest-group-sig-2026-05-19/%26sprop%3Dname:Pastfinders%26ctz%3DAmerica/New_York&osid=1&passive=1209600&service=cl&ifkv=AdBytiNotbc6xD16ZP7dq-KUQe-SHfoQ8POyU2iAUecQMSSMlfZuYI4fnK3k0GvvRa6g7qNBAl8idw HTTP/1.1" 302 None
DEBUG:urllib3.connectionpool:Starting new HTTPS connection (1): outlook.office.com:443
DEBUG:urllib3.connectionpool:https://accounts.google.com:443 "GET /InteractiveLogin?continue=https://calendar.google.com/calendar/event?action%3DTEMPLATE%26text%3DResearch%2BAssistance%26dates%3D20250910T130000/20250910T150000%26details%3DJoin%2Bus%2Bweekly%2Bin%2Bthe%2BGenealogy%2BRoom%2Bfor%2Bin-person%2Bhelp%2Bwith%2Byour%2Bresearch.%2BIt%25E2%2580%2599s%2Ba%2Bgreat%2Bchance%2Bto%2Bget%2Bone-on-one%2Bguidance,%2Bask%2Bquestions,%2Band%2Bconnect%2Bwith%2Bothers%2Bwho%2Bshare%2Byour%2Bpassion%2Bfor%2Bfamily%2Bhistory.%26location%3D2525%2BOakley%2BSeaver%2BDr,%2BClermont,%2BFL,%2B34711,%2BUnited%2BStates%26trp%3Dfalse%26sprop%3Dhttps://wordpress-810691-5571285.cloudwaysapps.com/events/research-assistance-2025-08-27-2025-09-03-2025-09-10/%26sprop%3Dname:Pastfinders%26ctz%3DAmerica/New_York&emr=1&followup=https://calendar.google.com/calendar/event?action%3DTEMPLATE%26text%3DResearch%2BAssistance%26dates%3D20250910T130000/20250910T150000%26details%3DJoin%2Bus%2Bweekly%2Bin%2Bthe%2BGenealogy%2BRoom%2Bfor%2Bin-person%2Bhelp%2Bwith%2Byour%2Bresearch.%2BIt%25E2%2580%2599s%2Ba%2Bgreat%2Bchance%2Bto%2Bget%2Bone-on-one%2Bguidance,%2Bask%2Bquestions,%2Band%2Bconnect%2Bwith%2Bothers%2Bwho%2Bshare%2Byour%2Bpassion%2Bfor%2Bfamily%2Bhistory.%26location%3D2525%2BOakley%2BSeaver%2BDr,%2BClermont,%2BFL,%2B34711,%2BUnited%2BStates%26trp%3Dfalse%26sprop%3Dhttps://wordpress-810691-5571285.cloudwaysapps.com/events/research-assistance-2025-08-27-2025-09-03-2025-09-10/%26sprop%3Dname:Pastfinders%26ctz%3DAmerica/New_York&osid=1&passive=1209600&service=cl&ifkv=AdBytiMBR4dWH2-QpwBQbzo9-GBMijeXsbCdyeIh4Jw_rZ8gSQo0euxDgSnkyDhoa3Pp6Cm4o3LXcg HTTP/1.1" 302 None
DEBUG:root:✅ Document OK: https://pastfindersslc.org/upload/newsletters/1998_Fall.pdf
DEBUG:root:Checking external document: https://pastfindersslc.org/upload/newsletters/1998_Summer.pdf
DEBUG:urllib3.connectionpool:Starting new HTTPS connection (1): pastfindersslc.org:443
DEBUG:urllib3.connectionpool:https://accounts.google.com:443 "GET /v3/signin/identifier?continue=https%3A%2F%2Fcalendar.google.com%2Fcalendar%2Fevent%3Faction%3DTEMPLATE%26text%3DResearch%2BAssistance%26dates%3D20250910T130000%2F20250910T150000%26details%3DJoin%2Bus%2Bweekly%2Bin%2Bthe%2BGenealogy%2BRoom%2Bfor%2Bin-person%2Bhelp%2Bwith%2Byour%2Bresearch.%2BIt%25E2%2580%2599s%2Ba%2Bgreat%2Bchance%2Bto%2Bget%2Bone-on-one%2Bguidance%2C%2Bask%2Bquestions%2C%2Band%2Bconnect%2Bwith%2Bothers%2Bwho%2Bshare%2Byour%2Bpassion%2Bfor%2Bfamily%2Bhistory.%26location%3D2525%2BOakley%2BSeaver%2BDr%2C%2BClermont%2C%2BFL%2C%2B34711%2C%2BUnited%2BStates%26trp%3Dfalse%26sprop%3Dhttps%3A%2F%2Fwordpress-810691-5571285.cloudwaysapps.com%2Fevents%2Fresearch-assistance-2025-08-27-2025-09-03-2025-09-10%2F%26sprop%3Dname%3APastfinders%26ctz%3DAmerica%2FNew_York&emr=1&followup=https%3A%2F%2Fcalendar.google.com%2Fcalendar%2Fevent%3Faction%3DTEMPLATE%26text%3DResearch%2BAssistance%26dates%3D20250910T130000%2F20250910T150000%26details%3DJoin%2Bus%2Bweekly%2Bin%2Bthe%2BGenealogy%2BRoom%2Bfor%2Bin-person%2Bhelp%2Bwith%2Byour%2Bresearch.%2BIt%25E2%2580%2599s%2Ba%2Bgreat%2Bchance%2Bto%2Bget%2Bone-on-one%2Bguidance%2C%2Bask%2Bquestions%2C%2Band%2Bconnect%2Bwith%2Bothers%2Bwho%2Bshare%2Byour%2Bpassion%2Bfor%2Bfamily%2Bhistory.%26location%3D2525%2BOakley%2BSeaver%2BDr%2C%2BClermont%2C%2BFL%2C%2B34711%2C%2BUnited%2BStates%26trp%3Dfalse%26sprop%3Dhttps%3A%2F%2Fwordpress-810691-5571285.cloudwaysapps.com%2Fevents%2Fresearch-assistance-2025-08-27-2025-09-03-2025-09-10%2F%26sprop%3Dname%3APastfinders%26ctz%3DAmerica%2FNew_York&ifkv=AdBytiNPBNBDEvX63AdQHRUen6hmEot4rr4Wvty2GdJcy9ZgHpeqOI1pfq4zQFpl4svuH4guWnIR1Q&osid=1&passive=1209600&service=cl&flowName=WebLiteSignIn&flowEntry=ServiceLogin&dsh=S1159410553%3A1756758293715981 HTTP/1.1" 200 None
DEBUG:urllib3.connectionpool:https://accounts.google.com:443 "GET /v3/signin/identifier?continue=https%3A%2F%2Fcalendar.google.com%2Fcalendar%2Fevent%3Faction%3DTEMPLATE%26text%3DFamily%2BTree%2BMaker%2BSpecial%2BInterest%2BGroup%2B%28SIG%29%26dates%3D20260519T000000%2F20260519T000000%26details%3DJoin%2Bhost%2BStan%2BWells%2Bas%2Bhe%2Bleads%2Ba%2Bstep-by-step%2Bwalk-through%2Bof%2BFamily%2BTree%2BMaker%2B%28FTM%29%2C%2Bone%2Bof%2Bthe%2Bmost%2Bpopular%2Bgenealogy%2Bsoftware%2Bprograms%2Bavailable%2Btoday.%26location%26trp%3Dfalse%26sprop%3Dhttps%3A%2F%2Fwordpress-810691-5571285.cloudwaysapps.com%2Fevents%2Ffamily-tree-maker-special-interest-group-sig-2026-05-19%2F%26sprop%3Dname%3APastfinders%26ctz%3DAmerica%2FNew_York&emr=1&followup=https%3A%2F%2Fcalendar.google.com%2Fcalendar%2Fevent%3Faction%3DTEMPLATE%26text%3DFamily%2BTree%2BMaker%2BSpecial%2BInterest%2BGroup%2B%28SIG%29%26dates%3D20260519T000000%2F20260519T000000%26details%3DJoin%2Bhost%2BStan%2BWells%2Bas%2Bhe%2Bleads%2Ba%2Bstep-by-step%2Bwalk-through%2Bof%2BFamily%2BTree%2BMaker%2B%28FTM%29%2C%2Bone%2Bof%2Bthe%2Bmost%2Bpopular%2Bgenealogy%2Bsoftware%2Bprograms%2Bavailable%2Btoday.%26location%26trp%3Dfalse%26sprop%3Dhttps%3A%2F%2Fwordpress-810691-5571285.cloudwaysapps.com%2Fevents%2Ffamily-tree-maker-special-interest-group-sig-2026-05-19%2F%26sprop%3Dname%3APastfinders%26ctz%3DAmerica%2FNew_York&ifkv=AdBytiMqzpTQ4PoLMmdrUwZ7wQGqUkFX-we7gyyhT-1HVVQcyE06BKOymOhusz73j01UUg3f0JiRFA&osid=1&passive=1209600&service=cl&flowName=WebLiteSignIn&flowEntry=ServiceLogin&dsh=S873368438%3A1756758293683556 HTTP/1.1" 200 None
DEBUG:root:✅ Hyperlink OK: https://www.google.com/calendar/event?action=TEMPLATE&text=Research+Assistance&dates=20250910T130000/20250910T150000&details=Join+us+weekly+in+the+Genealogy+Room+for+in-person+help+with+your+research.+It%E2%80%99s+a+great+chance+to+get+one-on-one+guidance%2C+ask+questions%2C+and+connect+with+others+who+share+your+passion+for+family+history.&location=2525+Oakley+Seaver+Dr%2C+Clermont%2C+FL%2C+34711%2C+United+States&trp=false&sprop=https%3A%2F%2Fwordpress-810691-5571285.cloudwaysapps.com%2Fevents%2Fresearch-assistance-2025-08-27-2025-09-03-2025-09-10%2F&sprop=name:Pastfinders&ctz=America%2FNew_York
DEBUG:root:Checking external hyperlink: https://outlook.office.com/calendar/0/deeplink/compose?allday=false&body=Join+us+weekly+in+the+Genealogy+Room+for+in-person+help+with+your+research.+It%E2%80%99s+a+great+chance+to+get+one-on-one+guidance%2C+ask+questions%2C+and+connect+with+others+who+share+your+passion+for+family+history.&location=2525+Oakley+Seaver+Dr%2C+Clermont%2C+FL%2C+34711%2C+United+States&path=/calendar/action/compose&rru=addevent&startdt=2025-09-10T13%3A00%3A00-04%3A00&enddt=2025-09-10T15%3A00%3A00-04%3A00&subject=Research+Assistance
DEBUG:urllib3.connectionpool:Starting new HTTPS connection (1): outlook.office.com:443
DEBUG:urllib3.connectionpool:https://outlook.office.com:443 "GET /calendar/0/deeplink/compose?allday=false&body=Presented+By%3A+Carolyn+GornowiczUsing+the+Leeds+method+to+group+your+2nd+and+3rd+cousins+into+ancestor+groups.By+registering+once%2C+you+will+receive+a+Zoom+link+in+your+email+a+few+days+before+the+chat+session.&location=&path=/calendar/action/compose&rru=addevent&startdt=2025-08-12T12%3A00%3A00-04%3A00&enddt=2025-08-12T13%3A00%3A00-04%3A00&subject=DNA+Research+Using+Leeds+Method+%26+Ancestry%E2%80%99s+New+Clustering+Tool HTTP/1.1" 200 None
DEBUG:root:✅ Hyperlink OK: https://www.google.com/calendar/event?action=TEMPLATE&text=Family+Tree+Maker+Special+Interest+Group+%28SIG%29&dates=20260519T000000/20260519T000000&details=Join+host+Stan+Wells+as+he+leads+a+step-by-step+walk-through+of+Family+Tree+Maker+%28FTM%29%2C+one+of+the+most+popular+genealogy+software+programs+available+today.&location=&trp=false&sprop=https%3A%2F%2Fwordpress-810691-5571285.cloudwaysapps.com%2Fevents%2Ffamily-tree-maker-special-interest-group-sig-2026-05-19%2F&sprop=name:Pastfinders&ctz=America%2FNew_York
DEBUG:root:Checking external hyperlink: https://outlook.office.com/calendar/0/deeplink/compose?allday=false&body=Join+host+Stan+Wells+as+he+leads+a+step-by-step+walk-through+of+Family+Tree+Maker+%28FTM%29%2C+one+of+the+most+popular+genealogy+software+programs+available+today.&location=&path=/calendar/action/compose&rru=addevent&startdt=2026-05-19T00%3A00%3A00-04%3A00&enddt=2026-05-19T00%3A00%3A00-04%3A00&subject=Family+Tree+Maker+Special+Interest+Group+%28SIG%29
DEBUG:urllib3.connectionpool:Starting new HTTPS connection (1): outlook.office.com:443
DEBUG:root:✅ Hyperlink OK: https://outlook.office.com/calendar/0/deeplink/compose?allday=false&body=Presented+By%3A+Carolyn+GornowiczUsing+the+Leeds+method+to+group+your+2nd+and+3rd+cousins+into+ancestor+groups.By+registering+once%2C+you+will+receive+a+Zoom+link+in+your+email+a+few+days+before+the+chat+session.&location=&path=/calendar/action/compose&rru=addevent&startdt=2025-08-12T12%3A00%3A00-04%3A00&enddt=2025-08-12T13%3A00%3A00-04%3A00&subject=DNA+Research+Using+Leeds+Method+%26+Ancestry%E2%80%99s+New+Clustering+Tool
DEBUG:root:Checking external hyperlink: https://outlook.live.com/calendar/0/deeplink/compose?allday=false&body=Presented+By%3A+Carolyn+GornowiczUsing+the+Leeds+method+to+group+your+2nd+and+3rd+cousins+into+ancestor+groups.By+registering+once%2C+you+will+receive+a+Zoom+link+in+your+email+a+few+days+before+the+chat+session.&location=&path=/calendar/action/compose&rru=addevent&startdt=2025-08-12T12%3A00%3A00-04%3A00&enddt=2025-08-12T13%3A00%3A00-04%3A00&subject=DNA+Research+Using+Leeds+Method+%26+Ancestry%E2%80%99s+New+Clustering+Tool
DEBUG:urllib3.connectionpool:Starting new HTTPS connection (1): outlook.live.com:443
DEBUG:urllib3.connectionpool:https://pastfindersslc.org:443 "GET /upload/newsletters/1998_Summer.pdf HTTP/1.1" 200 8820924
DEBUG:urllib3.connectionpool:https://wordpress-810691-5571285.cloudwaysapps.com:443 "GET /wp-content/uploads/2025/08/IMG_2168_1556584965-1024x683.webp HTTP/1.1" 200 77132
DEBUG:root:✅ Image OK: https://wordpress-810691-5571285.cloudwaysapps.com/wp-content/uploads/2025/08/IMG_2168_1556584965-1024x683.webp
DEBUG:root:Checking internal image: https://wordpress-810691-5571285.cloudwaysapps.com/wp-content/uploads/2025/08/IMG_2120_1556367129-1024x683.webp
DEBUG:urllib3.connectionpool:Starting new HTTPS connection (1): wordpress-810691-5571285.cloudwaysapps.com:443
DEBUG:urllib3.connectionpool:https://outlook.live.com:443 "GET /calendar/0/deeplink/compose?allday=false&body=Presented+By%3A+Carolyn+GornowiczUsing+the+Leeds+method+to+group+your+2nd+and+3rd+cousins+into+ancestor+groups.By+registering+once%2C+you+will+receive+a+Zoom+link+in+your+email+a+few+days+before+the+chat+session.&location=&path=/calendar/action/compose&rru=addevent&startdt=2025-08-12T12%3A00%3A00-04%3A00&enddt=2025-08-12T13%3A00%3A00-04%3A00&subject=DNA+Research+Using+Leeds+Method+%26+Ancestry%E2%80%99s+New+Clustering+Tool HTTP/1.1" 200 None
DEBUG:root:✅ Hyperlink OK: https://outlook.live.com/calendar/0/deeplink/compose?allday=false&body=Presented+By%3A+Carolyn+GornowiczUsing+the+Leeds+method+to+group+your+2nd+and+3rd+cousins+into+ancestor+groups.By+registering+once%2C+you+will+receive+a+Zoom+link+in+your+email+a+few+days+before+the+chat+session.&location=&path=/calendar/action/compose&rru=addevent&startdt=2025-08-12T12%3A00%3A00-04%3A00&enddt=2025-08-12T13%3A00%3A00-04%3A00&subject=DNA+Research+Using+Leeds+Method+%26+Ancestry%E2%80%99s+New+Clustering+Tool
DEBUG:root:Using regex pattern: \b[a-zA-Z]{3,}\b
DEBUG:root:Found 60 words to check in https://wordpress-810691-5571285.cloudwaysapps.com/events/dna-research-using-leeds-method-ancestrys-new-clustering-tool/ (min_length=3)
DEBUG:root:Sample words from https://wordpress-810691-5571285.cloudwaysapps.com/events/dna-research-using-leeds-method-ancestrys-new-clustering-tool/: ['This', 'alert', 'Skip', 'content', 'DNA', 'Research', 'Using', 'Leeds', 'Method', 'Ancestry']
DEBUG:root:Spell check results for https://wordpress-810691-5571285.cloudwaysapps.com/events/dna-research-using-leeds-method-ancestrys-new-clustering-tool/: 26 words checked, 34 skipped, 0 errors found
INFO:root:✅ Processed https://wordpress-810691-5571285.cloudwaysapps.com/events/dna-research-using-leeds-method-ancestrys-new-clustering-tool/: 0 errors found, 83 words checked
DEBUG:root:Attempting to fetch: https://wordpress-810691-5571285.cloudwaysapps.com/events/research-assistance-2025-08-27-2025-09-03-2025-09-10-2025-09-17-2025-09-24-2025-10-01-2025-10-08-2025-10-15-2025-10-22-2025-10-29/
Processing pages:  80%|████████  | 305/381 [02:50<01:06,  1.14it/s]DEBUG:urllib3.connectionpool:https://outlook.office.com:443 "GET /calendar/0/deeplink/compose?allday=false&body=Join+us+weekly+in+the+Genealogy+Room+for+in-person+help+with+your+research.+It%E2%80%99s+a+great+chance+to+get+one-on-one+guidance%2C+ask+questions%2C+and+connect+with+others+who+share+your+passion+for+family+history.&location=2525+Oakley+Seaver+Dr%2C+Clermont%2C+FL%2C+34711%2C+United+States&path=/calendar/action/compose&rru=addevent&startdt=2025-09-10T13%3A00%3A00-04%3A00&enddt=2025-09-10T15%3A00%3A00-04%3A00&subject=Research+Assistance HTTP/1.1" 200 None
DEBUG:root:✅ Hyperlink OK: https://outlook.office.com/calendar/0/deeplink/compose?allday=false&body=Join+us+weekly+in+the+Genealogy+Room+for+in-person+help+with+your+research.+It%E2%80%99s+a+great+chance+to+get+one-on-one+guidance%2C+ask+questions%2C+and+connect+with+others+who+share+your+passion+for+family+history.&location=2525+Oakley+Seaver+Dr%2C+Clermont%2C+FL%2C+34711%2C+United+States&path=/calendar/action/compose&rru=addevent&startdt=2025-09-10T13%3A00%3A00-04%3A00&enddt=2025-09-10T15%3A00%3A00-04%3A00&subject=Research+Assistance
DEBUG:root:Checking external hyperlink: https://outlook.live.com/calendar/0/deeplink/compose?allday=false&body=Join+us+weekly+in+the+Genealogy+Room+for+in-person+help+with+your+research.+It%E2%80%99s+a+great+chance+to+get+one-on-one+guidance%2C+ask+questions%2C+and+connect+with+others+who+share+your+passion+for+family+history.&location=2525+Oakley+Seaver+Dr%2C+Clermont%2C+FL%2C+34711%2C+United+States&path=/calendar/action/compose&rru=addevent&startdt=2025-09-10T13%3A00%3A00-04%3A00&enddt=2025-09-10T15%3A00%3A00-04%3A00&subject=Research+Assistance
DEBUG:urllib3.connectionpool:Starting new HTTPS connection (1): outlook.live.com:443
DEBUG:urllib3.connectionpool:https://wordpress-810691-5571285.cloudwaysapps.com:443 "GET /wp-content/uploads/2025/08/IMG_2120_1556367129-1024x683.webp HTTP/1.1" 200 49886
DEBUG:urllib3.connectionpool:https://outlook.office.com:443 "GET /calendar/0/deeplink/compose?allday=false&body=Join+host+Stan+Wells+as+he+leads+a+step-by-step+walk-through+of+Family+Tree+Maker+%28FTM%29%2C+one+of+the+most+popular+genealogy+software+programs+available+today.&location=&path=/calendar/action/compose&rru=addevent&startdt=2026-05-19T00%3A00%3A00-04%3A00&enddt=2026-05-19T00%3A00%3A00-04%3A00&subject=Family+Tree+Maker+Special+Interest+Group+%28SIG%29 HTTP/1.1" 200 None
DEBUG:root:✅ Hyperlink OK: https://outlook.office.com/calendar/0/deeplink/compose?allday=false&body=Join+host+Stan+Wells+as+he+leads+a+step-by-step+walk-through+of+Family+Tree+Maker+%28FTM%29%2C+one+of+the+most+popular+genealogy+software+programs+available+today.&location=&path=/calendar/action/compose&rru=addevent&startdt=2026-05-19T00%3A00%3A00-04%3A00&enddt=2026-05-19T00%3A00%3A00-04%3A00&subject=Family+Tree+Maker+Special+Interest+Group+%28SIG%29
DEBUG:root:Checking external hyperlink: https://outlook.live.com/calendar/0/deeplink/compose?allday=false&body=Join+host+Stan+Wells+as+he+leads+a+step-by-step+walk-through+of+Family+Tree+Maker+%28FTM%29%2C+one+of+the+most+popular+genealogy+software+programs+available+today.&location=&path=/calendar/action/compose&rru=addevent&startdt=2026-05-19T00%3A00%3A00-04%3A00&enddt=2026-05-19T00%3A00%3A00-04%3A00&subject=Family+Tree+Maker+Special+Interest+Group+%28SIG%29
DEBUG:urllib3.connectionpool:Starting new HTTPS connection (1): outlook.live.com:443
DEBUG:root:✅ Image OK: https://wordpress-810691-5571285.cloudwaysapps.com/wp-content/uploads/2025/08/IMG_2120_1556367129-1024x683.webp
DEBUG:root:Checking internal image: https://wordpress-810691-5571285.cloudwaysapps.com/wp-content/uploads/2025/08/IMG_2127_1556367129-1024x683.webp
DEBUG:urllib3.connectionpool:Starting new HTTPS connection (1): wordpress-810691-5571285.cloudwaysapps.com:443
DEBUG:urllib3.connectionpool:https://outlook.live.com:443 "GET /calendar/0/deeplink/compose?allday=false&body=Join+us+weekly+in+the+Genealogy+Room+for+in-person+help+with+your+research.+It%E2%80%99s+a+great+chance+to+get+one-on-one+guidance%2C+ask+questions%2C+and+connect+with+others+who+share+your+passion+for+family+history.&location=2525+Oakley+Seaver+Dr%2C+Clermont%2C+FL%2C+34711%2C+United+States&path=/calendar/action/compose&rru=addevent&startdt=2025-09-10T13%3A00%3A00-04%3A00&enddt=2025-09-10T15%3A00%3A00-04%3A00&subject=Research+Assistance HTTP/1.1" 200 None
DEBUG:root:✅ Hyperlink OK: https://outlook.live.com/calendar/0/deeplink/compose?allday=false&body=Join+us+weekly+in+the+Genealogy+Room+for+in-person+help+with+your+research.+It%E2%80%99s+a+great+chance+to+get+one-on-one+guidance%2C+ask+questions%2C+and+connect+with+others+who+share+your+passion+for+family+history.&location=2525+Oakley+Seaver+Dr%2C+Clermont%2C+FL%2C+34711%2C+United+States&path=/calendar/action/compose&rru=addevent&startdt=2025-09-10T13%3A00%3A00-04%3A00&enddt=2025-09-10T15%3A00%3A00-04%3A00&subject=Research+Assistance
DEBUG:root:Using regex pattern: \b[a-zA-Z]{3,}\b
DEBUG:root:Found 58 words to check in https://wordpress-810691-5571285.cloudwaysapps.com/events/research-assistance-2025-08-27-2025-09-03-2025-09-10/ (min_length=3)
DEBUG:root:Sample words from https://wordpress-810691-5571285.cloudwaysapps.com/events/research-assistance-2025-08-27-2025-09-03-2025-09-10/: ['This', 'alert', 'Skip', 'content', 'Research', 'Assistance', 'When', 'September', 'Add', 'Calendar']
DEBUG:root:Spell check results for https://wordpress-810691-5571285.cloudwaysapps.com/events/research-assistance-2025-08-27-2025-09-03-2025-09-10/: 30 words checked, 28 skipped, 0 errors found
INFO:root:✅ Processed https://wordpress-810691-5571285.cloudwaysapps.com/events/research-assistance-2025-08-27-2025-09-03-2025-09-10/: 0 errors found, 85 words checked
DEBUG:root:Attempting to fetch: https://wordpress-810691-5571285.cloudwaysapps.com/galleries/
Processing pages:  80%|████████  | 306/381 [02:50<00:53,  1.40it/s]DEBUG:urllib3.connectionpool:https://wordpress-810691-5571285.cloudwaysapps.com:443 "GET /galleries/ HTTP/1.1" 200 None
DEBUG:urllib3.connectionpool:https://outlook.live.com:443 "GET /calendar/0/deeplink/compose?allday=false&body=Join+host+Stan+Wells+as+he+leads+a+step-by-step+walk-through+of+Family+Tree+Maker+%28FTM%29%2C+one+of+the+most+popular+genealogy+software+programs+available+today.&location=&path=/calendar/action/compose&rru=addevent&startdt=2026-05-19T00%3A00%3A00-04%3A00&enddt=2026-05-19T00%3A00%3A00-04%3A00&subject=Family+Tree+Maker+Special+Interest+Group+%28SIG%29 HTTP/1.1" 200 None
DEBUG:root:✅ Hyperlink OK: https://outlook.live.com/calendar/0/deeplink/compose?allday=false&body=Join+host+Stan+Wells+as+he+leads+a+step-by-step+walk-through+of+Family+Tree+Maker+%28FTM%29%2C+one+of+the+most+popular+genealogy+software+programs+available+today.&location=&path=/calendar/action/compose&rru=addevent&startdt=2026-05-19T00%3A00%3A00-04%3A00&enddt=2026-05-19T00%3A00%3A00-04%3A00&subject=Family+Tree+Maker+Special+Interest+Group+%28SIG%29
DEBUG:root:Successfully fetched https://wordpress-810691-5571285.cloudwaysapps.com/galleries/ (Content-Length: 83303)
DEBUG:root:Using regex pattern: \b[a-zA-Z]{3,}\b
DEBUG:root:Found 135 words to check in https://wordpress-810691-5571285.cloudwaysapps.com/events/family-tree-maker-special-interest-group-sig-2026-05-19/ (min_length=3)
DEBUG:root:Sample words from https://wordpress-810691-5571285.cloudwaysapps.com/events/family-tree-maker-special-interest-group-sig-2026-05-19/: ['This', 'alert', 'Skip', 'content', 'Family', 'Tree', 'Maker', 'Special', 'Interest', 'Group']
DEBUG:root:Skipped email/domain fragment: 'com'
DEBUG:root:Spell check results for https://wordpress-810691-5571285.cloudwaysapps.com/events/family-tree-maker-special-interest-group-sig-2026-05-19/: 87 words checked, 48 skipped, 0 errors found
INFO:root:✅ Processed https://wordpress-810691-5571285.cloudwaysapps.com/events/family-tree-maker-special-interest-group-sig-2026-05-19/: 0 errors found, 183 words checked
DEBUG:root:Attempting to fetch: https://wordpress-810691-5571285.cloudwaysapps.com/members-only/members-bonus-study-group/
Processing pages:  81%|████████  | 307/381 [02:50<00:46,  1.60it/s]DEBUG:charset_normalizer:Encoding detection: utf_8 is most likely the one.
DEBUG:urllib3.connectionpool:https://wordpress-810691-5571285.cloudwaysapps.com:443 "GET /wp-content/uploads/2025/08/IMG_2127_1556367129-1024x683.webp HTTP/1.1" 200 50866
DEBUG:root:Extracted 929 characters, 157 words from https://wordpress-810691-5571285.cloudwaysapps.com/galleries/
DEBUG:root:Checking internal image: https://wordpress-810691-5571285.cloudwaysapps.com/wp-content/uploads/2025/08/2019_10_Oct_10_Annette_Lyttle_30_Ann75_1571880107-236x300.webp
DEBUG:root:✅ Image OK: https://wordpress-810691-5571285.cloudwaysapps.com/wp-content/uploads/2025/08/IMG_2127_1556367129-1024x683.webp
DEBUG:root:Checking internal image: https://wordpress-810691-5571285.cloudwaysapps.com/wp-content/uploads/2025/08/IMG_2129_1556367129-1024x683.webp
DEBUG:urllib3.connectionpool:Starting new HTTPS connection (1): wordpress-810691-5571285.cloudwaysapps.com:443
DEBUG:urllib3.connectionpool:Starting new HTTPS connection (1): wordpress-810691-5571285.cloudwaysapps.com:443
DEBUG:urllib3.connectionpool:https://wordpress-810691-5571285.cloudwaysapps.com:443 "GET /wp-content/uploads/2025/08/IMG_2129_1556367129-1024x683.webp HTTP/1.1" 200 41414
DEBUG:root:✅ Image OK: https://wordpress-810691-5571285.cloudwaysapps.com/wp-content/uploads/2025/08/IMG_2129_1556367129-1024x683.webp
DEBUG:root:Checking internal image: https://wordpress-810691-5571285.cloudwaysapps.com/wp-content/uploads/2025/08/IMG_2121_1556367129-1024x683.webp
DEBUG:urllib3.connectionpool:https://wordpress-810691-5571285.cloudwaysapps.com:443 "GET /wp-content/uploads/2025/08/2019_10_Oct_10_Annette_Lyttle_30_Ann75_1571880107-236x300.webp HTTP/1.1" 200 28782
DEBUG:root:✅ Image OK: https://wordpress-810691-5571285.cloudwaysapps.com/wp-content/uploads/2025/08/2019_10_Oct_10_Annette_Lyttle_30_Ann75_1571880107-236x300.webp
DEBUG:root:Checking internal image: https://wordpress-810691-5571285.cloudwaysapps.com/wp-content/uploads/2025/08/2019_Drew_Smith_FamilySearch_9_1571800238-300x200.webp
DEBUG:urllib3.connectionpool:Starting new HTTPS connection (1): wordpress-810691-5571285.cloudwaysapps.com:443
DEBUG:urllib3.connectionpool:Starting new HTTPS connection (1): wordpress-810691-5571285.cloudwaysapps.com:443
DEBUG:urllib3.connectionpool:https://wordpress-810691-5571285.cloudwaysapps.com:443 "GET /events/research-assistance-2025-08-27-2025-09-03-2025-09-10-2025-09-17-2025-09-24-2025-10-01-2025-10-08-2025-10-15-2025-10-22-2025-10-29/ HTTP/1.1" 200 None
DEBUG:urllib3.connectionpool:https://wordpress-810691-5571285.cloudwaysapps.com:443 "GET /wp-content/uploads/2025/08/2019_Drew_Smith_FamilySearch_9_1571800238-300x200.webp HTTP/1.1" 200 27804
DEBUG:root:✅ Image OK: https://wordpress-810691-5571285.cloudwaysapps.com/wp-content/uploads/2025/08/2019_Drew_Smith_FamilySearch_9_1571800238-300x200.webp
DEBUG:urllib3.connectionpool:https://wordpress-810691-5571285.cloudwaysapps.com:443 "GET /wp-content/uploads/2025/08/IMG_2121_1556367129-1024x683.webp HTTP/1.1" 200 53190
DEBUG:root:Checking internal image: https://wordpress-810691-5571285.cloudwaysapps.com/wp-content/uploads/2025/08/Scanning_and_One_on_One_May_2019_8_1570500920-300x200.webp
DEBUG:urllib3.connectionpool:Starting new HTTPS connection (1): wordpress-810691-5571285.cloudwaysapps.com:443
DEBUG:root:Successfully fetched https://wordpress-810691-5571285.cloudwaysapps.com/events/research-assistance-2025-08-27-2025-09-03-2025-09-10-2025-09-17-2025-09-24-2025-10-01-2025-10-08-2025-10-15-2025-10-22-2025-10-29/ (Content-Length: 43254)
DEBUG:charset_normalizer:Encoding detection: utf_8 is most likely the one.
DEBUG:root:✅ Image OK: https://wordpress-810691-5571285.cloudwaysapps.com/wp-content/uploads/2025/08/IMG_2121_1556367129-1024x683.webp
DEBUG:root:Checking internal image: https://wordpress-810691-5571285.cloudwaysapps.com/wp-content/uploads/2025/08/IMG_2170_1556584965-1024x683.webp
DEBUG:urllib3.connectionpool:Starting new HTTPS connection (1): wordpress-810691-5571285.cloudwaysapps.com:443
DEBUG:root:Extracted 491 characters, 85 words from https://wordpress-810691-5571285.cloudwaysapps.com/events/research-assistance-2025-08-27-2025-09-03-2025-09-10-2025-09-17-2025-09-24-2025-10-01-2025-10-08-2025-10-15-2025-10-22-2025-10-29/
DEBUG:root:Checking external hyperlink: https://www.google.com/calendar/event?action=TEMPLATE&text=Research+Assistance&dates=20251029T130000/20251029T150000&details=Join+us+weekly+in+the+Genealogy+Room+for+in-person+help+with+your+research.+It%E2%80%99s+a+great+chance+to+get+one-on-one+guidance%2C+ask+questions%2C+and+connect+with+others+who+share+your+passion+for+family+history.&location=2525+Oakley+Seaver+Dr%2C+Clermont%2C+FL%2C+34711%2C+United+States&trp=false&sprop=https%3A%2F%2Fwordpress-810691-5571285.cloudwaysapps.com%2Fevents%2Fresearch-assistance-2025-08-27-2025-09-03-2025-09-10-2025-09-17-2025-09-24-2025-10-01-2025-10-08-2025-10-15-2025-10-22-2025-10-29%2F&sprop=name:Pastfinders&ctz=America%2FNew_York
DEBUG:urllib3.connectionpool:Starting new HTTPS connection (1): www.google.com:443
DEBUG:urllib3.connectionpool:https://www.google.com:443 "GET /calendar/event?action=TEMPLATE&text=Research+Assistance&dates=20251029T130000/20251029T150000&details=Join+us+weekly+in+the+Genealogy+Room+for+in-person+help+with+your+research.+It%E2%80%99s+a+great+chance+to+get+one-on-one+guidance%2C+ask+questions%2C+and+connect+with+others+who+share+your+passion+for+family+history.&location=2525+Oakley+Seaver+Dr%2C+Clermont%2C+FL%2C+34711%2C+United+States&trp=false&sprop=https%3A%2F%2Fwordpress-810691-5571285.cloudwaysapps.com%2Fevents%2Fresearch-assistance-2025-08-27-2025-09-03-2025-09-10-2025-09-17-2025-09-24-2025-10-01-2025-10-08-2025-10-15-2025-10-22-2025-10-29%2F&sprop=name:Pastfinders&ctz=America%2FNew_York HTTP/1.1" 302 0
DEBUG:urllib3.connectionpool:Starting new HTTPS connection (1): calendar.google.com:443
DEBUG:urllib3.connectionpool:https://wordpress-810691-5571285.cloudwaysapps.com:443 "GET /wp-content/uploads/2025/08/IMG_2170_1556584965-1024x683.webp HTTP/1.1" 200 86146
DEBUG:urllib3.connectionpool:https://wordpress-810691-5571285.cloudwaysapps.com:443 "GET /wp-content/uploads/2025/08/Scanning_and_One_on_One_May_2019_8_1570500920-300x200.webp HTTP/1.1" 200 38090
DEBUG:root:✅ Image OK: https://wordpress-810691-5571285.cloudwaysapps.com/wp-content/uploads/2025/08/Scanning_and_One_on_One_May_2019_8_1570500920-300x200.webp
DEBUG:root:Checking internal image: https://wordpress-810691-5571285.cloudwaysapps.com/wp-content/uploads/2025/08/2019_May_Ann_Mohr_Osisek_3_1570501670-300x150.webp
DEBUG:urllib3.connectionpool:Starting new HTTPS connection (1): wordpress-810691-5571285.cloudwaysapps.com:443
DEBUG:root:✅ Image OK: https://wordpress-810691-5571285.cloudwaysapps.com/wp-content/uploads/2025/08/IMG_2170_1556584965-1024x683.webp
DEBUG:root:Checking internal image: https://wordpress-810691-5571285.cloudwaysapps.com/wp-content/uploads/2025/08/IMG_2167_1556584965-1024x683.webp
DEBUG:urllib3.connectionpool:Starting new HTTPS connection (1): wordpress-810691-5571285.cloudwaysapps.com:443
DEBUG:urllib3.connectionpool:https://calendar.google.com:443 "GET /calendar/event?action=TEMPLATE&text=Research+Assistance&dates=20251029T130000/20251029T150000&details=Join+us+weekly+in+the+Genealogy+Room+for+in-person+help+with+your+research.+It%E2%80%99s+a+great+chance+to+get+one-on-one+guidance,+ask+questions,+and+connect+with+others+who+share+your+passion+for+family+history.&location=2525+Oakley+Seaver+Dr,+Clermont,+FL,+34711,+United+States&trp=false&sprop=https://wordpress-810691-5571285.cloudwaysapps.com/events/research-assistance-2025-08-27-2025-09-03-2025-09-10-2025-09-17-2025-09-24-2025-10-01-2025-10-08-2025-10-15-2025-10-22-2025-10-29/&sprop=name:Pastfinders&ctz=America/New_York HTTP/1.1" 302 0
DEBUG:urllib3.connectionpool:Starting new HTTPS connection (1): accounts.google.com:443
DEBUG:urllib3.connectionpool:https://wordpress-810691-5571285.cloudwaysapps.com:443 "GET /members-only/members-bonus-study-group/ HTTP/1.1" 200 None
DEBUG:urllib3.connectionpool:https://accounts.google.com:443 "GET /ServiceLogin?service=cl&passive=1209600&osid=1&continue=https://calendar.google.com/calendar/event?action%3DTEMPLATE%26text%3DResearch%2BAssistance%26dates%3D20251029T130000/20251029T150000%26details%3DJoin%2Bus%2Bweekly%2Bin%2Bthe%2BGenealogy%2BRoom%2Bfor%2Bin-person%2Bhelp%2Bwith%2Byour%2Bresearch.%2BIt%25E2%2580%2599s%2Ba%2Bgreat%2Bchance%2Bto%2Bget%2Bone-on-one%2Bguidance,%2Bask%2Bquestions,%2Band%2Bconnect%2Bwith%2Bothers%2Bwho%2Bshare%2Byour%2Bpassion%2Bfor%2Bfamily%2Bhistory.%26location%3D2525%2BOakley%2BSeaver%2BDr,%2BClermont,%2BFL,%2B34711,%2BUnited%2BStates%26trp%3Dfalse%26sprop%3Dhttps://wordpress-810691-5571285.cloudwaysapps.com/events/research-assistance-2025-08-27-2025-09-03-2025-09-10-2025-09-17-2025-09-24-2025-10-01-2025-10-08-2025-10-15-2025-10-22-2025-10-29/%26sprop%3Dname:Pastfinders%26ctz%3DAmerica/New_York&followup=https://calendar.google.com/calendar/event?action%3DTEMPLATE%26text%3DResearch%2BAssistance%26dates%3D20251029T130000/20251029T150000%26details%3DJoin%2Bus%2Bweekly%2Bin%2Bthe%2BGenealogy%2BRoom%2Bfor%2Bin-person%2Bhelp%2Bwith%2Byour%2Bresearch.%2BIt%25E2%2580%2599s%2Ba%2Bgreat%2Bchance%2Bto%2Bget%2Bone-on-one%2Bguidance,%2Bask%2Bquestions,%2Band%2Bconnect%2Bwith%2Bothers%2Bwho%2Bshare%2Byour%2Bpassion%2Bfor%2Bfamily%2Bhistory.%26location%3D2525%2BOakley%2BSeaver%2BDr,%2BClermont,%2BFL,%2B34711,%2BUnited%2BStates%26trp%3Dfalse%26sprop%3Dhttps://wordpress-810691-5571285.cloudwaysapps.com/events/research-assistance-2025-08-27-2025-09-03-2025-09-10-2025-09-17-2025-09-24-2025-10-01-2025-10-08-2025-10-15-2025-10-22-2025-10-29/%26sprop%3Dname:Pastfinders%26ctz%3DAmerica/New_York&emr=1 HTTP/1.1" 302 0
DEBUG:urllib3.connectionpool:https://wordpress-810691-5571285.cloudwaysapps.com:443 "GET /wp-content/uploads/2025/08/2019_May_Ann_Mohr_Osisek_3_1570501670-300x150.webp HTTP/1.1" 200 29042
DEBUG:root:✅ Image OK: https://wordpress-810691-5571285.cloudwaysapps.com/wp-content/uploads/2025/08/2019_May_Ann_Mohr_Osisek_3_1570501670-300x150.webp
DEBUG:root:Checking internal image: https://wordpress-810691-5571285.cloudwaysapps.com/wp-content/uploads/2025/08/March_2019_lobby_window_displY_9_1570502236-300x127.webp
DEBUG:urllib3.connectionpool:Starting new HTTPS connection (1): wordpress-810691-5571285.cloudwaysapps.com:443
DEBUG:urllib3.connectionpool:https://accounts.google.com:443 "GET /InteractiveLogin?continue=https://calendar.google.com/calendar/event?action%3DTEMPLATE%26text%3DResearch%2BAssistance%26dates%3D20251029T130000/20251029T150000%26details%3DJoin%2Bus%2Bweekly%2Bin%2Bthe%2BGenealogy%2BRoom%2Bfor%2Bin-person%2Bhelp%2Bwith%2Byour%2Bresearch.%2BIt%25E2%2580%2599s%2Ba%2Bgreat%2Bchance%2Bto%2Bget%2Bone-on-one%2Bguidance,%2Bask%2Bquestions,%2Band%2Bconnect%2Bwith%2Bothers%2Bwho%2Bshare%2Byour%2Bpassion%2Bfor%2Bfamily%2Bhistory.%26location%3D2525%2BOakley%2BSeaver%2BDr,%2BClermont,%2BFL,%2B34711,%2BUnited%2BStates%26trp%3Dfalse%26sprop%3Dhttps://wordpress-810691-5571285.cloudwaysapps.com/events/research-assistance-2025-08-27-2025-09-03-2025-09-10-2025-09-17-2025-09-24-2025-10-01-2025-10-08-2025-10-15-2025-10-22-2025-10-29/%26sprop%3Dname:Pastfinders%26ctz%3DAmerica/New_York&emr=1&followup=https://calendar.google.com/calendar/event?action%3DTEMPLATE%26text%3DResearch%2BAssistance%26dates%3D20251029T130000/20251029T150000%26details%3DJoin%2Bus%2Bweekly%2Bin%2Bthe%2BGenealogy%2BRoom%2Bfor%2Bin-person%2Bhelp%2Bwith%2Byour%2Bresearch.%2BIt%25E2%2580%2599s%2Ba%2Bgreat%2Bchance%2Bto%2Bget%2Bone-on-one%2Bguidance,%2Bask%2Bquestions,%2Band%2Bconnect%2Bwith%2Bothers%2Bwho%2Bshare%2Byour%2Bpassion%2Bfor%2Bfamily%2Bhistory.%26location%3D2525%2BOakley%2BSeaver%2BDr,%2BClermont,%2BFL,%2B34711,%2BUnited%2BStates%26trp%3Dfalse%26sprop%3Dhttps://wordpress-810691-5571285.cloudwaysapps.com/events/research-assistance-2025-08-27-2025-09-03-2025-09-10-2025-09-17-2025-09-24-2025-10-01-2025-10-08-2025-10-15-2025-10-22-2025-10-29/%26sprop%3Dname:Pastfinders%26ctz%3DAmerica/New_York&osid=1&passive=1209600&service=cl&ifkv=AdBytiMPNOaJ3SNmMcdwF8aVkNs2l7STdOISvonUDzEqGwYu_wP6aEhAoxSZJuYnnQK1JZRFxvR_ HTTP/1.1" 302 None
DEBUG:urllib3.connectionpool:https://wordpress-810691-5571285.cloudwaysapps.com:443 "GET /wp-content/uploads/2025/08/IMG_2167_1556584965-1024x683.webp HTTP/1.1" 200 72330
DEBUG:root:✅ Image OK: https://wordpress-810691-5571285.cloudwaysapps.com/wp-content/uploads/2025/08/IMG_2167_1556584965-1024x683.webp
DEBUG:root:Checking internal image: https://wordpress-810691-5571285.cloudwaysapps.com/wp-content/uploads/2025/08/IMG_2138_1556367129-1024x683.webp
DEBUG:urllib3.connectionpool:Starting new HTTPS connection (1): wordpress-810691-5571285.cloudwaysapps.com:443
DEBUG:urllib3.connectionpool:https://accounts.google.com:443 "GET /v3/signin/identifier?continue=https%3A%2F%2Fcalendar.google.com%2Fcalendar%2Fevent%3Faction%3DTEMPLATE%26text%3DResearch%2BAssistance%26dates%3D20251029T130000%2F20251029T150000%26details%3DJoin%2Bus%2Bweekly%2Bin%2Bthe%2BGenealogy%2BRoom%2Bfor%2Bin-person%2Bhelp%2Bwith%2Byour%2Bresearch.%2BIt%25E2%2580%2599s%2Ba%2Bgreat%2Bchance%2Bto%2Bget%2Bone-on-one%2Bguidance%2C%2Bask%2Bquestions%2C%2Band%2Bconnect%2Bwith%2Bothers%2Bwho%2Bshare%2Byour%2Bpassion%2Bfor%2Bfamily%2Bhistory.%26location%3D2525%2BOakley%2BSeaver%2BDr%2C%2BClermont%2C%2BFL%2C%2B34711%2C%2BUnited%2BStates%26trp%3Dfalse%26sprop%3Dhttps%3A%2F%2Fwordpress-810691-5571285.cloudwaysapps.com%2Fevents%2Fresearch-assistance-2025-08-27-2025-09-03-2025-09-10-2025-09-17-2025-09-24-2025-10-01-2025-10-08-2025-10-15-2025-10-22-2025-10-29%2F%26sprop%3Dname%3APastfinders%26ctz%3DAmerica%2FNew_York&emr=1&followup=https%3A%2F%2Fcalendar.google.com%2Fcalendar%2Fevent%3Faction%3DTEMPLATE%26text%3DResearch%2BAssistance%26dates%3D20251029T130000%2F20251029T150000%26details%3DJoin%2Bus%2Bweekly%2Bin%2Bthe%2BGenealogy%2BRoom%2Bfor%2Bin-person%2Bhelp%2Bwith%2Byour%2Bresearch.%2BIt%25E2%2580%2599s%2Ba%2Bgreat%2Bchance%2Bto%2Bget%2Bone-on-one%2Bguidance%2C%2Bask%2Bquestions%2C%2Band%2Bconnect%2Bwith%2Bothers%2Bwho%2Bshare%2Byour%2Bpassion%2Bfor%2Bfamily%2Bhistory.%26location%3D2525%2BOakley%2BSeaver%2BDr%2C%2BClermont%2C%2BFL%2C%2B34711%2C%2BUnited%2BStates%26trp%3Dfalse%26sprop%3Dhttps%3A%2F%2Fwordpress-810691-5571285.cloudwaysapps.com%2Fevents%2Fresearch-assistance-2025-08-27-2025-09-03-2025-09-10-2025-09-17-2025-09-24-2025-10-01-2025-10-08-2025-10-15-2025-10-22-2025-10-29%2F%26sprop%3Dname%3APastfinders%26ctz%3DAmerica%2FNew_York&ifkv=AdBytiO7SIrmACO_rZEzYoPGnUGjyQ06BjseEYHZ9ug9uQWlvL3zTT1ksnMe6PDPDh4PGJSKmNtZ&osid=1&passive=1209600&service=cl&flowName=WebLiteSignIn&flowEntry=ServiceLogin&dsh=S-1120685403%3A1756758296177263 HTTP/1.1" 200 None
DEBUG:root:Successfully fetched https://wordpress-810691-5571285.cloudwaysapps.com/members-only/members-bonus-study-group/ (Content-Length: 42348)
DEBUG:charset_normalizer:Encoding detection: utf_8 is most likely the one.
DEBUG:root:Extracted 2594 characters, 423 words from https://wordpress-810691-5571285.cloudwaysapps.com/members-only/members-bonus-study-group/
DEBUG:root:Checking external hyperlink: https://form.jotform.com/PastfindersSLC/book-creator-study-group
DEBUG:root:✅ Hyperlink OK: https://www.google.com/calendar/event?action=TEMPLATE&text=Research+Assistance&dates=20251029T130000/20251029T150000&details=Join+us+weekly+in+the+Genealogy+Room+for+in-person+help+with+your+research.+It%E2%80%99s+a+great+chance+to+get+one-on-one+guidance%2C+ask+questions%2C+and+connect+with+others+who+share+your+passion+for+family+history.&location=2525+Oakley+Seaver+Dr%2C+Clermont%2C+FL%2C+34711%2C+United+States&trp=false&sprop=https%3A%2F%2Fwordpress-810691-5571285.cloudwaysapps.com%2Fevents%2Fresearch-assistance-2025-08-27-2025-09-03-2025-09-10-2025-09-17-2025-09-24-2025-10-01-2025-10-08-2025-10-15-2025-10-22-2025-10-29%2F&sprop=name:Pastfinders&ctz=America%2FNew_York
DEBUG:root:Checking external hyperlink: https://outlook.office.com/calendar/0/deeplink/compose?allday=false&body=Join+us+weekly+in+the+Genealogy+Room+for+in-person+help+with+your+research.+It%E2%80%99s+a+great+chance+to+get+one-on-one+guidance%2C+ask+questions%2C+and+connect+with+others+who+share+your+passion+for+family+history.&location=2525+Oakley+Seaver+Dr%2C+Clermont%2C+FL%2C+34711%2C+United+States&path=/calendar/action/compose&rru=addevent&startdt=2025-10-29T13%3A00%3A00-04%3A00&enddt=2025-10-29T15%3A00%3A00-04%3A00&subject=Research+Assistance
DEBUG:urllib3.connectionpool:Starting new HTTPS connection (1): outlook.office.com:443
DEBUG:urllib3.connectionpool:Starting new HTTPS connection (1): form.jotform.com:443
DEBUG:urllib3.connectionpool:https://wordpress-810691-5571285.cloudwaysapps.com:443 "GET /wp-content/uploads/2025/08/March_2019_lobby_window_displY_9_1570502236-300x127.webp HTTP/1.1" 200 22666
DEBUG:root:✅ Image OK: https://wordpress-810691-5571285.cloudwaysapps.com/wp-content/uploads/2025/08/March_2019_lobby_window_displY_9_1570502236-300x127.webp
DEBUG:root:Checking internal image: https://wordpress-810691-5571285.cloudwaysapps.com/wp-content/uploads/2025/08/2019_February_8_Conference_23_1570504010-300x200.webp
DEBUG:urllib3.connectionpool:Starting new HTTPS connection (1): wordpress-810691-5571285.cloudwaysapps.com:443
DEBUG:urllib3.connectionpool:https://wordpress-810691-5571285.cloudwaysapps.com:443 "GET /wp-content/uploads/2025/08/IMG_2138_1556367129-1024x683.webp HTTP/1.1" 200 58026
DEBUG:urllib3.connectionpool:https://outlook.office.com:443 "GET /calendar/0/deeplink/compose?allday=false&body=Join+us+weekly+in+the+Genealogy+Room+for+in-person+help+with+your+research.+It%E2%80%99s+a+great+chance+to+get+one-on-one+guidance%2C+ask+questions%2C+and+connect+with+others+who+share+your+passion+for+family+history.&location=2525+Oakley+Seaver+Dr%2C+Clermont%2C+FL%2C+34711%2C+United+States&path=/calendar/action/compose&rru=addevent&startdt=2025-10-29T13%3A00%3A00-04%3A00&enddt=2025-10-29T15%3A00%3A00-04%3A00&subject=Research+Assistance HTTP/1.1" 200 None
DEBUG:root:✅ Hyperlink OK: https://outlook.office.com/calendar/0/deeplink/compose?allday=false&body=Join+us+weekly+in+the+Genealogy+Room+for+in-person+help+with+your+research.+It%E2%80%99s+a+great+chance+to+get+one-on-one+guidance%2C+ask+questions%2C+and+connect+with+others+who+share+your+passion+for+family+history.&location=2525+Oakley+Seaver+Dr%2C+Clermont%2C+FL%2C+34711%2C+United+States&path=/calendar/action/compose&rru=addevent&startdt=2025-10-29T13%3A00%3A00-04%3A00&enddt=2025-10-29T15%3A00%3A00-04%3A00&subject=Research+Assistance
DEBUG:root:Checking external hyperlink: https://outlook.live.com/calendar/0/deeplink/compose?allday=false&body=Join+us+weekly+in+the+Genealogy+Room+for+in-person+help+with+your+research.+It%E2%80%99s+a+great+chance+to+get+one-on-one+guidance%2C+ask+questions%2C+and+connect+with+others+who+share+your+passion+for+family+history.&location=2525+Oakley+Seaver+Dr%2C+Clermont%2C+FL%2C+34711%2C+United+States&path=/calendar/action/compose&rru=addevent&startdt=2025-10-29T13%3A00%3A00-04%3A00&enddt=2025-10-29T15%3A00%3A00-04%3A00&subject=Research+Assistance
DEBUG:urllib3.connectionpool:Starting new HTTPS connection (1): outlook.live.com:443
DEBUG:root:✅ Image OK: https://wordpress-810691-5571285.cloudwaysapps.com/wp-content/uploads/2025/08/IMG_2138_1556367129-1024x683.webp
DEBUG:root:Checking internal image: https://wordpress-810691-5571285.cloudwaysapps.com/wp-content/uploads/2025/08/IMG_2136_1556367129-1024x683.webp
DEBUG:urllib3.connectionpool:Starting new HTTPS connection (1): wordpress-810691-5571285.cloudwaysapps.com:443
DEBUG:urllib3.connectionpool:https://wordpress-810691-5571285.cloudwaysapps.com:443 "GET /wp-content/uploads/2025/08/2019_February_8_Conference_23_1570504010-300x200.webp HTTP/1.1" 200 39906
DEBUG:root:✅ Image OK: https://wordpress-810691-5571285.cloudwaysapps.com/wp-content/uploads/2025/08/2019_February_8_Conference_23_1570504010-300x200.webp
DEBUG:root:Checking internal image: https://wordpress-810691-5571285.cloudwaysapps.com/wp-content/uploads/2025/08/April_Saturday_CUG_class_1556585979-300x225.webp
DEBUG:urllib3.connectionpool:Starting new HTTPS connection (1): wordpress-810691-5571285.cloudwaysapps.com:443
DEBUG:urllib3.connectionpool:https://form.jotform.com:443 "GET /PastfindersSLC/book-creator-study-group HTTP/1.1" 200 None
DEBUG:root:✅ Hyperlink OK: https://form.jotform.com/PastfindersSLC/book-creator-study-group
DEBUG:root:Checking external hyperlink: https://Kinseekers.org
DEBUG:urllib3.connectionpool:Starting new HTTPS connection (1): kinseekers.org:443
DEBUG:urllib3.connectionpool:https://outlook.live.com:443 "GET /calendar/0/deeplink/compose?allday=false&body=Join+us+weekly+in+the+Genealogy+Room+for+in-person+help+with+your+research.+It%E2%80%99s+a+great+chance+to+get+one-on-one+guidance%2C+ask+questions%2C+and+connect+with+others+who+share+your+passion+for+family+history.&location=2525+Oakley+Seaver+Dr%2C+Clermont%2C+FL%2C+34711%2C+United+States&path=/calendar/action/compose&rru=addevent&startdt=2025-10-29T13%3A00%3A00-04%3A00&enddt=2025-10-29T15%3A00%3A00-04%3A00&subject=Research+Assistance HTTP/1.1" 200 None
DEBUG:root:✅ Hyperlink OK: https://outlook.live.com/calendar/0/deeplink/compose?allday=false&body=Join+us+weekly+in+the+Genealogy+Room+for+in-person+help+with+your+research.+It%E2%80%99s+a+great+chance+to+get+one-on-one+guidance%2C+ask+questions%2C+and+connect+with+others+who+share+your+passion+for+family+history.&location=2525+Oakley+Seaver+Dr%2C+Clermont%2C+FL%2C+34711%2C+United+States&path=/calendar/action/compose&rru=addevent&startdt=2025-10-29T13%3A00%3A00-04%3A00&enddt=2025-10-29T15%3A00%3A00-04%3A00&subject=Research+Assistance
DEBUG:root:Using regex pattern: \b[a-zA-Z]{3,}\b
DEBUG:root:Found 58 words to check in https://wordpress-810691-5571285.cloudwaysapps.com/events/research-assistance-2025-08-27-2025-09-03-2025-09-10-2025-09-17-2025-09-24-2025-10-01-2025-10-08-2025-10-15-2025-10-22-2025-10-29/ (min_length=3)
DEBUG:root:Sample words from https://wordpress-810691-5571285.cloudwaysapps.com/events/research-assistance-2025-08-27-2025-09-03-2025-09-10-2025-09-17-2025-09-24-2025-10-01-2025-10-08-2025-10-15-2025-10-22-2025-10-29/: ['This', 'alert', 'Skip', 'content', 'Research', 'Assistance', 'When', 'October', 'Add', 'Calendar']
DEBUG:root:Spell check results for https://wordpress-810691-5571285.cloudwaysapps.com/events/research-assistance-2025-08-27-2025-09-03-2025-09-10-2025-09-17-2025-09-24-2025-10-01-2025-10-08-2025-10-15-2025-10-22-2025-10-29/: 30 words checked, 28 skipped, 0 errors found
INFO:root:✅ Processed https://wordpress-810691-5571285.cloudwaysapps.com/events/research-assistance-2025-08-27-2025-09-03-2025-09-10-2025-09-17-2025-09-24-2025-10-01-2025-10-08-2025-10-15-2025-10-22-2025-10-29/: 0 errors found, 85 words checked
DEBUG:root:Attempting to fetch: https://wordpress-810691-5571285.cloudwaysapps.com/libraries/memorial-of-the-descendants-of-the-honorable-john-alden-1867/
Processing pages:  81%|████████  | 308/381 [02:52<01:14,  1.02s/it]DEBUG:urllib3.connectionpool:https://wordpress-810691-5571285.cloudwaysapps.com:443 "GET /wp-content/uploads/2025/08/IMG_2136_1556367129-1024x683.webp HTTP/1.1" 200 57672
DEBUG:root:✅ Image OK: https://wordpress-810691-5571285.cloudwaysapps.com/wp-content/uploads/2025/08/IMG_2136_1556367129-1024x683.webp
DEBUG:root:Checking internal image: https://wordpress-810691-5571285.cloudwaysapps.com/wp-content/uploads/2025/08/IMG_2169_1556584965-1024x683.webp
DEBUG:urllib3.connectionpool:Starting new HTTPS connection (1): wordpress-810691-5571285.cloudwaysapps.com:443
DEBUG:urllib3.connectionpool:https://wordpress-810691-5571285.cloudwaysapps.com:443 "GET /libraries/memorial-of-the-descendants-of-the-honorable-john-alden-1867/ HTTP/1.1" 200 None
DEBUG:root:Successfully fetched https://wordpress-810691-5571285.cloudwaysapps.com/libraries/memorial-of-the-descendants-of-the-honorable-john-alden-1867/ (Content-Length: 36538)
DEBUG:charset_normalizer:Encoding detection: utf_8 is most likely the one.
DEBUG:root:Extracted 125 characters, 23 words from https://wordpress-810691-5571285.cloudwaysapps.com/libraries/memorial-of-the-descendants-of-the-honorable-john-alden-1867/
DEBUG:root:Using regex pattern: \b[a-zA-Z]{3,}\b
DEBUG:root:Found 12 words to check in https://wordpress-810691-5571285.cloudwaysapps.com/libraries/memorial-of-the-descendants-of-the-honorable-john-alden-1867/ (min_length=3)
DEBUG:root:Sample words from https://wordpress-810691-5571285.cloudwaysapps.com/libraries/memorial-of-the-descendants-of-the-honorable-john-alden-1867/: ['This', 'alert', 'Skip', 'content', 'Memorial', 'the', 'Descendants', 'the', 'Honorable', 'John']
DEBUG:root:Spell check results for https://wordpress-810691-5571285.cloudwaysapps.com/libraries/memorial-of-the-descendants-of-the-honorable-john-alden-1867/: 4 words checked, 8 skipped, 0 errors found
INFO:root:✅ Processed https://wordpress-810691-5571285.cloudwaysapps.com/libraries/memorial-of-the-descendants-of-the-honorable-john-alden-1867/: 0 errors found, 23 words checked
DEBUG:root:Attempting to fetch: https://wordpress-810691-5571285.cloudwaysapps.com/events/family-tree-maker-special-interest-group-sig-2025-11-18/
Processing pages:  81%|████████  | 309/381 [02:52<00:55,  1.30it/s]DEBUG:urllib3.connectionpool:https://wordpress-810691-5571285.cloudwaysapps.com:443 "GET /wp-content/uploads/2025/08/April_Saturday_CUG_class_1556585979-300x225.webp HTTP/1.1" 200 16394
DEBUG:root:✅ Image OK: https://wordpress-810691-5571285.cloudwaysapps.com/wp-content/uploads/2025/08/April_Saturday_CUG_class_1556585979-300x225.webp
DEBUG:root:Checking internal image: https://wordpress-810691-5571285.cloudwaysapps.com/wp-content/uploads/2025/08/IMG_2153_1556584877-300x200.webp
DEBUG:urllib3.connectionpool:Starting new HTTPS connection (1): wordpress-810691-5571285.cloudwaysapps.com:443
DEBUG:urllib3.connectionpool:https://kinseekers.org:443 "GET / HTTP/1.1" 200 None
DEBUG:root:✅ Hyperlink OK: https://Kinseekers.org
DEBUG:root:Checking external hyperlink: https://PastfindersSLC.org
DEBUG:urllib3.connectionpool:Starting new HTTPS connection (1): pastfindersslc.org:443
DEBUG:urllib3.connectionpool:https://wordpress-810691-5571285.cloudwaysapps.com:443 "GET /events/family-tree-maker-special-interest-group-sig-2025-11-18/ HTTP/1.1" 200 None
DEBUG:root:Successfully fetched https://wordpress-810691-5571285.cloudwaysapps.com/events/family-tree-maker-special-interest-group-sig-2025-11-18/ (Content-Length: 43025)
DEBUG:charset_normalizer:Encoding detection: utf_8 is most likely the one.
DEBUG:root:Extracted 1062 characters, 183 words from https://wordpress-810691-5571285.cloudwaysapps.com/events/family-tree-maker-special-interest-group-sig-2025-11-18/
DEBUG:root:Checking external hyperlink: https://www.google.com/calendar/event?action=TEMPLATE&text=Family+Tree+Maker+Special+Interest+Group+%28SIG%29&dates=20251118T000000/20251118T000000&details=Join+host+Stan+Wells+as+he+leads+a+step-by-step+walk-through+of+Family+Tree+Maker+%28FTM%29%2C+one+of+the+most+popular+genealogy+software+programs+available+today.&location=&trp=false&sprop=https%3A%2F%2Fwordpress-810691-5571285.cloudwaysapps.com%2Fevents%2Ffamily-tree-maker-special-interest-group-sig-2025-11-18%2F&sprop=name:Pastfinders&ctz=America%2FNew_York
DEBUG:urllib3.connectionpool:Starting new HTTPS connection (1): www.google.com:443
DEBUG:urllib3.connectionpool:https://wordpress-810691-5571285.cloudwaysapps.com:443 "GET /wp-content/uploads/2025/08/IMG_2169_1556584965-1024x683.webp HTTP/1.1" 200 75484
DEBUG:urllib3.connectionpool:https://www.google.com:443 "GET /calendar/event?action=TEMPLATE&text=Family+Tree+Maker+Special+Interest+Group+%28SIG%29&dates=20251118T000000/20251118T000000&details=Join+host+Stan+Wells+as+he+leads+a+step-by-step+walk-through+of+Family+Tree+Maker+%28FTM%29%2C+one+of+the+most+popular+genealogy+software+programs+available+today.&location=&trp=false&sprop=https%3A%2F%2Fwordpress-810691-5571285.cloudwaysapps.com%2Fevents%2Ffamily-tree-maker-special-interest-group-sig-2025-11-18%2F&sprop=name:Pastfinders&ctz=America%2FNew_York HTTP/1.1" 302 0
DEBUG:urllib3.connectionpool:Starting new HTTPS connection (1): calendar.google.com:443
DEBUG:urllib3.connectionpool:https://pastfindersslc.org:443 "GET / HTTP/1.1" 200 None
DEBUG:urllib3.connectionpool:https://wordpress-810691-5571285.cloudwaysapps.com:443 "GET /wp-content/uploads/2025/08/IMG_2153_1556584877-300x200.webp HTTP/1.1" 200 35188
DEBUG:root:✅ Image OK: https://wordpress-810691-5571285.cloudwaysapps.com/wp-content/uploads/2025/08/IMG_2153_1556584877-300x200.webp
DEBUG:root:Checking internal image: https://wordpress-810691-5571285.cloudwaysapps.com/wp-content/uploads/2025/08/2018_10_11_Meredith_Wayne_Price_Gretels_Cross_4_1555557177-182x300.webp
DEBUG:urllib3.connectionpool:Starting new HTTPS connection (1): wordpress-810691-5571285.cloudwaysapps.com:443
DEBUG:root:✅ Hyperlink OK: https://PastfindersSLC.org
DEBUG:root:Checking external hyperlink: https://www.familybookcreator.com/en/menu-order-en
DEBUG:root:✅ Image OK: https://wordpress-810691-5571285.cloudwaysapps.com/wp-content/uploads/2025/08/IMG_2169_1556584965-1024x683.webp
DEBUG:root:Checking internal image: https://wordpress-810691-5571285.cloudwaysapps.com/wp-content/uploads/2025/08/IMG_2126_1556367129-1024x683.webp
DEBUG:urllib3.connectionpool:Starting new HTTPS connection (1): wordpress-810691-5571285.cloudwaysapps.com:443
DEBUG:urllib3.connectionpool:Starting new HTTPS connection (1): www.familybookcreator.com:443
DEBUG:urllib3.connectionpool:https://calendar.google.com:443 "GET /calendar/event?action=TEMPLATE&text=Family+Tree+Maker+Special+Interest+Group+(SIG)&dates=20251118T000000/20251118T000000&details=Join+host+Stan+Wells+as+he+leads+a+step-by-step+walk-through+of+Family+Tree+Maker+(FTM),+one+of+the+most+popular+genealogy+software+programs+available+today.&location&trp=false&sprop=https://wordpress-810691-5571285.cloudwaysapps.com/events/family-tree-maker-special-interest-group-sig-2025-11-18/&sprop=name:Pastfinders&ctz=America/New_York HTTP/1.1" 302 0
DEBUG:urllib3.connectionpool:Starting new HTTPS connection (1): accounts.google.com:443
DEBUG:urllib3.connectionpool:https://accounts.google.com:443 "GET /ServiceLogin?service=cl&passive=1209600&osid=1&continue=https://calendar.google.com/calendar/event?action%3DTEMPLATE%26text%3DFamily%2BTree%2BMaker%2BSpecial%2BInterest%2BGroup%2B(SIG)%26dates%3D20251118T000000/20251118T000000%26details%3DJoin%2Bhost%2BStan%2BWells%2Bas%2Bhe%2Bleads%2Ba%2Bstep-by-step%2Bwalk-through%2Bof%2BFamily%2BTree%2BMaker%2B(FTM),%2Bone%2Bof%2Bthe%2Bmost%2Bpopular%2Bgenealogy%2Bsoftware%2Bprograms%2Bavailable%2Btoday.%26location%26trp%3Dfalse%26sprop%3Dhttps://wordpress-810691-5571285.cloudwaysapps.com/events/family-tree-maker-special-interest-group-sig-2025-11-18/%26sprop%3Dname:Pastfinders%26ctz%3DAmerica/New_York&followup=https://calendar.google.com/calendar/event?action%3DTEMPLATE%26text%3DFamily%2BTree%2BMaker%2BSpecial%2BInterest%2BGroup%2B(SIG)%26dates%3D20251118T000000/20251118T000000%26details%3DJoin%2Bhost%2BStan%2BWells%2Bas%2Bhe%2Bleads%2Ba%2Bstep-by-step%2Bwalk-through%2Bof%2BFamily%2BTree%2BMaker%2B(FTM),%2Bone%2Bof%2Bthe%2Bmost%2Bpopular%2Bgenealogy%2Bsoftware%2Bprograms%2Bavailable%2Btoday.%26location%26trp%3Dfalse%26sprop%3Dhttps://wordpress-810691-5571285.cloudwaysapps.com/events/family-tree-maker-special-interest-group-sig-2025-11-18/%26sprop%3Dname:Pastfinders%26ctz%3DAmerica/New_York&emr=1 HTTP/1.1" 302 0
DEBUG:urllib3.connectionpool:https://wordpress-810691-5571285.cloudwaysapps.com:443 "GET /wp-content/uploads/2025/08/2018_10_11_Meredith_Wayne_Price_Gretels_Cross_4_1555557177-182x300.webp HTTP/1.1" 200 22612
DEBUG:root:✅ Image OK: https://wordpress-810691-5571285.cloudwaysapps.com/wp-content/uploads/2025/08/2018_10_11_Meredith_Wayne_Price_Gretels_Cross_4_1555557177-182x300.webp
DEBUG:root:Checking internal image: https://wordpress-810691-5571285.cloudwaysapps.com/wp-content/uploads/2025/08/20181005_105149_-_Copy_1555558548-300x169.webp
DEBUG:urllib3.connectionpool:Starting new HTTPS connection (1): wordpress-810691-5571285.cloudwaysapps.com:443
DEBUG:urllib3.connectionpool:https://wordpress-810691-5571285.cloudwaysapps.com:443 "GET /wp-content/uploads/2025/08/IMG_2126_1556367129-1024x683.webp HTTP/1.1" 200 38362
DEBUG:root:✅ Image OK: https://wordpress-810691-5571285.cloudwaysapps.com/wp-content/uploads/2025/08/IMG_2126_1556367129-1024x683.webp
DEBUG:urllib3.connectionpool:https://accounts.google.com:443 "GET /InteractiveLogin?continue=https://calendar.google.com/calendar/event?action%3DTEMPLATE%26text%3DFamily%2BTree%2BMaker%2BSpecial%2BInterest%2BGroup%2B(SIG)%26dates%3D20251118T000000/20251118T000000%26details%3DJoin%2Bhost%2BStan%2BWells%2Bas%2Bhe%2Bleads%2Ba%2Bstep-by-step%2Bwalk-through%2Bof%2BFamily%2BTree%2BMaker%2B(FTM),%2Bone%2Bof%2Bthe%2Bmost%2Bpopular%2Bgenealogy%2Bsoftware%2Bprograms%2Bavailable%2Btoday.%26location%26trp%3Dfalse%26sprop%3Dhttps://wordpress-810691-5571285.cloudwaysapps.com/events/family-tree-maker-special-interest-group-sig-2025-11-18/%26sprop%3Dname:Pastfinders%26ctz%3DAmerica/New_York&emr=1&followup=https://calendar.google.com/calendar/event?action%3DTEMPLATE%26text%3DFamily%2BTree%2BMaker%2BSpecial%2BInterest%2BGroup%2B(SIG)%26dates%3D20251118T000000/20251118T000000%26details%3DJoin%2Bhost%2BStan%2BWells%2Bas%2Bhe%2Bleads%2Ba%2Bstep-by-step%2Bwalk-through%2Bof%2BFamily%2BTree%2BMaker%2B(FTM),%2Bone%2Bof%2Bthe%2Bmost%2Bpopular%2Bgenealogy%2Bsoftware%2Bprograms%2Bavailable%2Btoday.%26location%26trp%3Dfalse%26sprop%3Dhttps://wordpress-810691-5571285.cloudwaysapps.com/events/family-tree-maker-special-interest-group-sig-2025-11-18/%26sprop%3Dname:Pastfinders%26ctz%3DAmerica/New_York&osid=1&passive=1209600&service=cl&ifkv=AdBytiPS1dUtrVLG1rSEgNYXA26vvixnLkPkp80FRpYQEtUenuEEa5r8kcB48sfU6qz-pGaKm3XpEQ HTTP/1.1" 302 None
DEBUG:root:Checking internal image: https://wordpress-810691-5571285.cloudwaysapps.com/wp-content/uploads/2025/08/IMG_2124_1556367129-1024x683.webp
DEBUG:urllib3.connectionpool:Starting new HTTPS connection (1): wordpress-810691-5571285.cloudwaysapps.com:443
DEBUG:urllib3.connectionpool:https://accounts.google.com:443 "GET /v3/signin/identifier?continue=https%3A%2F%2Fcalendar.google.com%2Fcalendar%2Fevent%3Faction%3DTEMPLATE%26text%3DFamily%2BTree%2BMaker%2BSpecial%2BInterest%2BGroup%2B%28SIG%29%26dates%3D20251118T000000%2F20251118T000000%26details%3DJoin%2Bhost%2BStan%2BWells%2Bas%2Bhe%2Bleads%2Ba%2Bstep-by-step%2Bwalk-through%2Bof%2BFamily%2BTree%2BMaker%2B%28FTM%29%2C%2Bone%2Bof%2Bthe%2Bmost%2Bpopular%2Bgenealogy%2Bsoftware%2Bprograms%2Bavailable%2Btoday.%26location%26trp%3Dfalse%26sprop%3Dhttps%3A%2F%2Fwordpress-810691-5571285.cloudwaysapps.com%2Fevents%2Ffamily-tree-maker-special-interest-group-sig-2025-11-18%2F%26sprop%3Dname%3APastfinders%26ctz%3DAmerica%2FNew_York&emr=1&followup=https%3A%2F%2Fcalendar.google.com%2Fcalendar%2Fevent%3Faction%3DTEMPLATE%26text%3DFamily%2BTree%2BMaker%2BSpecial%2BInterest%2BGroup%2B%28SIG%29%26dates%3D20251118T000000%2F20251118T000000%26details%3DJoin%2Bhost%2BStan%2BWells%2Bas%2Bhe%2Bleads%2Ba%2Bstep-by-step%2Bwalk-through%2Bof%2BFamily%2BTree%2BMaker%2B%28FTM%29%2C%2Bone%2Bof%2Bthe%2Bmost%2Bpopular%2Bgenealogy%2Bsoftware%2Bprograms%2Bavailable%2Btoday.%26location%26trp%3Dfalse%26sprop%3Dhttps%3A%2F%2Fwordpress-810691-5571285.cloudwaysapps.com%2Fevents%2Ffamily-tree-maker-special-interest-group-sig-2025-11-18%2F%26sprop%3Dname%3APastfinders%26ctz%3DAmerica%2FNew_York&ifkv=AdBytiP---reUMSSV3kZ4dbKKbF6dflL7RCHoC7P7X-lLIZjcJnc_BKJFbpDFguGzrO-hfkGF36bHw&osid=1&passive=1209600&service=cl&flowName=WebLiteSignIn&flowEntry=ServiceLogin&dsh=S-315311660%3A1756758297643397 HTTP/1.1" 200 None
DEBUG:root:✅ Hyperlink OK: https://www.google.com/calendar/event?action=TEMPLATE&text=Family+Tree+Maker+Special+Interest+Group+%28SIG%29&dates=20251118T000000/20251118T000000&details=Join+host+Stan+Wells+as+he+leads+a+step-by-step+walk-through+of+Family+Tree+Maker+%28FTM%29%2C+one+of+the+most+popular+genealogy+software+programs+available+today.&location=&trp=false&sprop=https%3A%2F%2Fwordpress-810691-5571285.cloudwaysapps.com%2Fevents%2Ffamily-tree-maker-special-interest-group-sig-2025-11-18%2F&sprop=name:Pastfinders&ctz=America%2FNew_York
DEBUG:root:Checking external hyperlink: https://outlook.office.com/calendar/0/deeplink/compose?allday=false&body=Join+host+Stan+Wells+as+he+leads+a+step-by-step+walk-through+of+Family+Tree+Maker+%28FTM%29%2C+one+of+the+most+popular+genealogy+software+programs+available+today.&location=&path=/calendar/action/compose&rru=addevent&startdt=2025-11-18T00%3A00%3A00-05%3A00&enddt=2025-11-18T00%3A00%3A00-05%3A00&subject=Family+Tree+Maker+Special+Interest+Group+%28SIG%29
DEBUG:urllib3.connectionpool:Starting new HTTPS connection (1): outlook.office.com:443
DEBUG:urllib3.connectionpool:https://wordpress-810691-5571285.cloudwaysapps.com:443 "GET /wp-content/uploads/2025/08/20181005_105149_-_Copy_1555558548-300x169.webp HTTP/1.1" 200 38000
DEBUG:root:✅ Image OK: https://wordpress-810691-5571285.cloudwaysapps.com/wp-content/uploads/2025/08/20181005_105149_-_Copy_1555558548-300x169.webp
DEBUG:root:Checking internal image: https://wordpress-810691-5571285.cloudwaysapps.com/wp-content/uploads/2025/08/IMG_1034_1555558789-300x200.webp
DEBUG:urllib3.connectionpool:Starting new HTTPS connection (1): wordpress-810691-5571285.cloudwaysapps.com:443
DEBUG:urllib3.connectionpool:https://wordpress-810691-5571285.cloudwaysapps.com:443 "GET /wp-content/uploads/2025/08/IMG_2124_1556367129-1024x683.webp HTTP/1.1" 200 66052
DEBUG:root:✅ Image OK: https://wordpress-810691-5571285.cloudwaysapps.com/wp-content/uploads/2025/08/IMG_2124_1556367129-1024x683.webp
DEBUG:root:Checking internal image: https://wordpress-810691-5571285.cloudwaysapps.com/wp-content/uploads/2025/08/IMG_2158_1556584877-1024x683.webp
DEBUG:urllib3.connectionpool:Starting new HTTPS connection (1): wordpress-810691-5571285.cloudwaysapps.com:443
DEBUG:urllib3.connectionpool:https://outlook.office.com:443 "GET /calendar/0/deeplink/compose?allday=false&body=Join+host+Stan+Wells+as+he+leads+a+step-by-step+walk-through+of+Family+Tree+Maker+%28FTM%29%2C+one+of+the+most+popular+genealogy+software+programs+available+today.&location=&path=/calendar/action/compose&rru=addevent&startdt=2025-11-18T00%3A00%3A00-05%3A00&enddt=2025-11-18T00%3A00%3A00-05%3A00&subject=Family+Tree+Maker+Special+Interest+Group+%28SIG%29 HTTP/1.1" 200 None
DEBUG:root:✅ Hyperlink OK: https://outlook.office.com/calendar/0/deeplink/compose?allday=false&body=Join+host+Stan+Wells+as+he+leads+a+step-by-step+walk-through+of+Family+Tree+Maker+%28FTM%29%2C+one+of+the+most+popular+genealogy+software+programs+available+today.&location=&path=/calendar/action/compose&rru=addevent&startdt=2025-11-18T00%3A00%3A00-05%3A00&enddt=2025-11-18T00%3A00%3A00-05%3A00&subject=Family+Tree+Maker+Special+Interest+Group+%28SIG%29
DEBUG:root:Checking external hyperlink: https://outlook.live.com/calendar/0/deeplink/compose?allday=false&body=Join+host+Stan+Wells+as+he+leads+a+step-by-step+walk-through+of+Family+Tree+Maker+%28FTM%29%2C+one+of+the+most+popular+genealogy+software+programs+available+today.&location=&path=/calendar/action/compose&rru=addevent&startdt=2025-11-18T00%3A00%3A00-05%3A00&enddt=2025-11-18T00%3A00%3A00-05%3A00&subject=Family+Tree+Maker+Special+Interest+Group+%28SIG%29
DEBUG:urllib3.connectionpool:Starting new HTTPS connection (1): outlook.live.com:443
DEBUG:urllib3.connectionpool:https://wordpress-810691-5571285.cloudwaysapps.com:443 "GET /wp-content/uploads/2025/08/IMG_1034_1555558789-300x200.webp HTTP/1.1" 200 30360
DEBUG:root:✅ Image OK: https://wordpress-810691-5571285.cloudwaysapps.com/wp-content/uploads/2025/08/IMG_1034_1555558789-300x200.webp
DEBUG:root:Checking internal image: https://wordpress-810691-5571285.cloudwaysapps.com/wp-content/uploads/2025/08/20171104_100109_1571796076-300x169.webp
DEBUG:urllib3.connectionpool:Starting new HTTPS connection (1): wordpress-810691-5571285.cloudwaysapps.com:443
DEBUG:urllib3.connectionpool:https://outlook.live.com:443 "GET /calendar/0/deeplink/compose?allday=false&body=Join+host+Stan+Wells+as+he+leads+a+step-by-step+walk-through+of+Family+Tree+Maker+%28FTM%29%2C+one+of+the+most+popular+genealogy+software+programs+available+today.&location=&path=/calendar/action/compose&rru=addevent&startdt=2025-11-18T00%3A00%3A00-05%3A00&enddt=2025-11-18T00%3A00%3A00-05%3A00&subject=Family+Tree+Maker+Special+Interest+Group+%28SIG%29 HTTP/1.1" 200 None
DEBUG:root:✅ Hyperlink OK: https://outlook.live.com/calendar/0/deeplink/compose?allday=false&body=Join+host+Stan+Wells+as+he+leads+a+step-by-step+walk-through+of+Family+Tree+Maker+%28FTM%29%2C+one+of+the+most+popular+genealogy+software+programs+available+today.&location=&path=/calendar/action/compose&rru=addevent&startdt=2025-11-18T00%3A00%3A00-05%3A00&enddt=2025-11-18T00%3A00%3A00-05%3A00&subject=Family+Tree+Maker+Special+Interest+Group+%28SIG%29
DEBUG:root:Using regex pattern: \b[a-zA-Z]{3,}\b
DEBUG:root:Found 135 words to check in https://wordpress-810691-5571285.cloudwaysapps.com/events/family-tree-maker-special-interest-group-sig-2025-11-18/ (min_length=3)
DEBUG:root:Sample words from https://wordpress-810691-5571285.cloudwaysapps.com/events/family-tree-maker-special-interest-group-sig-2025-11-18/: ['This', 'alert', 'Skip', 'content', 'Family', 'Tree', 'Maker', 'Special', 'Interest', 'Group']
DEBUG:root:Skipped email/domain fragment: 'com'
DEBUG:root:Spell check results for https://wordpress-810691-5571285.cloudwaysapps.com/events/family-tree-maker-special-interest-group-sig-2025-11-18/: 87 words checked, 48 skipped, 0 errors found
INFO:root:✅ Processed https://wordpress-810691-5571285.cloudwaysapps.com/events/family-tree-maker-special-interest-group-sig-2025-11-18/: 0 errors found, 183 words checked
DEBUG:root:Attempting to fetch: https://wordpress-810691-5571285.cloudwaysapps.com/events/research-assistance-2025-08-27-2025-09-03-2025-09-10-2025-09-17-2025-09-24/
Processing pages:  81%|████████▏ | 310/381 [02:54<01:05,  1.09it/s]DEBUG:urllib3.connectionpool:https://wordpress-810691-5571285.cloudwaysapps.com:443 "GET /wp-content/uploads/2025/08/IMG_2158_1556584877-1024x683.webp HTTP/1.1" 200 49078
DEBUG:urllib3.connectionpool:https://wordpress-810691-5571285.cloudwaysapps.com:443 "GET /events/research-assistance-2025-08-27-2025-09-03-2025-09-10-2025-09-17-2025-09-24/ HTTP/1.1" 200 None
DEBUG:root:✅ Image OK: https://wordpress-810691-5571285.cloudwaysapps.com/wp-content/uploads/2025/08/IMG_2158_1556584877-1024x683.webp
DEBUG:root:Checking internal image: https://wordpress-810691-5571285.cloudwaysapps.com/wp-content/uploads/2025/08/IMG_2171_1556584965-1024x683.webp
DEBUG:root:Successfully fetched https://wordpress-810691-5571285.cloudwaysapps.com/events/research-assistance-2025-08-27-2025-09-03-2025-09-10-2025-09-17-2025-09-24/ (Content-Length: 42581)
DEBUG:charset_normalizer:Encoding detection: utf_8 is most likely the one.
DEBUG:urllib3.connectionpool:Starting new HTTPS connection (1): wordpress-810691-5571285.cloudwaysapps.com:443
DEBUG:urllib3.connectionpool:https://wordpress-810691-5571285.cloudwaysapps.com:443 "GET /wp-content/uploads/2025/08/20171104_100109_1571796076-300x169.webp HTTP/1.1" 200 27434
DEBUG:root:✅ Image OK: https://wordpress-810691-5571285.cloudwaysapps.com/wp-content/uploads/2025/08/20171104_100109_1571796076-300x169.webp
DEBUG:root:Using regex pattern: \b[a-zA-Z]{3,}\b
DEBUG:root:Found 74 words to check in https://wordpress-810691-5571285.cloudwaysapps.com/galleries/ (min_length=3)
DEBUG:root:Sample words from https://wordpress-810691-5571285.cloudwaysapps.com/galleries/: ['This', 'alert', 'Skip', 'content', 'Photo', 'Galleries', 'Newest', 'First', 'Oldest', 'First']
DEBUG:root:Spell check results for https://wordpress-810691-5571285.cloudwaysapps.com/galleries/: 3 words checked, 71 skipped, 0 errors found
INFO:root:✅ Processed https://wordpress-810691-5571285.cloudwaysapps.com/galleries/: 0 errors found, 157 words checked
DEBUG:root:Attempting to fetch: https://wordpress-810691-5571285.cloudwaysapps.com/resources/billion-graves/
Processing pages:  82%|████████▏ | 311/381 [02:54<00:48,  1.44it/s]DEBUG:root:Extracted 493 characters, 85 words from https://wordpress-810691-5571285.cloudwaysapps.com/events/research-assistance-2025-08-27-2025-09-03-2025-09-10-2025-09-17-2025-09-24/
DEBUG:root:Checking external hyperlink: https://www.google.com/calendar/event?action=TEMPLATE&text=Research+Assistance&dates=20250924T130000/20250924T150000&details=Join+us+weekly+in+the+Genealogy+Room+for+in-person+help+with+your+research.+It%E2%80%99s+a+great+chance+to+get+one-on-one+guidance%2C+ask+questions%2C+and+connect+with+others+who+share+your+passion+for+family+history.&location=2525+Oakley+Seaver+Dr%2C+Clermont%2C+FL%2C+34711%2C+United+States&trp=false&sprop=https%3A%2F%2Fwordpress-810691-5571285.cloudwaysapps.com%2Fevents%2Fresearch-assistance-2025-08-27-2025-09-03-2025-09-10-2025-09-17-2025-09-24%2F&sprop=name:Pastfinders&ctz=America%2FNew_York
DEBUG:urllib3.connectionpool:Starting new HTTPS connection (1): www.google.com:443
DEBUG:urllib3.connectionpool:https://wordpress-810691-5571285.cloudwaysapps.com:443 "GET /resources/billion-graves/ HTTP/1.1" 200 None
DEBUG:root:Successfully fetched https://wordpress-810691-5571285.cloudwaysapps.com/resources/billion-graves/ (Content-Length: 38591)
DEBUG:charset_normalizer:Encoding detection: utf_8 is most likely the one.
DEBUG:root:Extracted 569 characters, 93 words from https://wordpress-810691-5571285.cloudwaysapps.com/resources/billion-graves/
DEBUG:root:Using regex pattern: \b[a-zA-Z]{3,}\b
DEBUG:root:Found 74 words to check in https://wordpress-810691-5571285.cloudwaysapps.com/resources/billion-graves/ (min_length=3)
DEBUG:root:Sample words from https://wordpress-810691-5571285.cloudwaysapps.com/resources/billion-graves/: ['This', 'alert', 'Skip', 'content', 'Billion', 'Graves', 'September', 'BillionGraves', 'the', 'world']
DEBUG:root:Spell check results for https://wordpress-810691-5571285.cloudwaysapps.com/resources/billion-graves/: 56 words checked, 18 skipped, 0 errors found
INFO:root:✅ Processed https://wordpress-810691-5571285.cloudwaysapps.com/resources/billion-graves/: 0 errors found, 93 words checked
DEBUG:root:Attempting to fetch: https://wordpress-810691-5571285.cloudwaysapps.com/galleries/2008-pastfinders-news/
Processing pages:  82%|████████▏ | 312/381 [02:54<00:36,  1.91it/s]DEBUG:root:✅ Document OK: https://pastfindersslc.org/upload/newsletters/1998_Summer.pdf
DEBUG:root:Checking external document: https://pastfindersslc.org/upload/newsletters/1998_Spring.pdf
DEBUG:urllib3.connectionpool:Starting new HTTPS connection (1): pastfindersslc.org:443
DEBUG:urllib3.connectionpool:https://www.google.com:443 "GET /calendar/event?action=TEMPLATE&text=Research+Assistance&dates=20250924T130000/20250924T150000&details=Join+us+weekly+in+the+Genealogy+Room+for+in-person+help+with+your+research.+It%E2%80%99s+a+great+chance+to+get+one-on-one+guidance%2C+ask+questions%2C+and+connect+with+others+who+share+your+passion+for+family+history.&location=2525+Oakley+Seaver+Dr%2C+Clermont%2C+FL%2C+34711%2C+United+States&trp=false&sprop=https%3A%2F%2Fwordpress-810691-5571285.cloudwaysapps.com%2Fevents%2Fresearch-assistance-2025-08-27-2025-09-03-2025-09-10-2025-09-17-2025-09-24%2F&sprop=name:Pastfinders&ctz=America%2FNew_York HTTP/1.1" 302 0
DEBUG:urllib3.connectionpool:Starting new HTTPS connection (1): calendar.google.com:443
DEBUG:urllib3.connectionpool:https://wordpress-810691-5571285.cloudwaysapps.com:443 "GET /galleries/2008-pastfinders-news/ HTTP/1.1" 200 None
DEBUG:root:Successfully fetched https://wordpress-810691-5571285.cloudwaysapps.com/galleries/2008-pastfinders-news/ (Content-Length: 68867)
DEBUG:charset_normalizer:Encoding detection: utf_8 is most likely the one.
DEBUG:root:Extracted 345 characters, 71 words from https://wordpress-810691-5571285.cloudwaysapps.com/galleries/2008-pastfinders-news/
DEBUG:urllib3.connectionpool:https://wordpress-810691-5571285.cloudwaysapps.com:443 "GET /wp-content/uploads/2025/08/IMG_2171_1556584965-1024x683.webp HTTP/1.1" 200 81798
DEBUG:urllib3.connectionpool:https://pastfindersslc.org:443 "GET /upload/newsletters/1998_Spring.pdf HTTP/1.1" 200 8255921
DEBUG:root:Checking internal image: https://wordpress-810691-5571285.cloudwaysapps.com/wp-content/uploads/2025/08/2008_06_30_Orlando_Sentinal_1_1554262229-791x1024.webp
DEBUG:urllib3.connectionpool:https://calendar.google.com:443 "GET /calendar/event?action=TEMPLATE&text=Research+Assistance&dates=20250924T130000/20250924T150000&details=Join+us+weekly+in+the+Genealogy+Room+for+in-person+help+with+your+research.+It%E2%80%99s+a+great+chance+to+get+one-on-one+guidance,+ask+questions,+and+connect+with+others+who+share+your+passion+for+family+history.&location=2525+Oakley+Seaver+Dr,+Clermont,+FL,+34711,+United+States&trp=false&sprop=https://wordpress-810691-5571285.cloudwaysapps.com/events/research-assistance-2025-08-27-2025-09-03-2025-09-10-2025-09-17-2025-09-24/&sprop=name:Pastfinders&ctz=America/New_York HTTP/1.1" 302 0
DEBUG:urllib3.connectionpool:Starting new HTTPS connection (1): wordpress-810691-5571285.cloudwaysapps.com:443
DEBUG:urllib3.connectionpool:Starting new HTTPS connection (1): accounts.google.com:443
DEBUG:root:✅ Image OK: https://wordpress-810691-5571285.cloudwaysapps.com/wp-content/uploads/2025/08/IMG_2171_1556584965-1024x683.webp
DEBUG:root:Checking internal image: https://wordpress-810691-5571285.cloudwaysapps.com/wp-content/uploads/2025/08/IMG_2144_1556584877-1024x683.webp
DEBUG:urllib3.connectionpool:Starting new HTTPS connection (1): wordpress-810691-5571285.cloudwaysapps.com:443
DEBUG:urllib3.connectionpool:https://accounts.google.com:443 "GET /ServiceLogin?service=cl&passive=1209600&osid=1&continue=https://calendar.google.com/calendar/event?action%3DTEMPLATE%26text%3DResearch%2BAssistance%26dates%3D20250924T130000/20250924T150000%26details%3DJoin%2Bus%2Bweekly%2Bin%2Bthe%2BGenealogy%2BRoom%2Bfor%2Bin-person%2Bhelp%2Bwith%2Byour%2Bresearch.%2BIt%25E2%2580%2599s%2Ba%2Bgreat%2Bchance%2Bto%2Bget%2Bone-on-one%2Bguidance,%2Bask%2Bquestions,%2Band%2Bconnect%2Bwith%2Bothers%2Bwho%2Bshare%2Byour%2Bpassion%2Bfor%2Bfamily%2Bhistory.%26location%3D2525%2BOakley%2BSeaver%2BDr,%2BClermont,%2BFL,%2B34711,%2BUnited%2BStates%26trp%3Dfalse%26sprop%3Dhttps://wordpress-810691-5571285.cloudwaysapps.com/events/research-assistance-2025-08-27-2025-09-03-2025-09-10-2025-09-17-2025-09-24/%26sprop%3Dname:Pastfinders%26ctz%3DAmerica/New_York&followup=https://calendar.google.com/calendar/event?action%3DTEMPLATE%26text%3DResearch%2BAssistance%26dates%3D20250924T130000/20250924T150000%26details%3DJoin%2Bus%2Bweekly%2Bin%2Bthe%2BGenealogy%2BRoom%2Bfor%2Bin-person%2Bhelp%2Bwith%2Byour%2Bresearch.%2BIt%25E2%2580%2599s%2Ba%2Bgreat%2Bchance%2Bto%2Bget%2Bone-on-one%2Bguidance,%2Bask%2Bquestions,%2Band%2Bconnect%2Bwith%2Bothers%2Bwho%2Bshare%2Byour%2Bpassion%2Bfor%2Bfamily%2Bhistory.%26location%3D2525%2BOakley%2BSeaver%2BDr,%2BClermont,%2BFL,%2B34711,%2BUnited%2BStates%26trp%3Dfalse%26sprop%3Dhttps://wordpress-810691-5571285.cloudwaysapps.com/events/research-assistance-2025-08-27-2025-09-03-2025-09-10-2025-09-17-2025-09-24/%26sprop%3Dname:Pastfinders%26ctz%3DAmerica/New_York&emr=1 HTTP/1.1" 302 0
DEBUG:urllib3.connectionpool:https://accounts.google.com:443 "GET /InteractiveLogin?continue=https://calendar.google.com/calendar/event?action%3DTEMPLATE%26text%3DResearch%2BAssistance%26dates%3D20250924T130000/20250924T150000%26details%3DJoin%2Bus%2Bweekly%2Bin%2Bthe%2BGenealogy%2BRoom%2Bfor%2Bin-person%2Bhelp%2Bwith%2Byour%2Bresearch.%2BIt%25E2%2580%2599s%2Ba%2Bgreat%2Bchance%2Bto%2Bget%2Bone-on-one%2Bguidance,%2Bask%2Bquestions,%2Band%2Bconnect%2Bwith%2Bothers%2Bwho%2Bshare%2Byour%2Bpassion%2Bfor%2Bfamily%2Bhistory.%26location%3D2525%2BOakley%2BSeaver%2BDr,%2BClermont,%2BFL,%2B34711,%2BUnited%2BStates%26trp%3Dfalse%26sprop%3Dhttps://wordpress-810691-5571285.cloudwaysapps.com/events/research-assistance-2025-08-27-2025-09-03-2025-09-10-2025-09-17-2025-09-24/%26sprop%3Dname:Pastfinders%26ctz%3DAmerica/New_York&emr=1&followup=https://calendar.google.com/calendar/event?action%3DTEMPLATE%26text%3DResearch%2BAssistance%26dates%3D20250924T130000/20250924T150000%26details%3DJoin%2Bus%2Bweekly%2Bin%2Bthe%2BGenealogy%2BRoom%2Bfor%2Bin-person%2Bhelp%2Bwith%2Byour%2Bresearch.%2BIt%25E2%2580%2599s%2Ba%2Bgreat%2Bchance%2Bto%2Bget%2Bone-on-one%2Bguidance,%2Bask%2Bquestions,%2Band%2Bconnect%2Bwith%2Bothers%2Bwho%2Bshare%2Byour%2Bpassion%2Bfor%2Bfamily%2Bhistory.%26location%3D2525%2BOakley%2BSeaver%2BDr,%2BClermont,%2BFL,%2B34711,%2BUnited%2BStates%26trp%3Dfalse%26sprop%3Dhttps://wordpress-810691-5571285.cloudwaysapps.com/events/research-assistance-2025-08-27-2025-09-03-2025-09-10-2025-09-17-2025-09-24/%26sprop%3Dname:Pastfinders%26ctz%3DAmerica/New_York&osid=1&passive=1209600&service=cl&ifkv=AdBytiORMGrqPO1ujCTqAB8tS9zFj44ZnfVjhfB4b4WUww8xkKoFl7-yclnqx5NpYOnuyijns46rgA HTTP/1.1" 302 None
DEBUG:urllib3.connectionpool:https://wordpress-810691-5571285.cloudwaysapps.com:443 "GET /wp-content/uploads/2025/08/2008_06_30_Orlando_Sentinal_1_1554262229-791x1024.webp HTTP/1.1" 200 166358
DEBUG:urllib3.connectionpool:https://accounts.google.com:443 "GET /v3/signin/identifier?continue=https%3A%2F%2Fcalendar.google.com%2Fcalendar%2Fevent%3Faction%3DTEMPLATE%26text%3DResearch%2BAssistance%26dates%3D20250924T130000%2F20250924T150000%26details%3DJoin%2Bus%2Bweekly%2Bin%2Bthe%2BGenealogy%2BRoom%2Bfor%2Bin-person%2Bhelp%2Bwith%2Byour%2Bresearch.%2BIt%25E2%2580%2599s%2Ba%2Bgreat%2Bchance%2Bto%2Bget%2Bone-on-one%2Bguidance%2C%2Bask%2Bquestions%2C%2Band%2Bconnect%2Bwith%2Bothers%2Bwho%2Bshare%2Byour%2Bpassion%2Bfor%2Bfamily%2Bhistory.%26location%3D2525%2BOakley%2BSeaver%2BDr%2C%2BClermont%2C%2BFL%2C%2B34711%2C%2BUnited%2BStates%26trp%3Dfalse%26sprop%3Dhttps%3A%2F%2Fwordpress-810691-5571285.cloudwaysapps.com%2Fevents%2Fresearch-assistance-2025-08-27-2025-09-03-2025-09-10-2025-09-17-2025-09-24%2F%26sprop%3Dname%3APastfinders%26ctz%3DAmerica%2FNew_York&emr=1&followup=https%3A%2F%2Fcalendar.google.com%2Fcalendar%2Fevent%3Faction%3DTEMPLATE%26text%3DResearch%2BAssistance%26dates%3D20250924T130000%2F20250924T150000%26details%3DJoin%2Bus%2Bweekly%2Bin%2Bthe%2BGenealogy%2BRoom%2Bfor%2Bin-person%2Bhelp%2Bwith%2Byour%2Bresearch.%2BIt%25E2%2580%2599s%2Ba%2Bgreat%2Bchance%2Bto%2Bget%2Bone-on-one%2Bguidance%2C%2Bask%2Bquestions%2C%2Band%2Bconnect%2Bwith%2Bothers%2Bwho%2Bshare%2Byour%2Bpassion%2Bfor%2Bfamily%2Bhistory.%26location%3D2525%2BOakley%2BSeaver%2BDr%2C%2BClermont%2C%2BFL%2C%2B34711%2C%2BUnited%2BStates%26trp%3Dfalse%26sprop%3Dhttps%3A%2F%2Fwordpress-810691-5571285.cloudwaysapps.com%2Fevents%2Fresearch-assistance-2025-08-27-2025-09-03-2025-09-10-2025-09-17-2025-09-24%2F%26sprop%3Dname%3APastfinders%26ctz%3DAmerica%2FNew_York&ifkv=AdBytiNTsYhned2On0BaqaWQAjWXfeUnWDlCMohndutH8x_eyxuovTIlb04_yqlarUGhow0Y5FL2Kw&osid=1&passive=1209600&service=cl&flowName=WebLiteSignIn&flowEntry=ServiceLogin&dsh=S-1845131059%3A1756758298978986 HTTP/1.1" 200 None
DEBUG:urllib3.connectionpool:https://wordpress-810691-5571285.cloudwaysapps.com:443 "GET /wp-content/uploads/2025/08/IMG_2144_1556584877-1024x683.webp HTTP/1.1" 200 55810
DEBUG:root:✅ Image OK: https://wordpress-810691-5571285.cloudwaysapps.com/wp-content/uploads/2025/08/2008_06_30_Orlando_Sentinal_1_1554262229-791x1024.webp
DEBUG:root:Checking internal image: https://wordpress-810691-5571285.cloudwaysapps.com/wp-content/uploads/2025/08/2008_11_26_1554262229-1024x240.webp
DEBUG:urllib3.connectionpool:Starting new HTTPS connection (1): wordpress-810691-5571285.cloudwaysapps.com:443
DEBUG:root:✅ Hyperlink OK: https://www.google.com/calendar/event?action=TEMPLATE&text=Research+Assistance&dates=20250924T130000/20250924T150000&details=Join+us+weekly+in+the+Genealogy+Room+for+in-person+help+with+your+research.+It%E2%80%99s+a+great+chance+to+get+one-on-one+guidance%2C+ask+questions%2C+and+connect+with+others+who+share+your+passion+for+family+history.&location=2525+Oakley+Seaver+Dr%2C+Clermont%2C+FL%2C+34711%2C+United+States&trp=false&sprop=https%3A%2F%2Fwordpress-810691-5571285.cloudwaysapps.com%2Fevents%2Fresearch-assistance-2025-08-27-2025-09-03-2025-09-10-2025-09-17-2025-09-24%2F&sprop=name:Pastfinders&ctz=America%2FNew_York
DEBUG:root:Checking external hyperlink: https://outlook.office.com/calendar/0/deeplink/compose?allday=false&body=Join+us+weekly+in+the+Genealogy+Room+for+in-person+help+with+your+research.+It%E2%80%99s+a+great+chance+to+get+one-on-one+guidance%2C+ask+questions%2C+and+connect+with+others+who+share+your+passion+for+family+history.&location=2525+Oakley+Seaver+Dr%2C+Clermont%2C+FL%2C+34711%2C+United+States&path=/calendar/action/compose&rru=addevent&startdt=2025-09-24T13%3A00%3A00-04%3A00&enddt=2025-09-24T15%3A00%3A00-04%3A00&subject=Research+Assistance
DEBUG:urllib3.connectionpool:Starting new HTTPS connection (1): outlook.office.com:443
DEBUG:urllib3.connectionpool:https://www.familybookcreator.com:443 "GET /en/menu-order-en HTTP/1.1" 200 None
DEBUG:root:✅ Image OK: https://wordpress-810691-5571285.cloudwaysapps.com/wp-content/uploads/2025/08/IMG_2144_1556584877-1024x683.webp
DEBUG:root:Checking internal image: https://wordpress-810691-5571285.cloudwaysapps.com/wp-content/uploads/2025/08/IMG_2146_1556584877-1024x683.webp
DEBUG:urllib3.connectionpool:Starting new HTTPS connection (1): wordpress-810691-5571285.cloudwaysapps.com:443
DEBUG:root:✅ Hyperlink OK: https://www.familybookcreator.com/en/menu-order-en
DEBUG:root:Checking external hyperlink: https://www.mackiev.com/offers/sig_offer/index.html?coupon=SIG4HMWSXEKUZ&edition=us
DEBUG:urllib3.connectionpool:Starting new HTTPS connection (1): www.mackiev.com:443
DEBUG:urllib3.connectionpool:https://outlook.office.com:443 "GET /calendar/0/deeplink/compose?allday=false&body=Join+us+weekly+in+the+Genealogy+Room+for+in-person+help+with+your+research.+It%E2%80%99s+a+great+chance+to+get+one-on-one+guidance%2C+ask+questions%2C+and+connect+with+others+who+share+your+passion+for+family+history.&location=2525+Oakley+Seaver+Dr%2C+Clermont%2C+FL%2C+34711%2C+United+States&path=/calendar/action/compose&rru=addevent&startdt=2025-09-24T13%3A00%3A00-04%3A00&enddt=2025-09-24T15%3A00%3A00-04%3A00&subject=Research+Assistance HTTP/1.1" 200 None
DEBUG:root:✅ Hyperlink OK: https://outlook.office.com/calendar/0/deeplink/compose?allday=false&body=Join+us+weekly+in+the+Genealogy+Room+for+in-person+help+with+your+research.+It%E2%80%99s+a+great+chance+to+get+one-on-one+guidance%2C+ask+questions%2C+and+connect+with+others+who+share+your+passion+for+family+history.&location=2525+Oakley+Seaver+Dr%2C+Clermont%2C+FL%2C+34711%2C+United+States&path=/calendar/action/compose&rru=addevent&startdt=2025-09-24T13%3A00%3A00-04%3A00&enddt=2025-09-24T15%3A00%3A00-04%3A00&subject=Research+Assistance
DEBUG:root:Checking external hyperlink: https://outlook.live.com/calendar/0/deeplink/compose?allday=false&body=Join+us+weekly+in+the+Genealogy+Room+for+in-person+help+with+your+research.+It%E2%80%99s+a+great+chance+to+get+one-on-one+guidance%2C+ask+questions%2C+and+connect+with+others+who+share+your+passion+for+family+history.&location=2525+Oakley+Seaver+Dr%2C+Clermont%2C+FL%2C+34711%2C+United+States&path=/calendar/action/compose&rru=addevent&startdt=2025-09-24T13%3A00%3A00-04%3A00&enddt=2025-09-24T15%3A00%3A00-04%3A00&subject=Research+Assistance
DEBUG:urllib3.connectionpool:Starting new HTTPS connection (1): outlook.live.com:443
DEBUG:root:✅ Document OK: https://pastfindersslc.org/upload/newsletters/1998_Spring.pdf
DEBUG:root:Checking external document: https://pastfindersslc.org/upload/newsletters/1998_winter.pdf
DEBUG:urllib3.connectionpool:Starting new HTTPS connection (1): pastfindersslc.org:443
DEBUG:urllib3.connectionpool:https://wordpress-810691-5571285.cloudwaysapps.com:443 "GET /wp-content/uploads/2025/08/2008_11_26_1554262229-1024x240.webp HTTP/1.1" 200 51342
DEBUG:root:✅ Image OK: https://wordpress-810691-5571285.cloudwaysapps.com/wp-content/uploads/2025/08/2008_11_26_1554262229-1024x240.webp
DEBUG:root:Checking internal image: https://wordpress-810691-5571285.cloudwaysapps.com/wp-content/uploads/2025/08/2008_1_2_Newsleader_1554262229-869x1024.webp
DEBUG:urllib3.connectionpool:Starting new HTTPS connection (1): wordpress-810691-5571285.cloudwaysapps.com:443
DEBUG:urllib3.connectionpool:https://wordpress-810691-5571285.cloudwaysapps.com:443 "GET /wp-content/uploads/2025/08/IMG_2146_1556584877-1024x683.webp HTTP/1.1" 200 97302
DEBUG:urllib3.connectionpool:https://pastfindersslc.org:443 "GET /upload/newsletters/1998_winter.pdf HTTP/1.1" 200 10210690
DEBUG:root:✅ Image OK: https://wordpress-810691-5571285.cloudwaysapps.com/wp-content/uploads/2025/08/IMG_2146_1556584877-1024x683.webp
DEBUG:root:Checking internal image: https://wordpress-810691-5571285.cloudwaysapps.com/wp-content/uploads/2025/08/IMG_2151_1556584877-1024x683.webp
DEBUG:urllib3.connectionpool:Starting new HTTPS connection (1): wordpress-810691-5571285.cloudwaysapps.com:443
DEBUG:urllib3.connectionpool:https://outlook.live.com:443 "GET /calendar/0/deeplink/compose?allday=false&body=Join+us+weekly+in+the+Genealogy+Room+for+in-person+help+with+your+research.+It%E2%80%99s+a+great+chance+to+get+one-on-one+guidance%2C+ask+questions%2C+and+connect+with+others+who+share+your+passion+for+family+history.&location=2525+Oakley+Seaver+Dr%2C+Clermont%2C+FL%2C+34711%2C+United+States&path=/calendar/action/compose&rru=addevent&startdt=2025-09-24T13%3A00%3A00-04%3A00&enddt=2025-09-24T15%3A00%3A00-04%3A00&subject=Research+Assistance HTTP/1.1" 200 None
DEBUG:root:✅ Hyperlink OK: https://outlook.live.com/calendar/0/deeplink/compose?allday=false&body=Join+us+weekly+in+the+Genealogy+Room+for+in-person+help+with+your+research.+It%E2%80%99s+a+great+chance+to+get+one-on-one+guidance%2C+ask+questions%2C+and+connect+with+others+who+share+your+passion+for+family+history.&location=2525+Oakley+Seaver+Dr%2C+Clermont%2C+FL%2C+34711%2C+United+States&path=/calendar/action/compose&rru=addevent&startdt=2025-09-24T13%3A00%3A00-04%3A00&enddt=2025-09-24T15%3A00%3A00-04%3A00&subject=Research+Assistance
DEBUG:root:Using regex pattern: \b[a-zA-Z]{3,}\b
DEBUG:root:Found 58 words to check in https://wordpress-810691-5571285.cloudwaysapps.com/events/research-assistance-2025-08-27-2025-09-03-2025-09-10-2025-09-17-2025-09-24/ (min_length=3)
DEBUG:root:Sample words from https://wordpress-810691-5571285.cloudwaysapps.com/events/research-assistance-2025-08-27-2025-09-03-2025-09-10-2025-09-17-2025-09-24/: ['This', 'alert', 'Skip', 'content', 'Research', 'Assistance', 'When', 'September', 'Add', 'Calendar']
DEBUG:root:Spell check results for https://wordpress-810691-5571285.cloudwaysapps.com/events/research-assistance-2025-08-27-2025-09-03-2025-09-10-2025-09-17-2025-09-24/: 30 words checked, 28 skipped, 0 errors found
INFO:root:✅ Processed https://wordpress-810691-5571285.cloudwaysapps.com/events/research-assistance-2025-08-27-2025-09-03-2025-09-10-2025-09-17-2025-09-24/: 0 errors found, 85 words checked
DEBUG:root:Attempting to fetch: https://wordpress-810691-5571285.cloudwaysapps.com/events/research-assistance-2025-08-27-2025-09-03-2025-09-10-2025-09-17-2025-09-24-2025-10-01-2025-10-08-2025-10-15-2025-10-22-2025-10-29-2025-11-05-2025-11-12-2025-11-19-2025-11-26-2025-12-03-2-26-2026-09-02/
Processing pages:  82%|████████▏ | 313/381 [02:55<00:45,  1.49it/s]DEBUG:urllib3.connectionpool:https://wordpress-810691-5571285.cloudwaysapps.com:443 "GET /wp-content/uploads/2025/08/2008_1_2_Newsleader_1554262229-869x1024.webp HTTP/1.1" 200 170852
DEBUG:urllib3.connectionpool:https://wordpress-810691-5571285.cloudwaysapps.com:443 "GET /wp-content/uploads/2025/08/IMG_2151_1556584877-1024x683.webp HTTP/1.1" 200 99622
DEBUG:root:✅ Image OK: https://wordpress-810691-5571285.cloudwaysapps.com/wp-content/uploads/2025/08/2008_1_2_Newsleader_1554262229-869x1024.webp
DEBUG:root:Checking internal image: https://wordpress-810691-5571285.cloudwaysapps.com/wp-content/uploads/2025/08/2008_04_04_South_Lake_Press_1554262229.webp
DEBUG:urllib3.connectionpool:Starting new HTTPS connection (1): wordpress-810691-5571285.cloudwaysapps.com:443
DEBUG:root:✅ Image OK: https://wordpress-810691-5571285.cloudwaysapps.com/wp-content/uploads/2025/08/IMG_2151_1556584877-1024x683.webp
DEBUG:root:Checking internal image: https://wordpress-810691-5571285.cloudwaysapps.com/wp-content/uploads/2025/08/IMG_2140_1556584877-1024x683.webp
DEBUG:urllib3.connectionpool:Starting new HTTPS connection (1): wordpress-810691-5571285.cloudwaysapps.com:443
DEBUG:urllib3.connectionpool:https://wordpress-810691-5571285.cloudwaysapps.com:443 "GET /wp-content/uploads/2025/08/2008_04_04_South_Lake_Press_1554262229.webp HTTP/1.1" 200 110992
DEBUG:urllib3.connectionpool:https://wordpress-810691-5571285.cloudwaysapps.com:443 "GET /wp-content/uploads/2025/08/IMG_2140_1556584877-1024x683.webp HTTP/1.1" 200 40196
DEBUG:root:✅ Image OK: https://wordpress-810691-5571285.cloudwaysapps.com/wp-content/uploads/2025/08/IMG_2140_1556584877-1024x683.webp
DEBUG:root:Using regex pattern: \b[a-zA-Z]{3,}\b
DEBUG:root:Found 111 words to check in https://wordpress-810691-5571285.cloudwaysapps.com/galleries/2019-scouts-bsa-merit-badge/ (min_length=3)
DEBUG:root:Sample words from https://wordpress-810691-5571285.cloudwaysapps.com/galleries/2019-scouts-bsa-merit-badge/: ['This', 'alert', 'Skip', 'content', 'Scouts', 'BSA', 'Merit', 'Badge', 'images', 'Click']
DEBUG:root:Spell check results for https://wordpress-810691-5571285.cloudwaysapps.com/galleries/2019-scouts-bsa-merit-badge/: 52 words checked, 59 skipped, 0 errors found
INFO:root:✅ Processed https://wordpress-810691-5571285.cloudwaysapps.com/galleries/2019-scouts-bsa-merit-badge/: 0 errors found, 221 words checked
DEBUG:root:Attempting to fetch: https://wordpress-810691-5571285.cloudwaysapps.com/galleries/2018-pastfinders-news/
Processing pages:  82%|████████▏ | 314/381 [02:55<00:41,  1.63it/s]DEBUG:urllib3.connectionpool:https://www.mackiev.com:443 "GET /offers/sig_offer/index.html?coupon=SIG4HMWSXEKUZ&edition=us HTTP/1.1" 301 None
DEBUG:root:✅ Image OK: https://wordpress-810691-5571285.cloudwaysapps.com/wp-content/uploads/2025/08/2008_04_04_South_Lake_Press_1554262229.webp
DEBUG:root:Checking internal image: https://wordpress-810691-5571285.cloudwaysapps.com/wp-content/uploads/2025/08/2008_03_12_Newsleader_1554262229-1024x389.webp
DEBUG:urllib3.connectionpool:Starting new HTTPS connection (1): wordpress-810691-5571285.cloudwaysapps.com:443
DEBUG:urllib3.connectionpool:https://wordpress-810691-5571285.cloudwaysapps.com:443 "GET /galleries/2018-pastfinders-news/ HTTP/1.1" 200 None
DEBUG:root:Successfully fetched https://wordpress-810691-5571285.cloudwaysapps.com/galleries/2018-pastfinders-news/ (Content-Length: 75199)
DEBUG:charset_normalizer:Encoding detection: utf_8 is most likely the one.
DEBUG:root:Extracted 396 characters, 83 words from https://wordpress-810691-5571285.cloudwaysapps.com/galleries/2018-pastfinders-news/
DEBUG:root:Checking internal image: https://wordpress-810691-5571285.cloudwaysapps.com/wp-content/uploads/2025/08/IMG_0045_4_1571799214-1024x685.webp
DEBUG:urllib3.connectionpool:Starting new HTTPS connection (1): wordpress-810691-5571285.cloudwaysapps.com:443
DEBUG:urllib3.connectionpool:https://www.mackiev.com:443 "GET /includes/browser_support.html HTTP/1.1" 200 None
DEBUG:root:✅ Hyperlink OK: https://www.mackiev.com/offers/sig_offer/index.html?coupon=SIG4HMWSXEKUZ&edition=us
DEBUG:root:Checking internal image: https://wordpress-810691-5571285.cloudwaysapps.com/wp-content/uploads/2024/03/0.png
DEBUG:urllib3.connectionpool:Starting new HTTPS connection (1): wordpress-810691-5571285.cloudwaysapps.com:443
DEBUG:urllib3.connectionpool:https://wordpress-810691-5571285.cloudwaysapps.com:443 "GET /wp-content/uploads/2025/08/2008_03_12_Newsleader_1554262229-1024x389.webp HTTP/1.1" 200 82524
DEBUG:root:✅ Image OK: https://wordpress-810691-5571285.cloudwaysapps.com/wp-content/uploads/2025/08/2008_03_12_Newsleader_1554262229-1024x389.webp
DEBUG:root:Checking internal image: https://wordpress-810691-5571285.cloudwaysapps.com/wp-content/uploads/2025/08/IMG_0016_1554262229-791x1024.webp
DEBUG:urllib3.connectionpool:Starting new HTTPS connection (1): wordpress-810691-5571285.cloudwaysapps.com:443
DEBUG:urllib3.connectionpool:https://wordpress-810691-5571285.cloudwaysapps.com:443 "GET /wp-content/uploads/2025/08/IMG_0045_4_1571799214-1024x685.webp HTTP/1.1" 200 150128
DEBUG:urllib3.connectionpool:https://wordpress-810691-5571285.cloudwaysapps.com:443 "GET /events/research-assistance-2025-08-27-2025-09-03-2025-09-10-2025-09-17-2025-09-24-2025-10-01-2025-10-08-2025-10-15-2025-10-22-2025-10-29-2025-11-05-2025-11-12-2025-11-19-2025-11-26-2025-12-03-2-26-2026-09-02/ HTTP/1.1" 200 None
DEBUG:urllib3.connectionpool:https://wordpress-810691-5571285.cloudwaysapps.com:443 "GET /wp-content/uploads/2024/03/0.png HTTP/1.1" 200 638020
DEBUG:root:Successfully fetched https://wordpress-810691-5571285.cloudwaysapps.com/events/research-assistance-2025-08-27-2025-09-03-2025-09-10-2025-09-17-2025-09-24-2025-10-01-2025-10-08-2025-10-15-2025-10-22-2025-10-29-2025-11-05-2025-11-12-2025-11-19-2025-11-26-2025-12-03-2-26-2026-09-02/ (Content-Length: 44179)
DEBUG:charset_normalizer:Encoding detection: utf_8 is most likely the one.
DEBUG:root:Extracted 492 characters, 85 words from https://wordpress-810691-5571285.cloudwaysapps.com/events/research-assistance-2025-08-27-2025-09-03-2025-09-10-2025-09-17-2025-09-24-2025-10-01-2025-10-08-2025-10-15-2025-10-22-2025-10-29-2025-11-05-2025-11-12-2025-11-19-2025-11-26-2025-12-03-2-26-2026-09-02/
DEBUG:root:Checking external hyperlink: https://www.google.com/calendar/event?action=TEMPLATE&text=Research+Assistance&dates=20260902T130000/20260902T150000&details=Join+us+weekly+in+the+Genealogy+Room+for+in-person+help+with+your+research.+It%E2%80%99s+a+great+chance+to+get+one-on-one+guidance%2C+ask+questions%2C+and+connect+with+others+who+share+your+passion+for+family+history.&location=2525+Oakley+Seaver+Dr%2C+Clermont%2C+FL%2C+34711%2C+United+States&trp=false&sprop=https%3A%2F%2Fwordpress-810691-5571285.cloudwaysapps.com%2Fevents%2Fresearch-assistance-2025-08-27-2025-09-03-2025-09-10-2025-09-17-2025-09-24-2025-10-01-2025-10-08-2025-10-15-2025-10-22-2025-10-29-2025-11-05-2025-11-12-2025-11-19-2025-11-26-2025-12-03-2-26-2026-09-02%2F&sprop=name:Pastfinders&ctz=America%2FNew_York
DEBUG:urllib3.connectionpool:Starting new HTTPS connection (1): www.google.com:443
DEBUG:root:✅ Image OK: https://wordpress-810691-5571285.cloudwaysapps.com/wp-content/uploads/2025/08/IMG_0045_4_1571799214-1024x685.webp
DEBUG:root:Checking internal image: https://wordpress-810691-5571285.cloudwaysapps.com/wp-content/uploads/2025/08/IMG_0044_3_1571799214-1024x755.webp
DEBUG:urllib3.connectionpool:Starting new HTTPS connection (1): wordpress-810691-5571285.cloudwaysapps.com:443
DEBUG:urllib3.connectionpool:https://wordpress-810691-5571285.cloudwaysapps.com:443 "GET /wp-content/uploads/2025/08/IMG_0016_1554262229-791x1024.webp HTTP/1.1" 200 52132
DEBUG:urllib3.connectionpool:https://www.google.com:443 "GET /calendar/event?action=TEMPLATE&text=Research+Assistance&dates=20260902T130000/20260902T150000&details=Join+us+weekly+in+the+Genealogy+Room+for+in-person+help+with+your+research.+It%E2%80%99s+a+great+chance+to+get+one-on-one+guidance%2C+ask+questions%2C+and+connect+with+others+who+share+your+passion+for+family+history.&location=2525+Oakley+Seaver+Dr%2C+Clermont%2C+FL%2C+34711%2C+United+States&trp=false&sprop=https%3A%2F%2Fwordpress-810691-5571285.cloudwaysapps.com%2Fevents%2Fresearch-assistance-2025-08-27-2025-09-03-2025-09-10-2025-09-17-2025-09-24-2025-10-01-2025-10-08-2025-10-15-2025-10-22-2025-10-29-2025-11-05-2025-11-12-2025-11-19-2025-11-26-2025-12-03-2-26-2026-09-02%2F&sprop=name:Pastfinders&ctz=America%2FNew_York HTTP/1.1" 302 0
DEBUG:urllib3.connectionpool:Starting new HTTPS connection (1): calendar.google.com:443
DEBUG:root:✅ Image OK: https://wordpress-810691-5571285.cloudwaysapps.com/wp-content/uploads/2025/08/IMG_0016_1554262229-791x1024.webp
DEBUG:root:Checking internal image: https://wordpress-810691-5571285.cloudwaysapps.com/wp-content/uploads/2025/08/2008_05_14_1554262229-627x1024.webp
DEBUG:urllib3.connectionpool:Starting new HTTPS connection (1): wordpress-810691-5571285.cloudwaysapps.com:443
DEBUG:root:✅ Image OK: https://wordpress-810691-5571285.cloudwaysapps.com/wp-content/uploads/2024/03/0.png
DEBUG:root:Using regex pattern: \b[a-zA-Z]{3,}\b
DEBUG:root:Found 333 words to check in https://wordpress-810691-5571285.cloudwaysapps.com/members-only/members-bonus-study-group/ (min_length=3)
DEBUG:root:Sample words from https://wordpress-810691-5571285.cloudwaysapps.com/members-only/members-bonus-study-group/: ['This', 'alert', 'Skip', 'content', 'Members', 'Bonus', 'Study', 'Group', 'Since', 'Covid']
DEBUG:root:Skipped email/domain fragment: 'https'
DEBUG:root:Skipped email/domain fragment: 'org'
DEBUG:root:Skipped email/domain fragment: 'https'
DEBUG:root:Skipped email/domain fragment: 'org'
DEBUG:root:Skipped email/domain fragment: 'https'
DEBUG:root:Skipped email/domain fragment: 'rebeccashamblin'
DEBUG:root:Skipped email/domain fragment: 'com'
DEBUG:root:Skipped email/domain fragment: 'product'
DEBUG:root:Spell check results for https://wordpress-810691-5571285.cloudwaysapps.com/members-only/members-bonus-study-group/: 189 words checked, 144 skipped, 0 errors found
INFO:root:✅ Processed https://wordpress-810691-5571285.cloudwaysapps.com/members-only/members-bonus-study-group/: 0 errors found, 423 words checked
DEBUG:root:Attempting to fetch: https://wordpress-810691-5571285.cloudwaysapps.com/galleries/2009-pastfinders-news/
Processing pages:  83%|████████▎ | 315/381 [02:56<00:42,  1.55it/s]DEBUG:root:✅ Document OK: https://pastfindersslc.org/upload/newsletters/1998_winter.pdf
DEBUG:root:Using regex pattern: \b[a-zA-Z]{3,}\b
DEBUG:root:Found 279 words to check in https://wordpress-810691-5571285.cloudwaysapps.com/members-only/pastfinders-quarterly-newsletter/ (min_length=3)
DEBUG:root:Sample words from https://wordpress-810691-5571285.cloudwaysapps.com/members-only/pastfinders-quarterly-newsletter/: ['This', 'alert', 'Skip', 'content', 'Pastfinders', 'Quarterly', 'Newsletter', 'What', 'Inside', 'theSummer']
DEBUG:urllib3.connectionpool:https://wordpress-810691-5571285.cloudwaysapps.com:443 "GET /galleries/2009-pastfinders-news/ HTTP/1.1" 200 None
DEBUG:urllib3.connectionpool:https://wordpress-810691-5571285.cloudwaysapps.com:443 "GET /wp-content/uploads/2025/08/IMG_0044_3_1571799214-1024x755.webp HTTP/1.1" 200 180824
DEBUG:urllib3.connectionpool:https://calendar.google.com:443 "GET /calendar/event?action=TEMPLATE&text=Research+Assistance&dates=20260902T130000/20260902T150000&details=Join+us+weekly+in+the+Genealogy+Room+for+in-person+help+with+your+research.+It%E2%80%99s+a+great+chance+to+get+one-on-one+guidance,+ask+questions,+and+connect+with+others+who+share+your+passion+for+family+history.&location=2525+Oakley+Seaver+Dr,+Clermont,+FL,+34711,+United+States&trp=false&sprop=https://wordpress-810691-5571285.cloudwaysapps.com/events/research-assistance-2025-08-27-2025-09-03-2025-09-10-2025-09-17-2025-09-24-2025-10-01-2025-10-08-2025-10-15-2025-10-22-2025-10-29-2025-11-05-2025-11-12-2025-11-19-2025-11-26-2025-12-03-2-26-2026-09-02/&sprop=name:Pastfinders&ctz=America/New_York HTTP/1.1" 302 0
DEBUG:root:Successfully fetched https://wordpress-810691-5571285.cloudwaysapps.com/galleries/2009-pastfinders-news/ (Content-Length: 77326)
DEBUG:charset_normalizer:Encoding detection: utf_8 is most likely the one.
DEBUG:root:✅ Image OK: https://wordpress-810691-5571285.cloudwaysapps.com/wp-content/uploads/2025/08/IMG_0044_3_1571799214-1024x755.webp
DEBUG:root:Checking internal image: https://wordpress-810691-5571285.cloudwaysapps.com/wp-content/uploads/2025/08/IMG_0046_1571799214-1024x682.webp
DEBUG:urllib3.connectionpool:https://wordpress-810691-5571285.cloudwaysapps.com:443 "GET /wp-content/uploads/2025/08/2008_05_14_1554262229-627x1024.webp HTTP/1.1" 200 122084
DEBUG:urllib3.connectionpool:Starting new HTTPS connection (1): wordpress-810691-5571285.cloudwaysapps.com:443
DEBUG:urllib3.connectionpool:Starting new HTTPS connection (1): accounts.google.com:443
DEBUG:root:✅ Image OK: https://wordpress-810691-5571285.cloudwaysapps.com/wp-content/uploads/2025/08/2008_05_14_1554262229-627x1024.webp
DEBUG:root:Checking internal image: https://wordpress-810691-5571285.cloudwaysapps.com/wp-content/uploads/2025/08/2008_04_03_Newsleader_1554262229-1024x233.webp
DEBUG:urllib3.connectionpool:Starting new HTTPS connection (1): wordpress-810691-5571285.cloudwaysapps.com:443
DEBUG:urllib3.connectionpool:https://accounts.google.com:443 "GET /ServiceLogin?service=cl&passive=1209600&osid=1&continue=https://calendar.google.com/calendar/event?action%3DTEMPLATE%26text%3DResearch%2BAssistance%26dates%3D20260902T130000/20260902T150000%26details%3DJoin%2Bus%2Bweekly%2Bin%2Bthe%2BGenealogy%2BRoom%2Bfor%2Bin-person%2Bhelp%2Bwith%2Byour%2Bresearch.%2BIt%25E2%2580%2599s%2Ba%2Bgreat%2Bchance%2Bto%2Bget%2Bone-on-one%2Bguidance,%2Bask%2Bquestions,%2Band%2Bconnect%2Bwith%2Bothers%2Bwho%2Bshare%2Byour%2Bpassion%2Bfor%2Bfamily%2Bhistory.%26location%3D2525%2BOakley%2BSeaver%2BDr,%2BClermont,%2BFL,%2B34711,%2BUnited%2BStates%26trp%3Dfalse%26sprop%3Dhttps://wordpress-810691-5571285.cloudwaysapps.com/events/research-assistance-2025-08-27-2025-09-03-2025-09-10-2025-09-17-2025-09-24-2025-10-01-2025-10-08-2025-10-15-2025-10-22-2025-10-29-2025-11-05-2025-11-12-2025-11-19-2025-11-26-2025-12-03-2-26-2026-09-02/%26sprop%3Dname:Pastfinders%26ctz%3DAmerica/New_York&followup=https://calendar.google.com/calendar/event?action%3DTEMPLATE%26text%3DResearch%2BAssistance%26dates%3D20260902T130000/20260902T150000%26details%3DJoin%2Bus%2Bweekly%2Bin%2Bthe%2BGenealogy%2BRoom%2Bfor%2Bin-person%2Bhelp%2Bwith%2Byour%2Bresearch.%2BIt%25E2%2580%2599s%2Ba%2Bgreat%2Bchance%2Bto%2Bget%2Bone-on-one%2Bguidance,%2Bask%2Bquestions,%2Band%2Bconnect%2Bwith%2Bothers%2Bwho%2Bshare%2Byour%2Bpassion%2Bfor%2Bfamily%2Bhistory.%26location%3D2525%2BOakley%2BSeaver%2BDr,%2BClermont,%2BFL,%2B34711,%2BUnited%2BStates%26trp%3Dfalse%26sprop%3Dhttps://wordpress-810691-5571285.cloudwaysapps.com/events/research-assistance-2025-08-27-2025-09-03-2025-09-10-2025-09-17-2025-09-24-2025-10-01-2025-10-08-2025-10-15-2025-10-22-2025-10-29-2025-11-05-2025-11-12-2025-11-19-2025-11-26-2025-12-03-2-26-2026-09-02/%26sprop%3Dname:Pastfinders%26ctz%3DAmerica/New_York&emr=1 HTTP/1.1" 302 0
DEBUG:root:Misspelled word found: 'thesummer' in https://wordpress-810691-5571285.cloudwaysapps.com/members-only/pastfinders-quarterly-newsletter/
DEBUG:root:Spell check results for https://wordpress-810691-5571285.cloudwaysapps.com/members-only/pastfinders-quarterly-newsletter/: 150 words checked, 129 skipped, 1 errors found
INFO:root:✅ Processed https://wordpress-810691-5571285.cloudwaysapps.com/members-only/pastfinders-quarterly-newsletter/: 1 errors found, 413 words checked
DEBUG:root:Attempting to fetch: https://wordpress-810691-5571285.cloudwaysapps.com/events/family-tree-maker-special-interest-group-sig-2026-02-17/
DEBUG:urllib3.connectionpool:https://wordpress-810691-5571285.cloudwaysapps.com:443 "GET /wp-content/uploads/2025/08/IMG_0046_1571799214-1024x682.webp HTTP/1.1" 200 161116
Processing pages:  83%|████████▎ | 316/381 [02:57<00:40,  1.62it/s]DEBUG:root:Extracted 413 characters, 87 words from https://wordpress-810691-5571285.cloudwaysapps.com/galleries/2009-pastfinders-news/
DEBUG:root:Checking internal image: https://wordpress-810691-5571285.cloudwaysapps.com/wp-content/uploads/2025/08/2009_19_1566262285-1024x516.webp
DEBUG:urllib3.connectionpool:Starting new HTTPS connection (1): wordpress-810691-5571285.cloudwaysapps.com:443
DEBUG:urllib3.connectionpool:https://accounts.google.com:443 "GET /InteractiveLogin?continue=https://calendar.google.com/calendar/event?action%3DTEMPLATE%26text%3DResearch%2BAssistance%26dates%3D20260902T130000/20260902T150000%26details%3DJoin%2Bus%2Bweekly%2Bin%2Bthe%2BGenealogy%2BRoom%2Bfor%2Bin-person%2Bhelp%2Bwith%2Byour%2Bresearch.%2BIt%25E2%2580%2599s%2Ba%2Bgreat%2Bchance%2Bto%2Bget%2Bone-on-one%2Bguidance,%2Bask%2Bquestions,%2Band%2Bconnect%2Bwith%2Bothers%2Bwho%2Bshare%2Byour%2Bpassion%2Bfor%2Bfamily%2Bhistory.%26location%3D2525%2BOakley%2BSeaver%2BDr,%2BClermont,%2BFL,%2B34711,%2BUnited%2BStates%26trp%3Dfalse%26sprop%3Dhttps://wordpress-810691-5571285.cloudwaysapps.com/events/research-assistance-2025-08-27-2025-09-03-2025-09-10-2025-09-17-2025-09-24-2025-10-01-2025-10-08-2025-10-15-2025-10-22-2025-10-29-2025-11-05-2025-11-12-2025-11-19-2025-11-26-2025-12-03-2-26-2026-09-02/%26sprop%3Dname:Pastfinders%26ctz%3DAmerica/New_York&emr=1&followup=https://calendar.google.com/calendar/event?action%3DTEMPLATE%26text%3DResearch%2BAssistance%26dates%3D20260902T130000/20260902T150000%26details%3DJoin%2Bus%2Bweekly%2Bin%2Bthe%2BGenealogy%2BRoom%2Bfor%2Bin-person%2Bhelp%2Bwith%2Byour%2Bresearch.%2BIt%25E2%2580%2599s%2Ba%2Bgreat%2Bchance%2Bto%2Bget%2Bone-on-one%2Bguidance,%2Bask%2Bquestions,%2Band%2Bconnect%2Bwith%2Bothers%2Bwho%2Bshare%2Byour%2Bpassion%2Bfor%2Bfamily%2Bhistory.%26location%3D2525%2BOakley%2BSeaver%2BDr,%2BClermont,%2BFL,%2B34711,%2BUnited%2BStates%26trp%3Dfalse%26sprop%3Dhttps://wordpress-810691-5571285.cloudwaysapps.com/events/research-assistance-2025-08-27-2025-09-03-2025-09-10-2025-09-17-2025-09-24-2025-10-01-2025-10-08-2025-10-15-2025-10-22-2025-10-29-2025-11-05-2025-11-12-2025-11-19-2025-11-26-2025-12-03-2-26-2026-09-02/%26sprop%3Dname:Pastfinders%26ctz%3DAmerica/New_York&osid=1&passive=1209600&service=cl&ifkv=AdBytiMfyDBP4HKp8foQP3qirB9qUY9bD5f10uQxfNzPdw3XIbmr8Lqp0DIKLNqxv4qYF879aBYNIQ HTTP/1.1" 302 None
DEBUG:root:✅ Image OK: https://wordpress-810691-5571285.cloudwaysapps.com/wp-content/uploads/2025/08/IMG_0046_1571799214-1024x682.webp
DEBUG:root:Checking internal image: https://wordpress-810691-5571285.cloudwaysapps.com/wp-content/uploads/2025/08/IMG_0047_9_1571799214-1024x543.webp
DEBUG:urllib3.connectionpool:Starting new HTTPS connection (1): wordpress-810691-5571285.cloudwaysapps.com:443
DEBUG:urllib3.connectionpool:https://wordpress-810691-5571285.cloudwaysapps.com:443 "GET /events/family-tree-maker-special-interest-group-sig-2026-02-17/ HTTP/1.1" 200 None
DEBUG:root:Successfully fetched https://wordpress-810691-5571285.cloudwaysapps.com/events/family-tree-maker-special-interest-group-sig-2026-02-17/ (Content-Length: 43025)
DEBUG:charset_normalizer:Encoding detection: utf_8 is most likely the one.
DEBUG:root:Extracted 1062 characters, 183 words from https://wordpress-810691-5571285.cloudwaysapps.com/events/family-tree-maker-special-interest-group-sig-2026-02-17/
DEBUG:root:Checking external hyperlink: https://www.google.com/calendar/event?action=TEMPLATE&text=Family+Tree+Maker+Special+Interest+Group+%28SIG%29&dates=20260217T000000/20260217T000000&details=Join+host+Stan+Wells+as+he+leads+a+step-by-step+walk-through+of+Family+Tree+Maker+%28FTM%29%2C+one+of+the+most+popular+genealogy+software+programs+available+today.&location=&trp=false&sprop=https%3A%2F%2Fwordpress-810691-5571285.cloudwaysapps.com%2Fevents%2Ffamily-tree-maker-special-interest-group-sig-2026-02-17%2F&sprop=name:Pastfinders&ctz=America%2FNew_York
DEBUG:urllib3.connectionpool:https://accounts.google.com:443 "GET /v3/signin/identifier?continue=https%3A%2F%2Fcalendar.google.com%2Fcalendar%2Fevent%3Faction%3DTEMPLATE%26text%3DResearch%2BAssistance%26dates%3D20260902T130000%2F20260902T150000%26details%3DJoin%2Bus%2Bweekly%2Bin%2Bthe%2BGenealogy%2BRoom%2Bfor%2Bin-person%2Bhelp%2Bwith%2Byour%2Bresearch.%2BIt%25E2%2580%2599s%2Ba%2Bgreat%2Bchance%2Bto%2Bget%2Bone-on-one%2Bguidance%2C%2Bask%2Bquestions%2C%2Band%2Bconnect%2Bwith%2Bothers%2Bwho%2Bshare%2Byour%2Bpassion%2Bfor%2Bfamily%2Bhistory.%26location%3D2525%2BOakley%2BSeaver%2BDr%2C%2BClermont%2C%2BFL%2C%2B34711%2C%2BUnited%2BStates%26trp%3Dfalse%26sprop%3Dhttps%3A%2F%2Fwordpress-810691-5571285.cloudwaysapps.com%2Fevents%2Fresearch-assistance-2025-08-27-2025-09-03-2025-09-10-2025-09-17-2025-09-24-2025-10-01-2025-10-08-2025-10-15-2025-10-22-2025-10-29-2025-11-05-2025-11-12-2025-11-19-2025-11-26-2025-12-03-2-26-2026-09-02%2F%26sprop%3Dname%3APastfinders%26ctz%3DAmerica%2FNew_York&emr=1&followup=https%3A%2F%2Fcalendar.google.com%2Fcalendar%2Fevent%3Faction%3DTEMPLATE%26text%3DResearch%2BAssistance%26dates%3D20260902T130000%2F20260902T150000%26details%3DJoin%2Bus%2Bweekly%2Bin%2Bthe%2BGenealogy%2BRoom%2Bfor%2Bin-person%2Bhelp%2Bwith%2Byour%2Bresearch.%2BIt%25E2%2580%2599s%2Ba%2Bgreat%2Bchance%2Bto%2Bget%2Bone-on-one%2Bguidance%2C%2Bask%2Bquestions%2C%2Band%2Bconnect%2Bwith%2Bothers%2Bwho%2Bshare%2Byour%2Bpassion%2Bfor%2Bfamily%2Bhistory.%26location%3D2525%2BOakley%2BSeaver%2BDr%2C%2BClermont%2C%2BFL%2C%2B34711%2C%2BUnited%2BStates%26trp%3Dfalse%26sprop%3Dhttps%3A%2F%2Fwordpress-810691-5571285.cloudwaysapps.com%2Fevents%2Fresearch-assistance-2025-08-27-2025-09-03-2025-09-10-2025-09-17-2025-09-24-2025-10-01-2025-10-08-2025-10-15-2025-10-22-2025-10-29-2025-11-05-2025-11-12-2025-11-19-2025-11-26-2025-12-03-2-26-2026-09-02%2F%26sprop%3Dname%3APastfinders%26ctz%3DAmerica%2FNew_York&ifkv=AdBytiPE3pkJz_7OHXmfdxfgKoeenpYJKSP6fkh7kJN2cGVVHvjhWuA5BwYsUsOJz4eFIWCAYirfDA&osid=1&passive=1209600&service=cl&flowName=WebLiteSignIn&flowEntry=ServiceLogin&dsh=S674885685%3A1756758301452601 HTTP/1.1" 200 None
DEBUG:urllib3.connectionpool:Starting new HTTPS connection (1): www.google.com:443
DEBUG:urllib3.connectionpool:https://wordpress-810691-5571285.cloudwaysapps.com:443 "GET /wp-content/uploads/2025/08/2008_04_03_Newsleader_1554262229-1024x233.webp HTTP/1.1" 200 61476
DEBUG:root:✅ Hyperlink OK: https://www.google.com/calendar/event?action=TEMPLATE&text=Research+Assistance&dates=20260902T130000/20260902T150000&details=Join+us+weekly+in+the+Genealogy+Room+for+in-person+help+with+your+research.+It%E2%80%99s+a+great+chance+to+get+one-on-one+guidance%2C+ask+questions%2C+and+connect+with+others+who+share+your+passion+for+family+history.&location=2525+Oakley+Seaver+Dr%2C+Clermont%2C+FL%2C+34711%2C+United+States&trp=false&sprop=https%3A%2F%2Fwordpress-810691-5571285.cloudwaysapps.com%2Fevents%2Fresearch-assistance-2025-08-27-2025-09-03-2025-09-10-2025-09-17-2025-09-24-2025-10-01-2025-10-08-2025-10-15-2025-10-22-2025-10-29-2025-11-05-2025-11-12-2025-11-19-2025-11-26-2025-12-03-2-26-2026-09-02%2F&sprop=name:Pastfinders&ctz=America%2FNew_York
DEBUG:root:Checking external hyperlink: https://outlook.office.com/calendar/0/deeplink/compose?allday=false&body=Join+us+weekly+in+the+Genealogy+Room+for+in-person+help+with+your+research.+It%E2%80%99s+a+great+chance+to+get+one-on-one+guidance%2C+ask+questions%2C+and+connect+with+others+who+share+your+passion+for+family+history.&location=2525+Oakley+Seaver+Dr%2C+Clermont%2C+FL%2C+34711%2C+United+States&path=/calendar/action/compose&rru=addevent&startdt=2026-09-02T13%3A00%3A00-04%3A00&enddt=2026-09-02T15%3A00%3A00-04%3A00&subject=Research+Assistance
DEBUG:urllib3.connectionpool:Starting new HTTPS connection (1): outlook.office.com:443
DEBUG:root:✅ Image OK: https://wordpress-810691-5571285.cloudwaysapps.com/wp-content/uploads/2025/08/2008_04_03_Newsleader_1554262229-1024x233.webp
DEBUG:root:Checking internal image: https://wordpress-810691-5571285.cloudwaysapps.com/wp-content/uploads/2025/08/2008_07_09_Newsleader_1554262229-599x1024.webp
DEBUG:urllib3.connectionpool:Starting new HTTPS connection (1): wordpress-810691-5571285.cloudwaysapps.com:443
DEBUG:urllib3.connectionpool:https://www.google.com:443 "GET /calendar/event?action=TEMPLATE&text=Family+Tree+Maker+Special+Interest+Group+%28SIG%29&dates=20260217T000000/20260217T000000&details=Join+host+Stan+Wells+as+he+leads+a+step-by-step+walk-through+of+Family+Tree+Maker+%28FTM%29%2C+one+of+the+most+popular+genealogy+software+programs+available+today.&location=&trp=false&sprop=https%3A%2F%2Fwordpress-810691-5571285.cloudwaysapps.com%2Fevents%2Ffamily-tree-maker-special-interest-group-sig-2026-02-17%2F&sprop=name:Pastfinders&ctz=America%2FNew_York HTTP/1.1" 302 0
DEBUG:urllib3.connectionpool:Starting new HTTPS connection (1): calendar.google.com:443
DEBUG:urllib3.connectionpool:https://wordpress-810691-5571285.cloudwaysapps.com:443 "GET /wp-content/uploads/2025/08/2009_19_1566262285-1024x516.webp HTTP/1.1" 200 103718
DEBUG:urllib3.connectionpool:https://wordpress-810691-5571285.cloudwaysapps.com:443 "GET /wp-content/uploads/2025/08/IMG_0047_9_1571799214-1024x543.webp HTTP/1.1" 200 119614
DEBUG:urllib3.connectionpool:https://calendar.google.com:443 "GET /calendar/event?action=TEMPLATE&text=Family+Tree+Maker+Special+Interest+Group+(SIG)&dates=20260217T000000/20260217T000000&details=Join+host+Stan+Wells+as+he+leads+a+step-by-step+walk-through+of+Family+Tree+Maker+(FTM),+one+of+the+most+popular+genealogy+software+programs+available+today.&location&trp=false&sprop=https://wordpress-810691-5571285.cloudwaysapps.com/events/family-tree-maker-special-interest-group-sig-2026-02-17/&sprop=name:Pastfinders&ctz=America/New_York HTTP/1.1" 302 0
DEBUG:root:✅ Image OK: https://wordpress-810691-5571285.cloudwaysapps.com/wp-content/uploads/2025/08/2009_19_1566262285-1024x516.webp
DEBUG:root:Checking internal image: https://wordpress-810691-5571285.cloudwaysapps.com/wp-content/uploads/2025/08/2009_4_1566262285-1024x464.webp
DEBUG:urllib3.connectionpool:Starting new HTTPS connection (1): wordpress-810691-5571285.cloudwaysapps.com:443
DEBUG:urllib3.connectionpool:Starting new HTTPS connection (1): accounts.google.com:443
DEBUG:urllib3.connectionpool:https://outlook.office.com:443 "GET /calendar/0/deeplink/compose?allday=false&body=Join+us+weekly+in+the+Genealogy+Room+for+in-person+help+with+your+research.+It%E2%80%99s+a+great+chance+to+get+one-on-one+guidance%2C+ask+questions%2C+and+connect+with+others+who+share+your+passion+for+family+history.&location=2525+Oakley+Seaver+Dr%2C+Clermont%2C+FL%2C+34711%2C+United+States&path=/calendar/action/compose&rru=addevent&startdt=2026-09-02T13%3A00%3A00-04%3A00&enddt=2026-09-02T15%3A00%3A00-04%3A00&subject=Research+Assistance HTTP/1.1" 200 None
DEBUG:root:✅ Hyperlink OK: https://outlook.office.com/calendar/0/deeplink/compose?allday=false&body=Join+us+weekly+in+the+Genealogy+Room+for+in-person+help+with+your+research.+It%E2%80%99s+a+great+chance+to+get+one-on-one+guidance%2C+ask+questions%2C+and+connect+with+others+who+share+your+passion+for+family+history.&location=2525+Oakley+Seaver+Dr%2C+Clermont%2C+FL%2C+34711%2C+United+States&path=/calendar/action/compose&rru=addevent&startdt=2026-09-02T13%3A00%3A00-04%3A00&enddt=2026-09-02T15%3A00%3A00-04%3A00&subject=Research+Assistance
DEBUG:root:Checking external hyperlink: https://outlook.live.com/calendar/0/deeplink/compose?allday=false&body=Join+us+weekly+in+the+Genealogy+Room+for+in-person+help+with+your+research.+It%E2%80%99s+a+great+chance+to+get+one-on-one+guidance%2C+ask+questions%2C+and+connect+with+others+who+share+your+passion+for+family+history.&location=2525+Oakley+Seaver+Dr%2C+Clermont%2C+FL%2C+34711%2C+United+States&path=/calendar/action/compose&rru=addevent&startdt=2026-09-02T13%3A00%3A00-04%3A00&enddt=2026-09-02T15%3A00%3A00-04%3A00&subject=Research+Assistance
DEBUG:urllib3.connectionpool:Starting new HTTPS connection (1): outlook.live.com:443
DEBUG:root:✅ Image OK: https://wordpress-810691-5571285.cloudwaysapps.com/wp-content/uploads/2025/08/IMG_0047_9_1571799214-1024x543.webp
DEBUG:root:Checking internal image: https://wordpress-810691-5571285.cloudwaysapps.com/wp-content/uploads/2025/08/IMG_0043_5_1571799214-1024x487.webp
DEBUG:urllib3.connectionpool:Starting new HTTPS connection (1): wordpress-810691-5571285.cloudwaysapps.com:443
DEBUG:urllib3.connectionpool:https://wordpress-810691-5571285.cloudwaysapps.com:443 "GET /wp-content/uploads/2025/08/2008_07_09_Newsleader_1554262229-599x1024.webp HTTP/1.1" 200 162644
DEBUG:urllib3.connectionpool:https://accounts.google.com:443 "GET /ServiceLogin?service=cl&passive=1209600&osid=1&continue=https://calendar.google.com/calendar/event?action%3DTEMPLATE%26text%3DFamily%2BTree%2BMaker%2BSpecial%2BInterest%2BGroup%2B(SIG)%26dates%3D20260217T000000/20260217T000000%26details%3DJoin%2Bhost%2BStan%2BWells%2Bas%2Bhe%2Bleads%2Ba%2Bstep-by-step%2Bwalk-through%2Bof%2BFamily%2BTree%2BMaker%2B(FTM),%2Bone%2Bof%2Bthe%2Bmost%2Bpopular%2Bgenealogy%2Bsoftware%2Bprograms%2Bavailable%2Btoday.%26location%26trp%3Dfalse%26sprop%3Dhttps://wordpress-810691-5571285.cloudwaysapps.com/events/family-tree-maker-special-interest-group-sig-2026-02-17/%26sprop%3Dname:Pastfinders%26ctz%3DAmerica/New_York&followup=https://calendar.google.com/calendar/event?action%3DTEMPLATE%26text%3DFamily%2BTree%2BMaker%2BSpecial%2BInterest%2BGroup%2B(SIG)%26dates%3D20260217T000000/20260217T000000%26details%3DJoin%2Bhost%2BStan%2BWells%2Bas%2Bhe%2Bleads%2Ba%2Bstep-by-step%2Bwalk-through%2Bof%2BFamily%2BTree%2BMaker%2B(FTM),%2Bone%2Bof%2Bthe%2Bmost%2Bpopular%2Bgenealogy%2Bsoftware%2Bprograms%2Bavailable%2Btoday.%26location%26trp%3Dfalse%26sprop%3Dhttps://wordpress-810691-5571285.cloudwaysapps.com/events/family-tree-maker-special-interest-group-sig-2026-02-17/%26sprop%3Dname:Pastfinders%26ctz%3DAmerica/New_York&emr=1 HTTP/1.1" 302 0
DEBUG:root:✅ Image OK: https://wordpress-810691-5571285.cloudwaysapps.com/wp-content/uploads/2025/08/2008_07_09_Newsleader_1554262229-599x1024.webp
DEBUG:root:Checking internal image: https://wordpress-810691-5571285.cloudwaysapps.com/wp-content/uploads/2025/08/2008_06_30_Orlando_Sentinal_2_1554262229-1024x814.webp
DEBUG:urllib3.connectionpool:Starting new HTTPS connection (1): wordpress-810691-5571285.cloudwaysapps.com:443
DEBUG:urllib3.connectionpool:https://accounts.google.com:443 "GET /InteractiveLogin?continue=https://calendar.google.com/calendar/event?action%3DTEMPLATE%26text%3DFamily%2BTree%2BMaker%2BSpecial%2BInterest%2BGroup%2B(SIG)%26dates%3D20260217T000000/20260217T000000%26details%3DJoin%2Bhost%2BStan%2BWells%2Bas%2Bhe%2Bleads%2Ba%2Bstep-by-step%2Bwalk-through%2Bof%2BFamily%2BTree%2BMaker%2B(FTM),%2Bone%2Bof%2Bthe%2Bmost%2Bpopular%2Bgenealogy%2Bsoftware%2Bprograms%2Bavailable%2Btoday.%26location%26trp%3Dfalse%26sprop%3Dhttps://wordpress-810691-5571285.cloudwaysapps.com/events/family-tree-maker-special-interest-group-sig-2026-02-17/%26sprop%3Dname:Pastfinders%26ctz%3DAmerica/New_York&emr=1&followup=https://calendar.google.com/calendar/event?action%3DTEMPLATE%26text%3DFamily%2BTree%2BMaker%2BSpecial%2BInterest%2BGroup%2B(SIG)%26dates%3D20260217T000000/20260217T000000%26details%3DJoin%2Bhost%2BStan%2BWells%2Bas%2Bhe%2Bleads%2Ba%2Bstep-by-step%2Bwalk-through%2Bof%2BFamily%2BTree%2BMaker%2B(FTM),%2Bone%2Bof%2Bthe%2Bmost%2Bpopular%2Bgenealogy%2Bsoftware%2Bprograms%2Bavailable%2Btoday.%26location%26trp%3Dfalse%26sprop%3Dhttps://wordpress-810691-5571285.cloudwaysapps.com/events/family-tree-maker-special-interest-group-sig-2026-02-17/%26sprop%3Dname:Pastfinders%26ctz%3DAmerica/New_York&osid=1&passive=1209600&service=cl&ifkv=AdBytiMdC49vxX0ZEmcDQyY1dNTkcaBza6470K25WKnD3s-ffqhHv9e85Cb93BJgAx3CwGSEOuKTRA HTTP/1.1" 302 None
DEBUG:urllib3.connectionpool:https://wordpress-810691-5571285.cloudwaysapps.com:443 "GET /wp-content/uploads/2025/08/2009_4_1566262285-1024x464.webp HTTP/1.1" 200 114876
DEBUG:urllib3.connectionpool:https://accounts.google.com:443 "GET /v3/signin/identifier?continue=https%3A%2F%2Fcalendar.google.com%2Fcalendar%2Fevent%3Faction%3DTEMPLATE%26text%3DFamily%2BTree%2BMaker%2BSpecial%2BInterest%2BGroup%2B%28SIG%29%26dates%3D20260217T000000%2F20260217T000000%26details%3DJoin%2Bhost%2BStan%2BWells%2Bas%2Bhe%2Bleads%2Ba%2Bstep-by-step%2Bwalk-through%2Bof%2BFamily%2BTree%2BMaker%2B%28FTM%29%2C%2Bone%2Bof%2Bthe%2Bmost%2Bpopular%2Bgenealogy%2Bsoftware%2Bprograms%2Bavailable%2Btoday.%26location%26trp%3Dfalse%26sprop%3Dhttps%3A%2F%2Fwordpress-810691-5571285.cloudwaysapps.com%2Fevents%2Ffamily-tree-maker-special-interest-group-sig-2026-02-17%2F%26sprop%3Dname%3APastfinders%26ctz%3DAmerica%2FNew_York&emr=1&followup=https%3A%2F%2Fcalendar.google.com%2Fcalendar%2Fevent%3Faction%3DTEMPLATE%26text%3DFamily%2BTree%2BMaker%2BSpecial%2BInterest%2BGroup%2B%28SIG%29%26dates%3D20260217T000000%2F20260217T000000%26details%3DJoin%2Bhost%2BStan%2BWells%2Bas%2Bhe%2Bleads%2Ba%2Bstep-by-step%2Bwalk-through%2Bof%2BFamily%2BTree%2BMaker%2B%28FTM%29%2C%2Bone%2Bof%2Bthe%2Bmost%2Bpopular%2Bgenealogy%2Bsoftware%2Bprograms%2Bavailable%2Btoday.%26location%26trp%3Dfalse%26sprop%3Dhttps%3A%2F%2Fwordpress-810691-5571285.cloudwaysapps.com%2Fevents%2Ffamily-tree-maker-special-interest-group-sig-2026-02-17%2F%26sprop%3Dname%3APastfinders%26ctz%3DAmerica%2FNew_York&ifkv=AdBytiNSwyY3f4AtAGRguGmn2-idXT21OefuNX8EzZ-qiS6gmL6WHTE_WxYgTGyGUZAOwg8C7B02Cg&osid=1&passive=1209600&service=cl&flowName=WebLiteSignIn&flowEntry=ServiceLogin&dsh=S-969481677%3A1756758301955494 HTTP/1.1" 200 None
DEBUG:urllib3.connectionpool:https://wordpress-810691-5571285.cloudwaysapps.com:443 "GET /wp-content/uploads/2025/08/IMG_0043_5_1571799214-1024x487.webp HTTP/1.1" 200 116288
DEBUG:urllib3.connectionpool:https://outlook.live.com:443 "GET /calendar/0/deeplink/compose?allday=false&body=Join+us+weekly+in+the+Genealogy+Room+for+in-person+help+with+your+research.+It%E2%80%99s+a+great+chance+to+get+one-on-one+guidance%2C+ask+questions%2C+and+connect+with+others+who+share+your+passion+for+family+history.&location=2525+Oakley+Seaver+Dr%2C+Clermont%2C+FL%2C+34711%2C+United+States&path=/calendar/action/compose&rru=addevent&startdt=2026-09-02T13%3A00%3A00-04%3A00&enddt=2026-09-02T15%3A00%3A00-04%3A00&subject=Research+Assistance HTTP/1.1" 200 None
DEBUG:root:✅ Hyperlink OK: https://outlook.live.com/calendar/0/deeplink/compose?allday=false&body=Join+us+weekly+in+the+Genealogy+Room+for+in-person+help+with+your+research.+It%E2%80%99s+a+great+chance+to+get+one-on-one+guidance%2C+ask+questions%2C+and+connect+with+others+who+share+your+passion+for+family+history.&location=2525+Oakley+Seaver+Dr%2C+Clermont%2C+FL%2C+34711%2C+United+States&path=/calendar/action/compose&rru=addevent&startdt=2026-09-02T13%3A00%3A00-04%3A00&enddt=2026-09-02T15%3A00%3A00-04%3A00&subject=Research+Assistance
DEBUG:root:Using regex pattern: \b[a-zA-Z]{3,}\b
DEBUG:root:Found 58 words to check in https://wordpress-810691-5571285.cloudwaysapps.com/events/research-assistance-2025-08-27-2025-09-03-2025-09-10-2025-09-17-2025-09-24-2025-10-01-2025-10-08-2025-10-15-2025-10-22-2025-10-29-2025-11-05-2025-11-12-2025-11-19-2025-11-26-2025-12-03-2-26-2026-09-02/ (min_length=3)
DEBUG:root:Sample words from https://wordpress-810691-5571285.cloudwaysapps.com/events/research-assistance-2025-08-27-2025-09-03-2025-09-10-2025-09-17-2025-09-24-2025-10-01-2025-10-08-2025-10-15-2025-10-22-2025-10-29-2025-11-05-2025-11-12-2025-11-19-2025-11-26-2025-12-03-2-26-2026-09-02/: ['This', 'alert', 'Skip', 'content', 'Research', 'Assistance', 'When', 'September', 'Add', 'Calendar']
DEBUG:root:Spell check results for https://wordpress-810691-5571285.cloudwaysapps.com/events/research-assistance-2025-08-27-2025-09-03-2025-09-10-2025-09-17-2025-09-24-2025-10-01-2025-10-08-2025-10-15-2025-10-22-2025-10-29-2025-11-05-2025-11-12-2025-11-19-2025-11-26-2025-12-03-2-26-2026-09-02/: 30 words checked, 28 skipped, 0 errors found
INFO:root:✅ Processed https://wordpress-810691-5571285.cloudwaysapps.com/events/research-assistance-2025-08-27-2025-09-03-2025-09-10-2025-09-17-2025-09-24-2025-10-01-2025-10-08-2025-10-15-2025-10-22-2025-10-29-2025-11-05-2025-11-12-2025-11-19-2025-11-26-2025-12-03-2-26-2026-09-02/: 0 errors found, 85 words checked
DEBUG:root:Attempting to fetch: https://wordpress-810691-5571285.cloudwaysapps.com/libraries/genealogy-online-6th-edition/
Processing pages:  83%|████████▎ | 317/381 [02:57<00:40,  1.58it/s]DEBUG:root:✅ Hyperlink OK: https://www.google.com/calendar/event?action=TEMPLATE&text=Family+Tree+Maker+Special+Interest+Group+%28SIG%29&dates=20260217T000000/20260217T000000&details=Join+host+Stan+Wells+as+he+leads+a+step-by-step+walk-through+of+Family+Tree+Maker+%28FTM%29%2C+one+of+the+most+popular+genealogy+software+programs+available+today.&location=&trp=false&sprop=https%3A%2F%2Fwordpress-810691-5571285.cloudwaysapps.com%2Fevents%2Ffamily-tree-maker-special-interest-group-sig-2026-02-17%2F&sprop=name:Pastfinders&ctz=America%2FNew_York
DEBUG:root:Checking external hyperlink: https://outlook.office.com/calendar/0/deeplink/compose?allday=false&body=Join+host+Stan+Wells+as+he+leads+a+step-by-step+walk-through+of+Family+Tree+Maker+%28FTM%29%2C+one+of+the+most+popular+genealogy+software+programs+available+today.&location=&path=/calendar/action/compose&rru=addevent&startdt=2026-02-17T00%3A00%3A00-05%3A00&enddt=2026-02-17T00%3A00%3A00-05%3A00&subject=Family+Tree+Maker+Special+Interest+Group+%28SIG%29
DEBUG:urllib3.connectionpool:Starting new HTTPS connection (1): outlook.office.com:443
DEBUG:root:✅ Image OK: https://wordpress-810691-5571285.cloudwaysapps.com/wp-content/uploads/2025/08/2009_4_1566262285-1024x464.webp
DEBUG:root:Checking internal image: https://wordpress-810691-5571285.cloudwaysapps.com/wp-content/uploads/2025/08/2009_001_1566262285-1024x622.webp
DEBUG:urllib3.connectionpool:Starting new HTTPS connection (1): wordpress-810691-5571285.cloudwaysapps.com:443
DEBUG:root:✅ Image OK: https://wordpress-810691-5571285.cloudwaysapps.com/wp-content/uploads/2025/08/IMG_0043_5_1571799214-1024x487.webp
DEBUG:root:Checking internal image: https://wordpress-810691-5571285.cloudwaysapps.com/wp-content/uploads/2025/08/IMG_0044_5_1571799214-457x1024.webp
DEBUG:urllib3.connectionpool:Starting new HTTPS connection (1): wordpress-810691-5571285.cloudwaysapps.com:443
DEBUG:urllib3.connectionpool:https://wordpress-810691-5571285.cloudwaysapps.com:443 "GET /libraries/genealogy-online-6th-edition/ HTTP/1.1" 200 None
DEBUG:root:Successfully fetched https://wordpress-810691-5571285.cloudwaysapps.com/libraries/genealogy-online-6th-edition/ (Content-Length: 36164)
DEBUG:charset_normalizer:Encoding detection: utf_8 is most likely the one.
DEBUG:root:Extracted 95 characters, 17 words from https://wordpress-810691-5571285.cloudwaysapps.com/libraries/genealogy-online-6th-edition/
DEBUG:root:Using regex pattern: \b[a-zA-Z]{3,}\b
DEBUG:root:Found 8 words to check in https://wordpress-810691-5571285.cloudwaysapps.com/libraries/genealogy-online-6th-edition/ (min_length=3)
DEBUG:root:Sample words from https://wordpress-810691-5571285.cloudwaysapps.com/libraries/genealogy-online-6th-edition/: ['This', 'alert', 'Skip', 'content', 'Genealogy', 'online', 'Edition', 'March']
DEBUG:root:Spell check results for https://wordpress-810691-5571285.cloudwaysapps.com/libraries/genealogy-online-6th-edition/: 3 words checked, 5 skipped, 0 errors found
INFO:root:✅ Processed https://wordpress-810691-5571285.cloudwaysapps.com/libraries/genealogy-online-6th-edition/: 0 errors found, 17 words checked
DEBUG:root:Attempting to fetch: https://wordpress-810691-5571285.cloudwaysapps.com/events/preserving-local-history-2026-08-05/
DEBUG:urllib3.connectionpool:https://wordpress-810691-5571285.cloudwaysapps.com:443 "GET /wp-content/uploads/2025/08/2008_06_30_Orlando_Sentinal_2_1554262229-1024x814.webp HTTP/1.1" 200 255852
Processing pages:  83%|████████▎ | 318/381 [02:58<00:30,  2.07it/s]DEBUG:urllib3.connectionpool:https://wordpress-810691-5571285.cloudwaysapps.com:443 "GET /events/preserving-local-history-2026-08-05/ HTTP/1.1" 200 None
DEBUG:root:Successfully fetched https://wordpress-810691-5571285.cloudwaysapps.com/events/preserving-local-history-2026-08-05/ (Content-Length: 43613)
DEBUG:charset_normalizer:Encoding detection: utf_8 is most likely the one.
DEBUG:root:Extracted 444 characters, 65 words from https://wordpress-810691-5571285.cloudwaysapps.com/events/preserving-local-history-2026-08-05/
DEBUG:root:Checking external hyperlink: https://www.google.com/calendar/event?action=TEMPLATE&text=Preserving+Local+History&dates=20260805T100000/20260805T120000&details=Help+in+the+preservation+of+our+local+history+and+collections%2C+including+transcriptionists%2C+preservationists%2C+digitizers%2C+and+organization%C2%A0projects.&location=2525+Oakley+Seaver+Dr%2C+Clermont%2C+FL%2C+34711%2C+United+States&trp=false&sprop=https%3A%2F%2Fwordpress-810691-5571285.cloudwaysapps.com%2Fevents%2Fpreserving-local-history-2026-08-05%2F&sprop=name:Pastfinders&ctz=America%2FNew_York
DEBUG:urllib3.connectionpool:https://outlook.office.com:443 "GET /calendar/0/deeplink/compose?allday=false&body=Join+host+Stan+Wells+as+he+leads+a+step-by-step+walk-through+of+Family+Tree+Maker+%28FTM%29%2C+one+of+the+most+popular+genealogy+software+programs+available+today.&location=&path=/calendar/action/compose&rru=addevent&startdt=2026-02-17T00%3A00%3A00-05%3A00&enddt=2026-02-17T00%3A00%3A00-05%3A00&subject=Family+Tree+Maker+Special+Interest+Group+%28SIG%29 HTTP/1.1" 200 None
DEBUG:root:✅ Hyperlink OK: https://outlook.office.com/calendar/0/deeplink/compose?allday=false&body=Join+host+Stan+Wells+as+he+leads+a+step-by-step+walk-through+of+Family+Tree+Maker+%28FTM%29%2C+one+of+the+most+popular+genealogy+software+programs+available+today.&location=&path=/calendar/action/compose&rru=addevent&startdt=2026-02-17T00%3A00%3A00-05%3A00&enddt=2026-02-17T00%3A00%3A00-05%3A00&subject=Family+Tree+Maker+Special+Interest+Group+%28SIG%29
DEBUG:root:✅ Image OK: https://wordpress-810691-5571285.cloudwaysapps.com/wp-content/uploads/2025/08/2008_06_30_Orlando_Sentinal_2_1554262229-1024x814.webp
DEBUG:root:Checking external hyperlink: https://outlook.live.com/calendar/0/deeplink/compose?allday=false&body=Join+host+Stan+Wells+as+he+leads+a+step-by-step+walk-through+of+Family+Tree+Maker+%28FTM%29%2C+one+of+the+most+popular+genealogy+software+programs+available+today.&location=&path=/calendar/action/compose&rru=addevent&startdt=2026-02-17T00%3A00%3A00-05%3A00&enddt=2026-02-17T00%3A00%3A00-05%3A00&subject=Family+Tree+Maker+Special+Interest+Group+%28SIG%29
DEBUG:root:Checking internal image: https://wordpress-810691-5571285.cloudwaysapps.com/wp-content/uploads/2025/08/2008_02_13_Newsleader_1554262229-744x1024.webp
DEBUG:urllib3.connectionpool:Starting new HTTPS connection (1): www.google.com:443
DEBUG:urllib3.connectionpool:Starting new HTTPS connection (1): outlook.live.com:443
DEBUG:urllib3.connectionpool:Starting new HTTPS connection (1): wordpress-810691-5571285.cloudwaysapps.com:443
DEBUG:urllib3.connectionpool:https://wordpress-810691-5571285.cloudwaysapps.com:443 "GET /wp-content/uploads/2025/08/2009_001_1566262285-1024x622.webp HTTP/1.1" 200 65094
DEBUG:urllib3.connectionpool:https://wordpress-810691-5571285.cloudwaysapps.com:443 "GET /wp-content/uploads/2025/08/IMG_0044_5_1571799214-457x1024.webp HTTP/1.1" 200 116948
DEBUG:root:✅ Image OK: https://wordpress-810691-5571285.cloudwaysapps.com/wp-content/uploads/2025/08/2009_001_1566262285-1024x622.webp
DEBUG:root:Checking internal image: https://wordpress-810691-5571285.cloudwaysapps.com/wp-content/uploads/2025/08/2009_17_1566262285-1024x474.webp
DEBUG:urllib3.connectionpool:Starting new HTTPS connection (1): wordpress-810691-5571285.cloudwaysapps.com:443
DEBUG:urllib3.connectionpool:https://www.google.com:443 "GET /calendar/event?action=TEMPLATE&text=Preserving+Local+History&dates=20260805T100000/20260805T120000&details=Help+in+the+preservation+of+our+local+history+and+collections%2C+including+transcriptionists%2C+preservationists%2C+digitizers%2C+and+organization%C2%A0projects.&location=2525+Oakley+Seaver+Dr%2C+Clermont%2C+FL%2C+34711%2C+United+States&trp=false&sprop=https%3A%2F%2Fwordpress-810691-5571285.cloudwaysapps.com%2Fevents%2Fpreserving-local-history-2026-08-05%2F&sprop=name:Pastfinders&ctz=America%2FNew_York HTTP/1.1" 302 0
DEBUG:urllib3.connectionpool:Starting new HTTPS connection (1): calendar.google.com:443
DEBUG:root:✅ Image OK: https://wordpress-810691-5571285.cloudwaysapps.com/wp-content/uploads/2025/08/IMG_0044_5_1571799214-457x1024.webp
DEBUG:root:Checking internal image: https://wordpress-810691-5571285.cloudwaysapps.com/wp-content/uploads/2025/08/IMG_0044_9_1571799214-901x1024.webp
DEBUG:urllib3.connectionpool:Starting new HTTPS connection (1): wordpress-810691-5571285.cloudwaysapps.com:443
DEBUG:urllib3.connectionpool:https://wordpress-810691-5571285.cloudwaysapps.com:443 "GET /wp-content/uploads/2025/08/2008_02_13_Newsleader_1554262229-744x1024.webp HTTP/1.1" 200 179720
DEBUG:urllib3.connectionpool:https://calendar.google.com:443 "GET /calendar/event?action=TEMPLATE&text=Preserving+Local+History&dates=20260805T100000/20260805T120000&details=Help+in+the+preservation+of+our+local+history+and+collections,+including+transcriptionists,+preservationists,+digitizers,+and+organization%C2%A0projects.&location=2525+Oakley+Seaver+Dr,+Clermont,+FL,+34711,+United+States&trp=false&sprop=https://wordpress-810691-5571285.cloudwaysapps.com/events/preserving-local-history-2026-08-05/&sprop=name:Pastfinders&ctz=America/New_York HTTP/1.1" 302 0
DEBUG:urllib3.connectionpool:https://outlook.live.com:443 "GET /calendar/0/deeplink/compose?allday=false&body=Join+host+Stan+Wells+as+he+leads+a+step-by-step+walk-through+of+Family+Tree+Maker+%28FTM%29%2C+one+of+the+most+popular+genealogy+software+programs+available+today.&location=&path=/calendar/action/compose&rru=addevent&startdt=2026-02-17T00%3A00%3A00-05%3A00&enddt=2026-02-17T00%3A00%3A00-05%3A00&subject=Family+Tree+Maker+Special+Interest+Group+%28SIG%29 HTTP/1.1" 200 None
DEBUG:root:✅ Hyperlink OK: https://outlook.live.com/calendar/0/deeplink/compose?allday=false&body=Join+host+Stan+Wells+as+he+leads+a+step-by-step+walk-through+of+Family+Tree+Maker+%28FTM%29%2C+one+of+the+most+popular+genealogy+software+programs+available+today.&location=&path=/calendar/action/compose&rru=addevent&startdt=2026-02-17T00%3A00%3A00-05%3A00&enddt=2026-02-17T00%3A00%3A00-05%3A00&subject=Family+Tree+Maker+Special+Interest+Group+%28SIG%29
DEBUG:root:Using regex pattern: \b[a-zA-Z]{3,}\b
DEBUG:root:Found 135 words to check in https://wordpress-810691-5571285.cloudwaysapps.com/events/family-tree-maker-special-interest-group-sig-2026-02-17/ (min_length=3)
DEBUG:root:Sample words from https://wordpress-810691-5571285.cloudwaysapps.com/events/family-tree-maker-special-interest-group-sig-2026-02-17/: ['This', 'alert', 'Skip', 'content', 'Family', 'Tree', 'Maker', 'Special', 'Interest', 'Group']
DEBUG:root:Skipped email/domain fragment: 'com'
DEBUG:root:Spell check results for https://wordpress-810691-5571285.cloudwaysapps.com/events/family-tree-maker-special-interest-group-sig-2026-02-17/: 87 words checked, 48 skipped, 0 errors found
INFO:root:✅ Processed https://wordpress-810691-5571285.cloudwaysapps.com/events/family-tree-maker-special-interest-group-sig-2026-02-17/: 0 errors found, 183 words checked
DEBUG:root:Attempting to fetch: https://wordpress-810691-5571285.cloudwaysapps.com/resources/best-genealogy-software/
Processing pages:  84%|████████▎ | 319/381 [02:58<00:28,  2.21it/s]DEBUG:urllib3.connectionpool:Starting new HTTPS connection (1): accounts.google.com:443
DEBUG:root:✅ Image OK: https://wordpress-810691-5571285.cloudwaysapps.com/wp-content/uploads/2025/08/2008_02_13_Newsleader_1554262229-744x1024.webp
DEBUG:root:Checking internal image: https://wordpress-810691-5571285.cloudwaysapps.com/wp-content/uploads/2025/08/2008_08_20_Newsleader_1554262229-1024x602.webp
DEBUG:urllib3.connectionpool:Starting new HTTPS connection (1): wordpress-810691-5571285.cloudwaysapps.com:443
DEBUG:urllib3.connectionpool:https://wordpress-810691-5571285.cloudwaysapps.com:443 "GET /resources/best-genealogy-software/ HTTP/1.1" 200 None
DEBUG:root:Successfully fetched https://wordpress-810691-5571285.cloudwaysapps.com/resources/best-genealogy-software/ (Content-Length: 38992)
DEBUG:charset_normalizer:Encoding detection: utf_8 is most likely the one.
DEBUG:urllib3.connectionpool:https://wordpress-810691-5571285.cloudwaysapps.com:443 "GET /wp-content/uploads/2025/08/2009_17_1566262285-1024x474.webp HTTP/1.1" 200 90878
DEBUG:root:Extracted 849 characters, 149 words from https://wordpress-810691-5571285.cloudwaysapps.com/resources/best-genealogy-software/
DEBUG:root:Using regex pattern: \b[a-zA-Z]{3,}\b
DEBUG:root:Found 112 words to check in https://wordpress-810691-5571285.cloudwaysapps.com/resources/best-genealogy-software/ (min_length=3)
DEBUG:root:Sample words from https://wordpress-810691-5571285.cloudwaysapps.com/resources/best-genealogy-software/: ['This', 'alert', 'Skip', 'content', 'Best', 'Genealogy', 'Software', 'June', 'For', 'centuries']
DEBUG:root:Spell check results for https://wordpress-810691-5571285.cloudwaysapps.com/resources/best-genealogy-software/: 81 words checked, 31 skipped, 0 errors found
INFO:root:✅ Processed https://wordpress-810691-5571285.cloudwaysapps.com/resources/best-genealogy-software/: 0 errors found, 149 words checked
DEBUG:root:Attempting to fetch: https://wordpress-810691-5571285.cloudwaysapps.com/resources/lisa-louise-cookes-elevenses/
Processing pages:  84%|████████▍ | 320/381 [02:58<00:21,  2.80it/s]DEBUG:urllib3.connectionpool:https://accounts.google.com:443 "GET /ServiceLogin?service=cl&passive=1209600&osid=1&continue=https://calendar.google.com/calendar/event?action%3DTEMPLATE%26text%3DPreserving%2BLocal%2BHistory%26dates%3D20260805T100000/20260805T120000%26details%3DHelp%2Bin%2Bthe%2Bpreservation%2Bof%2Bour%2Blocal%2Bhistory%2Band%2Bcollections,%2Bincluding%2Btranscriptionists,%2Bpreservationists,%2Bdigitizers,%2Band%2Borganization%25C2%25A0projects.%26location%3D2525%2BOakley%2BSeaver%2BDr,%2BClermont,%2BFL,%2B34711,%2BUnited%2BStates%26trp%3Dfalse%26sprop%3Dhttps://wordpress-810691-5571285.cloudwaysapps.com/events/preserving-local-history-2026-08-05/%26sprop%3Dname:Pastfinders%26ctz%3DAmerica/New_York&followup=https://calendar.google.com/calendar/event?action%3DTEMPLATE%26text%3DPreserving%2BLocal%2BHistory%26dates%3D20260805T100000/20260805T120000%26details%3DHelp%2Bin%2Bthe%2Bpreservation%2Bof%2Bour%2Blocal%2Bhistory%2Band%2Bcollections,%2Bincluding%2Btranscriptionists,%2Bpreservationists,%2Bdigitizers,%2Band%2Borganization%25C2%25A0projects.%26location%3D2525%2BOakley%2BSeaver%2BDr,%2BClermont,%2BFL,%2B34711,%2BUnited%2BStates%26trp%3Dfalse%26sprop%3Dhttps://wordpress-810691-5571285.cloudwaysapps.com/events/preserving-local-history-2026-08-05/%26sprop%3Dname:Pastfinders%26ctz%3DAmerica/New_York&emr=1 HTTP/1.1" 302 0
DEBUG:urllib3.connectionpool:https://wordpress-810691-5571285.cloudwaysapps.com:443 "GET /wp-content/uploads/2025/08/IMG_0044_9_1571799214-901x1024.webp HTTP/1.1" 200 235180
DEBUG:root:✅ Image OK: https://wordpress-810691-5571285.cloudwaysapps.com/wp-content/uploads/2025/08/2009_17_1566262285-1024x474.webp
DEBUG:root:Checking internal image: https://wordpress-810691-5571285.cloudwaysapps.com/wp-content/uploads/2025/08/2009_21_1566262285-1024x792.webp
DEBUG:urllib3.connectionpool:Starting new HTTPS connection (1): wordpress-810691-5571285.cloudwaysapps.com:443
DEBUG:urllib3.connectionpool:https://accounts.google.com:443 "GET /InteractiveLogin?continue=https://calendar.google.com/calendar/event?action%3DTEMPLATE%26text%3DPreserving%2BLocal%2BHistory%26dates%3D20260805T100000/20260805T120000%26details%3DHelp%2Bin%2Bthe%2Bpreservation%2Bof%2Bour%2Blocal%2Bhistory%2Band%2Bcollections,%2Bincluding%2Btranscriptionists,%2Bpreservationists,%2Bdigitizers,%2Band%2Borganization%25C2%25A0projects.%26location%3D2525%2BOakley%2BSeaver%2BDr,%2BClermont,%2BFL,%2B34711,%2BUnited%2BStates%26trp%3Dfalse%26sprop%3Dhttps://wordpress-810691-5571285.cloudwaysapps.com/events/preserving-local-history-2026-08-05/%26sprop%3Dname:Pastfinders%26ctz%3DAmerica/New_York&emr=1&followup=https://calendar.google.com/calendar/event?action%3DTEMPLATE%26text%3DPreserving%2BLocal%2BHistory%26dates%3D20260805T100000/20260805T120000%26details%3DHelp%2Bin%2Bthe%2Bpreservation%2Bof%2Bour%2Blocal%2Bhistory%2Band%2Bcollections,%2Bincluding%2Btranscriptionists,%2Bpreservationists,%2Bdigitizers,%2Band%2Borganization%25C2%25A0projects.%26location%3D2525%2BOakley%2BSeaver%2BDr,%2BClermont,%2BFL,%2B34711,%2BUnited%2BStates%26trp%3Dfalse%26sprop%3Dhttps://wordpress-810691-5571285.cloudwaysapps.com/events/preserving-local-history-2026-08-05/%26sprop%3Dname:Pastfinders%26ctz%3DAmerica/New_York&osid=1&passive=1209600&service=cl&ifkv=AdBytiNRp3zLrGfZ-jQ2FjdNSNDpnfo11Rd_h1bItrn5X8uUDz9uwCWVjq20fj8hB5Pw1y2snzeurQ HTTP/1.1" 302 None
DEBUG:urllib3.connectionpool:https://wordpress-810691-5571285.cloudwaysapps.com:443 "GET /resources/lisa-louise-cookes-elevenses/ HTTP/1.1" 200 None
DEBUG:root:Successfully fetched https://wordpress-810691-5571285.cloudwaysapps.com/resources/lisa-louise-cookes-elevenses/ (Content-Length: 38984)
DEBUG:charset_normalizer:Encoding detection: utf_8 is most likely the one.
DEBUG:root:Extracted 657 characters, 113 words from https://wordpress-810691-5571285.cloudwaysapps.com/resources/lisa-louise-cookes-elevenses/
DEBUG:root:Using regex pattern: \b[a-zA-Z]{3,}\b
DEBUG:root:Found 94 words to check in https://wordpress-810691-5571285.cloudwaysapps.com/resources/lisa-louise-cookes-elevenses/ (min_length=3)
DEBUG:root:Sample words from https://wordpress-810691-5571285.cloudwaysapps.com/resources/lisa-louise-cookes-elevenses/: ['This', 'alert', 'Skip', 'content', 'Lisa', 'Louise', 'Cooke', 'Elevenses', 'March', 'Elevenses']
DEBUG:root:Spell check results for https://wordpress-810691-5571285.cloudwaysapps.com/resources/lisa-louise-cookes-elevenses/: 61 words checked, 33 skipped, 0 errors found
INFO:root:✅ Processed https://wordpress-810691-5571285.cloudwaysapps.com/resources/lisa-louise-cookes-elevenses/: 0 errors found, 113 words checked
DEBUG:root:Attempting to fetch: https://wordpress-810691-5571285.cloudwaysapps.com/galleries/2018-nov-meredith-wayne-price/
Processing pages:  84%|████████▍ | 321/381 [02:58<00:17,  3.46it/s]DEBUG:root:✅ Image OK: https://wordpress-810691-5571285.cloudwaysapps.com/wp-content/uploads/2025/08/IMG_0044_9_1571799214-901x1024.webp
DEBUG:root:Checking internal image: https://wordpress-810691-5571285.cloudwaysapps.com/wp-content/uploads/2025/08/IMG_0046_5_1571799214-974x1024.webp
DEBUG:urllib3.connectionpool:Starting new HTTPS connection (1): wordpress-810691-5571285.cloudwaysapps.com:443
DEBUG:urllib3.connectionpool:https://accounts.google.com:443 "GET /v3/signin/identifier?continue=https%3A%2F%2Fcalendar.google.com%2Fcalendar%2Fevent%3Faction%3DTEMPLATE%26text%3DPreserving%2BLocal%2BHistory%26dates%3D20260805T100000%2F20260805T120000%26details%3DHelp%2Bin%2Bthe%2Bpreservation%2Bof%2Bour%2Blocal%2Bhistory%2Band%2Bcollections%2C%2Bincluding%2Btranscriptionists%2C%2Bpreservationists%2C%2Bdigitizers%2C%2Band%2Borganization%25C2%25A0projects.%26location%3D2525%2BOakley%2BSeaver%2BDr%2C%2BClermont%2C%2BFL%2C%2B34711%2C%2BUnited%2BStates%26trp%3Dfalse%26sprop%3Dhttps%3A%2F%2Fwordpress-810691-5571285.cloudwaysapps.com%2Fevents%2Fpreserving-local-history-2026-08-05%2F%26sprop%3Dname%3APastfinders%26ctz%3DAmerica%2FNew_York&emr=1&followup=https%3A%2F%2Fcalendar.google.com%2Fcalendar%2Fevent%3Faction%3DTEMPLATE%26text%3DPreserving%2BLocal%2BHistory%26dates%3D20260805T100000%2F20260805T120000%26details%3DHelp%2Bin%2Bthe%2Bpreservation%2Bof%2Bour%2Blocal%2Bhistory%2Band%2Bcollections%2C%2Bincluding%2Btranscriptionists%2C%2Bpreservationists%2C%2Bdigitizers%2C%2Band%2Borganization%25C2%25A0projects.%26location%3D2525%2BOakley%2BSeaver%2BDr%2C%2BClermont%2C%2BFL%2C%2B34711%2C%2BUnited%2BStates%26trp%3Dfalse%26sprop%3Dhttps%3A%2F%2Fwordpress-810691-5571285.cloudwaysapps.com%2Fevents%2Fpreserving-local-history-2026-08-05%2F%26sprop%3Dname%3APastfinders%26ctz%3DAmerica%2FNew_York&ifkv=AdBytiPcgoaMFhVa-HCPt-U3UZ4kqSaGAra36xF1DMr3m67oJvppIYqMxv7mUBve4iCQ7ZVt_kL89w&osid=1&passive=1209600&service=cl&flowName=WebLiteSignIn&flowEntry=ServiceLogin&dsh=S118575471%3A1756758302776484 HTTP/1.1" 200 None
DEBUG:urllib3.connectionpool:https://wordpress-810691-5571285.cloudwaysapps.com:443 "GET /wp-content/uploads/2025/08/2008_08_20_Newsleader_1554262229-1024x602.webp HTTP/1.1" 200 105132
DEBUG:root:✅ Hyperlink OK: https://www.google.com/calendar/event?action=TEMPLATE&text=Preserving+Local+History&dates=20260805T100000/20260805T120000&details=Help+in+the+preservation+of+our+local+history+and+collections%2C+including+transcriptionists%2C+preservationists%2C+digitizers%2C+and+organization%C2%A0projects.&location=2525+Oakley+Seaver+Dr%2C+Clermont%2C+FL%2C+34711%2C+United+States&trp=false&sprop=https%3A%2F%2Fwordpress-810691-5571285.cloudwaysapps.com%2Fevents%2Fpreserving-local-history-2026-08-05%2F&sprop=name:Pastfinders&ctz=America%2FNew_York
DEBUG:root:Checking external hyperlink: https://outlook.office.com/calendar/0/deeplink/compose?allday=false&body=Help+in+the+preservation+of+our+local+history+and+collections%2C+including+transcriptionists%2C+preservationists%2C+digitizers%2C+and+organization%C2%A0projects.&location=2525+Oakley+Seaver+Dr%2C+Clermont%2C+FL%2C+34711%2C+United+States&path=/calendar/action/compose&rru=addevent&startdt=2026-08-05T10%3A00%3A00-04%3A00&enddt=2026-08-05T12%3A00%3A00-04%3A00&subject=Preserving+Local+History
DEBUG:urllib3.connectionpool:Starting new HTTPS connection (1): outlook.office.com:443
DEBUG:root:✅ Image OK: https://wordpress-810691-5571285.cloudwaysapps.com/wp-content/uploads/2025/08/2008_08_20_Newsleader_1554262229-1024x602.webp
DEBUG:root:Using regex pattern: \b[a-zA-Z]{3,}\b
DEBUG:root:Found 35 words to check in https://wordpress-810691-5571285.cloudwaysapps.com/galleries/2008-pastfinders-news/ (min_length=3)
DEBUG:root:Sample words from https://wordpress-810691-5571285.cloudwaysapps.com/galleries/2008-pastfinders-news/: ['This', 'alert', 'Skip', 'content', 'Pastfinders', 'News', 'images', 'Click', 'view', 'Click']
DEBUG:root:Spell check results for https://wordpress-810691-5571285.cloudwaysapps.com/galleries/2008-pastfinders-news/: 15 words checked, 20 skipped, 0 errors found
INFO:root:✅ Processed https://wordpress-810691-5571285.cloudwaysapps.com/galleries/2008-pastfinders-news/: 0 errors found, 71 words checked
DEBUG:root:Attempting to fetch: https://wordpress-810691-5571285.cloudwaysapps.com/galleries/2016-oct-scanning-one-on-one/
Processing pages:  85%|████████▍ | 322/381 [02:58<00:14,  4.05it/s]DEBUG:urllib3.connectionpool:https://wordpress-810691-5571285.cloudwaysapps.com:443 "GET /wp-content/uploads/2025/08/2009_21_1566262285-1024x792.webp HTTP/1.1" 200 149388
DEBUG:urllib3.connectionpool:https://wordpress-810691-5571285.cloudwaysapps.com:443 "GET /wp-content/uploads/2025/08/IMG_0046_5_1571799214-974x1024.webp HTTP/1.1" 200 252918
DEBUG:root:✅ Image OK: https://wordpress-810691-5571285.cloudwaysapps.com/wp-content/uploads/2025/08/2009_21_1566262285-1024x792.webp
DEBUG:root:Checking internal image: https://wordpress-810691-5571285.cloudwaysapps.com/wp-content/uploads/2025/08/2009_7_1566262285-1024x829.webp
DEBUG:urllib3.connectionpool:Starting new HTTPS connection (1): wordpress-810691-5571285.cloudwaysapps.com:443
DEBUG:urllib3.connectionpool:https://outlook.office.com:443 "GET /calendar/0/deeplink/compose?allday=false&body=Help+in+the+preservation+of+our+local+history+and+collections%2C+including+transcriptionists%2C+preservationists%2C+digitizers%2C+and+organization%C2%A0projects.&location=2525+Oakley+Seaver+Dr%2C+Clermont%2C+FL%2C+34711%2C+United+States&path=/calendar/action/compose&rru=addevent&startdt=2026-08-05T10%3A00%3A00-04%3A00&enddt=2026-08-05T12%3A00%3A00-04%3A00&subject=Preserving+Local+History HTTP/1.1" 200 None
DEBUG:root:✅ Hyperlink OK: https://outlook.office.com/calendar/0/deeplink/compose?allday=false&body=Help+in+the+preservation+of+our+local+history+and+collections%2C+including+transcriptionists%2C+preservationists%2C+digitizers%2C+and+organization%C2%A0projects.&location=2525+Oakley+Seaver+Dr%2C+Clermont%2C+FL%2C+34711%2C+United+States&path=/calendar/action/compose&rru=addevent&startdt=2026-08-05T10%3A00%3A00-04%3A00&enddt=2026-08-05T12%3A00%3A00-04%3A00&subject=Preserving+Local+History
DEBUG:root:Checking external hyperlink: https://outlook.live.com/calendar/0/deeplink/compose?allday=false&body=Help+in+the+preservation+of+our+local+history+and+collections%2C+including+transcriptionists%2C+preservationists%2C+digitizers%2C+and+organization%C2%A0projects.&location=2525+Oakley+Seaver+Dr%2C+Clermont%2C+FL%2C+34711%2C+United+States&path=/calendar/action/compose&rru=addevent&startdt=2026-08-05T10%3A00%3A00-04%3A00&enddt=2026-08-05T12%3A00%3A00-04%3A00&subject=Preserving+Local+History
DEBUG:urllib3.connectionpool:Starting new HTTPS connection (1): outlook.live.com:443
DEBUG:root:✅ Image OK: https://wordpress-810691-5571285.cloudwaysapps.com/wp-content/uploads/2025/08/IMG_0046_5_1571799214-974x1024.webp
DEBUG:root:Checking internal image: https://wordpress-810691-5571285.cloudwaysapps.com/wp-content/uploads/2025/08/IMG_0043_9_1571799214-1024x685.webp
DEBUG:urllib3.connectionpool:Starting new HTTPS connection (1): wordpress-810691-5571285.cloudwaysapps.com:443
DEBUG:urllib3.connectionpool:https://wordpress-810691-5571285.cloudwaysapps.com:443 "GET /wp-content/uploads/2025/08/2009_7_1566262285-1024x829.webp HTTP/1.1" 200 136754
DEBUG:urllib3.connectionpool:https://outlook.live.com:443 "GET /calendar/0/deeplink/compose?allday=false&body=Help+in+the+preservation+of+our+local+history+and+collections%2C+including+transcriptionists%2C+preservationists%2C+digitizers%2C+and+organization%C2%A0projects.&location=2525+Oakley+Seaver+Dr%2C+Clermont%2C+FL%2C+34711%2C+United+States&path=/calendar/action/compose&rru=addevent&startdt=2026-08-05T10%3A00%3A00-04%3A00&enddt=2026-08-05T12%3A00%3A00-04%3A00&subject=Preserving+Local+History HTTP/1.1" 200 None
DEBUG:root:✅ Hyperlink OK: https://outlook.live.com/calendar/0/deeplink/compose?allday=false&body=Help+in+the+preservation+of+our+local+history+and+collections%2C+including+transcriptionists%2C+preservationists%2C+digitizers%2C+and+organization%C2%A0projects.&location=2525+Oakley+Seaver+Dr%2C+Clermont%2C+FL%2C+34711%2C+United+States&path=/calendar/action/compose&rru=addevent&startdt=2026-08-05T10%3A00%3A00-04%3A00&enddt=2026-08-05T12%3A00%3A00-04%3A00&subject=Preserving+Local+History
DEBUG:root:Using regex pattern: \b[a-zA-Z]{3,}\b
DEBUG:root:Found 44 words to check in https://wordpress-810691-5571285.cloudwaysapps.com/events/preserving-local-history-2026-08-05/ (min_length=3)
DEBUG:root:Sample words from https://wordpress-810691-5571285.cloudwaysapps.com/events/preserving-local-history-2026-08-05/: ['This', 'alert', 'Skip', 'content', 'Preserving', 'Local', 'History', 'When', 'August', 'Add']
DEBUG:root:Misspelled word found: 'transcriptionists' in https://wordpress-810691-5571285.cloudwaysapps.com/events/preserving-local-history-2026-08-05/
DEBUG:root:Spell check results for https://wordpress-810691-5571285.cloudwaysapps.com/events/preserving-local-history-2026-08-05/: 17 words checked, 27 skipped, 1 errors found
INFO:root:✅ Processed https://wordpress-810691-5571285.cloudwaysapps.com/events/preserving-local-history-2026-08-05/: 1 errors found, 65 words checked
DEBUG:root:Attempting to fetch: https://wordpress-810691-5571285.cloudwaysapps.com/events/
Processing pages:  85%|████████▍ | 323/381 [02:59<00:16,  3.49it/s]DEBUG:root:✅ Image OK: https://wordpress-810691-5571285.cloudwaysapps.com/wp-content/uploads/2025/08/2009_7_1566262285-1024x829.webp
DEBUG:root:Checking internal image: https://wordpress-810691-5571285.cloudwaysapps.com/wp-content/uploads/2025/08/2009_12_1566262285-1001x1024.webp
DEBUG:urllib3.connectionpool:Starting new HTTPS connection (1): wordpress-810691-5571285.cloudwaysapps.com:443
DEBUG:urllib3.connectionpool:https://wordpress-810691-5571285.cloudwaysapps.com:443 "GET /events/ HTTP/1.1" 200 14698
DEBUG:root:Successfully fetched https://wordpress-810691-5571285.cloudwaysapps.com/events/ (Content-Length: 75991)
DEBUG:charset_normalizer:Encoding detection: utf_8 is most likely the one.
DEBUG:urllib3.connectionpool:https://wordpress-810691-5571285.cloudwaysapps.com:443 "GET /wp-content/uploads/2025/08/IMG_0043_9_1571799214-1024x685.webp HTTP/1.1" 200 161018
DEBUG:root:Extracted 3398 characters, 543 words from https://wordpress-810691-5571285.cloudwaysapps.com/events/
DEBUG:root:Using regex pattern: \b[a-zA-Z]{3,}\b
DEBUG:root:Found 391 words to check in https://wordpress-810691-5571285.cloudwaysapps.com/events/ (min_length=3)
DEBUG:root:Sample words from https://wordpress-810691-5571285.cloudwaysapps.com/events/: ['This', 'alert', 'Skip', 'content', 'Events', 'Search', 'Near', 'Dates', 'and', 'Sorting']
DEBUG:root:Misspelled word found: 'transcriptionists' in https://wordpress-810691-5571285.cloudwaysapps.com/events/
DEBUG:root:Misspelled word found: 'transcriptionists' in https://wordpress-810691-5571285.cloudwaysapps.com/events/
DEBUG:root:Misspelled word found: 'transcriptionists' in https://wordpress-810691-5571285.cloudwaysapps.com/events/
DEBUG:root:Spell check results for https://wordpress-810691-5571285.cloudwaysapps.com/events/: 197 words checked, 194 skipped, 3 errors found
INFO:root:✅ Processed https://wordpress-810691-5571285.cloudwaysapps.com/events/: 3 errors found, 543 words checked
DEBUG:root:Attempting to fetch: https://wordpress-810691-5571285.cloudwaysapps.com/events/preserving-local-history-2025-09-10/
Processing pages:  85%|████████▌ | 324/381 [02:59<00:14,  3.87it/s]DEBUG:root:✅ Image OK: https://wordpress-810691-5571285.cloudwaysapps.com/wp-content/uploads/2025/08/IMG_0043_9_1571799214-1024x685.webp
DEBUG:root:Checking internal image: https://wordpress-810691-5571285.cloudwaysapps.com/wp-content/uploads/2025/08/IMG_0045_8_1571799214-1024x647.webp
DEBUG:urllib3.connectionpool:Starting new HTTPS connection (1): wordpress-810691-5571285.cloudwaysapps.com:443
DEBUG:urllib3.connectionpool:https://wordpress-810691-5571285.cloudwaysapps.com:443 "GET /wp-content/uploads/2025/08/2009_12_1566262285-1001x1024.webp HTTP/1.1" 200 149836
DEBUG:root:✅ Image OK: https://wordpress-810691-5571285.cloudwaysapps.com/wp-content/uploads/2025/08/2009_12_1566262285-1001x1024.webp
DEBUG:root:Checking internal image: https://wordpress-810691-5571285.cloudwaysapps.com/wp-content/uploads/2025/08/2009_23_1566262285-634x1024.webp
DEBUG:urllib3.connectionpool:Starting new HTTPS connection (1): wordpress-810691-5571285.cloudwaysapps.com:443
DEBUG:urllib3.connectionpool:https://wordpress-810691-5571285.cloudwaysapps.com:443 "GET /wp-content/uploads/2025/08/IMG_0045_8_1571799214-1024x647.webp HTTP/1.1" 200 162590
DEBUG:root:✅ Image OK: https://wordpress-810691-5571285.cloudwaysapps.com/wp-content/uploads/2025/08/IMG_0045_8_1571799214-1024x647.webp
DEBUG:root:Checking internal image: https://wordpress-810691-5571285.cloudwaysapps.com/wp-content/uploads/2025/08/IMG_0044_1571799214-999x1024.webp
DEBUG:urllib3.connectionpool:Starting new HTTPS connection (1): wordpress-810691-5571285.cloudwaysapps.com:443
DEBUG:urllib3.connectionpool:https://wordpress-810691-5571285.cloudwaysapps.com:443 "GET /wp-content/uploads/2025/08/2009_23_1566262285-634x1024.webp HTTP/1.1" 200 127828
DEBUG:root:✅ Image OK: https://wordpress-810691-5571285.cloudwaysapps.com/wp-content/uploads/2025/08/2009_23_1566262285-634x1024.webp
DEBUG:root:Checking internal image: https://wordpress-810691-5571285.cloudwaysapps.com/wp-content/uploads/2025/08/2009_9_1566262285-1024x357.webp
DEBUG:urllib3.connectionpool:Starting new HTTPS connection (1): wordpress-810691-5571285.cloudwaysapps.com:443
DEBUG:urllib3.connectionpool:https://wordpress-810691-5571285.cloudwaysapps.com:443 "GET /wp-content/uploads/2025/08/IMG_0044_1571799214-999x1024.webp HTTP/1.1" 200 226986
DEBUG:root:✅ Image OK: https://wordpress-810691-5571285.cloudwaysapps.com/wp-content/uploads/2025/08/IMG_0044_1571799214-999x1024.webp
DEBUG:root:Checking internal image: https://wordpress-810691-5571285.cloudwaysapps.com/wp-content/uploads/2025/08/IMG_0045_1571799214-1024x488.webp
DEBUG:urllib3.connectionpool:Starting new HTTPS connection (1): wordpress-810691-5571285.cloudwaysapps.com:443
DEBUG:urllib3.connectionpool:https://wordpress-810691-5571285.cloudwaysapps.com:443 "GET /wp-content/uploads/2025/08/2009_9_1566262285-1024x357.webp HTTP/1.1" 200 60480
DEBUG:root:✅ Image OK: https://wordpress-810691-5571285.cloudwaysapps.com/wp-content/uploads/2025/08/2009_9_1566262285-1024x357.webp
DEBUG:root:Checking internal image: https://wordpress-810691-5571285.cloudwaysapps.com/wp-content/uploads/2025/08/2009_18_1566262285-1024x827.webp
DEBUG:urllib3.connectionpool:Starting new HTTPS connection (1): wordpress-810691-5571285.cloudwaysapps.com:443
DEBUG:urllib3.connectionpool:https://wordpress-810691-5571285.cloudwaysapps.com:443 "GET /wp-content/uploads/2025/08/IMG_0045_1571799214-1024x488.webp HTTP/1.1" 200 142088
DEBUG:root:✅ Image OK: https://wordpress-810691-5571285.cloudwaysapps.com/wp-content/uploads/2025/08/IMG_0045_1571799214-1024x488.webp
DEBUG:root:Checking internal image: https://wordpress-810691-5571285.cloudwaysapps.com/wp-content/uploads/2025/08/IMG_0046_8_1571799214-1024x890.webp
DEBUG:urllib3.connectionpool:Starting new HTTPS connection (1): wordpress-810691-5571285.cloudwaysapps.com:443
DEBUG:urllib3.connectionpool:https://wordpress-810691-5571285.cloudwaysapps.com:443 "GET /wp-content/uploads/2025/08/2009_18_1566262285-1024x827.webp HTTP/1.1" 200 116256
DEBUG:root:✅ Image OK: https://wordpress-810691-5571285.cloudwaysapps.com/wp-content/uploads/2025/08/2009_18_1566262285-1024x827.webp
DEBUG:root:Checking internal image: https://wordpress-810691-5571285.cloudwaysapps.com/wp-content/uploads/2025/08/2009_5_1566262285-874x1024.webp
DEBUG:urllib3.connectionpool:Starting new HTTPS connection (1): wordpress-810691-5571285.cloudwaysapps.com:443
DEBUG:urllib3.connectionpool:https://wordpress-810691-5571285.cloudwaysapps.com:443 "GET /events/preserving-local-history-2025-09-10/ HTTP/1.1" 200 None
DEBUG:urllib3.connectionpool:https://wordpress-810691-5571285.cloudwaysapps.com:443 "GET /wp-content/uploads/2025/08/IMG_0046_8_1571799214-1024x890.webp HTTP/1.1" 200 218428
DEBUG:root:Successfully fetched https://wordpress-810691-5571285.cloudwaysapps.com/events/preserving-local-history-2025-09-10/ (Content-Length: 41875)
DEBUG:charset_normalizer:Encoding detection: utf_8 is most likely the one.
DEBUG:root:Extracted 448 characters, 65 words from https://wordpress-810691-5571285.cloudwaysapps.com/events/preserving-local-history-2025-09-10/
DEBUG:root:Checking external hyperlink: https://www.google.com/calendar/event?action=TEMPLATE&text=Preserving+Local+History&dates=20250910T100000/20250910T120000&details=Help+in+the+preservation+of+our+local+history+and+collections%2C+including+transcriptionists%2C+preservationists%2C+digitizers%2C+and+organization%C2%A0projects.&location=2525+Oakley+Seaver+Dr%2C+Clermont%2C+FL%2C+34711%2C+United+States&trp=false&sprop=https%3A%2F%2Fwordpress-810691-5571285.cloudwaysapps.com%2Fevents%2Fpreserving-local-history-2025-09-10%2F&sprop=name:Pastfinders&ctz=America%2FNew_York
DEBUG:urllib3.connectionpool:Starting new HTTPS connection (1): www.google.com:443
DEBUG:urllib3.connectionpool:https://wordpress-810691-5571285.cloudwaysapps.com:443 "GET /wp-content/uploads/2025/08/2009_5_1566262285-874x1024.webp HTTP/1.1" 200 170336
DEBUG:root:✅ Image OK: https://wordpress-810691-5571285.cloudwaysapps.com/wp-content/uploads/2025/08/IMG_0046_8_1571799214-1024x890.webp
DEBUG:root:Checking internal image: https://wordpress-810691-5571285.cloudwaysapps.com/wp-content/uploads/2025/08/IMG_0047_1571799214-1024x856.webp
DEBUG:urllib3.connectionpool:https://www.google.com:443 "GET /calendar/event?action=TEMPLATE&text=Preserving+Local+History&dates=20250910T100000/20250910T120000&details=Help+in+the+preservation+of+our+local+history+and+collections%2C+including+transcriptionists%2C+preservationists%2C+digitizers%2C+and+organization%C2%A0projects.&location=2525+Oakley+Seaver+Dr%2C+Clermont%2C+FL%2C+34711%2C+United+States&trp=false&sprop=https%3A%2F%2Fwordpress-810691-5571285.cloudwaysapps.com%2Fevents%2Fpreserving-local-history-2025-09-10%2F&sprop=name:Pastfinders&ctz=America%2FNew_York HTTP/1.1" 302 0
DEBUG:urllib3.connectionpool:Starting new HTTPS connection (1): wordpress-810691-5571285.cloudwaysapps.com:443
DEBUG:urllib3.connectionpool:Starting new HTTPS connection (1): calendar.google.com:443
DEBUG:root:✅ Image OK: https://wordpress-810691-5571285.cloudwaysapps.com/wp-content/uploads/2025/08/2009_5_1566262285-874x1024.webp
DEBUG:root:Checking internal image: https://wordpress-810691-5571285.cloudwaysapps.com/wp-content/uploads/2025/08/2009_25_1566262285-1024x432.webp
DEBUG:urllib3.connectionpool:Starting new HTTPS connection (1): wordpress-810691-5571285.cloudwaysapps.com:443
DEBUG:urllib3.connectionpool:https://calendar.google.com:443 "GET /calendar/event?action=TEMPLATE&text=Preserving+Local+History&dates=20250910T100000/20250910T120000&details=Help+in+the+preservation+of+our+local+history+and+collections,+including+transcriptionists,+preservationists,+digitizers,+and+organization%C2%A0projects.&location=2525+Oakley+Seaver+Dr,+Clermont,+FL,+34711,+United+States&trp=false&sprop=https://wordpress-810691-5571285.cloudwaysapps.com/events/preserving-local-history-2025-09-10/&sprop=name:Pastfinders&ctz=America/New_York HTTP/1.1" 302 0
DEBUG:urllib3.connectionpool:Starting new HTTPS connection (1): accounts.google.com:443
DEBUG:urllib3.connectionpool:https://wordpress-810691-5571285.cloudwaysapps.com:443 "GET /wp-content/uploads/2025/08/IMG_0047_1571799214-1024x856.webp HTTP/1.1" 200 204562
DEBUG:urllib3.connectionpool:https://accounts.google.com:443 "GET /ServiceLogin?service=cl&passive=1209600&osid=1&continue=https://calendar.google.com/calendar/event?action%3DTEMPLATE%26text%3DPreserving%2BLocal%2BHistory%26dates%3D20250910T100000/20250910T120000%26details%3DHelp%2Bin%2Bthe%2Bpreservation%2Bof%2Bour%2Blocal%2Bhistory%2Band%2Bcollections,%2Bincluding%2Btranscriptionists,%2Bpreservationists,%2Bdigitizers,%2Band%2Borganization%25C2%25A0projects.%26location%3D2525%2BOakley%2BSeaver%2BDr,%2BClermont,%2BFL,%2B34711,%2BUnited%2BStates%26trp%3Dfalse%26sprop%3Dhttps://wordpress-810691-5571285.cloudwaysapps.com/events/preserving-local-history-2025-09-10/%26sprop%3Dname:Pastfinders%26ctz%3DAmerica/New_York&followup=https://calendar.google.com/calendar/event?action%3DTEMPLATE%26text%3DPreserving%2BLocal%2BHistory%26dates%3D20250910T100000/20250910T120000%26details%3DHelp%2Bin%2Bthe%2Bpreservation%2Bof%2Bour%2Blocal%2Bhistory%2Band%2Bcollections,%2Bincluding%2Btranscriptionists,%2Bpreservationists,%2Bdigitizers,%2Band%2Borganization%25C2%25A0projects.%26location%3D2525%2BOakley%2BSeaver%2BDr,%2BClermont,%2BFL,%2B34711,%2BUnited%2BStates%26trp%3Dfalse%26sprop%3Dhttps://wordpress-810691-5571285.cloudwaysapps.com/events/preserving-local-history-2025-09-10/%26sprop%3Dname:Pastfinders%26ctz%3DAmerica/New_York&emr=1 HTTP/1.1" 302 0
DEBUG:urllib3.connectionpool:https://wordpress-810691-5571285.cloudwaysapps.com:443 "GET /wp-content/uploads/2025/08/2009_25_1566262285-1024x432.webp HTTP/1.1" 200 93122
DEBUG:root:✅ Image OK: https://wordpress-810691-5571285.cloudwaysapps.com/wp-content/uploads/2025/08/2009_25_1566262285-1024x432.webp
DEBUG:root:Checking internal image: https://wordpress-810691-5571285.cloudwaysapps.com/wp-content/uploads/2025/08/2009_8_1566262285-1024x457.webp
DEBUG:urllib3.connectionpool:Starting new HTTPS connection (1): wordpress-810691-5571285.cloudwaysapps.com:443
DEBUG:urllib3.connectionpool:https://accounts.google.com:443 "GET /InteractiveLogin?continue=https://calendar.google.com/calendar/event?action%3DTEMPLATE%26text%3DPreserving%2BLocal%2BHistory%26dates%3D20250910T100000/20250910T120000%26details%3DHelp%2Bin%2Bthe%2Bpreservation%2Bof%2Bour%2Blocal%2Bhistory%2Band%2Bcollections,%2Bincluding%2Btranscriptionists,%2Bpreservationists,%2Bdigitizers,%2Band%2Borganization%25C2%25A0projects.%26location%3D2525%2BOakley%2BSeaver%2BDr,%2BClermont,%2BFL,%2B34711,%2BUnited%2BStates%26trp%3Dfalse%26sprop%3Dhttps://wordpress-810691-5571285.cloudwaysapps.com/events/preserving-local-history-2025-09-10/%26sprop%3Dname:Pastfinders%26ctz%3DAmerica/New_York&emr=1&followup=https://calendar.google.com/calendar/event?action%3DTEMPLATE%26text%3DPreserving%2BLocal%2BHistory%26dates%3D20250910T100000/20250910T120000%26details%3DHelp%2Bin%2Bthe%2Bpreservation%2Bof%2Bour%2Blocal%2Bhistory%2Band%2Bcollections,%2Bincluding%2Btranscriptionists,%2Bpreservationists,%2Bdigitizers,%2Band%2Borganization%25C2%25A0projects.%26location%3D2525%2BOakley%2BSeaver%2BDr,%2BClermont,%2BFL,%2B34711,%2BUnited%2BStates%26trp%3Dfalse%26sprop%3Dhttps://wordpress-810691-5571285.cloudwaysapps.com/events/preserving-local-history-2025-09-10/%26sprop%3Dname:Pastfinders%26ctz%3DAmerica/New_York&osid=1&passive=1209600&service=cl&ifkv=AdBytiMhRROX251g1Blci-KwUlhDLS9fTauCmGRVpxtYnplW3-c0U1qVrLRxK72YAIB796vK2lsgaw HTTP/1.1" 302 None
DEBUG:root:✅ Image OK: https://wordpress-810691-5571285.cloudwaysapps.com/wp-content/uploads/2025/08/IMG_0047_1571799214-1024x856.webp
DEBUG:root:Checking internal image: https://wordpress-810691-5571285.cloudwaysapps.com/wp-content/uploads/2025/08/IMG_0043_1571799214-1024x535.webp
DEBUG:urllib3.connectionpool:Starting new HTTPS connection (1): wordpress-810691-5571285.cloudwaysapps.com:443
DEBUG:urllib3.connectionpool:https://accounts.google.com:443 "GET /v3/signin/identifier?continue=https%3A%2F%2Fcalendar.google.com%2Fcalendar%2Fevent%3Faction%3DTEMPLATE%26text%3DPreserving%2BLocal%2BHistory%26dates%3D20250910T100000%2F20250910T120000%26details%3DHelp%2Bin%2Bthe%2Bpreservation%2Bof%2Bour%2Blocal%2Bhistory%2Band%2Bcollections%2C%2Bincluding%2Btranscriptionists%2C%2Bpreservationists%2C%2Bdigitizers%2C%2Band%2Borganization%25C2%25A0projects.%26location%3D2525%2BOakley%2BSeaver%2BDr%2C%2BClermont%2C%2BFL%2C%2B34711%2C%2BUnited%2BStates%26trp%3Dfalse%26sprop%3Dhttps%3A%2F%2Fwordpress-810691-5571285.cloudwaysapps.com%2Fevents%2Fpreserving-local-history-2025-09-10%2F%26sprop%3Dname%3APastfinders%26ctz%3DAmerica%2FNew_York&emr=1&followup=https%3A%2F%2Fcalendar.google.com%2Fcalendar%2Fevent%3Faction%3DTEMPLATE%26text%3DPreserving%2BLocal%2BHistory%26dates%3D20250910T100000%2F20250910T120000%26details%3DHelp%2Bin%2Bthe%2Bpreservation%2Bof%2Bour%2Blocal%2Bhistory%2Band%2Bcollections%2C%2Bincluding%2Btranscriptionists%2C%2Bpreservationists%2C%2Bdigitizers%2C%2Band%2Borganization%25C2%25A0projects.%26location%3D2525%2BOakley%2BSeaver%2BDr%2C%2BClermont%2C%2BFL%2C%2B34711%2C%2BUnited%2BStates%26trp%3Dfalse%26sprop%3Dhttps%3A%2F%2Fwordpress-810691-5571285.cloudwaysapps.com%2Fevents%2Fpreserving-local-history-2025-09-10%2F%26sprop%3Dname%3APastfinders%26ctz%3DAmerica%2FNew_York&ifkv=AdBytiOfTmvHyzjunrSv9oXkCQVuaWoxumEZNdv5Nb3xXVLt9f6Val3PL99R4e-dW1QIqhcQnLNo0A&osid=1&passive=1209600&service=cl&flowName=WebLiteSignIn&flowEntry=ServiceLogin&dsh=S-216569054%3A1756758305469003 HTTP/1.1" 200 None
DEBUG:root:✅ Hyperlink OK: https://www.google.com/calendar/event?action=TEMPLATE&text=Preserving+Local+History&dates=20250910T100000/20250910T120000&details=Help+in+the+preservation+of+our+local+history+and+collections%2C+including+transcriptionists%2C+preservationists%2C+digitizers%2C+and+organization%C2%A0projects.&location=2525+Oakley+Seaver+Dr%2C+Clermont%2C+FL%2C+34711%2C+United+States&trp=false&sprop=https%3A%2F%2Fwordpress-810691-5571285.cloudwaysapps.com%2Fevents%2Fpreserving-local-history-2025-09-10%2F&sprop=name:Pastfinders&ctz=America%2FNew_York
DEBUG:root:Checking external hyperlink: https://outlook.office.com/calendar/0/deeplink/compose?allday=false&body=Help+in+the+preservation+of+our+local+history+and+collections%2C+including+transcriptionists%2C+preservationists%2C+digitizers%2C+and+organization%C2%A0projects.&location=2525+Oakley+Seaver+Dr%2C+Clermont%2C+FL%2C+34711%2C+United+States&path=/calendar/action/compose&rru=addevent&startdt=2025-09-10T10%3A00%3A00-04%3A00&enddt=2025-09-10T12%3A00%3A00-04%3A00&subject=Preserving+Local+History
DEBUG:urllib3.connectionpool:Starting new HTTPS connection (1): outlook.office.com:443
DEBUG:urllib3.connectionpool:https://wordpress-810691-5571285.cloudwaysapps.com:443 "GET /wp-content/uploads/2025/08/2009_8_1566262285-1024x457.webp HTTP/1.1" 200 106580
DEBUG:urllib3.connectionpool:https://wordpress-810691-5571285.cloudwaysapps.com:443 "GET /wp-content/uploads/2025/08/IMG_0043_1571799214-1024x535.webp HTTP/1.1" 200 112492
DEBUG:root:✅ Image OK: https://wordpress-810691-5571285.cloudwaysapps.com/wp-content/uploads/2025/08/2009_8_1566262285-1024x457.webp
DEBUG:root:Checking internal image: https://wordpress-810691-5571285.cloudwaysapps.com/wp-content/uploads/2025/08/2009_22_1566262285-685x1024.webp
DEBUG:urllib3.connectionpool:Starting new HTTPS connection (1): wordpress-810691-5571285.cloudwaysapps.com:443
DEBUG:root:✅ Image OK: https://wordpress-810691-5571285.cloudwaysapps.com/wp-content/uploads/2025/08/IMG_0043_1571799214-1024x535.webp
DEBUG:root:Using regex pattern: \b[a-zA-Z]{3,}\b
DEBUG:root:Found 41 words to check in https://wordpress-810691-5571285.cloudwaysapps.com/galleries/2018-pastfinders-news/ (min_length=3)
DEBUG:root:Sample words from https://wordpress-810691-5571285.cloudwaysapps.com/galleries/2018-pastfinders-news/: ['This', 'alert', 'Skip', 'content', 'Pastfinders', 'News', 'images', 'Click', 'view', 'Click']
DEBUG:root:Spell check results for https://wordpress-810691-5571285.cloudwaysapps.com/galleries/2018-pastfinders-news/: 18 words checked, 23 skipped, 0 errors found
INFO:root:✅ Processed https://wordpress-810691-5571285.cloudwaysapps.com/galleries/2018-pastfinders-news/: 0 errors found, 83 words checked
DEBUG:root:Attempting to fetch: https://wordpress-810691-5571285.cloudwaysapps.com/events/irish-special-interest-group-sig-2025-11-17/
Processing pages:  85%|████████▌ | 325/381 [03:01<00:51,  1.09it/s]DEBUG:urllib3.connectionpool:https://outlook.office.com:443 "GET /calendar/0/deeplink/compose?allday=false&body=Help+in+the+preservation+of+our+local+history+and+collections%2C+including+transcriptionists%2C+preservationists%2C+digitizers%2C+and+organization%C2%A0projects.&location=2525+Oakley+Seaver+Dr%2C+Clermont%2C+FL%2C+34711%2C+United+States&path=/calendar/action/compose&rru=addevent&startdt=2025-09-10T10%3A00%3A00-04%3A00&enddt=2025-09-10T12%3A00%3A00-04%3A00&subject=Preserving+Local+History HTTP/1.1" 200 None
DEBUG:urllib3.connectionpool:https://wordpress-810691-5571285.cloudwaysapps.com:443 "GET /events/irish-special-interest-group-sig-2025-11-17/ HTTP/1.1" 200 None
DEBUG:root:✅ Hyperlink OK: https://outlook.office.com/calendar/0/deeplink/compose?allday=false&body=Help+in+the+preservation+of+our+local+history+and+collections%2C+including+transcriptionists%2C+preservationists%2C+digitizers%2C+and+organization%C2%A0projects.&location=2525+Oakley+Seaver+Dr%2C+Clermont%2C+FL%2C+34711%2C+United+States&path=/calendar/action/compose&rru=addevent&startdt=2025-09-10T10%3A00%3A00-04%3A00&enddt=2025-09-10T12%3A00%3A00-04%3A00&subject=Preserving+Local+History
DEBUG:root:Checking external hyperlink: https://outlook.live.com/calendar/0/deeplink/compose?allday=false&body=Help+in+the+preservation+of+our+local+history+and+collections%2C+including+transcriptionists%2C+preservationists%2C+digitizers%2C+and+organization%C2%A0projects.&location=2525+Oakley+Seaver+Dr%2C+Clermont%2C+FL%2C+34711%2C+United+States&path=/calendar/action/compose&rru=addevent&startdt=2025-09-10T10%3A00%3A00-04%3A00&enddt=2025-09-10T12%3A00%3A00-04%3A00&subject=Preserving+Local+History
DEBUG:root:Successfully fetched https://wordpress-810691-5571285.cloudwaysapps.com/events/irish-special-interest-group-sig-2025-11-17/ (Content-Length: 43820)
DEBUG:charset_normalizer:Encoding detection: utf_8 is most likely the one.
DEBUG:urllib3.connectionpool:Starting new HTTPS connection (1): outlook.live.com:443
DEBUG:root:Extracted 722 characters, 121 words from https://wordpress-810691-5571285.cloudwaysapps.com/events/irish-special-interest-group-sig-2025-11-17/
DEBUG:root:Checking external hyperlink: https://www.google.com/calendar/event?action=TEMPLATE&text=Irish+Special+Interest+Group+%28SIG%29&dates=20251117T130000/20251117T141500&details=%3Cstrong%3EThe+Irish+SIG+will+resume+with+a+different+approach+to+Genealogy+Research.%C2%A0+Discussions+will+be+based+on+input+from+the+group%2C+which+will+result+in+changing+topics+each+month.%3C%2Fstrong%3EPastfinders+will+send+an+Email+to+SIG+members+several+days+prior+to+each+meeting.Pastfinders+is+using+the+Zoom+Virtual+Meeting+app+to+hold+these+meetings+and+you+can+only+join+the+meeting+by+using+a+link+provided+by+Pastfinders.%C2%A0+You+can+register+for+the+season+here%3A%3Cstrong%3E%C2%A0%3Ca+href%3D%22https%3A%2F%2Fform.jotform.com%2FPastfindersSLC%2FJoin-Irish-SIG%22%3EIrish+SIG%3C%2Fa%3E%C2%A0%3C%2Fstrong%3E&location=&trp=false&sprop=https%3A%2F%2Fwordpress-810691-5571285.cloudwaysapps.com%2Fevents%2Firish-special-interest-group-sig-2025-11-17%2F&sprop=name:Pastfinders&ctz=America%2FNew_York
DEBUG:urllib3.connectionpool:Starting new HTTPS connection (1): www.google.com:443
DEBUG:urllib3.connectionpool:https://wordpress-810691-5571285.cloudwaysapps.com:443 "GET /wp-content/uploads/2025/08/2009_22_1566262285-685x1024.webp HTTP/1.1" 200 116970
DEBUG:urllib3.connectionpool:https://www.google.com:443 "GET /calendar/event?action=TEMPLATE&text=Irish+Special+Interest+Group+%28SIG%29&dates=20251117T130000/20251117T141500&details=%3Cstrong%3EThe+Irish+SIG+will+resume+with+a+different+approach+to+Genealogy+Research.%C2%A0+Discussions+will+be+based+on+input+from+the+group%2C+which+will+result+in+changing+topics+each+month.%3C%2Fstrong%3EPastfinders+will+send+an+Email+to+SIG+members+several+days+prior+to+each+meeting.Pastfinders+is+using+the+Zoom+Virtual+Meeting+app+to+hold+these+meetings+and+you+can+only+join+the+meeting+by+using+a+link+provided+by+Pastfinders.%C2%A0+You+can+register+for+the+season+here%3A%3Cstrong%3E%C2%A0%3Ca+href%3D%22https%3A%2F%2Fform.jotform.com%2FPastfindersSLC%2FJoin-Irish-SIG%22%3EIrish+SIG%3C%2Fa%3E%C2%A0%3C%2Fstrong%3E&location=&trp=false&sprop=https%3A%2F%2Fwordpress-810691-5571285.cloudwaysapps.com%2Fevents%2Firish-special-interest-group-sig-2025-11-17%2F&sprop=name:Pastfinders&ctz=America%2FNew_York HTTP/1.1" 302 0
DEBUG:urllib3.connectionpool:Starting new HTTPS connection (1): calendar.google.com:443
DEBUG:urllib3.connectionpool:https://outlook.live.com:443 "GET /calendar/0/deeplink/compose?allday=false&body=Help+in+the+preservation+of+our+local+history+and+collections%2C+including+transcriptionists%2C+preservationists%2C+digitizers%2C+and+organization%C2%A0projects.&location=2525+Oakley+Seaver+Dr%2C+Clermont%2C+FL%2C+34711%2C+United+States&path=/calendar/action/compose&rru=addevent&startdt=2025-09-10T10%3A00%3A00-04%3A00&enddt=2025-09-10T12%3A00%3A00-04%3A00&subject=Preserving+Local+History HTTP/1.1" 200 None
DEBUG:root:✅ Hyperlink OK: https://outlook.live.com/calendar/0/deeplink/compose?allday=false&body=Help+in+the+preservation+of+our+local+history+and+collections%2C+including+transcriptionists%2C+preservationists%2C+digitizers%2C+and+organization%C2%A0projects.&location=2525+Oakley+Seaver+Dr%2C+Clermont%2C+FL%2C+34711%2C+United+States&path=/calendar/action/compose&rru=addevent&startdt=2025-09-10T10%3A00%3A00-04%3A00&enddt=2025-09-10T12%3A00%3A00-04%3A00&subject=Preserving+Local+History
DEBUG:root:Using regex pattern: \b[a-zA-Z]{3,}\b
DEBUG:root:Found 44 words to check in https://wordpress-810691-5571285.cloudwaysapps.com/events/preserving-local-history-2025-09-10/ (min_length=3)
DEBUG:root:Sample words from https://wordpress-810691-5571285.cloudwaysapps.com/events/preserving-local-history-2025-09-10/: ['This', 'alert', 'Skip', 'content', 'Preserving', 'Local', 'History', 'When', 'September', 'Add']
DEBUG:root:Misspelled word found: 'transcriptionists' in https://wordpress-810691-5571285.cloudwaysapps.com/events/preserving-local-history-2025-09-10/
DEBUG:root:Spell check results for https://wordpress-810691-5571285.cloudwaysapps.com/events/preserving-local-history-2025-09-10/: 17 words checked, 27 skipped, 1 errors found
INFO:root:✅ Processed https://wordpress-810691-5571285.cloudwaysapps.com/events/preserving-local-history-2025-09-10/: 1 errors found, 65 words checked
DEBUG:root:Attempting to fetch: https://wordpress-810691-5571285.cloudwaysapps.com/events/preserving-local-history-2026-06-03/
Processing pages:  86%|████████▌ | 326/381 [03:02<00:39,  1.38it/s]DEBUG:root:✅ Image OK: https://wordpress-810691-5571285.cloudwaysapps.com/wp-content/uploads/2025/08/2009_22_1566262285-685x1024.webp
DEBUG:root:Checking internal image: https://wordpress-810691-5571285.cloudwaysapps.com/wp-content/uploads/2025/08/2009_24_1566262285-1024x660.webp
DEBUG:urllib3.connectionpool:Starting new HTTPS connection (1): wordpress-810691-5571285.cloudwaysapps.com:443
DEBUG:urllib3.connectionpool:https://wordpress-810691-5571285.cloudwaysapps.com:443 "GET /events/preserving-local-history-2026-06-03/ HTTP/1.1" 200 None
DEBUG:root:Successfully fetched https://wordpress-810691-5571285.cloudwaysapps.com/events/preserving-local-history-2026-06-03/ (Content-Length: 43608)
DEBUG:charset_normalizer:Encoding detection: utf_8 is most likely the one.
DEBUG:root:Extracted 442 characters, 65 words from https://wordpress-810691-5571285.cloudwaysapps.com/events/preserving-local-history-2026-06-03/
DEBUG:root:Checking external hyperlink: https://www.google.com/calendar/event?action=TEMPLATE&text=Preserving+Local+History&dates=20260603T100000/20260603T120000&details=Help+in+the+preservation+of+our+local+history+and+collections%2C+including+transcriptionists%2C+preservationists%2C+digitizers%2C+and+organization%C2%A0projects.&location=2525+Oakley+Seaver+Dr%2C+Clermont%2C+FL%2C+34711%2C+United+States&trp=false&sprop=https%3A%2F%2Fwordpress-810691-5571285.cloudwaysapps.com%2Fevents%2Fpreserving-local-history-2026-06-03%2F&sprop=name:Pastfinders&ctz=America%2FNew_York
DEBUG:urllib3.connectionpool:https://calendar.google.com:443 "GET /calendar/event?action=TEMPLATE&text=Irish+Special+Interest+Group+(SIG)&dates=20251117T130000/20251117T141500&details=%3Cstrong%3EThe+Irish+SIG+will+resume+with+a+different+approach+to+Genealogy+Research.%C2%A0+Discussions+will+be+based+on+input+from+the+group,+which+will+result+in+changing+topics+each+month.%3C/strong%3EPastfinders+will+send+an+Email+to+SIG+members+several+days+prior+to+each+meeting.Pastfinders+is+using+the+Zoom+Virtual+Meeting+app+to+hold+these+meetings+and+you+can+only+join+the+meeting+by+using+a+link+provided+by+Pastfinders.%C2%A0+You+can+register+for+the+season+here:%3Cstrong%3E%C2%A0%3Ca+href%3D%22https://form.jotform.com/PastfindersSLC/Join-Irish-SIG%22%3EIrish+SIG%3C/a%3E%C2%A0%3C/strong%3E&location&trp=false&sprop=https://wordpress-810691-5571285.cloudwaysapps.com/events/irish-special-interest-group-sig-2025-11-17/&sprop=name:Pastfinders&ctz=America/New_York HTTP/1.1" 302 0
DEBUG:urllib3.connectionpool:Starting new HTTPS connection (1): www.google.com:443
DEBUG:urllib3.connectionpool:Starting new HTTPS connection (1): accounts.google.com:443
DEBUG:urllib3.connectionpool:https://www.google.com:443 "GET /calendar/event?action=TEMPLATE&text=Preserving+Local+History&dates=20260603T100000/20260603T120000&details=Help+in+the+preservation+of+our+local+history+and+collections%2C+including+transcriptionists%2C+preservationists%2C+digitizers%2C+and+organization%C2%A0projects.&location=2525+Oakley+Seaver+Dr%2C+Clermont%2C+FL%2C+34711%2C+United+States&trp=false&sprop=https%3A%2F%2Fwordpress-810691-5571285.cloudwaysapps.com%2Fevents%2Fpreserving-local-history-2026-06-03%2F&sprop=name:Pastfinders&ctz=America%2FNew_York HTTP/1.1" 302 0
DEBUG:urllib3.connectionpool:Starting new HTTPS connection (1): calendar.google.com:443
DEBUG:urllib3.connectionpool:https://accounts.google.com:443 "GET /ServiceLogin?service=cl&passive=1209600&osid=1&continue=https://calendar.google.com/calendar/event?action%3DTEMPLATE%26text%3DIrish%2BSpecial%2BInterest%2BGroup%2B(SIG)%26dates%3D20251117T130000/20251117T141500%26details%3D%253Cstrong%253EThe%2BIrish%2BSIG%2Bwill%2Bresume%2Bwith%2Ba%2Bdifferent%2Bapproach%2Bto%2BGenealogy%2BResearch.%25C2%25A0%2BDiscussions%2Bwill%2Bbe%2Bbased%2Bon%2Binput%2Bfrom%2Bthe%2Bgroup,%2Bwhich%2Bwill%2Bresult%2Bin%2Bchanging%2Btopics%2Beach%2Bmonth.%253C/strong%253EPastfinders%2Bwill%2Bsend%2Ban%2BEmail%2Bto%2BSIG%2Bmembers%2Bseveral%2Bdays%2Bprior%2Bto%2Beach%2Bmeeting.Pastfinders%2Bis%2Busing%2Bthe%2BZoom%2BVirtual%2BMeeting%2Bapp%2Bto%2Bhold%2Bthese%2Bmeetings%2Band%2Byou%2Bcan%2Bonly%2Bjoin%2Bthe%2Bmeeting%2Bby%2Busing%2Ba%2Blink%2Bprovided%2Bby%2BPastfinders.%25C2%25A0%2BYou%2Bcan%2Bregister%2Bfor%2Bthe%2Bseason%2Bhere:%253Cstrong%253E%25C2%25A0%253Ca%2Bhref%253D%2522https://form.jotform.com/PastfindersSLC/Join-Irish-SIG%2522%253EIrish%2BSIG%253C/a%253E%25C2%25A0%253C/strong%253E%26location%26trp%3Dfalse%26sprop%3Dhttps://wordpress-810691-5571285.cloudwaysapps.com/events/irish-special-interest-group-sig-2025-11-17/%26sprop%3Dname:Pastfinders%26ctz%3DAmerica/New_York&followup=https://calendar.google.com/calendar/event?action%3DTEMPLATE%26text%3DIrish%2BSpecial%2BInterest%2BGroup%2B(SIG)%26dates%3D20251117T130000/20251117T141500%26details%3D%253Cstrong%253EThe%2BIrish%2BSIG%2Bwill%2Bresume%2Bwith%2Ba%2Bdifferent%2Bapproach%2Bto%2BGenealogy%2BResearch.%25C2%25A0%2BDiscussions%2Bwill%2Bbe%2Bbased%2Bon%2Binput%2Bfrom%2Bthe%2Bgroup,%2Bwhich%2Bwill%2Bresult%2Bin%2Bchanging%2Btopics%2Beach%2Bmonth.%253C/strong%253EPastfinders%2Bwill%2Bsend%2Ban%2BEmail%2Bto%2BSIG%2Bmembers%2Bseveral%2Bdays%2Bprior%2Bto%2Beach%2Bmeeting.Pastfinders%2Bis%2Busing%2Bthe%2BZoom%2BVirtual%2BMeeting%2Bapp%2Bto%2Bhold%2Bthese%2Bmeetings%2Band%2Byou%2Bcan%2Bonly%2Bjoin%2Bthe%2Bmeeting%2Bby%2Busing%2Ba%2Blink%2Bprovided%2Bby%2BPastfinders.%25C2%25A0%2BYou%2Bcan%2Bregister%2Bfor%2Bthe%2Bseason%2Bhere:%253Cstrong%253E%25C2%25A0%253Ca%2Bhref%253D%2522https://form.jotform.com/PastfindersSLC/Join-Irish-SIG%2522%253EIrish%2BSIG%253C/a%253E%25C2%25A0%253C/strong%253E%26location%26trp%3Dfalse%26sprop%3Dhttps://wordpress-810691-5571285.cloudwaysapps.com/events/irish-special-interest-group-sig-2025-11-17/%26sprop%3Dname:Pastfinders%26ctz%3DAmerica/New_York&emr=1 HTTP/1.1" 302 0
DEBUG:urllib3.connectionpool:https://accounts.google.com:443 "GET /InteractiveLogin?continue=https://calendar.google.com/calendar/event?action%3DTEMPLATE%26text%3DIrish%2BSpecial%2BInterest%2BGroup%2B(SIG)%26dates%3D20251117T130000/20251117T141500%26details%3D%253Cstrong%253EThe%2BIrish%2BSIG%2Bwill%2Bresume%2Bwith%2Ba%2Bdifferent%2Bapproach%2Bto%2BGenealogy%2BResearch.%25C2%25A0%2BDiscussions%2Bwill%2Bbe%2Bbased%2Bon%2Binput%2Bfrom%2Bthe%2Bgroup,%2Bwhich%2Bwill%2Bresult%2Bin%2Bchanging%2Btopics%2Beach%2Bmonth.%253C/strong%253EPastfinders%2Bwill%2Bsend%2Ban%2BEmail%2Bto%2BSIG%2Bmembers%2Bseveral%2Bdays%2Bprior%2Bto%2Beach%2Bmeeting.Pastfinders%2Bis%2Busing%2Bthe%2BZoom%2BVirtual%2BMeeting%2Bapp%2Bto%2Bhold%2Bthese%2Bmeetings%2Band%2Byou%2Bcan%2Bonly%2Bjoin%2Bthe%2Bmeeting%2Bby%2Busing%2Ba%2Blink%2Bprovided%2Bby%2BPastfinders.%25C2%25A0%2BYou%2Bcan%2Bregister%2Bfor%2Bthe%2Bseason%2Bhere:%253Cstrong%253E%25C2%25A0%253Ca%2Bhref%253D%2522https://form.jotform.com/PastfindersSLC/Join-Irish-SIG%2522%253EIrish%2BSIG%253C/a%253E%25C2%25A0%253C/strong%253E%26location%26trp%3Dfalse%26sprop%3Dhttps://wordpress-810691-5571285.cloudwaysapps.com/events/irish-special-interest-group-sig-2025-11-17/%26sprop%3Dname:Pastfinders%26ctz%3DAmerica/New_York&emr=1&followup=https://calendar.google.com/calendar/event?action%3DTEMPLATE%26text%3DIrish%2BSpecial%2BInterest%2BGroup%2B(SIG)%26dates%3D20251117T130000/20251117T141500%26details%3D%253Cstrong%253EThe%2BIrish%2BSIG%2Bwill%2Bresume%2Bwith%2Ba%2Bdifferent%2Bapproach%2Bto%2BGenealogy%2BResearch.%25C2%25A0%2BDiscussions%2Bwill%2Bbe%2Bbased%2Bon%2Binput%2Bfrom%2Bthe%2Bgroup,%2Bwhich%2Bwill%2Bresult%2Bin%2Bchanging%2Btopics%2Beach%2Bmonth.%253C/strong%253EPastfinders%2Bwill%2Bsend%2Ban%2BEmail%2Bto%2BSIG%2Bmembers%2Bseveral%2Bdays%2Bprior%2Bto%2Beach%2Bmeeting.Pastfinders%2Bis%2Busing%2Bthe%2BZoom%2BVirtual%2BMeeting%2Bapp%2Bto%2Bhold%2Bthese%2Bmeetings%2Band%2Byou%2Bcan%2Bonly%2Bjoin%2Bthe%2Bmeeting%2Bby%2Busing%2Ba%2Blink%2Bprovided%2Bby%2BPastfinders.%25C2%25A0%2BYou%2Bcan%2Bregister%2Bfor%2Bthe%2Bseason%2Bhere:%253Cstrong%253E%25C2%25A0%253Ca%2Bhref%253D%2522https://form.jotform.com/PastfindersSLC/Join-Irish-SIG%2522%253EIrish%2BSIG%253C/a%253E%25C2%25A0%253C/strong%253E%26location%26trp%3Dfalse%26sprop%3Dhttps://wordpress-810691-5571285.cloudwaysapps.com/events/irish-special-interest-group-sig-2025-11-17/%26sprop%3Dname:Pastfinders%26ctz%3DAmerica/New_York&osid=1&passive=1209600&service=cl&ifkv=AdBytiPc08FXoNx9UM0GHPGaN3-G51v6tctgTqw2F8VZdW5zTIdlcdPbPLmcsal5swrL93RycRfRPA HTTP/1.1" 302 None
DEBUG:urllib3.connectionpool:https://wordpress-810691-5571285.cloudwaysapps.com:443 "GET /wp-content/uploads/2025/08/2009_24_1566262285-1024x660.webp HTTP/1.1" 200 90436
DEBUG:urllib3.connectionpool:https://accounts.google.com:443 "GET /v3/signin/identifier?continue=https%3A%2F%2Fcalendar.google.com%2Fcalendar%2Fevent%3Faction%3DTEMPLATE%26text%3DIrish%2BSpecial%2BInterest%2BGroup%2B%28SIG%29%26dates%3D20251117T130000%2F20251117T141500%26details%3D%253Cstrong%253EThe%2BIrish%2BSIG%2Bwill%2Bresume%2Bwith%2Ba%2Bdifferent%2Bapproach%2Bto%2BGenealogy%2BResearch.%25C2%25A0%2BDiscussions%2Bwill%2Bbe%2Bbased%2Bon%2Binput%2Bfrom%2Bthe%2Bgroup%2C%2Bwhich%2Bwill%2Bresult%2Bin%2Bchanging%2Btopics%2Beach%2Bmonth.%253C%2Fstrong%253EPastfinders%2Bwill%2Bsend%2Ban%2BEmail%2Bto%2BSIG%2Bmembers%2Bseveral%2Bdays%2Bprior%2Bto%2Beach%2Bmeeting.Pastfinders%2Bis%2Busing%2Bthe%2BZoom%2BVirtual%2BMeeting%2Bapp%2Bto%2Bhold%2Bthese%2Bmeetings%2Band%2Byou%2Bcan%2Bonly%2Bjoin%2Bthe%2Bmeeting%2Bby%2Busing%2Ba%2Blink%2Bprovided%2Bby%2BPastfinders.%25C2%25A0%2BYou%2Bcan%2Bregister%2Bfor%2Bthe%2Bseason%2Bhere%3A%253Cstrong%253E%25C2%25A0%253Ca%2Bhref%253D%2522https%3A%2F%2Fform.jotform.com%2FPastfindersSLC%2FJoin-Irish-SIG%2522%253EIrish%2BSIG%253C%2Fa%253E%25C2%25A0%253C%2Fstrong%253E%26location%26trp%3Dfalse%26sprop%3Dhttps%3A%2F%2Fwordpress-810691-5571285.cloudwaysapps.com%2Fevents%2Firish-special-interest-group-sig-2025-11-17%2F%26sprop%3Dname%3APastfinders%26ctz%3DAmerica%2FNew_York&emr=1&followup=https%3A%2F%2Fcalendar.google.com%2Fcalendar%2Fevent%3Faction%3DTEMPLATE%26text%3DIrish%2BSpecial%2BInterest%2BGroup%2B%28SIG%29%26dates%3D20251117T130000%2F20251117T141500%26details%3D%253Cstrong%253EThe%2BIrish%2BSIG%2Bwill%2Bresume%2Bwith%2Ba%2Bdifferent%2Bapproach%2Bto%2BGenealogy%2BResearch.%25C2%25A0%2BDiscussions%2Bwill%2Bbe%2Bbased%2Bon%2Binput%2Bfrom%2Bthe%2Bgroup%2C%2Bwhich%2Bwill%2Bresult%2Bin%2Bchanging%2Btopics%2Beach%2Bmonth.%253C%2Fstrong%253EPastfinders%2Bwill%2Bsend%2Ban%2BEmail%2Bto%2BSIG%2Bmembers%2Bseveral%2Bdays%2Bprior%2Bto%2Beach%2Bmeeting.Pastfinders%2Bis%2Busing%2Bthe%2BZoom%2BVirtual%2BMeeting%2Bapp%2Bto%2Bhold%2Bthese%2Bmeetings%2Band%2Byou%2Bcan%2Bonly%2Bjoin%2Bthe%2Bmeeting%2Bby%2Busing%2Ba%2Blink%2Bprovided%2Bby%2BPastfinders.%25C2%25A0%2BYou%2Bcan%2Bregister%2Bfor%2Bthe%2Bseason%2Bhere%3A%253Cstrong%253E%25C2%25A0%253Ca%2Bhref%253D%2522https%3A%2F%2Fform.jotform.com%2FPastfindersSLC%2FJoin-Irish-SIG%2522%253EIrish%2BSIG%253C%2Fa%253E%25C2%25A0%253C%2Fstrong%253E%26location%26trp%3Dfalse%26sprop%3Dhttps%3A%2F%2Fwordpress-810691-5571285.cloudwaysapps.com%2Fevents%2Firish-special-interest-group-sig-2025-11-17%2F%26sprop%3Dname%3APastfinders%26ctz%3DAmerica%2FNew_York&ifkv=AdBytiMIQvcfdaw4G55iPlILr0YhXzR7Wkh8_pXlBD5nHnkDcxSxy1evh0CpRPo4P6Iafl0W2T0mTg&osid=1&passive=1209600&service=cl&flowName=WebLiteSignIn&flowEntry=ServiceLogin&dsh=S2063738966%3A1756758306574558 HTTP/1.1" 200 None
DEBUG:urllib3.connectionpool:https://calendar.google.com:443 "GET /calendar/event?action=TEMPLATE&text=Preserving+Local+History&dates=20260603T100000/20260603T120000&details=Help+in+the+preservation+of+our+local+history+and+collections,+including+transcriptionists,+preservationists,+digitizers,+and+organization%C2%A0projects.&location=2525+Oakley+Seaver+Dr,+Clermont,+FL,+34711,+United+States&trp=false&sprop=https://wordpress-810691-5571285.cloudwaysapps.com/events/preserving-local-history-2026-06-03/&sprop=name:Pastfinders&ctz=America/New_York HTTP/1.1" 302 0
DEBUG:root:✅ Image OK: https://wordpress-810691-5571285.cloudwaysapps.com/wp-content/uploads/2025/08/2009_24_1566262285-1024x660.webp
DEBUG:root:Checking internal image: https://wordpress-810691-5571285.cloudwaysapps.com/wp-content/uploads/2025/08/2009_26_1566262285-1024x657.webp
DEBUG:urllib3.connectionpool:Starting new HTTPS connection (1): wordpress-810691-5571285.cloudwaysapps.com:443
DEBUG:urllib3.connectionpool:Starting new HTTPS connection (1): accounts.google.com:443
DEBUG:root:✅ Hyperlink OK: https://www.google.com/calendar/event?action=TEMPLATE&text=Irish+Special+Interest+Group+%28SIG%29&dates=20251117T130000/20251117T141500&details=%3Cstrong%3EThe+Irish+SIG+will+resume+with+a+different+approach+to+Genealogy+Research.%C2%A0+Discussions+will+be+based+on+input+from+the+group%2C+which+will+result+in+changing+topics+each+month.%3C%2Fstrong%3EPastfinders+will+send+an+Email+to+SIG+members+several+days+prior+to+each+meeting.Pastfinders+is+using+the+Zoom+Virtual+Meeting+app+to+hold+these+meetings+and+you+can+only+join+the+meeting+by+using+a+link+provided+by+Pastfinders.%C2%A0+You+can+register+for+the+season+here%3A%3Cstrong%3E%C2%A0%3Ca+href%3D%22https%3A%2F%2Fform.jotform.com%2FPastfindersSLC%2FJoin-Irish-SIG%22%3EIrish+SIG%3C%2Fa%3E%C2%A0%3C%2Fstrong%3E&location=&trp=false&sprop=https%3A%2F%2Fwordpress-810691-5571285.cloudwaysapps.com%2Fevents%2Firish-special-interest-group-sig-2025-11-17%2F&sprop=name:Pastfinders&ctz=America%2FNew_York
DEBUG:root:Checking external hyperlink: https://outlook.office.com/calendar/0/deeplink/compose?allday=false&body=%3Cstrong%3EThe+Irish+SIG+will+resume+with+a+different+approach+to+Genealogy+Research.%C2%A0+Discussions+will+be+based+on+input+from+the+group%2C+which+will+result+in+changing+topics+each+month.%3C%2Fstrong%3EPastfinders+will+send+an+Email+to+SIG+members+several+days+prior+to+each+meeting.Pastfinders+is+using+the+Zoom+Virtual+Meeting+app+to+hold+these+meetings+and+you+can+only+join+the+meeting+by+using+a+link+provided+by+Pastfinders.%C2%A0+You+can+register+for+the+season+here%3A%3Cstrong%3E%C2%A0%3Ca+href%3D%22https%3A%2F%2Fform.jotform.com%2FPastfindersSLC%2FJoin-Irish-SIG%22%3EIrish+SIG%3C%2Fa%3E%C2%A0%3C%2Fstrong%3E&location=&path=/calendar/action/compose&rru=addevent&startdt=2025-11-17T13%3A00%3A00-05%3A00&enddt=2025-11-17T14%3A15%3A00-05%3A00&subject=Irish+Special+Interest+Group+%28SIG%29
DEBUG:urllib3.connectionpool:Starting new HTTPS connection (1): outlook.office.com:443
DEBUG:urllib3.connectionpool:https://accounts.google.com:443 "GET /ServiceLogin?service=cl&passive=1209600&osid=1&continue=https://calendar.google.com/calendar/event?action%3DTEMPLATE%26text%3DPreserving%2BLocal%2BHistory%26dates%3D20260603T100000/20260603T120000%26details%3DHelp%2Bin%2Bthe%2Bpreservation%2Bof%2Bour%2Blocal%2Bhistory%2Band%2Bcollections,%2Bincluding%2Btranscriptionists,%2Bpreservationists,%2Bdigitizers,%2Band%2Borganization%25C2%25A0projects.%26location%3D2525%2BOakley%2BSeaver%2BDr,%2BClermont,%2BFL,%2B34711,%2BUnited%2BStates%26trp%3Dfalse%26sprop%3Dhttps://wordpress-810691-5571285.cloudwaysapps.com/events/preserving-local-history-2026-06-03/%26sprop%3Dname:Pastfinders%26ctz%3DAmerica/New_York&followup=https://calendar.google.com/calendar/event?action%3DTEMPLATE%26text%3DPreserving%2BLocal%2BHistory%26dates%3D20260603T100000/20260603T120000%26details%3DHelp%2Bin%2Bthe%2Bpreservation%2Bof%2Bour%2Blocal%2Bhistory%2Band%2Bcollections,%2Bincluding%2Btranscriptionists,%2Bpreservationists,%2Bdigitizers,%2Band%2Borganization%25C2%25A0projects.%26location%3D2525%2BOakley%2BSeaver%2BDr,%2BClermont,%2BFL,%2B34711,%2BUnited%2BStates%26trp%3Dfalse%26sprop%3Dhttps://wordpress-810691-5571285.cloudwaysapps.com/events/preserving-local-history-2026-06-03/%26sprop%3Dname:Pastfinders%26ctz%3DAmerica/New_York&emr=1 HTTP/1.1" 302 0
DEBUG:urllib3.connectionpool:https://accounts.google.com:443 "GET /InteractiveLogin?continue=https://calendar.google.com/calendar/event?action%3DTEMPLATE%26text%3DPreserving%2BLocal%2BHistory%26dates%3D20260603T100000/20260603T120000%26details%3DHelp%2Bin%2Bthe%2Bpreservation%2Bof%2Bour%2Blocal%2Bhistory%2Band%2Bcollections,%2Bincluding%2Btranscriptionists,%2Bpreservationists,%2Bdigitizers,%2Band%2Borganization%25C2%25A0projects.%26location%3D2525%2BOakley%2BSeaver%2BDr,%2BClermont,%2BFL,%2B34711,%2BUnited%2BStates%26trp%3Dfalse%26sprop%3Dhttps://wordpress-810691-5571285.cloudwaysapps.com/events/preserving-local-history-2026-06-03/%26sprop%3Dname:Pastfinders%26ctz%3DAmerica/New_York&emr=1&followup=https://calendar.google.com/calendar/event?action%3DTEMPLATE%26text%3DPreserving%2BLocal%2BHistory%26dates%3D20260603T100000/20260603T120000%26details%3DHelp%2Bin%2Bthe%2Bpreservation%2Bof%2Bour%2Blocal%2Bhistory%2Band%2Bcollections,%2Bincluding%2Btranscriptionists,%2Bpreservationists,%2Bdigitizers,%2Band%2Borganization%25C2%25A0projects.%26location%3D2525%2BOakley%2BSeaver%2BDr,%2BClermont,%2BFL,%2B34711,%2BUnited%2BStates%26trp%3Dfalse%26sprop%3Dhttps://wordpress-810691-5571285.cloudwaysapps.com/events/preserving-local-history-2026-06-03/%26sprop%3Dname:Pastfinders%26ctz%3DAmerica/New_York&osid=1&passive=1209600&service=cl&ifkv=AdBytiObovi7AkvKHPzNQiKWvzAdH2oXxlCdYq4SvtmxL0dP56MR4MFCY96SxSxTKwgwsrYvHcXXOQ HTTP/1.1" 302 None
DEBUG:urllib3.connectionpool:https://outlook.office.com:443 "GET /calendar/0/deeplink/compose?allday=false&body=%3Cstrong%3EThe+Irish+SIG+will+resume+with+a+different+approach+to+Genealogy+Research.%C2%A0+Discussions+will+be+based+on+input+from+the+group%2C+which+will+result+in+changing+topics+each+month.%3C%2Fstrong%3EPastfinders+will+send+an+Email+to+SIG+members+several+days+prior+to+each+meeting.Pastfinders+is+using+the+Zoom+Virtual+Meeting+app+to+hold+these+meetings+and+you+can+only+join+the+meeting+by+using+a+link+provided+by+Pastfinders.%C2%A0+You+can+register+for+the+season+here%3A%3Cstrong%3E%C2%A0%3Ca+href%3D%22https%3A%2F%2Fform.jotform.com%2FPastfindersSLC%2FJoin-Irish-SIG%22%3EIrish+SIG%3C%2Fa%3E%C2%A0%3C%2Fstrong%3E&location=&path=/calendar/action/compose&rru=addevent&startdt=2025-11-17T13%3A00%3A00-05%3A00&enddt=2025-11-17T14%3A15%3A00-05%3A00&subject=Irish+Special+Interest+Group+%28SIG%29 HTTP/1.1" 200 None
DEBUG:root:✅ Hyperlink OK: https://outlook.office.com/calendar/0/deeplink/compose?allday=false&body=%3Cstrong%3EThe+Irish+SIG+will+resume+with+a+different+approach+to+Genealogy+Research.%C2%A0+Discussions+will+be+based+on+input+from+the+group%2C+which+will+result+in+changing+topics+each+month.%3C%2Fstrong%3EPastfinders+will+send+an+Email+to+SIG+members+several+days+prior+to+each+meeting.Pastfinders+is+using+the+Zoom+Virtual+Meeting+app+to+hold+these+meetings+and+you+can+only+join+the+meeting+by+using+a+link+provided+by+Pastfinders.%C2%A0+You+can+register+for+the+season+here%3A%3Cstrong%3E%C2%A0%3Ca+href%3D%22https%3A%2F%2Fform.jotform.com%2FPastfindersSLC%2FJoin-Irish-SIG%22%3EIrish+SIG%3C%2Fa%3E%C2%A0%3C%2Fstrong%3E&location=&path=/calendar/action/compose&rru=addevent&startdt=2025-11-17T13%3A00%3A00-05%3A00&enddt=2025-11-17T14%3A15%3A00-05%3A00&subject=Irish+Special+Interest+Group+%28SIG%29
DEBUG:root:Checking external hyperlink: https://outlook.live.com/calendar/0/deeplink/compose?allday=false&body=%3Cstrong%3EThe+Irish+SIG+will+resume+with+a+different+approach+to+Genealogy+Research.%C2%A0+Discussions+will+be+based+on+input+from+the+group%2C+which+will+result+in+changing+topics+each+month.%3C%2Fstrong%3EPastfinders+will+send+an+Email+to+SIG+members+several+days+prior+to+each+meeting.Pastfinders+is+using+the+Zoom+Virtual+Meeting+app+to+hold+these+meetings+and+you+can+only+join+the+meeting+by+using+a+link+provided+by+Pastfinders.%C2%A0+You+can+register+for+the+season+here%3A%3Cstrong%3E%C2%A0%3Ca+href%3D%22https%3A%2F%2Fform.jotform.com%2FPastfindersSLC%2FJoin-Irish-SIG%22%3EIrish+SIG%3C%2Fa%3E%C2%A0%3C%2Fstrong%3E&location=&path=/calendar/action/compose&rru=addevent&startdt=2025-11-17T13%3A00%3A00-05%3A00&enddt=2025-11-17T14%3A15%3A00-05%3A00&subject=Irish+Special+Interest+Group+%28SIG%29
DEBUG:urllib3.connectionpool:Starting new HTTPS connection (1): outlook.live.com:443
DEBUG:urllib3.connectionpool:https://wordpress-810691-5571285.cloudwaysapps.com:443 "GET /wp-content/uploads/2025/08/2009_26_1566262285-1024x657.webp HTTP/1.1" 200 119316
DEBUG:urllib3.connectionpool:https://accounts.google.com:443 "GET /v3/signin/identifier?continue=https%3A%2F%2Fcalendar.google.com%2Fcalendar%2Fevent%3Faction%3DTEMPLATE%26text%3DPreserving%2BLocal%2BHistory%26dates%3D20260603T100000%2F20260603T120000%26details%3DHelp%2Bin%2Bthe%2Bpreservation%2Bof%2Bour%2Blocal%2Bhistory%2Band%2Bcollections%2C%2Bincluding%2Btranscriptionists%2C%2Bpreservationists%2C%2Bdigitizers%2C%2Band%2Borganization%25C2%25A0projects.%26location%3D2525%2BOakley%2BSeaver%2BDr%2C%2BClermont%2C%2BFL%2C%2B34711%2C%2BUnited%2BStates%26trp%3Dfalse%26sprop%3Dhttps%3A%2F%2Fwordpress-810691-5571285.cloudwaysapps.com%2Fevents%2Fpreserving-local-history-2026-06-03%2F%26sprop%3Dname%3APastfinders%26ctz%3DAmerica%2FNew_York&emr=1&followup=https%3A%2F%2Fcalendar.google.com%2Fcalendar%2Fevent%3Faction%3DTEMPLATE%26text%3DPreserving%2BLocal%2BHistory%26dates%3D20260603T100000%2F20260603T120000%26details%3DHelp%2Bin%2Bthe%2Bpreservation%2Bof%2Bour%2Blocal%2Bhistory%2Band%2Bcollections%2C%2Bincluding%2Btranscriptionists%2C%2Bpreservationists%2C%2Bdigitizers%2C%2Band%2Borganization%25C2%25A0projects.%26location%3D2525%2BOakley%2BSeaver%2BDr%2C%2BClermont%2C%2BFL%2C%2B34711%2C%2BUnited%2BStates%26trp%3Dfalse%26sprop%3Dhttps%3A%2F%2Fwordpress-810691-5571285.cloudwaysapps.com%2Fevents%2Fpreserving-local-history-2026-06-03%2F%26sprop%3Dname%3APastfinders%26ctz%3DAmerica%2FNew_York&ifkv=AdBytiPguroknk63m83zVc289rdiUWUdPH8-z99Nbyxf3-gFtD0jO05ScvnXKQK_dTWhKXeKQk5kKQ&osid=1&passive=1209600&service=cl&flowName=WebLiteSignIn&flowEntry=ServiceLogin&dsh=S1144681060%3A1756758306853824 HTTP/1.1" 200 None
DEBUG:root:✅ Hyperlink OK: https://www.google.com/calendar/event?action=TEMPLATE&text=Preserving+Local+History&dates=20260603T100000/20260603T120000&details=Help+in+the+preservation+of+our+local+history+and+collections%2C+including+transcriptionists%2C+preservationists%2C+digitizers%2C+and+organization%C2%A0projects.&location=2525+Oakley+Seaver+Dr%2C+Clermont%2C+FL%2C+34711%2C+United+States&trp=false&sprop=https%3A%2F%2Fwordpress-810691-5571285.cloudwaysapps.com%2Fevents%2Fpreserving-local-history-2026-06-03%2F&sprop=name:Pastfinders&ctz=America%2FNew_York
DEBUG:root:Checking external hyperlink: https://outlook.office.com/calendar/0/deeplink/compose?allday=false&body=Help+in+the+preservation+of+our+local+history+and+collections%2C+including+transcriptionists%2C+preservationists%2C+digitizers%2C+and+organization%C2%A0projects.&location=2525+Oakley+Seaver+Dr%2C+Clermont%2C+FL%2C+34711%2C+United+States&path=/calendar/action/compose&rru=addevent&startdt=2026-06-03T10%3A00%3A00-04%3A00&enddt=2026-06-03T12%3A00%3A00-04%3A00&subject=Preserving+Local+History
DEBUG:urllib3.connectionpool:Starting new HTTPS connection (1): outlook.office.com:443
DEBUG:root:✅ Image OK: https://wordpress-810691-5571285.cloudwaysapps.com/wp-content/uploads/2025/08/2009_26_1566262285-1024x657.webp
DEBUG:root:Using regex pattern: \b[a-zA-Z]{3,}\b
DEBUG:root:Found 43 words to check in https://wordpress-810691-5571285.cloudwaysapps.com/galleries/2009-pastfinders-news/ (min_length=3)
DEBUG:root:Sample words from https://wordpress-810691-5571285.cloudwaysapps.com/galleries/2009-pastfinders-news/: ['This', 'alert', 'Skip', 'content', 'Pastfinders', 'News', 'images', 'Click', 'view', 'Click']
DEBUG:root:Spell check results for https://wordpress-810691-5571285.cloudwaysapps.com/galleries/2009-pastfinders-news/: 19 words checked, 24 skipped, 0 errors found
INFO:root:✅ Processed https://wordpress-810691-5571285.cloudwaysapps.com/galleries/2009-pastfinders-news/: 0 errors found, 87 words checked
DEBUG:root:Attempting to fetch: https://wordpress-810691-5571285.cloudwaysapps.com/galleries/2004-guest-speakers-and-events/
Processing pages:  86%|████████▌ | 327/381 [03:02<00:38,  1.39it/s]DEBUG:urllib3.connectionpool:https://wordpress-810691-5571285.cloudwaysapps.com:443 "GET /galleries/2004-guest-speakers-and-events/ HTTP/1.1" 200 None
DEBUG:root:Successfully fetched https://wordpress-810691-5571285.cloudwaysapps.com/galleries/2004-guest-speakers-and-events/ (Content-Length: 68563)
DEBUG:charset_normalizer:Encoding detection: utf_8 is most likely the one.
DEBUG:root:Extracted 354 characters, 73 words from https://wordpress-810691-5571285.cloudwaysapps.com/galleries/2004-guest-speakers-and-events/
DEBUG:root:Checking internal image: https://wordpress-810691-5571285.cloudwaysapps.com/wp-content/uploads/2025/08/IMG_0008_2_1565103127-1024x470.webp
DEBUG:urllib3.connectionpool:https://outlook.live.com:443 "GET /calendar/0/deeplink/compose?allday=false&body=%3Cstrong%3EThe+Irish+SIG+will+resume+with+a+different+approach+to+Genealogy+Research.%C2%A0+Discussions+will+be+based+on+input+from+the+group%2C+which+will+result+in+changing+topics+each+month.%3C%2Fstrong%3EPastfinders+will+send+an+Email+to+SIG+members+several+days+prior+to+each+meeting.Pastfinders+is+using+the+Zoom+Virtual+Meeting+app+to+hold+these+meetings+and+you+can+only+join+the+meeting+by+using+a+link+provided+by+Pastfinders.%C2%A0+You+can+register+for+the+season+here%3A%3Cstrong%3E%C2%A0%3Ca+href%3D%22https%3A%2F%2Fform.jotform.com%2FPastfindersSLC%2FJoin-Irish-SIG%22%3EIrish+SIG%3C%2Fa%3E%C2%A0%3C%2Fstrong%3E&location=&path=/calendar/action/compose&rru=addevent&startdt=2025-11-17T13%3A00%3A00-05%3A00&enddt=2025-11-17T14%3A15%3A00-05%3A00&subject=Irish+Special+Interest+Group+%28SIG%29 HTTP/1.1" 200 None
DEBUG:root:✅ Hyperlink OK: https://outlook.live.com/calendar/0/deeplink/compose?allday=false&body=%3Cstrong%3EThe+Irish+SIG+will+resume+with+a+different+approach+to+Genealogy+Research.%C2%A0+Discussions+will+be+based+on+input+from+the+group%2C+which+will+result+in+changing+topics+each+month.%3C%2Fstrong%3EPastfinders+will+send+an+Email+to+SIG+members+several+days+prior+to+each+meeting.Pastfinders+is+using+the+Zoom+Virtual+Meeting+app+to+hold+these+meetings+and+you+can+only+join+the+meeting+by+using+a+link+provided+by+Pastfinders.%C2%A0+You+can+register+for+the+season+here%3A%3Cstrong%3E%C2%A0%3Ca+href%3D%22https%3A%2F%2Fform.jotform.com%2FPastfindersSLC%2FJoin-Irish-SIG%22%3EIrish+SIG%3C%2Fa%3E%C2%A0%3C%2Fstrong%3E&location=&path=/calendar/action/compose&rru=addevent&startdt=2025-11-17T13%3A00%3A00-05%3A00&enddt=2025-11-17T14%3A15%3A00-05%3A00&subject=Irish+Special+Interest+Group+%28SIG%29
DEBUG:root:Using regex pattern: \b[a-zA-Z]{3,}\b
DEBUG:root:Found 94 words to check in https://wordpress-810691-5571285.cloudwaysapps.com/events/irish-special-interest-group-sig-2025-11-17/ (min_length=3)
DEBUG:root:Sample words from https://wordpress-810691-5571285.cloudwaysapps.com/events/irish-special-interest-group-sig-2025-11-17/: ['This', 'alert', 'Skip', 'content', 'Irish', 'Special', 'Interest', 'Group', 'SIG', 'When']
DEBUG:root:Spell check results for https://wordpress-810691-5571285.cloudwaysapps.com/events/irish-special-interest-group-sig-2025-11-17/: 51 words checked, 43 skipped, 0 errors found
INFO:root:✅ Processed https://wordpress-810691-5571285.cloudwaysapps.com/events/irish-special-interest-group-sig-2025-11-17/: 0 errors found, 121 words checked
DEBUG:root:Attempting to fetch: https://wordpress-810691-5571285.cloudwaysapps.com/events/categories/special-interest-group/
Processing pages:  86%|████████▌ | 328/381 [03:02<00:29,  1.82it/s]DEBUG:urllib3.connectionpool:Starting new HTTPS connection (1): wordpress-810691-5571285.cloudwaysapps.com:443
DEBUG:urllib3.connectionpool:https://outlook.office.com:443 "GET /calendar/0/deeplink/compose?allday=false&body=Help+in+the+preservation+of+our+local+history+and+collections%2C+including+transcriptionists%2C+preservationists%2C+digitizers%2C+and+organization%C2%A0projects.&location=2525+Oakley+Seaver+Dr%2C+Clermont%2C+FL%2C+34711%2C+United+States&path=/calendar/action/compose&rru=addevent&startdt=2026-06-03T10%3A00%3A00-04%3A00&enddt=2026-06-03T12%3A00%3A00-04%3A00&subject=Preserving+Local+History HTTP/1.1" 200 None
DEBUG:root:✅ Hyperlink OK: https://outlook.office.com/calendar/0/deeplink/compose?allday=false&body=Help+in+the+preservation+of+our+local+history+and+collections%2C+including+transcriptionists%2C+preservationists%2C+digitizers%2C+and+organization%C2%A0projects.&location=2525+Oakley+Seaver+Dr%2C+Clermont%2C+FL%2C+34711%2C+United+States&path=/calendar/action/compose&rru=addevent&startdt=2026-06-03T10%3A00%3A00-04%3A00&enddt=2026-06-03T12%3A00%3A00-04%3A00&subject=Preserving+Local+History
DEBUG:root:Checking external hyperlink: https://outlook.live.com/calendar/0/deeplink/compose?allday=false&body=Help+in+the+preservation+of+our+local+history+and+collections%2C+including+transcriptionists%2C+preservationists%2C+digitizers%2C+and+organization%C2%A0projects.&location=2525+Oakley+Seaver+Dr%2C+Clermont%2C+FL%2C+34711%2C+United+States&path=/calendar/action/compose&rru=addevent&startdt=2026-06-03T10%3A00%3A00-04%3A00&enddt=2026-06-03T12%3A00%3A00-04%3A00&subject=Preserving+Local+History
DEBUG:urllib3.connectionpool:Starting new HTTPS connection (1): outlook.live.com:443
DEBUG:urllib3.connectionpool:https://wordpress-810691-5571285.cloudwaysapps.com:443 "GET /wp-content/uploads/2025/08/IMG_0008_2_1565103127-1024x470.webp HTTP/1.1" 200 44718
DEBUG:root:✅ Image OK: https://wordpress-810691-5571285.cloudwaysapps.com/wp-content/uploads/2025/08/IMG_0008_2_1565103127-1024x470.webp
DEBUG:root:Checking internal image: https://wordpress-810691-5571285.cloudwaysapps.com/wp-content/uploads/2025/08/IMG_0007_1_1566252406-1024x932.webp
DEBUG:urllib3.connectionpool:Starting new HTTPS connection (1): wordpress-810691-5571285.cloudwaysapps.com:443
DEBUG:urllib3.connectionpool:https://outlook.live.com:443 "GET /calendar/0/deeplink/compose?allday=false&body=Help+in+the+preservation+of+our+local+history+and+collections%2C+including+transcriptionists%2C+preservationists%2C+digitizers%2C+and+organization%C2%A0projects.&location=2525+Oakley+Seaver+Dr%2C+Clermont%2C+FL%2C+34711%2C+United+States&path=/calendar/action/compose&rru=addevent&startdt=2026-06-03T10%3A00%3A00-04%3A00&enddt=2026-06-03T12%3A00%3A00-04%3A00&subject=Preserving+Local+History HTTP/1.1" 200 None
DEBUG:root:✅ Hyperlink OK: https://outlook.live.com/calendar/0/deeplink/compose?allday=false&body=Help+in+the+preservation+of+our+local+history+and+collections%2C+including+transcriptionists%2C+preservationists%2C+digitizers%2C+and+organization%C2%A0projects.&location=2525+Oakley+Seaver+Dr%2C+Clermont%2C+FL%2C+34711%2C+United+States&path=/calendar/action/compose&rru=addevent&startdt=2026-06-03T10%3A00%3A00-04%3A00&enddt=2026-06-03T12%3A00%3A00-04%3A00&subject=Preserving+Local+History
DEBUG:root:Using regex pattern: \b[a-zA-Z]{3,}\b
DEBUG:root:Found 44 words to check in https://wordpress-810691-5571285.cloudwaysapps.com/events/preserving-local-history-2026-06-03/ (min_length=3)
DEBUG:root:Sample words from https://wordpress-810691-5571285.cloudwaysapps.com/events/preserving-local-history-2026-06-03/: ['This', 'alert', 'Skip', 'content', 'Preserving', 'Local', 'History', 'When', 'June', 'Add']
DEBUG:root:Misspelled word found: 'transcriptionists' in https://wordpress-810691-5571285.cloudwaysapps.com/events/preserving-local-history-2026-06-03/
DEBUG:root:Spell check results for https://wordpress-810691-5571285.cloudwaysapps.com/events/preserving-local-history-2026-06-03/: 17 words checked, 27 skipped, 1 errors found
INFO:root:✅ Processed https://wordpress-810691-5571285.cloudwaysapps.com/events/preserving-local-history-2026-06-03/: 1 errors found, 65 words checked
DEBUG:root:Attempting to fetch: https://wordpress-810691-5571285.cloudwaysapps.com/galleries/2019-speakers-and-programs/
Processing pages:  86%|████████▋ | 329/381 [03:03<00:24,  2.09it/s]DEBUG:urllib3.connectionpool:Resetting dropped connection: wordpress-810691-5571285.cloudwaysapps.com
DEBUG:urllib3.connectionpool:https://wordpress-810691-5571285.cloudwaysapps.com:443 "GET /wp-content/uploads/2025/08/IMG_0007_1_1566252406-1024x932.webp HTTP/1.1" 200 78956
DEBUG:root:✅ Image OK: https://wordpress-810691-5571285.cloudwaysapps.com/wp-content/uploads/2025/08/IMG_0007_1_1566252406-1024x932.webp
DEBUG:root:Checking internal image: https://wordpress-810691-5571285.cloudwaysapps.com/wp-content/uploads/2025/08/IMG_0008_3_1565103127-1024x622.webp
DEBUG:urllib3.connectionpool:Starting new HTTPS connection (1): wordpress-810691-5571285.cloudwaysapps.com:443
DEBUG:urllib3.connectionpool:https://wordpress-810691-5571285.cloudwaysapps.com:443 "GET /galleries/2019-speakers-and-programs/ HTTP/1.1" 200 None
DEBUG:root:Successfully fetched https://wordpress-810691-5571285.cloudwaysapps.com/galleries/2019-speakers-and-programs/ (Content-Length: 124383)
DEBUG:charset_normalizer:Encoding detection: utf_8 is most likely the one.
DEBUG:root:Extracted 758 characters, 168 words from https://wordpress-810691-5571285.cloudwaysapps.com/galleries/2019-speakers-and-programs/
DEBUG:urllib3.connectionpool:https://wordpress-810691-5571285.cloudwaysapps.com:443 "GET /wp-content/uploads/2025/08/IMG_0008_3_1565103127-1024x622.webp HTTP/1.1" 200 46632
DEBUG:root:Checking internal image: https://wordpress-810691-5571285.cloudwaysapps.com/wp-content/uploads/2025/08/April_Saturday_CUG_class_1556585979-1024x768.webp
DEBUG:urllib3.connectionpool:Starting new HTTPS connection (1): wordpress-810691-5571285.cloudwaysapps.com:443
DEBUG:root:✅ Image OK: https://wordpress-810691-5571285.cloudwaysapps.com/wp-content/uploads/2025/08/IMG_0008_3_1565103127-1024x622.webp
DEBUG:root:Checking internal image: https://wordpress-810691-5571285.cloudwaysapps.com/wp-content/uploads/2025/08/IMG_0010_1565103238-791x1024.webp
DEBUG:urllib3.connectionpool:Starting new HTTPS connection (1): wordpress-810691-5571285.cloudwaysapps.com:443
DEBUG:urllib3.connectionpool:https://wordpress-810691-5571285.cloudwaysapps.com:443 "GET /wp-content/uploads/2025/08/April_Saturday_CUG_class_1556585979-1024x768.webp HTTP/1.1" 200 94478
DEBUG:urllib3.connectionpool:https://wordpress-810691-5571285.cloudwaysapps.com:443 "GET /wp-content/uploads/2025/08/IMG_0010_1565103238-791x1024.webp HTTP/1.1" 200 85416
DEBUG:root:✅ Image OK: https://wordpress-810691-5571285.cloudwaysapps.com/wp-content/uploads/2025/08/April_Saturday_CUG_class_1556585979-1024x768.webp
DEBUG:root:Checking internal image: https://wordpress-810691-5571285.cloudwaysapps.com/wp-content/uploads/2025/08/Wednesday_Computer_Class_FTM_2019_1556586037-768x1024.webp
DEBUG:urllib3.connectionpool:Starting new HTTPS connection (1): wordpress-810691-5571285.cloudwaysapps.com:443
DEBUG:urllib3.connectionpool:https://wordpress-810691-5571285.cloudwaysapps.com:443 "GET /galleries/2018-nov-meredith-wayne-price/ HTTP/1.1" 200 None
DEBUG:root:Successfully fetched https://wordpress-810691-5571285.cloudwaysapps.com/galleries/2018-nov-meredith-wayne-price/ (Content-Length: 64250)
DEBUG:charset_normalizer:Encoding detection: utf_8 is most likely the one.
DEBUG:root:Extracted 338 characters, 69 words from https://wordpress-810691-5571285.cloudwaysapps.com/galleries/2018-nov-meredith-wayne-price/
DEBUG:root:Checking internal image: https://wordpress-810691-5571285.cloudwaysapps.com/wp-content/uploads/2025/08/2018_10_11_Meredith_Wayne_Price_Gretels_Cross_4_1555557177-620x1024.webp
DEBUG:root:✅ Image OK: https://wordpress-810691-5571285.cloudwaysapps.com/wp-content/uploads/2025/08/IMG_0010_1565103238-791x1024.webp
DEBUG:root:Checking internal image: https://wordpress-810691-5571285.cloudwaysapps.com/wp-content/uploads/2025/08/IMG_0009_1565103025-791x1024.webp
DEBUG:urllib3.connectionpool:Starting new HTTPS connection (1): wordpress-810691-5571285.cloudwaysapps.com:443
DEBUG:urllib3.connectionpool:Starting new HTTPS connection (1): wordpress-810691-5571285.cloudwaysapps.com:443
DEBUG:urllib3.connectionpool:https://wordpress-810691-5571285.cloudwaysapps.com:443 "GET /galleries/2016-oct-scanning-one-on-one/ HTTP/1.1" 200 None
DEBUG:root:Successfully fetched https://wordpress-810691-5571285.cloudwaysapps.com/galleries/2016-oct-scanning-one-on-one/ (Content-Length: 66763)
DEBUG:charset_normalizer:Encoding detection: utf_8 is most likely the one.
DEBUG:root:Extracted 370 characters, 78 words from https://wordpress-810691-5571285.cloudwaysapps.com/galleries/2016-oct-scanning-one-on-one/
DEBUG:root:Checking internal image: https://wordpress-810691-5571285.cloudwaysapps.com/wp-content/uploads/2025/08/P1020546_1540438450.webp
DEBUG:urllib3.connectionpool:https://wordpress-810691-5571285.cloudwaysapps.com:443 "GET /wp-content/uploads/2025/08/Wednesday_Computer_Class_FTM_2019_1556586037-768x1024.webp HTTP/1.1" 200 66904
DEBUG:urllib3.connectionpool:Starting new HTTPS connection (1): wordpress-810691-5571285.cloudwaysapps.com:443
DEBUG:root:✅ Image OK: https://wordpress-810691-5571285.cloudwaysapps.com/wp-content/uploads/2025/08/Wednesday_Computer_Class_FTM_2019_1556586037-768x1024.webp
DEBUG:root:Checking internal image: https://wordpress-810691-5571285.cloudwaysapps.com/wp-content/uploads/2025/08/Ann_May_2019_1556586037-768x1024.webp
DEBUG:urllib3.connectionpool:Starting new HTTPS connection (1): wordpress-810691-5571285.cloudwaysapps.com:443
DEBUG:urllib3.connectionpool:https://wordpress-810691-5571285.cloudwaysapps.com:443 "GET /wp-content/uploads/2025/08/2018_10_11_Meredith_Wayne_Price_Gretels_Cross_4_1555557177-620x1024.webp HTTP/1.1" 200 68966
DEBUG:urllib3.connectionpool:https://wordpress-810691-5571285.cloudwaysapps.com:443 "GET /wp-content/uploads/2025/08/IMG_0009_1565103025-791x1024.webp HTTP/1.1" 200 108462
DEBUG:root:✅ Image OK: https://wordpress-810691-5571285.cloudwaysapps.com/wp-content/uploads/2025/08/2018_10_11_Meredith_Wayne_Price_Gretels_Cross_4_1555557177-620x1024.webp
DEBUG:root:Checking internal image: https://wordpress-810691-5571285.cloudwaysapps.com/wp-content/uploads/2025/08/2018_10_11_Meredith_Wayne_Price_Gretels_Cross_7_1555557225-1024x683.webp
DEBUG:urllib3.connectionpool:Starting new HTTPS connection (1): wordpress-810691-5571285.cloudwaysapps.com:443
DEBUG:root:✅ Image OK: https://wordpress-810691-5571285.cloudwaysapps.com/wp-content/uploads/2025/08/IMG_0009_1565103025-791x1024.webp
DEBUG:root:Checking internal image: https://wordpress-810691-5571285.cloudwaysapps.com/wp-content/uploads/2025/08/IMG_0001ext_Vivid_shr_1566254684-1024x847.webp
DEBUG:urllib3.connectionpool:Starting new HTTPS connection (1): wordpress-810691-5571285.cloudwaysapps.com:443
DEBUG:urllib3.connectionpool:https://wordpress-810691-5571285.cloudwaysapps.com:443 "GET /wp-content/uploads/2025/08/P1020546_1540438450.webp HTTP/1.1" 200 69718
DEBUG:urllib3.connectionpool:https://wordpress-810691-5571285.cloudwaysapps.com:443 "GET /wp-content/uploads/2025/08/Ann_May_2019_1556586037-768x1024.webp HTTP/1.1" 200 104208
DEBUG:root:✅ Image OK: https://wordpress-810691-5571285.cloudwaysapps.com/wp-content/uploads/2025/08/P1020546_1540438450.webp
DEBUG:root:Checking internal image: https://wordpress-810691-5571285.cloudwaysapps.com/wp-content/uploads/2025/08/P1020551_1540438450.webp
DEBUG:urllib3.connectionpool:Starting new HTTPS connection (1): wordpress-810691-5571285.cloudwaysapps.com:443
DEBUG:urllib3.connectionpool:https://wordpress-810691-5571285.cloudwaysapps.com:443 "GET /wp-content/uploads/2025/08/2018_10_11_Meredith_Wayne_Price_Gretels_Cross_7_1555557225-1024x683.webp HTTP/1.1" 200 116852
DEBUG:root:✅ Image OK: https://wordpress-810691-5571285.cloudwaysapps.com/wp-content/uploads/2025/08/Ann_May_2019_1556586037-768x1024.webp
DEBUG:root:Checking internal image: https://wordpress-810691-5571285.cloudwaysapps.com/wp-content/uploads/2025/08/Pastfinders_Beginners_Class_lisa_beni_1556586037.webp
DEBUG:urllib3.connectionpool:Starting new HTTPS connection (1): wordpress-810691-5571285.cloudwaysapps.com:443
DEBUG:urllib3.connectionpool:https://wordpress-810691-5571285.cloudwaysapps.com:443 "GET /wp-content/uploads/2025/08/IMG_0001ext_Vivid_shr_1566254684-1024x847.webp HTTP/1.1" 200 88094
DEBUG:root:✅ Image OK: https://wordpress-810691-5571285.cloudwaysapps.com/wp-content/uploads/2025/08/2018_10_11_Meredith_Wayne_Price_Gretels_Cross_7_1555557225-1024x683.webp
DEBUG:root:Checking internal image: https://wordpress-810691-5571285.cloudwaysapps.com/wp-content/uploads/2025/08/2018_10_11_Meredith_Wayne_Price_Gretels_Cross_8_1555557319-1024x683.webp
DEBUG:urllib3.connectionpool:Starting new HTTPS connection (1): wordpress-810691-5571285.cloudwaysapps.com:443
DEBUG:root:✅ Image OK: https://wordpress-810691-5571285.cloudwaysapps.com/wp-content/uploads/2025/08/IMG_0001ext_Vivid_shr_1566254684-1024x847.webp
DEBUG:root:Checking internal image: https://wordpress-810691-5571285.cloudwaysapps.com/wp-content/uploads/2025/08/IMG_0011_1565103279-791x1024.webp
DEBUG:urllib3.connectionpool:Starting new HTTPS connection (1): wordpress-810691-5571285.cloudwaysapps.com:443
DEBUG:urllib3.connectionpool:https://wordpress-810691-5571285.cloudwaysapps.com:443 "GET /wp-content/uploads/2025/08/P1020551_1540438450.webp HTTP/1.1" 200 71860
DEBUG:root:✅ Image OK: https://wordpress-810691-5571285.cloudwaysapps.com/wp-content/uploads/2025/08/P1020551_1540438450.webp
DEBUG:root:Checking internal image: https://wordpress-810691-5571285.cloudwaysapps.com/wp-content/uploads/2025/08/P1020538_1540438450.webp
DEBUG:urllib3.connectionpool:https://wordpress-810691-5571285.cloudwaysapps.com:443 "GET /wp-content/uploads/2025/08/Pastfinders_Beginners_Class_lisa_beni_1556586037.webp HTTP/1.1" 200 83894
DEBUG:urllib3.connectionpool:Starting new HTTPS connection (1): wordpress-810691-5571285.cloudwaysapps.com:443
DEBUG:root:✅ Image OK: https://wordpress-810691-5571285.cloudwaysapps.com/wp-content/uploads/2025/08/Pastfinders_Beginners_Class_lisa_beni_1556586037.webp
DEBUG:root:Checking internal image: https://wordpress-810691-5571285.cloudwaysapps.com/wp-content/uploads/2025/08/JAMES_JACKSON_TESER_POSTER_JANUARY_2019_1556585664.webp
DEBUG:urllib3.connectionpool:Starting new HTTPS connection (1): wordpress-810691-5571285.cloudwaysapps.com:443
DEBUG:urllib3.connectionpool:https://wordpress-810691-5571285.cloudwaysapps.com:443 "GET /wp-content/uploads/2025/08/2018_10_11_Meredith_Wayne_Price_Gretels_Cross_8_1555557319-1024x683.webp HTTP/1.1" 200 99408
DEBUG:urllib3.connectionpool:https://wordpress-810691-5571285.cloudwaysapps.com:443 "GET /wp-content/uploads/2025/08/IMG_0011_1565103279-791x1024.webp HTTP/1.1" 200 82482
DEBUG:root:✅ Image OK: https://wordpress-810691-5571285.cloudwaysapps.com/wp-content/uploads/2025/08/2018_10_11_Meredith_Wayne_Price_Gretels_Cross_8_1555557319-1024x683.webp
DEBUG:root:Checking internal image: https://wordpress-810691-5571285.cloudwaysapps.com/wp-content/uploads/2025/08/2018_10_11_Meredith_Wayne_Price_Gretels_Cross_11_1555557250-1024x683.webp
DEBUG:root:✅ Image OK: https://wordpress-810691-5571285.cloudwaysapps.com/wp-content/uploads/2025/08/IMG_0011_1565103279-791x1024.webp
DEBUG:root:Checking internal image: https://wordpress-810691-5571285.cloudwaysapps.com/wp-content/uploads/2025/08/IMG_0008_1_1565103025-1024x641.webp
DEBUG:urllib3.connectionpool:Starting new HTTPS connection (1): wordpress-810691-5571285.cloudwaysapps.com:443
DEBUG:urllib3.connectionpool:Starting new HTTPS connection (1): wordpress-810691-5571285.cloudwaysapps.com:443
DEBUG:urllib3.connectionpool:https://wordpress-810691-5571285.cloudwaysapps.com:443 "GET /wp-content/uploads/2025/08/P1020538_1540438450.webp HTTP/1.1" 200 78602
DEBUG:root:✅ Image OK: https://wordpress-810691-5571285.cloudwaysapps.com/wp-content/uploads/2025/08/P1020538_1540438450.webp
DEBUG:root:Checking internal image: https://wordpress-810691-5571285.cloudwaysapps.com/wp-content/uploads/2025/08/P1020547_1540438450.webp
DEBUG:urllib3.connectionpool:Starting new HTTPS connection (1): wordpress-810691-5571285.cloudwaysapps.com:443
DEBUG:urllib3.connectionpool:https://wordpress-810691-5571285.cloudwaysapps.com:443 "GET /events/categories/special-interest-group/ HTTP/1.1" 200 None
DEBUG:urllib3.connectionpool:https://wordpress-810691-5571285.cloudwaysapps.com:443 "GET /wp-content/uploads/2025/08/JAMES_JACKSON_TESER_POSTER_JANUARY_2019_1556585664.webp HTTP/1.1" 200 58986
DEBUG:root:Successfully fetched https://wordpress-810691-5571285.cloudwaysapps.com/events/categories/special-interest-group/ (Content-Length: 41593)
DEBUG:root:✅ Image OK: https://wordpress-810691-5571285.cloudwaysapps.com/wp-content/uploads/2025/08/JAMES_JACKSON_TESER_POSTER_JANUARY_2019_1556585664.webp
DEBUG:charset_normalizer:Encoding detection: utf_8 is most likely the one.
DEBUG:root:Checking internal image: https://wordpress-810691-5571285.cloudwaysapps.com/wp-content/uploads/2025/08/pic_for_webpage_event_drew_smith_1571881236.webp
DEBUG:urllib3.connectionpool:Starting new HTTPS connection (1): wordpress-810691-5571285.cloudwaysapps.com:443
DEBUG:root:Extracted 1885 characters, 322 words from https://wordpress-810691-5571285.cloudwaysapps.com/events/categories/special-interest-group/
DEBUG:root:Using regex pattern: \b[a-zA-Z]{3,}\b
DEBUG:root:Found 172 words to check in https://wordpress-810691-5571285.cloudwaysapps.com/events/categories/special-interest-group/ (min_length=3)
DEBUG:root:Sample words from https://wordpress-810691-5571285.cloudwaysapps.com/events/categories/special-interest-group/: ['This', 'alert', 'Skip', 'content', 'Special', 'Interest', 'Group', 'Next', 'Event', 'Irish']
DEBUG:root:Spell check results for https://wordpress-810691-5571285.cloudwaysapps.com/events/categories/special-interest-group/: 2 words checked, 170 skipped, 0 errors found
INFO:root:✅ Processed https://wordpress-810691-5571285.cloudwaysapps.com/events/categories/special-interest-group/: 0 errors found, 322 words checked
DEBUG:root:Attempting to fetch: https://wordpress-810691-5571285.cloudwaysapps.com/events/research-assistance-2025-08-27-2025-09-03-2025-09-10-2025-09-17-2025-09-24-2025-10-01/
Processing pages:  87%|████████▋ | 330/381 [03:05<00:52,  1.04s/it]DEBUG:urllib3.connectionpool:https://wordpress-810691-5571285.cloudwaysapps.com:443 "GET /wp-content/uploads/2025/08/2018_10_11_Meredith_Wayne_Price_Gretels_Cross_11_1555557250-1024x683.webp HTTP/1.1" 200 69876
DEBUG:urllib3.connectionpool:https://wordpress-810691-5571285.cloudwaysapps.com:443 "GET /wp-content/uploads/2025/08/IMG_0008_1_1565103025-1024x641.webp HTTP/1.1" 200 55292
DEBUG:root:✅ Image OK: https://wordpress-810691-5571285.cloudwaysapps.com/wp-content/uploads/2025/08/2018_10_11_Meredith_Wayne_Price_Gretels_Cross_11_1555557250-1024x683.webp
DEBUG:root:Checking internal image: https://wordpress-810691-5571285.cloudwaysapps.com/wp-content/uploads/2025/08/2018_10_11_Meredith_Wayne_Price_Gretels_Cross_5_1555557191-646x1024.webp
DEBUG:urllib3.connectionpool:Starting new HTTPS connection (1): wordpress-810691-5571285.cloudwaysapps.com:443
DEBUG:root:✅ Image OK: https://wordpress-810691-5571285.cloudwaysapps.com/wp-content/uploads/2025/08/IMG_0008_1_1565103025-1024x641.webp
DEBUG:root:Checking internal image: https://wordpress-810691-5571285.cloudwaysapps.com/wp-content/uploads/2025/08/IMG_0001_1565102934-1024x967.webp
DEBUG:urllib3.connectionpool:Starting new HTTPS connection (1): wordpress-810691-5571285.cloudwaysapps.com:443
DEBUG:urllib3.connectionpool:https://wordpress-810691-5571285.cloudwaysapps.com:443 "GET /events/research-assistance-2025-08-27-2025-09-03-2025-09-10-2025-09-17-2025-09-24-2025-10-01/ HTTP/1.1" 200 None
DEBUG:root:Successfully fetched https://wordpress-810691-5571285.cloudwaysapps.com/events/research-assistance-2025-08-27-2025-09-03-2025-09-10-2025-09-17-2025-09-24-2025-10-01/ (Content-Length: 42720)
DEBUG:charset_normalizer:Encoding detection: utf_8 is most likely the one.
DEBUG:root:Extracted 490 characters, 85 words from https://wordpress-810691-5571285.cloudwaysapps.com/events/research-assistance-2025-08-27-2025-09-03-2025-09-10-2025-09-17-2025-09-24-2025-10-01/
DEBUG:root:Checking external hyperlink: https://www.google.com/calendar/event?action=TEMPLATE&text=Research+Assistance&dates=20251001T130000/20251001T150000&details=Join+us+weekly+in+the+Genealogy+Room+for+in-person+help+with+your+research.+It%E2%80%99s+a+great+chance+to+get+one-on-one+guidance%2C+ask+questions%2C+and+connect+with+others+who+share+your+passion+for+family+history.&location=2525+Oakley+Seaver+Dr%2C+Clermont%2C+FL%2C+34711%2C+United+States&trp=false&sprop=https%3A%2F%2Fwordpress-810691-5571285.cloudwaysapps.com%2Fevents%2Fresearch-assistance-2025-08-27-2025-09-03-2025-09-10-2025-09-17-2025-09-24-2025-10-01%2F&sprop=name:Pastfinders&ctz=America%2FNew_York
DEBUG:urllib3.connectionpool:Starting new HTTPS connection (1): www.google.com:443
DEBUG:urllib3.connectionpool:https://wordpress-810691-5571285.cloudwaysapps.com:443 "GET /wp-content/uploads/2025/08/P1020547_1540438450.webp HTTP/1.1" 200 69604
DEBUG:root:✅ Image OK: https://wordpress-810691-5571285.cloudwaysapps.com/wp-content/uploads/2025/08/P1020547_1540438450.webp
DEBUG:root:Checking internal image: https://wordpress-810691-5571285.cloudwaysapps.com/wp-content/uploads/2025/08/P1020543_1540438450.webp
DEBUG:urllib3.connectionpool:Starting new HTTPS connection (1): wordpress-810691-5571285.cloudwaysapps.com:443
DEBUG:urllib3.connectionpool:https://www.google.com:443 "GET /calendar/event?action=TEMPLATE&text=Research+Assistance&dates=20251001T130000/20251001T150000&details=Join+us+weekly+in+the+Genealogy+Room+for+in-person+help+with+your+research.+It%E2%80%99s+a+great+chance+to+get+one-on-one+guidance%2C+ask+questions%2C+and+connect+with+others+who+share+your+passion+for+family+history.&location=2525+Oakley+Seaver+Dr%2C+Clermont%2C+FL%2C+34711%2C+United+States&trp=false&sprop=https%3A%2F%2Fwordpress-810691-5571285.cloudwaysapps.com%2Fevents%2Fresearch-assistance-2025-08-27-2025-09-03-2025-09-10-2025-09-17-2025-09-24-2025-10-01%2F&sprop=name:Pastfinders&ctz=America%2FNew_York HTTP/1.1" 302 0
DEBUG:urllib3.connectionpool:Starting new HTTPS connection (1): calendar.google.com:443
DEBUG:urllib3.connectionpool:https://wordpress-810691-5571285.cloudwaysapps.com:443 "GET /wp-content/uploads/2025/08/pic_for_webpage_event_drew_smith_1571881236.webp HTTP/1.1" 200 45984
DEBUG:urllib3.connectionpool:https://wordpress-810691-5571285.cloudwaysapps.com:443 "GET /wp-content/uploads/2025/08/IMG_0001_1565102934-1024x967.webp HTTP/1.1" 200 147428
DEBUG:root:✅ Image OK: https://wordpress-810691-5571285.cloudwaysapps.com/wp-content/uploads/2025/08/pic_for_webpage_event_drew_smith_1571881236.webp
DEBUG:root:Checking internal image: https://wordpress-810691-5571285.cloudwaysapps.com/wp-content/uploads/2025/08/PSS_Oct_2019_one_on_one_1571881236.webp
DEBUG:urllib3.connectionpool:Starting new HTTPS connection (1): wordpress-810691-5571285.cloudwaysapps.com:443
DEBUG:urllib3.connectionpool:https://wordpress-810691-5571285.cloudwaysapps.com:443 "GET /wp-content/uploads/2025/08/2018_10_11_Meredith_Wayne_Price_Gretels_Cross_5_1555557191-646x1024.webp HTTP/1.1" 200 72702
DEBUG:urllib3.connectionpool:https://calendar.google.com:443 "GET /calendar/event?action=TEMPLATE&text=Research+Assistance&dates=20251001T130000/20251001T150000&details=Join+us+weekly+in+the+Genealogy+Room+for+in-person+help+with+your+research.+It%E2%80%99s+a+great+chance+to+get+one-on-one+guidance,+ask+questions,+and+connect+with+others+who+share+your+passion+for+family+history.&location=2525+Oakley+Seaver+Dr,+Clermont,+FL,+34711,+United+States&trp=false&sprop=https://wordpress-810691-5571285.cloudwaysapps.com/events/research-assistance-2025-08-27-2025-09-03-2025-09-10-2025-09-17-2025-09-24-2025-10-01/&sprop=name:Pastfinders&ctz=America/New_York HTTP/1.1" 302 0
DEBUG:root:✅ Image OK: https://wordpress-810691-5571285.cloudwaysapps.com/wp-content/uploads/2025/08/2018_10_11_Meredith_Wayne_Price_Gretels_Cross_5_1555557191-646x1024.webp
DEBUG:root:Checking internal image: https://wordpress-810691-5571285.cloudwaysapps.com/wp-content/uploads/2025/08/2018_10_11_Meredith_Wayne_Price_Gretels_Cross_10_1555557266-1024x683.webp
DEBUG:urllib3.connectionpool:Starting new HTTPS connection (1): wordpress-810691-5571285.cloudwaysapps.com:443
DEBUG:urllib3.connectionpool:Starting new HTTPS connection (1): accounts.google.com:443
DEBUG:root:✅ Image OK: https://wordpress-810691-5571285.cloudwaysapps.com/wp-content/uploads/2025/08/IMG_0001_1565102934-1024x967.webp
DEBUG:root:Checking internal image: https://wordpress-810691-5571285.cloudwaysapps.com/wp-content/uploads/2025/08/IMG_0006_1566252406-1024x912.webp
DEBUG:urllib3.connectionpool:Starting new HTTPS connection (1): wordpress-810691-5571285.cloudwaysapps.com:443
DEBUG:urllib3.connectionpool:https://wordpress-810691-5571285.cloudwaysapps.com:443 "GET /wp-content/uploads/2025/08/P1020543_1540438450.webp HTTP/1.1" 200 73588
DEBUG:urllib3.connectionpool:https://accounts.google.com:443 "GET /ServiceLogin?service=cl&passive=1209600&osid=1&continue=https://calendar.google.com/calendar/event?action%3DTEMPLATE%26text%3DResearch%2BAssistance%26dates%3D20251001T130000/20251001T150000%26details%3DJoin%2Bus%2Bweekly%2Bin%2Bthe%2BGenealogy%2BRoom%2Bfor%2Bin-person%2Bhelp%2Bwith%2Byour%2Bresearch.%2BIt%25E2%2580%2599s%2Ba%2Bgreat%2Bchance%2Bto%2Bget%2Bone-on-one%2Bguidance,%2Bask%2Bquestions,%2Band%2Bconnect%2Bwith%2Bothers%2Bwho%2Bshare%2Byour%2Bpassion%2Bfor%2Bfamily%2Bhistory.%26location%3D2525%2BOakley%2BSeaver%2BDr,%2BClermont,%2BFL,%2B34711,%2BUnited%2BStates%26trp%3Dfalse%26sprop%3Dhttps://wordpress-810691-5571285.cloudwaysapps.com/events/research-assistance-2025-08-27-2025-09-03-2025-09-10-2025-09-17-2025-09-24-2025-10-01/%26sprop%3Dname:Pastfinders%26ctz%3DAmerica/New_York&followup=https://calendar.google.com/calendar/event?action%3DTEMPLATE%26text%3DResearch%2BAssistance%26dates%3D20251001T130000/20251001T150000%26details%3DJoin%2Bus%2Bweekly%2Bin%2Bthe%2BGenealogy%2BRoom%2Bfor%2Bin-person%2Bhelp%2Bwith%2Byour%2Bresearch.%2BIt%25E2%2580%2599s%2Ba%2Bgreat%2Bchance%2Bto%2Bget%2Bone-on-one%2Bguidance,%2Bask%2Bquestions,%2Band%2Bconnect%2Bwith%2Bothers%2Bwho%2Bshare%2Byour%2Bpassion%2Bfor%2Bfamily%2Bhistory.%26location%3D2525%2BOakley%2BSeaver%2BDr,%2BClermont,%2BFL,%2B34711,%2BUnited%2BStates%26trp%3Dfalse%26sprop%3Dhttps://wordpress-810691-5571285.cloudwaysapps.com/events/research-assistance-2025-08-27-2025-09-03-2025-09-10-2025-09-17-2025-09-24-2025-10-01/%26sprop%3Dname:Pastfinders%26ctz%3DAmerica/New_York&emr=1 HTTP/1.1" 302 0
DEBUG:root:✅ Image OK: https://wordpress-810691-5571285.cloudwaysapps.com/wp-content/uploads/2025/08/P1020543_1540438450.webp
DEBUG:root:Checking internal image: https://wordpress-810691-5571285.cloudwaysapps.com/wp-content/uploads/2025/08/P1020542_1540438450.webp
DEBUG:urllib3.connectionpool:Starting new HTTPS connection (1): wordpress-810691-5571285.cloudwaysapps.com:443
DEBUG:urllib3.connectionpool:https://wordpress-810691-5571285.cloudwaysapps.com:443 "GET /wp-content/uploads/2025/08/PSS_Oct_2019_one_on_one_1571881236.webp HTTP/1.1" 200 116258
DEBUG:urllib3.connectionpool:https://accounts.google.com:443 "GET /InteractiveLogin?continue=https://calendar.google.com/calendar/event?action%3DTEMPLATE%26text%3DResearch%2BAssistance%26dates%3D20251001T130000/20251001T150000%26details%3DJoin%2Bus%2Bweekly%2Bin%2Bthe%2BGenealogy%2BRoom%2Bfor%2Bin-person%2Bhelp%2Bwith%2Byour%2Bresearch.%2BIt%25E2%2580%2599s%2Ba%2Bgreat%2Bchance%2Bto%2Bget%2Bone-on-one%2Bguidance,%2Bask%2Bquestions,%2Band%2Bconnect%2Bwith%2Bothers%2Bwho%2Bshare%2Byour%2Bpassion%2Bfor%2Bfamily%2Bhistory.%26location%3D2525%2BOakley%2BSeaver%2BDr,%2BClermont,%2BFL,%2B34711,%2BUnited%2BStates%26trp%3Dfalse%26sprop%3Dhttps://wordpress-810691-5571285.cloudwaysapps.com/events/research-assistance-2025-08-27-2025-09-03-2025-09-10-2025-09-17-2025-09-24-2025-10-01/%26sprop%3Dname:Pastfinders%26ctz%3DAmerica/New_York&emr=1&followup=https://calendar.google.com/calendar/event?action%3DTEMPLATE%26text%3DResearch%2BAssistance%26dates%3D20251001T130000/20251001T150000%26details%3DJoin%2Bus%2Bweekly%2Bin%2Bthe%2BGenealogy%2BRoom%2Bfor%2Bin-person%2Bhelp%2Bwith%2Byour%2Bresearch.%2BIt%25E2%2580%2599s%2Ba%2Bgreat%2Bchance%2Bto%2Bget%2Bone-on-one%2Bguidance,%2Bask%2Bquestions,%2Band%2Bconnect%2Bwith%2Bothers%2Bwho%2Bshare%2Byour%2Bpassion%2Bfor%2Bfamily%2Bhistory.%26location%3D2525%2BOakley%2BSeaver%2BDr,%2BClermont,%2BFL,%2B34711,%2BUnited%2BStates%26trp%3Dfalse%26sprop%3Dhttps://wordpress-810691-5571285.cloudwaysapps.com/events/research-assistance-2025-08-27-2025-09-03-2025-09-10-2025-09-17-2025-09-24-2025-10-01/%26sprop%3Dname:Pastfinders%26ctz%3DAmerica/New_York&osid=1&passive=1209600&service=cl&ifkv=AdBytiPUHobEeN6_IuZEgKWhLCugSf8XJpvcyoVTKO_ZD4oL2QXXeVKuu1wmW_RO4nFFZO5qo0zwYw HTTP/1.1" 302 None
DEBUG:urllib3.connectionpool:https://accounts.google.com:443 "GET /v3/signin/identifier?continue=https%3A%2F%2Fcalendar.google.com%2Fcalendar%2Fevent%3Faction%3DTEMPLATE%26text%3DResearch%2BAssistance%26dates%3D20251001T130000%2F20251001T150000%26details%3DJoin%2Bus%2Bweekly%2Bin%2Bthe%2BGenealogy%2BRoom%2Bfor%2Bin-person%2Bhelp%2Bwith%2Byour%2Bresearch.%2BIt%25E2%2580%2599s%2Ba%2Bgreat%2Bchance%2Bto%2Bget%2Bone-on-one%2Bguidance%2C%2Bask%2Bquestions%2C%2Band%2Bconnect%2Bwith%2Bothers%2Bwho%2Bshare%2Byour%2Bpassion%2Bfor%2Bfamily%2Bhistory.%26location%3D2525%2BOakley%2BSeaver%2BDr%2C%2BClermont%2C%2BFL%2C%2B34711%2C%2BUnited%2BStates%26trp%3Dfalse%26sprop%3Dhttps%3A%2F%2Fwordpress-810691-5571285.cloudwaysapps.com%2Fevents%2Fresearch-assistance-2025-08-27-2025-09-03-2025-09-10-2025-09-17-2025-09-24-2025-10-01%2F%26sprop%3Dname%3APastfinders%26ctz%3DAmerica%2FNew_York&emr=1&followup=https%3A%2F%2Fcalendar.google.com%2Fcalendar%2Fevent%3Faction%3DTEMPLATE%26text%3DResearch%2BAssistance%26dates%3D20251001T130000%2F20251001T150000%26details%3DJoin%2Bus%2Bweekly%2Bin%2Bthe%2BGenealogy%2BRoom%2Bfor%2Bin-person%2Bhelp%2Bwith%2Byour%2Bresearch.%2BIt%25E2%2580%2599s%2Ba%2Bgreat%2Bchance%2Bto%2Bget%2Bone-on-one%2Bguidance%2C%2Bask%2Bquestions%2C%2Band%2Bconnect%2Bwith%2Bothers%2Bwho%2Bshare%2Byour%2Bpassion%2Bfor%2Bfamily%2Bhistory.%26location%3D2525%2BOakley%2BSeaver%2BDr%2C%2BClermont%2C%2BFL%2C%2B34711%2C%2BUnited%2BStates%26trp%3Dfalse%26sprop%3Dhttps%3A%2F%2Fwordpress-810691-5571285.cloudwaysapps.com%2Fevents%2Fresearch-assistance-2025-08-27-2025-09-03-2025-09-10-2025-09-17-2025-09-24-2025-10-01%2F%26sprop%3Dname%3APastfinders%26ctz%3DAmerica%2FNew_York&ifkv=AdBytiMeCDHDFKTXwY6dVPFn32X7IOov1NKyB8BCL0K_IkHRQm6JvOmiEeXs-xF-14cfkvkM8uv0qA&osid=1&passive=1209600&service=cl&flowName=WebLiteSignIn&flowEntry=ServiceLogin&dsh=S52983651%3A1756758310551004 HTTP/1.1" 200 None
DEBUG:urllib3.connectionpool:https://wordpress-810691-5571285.cloudwaysapps.com:443 "GET /wp-content/uploads/2025/08/2018_10_11_Meredith_Wayne_Price_Gretels_Cross_10_1555557266-1024x683.webp HTTP/1.1" 200 95162
DEBUG:urllib3.connectionpool:https://wordpress-810691-5571285.cloudwaysapps.com:443 "GET /wp-content/uploads/2025/08/IMG_0006_1566252406-1024x912.webp HTTP/1.1" 200 107082
DEBUG:root:✅ Image OK: https://wordpress-810691-5571285.cloudwaysapps.com/wp-content/uploads/2025/08/PSS_Oct_2019_one_on_one_1571881236.webp
DEBUG:root:Checking internal image: https://wordpress-810691-5571285.cloudwaysapps.com/wp-content/uploads/2025/08/poster_January_2019_1556585664-768x1024.webp
DEBUG:root:✅ Image OK: https://wordpress-810691-5571285.cloudwaysapps.com/wp-content/uploads/2025/08/2018_10_11_Meredith_Wayne_Price_Gretels_Cross_10_1555557266-1024x683.webp
DEBUG:root:Checking internal image: https://wordpress-810691-5571285.cloudwaysapps.com/wp-content/uploads/2025/08/2018_10_11_Meredith_Wayne_Price_Gretels_Cross_2_1555557122-682x1024.webp
DEBUG:urllib3.connectionpool:Starting new HTTPS connection (1): wordpress-810691-5571285.cloudwaysapps.com:443
DEBUG:urllib3.connectionpool:Starting new HTTPS connection (1): wordpress-810691-5571285.cloudwaysapps.com:443
DEBUG:root:✅ Hyperlink OK: https://www.google.com/calendar/event?action=TEMPLATE&text=Research+Assistance&dates=20251001T130000/20251001T150000&details=Join+us+weekly+in+the+Genealogy+Room+for+in-person+help+with+your+research.+It%E2%80%99s+a+great+chance+to+get+one-on-one+guidance%2C+ask+questions%2C+and+connect+with+others+who+share+your+passion+for+family+history.&location=2525+Oakley+Seaver+Dr%2C+Clermont%2C+FL%2C+34711%2C+United+States&trp=false&sprop=https%3A%2F%2Fwordpress-810691-5571285.cloudwaysapps.com%2Fevents%2Fresearch-assistance-2025-08-27-2025-09-03-2025-09-10-2025-09-17-2025-09-24-2025-10-01%2F&sprop=name:Pastfinders&ctz=America%2FNew_York
DEBUG:root:Checking external hyperlink: https://outlook.office.com/calendar/0/deeplink/compose?allday=false&body=Join+us+weekly+in+the+Genealogy+Room+for+in-person+help+with+your+research.+It%E2%80%99s+a+great+chance+to+get+one-on-one+guidance%2C+ask+questions%2C+and+connect+with+others+who+share+your+passion+for+family+history.&location=2525+Oakley+Seaver+Dr%2C+Clermont%2C+FL%2C+34711%2C+United+States&path=/calendar/action/compose&rru=addevent&startdt=2025-10-01T13%3A00%3A00-04%3A00&enddt=2025-10-01T15%3A00%3A00-04%3A00&subject=Research+Assistance
DEBUG:root:✅ Image OK: https://wordpress-810691-5571285.cloudwaysapps.com/wp-content/uploads/2025/08/IMG_0006_1566252406-1024x912.webp
DEBUG:root:Checking internal image: https://wordpress-810691-5571285.cloudwaysapps.com/wp-content/uploads/2025/08/IMG_0005_Vivid_shr_1566254815-1024x932.webp
DEBUG:urllib3.connectionpool:Starting new HTTPS connection (1): wordpress-810691-5571285.cloudwaysapps.com:443
DEBUG:urllib3.connectionpool:Starting new HTTPS connection (1): outlook.office.com:443
DEBUG:urllib3.connectionpool:https://wordpress-810691-5571285.cloudwaysapps.com:443 "GET /wp-content/uploads/2025/08/P1020542_1540438450.webp HTTP/1.1" 200 72326
DEBUG:root:✅ Image OK: https://wordpress-810691-5571285.cloudwaysapps.com/wp-content/uploads/2025/08/P1020542_1540438450.webp
DEBUG:root:Checking internal image: https://wordpress-810691-5571285.cloudwaysapps.com/wp-content/uploads/2025/08/bob_and_dotty_1540438450.webp
DEBUG:urllib3.connectionpool:Starting new HTTPS connection (1): wordpress-810691-5571285.cloudwaysapps.com:443
DEBUG:urllib3.connectionpool:https://wordpress-810691-5571285.cloudwaysapps.com:443 "GET /wp-content/uploads/2025/08/2018_10_11_Meredith_Wayne_Price_Gretels_Cross_2_1555557122-682x1024.webp HTTP/1.1" 200 108074
DEBUG:urllib3.connectionpool:https://wordpress-810691-5571285.cloudwaysapps.com:443 "GET /wp-content/uploads/2025/08/poster_January_2019_1556585664-768x1024.webp HTTP/1.1" 200 100560
DEBUG:root:✅ Image OK: https://wordpress-810691-5571285.cloudwaysapps.com/wp-content/uploads/2025/08/2018_10_11_Meredith_Wayne_Price_Gretels_Cross_2_1555557122-682x1024.webp
DEBUG:root:Checking internal image: https://wordpress-810691-5571285.cloudwaysapps.com/wp-content/uploads/2025/08/2018_10_11_Meredith_Wayne_Price_Gretels_Cross_9_1555557288-1024x683.webp
DEBUG:urllib3.connectionpool:Starting new HTTPS connection (1): wordpress-810691-5571285.cloudwaysapps.com:443
DEBUG:root:✅ Image OK: https://wordpress-810691-5571285.cloudwaysapps.com/wp-content/uploads/2025/08/poster_January_2019_1556585664-768x1024.webp
DEBUG:root:Checking internal image: https://wordpress-810691-5571285.cloudwaysapps.com/wp-content/uploads/2025/08/Slide1_1571881236.webp
DEBUG:urllib3.connectionpool:https://wordpress-810691-5571285.cloudwaysapps.com:443 "GET /wp-content/uploads/2025/08/IMG_0005_Vivid_shr_1566254815-1024x932.webp HTTP/1.1" 200 235672
DEBUG:urllib3.connectionpool:https://outlook.office.com:443 "GET /calendar/0/deeplink/compose?allday=false&body=Join+us+weekly+in+the+Genealogy+Room+for+in-person+help+with+your+research.+It%E2%80%99s+a+great+chance+to+get+one-on-one+guidance%2C+ask+questions%2C+and+connect+with+others+who+share+your+passion+for+family+history.&location=2525+Oakley+Seaver+Dr%2C+Clermont%2C+FL%2C+34711%2C+United+States&path=/calendar/action/compose&rru=addevent&startdt=2025-10-01T13%3A00%3A00-04%3A00&enddt=2025-10-01T15%3A00%3A00-04%3A00&subject=Research+Assistance HTTP/1.1" 200 None
DEBUG:root:✅ Hyperlink OK: https://outlook.office.com/calendar/0/deeplink/compose?allday=false&body=Join+us+weekly+in+the+Genealogy+Room+for+in-person+help+with+your+research.+It%E2%80%99s+a+great+chance+to+get+one-on-one+guidance%2C+ask+questions%2C+and+connect+with+others+who+share+your+passion+for+family+history.&location=2525+Oakley+Seaver+Dr%2C+Clermont%2C+FL%2C+34711%2C+United+States&path=/calendar/action/compose&rru=addevent&startdt=2025-10-01T13%3A00%3A00-04%3A00&enddt=2025-10-01T15%3A00%3A00-04%3A00&subject=Research+Assistance
DEBUG:root:Checking external hyperlink: https://outlook.live.com/calendar/0/deeplink/compose?allday=false&body=Join+us+weekly+in+the+Genealogy+Room+for+in-person+help+with+your+research.+It%E2%80%99s+a+great+chance+to+get+one-on-one+guidance%2C+ask+questions%2C+and+connect+with+others+who+share+your+passion+for+family+history.&location=2525+Oakley+Seaver+Dr%2C+Clermont%2C+FL%2C+34711%2C+United+States&path=/calendar/action/compose&rru=addevent&startdt=2025-10-01T13%3A00%3A00-04%3A00&enddt=2025-10-01T15%3A00%3A00-04%3A00&subject=Research+Assistance
DEBUG:urllib3.connectionpool:Starting new HTTPS connection (1): wordpress-810691-5571285.cloudwaysapps.com:443
DEBUG:urllib3.connectionpool:Starting new HTTPS connection (1): outlook.live.com:443
DEBUG:urllib3.connectionpool:https://wordpress-810691-5571285.cloudwaysapps.com:443 "GET /wp-content/uploads/2025/08/bob_and_dotty_1540438450.webp HTTP/1.1" 200 70324
DEBUG:root:✅ Image OK: https://wordpress-810691-5571285.cloudwaysapps.com/wp-content/uploads/2025/08/bob_and_dotty_1540438450.webp
DEBUG:root:Checking internal image: https://wordpress-810691-5571285.cloudwaysapps.com/wp-content/uploads/2025/08/P1020539_1540438450.webp
DEBUG:urllib3.connectionpool:Starting new HTTPS connection (1): wordpress-810691-5571285.cloudwaysapps.com:443
DEBUG:root:✅ Image OK: https://wordpress-810691-5571285.cloudwaysapps.com/wp-content/uploads/2025/08/IMG_0005_Vivid_shr_1566254815-1024x932.webp
DEBUG:root:Checking internal image: https://wordpress-810691-5571285.cloudwaysapps.com/wp-content/uploads/2025/08/IMG_0007_1565102860-1024x832.webp
DEBUG:urllib3.connectionpool:Starting new HTTPS connection (1): wordpress-810691-5571285.cloudwaysapps.com:443
DEBUG:urllib3.connectionpool:https://wordpress-810691-5571285.cloudwaysapps.com:443 "GET /wp-content/uploads/2025/08/2018_10_11_Meredith_Wayne_Price_Gretels_Cross_9_1555557288-1024x683.webp HTTP/1.1" 200 100898
DEBUG:urllib3.connectionpool:https://wordpress-810691-5571285.cloudwaysapps.com:443 "GET /wp-content/uploads/2025/08/Slide1_1571881236.webp HTTP/1.1" 200 80556
DEBUG:root:✅ Image OK: https://wordpress-810691-5571285.cloudwaysapps.com/wp-content/uploads/2025/08/2018_10_11_Meredith_Wayne_Price_Gretels_Cross_9_1555557288-1024x683.webp
DEBUG:root:Checking internal image: https://wordpress-810691-5571285.cloudwaysapps.com/wp-content/uploads/2025/08/2018_10_11_Meredith_Wayne_Price_Gretels_Cross_1_1555557087-1024x802.webp
DEBUG:urllib3.connectionpool:Starting new HTTPS connection (1): wordpress-810691-5571285.cloudwaysapps.com:443
DEBUG:root:✅ Image OK: https://wordpress-810691-5571285.cloudwaysapps.com/wp-content/uploads/2025/08/Slide1_1571881236.webp
DEBUG:root:Checking internal image: https://wordpress-810691-5571285.cloudwaysapps.com/wp-content/uploads/2025/08/Slide52_1556585739.webp
DEBUG:urllib3.connectionpool:Starting new HTTPS connection (1): wordpress-810691-5571285.cloudwaysapps.com:443
DEBUG:urllib3.connectionpool:https://wordpress-810691-5571285.cloudwaysapps.com:443 "GET /wp-content/uploads/2025/08/P1020539_1540438450.webp HTTP/1.1" 200 80708
DEBUG:urllib3.connectionpool:https://wordpress-810691-5571285.cloudwaysapps.com:443 "GET /wp-content/uploads/2025/08/IMG_0007_1565102860-1024x832.webp HTTP/1.1" 200 66820
DEBUG:root:✅ Image OK: https://wordpress-810691-5571285.cloudwaysapps.com/wp-content/uploads/2025/08/P1020539_1540438450.webp
DEBUG:root:Checking internal image: https://wordpress-810691-5571285.cloudwaysapps.com/wp-content/uploads/2025/08/P1020545_1540438450.webp
DEBUG:urllib3.connectionpool:Starting new HTTPS connection (1): wordpress-810691-5571285.cloudwaysapps.com:443
DEBUG:root:✅ Image OK: https://wordpress-810691-5571285.cloudwaysapps.com/wp-content/uploads/2025/08/IMG_0007_1565102860-1024x832.webp
DEBUG:root:Using regex pattern: \b[a-zA-Z]{3,}\b
DEBUG:root:Found 37 words to check in https://wordpress-810691-5571285.cloudwaysapps.com/galleries/2004-guest-speakers-and-events/ (min_length=3)
DEBUG:root:Sample words from https://wordpress-810691-5571285.cloudwaysapps.com/galleries/2004-guest-speakers-and-events/: ['This', 'alert', 'Skip', 'content', 'Guest', 'Speakers', 'and', 'Events', 'images', 'Click']
DEBUG:root:Spell check results for https://wordpress-810691-5571285.cloudwaysapps.com/galleries/2004-guest-speakers-and-events/: 16 words checked, 21 skipped, 0 errors found
INFO:root:✅ Processed https://wordpress-810691-5571285.cloudwaysapps.com/galleries/2004-guest-speakers-and-events/: 0 errors found, 73 words checked
DEBUG:root:Attempting to fetch: https://wordpress-810691-5571285.cloudwaysapps.com/thank-you/
Processing pages:  87%|████████▋ | 331/381 [03:07<01:03,  1.26s/it]DEBUG:urllib3.connectionpool:https://outlook.live.com:443 "GET /calendar/0/deeplink/compose?allday=false&body=Join+us+weekly+in+the+Genealogy+Room+for+in-person+help+with+your+research.+It%E2%80%99s+a+great+chance+to+get+one-on-one+guidance%2C+ask+questions%2C+and+connect+with+others+who+share+your+passion+for+family+history.&location=2525+Oakley+Seaver+Dr%2C+Clermont%2C+FL%2C+34711%2C+United+States&path=/calendar/action/compose&rru=addevent&startdt=2025-10-01T13%3A00%3A00-04%3A00&enddt=2025-10-01T15%3A00%3A00-04%3A00&subject=Research+Assistance HTTP/1.1" 200 None
DEBUG:urllib3.connectionpool:https://wordpress-810691-5571285.cloudwaysapps.com:443 "GET /thank-you/ HTTP/1.1" 200 None
DEBUG:root:Successfully fetched https://wordpress-810691-5571285.cloudwaysapps.com/thank-you/ (Content-Length: 36934)
DEBUG:root:✅ Hyperlink OK: https://outlook.live.com/calendar/0/deeplink/compose?allday=false&body=Join+us+weekly+in+the+Genealogy+Room+for+in-person+help+with+your+research.+It%E2%80%99s+a+great+chance+to+get+one-on-one+guidance%2C+ask+questions%2C+and+connect+with+others+who+share+your+passion+for+family+history.&location=2525+Oakley+Seaver+Dr%2C+Clermont%2C+FL%2C+34711%2C+United+States&path=/calendar/action/compose&rru=addevent&startdt=2025-10-01T13%3A00%3A00-04%3A00&enddt=2025-10-01T15%3A00%3A00-04%3A00&subject=Research+Assistance
DEBUG:root:Using regex pattern: \b[a-zA-Z]{3,}\b
DEBUG:root:Found 58 words to check in https://wordpress-810691-5571285.cloudwaysapps.com/events/research-assistance-2025-08-27-2025-09-03-2025-09-10-2025-09-17-2025-09-24-2025-10-01/ (min_length=3)
DEBUG:root:Sample words from https://wordpress-810691-5571285.cloudwaysapps.com/events/research-assistance-2025-08-27-2025-09-03-2025-09-10-2025-09-17-2025-09-24-2025-10-01/: ['This', 'alert', 'Skip', 'content', 'Research', 'Assistance', 'When', 'October', 'Add', 'Calendar']
DEBUG:root:Spell check results for https://wordpress-810691-5571285.cloudwaysapps.com/events/research-assistance-2025-08-27-2025-09-03-2025-09-10-2025-09-17-2025-09-24-2025-10-01/: 30 words checked, 28 skipped, 0 errors found
INFO:root:✅ Processed https://wordpress-810691-5571285.cloudwaysapps.com/events/research-assistance-2025-08-27-2025-09-03-2025-09-10-2025-09-17-2025-09-24-2025-10-01/: 0 errors found, 85 words checked
DEBUG:root:Attempting to fetch: https://wordpress-810691-5571285.cloudwaysapps.com/galleries/2019-sep-drew-smith-famsearch/
DEBUG:charset_normalizer:Encoding detection: utf_8 is most likely the one.
DEBUG:root:Extracted 191 characters, 34 words from https://wordpress-810691-5571285.cloudwaysapps.com/thank-you/
DEBUG:root:Using regex pattern: \b[a-zA-Z]{3,}\b
DEBUG:root:Found 27 words to check in https://wordpress-810691-5571285.cloudwaysapps.com/thank-you/ (min_length=3)
DEBUG:root:Sample words from https://wordpress-810691-5571285.cloudwaysapps.com/thank-you/: ['This', 'alert', 'Skip', 'content', 'Thank', 'You', 'looks', 'like', 'you', 'have']
DEBUG:root:Spell check results for https://wordpress-810691-5571285.cloudwaysapps.com/thank-you/: 22 words checked, 5 skipped, 0 errors found
INFO:root:✅ Processed https://wordpress-810691-5571285.cloudwaysapps.com/thank-you/: 0 errors found, 34 words checked
DEBUG:root:Attempting to fetch: https://wordpress-810691-5571285.cloudwaysapps.com/events/family-book-creator-special-interest-group-sig-2027-02-22/
Processing pages:  87%|████████▋ | 333/381 [03:07<00:33,  1.42it/s]DEBUG:urllib3.connectionpool:https://wordpress-810691-5571285.cloudwaysapps.com:443 "GET /wp-content/uploads/2025/08/Slide52_1556585739.webp HTTP/1.1" 200 64112
DEBUG:urllib3.connectionpool:https://wordpress-810691-5571285.cloudwaysapps.com:443 "GET /wp-content/uploads/2025/08/2018_10_11_Meredith_Wayne_Price_Gretels_Cross_1_1555557087-1024x802.webp HTTP/1.1" 200 108714
DEBUG:root:✅ Image OK: https://wordpress-810691-5571285.cloudwaysapps.com/wp-content/uploads/2025/08/Slide52_1556585739.webp
DEBUG:root:Checking internal image: https://wordpress-810691-5571285.cloudwaysapps.com/wp-content/uploads/2025/08/friday_speakers_w_logo_1556585870-1024x494.webp
DEBUG:urllib3.connectionpool:Starting new HTTPS connection (1): wordpress-810691-5571285.cloudwaysapps.com:443
DEBUG:urllib3.connectionpool:https://wordpress-810691-5571285.cloudwaysapps.com:443 "GET /galleries/2019-sep-drew-smith-famsearch/ HTTP/1.1" 200 None
DEBUG:root:Successfully fetched https://wordpress-810691-5571285.cloudwaysapps.com/galleries/2019-sep-drew-smith-famsearch/ (Content-Length: 55343)
DEBUG:charset_normalizer:Encoding detection: utf_8 is most likely the one.
DEBUG:urllib3.connectionpool:https://wordpress-810691-5571285.cloudwaysapps.com:443 "GET /events/family-book-creator-special-interest-group-sig-2027-02-22/ HTTP/1.1" 200 None
DEBUG:root:Successfully fetched https://wordpress-810691-5571285.cloudwaysapps.com/events/family-book-creator-special-interest-group-sig-2027-02-22/ (Content-Length: 42527)
DEBUG:charset_normalizer:Encoding detection: utf_8 is most likely the one.
DEBUG:root:Extracted 252 characters, 49 words from https://wordpress-810691-5571285.cloudwaysapps.com/galleries/2019-sep-drew-smith-famsearch/
DEBUG:root:Checking internal image: https://wordpress-810691-5571285.cloudwaysapps.com/wp-content/uploads/2025/08/2019_Drew_Smith_FamilySearch_9_1571800238-1024x683.webp
DEBUG:urllib3.connectionpool:Starting new HTTPS connection (1): wordpress-810691-5571285.cloudwaysapps.com:443
DEBUG:root:Extracted 847 characters, 141 words from https://wordpress-810691-5571285.cloudwaysapps.com/events/family-book-creator-special-interest-group-sig-2027-02-22/
DEBUG:root:Checking external hyperlink: https://www.google.com/calendar/event?action=TEMPLATE&text=Family+Book+Creator+Special+Interest+Group+%28SIG%29&dates=20270222T190000/20270222T200000&details=This+group+grew+out+of+our+original+FBC+Study+Group%2C+a+joint+effort+between+Pastfinders+and+Kinseekers.+For+now%2C+membership+is+limited+to+participants+of+that+original+group%2C+but+we+hope+to+welcome+more+members+in+the+future.&location=&trp=false&sprop=https%3A%2F%2Fwordpress-810691-5571285.cloudwaysapps.com%2Fevents%2Ffamily-book-creator-special-interest-group-sig-2027-02-22%2F&sprop=name:Pastfinders&ctz=America%2FNew_York
DEBUG:root:✅ Image OK: https://wordpress-810691-5571285.cloudwaysapps.com/wp-content/uploads/2025/08/2018_10_11_Meredith_Wayne_Price_Gretels_Cross_1_1555557087-1024x802.webp
DEBUG:root:Checking internal image: https://wordpress-810691-5571285.cloudwaysapps.com/wp-content/uploads/2025/08/2018_10_11_Meredith_Wayne_Price_Gretels_Cross_3_1555557159-683x1024.webp
DEBUG:urllib3.connectionpool:Starting new HTTPS connection (1): wordpress-810691-5571285.cloudwaysapps.com:443
DEBUG:urllib3.connectionpool:Starting new HTTPS connection (1): www.google.com:443
DEBUG:urllib3.connectionpool:https://wordpress-810691-5571285.cloudwaysapps.com:443 "GET /wp-content/uploads/2025/08/P1020545_1540438450.webp HTTP/1.1" 200 63872
DEBUG:root:✅ Image OK: https://wordpress-810691-5571285.cloudwaysapps.com/wp-content/uploads/2025/08/P1020545_1540438450.webp
DEBUG:root:Checking internal image: https://wordpress-810691-5571285.cloudwaysapps.com/wp-content/uploads/2025/08/P1020549_1540438450.webp
DEBUG:urllib3.connectionpool:Starting new HTTPS connection (1): wordpress-810691-5571285.cloudwaysapps.com:443
DEBUG:urllib3.connectionpool:https://www.google.com:443 "GET /calendar/event?action=TEMPLATE&text=Family+Book+Creator+Special+Interest+Group+%28SIG%29&dates=20270222T190000/20270222T200000&details=This+group+grew+out+of+our+original+FBC+Study+Group%2C+a+joint+effort+between+Pastfinders+and+Kinseekers.+For+now%2C+membership+is+limited+to+participants+of+that+original+group%2C+but+we+hope+to+welcome+more+members+in+the+future.&location=&trp=false&sprop=https%3A%2F%2Fwordpress-810691-5571285.cloudwaysapps.com%2Fevents%2Ffamily-book-creator-special-interest-group-sig-2027-02-22%2F&sprop=name:Pastfinders&ctz=America%2FNew_York HTTP/1.1" 302 0
DEBUG:urllib3.connectionpool:Starting new HTTPS connection (1): calendar.google.com:443
DEBUG:urllib3.connectionpool:https://wordpress-810691-5571285.cloudwaysapps.com:443 "GET /wp-content/uploads/2025/08/friday_speakers_w_logo_1556585870-1024x494.webp HTTP/1.1" 200 37102
DEBUG:root:✅ Image OK: https://wordpress-810691-5571285.cloudwaysapps.com/wp-content/uploads/2025/08/friday_speakers_w_logo_1556585870-1024x494.webp
DEBUG:root:Checking internal image: https://wordpress-810691-5571285.cloudwaysapps.com/wp-content/uploads/2025/08/Slide3_1571881282.webp
DEBUG:urllib3.connectionpool:Starting new HTTPS connection (1): wordpress-810691-5571285.cloudwaysapps.com:443
DEBUG:urllib3.connectionpool:https://wordpress-810691-5571285.cloudwaysapps.com:443 "GET /wp-content/uploads/2025/08/2019_Drew_Smith_FamilySearch_9_1571800238-1024x683.webp HTTP/1.1" 200 50258
DEBUG:urllib3.connectionpool:https://calendar.google.com:443 "GET /calendar/event?action=TEMPLATE&text=Family+Book+Creator+Special+Interest+Group+(SIG)&dates=20270222T190000/20270222T200000&details=This+group+grew+out+of+our+original+FBC+Study+Group,+a+joint+effort+between+Pastfinders+and+Kinseekers.+For+now,+membership+is+limited+to+participants+of+that+original+group,+but+we+hope+to+welcome+more+members+in+the+future.&location&trp=false&sprop=https://wordpress-810691-5571285.cloudwaysapps.com/events/family-book-creator-special-interest-group-sig-2027-02-22/&sprop=name:Pastfinders&ctz=America/New_York HTTP/1.1" 302 0
DEBUG:urllib3.connectionpool:https://wordpress-810691-5571285.cloudwaysapps.com:443 "GET /wp-content/uploads/2025/08/2018_10_11_Meredith_Wayne_Price_Gretels_Cross_3_1555557159-683x1024.webp HTTP/1.1" 200 77878
DEBUG:urllib3.connectionpool:Starting new HTTPS connection (1): accounts.google.com:443
DEBUG:root:✅ Image OK: https://wordpress-810691-5571285.cloudwaysapps.com/wp-content/uploads/2025/08/2019_Drew_Smith_FamilySearch_9_1571800238-1024x683.webp
DEBUG:root:Checking internal image: https://wordpress-810691-5571285.cloudwaysapps.com/wp-content/uploads/2025/08/2019_Drew_Smith_FamilySearch_3_1571800238-1024x683.webp
DEBUG:urllib3.connectionpool:Starting new HTTPS connection (1): wordpress-810691-5571285.cloudwaysapps.com:443
DEBUG:root:✅ Image OK: https://wordpress-810691-5571285.cloudwaysapps.com/wp-content/uploads/2025/08/2018_10_11_Meredith_Wayne_Price_Gretels_Cross_3_1555557159-683x1024.webp
DEBUG:root:Checking internal image: https://wordpress-810691-5571285.cloudwaysapps.com/wp-content/uploads/2025/08/2018_10_11_Meredith_Wayne_Price_Gretels_Cross_6_1555557393-1024x683.webp
DEBUG:urllib3.connectionpool:Starting new HTTPS connection (1): wordpress-810691-5571285.cloudwaysapps.com:443
DEBUG:urllib3.connectionpool:https://wordpress-810691-5571285.cloudwaysapps.com:443 "GET /wp-content/uploads/2025/08/P1020549_1540438450.webp HTTP/1.1" 200 61412
DEBUG:root:✅ Image OK: https://wordpress-810691-5571285.cloudwaysapps.com/wp-content/uploads/2025/08/P1020549_1540438450.webp
DEBUG:root:Checking internal image: https://wordpress-810691-5571285.cloudwaysapps.com/wp-content/uploads/2025/08/P1020535_1540438450-1024x576.webp
DEBUG:urllib3.connectionpool:Starting new HTTPS connection (1): wordpress-810691-5571285.cloudwaysapps.com:443
DEBUG:urllib3.connectionpool:https://accounts.google.com:443 "GET /ServiceLogin?service=cl&passive=1209600&osid=1&continue=https://calendar.google.com/calendar/event?action%3DTEMPLATE%26text%3DFamily%2BBook%2BCreator%2BSpecial%2BInterest%2BGroup%2B(SIG)%26dates%3D20270222T190000/20270222T200000%26details%3DThis%2Bgroup%2Bgrew%2Bout%2Bof%2Bour%2Boriginal%2BFBC%2BStudy%2BGroup,%2Ba%2Bjoint%2Beffort%2Bbetween%2BPastfinders%2Band%2BKinseekers.%2BFor%2Bnow,%2Bmembership%2Bis%2Blimited%2Bto%2Bparticipants%2Bof%2Bthat%2Boriginal%2Bgroup,%2Bbut%2Bwe%2Bhope%2Bto%2Bwelcome%2Bmore%2Bmembers%2Bin%2Bthe%2Bfuture.%26location%26trp%3Dfalse%26sprop%3Dhttps://wordpress-810691-5571285.cloudwaysapps.com/events/family-book-creator-special-interest-group-sig-2027-02-22/%26sprop%3Dname:Pastfinders%26ctz%3DAmerica/New_York&followup=https://calendar.google.com/calendar/event?action%3DTEMPLATE%26text%3DFamily%2BBook%2BCreator%2BSpecial%2BInterest%2BGroup%2B(SIG)%26dates%3D20270222T190000/20270222T200000%26details%3DThis%2Bgroup%2Bgrew%2Bout%2Bof%2Bour%2Boriginal%2BFBC%2BStudy%2BGroup,%2Ba%2Bjoint%2Beffort%2Bbetween%2BPastfinders%2Band%2BKinseekers.%2BFor%2Bnow,%2Bmembership%2Bis%2Blimited%2Bto%2Bparticipants%2Bof%2Bthat%2Boriginal%2Bgroup,%2Bbut%2Bwe%2Bhope%2Bto%2Bwelcome%2Bmore%2Bmembers%2Bin%2Bthe%2Bfuture.%26location%26trp%3Dfalse%26sprop%3Dhttps://wordpress-810691-5571285.cloudwaysapps.com/events/family-book-creator-special-interest-group-sig-2027-02-22/%26sprop%3Dname:Pastfinders%26ctz%3DAmerica/New_York&emr=1 HTTP/1.1" 302 0
DEBUG:urllib3.connectionpool:https://wordpress-810691-5571285.cloudwaysapps.com:443 "GET /wp-content/uploads/2025/08/Slide3_1571881282.webp HTTP/1.1" 200 85850
DEBUG:urllib3.connectionpool:https://accounts.google.com:443 "GET /InteractiveLogin?continue=https://calendar.google.com/calendar/event?action%3DTEMPLATE%26text%3DFamily%2BBook%2BCreator%2BSpecial%2BInterest%2BGroup%2B(SIG)%26dates%3D20270222T190000/20270222T200000%26details%3DThis%2Bgroup%2Bgrew%2Bout%2Bof%2Bour%2Boriginal%2BFBC%2BStudy%2BGroup,%2Ba%2Bjoint%2Beffort%2Bbetween%2BPastfinders%2Band%2BKinseekers.%2BFor%2Bnow,%2Bmembership%2Bis%2Blimited%2Bto%2Bparticipants%2Bof%2Bthat%2Boriginal%2Bgroup,%2Bbut%2Bwe%2Bhope%2Bto%2Bwelcome%2Bmore%2Bmembers%2Bin%2Bthe%2Bfuture.%26location%26trp%3Dfalse%26sprop%3Dhttps://wordpress-810691-5571285.cloudwaysapps.com/events/family-book-creator-special-interest-group-sig-2027-02-22/%26sprop%3Dname:Pastfinders%26ctz%3DAmerica/New_York&emr=1&followup=https://calendar.google.com/calendar/event?action%3DTEMPLATE%26text%3DFamily%2BBook%2BCreator%2BSpecial%2BInterest%2BGroup%2B(SIG)%26dates%3D20270222T190000/20270222T200000%26details%3DThis%2Bgroup%2Bgrew%2Bout%2Bof%2Bour%2Boriginal%2BFBC%2BStudy%2BGroup,%2Ba%2Bjoint%2Beffort%2Bbetween%2BPastfinders%2Band%2BKinseekers.%2BFor%2Bnow,%2Bmembership%2Bis%2Blimited%2Bto%2Bparticipants%2Bof%2Bthat%2Boriginal%2Bgroup,%2Bbut%2Bwe%2Bhope%2Bto%2Bwelcome%2Bmore%2Bmembers%2Bin%2Bthe%2Bfuture.%26location%26trp%3Dfalse%26sprop%3Dhttps://wordpress-810691-5571285.cloudwaysapps.com/events/family-book-creator-special-interest-group-sig-2027-02-22/%26sprop%3Dname:Pastfinders%26ctz%3DAmerica/New_York&osid=1&passive=1209600&service=cl&ifkv=AdBytiNQTOwoYxhDzmbrqR2G1uGRXJdnJwfkilYJgcocgl_9dfIHv4BPv0KmOzZcZDY8NLNbfgVA HTTP/1.1" 302 None
DEBUG:root:✅ Image OK: https://wordpress-810691-5571285.cloudwaysapps.com/wp-content/uploads/2025/08/Slide3_1571881282.webp
DEBUG:root:Checking internal image: https://wordpress-810691-5571285.cloudwaysapps.com/wp-content/uploads/2025/08/2019_September_Smith_1571881236-819x1024.webp
DEBUG:urllib3.connectionpool:Starting new HTTPS connection (1): wordpress-810691-5571285.cloudwaysapps.com:443
DEBUG:urllib3.connectionpool:https://wordpress-810691-5571285.cloudwaysapps.com:443 "GET /wp-content/uploads/2025/08/2019_Drew_Smith_FamilySearch_3_1571800238-1024x683.webp HTTP/1.1" 200 90964
DEBUG:urllib3.connectionpool:https://accounts.google.com:443 "GET /v3/signin/identifier?continue=https%3A%2F%2Fcalendar.google.com%2Fcalendar%2Fevent%3Faction%3DTEMPLATE%26text%3DFamily%2BBook%2BCreator%2BSpecial%2BInterest%2BGroup%2B%28SIG%29%26dates%3D20270222T190000%2F20270222T200000%26details%3DThis%2Bgroup%2Bgrew%2Bout%2Bof%2Bour%2Boriginal%2BFBC%2BStudy%2BGroup%2C%2Ba%2Bjoint%2Beffort%2Bbetween%2BPastfinders%2Band%2BKinseekers.%2BFor%2Bnow%2C%2Bmembership%2Bis%2Blimited%2Bto%2Bparticipants%2Bof%2Bthat%2Boriginal%2Bgroup%2C%2Bbut%2Bwe%2Bhope%2Bto%2Bwelcome%2Bmore%2Bmembers%2Bin%2Bthe%2Bfuture.%26location%26trp%3Dfalse%26sprop%3Dhttps%3A%2F%2Fwordpress-810691-5571285.cloudwaysapps.com%2Fevents%2Ffamily-book-creator-special-interest-group-sig-2027-02-22%2F%26sprop%3Dname%3APastfinders%26ctz%3DAmerica%2FNew_York&emr=1&followup=https%3A%2F%2Fcalendar.google.com%2Fcalendar%2Fevent%3Faction%3DTEMPLATE%26text%3DFamily%2BBook%2BCreator%2BSpecial%2BInterest%2BGroup%2B%28SIG%29%26dates%3D20270222T190000%2F20270222T200000%26details%3DThis%2Bgroup%2Bgrew%2Bout%2Bof%2Bour%2Boriginal%2BFBC%2BStudy%2BGroup%2C%2Ba%2Bjoint%2Beffort%2Bbetween%2BPastfinders%2Band%2BKinseekers.%2BFor%2Bnow%2C%2Bmembership%2Bis%2Blimited%2Bto%2Bparticipants%2Bof%2Bthat%2Boriginal%2Bgroup%2C%2Bbut%2Bwe%2Bhope%2Bto%2Bwelcome%2Bmore%2Bmembers%2Bin%2Bthe%2Bfuture.%26location%26trp%3Dfalse%26sprop%3Dhttps%3A%2F%2Fwordpress-810691-5571285.cloudwaysapps.com%2Fevents%2Ffamily-book-creator-special-interest-group-sig-2027-02-22%2F%26sprop%3Dname%3APastfinders%26ctz%3DAmerica%2FNew_York&ifkv=AdBytiMAsyZ4d1Mtni0-8pR5jb9tJuxm0Cyk2d-bq8yFXIUN2zgmALm1bWNeB_z4gUhD5jlI0HMc&osid=1&passive=1209600&service=cl&flowName=WebLiteSignIn&flowEntry=ServiceLogin&dsh=S-1324010846%3A1756758312263730 HTTP/1.1" 200 None
DEBUG:root:✅ Image OK: https://wordpress-810691-5571285.cloudwaysapps.com/wp-content/uploads/2025/08/2019_Drew_Smith_FamilySearch_3_1571800238-1024x683.webp
DEBUG:root:Checking internal image: https://wordpress-810691-5571285.cloudwaysapps.com/wp-content/uploads/2025/08/2019_Drew_Smith_FamilySearch_11_1571800238-1024x683.webp
DEBUG:urllib3.connectionpool:Starting new HTTPS connection (1): wordpress-810691-5571285.cloudwaysapps.com:443
DEBUG:urllib3.connectionpool:https://wordpress-810691-5571285.cloudwaysapps.com:443 "GET /wp-content/uploads/2025/08/2018_10_11_Meredith_Wayne_Price_Gretels_Cross_6_1555557393-1024x683.webp HTTP/1.1" 200 76126
DEBUG:urllib3.connectionpool:https://wordpress-810691-5571285.cloudwaysapps.com:443 "GET /wp-content/uploads/2025/08/P1020535_1540438450-1024x576.webp HTTP/1.1" 200 131088
DEBUG:root:✅ Hyperlink OK: https://www.google.com/calendar/event?action=TEMPLATE&text=Family+Book+Creator+Special+Interest+Group+%28SIG%29&dates=20270222T190000/20270222T200000&details=This+group+grew+out+of+our+original+FBC+Study+Group%2C+a+joint+effort+between+Pastfinders+and+Kinseekers.+For+now%2C+membership+is+limited+to+participants+of+that+original+group%2C+but+we+hope+to+welcome+more+members+in+the+future.&location=&trp=false&sprop=https%3A%2F%2Fwordpress-810691-5571285.cloudwaysapps.com%2Fevents%2Ffamily-book-creator-special-interest-group-sig-2027-02-22%2F&sprop=name:Pastfinders&ctz=America%2FNew_York
DEBUG:root:Checking external hyperlink: https://outlook.office.com/calendar/0/deeplink/compose?allday=false&body=This+group+grew+out+of+our+original+FBC+Study+Group%2C+a+joint+effort+between+Pastfinders+and+Kinseekers.+For+now%2C+membership+is+limited+to+participants+of+that+original+group%2C+but+we+hope+to+welcome+more+members+in+the+future.&location=&path=/calendar/action/compose&rru=addevent&startdt=2027-02-22T19%3A00%3A00-05%3A00&enddt=2027-02-22T20%3A00%3A00-05%3A00&subject=Family+Book+Creator+Special+Interest+Group+%28SIG%29
DEBUG:urllib3.connectionpool:Starting new HTTPS connection (1): outlook.office.com:443
DEBUG:root:✅ Image OK: https://wordpress-810691-5571285.cloudwaysapps.com/wp-content/uploads/2025/08/2018_10_11_Meredith_Wayne_Price_Gretels_Cross_6_1555557393-1024x683.webp
DEBUG:root:Using regex pattern: \b[a-zA-Z]{3,}\b
DEBUG:root:Found 35 words to check in https://wordpress-810691-5571285.cloudwaysapps.com/galleries/2018-nov-meredith-wayne-price/ (min_length=3)
DEBUG:root:Sample words from https://wordpress-810691-5571285.cloudwaysapps.com/galleries/2018-nov-meredith-wayne-price/: ['This', 'alert', 'Skip', 'content', 'Nov', 'Meredith', 'Wayne', 'Price', 'images', 'Click']
DEBUG:root:Spell check results for https://wordpress-810691-5571285.cloudwaysapps.com/galleries/2018-nov-meredith-wayne-price/: 14 words checked, 21 skipped, 0 errors found
INFO:root:✅ Processed https://wordpress-810691-5571285.cloudwaysapps.com/galleries/2018-nov-meredith-wayne-price/: 0 errors found, 69 words checked
DEBUG:root:Attempting to fetch: https://wordpress-810691-5571285.cloudwaysapps.com/resources/genealogy-research-strategies/
Processing pages:  88%|████████▊ | 334/381 [03:08<00:33,  1.41it/s]DEBUG:root:✅ Image OK: https://wordpress-810691-5571285.cloudwaysapps.com/wp-content/uploads/2025/08/P1020535_1540438450-1024x576.webp
DEBUG:root:Checking internal image: https://wordpress-810691-5571285.cloudwaysapps.com/wp-content/uploads/2025/08/P1020544_1540438450.webp
DEBUG:urllib3.connectionpool:Starting new HTTPS connection (1): wordpress-810691-5571285.cloudwaysapps.com:443
DEBUG:urllib3.connectionpool:https://wordpress-810691-5571285.cloudwaysapps.com:443 "GET /wp-content/uploads/2025/08/2019_September_Smith_1571881236-819x1024.webp HTTP/1.1" 200 89308
DEBUG:root:✅ Image OK: https://wordpress-810691-5571285.cloudwaysapps.com/wp-content/uploads/2025/08/2019_September_Smith_1571881236-819x1024.webp
DEBUG:root:Checking internal image: https://wordpress-810691-5571285.cloudwaysapps.com/wp-content/uploads/2025/08/2019_facebook_teaser_1556585870-1024x683.webp
DEBUG:urllib3.connectionpool:Starting new HTTPS connection (1): wordpress-810691-5571285.cloudwaysapps.com:443
DEBUG:urllib3.connectionpool:https://wordpress-810691-5571285.cloudwaysapps.com:443 "GET /wp-content/uploads/2025/08/2019_Drew_Smith_FamilySearch_11_1571800238-1024x683.webp HTTP/1.1" 200 51656
DEBUG:urllib3.connectionpool:https://outlook.office.com:443 "GET /calendar/0/deeplink/compose?allday=false&body=This+group+grew+out+of+our+original+FBC+Study+Group%2C+a+joint+effort+between+Pastfinders+and+Kinseekers.+For+now%2C+membership+is+limited+to+participants+of+that+original+group%2C+but+we+hope+to+welcome+more+members+in+the+future.&location=&path=/calendar/action/compose&rru=addevent&startdt=2027-02-22T19%3A00%3A00-05%3A00&enddt=2027-02-22T20%3A00%3A00-05%3A00&subject=Family+Book+Creator+Special+Interest+Group+%28SIG%29 HTTP/1.1" 200 None
DEBUG:root:✅ Hyperlink OK: https://outlook.office.com/calendar/0/deeplink/compose?allday=false&body=This+group+grew+out+of+our+original+FBC+Study+Group%2C+a+joint+effort+between+Pastfinders+and+Kinseekers.+For+now%2C+membership+is+limited+to+participants+of+that+original+group%2C+but+we+hope+to+welcome+more+members+in+the+future.&location=&path=/calendar/action/compose&rru=addevent&startdt=2027-02-22T19%3A00%3A00-05%3A00&enddt=2027-02-22T20%3A00%3A00-05%3A00&subject=Family+Book+Creator+Special+Interest+Group+%28SIG%29
DEBUG:root:Checking external hyperlink: https://outlook.live.com/calendar/0/deeplink/compose?allday=false&body=This+group+grew+out+of+our+original+FBC+Study+Group%2C+a+joint+effort+between+Pastfinders+and+Kinseekers.+For+now%2C+membership+is+limited+to+participants+of+that+original+group%2C+but+we+hope+to+welcome+more+members+in+the+future.&location=&path=/calendar/action/compose&rru=addevent&startdt=2027-02-22T19%3A00%3A00-05%3A00&enddt=2027-02-22T20%3A00%3A00-05%3A00&subject=Family+Book+Creator+Special+Interest+Group+%28SIG%29
DEBUG:urllib3.connectionpool:Starting new HTTPS connection (1): outlook.live.com:443
DEBUG:root:✅ Image OK: https://wordpress-810691-5571285.cloudwaysapps.com/wp-content/uploads/2025/08/2019_Drew_Smith_FamilySearch_11_1571800238-1024x683.webp
DEBUG:root:Checking internal image: https://wordpress-810691-5571285.cloudwaysapps.com/wp-content/uploads/2025/08/2019_Drew_Smith_FamilySearch_6_1571800238-1024x683.webp
DEBUG:urllib3.connectionpool:Starting new HTTPS connection (1): wordpress-810691-5571285.cloudwaysapps.com:443
DEBUG:urllib3.connectionpool:https://wordpress-810691-5571285.cloudwaysapps.com:443 "GET /wp-content/uploads/2025/08/P1020544_1540438450.webp HTTP/1.1" 200 71170
DEBUG:urllib3.connectionpool:https://wordpress-810691-5571285.cloudwaysapps.com:443 "GET /wp-content/uploads/2025/08/2019_facebook_teaser_1556585870-1024x683.webp HTTP/1.1" 200 100684
DEBUG:root:✅ Image OK: https://wordpress-810691-5571285.cloudwaysapps.com/wp-content/uploads/2025/08/P1020544_1540438450.webp
DEBUG:root:Checking internal image: https://wordpress-810691-5571285.cloudwaysapps.com/wp-content/uploads/2025/08/P1020548_1540438450.webp
DEBUG:urllib3.connectionpool:Starting new HTTPS connection (1): wordpress-810691-5571285.cloudwaysapps.com:443
DEBUG:root:✅ Image OK: https://wordpress-810691-5571285.cloudwaysapps.com/wp-content/uploads/2025/08/2019_facebook_teaser_1556585870-1024x683.webp
DEBUG:root:Checking internal image: https://wordpress-810691-5571285.cloudwaysapps.com/wp-content/uploads/2025/08/Webpage_Homepage_sign_1556585664-768x1024.webp
DEBUG:urllib3.connectionpool:Starting new HTTPS connection (1): wordpress-810691-5571285.cloudwaysapps.com:443
DEBUG:urllib3.connectionpool:https://outlook.live.com:443 "GET /calendar/0/deeplink/compose?allday=false&body=This+group+grew+out+of+our+original+FBC+Study+Group%2C+a+joint+effort+between+Pastfinders+and+Kinseekers.+For+now%2C+membership+is+limited+to+participants+of+that+original+group%2C+but+we+hope+to+welcome+more+members+in+the+future.&location=&path=/calendar/action/compose&rru=addevent&startdt=2027-02-22T19%3A00%3A00-05%3A00&enddt=2027-02-22T20%3A00%3A00-05%3A00&subject=Family+Book+Creator+Special+Interest+Group+%28SIG%29 HTTP/1.1" 200 None
DEBUG:root:✅ Hyperlink OK: https://outlook.live.com/calendar/0/deeplink/compose?allday=false&body=This+group+grew+out+of+our+original+FBC+Study+Group%2C+a+joint+effort+between+Pastfinders+and+Kinseekers.+For+now%2C+membership+is+limited+to+participants+of+that+original+group%2C+but+we+hope+to+welcome+more+members+in+the+future.&location=&path=/calendar/action/compose&rru=addevent&startdt=2027-02-22T19%3A00%3A00-05%3A00&enddt=2027-02-22T20%3A00%3A00-05%3A00&subject=Family+Book+Creator+Special+Interest+Group+%28SIG%29
DEBUG:root:Using regex pattern: \b[a-zA-Z]{3,}\b
DEBUG:root:Found 109 words to check in https://wordpress-810691-5571285.cloudwaysapps.com/events/family-book-creator-special-interest-group-sig-2027-02-22/ (min_length=3)
DEBUG:root:Sample words from https://wordpress-810691-5571285.cloudwaysapps.com/events/family-book-creator-special-interest-group-sig-2027-02-22/: ['This', 'alert', 'Skip', 'content', 'Family', 'Book', 'Creator', 'Special', 'Interest', 'Group']
DEBUG:root:Spell check results for https://wordpress-810691-5571285.cloudwaysapps.com/events/family-book-creator-special-interest-group-sig-2027-02-22/: 62 words checked, 47 skipped, 0 errors found
INFO:root:✅ Processed https://wordpress-810691-5571285.cloudwaysapps.com/events/family-book-creator-special-interest-group-sig-2027-02-22/: 0 errors found, 141 words checked
DEBUG:root:Attempting to fetch: https://wordpress-810691-5571285.cloudwaysapps.com/members-only/add-surnames/
Processing pages:  88%|████████▊ | 335/381 [03:08<00:29,  1.57it/s]DEBUG:urllib3.connectionpool:https://wordpress-810691-5571285.cloudwaysapps.com:443 "GET /wp-content/uploads/2025/08/2019_Drew_Smith_FamilySearch_6_1571800238-1024x683.webp HTTP/1.1" 200 51698
DEBUG:root:✅ Image OK: https://wordpress-810691-5571285.cloudwaysapps.com/wp-content/uploads/2025/08/2019_Drew_Smith_FamilySearch_6_1571800238-1024x683.webp
DEBUG:root:Checking internal image: https://wordpress-810691-5571285.cloudwaysapps.com/wp-content/uploads/2025/08/2019_Drew_Smith_FamilySearch_4_1571800238-1024x683.webp
DEBUG:urllib3.connectionpool:Starting new HTTPS connection (1): wordpress-810691-5571285.cloudwaysapps.com:443
DEBUG:urllib3.connectionpool:https://wordpress-810691-5571285.cloudwaysapps.com:443 "GET /members-only/add-surnames/ HTTP/1.1" 200 None
DEBUG:root:Successfully fetched https://wordpress-810691-5571285.cloudwaysapps.com/members-only/add-surnames/ (Content-Length: 37235)
DEBUG:charset_normalizer:Encoding detection: utf_8 is most likely the one.
DEBUG:root:Extracted 124 characters, 22 words from https://wordpress-810691-5571285.cloudwaysapps.com/members-only/add-surnames/
DEBUG:root:Using regex pattern: \b[a-zA-Z]{3,}\b
DEBUG:root:Found 12 words to check in https://wordpress-810691-5571285.cloudwaysapps.com/members-only/add-surnames/ (min_length=3)
DEBUG:root:Sample words from https://wordpress-810691-5571285.cloudwaysapps.com/members-only/add-surnames/: ['This', 'alert', 'Skip', 'content', 'Restricted', 'You', 'must', 'logged', 'access', 'the']
DEBUG:root:Spell check results for https://wordpress-810691-5571285.cloudwaysapps.com/members-only/add-surnames/: 8 words checked, 4 skipped, 0 errors found
INFO:root:✅ Processed https://wordpress-810691-5571285.cloudwaysapps.com/members-only/add-surnames/: 0 errors found, 22 words checked
DEBUG:root:Attempting to fetch: https://wordpress-810691-5571285.cloudwaysapps.com/events/research-assistance-2025-08-27-2025-09-03-2025-09-10-2025-09-17-2025-09-24-2025-10-01-2025-10-08-2025-10-15-2025-10-22-2025-10-29-2025-11-05-2025-11-12-2025-11-19-2025-11-26-2025-12-03-2-10-2026-06-17/
Processing pages:  88%|████████▊ | 336/381 [03:08<00:22,  1.98it/s]DEBUG:urllib3.connectionpool:https://wordpress-810691-5571285.cloudwaysapps.com:443 "GET /wp-content/uploads/2025/08/P1020548_1540438450.webp HTTP/1.1" 200 74086
DEBUG:urllib3.connectionpool:https://wordpress-810691-5571285.cloudwaysapps.com:443 "GET /events/research-assistance-2025-08-27-2025-09-03-2025-09-10-2025-09-17-2025-09-24-2025-10-01-2025-10-08-2025-10-15-2025-10-22-2025-10-29-2025-11-05-2025-11-12-2025-11-19-2025-11-26-2025-12-03-2-10-2026-06-17/ HTTP/1.1" 200 None
DEBUG:root:Successfully fetched https://wordpress-810691-5571285.cloudwaysapps.com/events/research-assistance-2025-08-27-2025-09-03-2025-09-10-2025-09-17-2025-09-24-2025-10-01-2025-10-08-2025-10-15-2025-10-22-2025-10-29-2025-11-05-2025-11-12-2025-11-19-2025-11-26-2025-12-03-2-10-2026-06-17/ (Content-Length: 44211)
DEBUG:charset_normalizer:Encoding detection: utf_8 is most likely the one.
DEBUG:urllib3.connectionpool:https://wordpress-810691-5571285.cloudwaysapps.com:443 "GET /wp-content/uploads/2025/08/Webpage_Homepage_sign_1556585664-768x1024.webp HTTP/1.1" 200 100186
DEBUG:root:✅ Image OK: https://wordpress-810691-5571285.cloudwaysapps.com/wp-content/uploads/2025/08/P1020548_1540438450.webp
DEBUG:root:Using regex pattern: \b[a-zA-Z]{3,}\b
DEBUG:root:Found 39 words to check in https://wordpress-810691-5571285.cloudwaysapps.com/galleries/2016-oct-scanning-one-on-one/ (min_length=3)
DEBUG:root:Sample words from https://wordpress-810691-5571285.cloudwaysapps.com/galleries/2016-oct-scanning-one-on-one/: ['This', 'alert', 'Skip', 'content', 'Oct', 'Scanning', 'One', 'One', 'images', 'Click']
DEBUG:root:Spell check results for https://wordpress-810691-5571285.cloudwaysapps.com/galleries/2016-oct-scanning-one-on-one/: 16 words checked, 23 skipped, 0 errors found
INFO:root:✅ Processed https://wordpress-810691-5571285.cloudwaysapps.com/galleries/2016-oct-scanning-one-on-one/: 0 errors found, 78 words checked
DEBUG:root:Attempting to fetch: https://wordpress-810691-5571285.cloudwaysapps.com/resources/anne-arundel-genealogical-society/
Processing pages:  88%|████████▊ | 337/381 [03:08<00:17,  2.53it/s]DEBUG:root:Extracted 488 characters, 85 words from https://wordpress-810691-5571285.cloudwaysapps.com/events/research-assistance-2025-08-27-2025-09-03-2025-09-10-2025-09-17-2025-09-24-2025-10-01-2025-10-08-2025-10-15-2025-10-22-2025-10-29-2025-11-05-2025-11-12-2025-11-19-2025-11-26-2025-12-03-2-10-2026-06-17/
DEBUG:root:Checking external hyperlink: https://www.google.com/calendar/event?action=TEMPLATE&text=Research+Assistance&dates=20260617T130000/20260617T150000&details=Join+us+weekly+in+the+Genealogy+Room+for+in-person+help+with+your+research.+It%E2%80%99s+a+great+chance+to+get+one-on-one+guidance%2C+ask+questions%2C+and+connect+with+others+who+share+your+passion+for+family+history.&location=2525+Oakley+Seaver+Dr%2C+Clermont%2C+FL%2C+34711%2C+United+States&trp=false&sprop=https%3A%2F%2Fwordpress-810691-5571285.cloudwaysapps.com%2Fevents%2Fresearch-assistance-2025-08-27-2025-09-03-2025-09-10-2025-09-17-2025-09-24-2025-10-01-2025-10-08-2025-10-15-2025-10-22-2025-10-29-2025-11-05-2025-11-12-2025-11-19-2025-11-26-2025-12-03-2-10-2026-06-17%2F&sprop=name:Pastfinders&ctz=America%2FNew_York
DEBUG:root:✅ Image OK: https://wordpress-810691-5571285.cloudwaysapps.com/wp-content/uploads/2025/08/Webpage_Homepage_sign_1556585664-768x1024.webp
DEBUG:root:Checking internal image: https://wordpress-810691-5571285.cloudwaysapps.com/wp-content/uploads/2025/08/2019_October_Lyttle_1571881236-819x1024.webp
DEBUG:urllib3.connectionpool:Starting new HTTPS connection (1): www.google.com:443
DEBUG:urllib3.connectionpool:Starting new HTTPS connection (1): wordpress-810691-5571285.cloudwaysapps.com:443
DEBUG:urllib3.connectionpool:https://wordpress-810691-5571285.cloudwaysapps.com:443 "GET /wp-content/uploads/2025/08/2019_Drew_Smith_FamilySearch_4_1571800238-1024x683.webp HTTP/1.1" 200 102110
DEBUG:urllib3.connectionpool:https://wordpress-810691-5571285.cloudwaysapps.com:443 "GET /resources/anne-arundel-genealogical-society/ HTTP/1.1" 200 None
DEBUG:root:Successfully fetched https://wordpress-810691-5571285.cloudwaysapps.com/resources/anne-arundel-genealogical-society/ (Content-Length: 38899)
DEBUG:charset_normalizer:Encoding detection: utf_8 is most likely the one.
DEBUG:root:Extracted 663 characters, 111 words from https://wordpress-810691-5571285.cloudwaysapps.com/resources/anne-arundel-genealogical-society/
DEBUG:root:Using regex pattern: \b[a-zA-Z]{3,}\b
DEBUG:root:Found 85 words to check in https://wordpress-810691-5571285.cloudwaysapps.com/resources/anne-arundel-genealogical-society/ (min_length=3)
DEBUG:root:Sample words from https://wordpress-810691-5571285.cloudwaysapps.com/resources/anne-arundel-genealogical-society/: ['This', 'alert', 'Skip', 'content', 'Anne', 'Arundel', 'Genealogical', 'Society', 'March', 'Established']
DEBUG:root:Spell check results for https://wordpress-810691-5571285.cloudwaysapps.com/resources/anne-arundel-genealogical-society/: 57 words checked, 28 skipped, 0 errors found
INFO:root:✅ Processed https://wordpress-810691-5571285.cloudwaysapps.com/resources/anne-arundel-genealogical-society/: 0 errors found, 111 words checked
DEBUG:root:Attempting to fetch: https://wordpress-810691-5571285.cloudwaysapps.com/events/irish-special-interest-group-sig-2025-10-20/
Processing pages:  89%|████████▊ | 338/381 [03:09<00:13,  3.17it/s]DEBUG:urllib3.connectionpool:https://www.google.com:443 "GET /calendar/event?action=TEMPLATE&text=Research+Assistance&dates=20260617T130000/20260617T150000&details=Join+us+weekly+in+the+Genealogy+Room+for+in-person+help+with+your+research.+It%E2%80%99s+a+great+chance+to+get+one-on-one+guidance%2C+ask+questions%2C+and+connect+with+others+who+share+your+passion+for+family+history.&location=2525+Oakley+Seaver+Dr%2C+Clermont%2C+FL%2C+34711%2C+United+States&trp=false&sprop=https%3A%2F%2Fwordpress-810691-5571285.cloudwaysapps.com%2Fevents%2Fresearch-assistance-2025-08-27-2025-09-03-2025-09-10-2025-09-17-2025-09-24-2025-10-01-2025-10-08-2025-10-15-2025-10-22-2025-10-29-2025-11-05-2025-11-12-2025-11-19-2025-11-26-2025-12-03-2-10-2026-06-17%2F&sprop=name:Pastfinders&ctz=America%2FNew_York HTTP/1.1" 302 0
DEBUG:urllib3.connectionpool:Starting new HTTPS connection (1): calendar.google.com:443
DEBUG:root:✅ Image OK: https://wordpress-810691-5571285.cloudwaysapps.com/wp-content/uploads/2025/08/2019_Drew_Smith_FamilySearch_4_1571800238-1024x683.webp
DEBUG:root:Checking internal image: https://wordpress-810691-5571285.cloudwaysapps.com/wp-content/uploads/2025/08/2019_Drew_Smith_FamilySearch_1_1571800238-1024x683.webp
DEBUG:urllib3.connectionpool:Starting new HTTPS connection (1): wordpress-810691-5571285.cloudwaysapps.com:443
DEBUG:urllib3.connectionpool:https://wordpress-810691-5571285.cloudwaysapps.com:443 "GET /events/irish-special-interest-group-sig-2025-10-20/ HTTP/1.1" 200 None
DEBUG:root:Successfully fetched https://wordpress-810691-5571285.cloudwaysapps.com/events/irish-special-interest-group-sig-2025-10-20/ (Content-Length: 43816)
DEBUG:charset_normalizer:Encoding detection: ascii is most likely the one.
DEBUG:root:Extracted 721 characters, 121 words from https://wordpress-810691-5571285.cloudwaysapps.com/events/irish-special-interest-group-sig-2025-10-20/
DEBUG:root:Checking external hyperlink: https://www.google.com/calendar/event?action=TEMPLATE&text=Irish+Special+Interest+Group+%28SIG%29&dates=20251020T130000/20251020T141500&details=%3Cstrong%3EThe+Irish+SIG+will+resume+with+a+different+approach+to+Genealogy+Research.%C2%A0+Discussions+will+be+based+on+input+from+the+group%2C+which+will+result+in+changing+topics+each+month.%3C%2Fstrong%3EPastfinders+will+send+an+Email+to+SIG+members+several+days+prior+to+each+meeting.Pastfinders+is+using+the+Zoom+Virtual+Meeting+app+to+hold+these+meetings+and+you+can+only+join+the+meeting+by+using+a+link+provided+by+Pastfinders.%C2%A0+You+can+register+for+the+season+here%3A%3Cstrong%3E%C2%A0%3Ca+href%3D%22https%3A%2F%2Fform.jotform.com%2FPastfindersSLC%2FJoin-Irish-SIG%22%3EIrish+SIG%3C%2Fa%3E%C2%A0%3C%2Fstrong%3E&location=&trp=false&sprop=https%3A%2F%2Fwordpress-810691-5571285.cloudwaysapps.com%2Fevents%2Firish-special-interest-group-sig-2025-10-20%2F&sprop=name:Pastfinders&ctz=America%2FNew_York
DEBUG:urllib3.connectionpool:Starting new HTTPS connection (1): www.google.com:443
DEBUG:urllib3.connectionpool:https://wordpress-810691-5571285.cloudwaysapps.com:443 "GET /wp-content/uploads/2025/08/2019_October_Lyttle_1571881236-819x1024.webp HTTP/1.1" 200 129132
DEBUG:urllib3.connectionpool:https://calendar.google.com:443 "GET /calendar/event?action=TEMPLATE&text=Research+Assistance&dates=20260617T130000/20260617T150000&details=Join+us+weekly+in+the+Genealogy+Room+for+in-person+help+with+your+research.+It%E2%80%99s+a+great+chance+to+get+one-on-one+guidance,+ask+questions,+and+connect+with+others+who+share+your+passion+for+family+history.&location=2525+Oakley+Seaver+Dr,+Clermont,+FL,+34711,+United+States&trp=false&sprop=https://wordpress-810691-5571285.cloudwaysapps.com/events/research-assistance-2025-08-27-2025-09-03-2025-09-10-2025-09-17-2025-09-24-2025-10-01-2025-10-08-2025-10-15-2025-10-22-2025-10-29-2025-11-05-2025-11-12-2025-11-19-2025-11-26-2025-12-03-2-10-2026-06-17/&sprop=name:Pastfinders&ctz=America/New_York HTTP/1.1" 302 0
DEBUG:urllib3.connectionpool:Starting new HTTPS connection (1): accounts.google.com:443
DEBUG:urllib3.connectionpool:https://www.google.com:443 "GET /calendar/event?action=TEMPLATE&text=Irish+Special+Interest+Group+%28SIG%29&dates=20251020T130000/20251020T141500&details=%3Cstrong%3EThe+Irish+SIG+will+resume+with+a+different+approach+to+Genealogy+Research.%C2%A0+Discussions+will+be+based+on+input+from+the+group%2C+which+will+result+in+changing+topics+each+month.%3C%2Fstrong%3EPastfinders+will+send+an+Email+to+SIG+members+several+days+prior+to+each+meeting.Pastfinders+is+using+the+Zoom+Virtual+Meeting+app+to+hold+these+meetings+and+you+can+only+join+the+meeting+by+using+a+link+provided+by+Pastfinders.%C2%A0+You+can+register+for+the+season+here%3A%3Cstrong%3E%C2%A0%3Ca+href%3D%22https%3A%2F%2Fform.jotform.com%2FPastfindersSLC%2FJoin-Irish-SIG%22%3EIrish+SIG%3C%2Fa%3E%C2%A0%3C%2Fstrong%3E&location=&trp=false&sprop=https%3A%2F%2Fwordpress-810691-5571285.cloudwaysapps.com%2Fevents%2Firish-special-interest-group-sig-2025-10-20%2F&sprop=name:Pastfinders&ctz=America%2FNew_York HTTP/1.1" 302 0
DEBUG:urllib3.connectionpool:https://wordpress-810691-5571285.cloudwaysapps.com:443 "GET /resources/genealogy-research-strategies/ HTTP/1.1" 200 None
DEBUG:urllib3.connectionpool:Starting new HTTPS connection (1): calendar.google.com:443
DEBUG:root:✅ Image OK: https://wordpress-810691-5571285.cloudwaysapps.com/wp-content/uploads/2025/08/2019_October_Lyttle_1571881236-819x1024.webp
DEBUG:root:Checking internal image: https://wordpress-810691-5571285.cloudwaysapps.com/wp-content/uploads/2025/08/webpage_access_sheet_1556585664.webp
DEBUG:root:Successfully fetched https://wordpress-810691-5571285.cloudwaysapps.com/resources/genealogy-research-strategies/ (Content-Length: 39517)
DEBUG:charset_normalizer:Encoding detection: utf_8 is most likely the one.
DEBUG:urllib3.connectionpool:Starting new HTTPS connection (1): wordpress-810691-5571285.cloudwaysapps.com:443
DEBUG:root:Extracted 1051 characters, 181 words from https://wordpress-810691-5571285.cloudwaysapps.com/resources/genealogy-research-strategies/
DEBUG:root:Using regex pattern: \b[a-zA-Z]{3,}\b
DEBUG:root:Found 137 words to check in https://wordpress-810691-5571285.cloudwaysapps.com/resources/genealogy-research-strategies/ (min_length=3)
DEBUG:root:Sample words from https://wordpress-810691-5571285.cloudwaysapps.com/resources/genealogy-research-strategies/: ['This', 'alert', 'Skip', 'content', 'Genealogy', 'Research', 'Strategies', 'January', 'Sponsored', 'FOR']
DEBUG:root:Skipped email/domain fragment: 'com'
DEBUG:root:Skipped email/domain fragment: 'com'
DEBUG:root:Spell check results for https://wordpress-810691-5571285.cloudwaysapps.com/resources/genealogy-research-strategies/: 108 words checked, 29 skipped, 0 errors found
INFO:root:✅ Processed https://wordpress-810691-5571285.cloudwaysapps.com/resources/genealogy-research-strategies/: 0 errors found, 181 words checked
DEBUG:root:Attempting to fetch: https://wordpress-810691-5571285.cloudwaysapps.com/events/preserving-local-history-2025-12-17/
Processing pages:  89%|████████▉ | 339/381 [03:09<00:15,  2.72it/s]DEBUG:urllib3.connectionpool:https://accounts.google.com:443 "GET /ServiceLogin?service=cl&passive=1209600&osid=1&continue=https://calendar.google.com/calendar/event?action%3DTEMPLATE%26text%3DResearch%2BAssistance%26dates%3D20260617T130000/20260617T150000%26details%3DJoin%2Bus%2Bweekly%2Bin%2Bthe%2BGenealogy%2BRoom%2Bfor%2Bin-person%2Bhelp%2Bwith%2Byour%2Bresearch.%2BIt%25E2%2580%2599s%2Ba%2Bgreat%2Bchance%2Bto%2Bget%2Bone-on-one%2Bguidance,%2Bask%2Bquestions,%2Band%2Bconnect%2Bwith%2Bothers%2Bwho%2Bshare%2Byour%2Bpassion%2Bfor%2Bfamily%2Bhistory.%26location%3D2525%2BOakley%2BSeaver%2BDr,%2BClermont,%2BFL,%2B34711,%2BUnited%2BStates%26trp%3Dfalse%26sprop%3Dhttps://wordpress-810691-5571285.cloudwaysapps.com/events/research-assistance-2025-08-27-2025-09-03-2025-09-10-2025-09-17-2025-09-24-2025-10-01-2025-10-08-2025-10-15-2025-10-22-2025-10-29-2025-11-05-2025-11-12-2025-11-19-2025-11-26-2025-12-03-2-10-2026-06-17/%26sprop%3Dname:Pastfinders%26ctz%3DAmerica/New_York&followup=https://calendar.google.com/calendar/event?action%3DTEMPLATE%26text%3DResearch%2BAssistance%26dates%3D20260617T130000/20260617T150000%26details%3DJoin%2Bus%2Bweekly%2Bin%2Bthe%2BGenealogy%2BRoom%2Bfor%2Bin-person%2Bhelp%2Bwith%2Byour%2Bresearch.%2BIt%25E2%2580%2599s%2Ba%2Bgreat%2Bchance%2Bto%2Bget%2Bone-on-one%2Bguidance,%2Bask%2Bquestions,%2Band%2Bconnect%2Bwith%2Bothers%2Bwho%2Bshare%2Byour%2Bpassion%2Bfor%2Bfamily%2Bhistory.%26location%3D2525%2BOakley%2BSeaver%2BDr,%2BClermont,%2BFL,%2B34711,%2BUnited%2BStates%26trp%3Dfalse%26sprop%3Dhttps://wordpress-810691-5571285.cloudwaysapps.com/events/research-assistance-2025-08-27-2025-09-03-2025-09-10-2025-09-17-2025-09-24-2025-10-01-2025-10-08-2025-10-15-2025-10-22-2025-10-29-2025-11-05-2025-11-12-2025-11-19-2025-11-26-2025-12-03-2-10-2026-06-17/%26sprop%3Dname:Pastfinders%26ctz%3DAmerica/New_York&emr=1 HTTP/1.1" 302 0
DEBUG:urllib3.connectionpool:https://wordpress-810691-5571285.cloudwaysapps.com:443 "GET /wp-content/uploads/2025/08/2019_Drew_Smith_FamilySearch_1_1571800238-1024x683.webp HTTP/1.1" 200 105310
DEBUG:urllib3.connectionpool:https://accounts.google.com:443 "GET /InteractiveLogin?continue=https://calendar.google.com/calendar/event?action%3DTEMPLATE%26text%3DResearch%2BAssistance%26dates%3D20260617T130000/20260617T150000%26details%3DJoin%2Bus%2Bweekly%2Bin%2Bthe%2BGenealogy%2BRoom%2Bfor%2Bin-person%2Bhelp%2Bwith%2Byour%2Bresearch.%2BIt%25E2%2580%2599s%2Ba%2Bgreat%2Bchance%2Bto%2Bget%2Bone-on-one%2Bguidance,%2Bask%2Bquestions,%2Band%2Bconnect%2Bwith%2Bothers%2Bwho%2Bshare%2Byour%2Bpassion%2Bfor%2Bfamily%2Bhistory.%26location%3D2525%2BOakley%2BSeaver%2BDr,%2BClermont,%2BFL,%2B34711,%2BUnited%2BStates%26trp%3Dfalse%26sprop%3Dhttps://wordpress-810691-5571285.cloudwaysapps.com/events/research-assistance-2025-08-27-2025-09-03-2025-09-10-2025-09-17-2025-09-24-2025-10-01-2025-10-08-2025-10-15-2025-10-22-2025-10-29-2025-11-05-2025-11-12-2025-11-19-2025-11-26-2025-12-03-2-10-2026-06-17/%26sprop%3Dname:Pastfinders%26ctz%3DAmerica/New_York&emr=1&followup=https://calendar.google.com/calendar/event?action%3DTEMPLATE%26text%3DResearch%2BAssistance%26dates%3D20260617T130000/20260617T150000%26details%3DJoin%2Bus%2Bweekly%2Bin%2Bthe%2BGenealogy%2BRoom%2Bfor%2Bin-person%2Bhelp%2Bwith%2Byour%2Bresearch.%2BIt%25E2%2580%2599s%2Ba%2Bgreat%2Bchance%2Bto%2Bget%2Bone-on-one%2Bguidance,%2Bask%2Bquestions,%2Band%2Bconnect%2Bwith%2Bothers%2Bwho%2Bshare%2Byour%2Bpassion%2Bfor%2Bfamily%2Bhistory.%26location%3D2525%2BOakley%2BSeaver%2BDr,%2BClermont,%2BFL,%2B34711,%2BUnited%2BStates%26trp%3Dfalse%26sprop%3Dhttps://wordpress-810691-5571285.cloudwaysapps.com/events/research-assistance-2025-08-27-2025-09-03-2025-09-10-2025-09-17-2025-09-24-2025-10-01-2025-10-08-2025-10-15-2025-10-22-2025-10-29-2025-11-05-2025-11-12-2025-11-19-2025-11-26-2025-12-03-2-10-2026-06-17/%26sprop%3Dname:Pastfinders%26ctz%3DAmerica/New_York&osid=1&passive=1209600&service=cl&ifkv=AdBytiMTkQAhYvJL1_E9ts2_gtYIubhMnexaYcFla4xkiXFt0L7oIEByNi9hjILDgaGVzJH1wajAOA HTTP/1.1" 302 None
DEBUG:urllib3.connectionpool:https://calendar.google.com:443 "GET /calendar/event?action=TEMPLATE&text=Irish+Special+Interest+Group+(SIG)&dates=20251020T130000/20251020T141500&details=%3Cstrong%3EThe+Irish+SIG+will+resume+with+a+different+approach+to+Genealogy+Research.%C2%A0+Discussions+will+be+based+on+input+from+the+group,+which+will+result+in+changing+topics+each+month.%3C/strong%3EPastfinders+will+send+an+Email+to+SIG+members+several+days+prior+to+each+meeting.Pastfinders+is+using+the+Zoom+Virtual+Meeting+app+to+hold+these+meetings+and+you+can+only+join+the+meeting+by+using+a+link+provided+by+Pastfinders.%C2%A0+You+can+register+for+the+season+here:%3Cstrong%3E%C2%A0%3Ca+href%3D%22https://form.jotform.com/PastfindersSLC/Join-Irish-SIG%22%3EIrish+SIG%3C/a%3E%C2%A0%3C/strong%3E&location&trp=false&sprop=https://wordpress-810691-5571285.cloudwaysapps.com/events/irish-special-interest-group-sig-2025-10-20/&sprop=name:Pastfinders&ctz=America/New_York HTTP/1.1" 302 0
DEBUG:urllib3.connectionpool:Starting new HTTPS connection (1): accounts.google.com:443
DEBUG:urllib3.connectionpool:https://wordpress-810691-5571285.cloudwaysapps.com:443 "GET /events/preserving-local-history-2025-12-17/ HTTP/1.1" 200 None
DEBUG:root:Successfully fetched https://wordpress-810691-5571285.cloudwaysapps.com/events/preserving-local-history-2025-12-17/ (Content-Length: 43618)
DEBUG:charset_normalizer:Encoding detection: utf_8 is most likely the one.
DEBUG:root:Extracted 447 characters, 65 words from https://wordpress-810691-5571285.cloudwaysapps.com/events/preserving-local-history-2025-12-17/
DEBUG:root:Checking external hyperlink: https://www.google.com/calendar/event?action=TEMPLATE&text=Preserving+Local+History&dates=20251217T100000/20251217T120000&details=Help+in+the+preservation+of+our+local+history+and+collections%2C+including+transcriptionists%2C+preservationists%2C+digitizers%2C+and+organization%C2%A0projects.&location=2525+Oakley+Seaver+Dr%2C+Clermont%2C+FL%2C+34711%2C+United+States&trp=false&sprop=https%3A%2F%2Fwordpress-810691-5571285.cloudwaysapps.com%2Fevents%2Fpreserving-local-history-2025-12-17%2F&sprop=name:Pastfinders&ctz=America%2FNew_York
DEBUG:root:✅ Image OK: https://wordpress-810691-5571285.cloudwaysapps.com/wp-content/uploads/2025/08/2019_Drew_Smith_FamilySearch_1_1571800238-1024x683.webp
DEBUG:root:Using regex pattern: \b[a-zA-Z]{3,}\b
DEBUG:root:Found 25 words to check in https://wordpress-810691-5571285.cloudwaysapps.com/galleries/2019-sep-drew-smith-famsearch/ (min_length=3)
DEBUG:root:Sample words from https://wordpress-810691-5571285.cloudwaysapps.com/galleries/2019-sep-drew-smith-famsearch/: ['This', 'alert', 'Skip', 'content', 'Sep', 'Drew', 'Smith', 'FamSearch', 'images', 'Click']
DEBUG:root:Spell check results for https://wordpress-810691-5571285.cloudwaysapps.com/galleries/2019-sep-drew-smith-famsearch/: 9 words checked, 16 skipped, 0 errors found
INFO:root:✅ Processed https://wordpress-810691-5571285.cloudwaysapps.com/galleries/2019-sep-drew-smith-famsearch/: 0 errors found, 49 words checked
DEBUG:root:Attempting to fetch: https://wordpress-810691-5571285.cloudwaysapps.com/events/research-assistance-2025-08-27-2025-09-03-2025-09-10-2025-09-17-2025-09-24-2025-10-01-2025-10-08-2025-10-15-2025-10-22-2025-10-29-2025-11-05-2025-11-12-2025-11-19-2025-11-26-2025-12-03-2-19-2026-08-26/
DEBUG:urllib3.connectionpool:Starting new HTTPS connection (1): www.google.com:443
DEBUG:urllib3.connectionpool:https://wordpress-810691-5571285.cloudwaysapps.com:443 "GET /events/research-assistance-2025-08-27-2025-09-03-2025-09-10-2025-09-17-2025-09-24-2025-10-01-2025-10-08-2025-10-15-2025-10-22-2025-10-29-2025-11-05-2025-11-12-2025-11-19-2025-11-26-2025-12-03-2-19-2026-08-26/ HTTP/1.1" 200 None
DEBUG:root:Successfully fetched https://wordpress-810691-5571285.cloudwaysapps.com/events/research-assistance-2025-08-27-2025-09-03-2025-09-10-2025-09-17-2025-09-24-2025-10-01-2025-10-08-2025-10-15-2025-10-22-2025-10-29-2025-11-05-2025-11-12-2025-11-19-2025-11-26-2025-12-03-2-19-2026-08-26/ (Content-Length: 44215)
DEBUG:charset_normalizer:Encoding detection: utf_8 is most likely the one.
DEBUG:urllib3.connectionpool:https://accounts.google.com:443 "GET /v3/signin/identifier?continue=https%3A%2F%2Fcalendar.google.com%2Fcalendar%2Fevent%3Faction%3DTEMPLATE%26text%3DResearch%2BAssistance%26dates%3D20260617T130000%2F20260617T150000%26details%3DJoin%2Bus%2Bweekly%2Bin%2Bthe%2BGenealogy%2BRoom%2Bfor%2Bin-person%2Bhelp%2Bwith%2Byour%2Bresearch.%2BIt%25E2%2580%2599s%2Ba%2Bgreat%2Bchance%2Bto%2Bget%2Bone-on-one%2Bguidance%2C%2Bask%2Bquestions%2C%2Band%2Bconnect%2Bwith%2Bothers%2Bwho%2Bshare%2Byour%2Bpassion%2Bfor%2Bfamily%2Bhistory.%26location%3D2525%2BOakley%2BSeaver%2BDr%2C%2BClermont%2C%2BFL%2C%2B34711%2C%2BUnited%2BStates%26trp%3Dfalse%26sprop%3Dhttps%3A%2F%2Fwordpress-810691-5571285.cloudwaysapps.com%2Fevents%2Fresearch-assistance-2025-08-27-2025-09-03-2025-09-10-2025-09-17-2025-09-24-2025-10-01-2025-10-08-2025-10-15-2025-10-22-2025-10-29-2025-11-05-2025-11-12-2025-11-19-2025-11-26-2025-12-03-2-10-2026-06-17%2F%26sprop%3Dname%3APastfinders%26ctz%3DAmerica%2FNew_York&emr=1&followup=https%3A%2F%2Fcalendar.google.com%2Fcalendar%2Fevent%3Faction%3DTEMPLATE%26text%3DResearch%2BAssistance%26dates%3D20260617T130000%2F20260617T150000%26details%3DJoin%2Bus%2Bweekly%2Bin%2Bthe%2BGenealogy%2BRoom%2Bfor%2Bin-person%2Bhelp%2Bwith%2Byour%2Bresearch.%2BIt%25E2%2580%2599s%2Ba%2Bgreat%2Bchance%2Bto%2Bget%2Bone-on-one%2Bguidance%2C%2Bask%2Bquestions%2C%2Band%2Bconnect%2Bwith%2Bothers%2Bwho%2Bshare%2Byour%2Bpassion%2Bfor%2Bfamily%2Bhistory.%26location%3D2525%2BOakley%2BSeaver%2BDr%2C%2BClermont%2C%2BFL%2C%2B34711%2C%2BUnited%2BStates%26trp%3Dfalse%26sprop%3Dhttps%3A%2F%2Fwordpress-810691-5571285.cloudwaysapps.com%2Fevents%2Fresearch-assistance-2025-08-27-2025-09-03-2025-09-10-2025-09-17-2025-09-24-2025-10-01-2025-10-08-2025-10-15-2025-10-22-2025-10-29-2025-11-05-2025-11-12-2025-11-19-2025-11-26-2025-12-03-2-10-2026-06-17%2F%26sprop%3Dname%3APastfinders%26ctz%3DAmerica%2FNew_York&ifkv=AdBytiPGb5NGRd7dZTNJfTpPXU6NQxsu0da1Z5mjOQGyrA6sA5TLMMN61ZURLCZPXzzKJQi4wk3I_w&osid=1&passive=1209600&service=cl&flowName=WebLiteSignIn&flowEntry=ServiceLogin&dsh=S-1979372827%3A1756758313797920 HTTP/1.1" 200 None
DEBUG:root:Extracted 490 characters, 85 words from https://wordpress-810691-5571285.cloudwaysapps.com/events/research-assistance-2025-08-27-2025-09-03-2025-09-10-2025-09-17-2025-09-24-2025-10-01-2025-10-08-2025-10-15-2025-10-22-2025-10-29-2025-11-05-2025-11-12-2025-11-19-2025-11-26-2025-12-03-2-19-2026-08-26/
DEBUG:root:Checking external hyperlink: https://www.google.com/calendar/event?action=TEMPLATE&text=Research+Assistance&dates=20260826T130000/20260826T150000&details=Join+us+weekly+in+the+Genealogy+Room+for+in-person+help+with+your+research.+It%E2%80%99s+a+great+chance+to+get+one-on-one+guidance%2C+ask+questions%2C+and+connect+with+others+who+share+your+passion+for+family+history.&location=2525+Oakley+Seaver+Dr%2C+Clermont%2C+FL%2C+34711%2C+United+States&trp=false&sprop=https%3A%2F%2Fwordpress-810691-5571285.cloudwaysapps.com%2Fevents%2Fresearch-assistance-2025-08-27-2025-09-03-2025-09-10-2025-09-17-2025-09-24-2025-10-01-2025-10-08-2025-10-15-2025-10-22-2025-10-29-2025-11-05-2025-11-12-2025-11-19-2025-11-26-2025-12-03-2-19-2026-08-26%2F&sprop=name:Pastfinders&ctz=America%2FNew_York
DEBUG:urllib3.connectionpool:https://accounts.google.com:443 "GET /ServiceLogin?service=cl&passive=1209600&osid=1&continue=https://calendar.google.com/calendar/event?action%3DTEMPLATE%26text%3DIrish%2BSpecial%2BInterest%2BGroup%2B(SIG)%26dates%3D20251020T130000/20251020T141500%26details%3D%253Cstrong%253EThe%2BIrish%2BSIG%2Bwill%2Bresume%2Bwith%2Ba%2Bdifferent%2Bapproach%2Bto%2BGenealogy%2BResearch.%25C2%25A0%2BDiscussions%2Bwill%2Bbe%2Bbased%2Bon%2Binput%2Bfrom%2Bthe%2Bgroup,%2Bwhich%2Bwill%2Bresult%2Bin%2Bchanging%2Btopics%2Beach%2Bmonth.%253C/strong%253EPastfinders%2Bwill%2Bsend%2Ban%2BEmail%2Bto%2BSIG%2Bmembers%2Bseveral%2Bdays%2Bprior%2Bto%2Beach%2Bmeeting.Pastfinders%2Bis%2Busing%2Bthe%2BZoom%2BVirtual%2BMeeting%2Bapp%2Bto%2Bhold%2Bthese%2Bmeetings%2Band%2Byou%2Bcan%2Bonly%2Bjoin%2Bthe%2Bmeeting%2Bby%2Busing%2Ba%2Blink%2Bprovided%2Bby%2BPastfinders.%25C2%25A0%2BYou%2Bcan%2Bregister%2Bfor%2Bthe%2Bseason%2Bhere:%253Cstrong%253E%25C2%25A0%253Ca%2Bhref%253D%2522https://form.jotform.com/PastfindersSLC/Join-Irish-SIG%2522%253EIrish%2BSIG%253C/a%253E%25C2%25A0%253C/strong%253E%26location%26trp%3Dfalse%26sprop%3Dhttps://wordpress-810691-5571285.cloudwaysapps.com/events/irish-special-interest-group-sig-2025-10-20/%26sprop%3Dname:Pastfinders%26ctz%3DAmerica/New_York&followup=https://calendar.google.com/calendar/event?action%3DTEMPLATE%26text%3DIrish%2BSpecial%2BInterest%2BGroup%2B(SIG)%26dates%3D20251020T130000/20251020T141500%26details%3D%253Cstrong%253EThe%2BIrish%2BSIG%2Bwill%2Bresume%2Bwith%2Ba%2Bdifferent%2Bapproach%2Bto%2BGenealogy%2BResearch.%25C2%25A0%2BDiscussions%2Bwill%2Bbe%2Bbased%2Bon%2Binput%2Bfrom%2Bthe%2Bgroup,%2Bwhich%2Bwill%2Bresult%2Bin%2Bchanging%2Btopics%2Beach%2Bmonth.%253C/strong%253EPastfinders%2Bwill%2Bsend%2Ban%2BEmail%2Bto%2BSIG%2Bmembers%2Bseveral%2Bdays%2Bprior%2Bto%2Beach%2Bmeeting.Pastfinders%2Bis%2Busing%2Bthe%2BZoom%2BVirtual%2BMeeting%2Bapp%2Bto%2Bhold%2Bthese%2Bmeetings%2Band%2Byou%2Bcan%2Bonly%2Bjoin%2Bthe%2Bmeeting%2Bby%2Busing%2Ba%2Blink%2Bprovided%2Bby%2BPastfinders.%25C2%25A0%2BYou%2Bcan%2Bregister%2Bfor%2Bthe%2Bseason%2Bhere:%253Cstrong%253E%25C2%25A0%253Ca%2Bhref%253D%2522https://form.jotform.com/PastfindersSLC/Join-Irish-SIG%2522%253EIrish%2BSIG%253C/a%253E%25C2%25A0%253C/strong%253E%26location%26trp%3Dfalse%26sprop%3Dhttps://wordpress-810691-5571285.cloudwaysapps.com/events/irish-special-interest-group-sig-2025-10-20/%26sprop%3Dname:Pastfinders%26ctz%3DAmerica/New_York&emr=1 HTTP/1.1" 302 0
DEBUG:urllib3.connectionpool:Starting new HTTPS connection (1): www.google.com:443
DEBUG:urllib3.connectionpool:https://www.google.com:443 "GET /calendar/event?action=TEMPLATE&text=Preserving+Local+History&dates=20251217T100000/20251217T120000&details=Help+in+the+preservation+of+our+local+history+and+collections%2C+including+transcriptionists%2C+preservationists%2C+digitizers%2C+and+organization%C2%A0projects.&location=2525+Oakley+Seaver+Dr%2C+Clermont%2C+FL%2C+34711%2C+United+States&trp=false&sprop=https%3A%2F%2Fwordpress-810691-5571285.cloudwaysapps.com%2Fevents%2Fpreserving-local-history-2025-12-17%2F&sprop=name:Pastfinders&ctz=America%2FNew_York HTTP/1.1" 302 0
DEBUG:urllib3.connectionpool:Starting new HTTPS connection (1): calendar.google.com:443
DEBUG:urllib3.connectionpool:https://wordpress-810691-5571285.cloudwaysapps.com:443 "GET /wp-content/uploads/2025/08/webpage_access_sheet_1556585664.webp HTTP/1.1" 200 65532
DEBUG:urllib3.connectionpool:https://accounts.google.com:443 "GET /InteractiveLogin?continue=https://calendar.google.com/calendar/event?action%3DTEMPLATE%26text%3DIrish%2BSpecial%2BInterest%2BGroup%2B(SIG)%26dates%3D20251020T130000/20251020T141500%26details%3D%253Cstrong%253EThe%2BIrish%2BSIG%2Bwill%2Bresume%2Bwith%2Ba%2Bdifferent%2Bapproach%2Bto%2BGenealogy%2BResearch.%25C2%25A0%2BDiscussions%2Bwill%2Bbe%2Bbased%2Bon%2Binput%2Bfrom%2Bthe%2Bgroup,%2Bwhich%2Bwill%2Bresult%2Bin%2Bchanging%2Btopics%2Beach%2Bmonth.%253C/strong%253EPastfinders%2Bwill%2Bsend%2Ban%2BEmail%2Bto%2BSIG%2Bmembers%2Bseveral%2Bdays%2Bprior%2Bto%2Beach%2Bmeeting.Pastfinders%2Bis%2Busing%2Bthe%2BZoom%2BVirtual%2BMeeting%2Bapp%2Bto%2Bhold%2Bthese%2Bmeetings%2Band%2Byou%2Bcan%2Bonly%2Bjoin%2Bthe%2Bmeeting%2Bby%2Busing%2Ba%2Blink%2Bprovided%2Bby%2BPastfinders.%25C2%25A0%2BYou%2Bcan%2Bregister%2Bfor%2Bthe%2Bseason%2Bhere:%253Cstrong%253E%25C2%25A0%253Ca%2Bhref%253D%2522https://form.jotform.com/PastfindersSLC/Join-Irish-SIG%2522%253EIrish%2BSIG%253C/a%253E%25C2%25A0%253C/strong%253E%26location%26trp%3Dfalse%26sprop%3Dhttps://wordpress-810691-5571285.cloudwaysapps.com/events/irish-special-interest-group-sig-2025-10-20/%26sprop%3Dname:Pastfinders%26ctz%3DAmerica/New_York&emr=1&followup=https://calendar.google.com/calendar/event?action%3DTEMPLATE%26text%3DIrish%2BSpecial%2BInterest%2BGroup%2B(SIG)%26dates%3D20251020T130000/20251020T141500%26details%3D%253Cstrong%253EThe%2BIrish%2BSIG%2Bwill%2Bresume%2Bwith%2Ba%2Bdifferent%2Bapproach%2Bto%2BGenealogy%2BResearch.%25C2%25A0%2BDiscussions%2Bwill%2Bbe%2Bbased%2Bon%2Binput%2Bfrom%2Bthe%2Bgroup,%2Bwhich%2Bwill%2Bresult%2Bin%2Bchanging%2Btopics%2Beach%2Bmonth.%253C/strong%253EPastfinders%2Bwill%2Bsend%2Ban%2BEmail%2Bto%2BSIG%2Bmembers%2Bseveral%2Bdays%2Bprior%2Bto%2Beach%2Bmeeting.Pastfinders%2Bis%2Busing%2Bthe%2BZoom%2BVirtual%2BMeeting%2Bapp%2Bto%2Bhold%2Bthese%2Bmeetings%2Band%2Byou%2Bcan%2Bonly%2Bjoin%2Bthe%2Bmeeting%2Bby%2Busing%2Ba%2Blink%2Bprovided%2Bby%2BPastfinders.%25C2%25A0%2BYou%2Bcan%2Bregister%2Bfor%2Bthe%2Bseason%2Bhere:%253Cstrong%253E%25C2%25A0%253Ca%2Bhref%253D%2522https://form.jotform.com/PastfindersSLC/Join-Irish-SIG%2522%253EIrish%2BSIG%253C/a%253E%25C2%25A0%253C/strong%253E%26location%26trp%3Dfalse%26sprop%3Dhttps://wordpress-810691-5571285.cloudwaysapps.com/events/irish-special-interest-group-sig-2025-10-20/%26sprop%3Dname:Pastfinders%26ctz%3DAmerica/New_York&osid=1&passive=1209600&service=cl&ifkv=AdBytiMma2f3ThPnrgLtRo67m2EEqG7WZGitlKqJf5R3f4LaJ5vCmLQ00PVaT90flIlO3nJuP3uyJQ HTTP/1.1" 302 None
DEBUG:root:✅ Hyperlink OK: https://www.google.com/calendar/event?action=TEMPLATE&text=Research+Assistance&dates=20260617T130000/20260617T150000&details=Join+us+weekly+in+the+Genealogy+Room+for+in-person+help+with+your+research.+It%E2%80%99s+a+great+chance+to+get+one-on-one+guidance%2C+ask+questions%2C+and+connect+with+others+who+share+your+passion+for+family+history.&location=2525+Oakley+Seaver+Dr%2C+Clermont%2C+FL%2C+34711%2C+United+States&trp=false&sprop=https%3A%2F%2Fwordpress-810691-5571285.cloudwaysapps.com%2Fevents%2Fresearch-assistance-2025-08-27-2025-09-03-2025-09-10-2025-09-17-2025-09-24-2025-10-01-2025-10-08-2025-10-15-2025-10-22-2025-10-29-2025-11-05-2025-11-12-2025-11-19-2025-11-26-2025-12-03-2-10-2026-06-17%2F&sprop=name:Pastfinders&ctz=America%2FNew_York
DEBUG:root:Checking external hyperlink: https://outlook.office.com/calendar/0/deeplink/compose?allday=false&body=Join+us+weekly+in+the+Genealogy+Room+for+in-person+help+with+your+research.+It%E2%80%99s+a+great+chance+to+get+one-on-one+guidance%2C+ask+questions%2C+and+connect+with+others+who+share+your+passion+for+family+history.&location=2525+Oakley+Seaver+Dr%2C+Clermont%2C+FL%2C+34711%2C+United+States&path=/calendar/action/compose&rru=addevent&startdt=2026-06-17T13%3A00%3A00-04%3A00&enddt=2026-06-17T15%3A00%3A00-04%3A00&subject=Research+Assistance
DEBUG:urllib3.connectionpool:Starting new HTTPS connection (1): outlook.office.com:443
DEBUG:root:✅ Image OK: https://wordpress-810691-5571285.cloudwaysapps.com/wp-content/uploads/2025/08/webpage_access_sheet_1556585664.webp
DEBUG:root:Checking internal image: https://wordpress-810691-5571285.cloudwaysapps.com/wp-content/uploads/2025/08/fall_2019_help_session_1571881236.webp
DEBUG:urllib3.connectionpool:Starting new HTTPS connection (1): wordpress-810691-5571285.cloudwaysapps.com:443
DEBUG:urllib3.connectionpool:https://www.google.com:443 "GET /calendar/event?action=TEMPLATE&text=Research+Assistance&dates=20260826T130000/20260826T150000&details=Join+us+weekly+in+the+Genealogy+Room+for+in-person+help+with+your+research.+It%E2%80%99s+a+great+chance+to+get+one-on-one+guidance%2C+ask+questions%2C+and+connect+with+others+who+share+your+passion+for+family+history.&location=2525+Oakley+Seaver+Dr%2C+Clermont%2C+FL%2C+34711%2C+United+States&trp=false&sprop=https%3A%2F%2Fwordpress-810691-5571285.cloudwaysapps.com%2Fevents%2Fresearch-assistance-2025-08-27-2025-09-03-2025-09-10-2025-09-17-2025-09-24-2025-10-01-2025-10-08-2025-10-15-2025-10-22-2025-10-29-2025-11-05-2025-11-12-2025-11-19-2025-11-26-2025-12-03-2-19-2026-08-26%2F&sprop=name:Pastfinders&ctz=America%2FNew_York HTTP/1.1" 302 0
DEBUG:urllib3.connectionpool:Starting new HTTPS connection (1): calendar.google.com:443
DEBUG:urllib3.connectionpool:https://accounts.google.com:443 "GET /v3/signin/identifier?continue=https%3A%2F%2Fcalendar.google.com%2Fcalendar%2Fevent%3Faction%3DTEMPLATE%26text%3DIrish%2BSpecial%2BInterest%2BGroup%2B%28SIG%29%26dates%3D20251020T130000%2F20251020T141500%26details%3D%253Cstrong%253EThe%2BIrish%2BSIG%2Bwill%2Bresume%2Bwith%2Ba%2Bdifferent%2Bapproach%2Bto%2BGenealogy%2BResearch.%25C2%25A0%2BDiscussions%2Bwill%2Bbe%2Bbased%2Bon%2Binput%2Bfrom%2Bthe%2Bgroup%2C%2Bwhich%2Bwill%2Bresult%2Bin%2Bchanging%2Btopics%2Beach%2Bmonth.%253C%2Fstrong%253EPastfinders%2Bwill%2Bsend%2Ban%2BEmail%2Bto%2BSIG%2Bmembers%2Bseveral%2Bdays%2Bprior%2Bto%2Beach%2Bmeeting.Pastfinders%2Bis%2Busing%2Bthe%2BZoom%2BVirtual%2BMeeting%2Bapp%2Bto%2Bhold%2Bthese%2Bmeetings%2Band%2Byou%2Bcan%2Bonly%2Bjoin%2Bthe%2Bmeeting%2Bby%2Busing%2Ba%2Blink%2Bprovided%2Bby%2BPastfinders.%25C2%25A0%2BYou%2Bcan%2Bregister%2Bfor%2Bthe%2Bseason%2Bhere%3A%253Cstrong%253E%25C2%25A0%253Ca%2Bhref%253D%2522https%3A%2F%2Fform.jotform.com%2FPastfindersSLC%2FJoin-Irish-SIG%2522%253EIrish%2BSIG%253C%2Fa%253E%25C2%25A0%253C%2Fstrong%253E%26location%26trp%3Dfalse%26sprop%3Dhttps%3A%2F%2Fwordpress-810691-5571285.cloudwaysapps.com%2Fevents%2Firish-special-interest-group-sig-2025-10-20%2F%26sprop%3Dname%3APastfinders%26ctz%3DAmerica%2FNew_York&emr=1&followup=https%3A%2F%2Fcalendar.google.com%2Fcalendar%2Fevent%3Faction%3DTEMPLATE%26text%3DIrish%2BSpecial%2BInterest%2BGroup%2B%28SIG%29%26dates%3D20251020T130000%2F20251020T141500%26details%3D%253Cstrong%253EThe%2BIrish%2BSIG%2Bwill%2Bresume%2Bwith%2Ba%2Bdifferent%2Bapproach%2Bto%2BGenealogy%2BResearch.%25C2%25A0%2BDiscussions%2Bwill%2Bbe%2Bbased%2Bon%2Binput%2Bfrom%2Bthe%2Bgroup%2C%2Bwhich%2Bwill%2Bresult%2Bin%2Bchanging%2Btopics%2Beach%2Bmonth.%253C%2Fstrong%253EPastfinders%2Bwill%2Bsend%2Ban%2BEmail%2Bto%2BSIG%2Bmembers%2Bseveral%2Bdays%2Bprior%2Bto%2Beach%2Bmeeting.Pastfinders%2Bis%2Busing%2Bthe%2BZoom%2BVirtual%2BMeeting%2Bapp%2Bto%2Bhold%2Bthese%2Bmeetings%2Band%2Byou%2Bcan%2Bonly%2Bjoin%2Bthe%2Bmeeting%2Bby%2Busing%2Ba%2Blink%2Bprovided%2Bby%2BPastfinders.%25C2%25A0%2BYou%2Bcan%2Bregister%2Bfor%2Bthe%2Bseason%2Bhere%3A%253Cstrong%253E%25C2%25A0%253Ca%2Bhref%253D%2522https%3A%2F%2Fform.jotform.com%2FPastfindersSLC%2FJoin-Irish-SIG%2522%253EIrish%2BSIG%253C%2Fa%253E%25C2%25A0%253C%2Fstrong%253E%26location%26trp%3Dfalse%26sprop%3Dhttps%3A%2F%2Fwordpress-810691-5571285.cloudwaysapps.com%2Fevents%2Firish-special-interest-group-sig-2025-10-20%2F%26sprop%3Dname%3APastfinders%26ctz%3DAmerica%2FNew_York&ifkv=AdBytiNfi1vXTBgDCKOIK6PHOOxbMUKXzOi1Fz03EG1KMBZVD73maw36Z5NudevqzbQKwM-P6WHSoQ&osid=1&passive=1209600&service=cl&flowName=WebLiteSignIn&flowEntry=ServiceLogin&dsh=S1948013414%3A1756758313991460 HTTP/1.1" 200 None
DEBUG:urllib3.connectionpool:https://calendar.google.com:443 "GET /calendar/event?action=TEMPLATE&text=Preserving+Local+History&dates=20251217T100000/20251217T120000&details=Help+in+the+preservation+of+our+local+history+and+collections,+including+transcriptionists,+preservationists,+digitizers,+and+organization%C2%A0projects.&location=2525+Oakley+Seaver+Dr,+Clermont,+FL,+34711,+United+States&trp=false&sprop=https://wordpress-810691-5571285.cloudwaysapps.com/events/preserving-local-history-2025-12-17/&sprop=name:Pastfinders&ctz=America/New_York HTTP/1.1" 302 0
DEBUG:urllib3.connectionpool:Starting new HTTPS connection (1): accounts.google.com:443
DEBUG:root:✅ Hyperlink OK: https://www.google.com/calendar/event?action=TEMPLATE&text=Irish+Special+Interest+Group+%28SIG%29&dates=20251020T130000/20251020T141500&details=%3Cstrong%3EThe+Irish+SIG+will+resume+with+a+different+approach+to+Genealogy+Research.%C2%A0+Discussions+will+be+based+on+input+from+the+group%2C+which+will+result+in+changing+topics+each+month.%3C%2Fstrong%3EPastfinders+will+send+an+Email+to+SIG+members+several+days+prior+to+each+meeting.Pastfinders+is+using+the+Zoom+Virtual+Meeting+app+to+hold+these+meetings+and+you+can+only+join+the+meeting+by+using+a+link+provided+by+Pastfinders.%C2%A0+You+can+register+for+the+season+here%3A%3Cstrong%3E%C2%A0%3Ca+href%3D%22https%3A%2F%2Fform.jotform.com%2FPastfindersSLC%2FJoin-Irish-SIG%22%3EIrish+SIG%3C%2Fa%3E%C2%A0%3C%2Fstrong%3E&location=&trp=false&sprop=https%3A%2F%2Fwordpress-810691-5571285.cloudwaysapps.com%2Fevents%2Firish-special-interest-group-sig-2025-10-20%2F&sprop=name:Pastfinders&ctz=America%2FNew_York
DEBUG:root:Checking external hyperlink: https://outlook.office.com/calendar/0/deeplink/compose?allday=false&body=%3Cstrong%3EThe+Irish+SIG+will+resume+with+a+different+approach+to+Genealogy+Research.%C2%A0+Discussions+will+be+based+on+input+from+the+group%2C+which+will+result+in+changing+topics+each+month.%3C%2Fstrong%3EPastfinders+will+send+an+Email+to+SIG+members+several+days+prior+to+each+meeting.Pastfinders+is+using+the+Zoom+Virtual+Meeting+app+to+hold+these+meetings+and+you+can+only+join+the+meeting+by+using+a+link+provided+by+Pastfinders.%C2%A0+You+can+register+for+the+season+here%3A%3Cstrong%3E%C2%A0%3Ca+href%3D%22https%3A%2F%2Fform.jotform.com%2FPastfindersSLC%2FJoin-Irish-SIG%22%3EIrish+SIG%3C%2Fa%3E%C2%A0%3C%2Fstrong%3E&location=&path=/calendar/action/compose&rru=addevent&startdt=2025-10-20T13%3A00%3A00-04%3A00&enddt=2025-10-20T14%3A15%3A00-04%3A00&subject=Irish+Special+Interest+Group+%28SIG%29
DEBUG:urllib3.connectionpool:Starting new HTTPS connection (1): outlook.office.com:443
DEBUG:urllib3.connectionpool:https://calendar.google.com:443 "GET /calendar/event?action=TEMPLATE&text=Research+Assistance&dates=20260826T130000/20260826T150000&details=Join+us+weekly+in+the+Genealogy+Room+for+in-person+help+with+your+research.+It%E2%80%99s+a+great+chance+to+get+one-on-one+guidance,+ask+questions,+and+connect+with+others+who+share+your+passion+for+family+history.&location=2525+Oakley+Seaver+Dr,+Clermont,+FL,+34711,+United+States&trp=false&sprop=https://wordpress-810691-5571285.cloudwaysapps.com/events/research-assistance-2025-08-27-2025-09-03-2025-09-10-2025-09-17-2025-09-24-2025-10-01-2025-10-08-2025-10-15-2025-10-22-2025-10-29-2025-11-05-2025-11-12-2025-11-19-2025-11-26-2025-12-03-2-19-2026-08-26/&sprop=name:Pastfinders&ctz=America/New_York HTTP/1.1" 302 0
DEBUG:urllib3.connectionpool:Starting new HTTPS connection (1): accounts.google.com:443
DEBUG:urllib3.connectionpool:https://accounts.google.com:443 "GET /ServiceLogin?service=cl&passive=1209600&osid=1&continue=https://calendar.google.com/calendar/event?action%3DTEMPLATE%26text%3DPreserving%2BLocal%2BHistory%26dates%3D20251217T100000/20251217T120000%26details%3DHelp%2Bin%2Bthe%2Bpreservation%2Bof%2Bour%2Blocal%2Bhistory%2Band%2Bcollections,%2Bincluding%2Btranscriptionists,%2Bpreservationists,%2Bdigitizers,%2Band%2Borganization%25C2%25A0projects.%26location%3D2525%2BOakley%2BSeaver%2BDr,%2BClermont,%2BFL,%2B34711,%2BUnited%2BStates%26trp%3Dfalse%26sprop%3Dhttps://wordpress-810691-5571285.cloudwaysapps.com/events/preserving-local-history-2025-12-17/%26sprop%3Dname:Pastfinders%26ctz%3DAmerica/New_York&followup=https://calendar.google.com/calendar/event?action%3DTEMPLATE%26text%3DPreserving%2BLocal%2BHistory%26dates%3D20251217T100000/20251217T120000%26details%3DHelp%2Bin%2Bthe%2Bpreservation%2Bof%2Bour%2Blocal%2Bhistory%2Band%2Bcollections,%2Bincluding%2Btranscriptionists,%2Bpreservationists,%2Bdigitizers,%2Band%2Borganization%25C2%25A0projects.%26location%3D2525%2BOakley%2BSeaver%2BDr,%2BClermont,%2BFL,%2B34711,%2BUnited%2BStates%26trp%3Dfalse%26sprop%3Dhttps://wordpress-810691-5571285.cloudwaysapps.com/events/preserving-local-history-2025-12-17/%26sprop%3Dname:Pastfinders%26ctz%3DAmerica/New_York&emr=1 HTTP/1.1" 302 0
DEBUG:urllib3.connectionpool:https://accounts.google.com:443 "GET /InteractiveLogin?continue=https://calendar.google.com/calendar/event?action%3DTEMPLATE%26text%3DPreserving%2BLocal%2BHistory%26dates%3D20251217T100000/20251217T120000%26details%3DHelp%2Bin%2Bthe%2Bpreservation%2Bof%2Bour%2Blocal%2Bhistory%2Band%2Bcollections,%2Bincluding%2Btranscriptionists,%2Bpreservationists,%2Bdigitizers,%2Band%2Borganization%25C2%25A0projects.%26location%3D2525%2BOakley%2BSeaver%2BDr,%2BClermont,%2BFL,%2B34711,%2BUnited%2BStates%26trp%3Dfalse%26sprop%3Dhttps://wordpress-810691-5571285.cloudwaysapps.com/events/preserving-local-history-2025-12-17/%26sprop%3Dname:Pastfinders%26ctz%3DAmerica/New_York&emr=1&followup=https://calendar.google.com/calendar/event?action%3DTEMPLATE%26text%3DPreserving%2BLocal%2BHistory%26dates%3D20251217T100000/20251217T120000%26details%3DHelp%2Bin%2Bthe%2Bpreservation%2Bof%2Bour%2Blocal%2Bhistory%2Band%2Bcollections,%2Bincluding%2Btranscriptionists,%2Bpreservationists,%2Bdigitizers,%2Band%2Borganization%25C2%25A0projects.%26location%3D2525%2BOakley%2BSeaver%2BDr,%2BClermont,%2BFL,%2B34711,%2BUnited%2BStates%26trp%3Dfalse%26sprop%3Dhttps://wordpress-810691-5571285.cloudwaysapps.com/events/preserving-local-history-2025-12-17/%26sprop%3Dname:Pastfinders%26ctz%3DAmerica/New_York&osid=1&passive=1209600&service=cl&ifkv=AdBytiOY0qudiTgne5kDISjEiJ1-7LIhy0ch9eVMLVTmdreoVy2gZh9Ddc3_EupIa4EXLEZjTy2I HTTP/1.1" 302 None
DEBUG:urllib3.connectionpool:https://wordpress-810691-5571285.cloudwaysapps.com:443 "GET /wp-content/uploads/2025/08/fall_2019_help_session_1571881236.webp HTTP/1.1" 200 87680
DEBUG:urllib3.connectionpool:https://outlook.office.com:443 "GET /calendar/0/deeplink/compose?allday=false&body=Join+us+weekly+in+the+Genealogy+Room+for+in-person+help+with+your+research.+It%E2%80%99s+a+great+chance+to+get+one-on-one+guidance%2C+ask+questions%2C+and+connect+with+others+who+share+your+passion+for+family+history.&location=2525+Oakley+Seaver+Dr%2C+Clermont%2C+FL%2C+34711%2C+United+States&path=/calendar/action/compose&rru=addevent&startdt=2026-06-17T13%3A00%3A00-04%3A00&enddt=2026-06-17T15%3A00%3A00-04%3A00&subject=Research+Assistance HTTP/1.1" 200 None
DEBUG:root:✅ Hyperlink OK: https://outlook.office.com/calendar/0/deeplink/compose?allday=false&body=Join+us+weekly+in+the+Genealogy+Room+for+in-person+help+with+your+research.+It%E2%80%99s+a+great+chance+to+get+one-on-one+guidance%2C+ask+questions%2C+and+connect+with+others+who+share+your+passion+for+family+history.&location=2525+Oakley+Seaver+Dr%2C+Clermont%2C+FL%2C+34711%2C+United+States&path=/calendar/action/compose&rru=addevent&startdt=2026-06-17T13%3A00%3A00-04%3A00&enddt=2026-06-17T15%3A00%3A00-04%3A00&subject=Research+Assistance
DEBUG:root:Checking external hyperlink: https://outlook.live.com/calendar/0/deeplink/compose?allday=false&body=Join+us+weekly+in+the+Genealogy+Room+for+in-person+help+with+your+research.+It%E2%80%99s+a+great+chance+to+get+one-on-one+guidance%2C+ask+questions%2C+and+connect+with+others+who+share+your+passion+for+family+history.&location=2525+Oakley+Seaver+Dr%2C+Clermont%2C+FL%2C+34711%2C+United+States&path=/calendar/action/compose&rru=addevent&startdt=2026-06-17T13%3A00%3A00-04%3A00&enddt=2026-06-17T15%3A00%3A00-04%3A00&subject=Research+Assistance
DEBUG:urllib3.connectionpool:Starting new HTTPS connection (1): outlook.live.com:443
DEBUG:root:✅ Image OK: https://wordpress-810691-5571285.cloudwaysapps.com/wp-content/uploads/2025/08/fall_2019_help_session_1571881236.webp
DEBUG:root:Checking internal image: https://wordpress-810691-5571285.cloudwaysapps.com/wp-content/uploads/2025/08/2018_DAR_Mondays_1556585664-1024x768.webp
DEBUG:urllib3.connectionpool:Starting new HTTPS connection (1): wordpress-810691-5571285.cloudwaysapps.com:443
DEBUG:urllib3.connectionpool:https://accounts.google.com:443 "GET /ServiceLogin?service=cl&passive=1209600&osid=1&continue=https://calendar.google.com/calendar/event?action%3DTEMPLATE%26text%3DResearch%2BAssistance%26dates%3D20260826T130000/20260826T150000%26details%3DJoin%2Bus%2Bweekly%2Bin%2Bthe%2BGenealogy%2BRoom%2Bfor%2Bin-person%2Bhelp%2Bwith%2Byour%2Bresearch.%2BIt%25E2%2580%2599s%2Ba%2Bgreat%2Bchance%2Bto%2Bget%2Bone-on-one%2Bguidance,%2Bask%2Bquestions,%2Band%2Bconnect%2Bwith%2Bothers%2Bwho%2Bshare%2Byour%2Bpassion%2Bfor%2Bfamily%2Bhistory.%26location%3D2525%2BOakley%2BSeaver%2BDr,%2BClermont,%2BFL,%2B34711,%2BUnited%2BStates%26trp%3Dfalse%26sprop%3Dhttps://wordpress-810691-5571285.cloudwaysapps.com/events/research-assistance-2025-08-27-2025-09-03-2025-09-10-2025-09-17-2025-09-24-2025-10-01-2025-10-08-2025-10-15-2025-10-22-2025-10-29-2025-11-05-2025-11-12-2025-11-19-2025-11-26-2025-12-03-2-19-2026-08-26/%26sprop%3Dname:Pastfinders%26ctz%3DAmerica/New_York&followup=https://calendar.google.com/calendar/event?action%3DTEMPLATE%26text%3DResearch%2BAssistance%26dates%3D20260826T130000/20260826T150000%26details%3DJoin%2Bus%2Bweekly%2Bin%2Bthe%2BGenealogy%2BRoom%2Bfor%2Bin-person%2Bhelp%2Bwith%2Byour%2Bresearch.%2BIt%25E2%2580%2599s%2Ba%2Bgreat%2Bchance%2Bto%2Bget%2Bone-on-one%2Bguidance,%2Bask%2Bquestions,%2Band%2Bconnect%2Bwith%2Bothers%2Bwho%2Bshare%2Byour%2Bpassion%2Bfor%2Bfamily%2Bhistory.%26location%3D2525%2BOakley%2BSeaver%2BDr,%2BClermont,%2BFL,%2B34711,%2BUnited%2BStates%26trp%3Dfalse%26sprop%3Dhttps://wordpress-810691-5571285.cloudwaysapps.com/events/research-assistance-2025-08-27-2025-09-03-2025-09-10-2025-09-17-2025-09-24-2025-10-01-2025-10-08-2025-10-15-2025-10-22-2025-10-29-2025-11-05-2025-11-12-2025-11-19-2025-11-26-2025-12-03-2-19-2026-08-26/%26sprop%3Dname:Pastfinders%26ctz%3DAmerica/New_York&emr=1 HTTP/1.1" 302 0
DEBUG:urllib3.connectionpool:https://accounts.google.com:443 "GET /v3/signin/identifier?continue=https%3A%2F%2Fcalendar.google.com%2Fcalendar%2Fevent%3Faction%3DTEMPLATE%26text%3DPreserving%2BLocal%2BHistory%26dates%3D20251217T100000%2F20251217T120000%26details%3DHelp%2Bin%2Bthe%2Bpreservation%2Bof%2Bour%2Blocal%2Bhistory%2Band%2Bcollections%2C%2Bincluding%2Btranscriptionists%2C%2Bpreservationists%2C%2Bdigitizers%2C%2Band%2Borganization%25C2%25A0projects.%26location%3D2525%2BOakley%2BSeaver%2BDr%2C%2BClermont%2C%2BFL%2C%2B34711%2C%2BUnited%2BStates%26trp%3Dfalse%26sprop%3Dhttps%3A%2F%2Fwordpress-810691-5571285.cloudwaysapps.com%2Fevents%2Fpreserving-local-history-2025-12-17%2F%26sprop%3Dname%3APastfinders%26ctz%3DAmerica%2FNew_York&emr=1&followup=https%3A%2F%2Fcalendar.google.com%2Fcalendar%2Fevent%3Faction%3DTEMPLATE%26text%3DPreserving%2BLocal%2BHistory%26dates%3D20251217T100000%2F20251217T120000%26details%3DHelp%2Bin%2Bthe%2Bpreservation%2Bof%2Bour%2Blocal%2Bhistory%2Band%2Bcollections%2C%2Bincluding%2Btranscriptionists%2C%2Bpreservationists%2C%2Bdigitizers%2C%2Band%2Borganization%25C2%25A0projects.%26location%3D2525%2BOakley%2BSeaver%2BDr%2C%2BClermont%2C%2BFL%2C%2B34711%2C%2BUnited%2BStates%26trp%3Dfalse%26sprop%3Dhttps%3A%2F%2Fwordpress-810691-5571285.cloudwaysapps.com%2Fevents%2Fpreserving-local-history-2025-12-17%2F%26sprop%3Dname%3APastfinders%26ctz%3DAmerica%2FNew_York&ifkv=AdBytiOG1D5g3R4eRtl_fD6X6J_4RxcnmJ1uOF2ABnSQ8Whr0Cq3FwfsVmMwIwZsFppfPfmc5gL1&osid=1&passive=1209600&service=cl&flowName=WebLiteSignIn&flowEntry=ServiceLogin&dsh=S-1926475839%3A1756758314263085 HTTP/1.1" 200 None
DEBUG:urllib3.connectionpool:https://accounts.google.com:443 "GET /InteractiveLogin?continue=https://calendar.google.com/calendar/event?action%3DTEMPLATE%26text%3DResearch%2BAssistance%26dates%3D20260826T130000/20260826T150000%26details%3DJoin%2Bus%2Bweekly%2Bin%2Bthe%2BGenealogy%2BRoom%2Bfor%2Bin-person%2Bhelp%2Bwith%2Byour%2Bresearch.%2BIt%25E2%2580%2599s%2Ba%2Bgreat%2Bchance%2Bto%2Bget%2Bone-on-one%2Bguidance,%2Bask%2Bquestions,%2Band%2Bconnect%2Bwith%2Bothers%2Bwho%2Bshare%2Byour%2Bpassion%2Bfor%2Bfamily%2Bhistory.%26location%3D2525%2BOakley%2BSeaver%2BDr,%2BClermont,%2BFL,%2B34711,%2BUnited%2BStates%26trp%3Dfalse%26sprop%3Dhttps://wordpress-810691-5571285.cloudwaysapps.com/events/research-assistance-2025-08-27-2025-09-03-2025-09-10-2025-09-17-2025-09-24-2025-10-01-2025-10-08-2025-10-15-2025-10-22-2025-10-29-2025-11-05-2025-11-12-2025-11-19-2025-11-26-2025-12-03-2-19-2026-08-26/%26sprop%3Dname:Pastfinders%26ctz%3DAmerica/New_York&emr=1&followup=https://calendar.google.com/calendar/event?action%3DTEMPLATE%26text%3DResearch%2BAssistance%26dates%3D20260826T130000/20260826T150000%26details%3DJoin%2Bus%2Bweekly%2Bin%2Bthe%2BGenealogy%2BRoom%2Bfor%2Bin-person%2Bhelp%2Bwith%2Byour%2Bresearch.%2BIt%25E2%2580%2599s%2Ba%2Bgreat%2Bchance%2Bto%2Bget%2Bone-on-one%2Bguidance,%2Bask%2Bquestions,%2Band%2Bconnect%2Bwith%2Bothers%2Bwho%2Bshare%2Byour%2Bpassion%2Bfor%2Bfamily%2Bhistory.%26location%3D2525%2BOakley%2BSeaver%2BDr,%2BClermont,%2BFL,%2B34711,%2BUnited%2BStates%26trp%3Dfalse%26sprop%3Dhttps://wordpress-810691-5571285.cloudwaysapps.com/events/research-assistance-2025-08-27-2025-09-03-2025-09-10-2025-09-17-2025-09-24-2025-10-01-2025-10-08-2025-10-15-2025-10-22-2025-10-29-2025-11-05-2025-11-12-2025-11-19-2025-11-26-2025-12-03-2-19-2026-08-26/%26sprop%3Dname:Pastfinders%26ctz%3DAmerica/New_York&osid=1&passive=1209600&service=cl&ifkv=AdBytiPAoFbcyvmJzx2iSXwkYD2JuvtswiW_zArNNLMPK6qdVjlzS6zPj9bZJseX1IGQTucnxPgvEQ HTTP/1.1" 302 None
DEBUG:root:✅ Hyperlink OK: https://www.google.com/calendar/event?action=TEMPLATE&text=Preserving+Local+History&dates=20251217T100000/20251217T120000&details=Help+in+the+preservation+of+our+local+history+and+collections%2C+including+transcriptionists%2C+preservationists%2C+digitizers%2C+and+organization%C2%A0projects.&location=2525+Oakley+Seaver+Dr%2C+Clermont%2C+FL%2C+34711%2C+United+States&trp=false&sprop=https%3A%2F%2Fwordpress-810691-5571285.cloudwaysapps.com%2Fevents%2Fpreserving-local-history-2025-12-17%2F&sprop=name:Pastfinders&ctz=America%2FNew_York
DEBUG:root:Checking external hyperlink: https://outlook.office.com/calendar/0/deeplink/compose?allday=false&body=Help+in+the+preservation+of+our+local+history+and+collections%2C+including+transcriptionists%2C+preservationists%2C+digitizers%2C+and+organization%C2%A0projects.&location=2525+Oakley+Seaver+Dr%2C+Clermont%2C+FL%2C+34711%2C+United+States&path=/calendar/action/compose&rru=addevent&startdt=2025-12-17T10%3A00%3A00-05%3A00&enddt=2025-12-17T12%3A00%3A00-05%3A00&subject=Preserving+Local+History
DEBUG:urllib3.connectionpool:Starting new HTTPS connection (1): outlook.office.com:443
DEBUG:urllib3.connectionpool:https://accounts.google.com:443 "GET /v3/signin/identifier?continue=https%3A%2F%2Fcalendar.google.com%2Fcalendar%2Fevent%3Faction%3DTEMPLATE%26text%3DResearch%2BAssistance%26dates%3D20260826T130000%2F20260826T150000%26details%3DJoin%2Bus%2Bweekly%2Bin%2Bthe%2BGenealogy%2BRoom%2Bfor%2Bin-person%2Bhelp%2Bwith%2Byour%2Bresearch.%2BIt%25E2%2580%2599s%2Ba%2Bgreat%2Bchance%2Bto%2Bget%2Bone-on-one%2Bguidance%2C%2Bask%2Bquestions%2C%2Band%2Bconnect%2Bwith%2Bothers%2Bwho%2Bshare%2Byour%2Bpassion%2Bfor%2Bfamily%2Bhistory.%26location%3D2525%2BOakley%2BSeaver%2BDr%2C%2BClermont%2C%2BFL%2C%2B34711%2C%2BUnited%2BStates%26trp%3Dfalse%26sprop%3Dhttps%3A%2F%2Fwordpress-810691-5571285.cloudwaysapps.com%2Fevents%2Fresearch-assistance-2025-08-27-2025-09-03-2025-09-10-2025-09-17-2025-09-24-2025-10-01-2025-10-08-2025-10-15-2025-10-22-2025-10-29-2025-11-05-2025-11-12-2025-11-19-2025-11-26-2025-12-03-2-19-2026-08-26%2F%26sprop%3Dname%3APastfinders%26ctz%3DAmerica%2FNew_York&emr=1&followup=https%3A%2F%2Fcalendar.google.com%2Fcalendar%2Fevent%3Faction%3DTEMPLATE%26text%3DResearch%2BAssistance%26dates%3D20260826T130000%2F20260826T150000%26details%3DJoin%2Bus%2Bweekly%2Bin%2Bthe%2BGenealogy%2BRoom%2Bfor%2Bin-person%2Bhelp%2Bwith%2Byour%2Bresearch.%2BIt%25E2%2580%2599s%2Ba%2Bgreat%2Bchance%2Bto%2Bget%2Bone-on-one%2Bguidance%2C%2Bask%2Bquestions%2C%2Band%2Bconnect%2Bwith%2Bothers%2Bwho%2Bshare%2Byour%2Bpassion%2Bfor%2Bfamily%2Bhistory.%26location%3D2525%2BOakley%2BSeaver%2BDr%2C%2BClermont%2C%2BFL%2C%2B34711%2C%2BUnited%2BStates%26trp%3Dfalse%26sprop%3Dhttps%3A%2F%2Fwordpress-810691-5571285.cloudwaysapps.com%2Fevents%2Fresearch-assistance-2025-08-27-2025-09-03-2025-09-10-2025-09-17-2025-09-24-2025-10-01-2025-10-08-2025-10-15-2025-10-22-2025-10-29-2025-11-05-2025-11-12-2025-11-19-2025-11-26-2025-12-03-2-19-2026-08-26%2F%26sprop%3Dname%3APastfinders%26ctz%3DAmerica%2FNew_York&ifkv=AdBytiMynbMP5_Y-lONLcgMjquMv3XMvy1_nBiEpN0HjpGPbZC3uwk4LMz2nUahj8shRG4lOLXFXBQ&osid=1&passive=1209600&service=cl&flowName=WebLiteSignIn&flowEntry=ServiceLogin&dsh=S1410869751%3A1756758314368755 HTTP/1.1" 200 None
DEBUG:urllib3.connectionpool:https://outlook.office.com:443 "GET /calendar/0/deeplink/compose?allday=false&body=%3Cstrong%3EThe+Irish+SIG+will+resume+with+a+different+approach+to+Genealogy+Research.%C2%A0+Discussions+will+be+based+on+input+from+the+group%2C+which+will+result+in+changing+topics+each+month.%3C%2Fstrong%3EPastfinders+will+send+an+Email+to+SIG+members+several+days+prior+to+each+meeting.Pastfinders+is+using+the+Zoom+Virtual+Meeting+app+to+hold+these+meetings+and+you+can+only+join+the+meeting+by+using+a+link+provided+by+Pastfinders.%C2%A0+You+can+register+for+the+season+here%3A%3Cstrong%3E%C2%A0%3Ca+href%3D%22https%3A%2F%2Fform.jotform.com%2FPastfindersSLC%2FJoin-Irish-SIG%22%3EIrish+SIG%3C%2Fa%3E%C2%A0%3C%2Fstrong%3E&location=&path=/calendar/action/compose&rru=addevent&startdt=2025-10-20T13%3A00%3A00-04%3A00&enddt=2025-10-20T14%3A15%3A00-04%3A00&subject=Irish+Special+Interest+Group+%28SIG%29 HTTP/1.1" 200 None
DEBUG:root:✅ Hyperlink OK: https://outlook.office.com/calendar/0/deeplink/compose?allday=false&body=%3Cstrong%3EThe+Irish+SIG+will+resume+with+a+different+approach+to+Genealogy+Research.%C2%A0+Discussions+will+be+based+on+input+from+the+group%2C+which+will+result+in+changing+topics+each+month.%3C%2Fstrong%3EPastfinders+will+send+an+Email+to+SIG+members+several+days+prior+to+each+meeting.Pastfinders+is+using+the+Zoom+Virtual+Meeting+app+to+hold+these+meetings+and+you+can+only+join+the+meeting+by+using+a+link+provided+by+Pastfinders.%C2%A0+You+can+register+for+the+season+here%3A%3Cstrong%3E%C2%A0%3Ca+href%3D%22https%3A%2F%2Fform.jotform.com%2FPastfindersSLC%2FJoin-Irish-SIG%22%3EIrish+SIG%3C%2Fa%3E%C2%A0%3C%2Fstrong%3E&location=&path=/calendar/action/compose&rru=addevent&startdt=2025-10-20T13%3A00%3A00-04%3A00&enddt=2025-10-20T14%3A15%3A00-04%3A00&subject=Irish+Special+Interest+Group+%28SIG%29
DEBUG:root:Checking external hyperlink: https://outlook.live.com/calendar/0/deeplink/compose?allday=false&body=%3Cstrong%3EThe+Irish+SIG+will+resume+with+a+different+approach+to+Genealogy+Research.%C2%A0+Discussions+will+be+based+on+input+from+the+group%2C+which+will+result+in+changing+topics+each+month.%3C%2Fstrong%3EPastfinders+will+send+an+Email+to+SIG+members+several+days+prior+to+each+meeting.Pastfinders+is+using+the+Zoom+Virtual+Meeting+app+to+hold+these+meetings+and+you+can+only+join+the+meeting+by+using+a+link+provided+by+Pastfinders.%C2%A0+You+can+register+for+the+season+here%3A%3Cstrong%3E%C2%A0%3Ca+href%3D%22https%3A%2F%2Fform.jotform.com%2FPastfindersSLC%2FJoin-Irish-SIG%22%3EIrish+SIG%3C%2Fa%3E%C2%A0%3C%2Fstrong%3E&location=&path=/calendar/action/compose&rru=addevent&startdt=2025-10-20T13%3A00%3A00-04%3A00&enddt=2025-10-20T14%3A15%3A00-04%3A00&subject=Irish+Special+Interest+Group+%28SIG%29
DEBUG:urllib3.connectionpool:Starting new HTTPS connection (1): outlook.live.com:443
DEBUG:urllib3.connectionpool:https://outlook.live.com:443 "GET /calendar/0/deeplink/compose?allday=false&body=Join+us+weekly+in+the+Genealogy+Room+for+in-person+help+with+your+research.+It%E2%80%99s+a+great+chance+to+get+one-on-one+guidance%2C+ask+questions%2C+and+connect+with+others+who+share+your+passion+for+family+history.&location=2525+Oakley+Seaver+Dr%2C+Clermont%2C+FL%2C+34711%2C+United+States&path=/calendar/action/compose&rru=addevent&startdt=2026-06-17T13%3A00%3A00-04%3A00&enddt=2026-06-17T15%3A00%3A00-04%3A00&subject=Research+Assistance HTTP/1.1" 200 None
DEBUG:root:✅ Hyperlink OK: https://outlook.live.com/calendar/0/deeplink/compose?allday=false&body=Join+us+weekly+in+the+Genealogy+Room+for+in-person+help+with+your+research.+It%E2%80%99s+a+great+chance+to+get+one-on-one+guidance%2C+ask+questions%2C+and+connect+with+others+who+share+your+passion+for+family+history.&location=2525+Oakley+Seaver+Dr%2C+Clermont%2C+FL%2C+34711%2C+United+States&path=/calendar/action/compose&rru=addevent&startdt=2026-06-17T13%3A00%3A00-04%3A00&enddt=2026-06-17T15%3A00%3A00-04%3A00&subject=Research+Assistance
DEBUG:root:Using regex pattern: \b[a-zA-Z]{3,}\b
DEBUG:root:Found 58 words to check in https://wordpress-810691-5571285.cloudwaysapps.com/events/research-assistance-2025-08-27-2025-09-03-2025-09-10-2025-09-17-2025-09-24-2025-10-01-2025-10-08-2025-10-15-2025-10-22-2025-10-29-2025-11-05-2025-11-12-2025-11-19-2025-11-26-2025-12-03-2-10-2026-06-17/ (min_length=3)
DEBUG:root:Sample words from https://wordpress-810691-5571285.cloudwaysapps.com/events/research-assistance-2025-08-27-2025-09-03-2025-09-10-2025-09-17-2025-09-24-2025-10-01-2025-10-08-2025-10-15-2025-10-22-2025-10-29-2025-11-05-2025-11-12-2025-11-19-2025-11-26-2025-12-03-2-10-2026-06-17/: ['This', 'alert', 'Skip', 'content', 'Research', 'Assistance', 'When', 'June', 'Add', 'Calendar']
DEBUG:root:Spell check results for https://wordpress-810691-5571285.cloudwaysapps.com/events/research-assistance-2025-08-27-2025-09-03-2025-09-10-2025-09-17-2025-09-24-2025-10-01-2025-10-08-2025-10-15-2025-10-22-2025-10-29-2025-11-05-2025-11-12-2025-11-19-2025-11-26-2025-12-03-2-10-2026-06-17/: 30 words checked, 28 skipped, 0 errors found
INFO:root:✅ Processed https://wordpress-810691-5571285.cloudwaysapps.com/events/research-assistance-2025-08-27-2025-09-03-2025-09-10-2025-09-17-2025-09-24-2025-10-01-2025-10-08-2025-10-15-2025-10-22-2025-10-29-2025-11-05-2025-11-12-2025-11-19-2025-11-26-2025-12-03-2-10-2026-06-17/: 0 errors found, 85 words checked
DEBUG:root:Attempting to fetch: https://wordpress-810691-5571285.cloudwaysapps.com/libraries/cyndis-list-a-comprehensive-list-of-40000-genealogy-sites-on-the-internet/
Processing pages:  90%|████████▉ | 341/381 [03:10<00:14,  2.72it/s]DEBUG:root:✅ Hyperlink OK: https://www.google.com/calendar/event?action=TEMPLATE&text=Research+Assistance&dates=20260826T130000/20260826T150000&details=Join+us+weekly+in+the+Genealogy+Room+for+in-person+help+with+your+research.+It%E2%80%99s+a+great+chance+to+get+one-on-one+guidance%2C+ask+questions%2C+and+connect+with+others+who+share+your+passion+for+family+history.&location=2525+Oakley+Seaver+Dr%2C+Clermont%2C+FL%2C+34711%2C+United+States&trp=false&sprop=https%3A%2F%2Fwordpress-810691-5571285.cloudwaysapps.com%2Fevents%2Fresearch-assistance-2025-08-27-2025-09-03-2025-09-10-2025-09-17-2025-09-24-2025-10-01-2025-10-08-2025-10-15-2025-10-22-2025-10-29-2025-11-05-2025-11-12-2025-11-19-2025-11-26-2025-12-03-2-19-2026-08-26%2F&sprop=name:Pastfinders&ctz=America%2FNew_York
DEBUG:root:Checking external hyperlink: https://outlook.office.com/calendar/0/deeplink/compose?allday=false&body=Join+us+weekly+in+the+Genealogy+Room+for+in-person+help+with+your+research.+It%E2%80%99s+a+great+chance+to+get+one-on-one+guidance%2C+ask+questions%2C+and+connect+with+others+who+share+your+passion+for+family+history.&location=2525+Oakley+Seaver+Dr%2C+Clermont%2C+FL%2C+34711%2C+United+States&path=/calendar/action/compose&rru=addevent&startdt=2026-08-26T13%3A00%3A00-04%3A00&enddt=2026-08-26T15%3A00%3A00-04%3A00&subject=Research+Assistance
DEBUG:urllib3.connectionpool:Starting new HTTPS connection (1): outlook.office.com:443
DEBUG:urllib3.connectionpool:https://wordpress-810691-5571285.cloudwaysapps.com:443 "GET /libraries/cyndis-list-a-comprehensive-list-of-40000-genealogy-sites-on-the-internet/ HTTP/1.1" 200 None
DEBUG:urllib3.connectionpool:https://wordpress-810691-5571285.cloudwaysapps.com:443 "GET /wp-content/uploads/2025/08/2018_DAR_Mondays_1556585664-1024x768.webp HTTP/1.1" 200 81880
DEBUG:root:Successfully fetched https://wordpress-810691-5571285.cloudwaysapps.com/libraries/cyndis-list-a-comprehensive-list-of-40000-genealogy-sites-on-the-internet/ (Content-Length: 36739)
DEBUG:charset_normalizer:Encoding detection: utf_8 is most likely the one.
DEBUG:root:Extracted 141 characters, 27 words from https://wordpress-810691-5571285.cloudwaysapps.com/libraries/cyndis-list-a-comprehensive-list-of-40000-genealogy-sites-on-the-internet/
DEBUG:root:Using regex pattern: \b[a-zA-Z]{3,}\b
DEBUG:root:Found 13 words to check in https://wordpress-810691-5571285.cloudwaysapps.com/libraries/cyndis-list-a-comprehensive-list-of-40000-genealogy-sites-on-the-internet/ (min_length=3)
DEBUG:root:Sample words from https://wordpress-810691-5571285.cloudwaysapps.com/libraries/cyndis-list-a-comprehensive-list-of-40000-genealogy-sites-on-the-internet/: ['This', 'alert', 'Skip', 'content', 'Cyndi', 'list', 'comprehensive', 'list', 'genealogy', 'sites']
DEBUG:root:Spell check results for https://wordpress-810691-5571285.cloudwaysapps.com/libraries/cyndis-list-a-comprehensive-list-of-40000-genealogy-sites-on-the-internet/: 8 words checked, 5 skipped, 0 errors found
INFO:root:✅ Processed https://wordpress-810691-5571285.cloudwaysapps.com/libraries/cyndis-list-a-comprehensive-list-of-40000-genealogy-sites-on-the-internet/: 0 errors found, 27 words checked
DEBUG:root:Attempting to fetch: https://wordpress-810691-5571285.cloudwaysapps.com/events/research-assistance-2025-08-27-2025-09-03-2025-09-10-2025-09-17-2025-09-24-2025-10-01-2025-10-08-2025-10-15-2025-10-22-2025-10-29-2025-11-05-2025-11-12-2025-11-19-2025-11-26-2025-12-03-2-03-2026-06-10/
DEBUG:root:✅ Image OK: https://wordpress-810691-5571285.cloudwaysapps.com/wp-content/uploads/2025/08/2018_DAR_Mondays_1556585664-1024x768.webp
DEBUG:root:Checking internal image: https://wordpress-810691-5571285.cloudwaysapps.com/wp-content/uploads/2025/08/Spring_2019_one_on_one_1556586037-768x1024.webp
DEBUG:urllib3.connectionpool:Starting new HTTPS connection (1): wordpress-810691-5571285.cloudwaysapps.com:443
DEBUG:urllib3.connectionpool:https://outlook.office.com:443 "GET /calendar/0/deeplink/compose?allday=false&body=Help+in+the+preservation+of+our+local+history+and+collections%2C+including+transcriptionists%2C+preservationists%2C+digitizers%2C+and+organization%C2%A0projects.&location=2525+Oakley+Seaver+Dr%2C+Clermont%2C+FL%2C+34711%2C+United+States&path=/calendar/action/compose&rru=addevent&startdt=2025-12-17T10%3A00%3A00-05%3A00&enddt=2025-12-17T12%3A00%3A00-05%3A00&subject=Preserving+Local+History HTTP/1.1" 200 None
DEBUG:root:✅ Hyperlink OK: https://outlook.office.com/calendar/0/deeplink/compose?allday=false&body=Help+in+the+preservation+of+our+local+history+and+collections%2C+including+transcriptionists%2C+preservationists%2C+digitizers%2C+and+organization%C2%A0projects.&location=2525+Oakley+Seaver+Dr%2C+Clermont%2C+FL%2C+34711%2C+United+States&path=/calendar/action/compose&rru=addevent&startdt=2025-12-17T10%3A00%3A00-05%3A00&enddt=2025-12-17T12%3A00%3A00-05%3A00&subject=Preserving+Local+History
DEBUG:root:Checking external hyperlink: https://outlook.live.com/calendar/0/deeplink/compose?allday=false&body=Help+in+the+preservation+of+our+local+history+and+collections%2C+including+transcriptionists%2C+preservationists%2C+digitizers%2C+and+organization%C2%A0projects.&location=2525+Oakley+Seaver+Dr%2C+Clermont%2C+FL%2C+34711%2C+United+States&path=/calendar/action/compose&rru=addevent&startdt=2025-12-17T10%3A00%3A00-05%3A00&enddt=2025-12-17T12%3A00%3A00-05%3A00&subject=Preserving+Local+History
DEBUG:urllib3.connectionpool:Starting new HTTPS connection (1): outlook.live.com:443
DEBUG:urllib3.connectionpool:https://outlook.live.com:443 "GET /calendar/0/deeplink/compose?allday=false&body=%3Cstrong%3EThe+Irish+SIG+will+resume+with+a+different+approach+to+Genealogy+Research.%C2%A0+Discussions+will+be+based+on+input+from+the+group%2C+which+will+result+in+changing+topics+each+month.%3C%2Fstrong%3EPastfinders+will+send+an+Email+to+SIG+members+several+days+prior+to+each+meeting.Pastfinders+is+using+the+Zoom+Virtual+Meeting+app+to+hold+these+meetings+and+you+can+only+join+the+meeting+by+using+a+link+provided+by+Pastfinders.%C2%A0+You+can+register+for+the+season+here%3A%3Cstrong%3E%C2%A0%3Ca+href%3D%22https%3A%2F%2Fform.jotform.com%2FPastfindersSLC%2FJoin-Irish-SIG%22%3EIrish+SIG%3C%2Fa%3E%C2%A0%3C%2Fstrong%3E&location=&path=/calendar/action/compose&rru=addevent&startdt=2025-10-20T13%3A00%3A00-04%3A00&enddt=2025-10-20T14%3A15%3A00-04%3A00&subject=Irish+Special+Interest+Group+%28SIG%29 HTTP/1.1" 200 None
DEBUG:root:✅ Hyperlink OK: https://outlook.live.com/calendar/0/deeplink/compose?allday=false&body=%3Cstrong%3EThe+Irish+SIG+will+resume+with+a+different+approach+to+Genealogy+Research.%C2%A0+Discussions+will+be+based+on+input+from+the+group%2C+which+will+result+in+changing+topics+each+month.%3C%2Fstrong%3EPastfinders+will+send+an+Email+to+SIG+members+several+days+prior+to+each+meeting.Pastfinders+is+using+the+Zoom+Virtual+Meeting+app+to+hold+these+meetings+and+you+can+only+join+the+meeting+by+using+a+link+provided+by+Pastfinders.%C2%A0+You+can+register+for+the+season+here%3A%3Cstrong%3E%C2%A0%3Ca+href%3D%22https%3A%2F%2Fform.jotform.com%2FPastfindersSLC%2FJoin-Irish-SIG%22%3EIrish+SIG%3C%2Fa%3E%C2%A0%3C%2Fstrong%3E&location=&path=/calendar/action/compose&rru=addevent&startdt=2025-10-20T13%3A00%3A00-04%3A00&enddt=2025-10-20T14%3A15%3A00-04%3A00&subject=Irish+Special+Interest+Group+%28SIG%29
DEBUG:root:Using regex pattern: \b[a-zA-Z]{3,}\b
DEBUG:root:Found 94 words to check in https://wordpress-810691-5571285.cloudwaysapps.com/events/irish-special-interest-group-sig-2025-10-20/ (min_length=3)
DEBUG:root:Sample words from https://wordpress-810691-5571285.cloudwaysapps.com/events/irish-special-interest-group-sig-2025-10-20/: ['This', 'alert', 'Skip', 'content', 'Irish', 'Special', 'Interest', 'Group', 'SIG', 'When']
DEBUG:root:Spell check results for https://wordpress-810691-5571285.cloudwaysapps.com/events/irish-special-interest-group-sig-2025-10-20/: 51 words checked, 43 skipped, 0 errors found
INFO:root:✅ Processed https://wordpress-810691-5571285.cloudwaysapps.com/events/irish-special-interest-group-sig-2025-10-20/: 0 errors found, 121 words checked
DEBUG:root:Attempting to fetch: https://wordpress-810691-5571285.cloudwaysapps.com/family-tree-maker-sig/
Processing pages:  90%|█████████ | 343/381 [03:10<00:09,  3.94it/s]DEBUG:urllib3.connectionpool:https://wordpress-810691-5571285.cloudwaysapps.com:443 "GET /events/research-assistance-2025-08-27-2025-09-03-2025-09-10-2025-09-17-2025-09-24-2025-10-01-2025-10-08-2025-10-15-2025-10-22-2025-10-29-2025-11-05-2025-11-12-2025-11-19-2025-11-26-2025-12-03-2-03-2026-06-10/ HTTP/1.1" 200 None
DEBUG:root:Successfully fetched https://wordpress-810691-5571285.cloudwaysapps.com/events/research-assistance-2025-08-27-2025-09-03-2025-09-10-2025-09-17-2025-09-24-2025-10-01-2025-10-08-2025-10-15-2025-10-22-2025-10-29-2025-11-05-2025-11-12-2025-11-19-2025-11-26-2025-12-03-2-03-2026-06-10/ (Content-Length: 44209)
DEBUG:charset_normalizer:Encoding detection: utf_8 is most likely the one.
DEBUG:root:Extracted 488 characters, 85 words from https://wordpress-810691-5571285.cloudwaysapps.com/events/research-assistance-2025-08-27-2025-09-03-2025-09-10-2025-09-17-2025-09-24-2025-10-01-2025-10-08-2025-10-15-2025-10-22-2025-10-29-2025-11-05-2025-11-12-2025-11-19-2025-11-26-2025-12-03-2-03-2026-06-10/
DEBUG:root:Checking external hyperlink: https://www.google.com/calendar/event?action=TEMPLATE&text=Research+Assistance&dates=20260610T130000/20260610T150000&details=Join+us+weekly+in+the+Genealogy+Room+for+in-person+help+with+your+research.+It%E2%80%99s+a+great+chance+to+get+one-on-one+guidance%2C+ask+questions%2C+and+connect+with+others+who+share+your+passion+for+family+history.&location=2525+Oakley+Seaver+Dr%2C+Clermont%2C+FL%2C+34711%2C+United+States&trp=false&sprop=https%3A%2F%2Fwordpress-810691-5571285.cloudwaysapps.com%2Fevents%2Fresearch-assistance-2025-08-27-2025-09-03-2025-09-10-2025-09-17-2025-09-24-2025-10-01-2025-10-08-2025-10-15-2025-10-22-2025-10-29-2025-11-05-2025-11-12-2025-11-19-2025-11-26-2025-12-03-2-03-2026-06-10%2F&sprop=name:Pastfinders&ctz=America%2FNew_York
DEBUG:urllib3.connectionpool:Starting new HTTPS connection (1): www.google.com:443
DEBUG:urllib3.connectionpool:https://wordpress-810691-5571285.cloudwaysapps.com:443 "GET /family-tree-maker-sig/ HTTP/1.1" 200 None
DEBUG:root:Successfully fetched https://wordpress-810691-5571285.cloudwaysapps.com/family-tree-maker-sig/ (Content-Length: 44516)
DEBUG:charset_normalizer:Encoding detection: utf_8 is most likely the one.
DEBUG:root:Extracted 2266 characters, 363 words from https://wordpress-810691-5571285.cloudwaysapps.com/family-tree-maker-sig/
DEBUG:root:Checking external document: http://pastfinders.local/wp-content/uploads/2025/05/Family_Tree_Maker_Tool_Bars.pdf
DEBUG:urllib3.connectionpool:Starting new HTTP connection (1): pastfinders.local:80
DEBUG:urllib3.connectionpool:https://outlook.office.com:443 "GET /calendar/0/deeplink/compose?allday=false&body=Join+us+weekly+in+the+Genealogy+Room+for+in-person+help+with+your+research.+It%E2%80%99s+a+great+chance+to+get+one-on-one+guidance%2C+ask+questions%2C+and+connect+with+others+who+share+your+passion+for+family+history.&location=2525+Oakley+Seaver+Dr%2C+Clermont%2C+FL%2C+34711%2C+United+States&path=/calendar/action/compose&rru=addevent&startdt=2026-08-26T13%3A00%3A00-04%3A00&enddt=2026-08-26T15%3A00%3A00-04%3A00&subject=Research+Assistance HTTP/1.1" 200 None
DEBUG:root:✅ Hyperlink OK: https://outlook.office.com/calendar/0/deeplink/compose?allday=false&body=Join+us+weekly+in+the+Genealogy+Room+for+in-person+help+with+your+research.+It%E2%80%99s+a+great+chance+to+get+one-on-one+guidance%2C+ask+questions%2C+and+connect+with+others+who+share+your+passion+for+family+history.&location=2525+Oakley+Seaver+Dr%2C+Clermont%2C+FL%2C+34711%2C+United+States&path=/calendar/action/compose&rru=addevent&startdt=2026-08-26T13%3A00%3A00-04%3A00&enddt=2026-08-26T15%3A00%3A00-04%3A00&subject=Research+Assistance
DEBUG:root:Checking external hyperlink: https://outlook.live.com/calendar/0/deeplink/compose?allday=false&body=Join+us+weekly+in+the+Genealogy+Room+for+in-person+help+with+your+research.+It%E2%80%99s+a+great+chance+to+get+one-on-one+guidance%2C+ask+questions%2C+and+connect+with+others+who+share+your+passion+for+family+history.&location=2525+Oakley+Seaver+Dr%2C+Clermont%2C+FL%2C+34711%2C+United+States&path=/calendar/action/compose&rru=addevent&startdt=2026-08-26T13%3A00%3A00-04%3A00&enddt=2026-08-26T15%3A00%3A00-04%3A00&subject=Research+Assistance
DEBUG:urllib3.connectionpool:Starting new HTTPS connection (1): outlook.live.com:443
DEBUG:urllib3.connectionpool:https://www.google.com:443 "GET /calendar/event?action=TEMPLATE&text=Research+Assistance&dates=20260610T130000/20260610T150000&details=Join+us+weekly+in+the+Genealogy+Room+for+in-person+help+with+your+research.+It%E2%80%99s+a+great+chance+to+get+one-on-one+guidance%2C+ask+questions%2C+and+connect+with+others+who+share+your+passion+for+family+history.&location=2525+Oakley+Seaver+Dr%2C+Clermont%2C+FL%2C+34711%2C+United+States&trp=false&sprop=https%3A%2F%2Fwordpress-810691-5571285.cloudwaysapps.com%2Fevents%2Fresearch-assistance-2025-08-27-2025-09-03-2025-09-10-2025-09-17-2025-09-24-2025-10-01-2025-10-08-2025-10-15-2025-10-22-2025-10-29-2025-11-05-2025-11-12-2025-11-19-2025-11-26-2025-12-03-2-03-2026-06-10%2F&sprop=name:Pastfinders&ctz=America%2FNew_York HTTP/1.1" 302 0
DEBUG:urllib3.connectionpool:Starting new HTTPS connection (1): calendar.google.com:443
DEBUG:urllib3.connectionpool:https://wordpress-810691-5571285.cloudwaysapps.com:443 "GET /wp-content/uploads/2025/08/Spring_2019_one_on_one_1556586037-768x1024.webp HTTP/1.1" 200 97846
DEBUG:urllib3.connectionpool:https://outlook.live.com:443 "GET /calendar/0/deeplink/compose?allday=false&body=Help+in+the+preservation+of+our+local+history+and+collections%2C+including+transcriptionists%2C+preservationists%2C+digitizers%2C+and+organization%C2%A0projects.&location=2525+Oakley+Seaver+Dr%2C+Clermont%2C+FL%2C+34711%2C+United+States&path=/calendar/action/compose&rru=addevent&startdt=2025-12-17T10%3A00%3A00-05%3A00&enddt=2025-12-17T12%3A00%3A00-05%3A00&subject=Preserving+Local+History HTTP/1.1" 200 None
DEBUG:root:✅ Hyperlink OK: https://outlook.live.com/calendar/0/deeplink/compose?allday=false&body=Help+in+the+preservation+of+our+local+history+and+collections%2C+including+transcriptionists%2C+preservationists%2C+digitizers%2C+and+organization%C2%A0projects.&location=2525+Oakley+Seaver+Dr%2C+Clermont%2C+FL%2C+34711%2C+United+States&path=/calendar/action/compose&rru=addevent&startdt=2025-12-17T10%3A00%3A00-05%3A00&enddt=2025-12-17T12%3A00%3A00-05%3A00&subject=Preserving+Local+History
DEBUG:root:Using regex pattern: \b[a-zA-Z]{3,}\b
DEBUG:root:Found 44 words to check in https://wordpress-810691-5571285.cloudwaysapps.com/events/preserving-local-history-2025-12-17/ (min_length=3)
DEBUG:root:Sample words from https://wordpress-810691-5571285.cloudwaysapps.com/events/preserving-local-history-2025-12-17/: ['This', 'alert', 'Skip', 'content', 'Preserving', 'Local', 'History', 'When', 'December', 'Add']
DEBUG:root:Misspelled word found: 'transcriptionists' in https://wordpress-810691-5571285.cloudwaysapps.com/events/preserving-local-history-2025-12-17/
DEBUG:root:Spell check results for https://wordpress-810691-5571285.cloudwaysapps.com/events/preserving-local-history-2025-12-17/: 17 words checked, 27 skipped, 1 errors found
INFO:root:✅ Processed https://wordpress-810691-5571285.cloudwaysapps.com/events/preserving-local-history-2025-12-17/: 1 errors found, 65 words checked
DEBUG:root:Attempting to fetch: https://wordpress-810691-5571285.cloudwaysapps.com/events/preserving-local-history-2026-02-11/
Processing pages:  90%|█████████ | 344/381 [03:10<00:08,  4.12it/s]DEBUG:root:✅ Image OK: https://wordpress-810691-5571285.cloudwaysapps.com/wp-content/uploads/2025/08/Spring_2019_one_on_one_1556586037-768x1024.webp
DEBUG:root:Checking internal image: https://wordpress-810691-5571285.cloudwaysapps.com/wp-content/uploads/2025/08/1541301604_PastfindersHelpClass_1556585979.webp
DEBUG:urllib3.connectionpool:Starting new HTTPS connection (1): wordpress-810691-5571285.cloudwaysapps.com:443
DEBUG:urllib3.connectionpool:https://wordpress-810691-5571285.cloudwaysapps.com:443 "GET /events/preserving-local-history-2026-02-11/ HTTP/1.1" 200 None
DEBUG:root:Successfully fetched https://wordpress-810691-5571285.cloudwaysapps.com/events/preserving-local-history-2026-02-11/ (Content-Length: 43618)
DEBUG:charset_normalizer:Encoding detection: utf_8 is most likely the one.
DEBUG:root:Extracted 447 characters, 65 words from https://wordpress-810691-5571285.cloudwaysapps.com/events/preserving-local-history-2026-02-11/
DEBUG:root:Checking external hyperlink: https://www.google.com/calendar/event?action=TEMPLATE&text=Preserving+Local+History&dates=20260211T100000/20260211T120000&details=Help+in+the+preservation+of+our+local+history+and+collections%2C+including+transcriptionists%2C+preservationists%2C+digitizers%2C+and+organization%C2%A0projects.&location=2525+Oakley+Seaver+Dr%2C+Clermont%2C+FL%2C+34711%2C+United+States&trp=false&sprop=https%3A%2F%2Fwordpress-810691-5571285.cloudwaysapps.com%2Fevents%2Fpreserving-local-history-2026-02-11%2F&sprop=name:Pastfinders&ctz=America%2FNew_York
DEBUG:urllib3.connectionpool:Starting new HTTPS connection (1): www.google.com:443
DEBUG:urllib3.connectionpool:https://outlook.live.com:443 "GET /calendar/0/deeplink/compose?allday=false&body=Join+us+weekly+in+the+Genealogy+Room+for+in-person+help+with+your+research.+It%E2%80%99s+a+great+chance+to+get+one-on-one+guidance%2C+ask+questions%2C+and+connect+with+others+who+share+your+passion+for+family+history.&location=2525+Oakley+Seaver+Dr%2C+Clermont%2C+FL%2C+34711%2C+United+States&path=/calendar/action/compose&rru=addevent&startdt=2026-08-26T13%3A00%3A00-04%3A00&enddt=2026-08-26T15%3A00%3A00-04%3A00&subject=Research+Assistance HTTP/1.1" 200 None
DEBUG:root:✅ Hyperlink OK: https://outlook.live.com/calendar/0/deeplink/compose?allday=false&body=Join+us+weekly+in+the+Genealogy+Room+for+in-person+help+with+your+research.+It%E2%80%99s+a+great+chance+to+get+one-on-one+guidance%2C+ask+questions%2C+and+connect+with+others+who+share+your+passion+for+family+history.&location=2525+Oakley+Seaver+Dr%2C+Clermont%2C+FL%2C+34711%2C+United+States&path=/calendar/action/compose&rru=addevent&startdt=2026-08-26T13%3A00%3A00-04%3A00&enddt=2026-08-26T15%3A00%3A00-04%3A00&subject=Research+Assistance
DEBUG:root:Using regex pattern: \b[a-zA-Z]{3,}\b
DEBUG:root:Found 58 words to check in https://wordpress-810691-5571285.cloudwaysapps.com/events/research-assistance-2025-08-27-2025-09-03-2025-09-10-2025-09-17-2025-09-24-2025-10-01-2025-10-08-2025-10-15-2025-10-22-2025-10-29-2025-11-05-2025-11-12-2025-11-19-2025-11-26-2025-12-03-2-19-2026-08-26/ (min_length=3)
DEBUG:root:Sample words from https://wordpress-810691-5571285.cloudwaysapps.com/events/research-assistance-2025-08-27-2025-09-03-2025-09-10-2025-09-17-2025-09-24-2025-10-01-2025-10-08-2025-10-15-2025-10-22-2025-10-29-2025-11-05-2025-11-12-2025-11-19-2025-11-26-2025-12-03-2-19-2026-08-26/: ['This', 'alert', 'Skip', 'content', 'Research', 'Assistance', 'When', 'August', 'Add', 'Calendar']
DEBUG:root:Spell check results for https://wordpress-810691-5571285.cloudwaysapps.com/events/research-assistance-2025-08-27-2025-09-03-2025-09-10-2025-09-17-2025-09-24-2025-10-01-2025-10-08-2025-10-15-2025-10-22-2025-10-29-2025-11-05-2025-11-12-2025-11-19-2025-11-26-2025-12-03-2-19-2026-08-26/: 30 words checked, 28 skipped, 0 errors found
INFO:root:✅ Processed https://wordpress-810691-5571285.cloudwaysapps.com/events/research-assistance-2025-08-27-2025-09-03-2025-09-10-2025-09-17-2025-09-24-2025-10-01-2025-10-08-2025-10-15-2025-10-22-2025-10-29-2025-11-05-2025-11-12-2025-11-19-2025-11-26-2025-12-03-2-19-2026-08-26/: 0 errors found, 85 words checked
DEBUG:root:Attempting to fetch: https://wordpress-810691-5571285.cloudwaysapps.com/resources/genealogy-activities-for-toddlers-peek-a-boo-family-tree/
DEBUG:urllib3.connectionpool:https://calendar.google.com:443 "GET /calendar/event?action=TEMPLATE&text=Research+Assistance&dates=20260610T130000/20260610T150000&details=Join+us+weekly+in+the+Genealogy+Room+for+in-person+help+with+your+research.+It%E2%80%99s+a+great+chance+to+get+one-on-one+guidance,+ask+questions,+and+connect+with+others+who+share+your+passion+for+family+history.&location=2525+Oakley+Seaver+Dr,+Clermont,+FL,+34711,+United+States&trp=false&sprop=https://wordpress-810691-5571285.cloudwaysapps.com/events/research-assistance-2025-08-27-2025-09-03-2025-09-10-2025-09-17-2025-09-24-2025-10-01-2025-10-08-2025-10-15-2025-10-22-2025-10-29-2025-11-05-2025-11-12-2025-11-19-2025-11-26-2025-12-03-2-03-2026-06-10/&sprop=name:Pastfinders&ctz=America/New_York HTTP/1.1" 302 0
DEBUG:urllib3.connectionpool:Starting new HTTPS connection (1): accounts.google.com:443
DEBUG:urllib3.connectionpool:https://wordpress-810691-5571285.cloudwaysapps.com:443 "GET /resources/genealogy-activities-for-toddlers-peek-a-boo-family-tree/ HTTP/1.1" 200 None
DEBUG:root:Successfully fetched https://wordpress-810691-5571285.cloudwaysapps.com/resources/genealogy-activities-for-toddlers-peek-a-boo-family-tree/ (Content-Length: 39307)
DEBUG:charset_normalizer:Encoding detection: utf_8 is most likely the one.
DEBUG:root:Extracted 786 characters, 144 words from https://wordpress-810691-5571285.cloudwaysapps.com/resources/genealogy-activities-for-toddlers-peek-a-boo-family-tree/
DEBUG:root:Using regex pattern: \b[a-zA-Z]{3,}\b
DEBUG:root:Found 113 words to check in https://wordpress-810691-5571285.cloudwaysapps.com/resources/genealogy-activities-for-toddlers-peek-a-boo-family-tree/ (min_length=3)
DEBUG:root:Sample words from https://wordpress-810691-5571285.cloudwaysapps.com/resources/genealogy-activities-for-toddlers-peek-a-boo-family-tree/: ['This', 'alert', 'Skip', 'content', 'Genealogy', 'Activities', 'for', 'Toddlers', 'Peek', 'Boo']
DEBUG:root:Spell check results for https://wordpress-810691-5571285.cloudwaysapps.com/resources/genealogy-activities-for-toddlers-peek-a-boo-family-tree/: 91 words checked, 22 skipped, 0 errors found
INFO:root:✅ Processed https://wordpress-810691-5571285.cloudwaysapps.com/resources/genealogy-activities-for-toddlers-peek-a-boo-family-tree/: 0 errors found, 144 words checked
DEBUG:root:Attempting to fetch: https://wordpress-810691-5571285.cloudwaysapps.com/resources/youth-places-and-culture/
Processing pages:  91%|█████████ | 346/381 [03:10<00:06,  5.38it/s]DEBUG:urllib3.connectionpool:https://www.google.com:443 "GET /calendar/event?action=TEMPLATE&text=Preserving+Local+History&dates=20260211T100000/20260211T120000&details=Help+in+the+preservation+of+our+local+history+and+collections%2C+including+transcriptionists%2C+preservationists%2C+digitizers%2C+and+organization%C2%A0projects.&location=2525+Oakley+Seaver+Dr%2C+Clermont%2C+FL%2C+34711%2C+United+States&trp=false&sprop=https%3A%2F%2Fwordpress-810691-5571285.cloudwaysapps.com%2Fevents%2Fpreserving-local-history-2026-02-11%2F&sprop=name:Pastfinders&ctz=America%2FNew_York HTTP/1.1" 302 0
DEBUG:urllib3.connectionpool:Starting new HTTPS connection (1): calendar.google.com:443
DEBUG:urllib3.connectionpool:https://accounts.google.com:443 "GET /ServiceLogin?service=cl&passive=1209600&osid=1&continue=https://calendar.google.com/calendar/event?action%3DTEMPLATE%26text%3DResearch%2BAssistance%26dates%3D20260610T130000/20260610T150000%26details%3DJoin%2Bus%2Bweekly%2Bin%2Bthe%2BGenealogy%2BRoom%2Bfor%2Bin-person%2Bhelp%2Bwith%2Byour%2Bresearch.%2BIt%25E2%2580%2599s%2Ba%2Bgreat%2Bchance%2Bto%2Bget%2Bone-on-one%2Bguidance,%2Bask%2Bquestions,%2Band%2Bconnect%2Bwith%2Bothers%2Bwho%2Bshare%2Byour%2Bpassion%2Bfor%2Bfamily%2Bhistory.%26location%3D2525%2BOakley%2BSeaver%2BDr,%2BClermont,%2BFL,%2B34711,%2BUnited%2BStates%26trp%3Dfalse%26sprop%3Dhttps://wordpress-810691-5571285.cloudwaysapps.com/events/research-assistance-2025-08-27-2025-09-03-2025-09-10-2025-09-17-2025-09-24-2025-10-01-2025-10-08-2025-10-15-2025-10-22-2025-10-29-2025-11-05-2025-11-12-2025-11-19-2025-11-26-2025-12-03-2-03-2026-06-10/%26sprop%3Dname:Pastfinders%26ctz%3DAmerica/New_York&followup=https://calendar.google.com/calendar/event?action%3DTEMPLATE%26text%3DResearch%2BAssistance%26dates%3D20260610T130000/20260610T150000%26details%3DJoin%2Bus%2Bweekly%2Bin%2Bthe%2BGenealogy%2BRoom%2Bfor%2Bin-person%2Bhelp%2Bwith%2Byour%2Bresearch.%2BIt%25E2%2580%2599s%2Ba%2Bgreat%2Bchance%2Bto%2Bget%2Bone-on-one%2Bguidance,%2Bask%2Bquestions,%2Band%2Bconnect%2Bwith%2Bothers%2Bwho%2Bshare%2Byour%2Bpassion%2Bfor%2Bfamily%2Bhistory.%26location%3D2525%2BOakley%2BSeaver%2BDr,%2BClermont,%2BFL,%2B34711,%2BUnited%2BStates%26trp%3Dfalse%26sprop%3Dhttps://wordpress-810691-5571285.cloudwaysapps.com/events/research-assistance-2025-08-27-2025-09-03-2025-09-10-2025-09-17-2025-09-24-2025-10-01-2025-10-08-2025-10-15-2025-10-22-2025-10-29-2025-11-05-2025-11-12-2025-11-19-2025-11-26-2025-12-03-2-03-2026-06-10/%26sprop%3Dname:Pastfinders%26ctz%3DAmerica/New_York&emr=1 HTTP/1.1" 302 0
DEBUG:urllib3.connectionpool:https://wordpress-810691-5571285.cloudwaysapps.com:443 "GET /resources/youth-places-and-culture/ HTTP/1.1" 200 None
DEBUG:root:Successfully fetched https://wordpress-810691-5571285.cloudwaysapps.com/resources/youth-places-and-culture/ (Content-Length: 38661)
DEBUG:charset_normalizer:Encoding detection: utf_8 is most likely the one.
DEBUG:root:Extracted 522 characters, 86 words from https://wordpress-810691-5571285.cloudwaysapps.com/resources/youth-places-and-culture/
DEBUG:root:Using regex pattern: \b[a-zA-Z]{3,}\b
DEBUG:root:Found 68 words to check in https://wordpress-810691-5571285.cloudwaysapps.com/resources/youth-places-and-culture/ (min_length=3)
DEBUG:root:Sample words from https://wordpress-810691-5571285.cloudwaysapps.com/resources/youth-places-and-culture/: ['This', 'alert', 'Skip', 'content', 'Youth', 'Places', 'and', 'Culture', 'May', 'The']
DEBUG:root:Spell check results for https://wordpress-810691-5571285.cloudwaysapps.com/resources/youth-places-and-culture/: 47 words checked, 21 skipped, 0 errors found
INFO:root:✅ Processed https://wordpress-810691-5571285.cloudwaysapps.com/resources/youth-places-and-culture/: 0 errors found, 86 words checked
DEBUG:root:Attempting to fetch: https://wordpress-810691-5571285.cloudwaysapps.com/galleries/2018-mid-winter-conference/
DEBUG:urllib3.connectionpool:https://wordpress-810691-5571285.cloudwaysapps.com:443 "GET /wp-content/uploads/2025/08/1541301604_PastfindersHelpClass_1556585979.webp HTTP/1.1" 200 192358
DEBUG:urllib3.connectionpool:https://accounts.google.com:443 "GET /InteractiveLogin?continue=https://calendar.google.com/calendar/event?action%3DTEMPLATE%26text%3DResearch%2BAssistance%26dates%3D20260610T130000/20260610T150000%26details%3DJoin%2Bus%2Bweekly%2Bin%2Bthe%2BGenealogy%2BRoom%2Bfor%2Bin-person%2Bhelp%2Bwith%2Byour%2Bresearch.%2BIt%25E2%2580%2599s%2Ba%2Bgreat%2Bchance%2Bto%2Bget%2Bone-on-one%2Bguidance,%2Bask%2Bquestions,%2Band%2Bconnect%2Bwith%2Bothers%2Bwho%2Bshare%2Byour%2Bpassion%2Bfor%2Bfamily%2Bhistory.%26location%3D2525%2BOakley%2BSeaver%2BDr,%2BClermont,%2BFL,%2B34711,%2BUnited%2BStates%26trp%3Dfalse%26sprop%3Dhttps://wordpress-810691-5571285.cloudwaysapps.com/events/research-assistance-2025-08-27-2025-09-03-2025-09-10-2025-09-17-2025-09-24-2025-10-01-2025-10-08-2025-10-15-2025-10-22-2025-10-29-2025-11-05-2025-11-12-2025-11-19-2025-11-26-2025-12-03-2-03-2026-06-10/%26sprop%3Dname:Pastfinders%26ctz%3DAmerica/New_York&emr=1&followup=https://calendar.google.com/calendar/event?action%3DTEMPLATE%26text%3DResearch%2BAssistance%26dates%3D20260610T130000/20260610T150000%26details%3DJoin%2Bus%2Bweekly%2Bin%2Bthe%2BGenealogy%2BRoom%2Bfor%2Bin-person%2Bhelp%2Bwith%2Byour%2Bresearch.%2BIt%25E2%2580%2599s%2Ba%2Bgreat%2Bchance%2Bto%2Bget%2Bone-on-one%2Bguidance,%2Bask%2Bquestions,%2Band%2Bconnect%2Bwith%2Bothers%2Bwho%2Bshare%2Byour%2Bpassion%2Bfor%2Bfamily%2Bhistory.%26location%3D2525%2BOakley%2BSeaver%2BDr,%2BClermont,%2BFL,%2B34711,%2BUnited%2BStates%26trp%3Dfalse%26sprop%3Dhttps://wordpress-810691-5571285.cloudwaysapps.com/events/research-assistance-2025-08-27-2025-09-03-2025-09-10-2025-09-17-2025-09-24-2025-10-01-2025-10-08-2025-10-15-2025-10-22-2025-10-29-2025-11-05-2025-11-12-2025-11-19-2025-11-26-2025-12-03-2-03-2026-06-10/%26sprop%3Dname:Pastfinders%26ctz%3DAmerica/New_York&osid=1&passive=1209600&service=cl&ifkv=AdBytiPfhelFUd0B3DQVRx1F5CbHLvlBF6LCzAwSpBWsyukOXQvgGdyM23FlCqdbhT4_8CzfYnQI HTTP/1.1" 302 None
DEBUG:urllib3.connectionpool:https://calendar.google.com:443 "GET /calendar/event?action=TEMPLATE&text=Preserving+Local+History&dates=20260211T100000/20260211T120000&details=Help+in+the+preservation+of+our+local+history+and+collections,+including+transcriptionists,+preservationists,+digitizers,+and+organization%C2%A0projects.&location=2525+Oakley+Seaver+Dr,+Clermont,+FL,+34711,+United+States&trp=false&sprop=https://wordpress-810691-5571285.cloudwaysapps.com/events/preserving-local-history-2026-02-11/&sprop=name:Pastfinders&ctz=America/New_York HTTP/1.1" 302 0
DEBUG:urllib3.connectionpool:Starting new HTTPS connection (1): accounts.google.com:443
DEBUG:urllib3.connectionpool:https://accounts.google.com:443 "GET /v3/signin/identifier?continue=https%3A%2F%2Fcalendar.google.com%2Fcalendar%2Fevent%3Faction%3DTEMPLATE%26text%3DResearch%2BAssistance%26dates%3D20260610T130000%2F20260610T150000%26details%3DJoin%2Bus%2Bweekly%2Bin%2Bthe%2BGenealogy%2BRoom%2Bfor%2Bin-person%2Bhelp%2Bwith%2Byour%2Bresearch.%2BIt%25E2%2580%2599s%2Ba%2Bgreat%2Bchance%2Bto%2Bget%2Bone-on-one%2Bguidance%2C%2Bask%2Bquestions%2C%2Band%2Bconnect%2Bwith%2Bothers%2Bwho%2Bshare%2Byour%2Bpassion%2Bfor%2Bfamily%2Bhistory.%26location%3D2525%2BOakley%2BSeaver%2BDr%2C%2BClermont%2C%2BFL%2C%2B34711%2C%2BUnited%2BStates%26trp%3Dfalse%26sprop%3Dhttps%3A%2F%2Fwordpress-810691-5571285.cloudwaysapps.com%2Fevents%2Fresearch-assistance-2025-08-27-2025-09-03-2025-09-10-2025-09-17-2025-09-24-2025-10-01-2025-10-08-2025-10-15-2025-10-22-2025-10-29-2025-11-05-2025-11-12-2025-11-19-2025-11-26-2025-12-03-2-03-2026-06-10%2F%26sprop%3Dname%3APastfinders%26ctz%3DAmerica%2FNew_York&emr=1&followup=https%3A%2F%2Fcalendar.google.com%2Fcalendar%2Fevent%3Faction%3DTEMPLATE%26text%3DResearch%2BAssistance%26dates%3D20260610T130000%2F20260610T150000%26details%3DJoin%2Bus%2Bweekly%2Bin%2Bthe%2BGenealogy%2BRoom%2Bfor%2Bin-person%2Bhelp%2Bwith%2Byour%2Bresearch.%2BIt%25E2%2580%2599s%2Ba%2Bgreat%2Bchance%2Bto%2Bget%2Bone-on-one%2Bguidance%2C%2Bask%2Bquestions%2C%2Band%2Bconnect%2Bwith%2Bothers%2Bwho%2Bshare%2Byour%2Bpassion%2Bfor%2Bfamily%2Bhistory.%26location%3D2525%2BOakley%2BSeaver%2BDr%2C%2BClermont%2C%2BFL%2C%2B34711%2C%2BUnited%2BStates%26trp%3Dfalse%26sprop%3Dhttps%3A%2F%2Fwordpress-810691-5571285.cloudwaysapps.com%2Fevents%2Fresearch-assistance-2025-08-27-2025-09-03-2025-09-10-2025-09-17-2025-09-24-2025-10-01-2025-10-08-2025-10-15-2025-10-22-2025-10-29-2025-11-05-2025-11-12-2025-11-19-2025-11-26-2025-12-03-2-03-2026-06-10%2F%26sprop%3Dname%3APastfinders%26ctz%3DAmerica%2FNew_York&ifkv=AdBytiONUnDDCaa3nVxg6XyC4xDozM0vJ75S-g8G9bQf0erY-ScSv8F6GDyoiaXjB2rs167GoAJJ&osid=1&passive=1209600&service=cl&flowName=WebLiteSignIn&flowEntry=ServiceLogin&dsh=S-1120685403%3A1756758315126103 HTTP/1.1" 200 None
DEBUG:root:✅ Image OK: https://wordpress-810691-5571285.cloudwaysapps.com/wp-content/uploads/2025/08/1541301604_PastfindersHelpClass_1556585979.webp
DEBUG:root:Checking internal image: https://wordpress-810691-5571285.cloudwaysapps.com/wp-content/uploads/2025/08/2019_conference_friday_only_1556585664.webp
DEBUG:urllib3.connectionpool:Starting new HTTPS connection (1): wordpress-810691-5571285.cloudwaysapps.com:443
DEBUG:root:✅ Hyperlink OK: https://www.google.com/calendar/event?action=TEMPLATE&text=Research+Assistance&dates=20260610T130000/20260610T150000&details=Join+us+weekly+in+the+Genealogy+Room+for+in-person+help+with+your+research.+It%E2%80%99s+a+great+chance+to+get+one-on-one+guidance%2C+ask+questions%2C+and+connect+with+others+who+share+your+passion+for+family+history.&location=2525+Oakley+Seaver+Dr%2C+Clermont%2C+FL%2C+34711%2C+United+States&trp=false&sprop=https%3A%2F%2Fwordpress-810691-5571285.cloudwaysapps.com%2Fevents%2Fresearch-assistance-2025-08-27-2025-09-03-2025-09-10-2025-09-17-2025-09-24-2025-10-01-2025-10-08-2025-10-15-2025-10-22-2025-10-29-2025-11-05-2025-11-12-2025-11-19-2025-11-26-2025-12-03-2-03-2026-06-10%2F&sprop=name:Pastfinders&ctz=America%2FNew_York
DEBUG:root:Checking external hyperlink: https://outlook.office.com/calendar/0/deeplink/compose?allday=false&body=Join+us+weekly+in+the+Genealogy+Room+for+in-person+help+with+your+research.+It%E2%80%99s+a+great+chance+to+get+one-on-one+guidance%2C+ask+questions%2C+and+connect+with+others+who+share+your+passion+for+family+history.&location=2525+Oakley+Seaver+Dr%2C+Clermont%2C+FL%2C+34711%2C+United+States&path=/calendar/action/compose&rru=addevent&startdt=2026-06-10T13%3A00%3A00-04%3A00&enddt=2026-06-10T15%3A00%3A00-04%3A00&subject=Research+Assistance
DEBUG:urllib3.connectionpool:Starting new HTTPS connection (1): outlook.office.com:443
DEBUG:urllib3.connectionpool:https://accounts.google.com:443 "GET /ServiceLogin?service=cl&passive=1209600&osid=1&continue=https://calendar.google.com/calendar/event?action%3DTEMPLATE%26text%3DPreserving%2BLocal%2BHistory%26dates%3D20260211T100000/20260211T120000%26details%3DHelp%2Bin%2Bthe%2Bpreservation%2Bof%2Bour%2Blocal%2Bhistory%2Band%2Bcollections,%2Bincluding%2Btranscriptionists,%2Bpreservationists,%2Bdigitizers,%2Band%2Borganization%25C2%25A0projects.%26location%3D2525%2BOakley%2BSeaver%2BDr,%2BClermont,%2BFL,%2B34711,%2BUnited%2BStates%26trp%3Dfalse%26sprop%3Dhttps://wordpress-810691-5571285.cloudwaysapps.com/events/preserving-local-history-2026-02-11/%26sprop%3Dname:Pastfinders%26ctz%3DAmerica/New_York&followup=https://calendar.google.com/calendar/event?action%3DTEMPLATE%26text%3DPreserving%2BLocal%2BHistory%26dates%3D20260211T100000/20260211T120000%26details%3DHelp%2Bin%2Bthe%2Bpreservation%2Bof%2Bour%2Blocal%2Bhistory%2Band%2Bcollections,%2Bincluding%2Btranscriptionists,%2Bpreservationists,%2Bdigitizers,%2Band%2Borganization%25C2%25A0projects.%26location%3D2525%2BOakley%2BSeaver%2BDr,%2BClermont,%2BFL,%2B34711,%2BUnited%2BStates%26trp%3Dfalse%26sprop%3Dhttps://wordpress-810691-5571285.cloudwaysapps.com/events/preserving-local-history-2026-02-11/%26sprop%3Dname:Pastfinders%26ctz%3DAmerica/New_York&emr=1 HTTP/1.1" 302 0
DEBUG:urllib3.connectionpool:https://accounts.google.com:443 "GET /InteractiveLogin?continue=https://calendar.google.com/calendar/event?action%3DTEMPLATE%26text%3DPreserving%2BLocal%2BHistory%26dates%3D20260211T100000/20260211T120000%26details%3DHelp%2Bin%2Bthe%2Bpreservation%2Bof%2Bour%2Blocal%2Bhistory%2Band%2Bcollections,%2Bincluding%2Btranscriptionists,%2Bpreservationists,%2Bdigitizers,%2Band%2Borganization%25C2%25A0projects.%26location%3D2525%2BOakley%2BSeaver%2BDr,%2BClermont,%2BFL,%2B34711,%2BUnited%2BStates%26trp%3Dfalse%26sprop%3Dhttps://wordpress-810691-5571285.cloudwaysapps.com/events/preserving-local-history-2026-02-11/%26sprop%3Dname:Pastfinders%26ctz%3DAmerica/New_York&emr=1&followup=https://calendar.google.com/calendar/event?action%3DTEMPLATE%26text%3DPreserving%2BLocal%2BHistory%26dates%3D20260211T100000/20260211T120000%26details%3DHelp%2Bin%2Bthe%2Bpreservation%2Bof%2Bour%2Blocal%2Bhistory%2Band%2Bcollections,%2Bincluding%2Btranscriptionists,%2Bpreservationists,%2Bdigitizers,%2Band%2Borganization%25C2%25A0projects.%26location%3D2525%2BOakley%2BSeaver%2BDr,%2BClermont,%2BFL,%2B34711,%2BUnited%2BStates%26trp%3Dfalse%26sprop%3Dhttps://wordpress-810691-5571285.cloudwaysapps.com/events/preserving-local-history-2026-02-11/%26sprop%3Dname:Pastfinders%26ctz%3DAmerica/New_York&osid=1&passive=1209600&service=cl&ifkv=AdBytiO3iXHniXImhRnowD-yRGQlXpO8ujb57e4P_t2U1zDFVFCe8VIe67lJyltfaYK-W8vQBBmZHg HTTP/1.1" 302 None
DEBUG:urllib3.connectionpool:https://accounts.google.com:443 "GET /v3/signin/identifier?continue=https%3A%2F%2Fcalendar.google.com%2Fcalendar%2Fevent%3Faction%3DTEMPLATE%26text%3DPreserving%2BLocal%2BHistory%26dates%3D20260211T100000%2F20260211T120000%26details%3DHelp%2Bin%2Bthe%2Bpreservation%2Bof%2Bour%2Blocal%2Bhistory%2Band%2Bcollections%2C%2Bincluding%2Btranscriptionists%2C%2Bpreservationists%2C%2Bdigitizers%2C%2Band%2Borganization%25C2%25A0projects.%26location%3D2525%2BOakley%2BSeaver%2BDr%2C%2BClermont%2C%2BFL%2C%2B34711%2C%2BUnited%2BStates%26trp%3Dfalse%26sprop%3Dhttps%3A%2F%2Fwordpress-810691-5571285.cloudwaysapps.com%2Fevents%2Fpreserving-local-history-2026-02-11%2F%26sprop%3Dname%3APastfinders%26ctz%3DAmerica%2FNew_York&emr=1&followup=https%3A%2F%2Fcalendar.google.com%2Fcalendar%2Fevent%3Faction%3DTEMPLATE%26text%3DPreserving%2BLocal%2BHistory%26dates%3D20260211T100000%2F20260211T120000%26details%3DHelp%2Bin%2Bthe%2Bpreservation%2Bof%2Bour%2Blocal%2Bhistory%2Band%2Bcollections%2C%2Bincluding%2Btranscriptionists%2C%2Bpreservationists%2C%2Bdigitizers%2C%2Band%2Borganization%25C2%25A0projects.%26location%3D2525%2BOakley%2BSeaver%2BDr%2C%2BClermont%2C%2BFL%2C%2B34711%2C%2BUnited%2BStates%26trp%3Dfalse%26sprop%3Dhttps%3A%2F%2Fwordpress-810691-5571285.cloudwaysapps.com%2Fevents%2Fpreserving-local-history-2026-02-11%2F%26sprop%3Dname%3APastfinders%26ctz%3DAmerica%2FNew_York&ifkv=AdBytiMExlEaRu3cAV1LEjhDdF4RAAtRWVVIrvcsXQqoDv4FfU41jJ4-ZMeQKMdUndOsucshqfnbYg&osid=1&passive=1209600&service=cl&flowName=WebLiteSignIn&flowEntry=ServiceLogin&dsh=S-1003976460%3A1756758315360670 HTTP/1.1" 200 None
DEBUG:urllib3.connectionpool:https://wordpress-810691-5571285.cloudwaysapps.com:443 "GET /wp-content/uploads/2025/08/2019_conference_friday_only_1556585664.webp HTTP/1.1" 200 73582
DEBUG:root:✅ Hyperlink OK: https://www.google.com/calendar/event?action=TEMPLATE&text=Preserving+Local+History&dates=20260211T100000/20260211T120000&details=Help+in+the+preservation+of+our+local+history+and+collections%2C+including+transcriptionists%2C+preservationists%2C+digitizers%2C+and+organization%C2%A0projects.&location=2525+Oakley+Seaver+Dr%2C+Clermont%2C+FL%2C+34711%2C+United+States&trp=false&sprop=https%3A%2F%2Fwordpress-810691-5571285.cloudwaysapps.com%2Fevents%2Fpreserving-local-history-2026-02-11%2F&sprop=name:Pastfinders&ctz=America%2FNew_York
DEBUG:root:Checking external hyperlink: https://outlook.office.com/calendar/0/deeplink/compose?allday=false&body=Help+in+the+preservation+of+our+local+history+and+collections%2C+including+transcriptionists%2C+preservationists%2C+digitizers%2C+and+organization%C2%A0projects.&location=2525+Oakley+Seaver+Dr%2C+Clermont%2C+FL%2C+34711%2C+United+States&path=/calendar/action/compose&rru=addevent&startdt=2026-02-11T10%3A00%3A00-05%3A00&enddt=2026-02-11T12%3A00%3A00-05%3A00&subject=Preserving+Local+History
DEBUG:urllib3.connectionpool:Starting new HTTPS connection (1): outlook.office.com:443
DEBUG:root:✅ Image OK: https://wordpress-810691-5571285.cloudwaysapps.com/wp-content/uploads/2025/08/2019_conference_friday_only_1556585664.webp
DEBUG:root:Checking internal image: https://wordpress-810691-5571285.cloudwaysapps.com/wp-content/uploads/2025/08/Slide4_1571881282.webp
DEBUG:urllib3.connectionpool:https://outlook.office.com:443 "GET /calendar/0/deeplink/compose?allday=false&body=Join+us+weekly+in+the+Genealogy+Room+for+in-person+help+with+your+research.+It%E2%80%99s+a+great+chance+to+get+one-on-one+guidance%2C+ask+questions%2C+and+connect+with+others+who+share+your+passion+for+family+history.&location=2525+Oakley+Seaver+Dr%2C+Clermont%2C+FL%2C+34711%2C+United+States&path=/calendar/action/compose&rru=addevent&startdt=2026-06-10T13%3A00%3A00-04%3A00&enddt=2026-06-10T15%3A00%3A00-04%3A00&subject=Research+Assistance HTTP/1.1" 200 None
DEBUG:root:✅ Hyperlink OK: https://outlook.office.com/calendar/0/deeplink/compose?allday=false&body=Join+us+weekly+in+the+Genealogy+Room+for+in-person+help+with+your+research.+It%E2%80%99s+a+great+chance+to+get+one-on-one+guidance%2C+ask+questions%2C+and+connect+with+others+who+share+your+passion+for+family+history.&location=2525+Oakley+Seaver+Dr%2C+Clermont%2C+FL%2C+34711%2C+United+States&path=/calendar/action/compose&rru=addevent&startdt=2026-06-10T13%3A00%3A00-04%3A00&enddt=2026-06-10T15%3A00%3A00-04%3A00&subject=Research+Assistance
DEBUG:root:Checking external hyperlink: https://outlook.live.com/calendar/0/deeplink/compose?allday=false&body=Join+us+weekly+in+the+Genealogy+Room+for+in-person+help+with+your+research.+It%E2%80%99s+a+great+chance+to+get+one-on-one+guidance%2C+ask+questions%2C+and+connect+with+others+who+share+your+passion+for+family+history.&location=2525+Oakley+Seaver+Dr%2C+Clermont%2C+FL%2C+34711%2C+United+States&path=/calendar/action/compose&rru=addevent&startdt=2026-06-10T13%3A00%3A00-04%3A00&enddt=2026-06-10T15%3A00%3A00-04%3A00&subject=Research+Assistance
DEBUG:urllib3.connectionpool:Starting new HTTPS connection (1): wordpress-810691-5571285.cloudwaysapps.com:443
DEBUG:urllib3.connectionpool:Starting new HTTPS connection (1): outlook.live.com:443
DEBUG:urllib3.connectionpool:https://outlook.office.com:443 "GET /calendar/0/deeplink/compose?allday=false&body=Help+in+the+preservation+of+our+local+history+and+collections%2C+including+transcriptionists%2C+preservationists%2C+digitizers%2C+and+organization%C2%A0projects.&location=2525+Oakley+Seaver+Dr%2C+Clermont%2C+FL%2C+34711%2C+United+States&path=/calendar/action/compose&rru=addevent&startdt=2026-02-11T10%3A00%3A00-05%3A00&enddt=2026-02-11T12%3A00%3A00-05%3A00&subject=Preserving+Local+History HTTP/1.1" 200 None
DEBUG:root:✅ Hyperlink OK: https://outlook.office.com/calendar/0/deeplink/compose?allday=false&body=Help+in+the+preservation+of+our+local+history+and+collections%2C+including+transcriptionists%2C+preservationists%2C+digitizers%2C+and+organization%C2%A0projects.&location=2525+Oakley+Seaver+Dr%2C+Clermont%2C+FL%2C+34711%2C+United+States&path=/calendar/action/compose&rru=addevent&startdt=2026-02-11T10%3A00%3A00-05%3A00&enddt=2026-02-11T12%3A00%3A00-05%3A00&subject=Preserving+Local+History
DEBUG:root:Checking external hyperlink: https://outlook.live.com/calendar/0/deeplink/compose?allday=false&body=Help+in+the+preservation+of+our+local+history+and+collections%2C+including+transcriptionists%2C+preservationists%2C+digitizers%2C+and+organization%C2%A0projects.&location=2525+Oakley+Seaver+Dr%2C+Clermont%2C+FL%2C+34711%2C+United+States&path=/calendar/action/compose&rru=addevent&startdt=2026-02-11T10%3A00%3A00-05%3A00&enddt=2026-02-11T12%3A00%3A00-05%3A00&subject=Preserving+Local+History
DEBUG:urllib3.connectionpool:Starting new HTTPS connection (1): outlook.live.com:443
DEBUG:urllib3.connectionpool:https://outlook.live.com:443 "GET /calendar/0/deeplink/compose?allday=false&body=Join+us+weekly+in+the+Genealogy+Room+for+in-person+help+with+your+research.+It%E2%80%99s+a+great+chance+to+get+one-on-one+guidance%2C+ask+questions%2C+and+connect+with+others+who+share+your+passion+for+family+history.&location=2525+Oakley+Seaver+Dr%2C+Clermont%2C+FL%2C+34711%2C+United+States&path=/calendar/action/compose&rru=addevent&startdt=2026-06-10T13%3A00%3A00-04%3A00&enddt=2026-06-10T15%3A00%3A00-04%3A00&subject=Research+Assistance HTTP/1.1" 200 None
DEBUG:root:✅ Hyperlink OK: https://outlook.live.com/calendar/0/deeplink/compose?allday=false&body=Join+us+weekly+in+the+Genealogy+Room+for+in-person+help+with+your+research.+It%E2%80%99s+a+great+chance+to+get+one-on-one+guidance%2C+ask+questions%2C+and+connect+with+others+who+share+your+passion+for+family+history.&location=2525+Oakley+Seaver+Dr%2C+Clermont%2C+FL%2C+34711%2C+United+States&path=/calendar/action/compose&rru=addevent&startdt=2026-06-10T13%3A00%3A00-04%3A00&enddt=2026-06-10T15%3A00%3A00-04%3A00&subject=Research+Assistance
DEBUG:root:Using regex pattern: \b[a-zA-Z]{3,}\b
DEBUG:root:Found 58 words to check in https://wordpress-810691-5571285.cloudwaysapps.com/events/research-assistance-2025-08-27-2025-09-03-2025-09-10-2025-09-17-2025-09-24-2025-10-01-2025-10-08-2025-10-15-2025-10-22-2025-10-29-2025-11-05-2025-11-12-2025-11-19-2025-11-26-2025-12-03-2-03-2026-06-10/ (min_length=3)
DEBUG:root:Sample words from https://wordpress-810691-5571285.cloudwaysapps.com/events/research-assistance-2025-08-27-2025-09-03-2025-09-10-2025-09-17-2025-09-24-2025-10-01-2025-10-08-2025-10-15-2025-10-22-2025-10-29-2025-11-05-2025-11-12-2025-11-19-2025-11-26-2025-12-03-2-03-2026-06-10/: ['This', 'alert', 'Skip', 'content', 'Research', 'Assistance', 'When', 'June', 'Add', 'Calendar']
DEBUG:root:Spell check results for https://wordpress-810691-5571285.cloudwaysapps.com/events/research-assistance-2025-08-27-2025-09-03-2025-09-10-2025-09-17-2025-09-24-2025-10-01-2025-10-08-2025-10-15-2025-10-22-2025-10-29-2025-11-05-2025-11-12-2025-11-19-2025-11-26-2025-12-03-2-03-2026-06-10/: 30 words checked, 28 skipped, 0 errors found
INFO:root:✅ Processed https://wordpress-810691-5571285.cloudwaysapps.com/events/research-assistance-2025-08-27-2025-09-03-2025-09-10-2025-09-17-2025-09-24-2025-10-01-2025-10-08-2025-10-15-2025-10-22-2025-10-29-2025-11-05-2025-11-12-2025-11-19-2025-11-26-2025-12-03-2-03-2026-06-10/: 0 errors found, 85 words checked
DEBUG:root:Attempting to fetch: https://wordpress-810691-5571285.cloudwaysapps.com/galleries/2018-irish-greeting-new-memb/
Processing pages:  91%|█████████▏| 348/381 [03:11<00:08,  3.97it/s]DEBUG:urllib3.connectionpool:https://wordpress-810691-5571285.cloudwaysapps.com:443 "GET /wp-content/uploads/2025/08/Slide4_1571881282.webp HTTP/1.1" 200 54876
DEBUG:root:✅ Image OK: https://wordpress-810691-5571285.cloudwaysapps.com/wp-content/uploads/2025/08/Slide4_1571881282.webp
DEBUG:root:Checking internal image: https://wordpress-810691-5571285.cloudwaysapps.com/wp-content/uploads/2025/08/2019_March_Poster_1556585664-768x1024.webp
DEBUG:urllib3.connectionpool:Starting new HTTPS connection (1): wordpress-810691-5571285.cloudwaysapps.com:443
DEBUG:urllib3.connectionpool:https://wordpress-810691-5571285.cloudwaysapps.com:443 "GET /galleries/2018-irish-greeting-new-memb/ HTTP/1.1" 200 None
DEBUG:root:Successfully fetched https://wordpress-810691-5571285.cloudwaysapps.com/galleries/2018-irish-greeting-new-memb/ (Content-Length: 88859)
DEBUG:charset_normalizer:Encoding detection: utf_8 is most likely the one.
DEBUG:root:Extracted 507 characters, 109 words from https://wordpress-810691-5571285.cloudwaysapps.com/galleries/2018-irish-greeting-new-memb/
DEBUG:root:Checking internal image: https://wordpress-810691-5571285.cloudwaysapps.com/wp-content/uploads/2025/08/IMG_8624_1541648003-1024x683.webp
DEBUG:urllib3.connectionpool:Starting new HTTPS connection (1): wordpress-810691-5571285.cloudwaysapps.com:443
DEBUG:urllib3.connectionpool:https://outlook.live.com:443 "GET /calendar/0/deeplink/compose?allday=false&body=Help+in+the+preservation+of+our+local+history+and+collections%2C+including+transcriptionists%2C+preservationists%2C+digitizers%2C+and+organization%C2%A0projects.&location=2525+Oakley+Seaver+Dr%2C+Clermont%2C+FL%2C+34711%2C+United+States&path=/calendar/action/compose&rru=addevent&startdt=2026-02-11T10%3A00%3A00-05%3A00&enddt=2026-02-11T12%3A00%3A00-05%3A00&subject=Preserving+Local+History HTTP/1.1" 200 None
DEBUG:root:✅ Hyperlink OK: https://outlook.live.com/calendar/0/deeplink/compose?allday=false&body=Help+in+the+preservation+of+our+local+history+and+collections%2C+including+transcriptionists%2C+preservationists%2C+digitizers%2C+and+organization%C2%A0projects.&location=2525+Oakley+Seaver+Dr%2C+Clermont%2C+FL%2C+34711%2C+United+States&path=/calendar/action/compose&rru=addevent&startdt=2026-02-11T10%3A00%3A00-05%3A00&enddt=2026-02-11T12%3A00%3A00-05%3A00&subject=Preserving+Local+History
DEBUG:root:Using regex pattern: \b[a-zA-Z]{3,}\b
DEBUG:root:Found 44 words to check in https://wordpress-810691-5571285.cloudwaysapps.com/events/preserving-local-history-2026-02-11/ (min_length=3)
DEBUG:root:Sample words from https://wordpress-810691-5571285.cloudwaysapps.com/events/preserving-local-history-2026-02-11/: ['This', 'alert', 'Skip', 'content', 'Preserving', 'Local', 'History', 'When', 'February', 'Add']
DEBUG:root:Misspelled word found: 'transcriptionists' in https://wordpress-810691-5571285.cloudwaysapps.com/events/preserving-local-history-2026-02-11/
DEBUG:root:Spell check results for https://wordpress-810691-5571285.cloudwaysapps.com/events/preserving-local-history-2026-02-11/: 17 words checked, 27 skipped, 1 errors found
INFO:root:✅ Processed https://wordpress-810691-5571285.cloudwaysapps.com/events/preserving-local-history-2026-02-11/: 1 errors found, 65 words checked
DEBUG:root:Attempting to fetch: https://wordpress-810691-5571285.cloudwaysapps.com/resources/youth-activities-from-family-history/
Processing pages:  92%|█████████▏| 349/381 [03:11<00:07,  4.00it/s]DEBUG:urllib3.connectionpool:https://wordpress-810691-5571285.cloudwaysapps.com:443 "GET /wp-content/uploads/2025/08/2019_March_Poster_1556585664-768x1024.webp HTTP/1.1" 200 100358
DEBUG:urllib3.connectionpool:https://wordpress-810691-5571285.cloudwaysapps.com:443 "GET /resources/youth-activities-from-family-history/ HTTP/1.1" 200 None
DEBUG:root:Successfully fetched https://wordpress-810691-5571285.cloudwaysapps.com/resources/youth-activities-from-family-history/ (Content-Length: 38880)
DEBUG:charset_normalizer:Encoding detection: utf_8 is most likely the one.
DEBUG:root:✅ Image OK: https://wordpress-810691-5571285.cloudwaysapps.com/wp-content/uploads/2025/08/2019_March_Poster_1556585664-768x1024.webp
DEBUG:root:Checking internal image: https://wordpress-810691-5571285.cloudwaysapps.com/wp-content/uploads/2025/08/April_meeting_1556585979-768x1024.webp
DEBUG:urllib3.connectionpool:Starting new HTTPS connection (1): wordpress-810691-5571285.cloudwaysapps.com:443
DEBUG:root:Extracted 618 characters, 106 words from https://wordpress-810691-5571285.cloudwaysapps.com/resources/youth-activities-from-family-history/
DEBUG:root:Using regex pattern: \b[a-zA-Z]{3,}\b
DEBUG:root:Found 85 words to check in https://wordpress-810691-5571285.cloudwaysapps.com/resources/youth-activities-from-family-history/ (min_length=3)
DEBUG:root:Sample words from https://wordpress-810691-5571285.cloudwaysapps.com/resources/youth-activities-from-family-history/: ['This', 'alert', 'Skip', 'content', 'Youth', 'Activities', 'from', 'Family', 'History', 'May']
DEBUG:root:Spell check results for https://wordpress-810691-5571285.cloudwaysapps.com/resources/youth-activities-from-family-history/: 66 words checked, 19 skipped, 0 errors found
INFO:root:✅ Processed https://wordpress-810691-5571285.cloudwaysapps.com/resources/youth-activities-from-family-history/: 0 errors found, 106 words checked
DEBUG:root:Attempting to fetch: https://wordpress-810691-5571285.cloudwaysapps.com/events/research-assistance-2025-08-27-2025-09-03-2025-09-10-2025-09-17-2025-09-24-2025-10-01-2025-10-08-2025-10-15-2025-10-22-2025-10-29-2025-11-05-2025-11-12-2025-11-19-2025-11-26-2025-12-03-2-08-2026-07-15/
Processing pages:  92%|█████████▏| 350/381 [03:11<00:06,  4.62it/s]DEBUG:urllib3.connectionpool:https://wordpress-810691-5571285.cloudwaysapps.com:443 "GET /events/research-assistance-2025-08-27-2025-09-03-2025-09-10-2025-09-17-2025-09-24-2025-10-01-2025-10-08-2025-10-15-2025-10-22-2025-10-29-2025-11-05-2025-11-12-2025-11-19-2025-11-26-2025-12-03-2-08-2026-07-15/ HTTP/1.1" 200 None
DEBUG:root:Successfully fetched https://wordpress-810691-5571285.cloudwaysapps.com/events/research-assistance-2025-08-27-2025-09-03-2025-09-10-2025-09-17-2025-09-24-2025-10-01-2025-10-08-2025-10-15-2025-10-22-2025-10-29-2025-11-05-2025-11-12-2025-11-19-2025-11-26-2025-12-03-2-08-2026-07-15/ (Content-Length: 44209)
DEBUG:charset_normalizer:Encoding detection: utf_8 is most likely the one.
DEBUG:root:Extracted 488 characters, 85 words from https://wordpress-810691-5571285.cloudwaysapps.com/events/research-assistance-2025-08-27-2025-09-03-2025-09-10-2025-09-17-2025-09-24-2025-10-01-2025-10-08-2025-10-15-2025-10-22-2025-10-29-2025-11-05-2025-11-12-2025-11-19-2025-11-26-2025-12-03-2-08-2026-07-15/
DEBUG:root:Checking external hyperlink: https://www.google.com/calendar/event?action=TEMPLATE&text=Research+Assistance&dates=20260715T130000/20260715T150000&details=Join+us+weekly+in+the+Genealogy+Room+for+in-person+help+with+your+research.+It%E2%80%99s+a+great+chance+to+get+one-on-one+guidance%2C+ask+questions%2C+and+connect+with+others+who+share+your+passion+for+family+history.&location=2525+Oakley+Seaver+Dr%2C+Clermont%2C+FL%2C+34711%2C+United+States&trp=false&sprop=https%3A%2F%2Fwordpress-810691-5571285.cloudwaysapps.com%2Fevents%2Fresearch-assistance-2025-08-27-2025-09-03-2025-09-10-2025-09-17-2025-09-24-2025-10-01-2025-10-08-2025-10-15-2025-10-22-2025-10-29-2025-11-05-2025-11-12-2025-11-19-2025-11-26-2025-12-03-2-08-2026-07-15%2F&sprop=name:Pastfinders&ctz=America%2FNew_York
DEBUG:urllib3.connectionpool:https://wordpress-810691-5571285.cloudwaysapps.com:443 "GET /wp-content/uploads/2025/08/IMG_8624_1541648003-1024x683.webp HTTP/1.1" 200 85122
DEBUG:urllib3.connectionpool:Starting new HTTPS connection (1): www.google.com:443
DEBUG:root:✅ Image OK: https://wordpress-810691-5571285.cloudwaysapps.com/wp-content/uploads/2025/08/IMG_8624_1541648003-1024x683.webp
DEBUG:root:Checking internal image: https://wordpress-810691-5571285.cloudwaysapps.com/wp-content/uploads/2025/08/IMG_8629_1541648003-1024x683.webp
DEBUG:urllib3.connectionpool:Starting new HTTPS connection (1): wordpress-810691-5571285.cloudwaysapps.com:443
DEBUG:urllib3.connectionpool:https://www.google.com:443 "GET /calendar/event?action=TEMPLATE&text=Research+Assistance&dates=20260715T130000/20260715T150000&details=Join+us+weekly+in+the+Genealogy+Room+for+in-person+help+with+your+research.+It%E2%80%99s+a+great+chance+to+get+one-on-one+guidance%2C+ask+questions%2C+and+connect+with+others+who+share+your+passion+for+family+history.&location=2525+Oakley+Seaver+Dr%2C+Clermont%2C+FL%2C+34711%2C+United+States&trp=false&sprop=https%3A%2F%2Fwordpress-810691-5571285.cloudwaysapps.com%2Fevents%2Fresearch-assistance-2025-08-27-2025-09-03-2025-09-10-2025-09-17-2025-09-24-2025-10-01-2025-10-08-2025-10-15-2025-10-22-2025-10-29-2025-11-05-2025-11-12-2025-11-19-2025-11-26-2025-12-03-2-08-2026-07-15%2F&sprop=name:Pastfinders&ctz=America%2FNew_York HTTP/1.1" 302 0
DEBUG:urllib3.connectionpool:Starting new HTTPS connection (1): calendar.google.com:443
DEBUG:urllib3.connectionpool:https://wordpress-810691-5571285.cloudwaysapps.com:443 "GET /wp-content/uploads/2025/08/April_meeting_1556585979-768x1024.webp HTTP/1.1" 200 101986
DEBUG:root:✅ Image OK: https://wordpress-810691-5571285.cloudwaysapps.com/wp-content/uploads/2025/08/April_meeting_1556585979-768x1024.webp
DEBUG:root:Checking internal image: https://wordpress-810691-5571285.cloudwaysapps.com/wp-content/uploads/2025/08/November_2019_1571881236.webp
DEBUG:urllib3.connectionpool:Starting new HTTPS connection (1): wordpress-810691-5571285.cloudwaysapps.com:443
DEBUG:urllib3.connectionpool:https://wordpress-810691-5571285.cloudwaysapps.com:443 "GET /galleries/2018-mid-winter-conference/ HTTP/1.1" 200 None
DEBUG:urllib3.connectionpool:https://calendar.google.com:443 "GET /calendar/event?action=TEMPLATE&text=Research+Assistance&dates=20260715T130000/20260715T150000&details=Join+us+weekly+in+the+Genealogy+Room+for+in-person+help+with+your+research.+It%E2%80%99s+a+great+chance+to+get+one-on-one+guidance,+ask+questions,+and+connect+with+others+who+share+your+passion+for+family+history.&location=2525+Oakley+Seaver+Dr,+Clermont,+FL,+34711,+United+States&trp=false&sprop=https://wordpress-810691-5571285.cloudwaysapps.com/events/research-assistance-2025-08-27-2025-09-03-2025-09-10-2025-09-17-2025-09-24-2025-10-01-2025-10-08-2025-10-15-2025-10-22-2025-10-29-2025-11-05-2025-11-12-2025-11-19-2025-11-26-2025-12-03-2-08-2026-07-15/&sprop=name:Pastfinders&ctz=America/New_York HTTP/1.1" 302 0
DEBUG:urllib3.connectionpool:Starting new HTTPS connection (1): accounts.google.com:443
DEBUG:root:Successfully fetched https://wordpress-810691-5571285.cloudwaysapps.com/galleries/2018-mid-winter-conference/ (Content-Length: 113214)
DEBUG:urllib3.connectionpool:https://wordpress-810691-5571285.cloudwaysapps.com:443 "GET /wp-content/uploads/2025/08/IMG_8629_1541648003-1024x683.webp HTTP/1.1" 200 113690
DEBUG:charset_normalizer:Encoding detection: utf_8 is most likely the one.
DEBUG:root:Extracted 741 characters, 164 words from https://wordpress-810691-5571285.cloudwaysapps.com/galleries/2018-mid-winter-conference/
DEBUG:root:Checking internal image: https://wordpress-810691-5571285.cloudwaysapps.com/wp-content/uploads/2025/08/2018_2_3_Mid-Winter_Geno_Conference_57_1541647173-683x1024.webp
DEBUG:urllib3.connectionpool:Starting new HTTPS connection (1): wordpress-810691-5571285.cloudwaysapps.com:443
DEBUG:root:✅ Image OK: https://wordpress-810691-5571285.cloudwaysapps.com/wp-content/uploads/2025/08/IMG_8629_1541648003-1024x683.webp
DEBUG:root:Checking internal image: https://wordpress-810691-5571285.cloudwaysapps.com/wp-content/uploads/2025/08/IMG_8637_1541648003-1024x683.webp
DEBUG:urllib3.connectionpool:Starting new HTTPS connection (1): wordpress-810691-5571285.cloudwaysapps.com:443
DEBUG:urllib3.connectionpool:https://accounts.google.com:443 "GET /ServiceLogin?service=cl&passive=1209600&osid=1&continue=https://calendar.google.com/calendar/event?action%3DTEMPLATE%26text%3DResearch%2BAssistance%26dates%3D20260715T130000/20260715T150000%26details%3DJoin%2Bus%2Bweekly%2Bin%2Bthe%2BGenealogy%2BRoom%2Bfor%2Bin-person%2Bhelp%2Bwith%2Byour%2Bresearch.%2BIt%25E2%2580%2599s%2Ba%2Bgreat%2Bchance%2Bto%2Bget%2Bone-on-one%2Bguidance,%2Bask%2Bquestions,%2Band%2Bconnect%2Bwith%2Bothers%2Bwho%2Bshare%2Byour%2Bpassion%2Bfor%2Bfamily%2Bhistory.%26location%3D2525%2BOakley%2BSeaver%2BDr,%2BClermont,%2BFL,%2B34711,%2BUnited%2BStates%26trp%3Dfalse%26sprop%3Dhttps://wordpress-810691-5571285.cloudwaysapps.com/events/research-assistance-2025-08-27-2025-09-03-2025-09-10-2025-09-17-2025-09-24-2025-10-01-2025-10-08-2025-10-15-2025-10-22-2025-10-29-2025-11-05-2025-11-12-2025-11-19-2025-11-26-2025-12-03-2-08-2026-07-15/%26sprop%3Dname:Pastfinders%26ctz%3DAmerica/New_York&followup=https://calendar.google.com/calendar/event?action%3DTEMPLATE%26text%3DResearch%2BAssistance%26dates%3D20260715T130000/20260715T150000%26details%3DJoin%2Bus%2Bweekly%2Bin%2Bthe%2BGenealogy%2BRoom%2Bfor%2Bin-person%2Bhelp%2Bwith%2Byour%2Bresearch.%2BIt%25E2%2580%2599s%2Ba%2Bgreat%2Bchance%2Bto%2Bget%2Bone-on-one%2Bguidance,%2Bask%2Bquestions,%2Band%2Bconnect%2Bwith%2Bothers%2Bwho%2Bshare%2Byour%2Bpassion%2Bfor%2Bfamily%2Bhistory.%26location%3D2525%2BOakley%2BSeaver%2BDr,%2BClermont,%2BFL,%2B34711,%2BUnited%2BStates%26trp%3Dfalse%26sprop%3Dhttps://wordpress-810691-5571285.cloudwaysapps.com/events/research-assistance-2025-08-27-2025-09-03-2025-09-10-2025-09-17-2025-09-24-2025-10-01-2025-10-08-2025-10-15-2025-10-22-2025-10-29-2025-11-05-2025-11-12-2025-11-19-2025-11-26-2025-12-03-2-08-2026-07-15/%26sprop%3Dname:Pastfinders%26ctz%3DAmerica/New_York&emr=1 HTTP/1.1" 302 0
DEBUG:urllib3.connectionpool:https://accounts.google.com:443 "GET /InteractiveLogin?continue=https://calendar.google.com/calendar/event?action%3DTEMPLATE%26text%3DResearch%2BAssistance%26dates%3D20260715T130000/20260715T150000%26details%3DJoin%2Bus%2Bweekly%2Bin%2Bthe%2BGenealogy%2BRoom%2Bfor%2Bin-person%2Bhelp%2Bwith%2Byour%2Bresearch.%2BIt%25E2%2580%2599s%2Ba%2Bgreat%2Bchance%2Bto%2Bget%2Bone-on-one%2Bguidance,%2Bask%2Bquestions,%2Band%2Bconnect%2Bwith%2Bothers%2Bwho%2Bshare%2Byour%2Bpassion%2Bfor%2Bfamily%2Bhistory.%26location%3D2525%2BOakley%2BSeaver%2BDr,%2BClermont,%2BFL,%2B34711,%2BUnited%2BStates%26trp%3Dfalse%26sprop%3Dhttps://wordpress-810691-5571285.cloudwaysapps.com/events/research-assistance-2025-08-27-2025-09-03-2025-09-10-2025-09-17-2025-09-24-2025-10-01-2025-10-08-2025-10-15-2025-10-22-2025-10-29-2025-11-05-2025-11-12-2025-11-19-2025-11-26-2025-12-03-2-08-2026-07-15/%26sprop%3Dname:Pastfinders%26ctz%3DAmerica/New_York&emr=1&followup=https://calendar.google.com/calendar/event?action%3DTEMPLATE%26text%3DResearch%2BAssistance%26dates%3D20260715T130000/20260715T150000%26details%3DJoin%2Bus%2Bweekly%2Bin%2Bthe%2BGenealogy%2BRoom%2Bfor%2Bin-person%2Bhelp%2Bwith%2Byour%2Bresearch.%2BIt%25E2%2580%2599s%2Ba%2Bgreat%2Bchance%2Bto%2Bget%2Bone-on-one%2Bguidance,%2Bask%2Bquestions,%2Band%2Bconnect%2Bwith%2Bothers%2Bwho%2Bshare%2Byour%2Bpassion%2Bfor%2Bfamily%2Bhistory.%26location%3D2525%2BOakley%2BSeaver%2BDr,%2BClermont,%2BFL,%2B34711,%2BUnited%2BStates%26trp%3Dfalse%26sprop%3Dhttps://wordpress-810691-5571285.cloudwaysapps.com/events/research-assistance-2025-08-27-2025-09-03-2025-09-10-2025-09-17-2025-09-24-2025-10-01-2025-10-08-2025-10-15-2025-10-22-2025-10-29-2025-11-05-2025-11-12-2025-11-19-2025-11-26-2025-12-03-2-08-2026-07-15/%26sprop%3Dname:Pastfinders%26ctz%3DAmerica/New_York&osid=1&passive=1209600&service=cl&ifkv=AdBytiO7vSs5jzQxntCBAIEvGxIbnOPUR8SXROritd5oDc_0vs2X3gbTfvJ9IbkM4uB4iqPtpWNZgQ HTTP/1.1" 302 None
DEBUG:urllib3.connectionpool:https://wordpress-810691-5571285.cloudwaysapps.com:443 "GET /wp-content/uploads/2025/08/November_2019_1571881236.webp HTTP/1.1" 200 40448
DEBUG:root:✅ Image OK: https://wordpress-810691-5571285.cloudwaysapps.com/wp-content/uploads/2025/08/November_2019_1571881236.webp
DEBUG:root:Checking internal image: https://wordpress-810691-5571285.cloudwaysapps.com/wp-content/uploads/2025/08/Saturday_speakers_w_logo_1556585870-1024x522.webp
DEBUG:urllib3.connectionpool:Starting new HTTPS connection (1): wordpress-810691-5571285.cloudwaysapps.com:443
DEBUG:urllib3.connectionpool:https://accounts.google.com:443 "GET /v3/signin/identifier?continue=https%3A%2F%2Fcalendar.google.com%2Fcalendar%2Fevent%3Faction%3DTEMPLATE%26text%3DResearch%2BAssistance%26dates%3D20260715T130000%2F20260715T150000%26details%3DJoin%2Bus%2Bweekly%2Bin%2Bthe%2BGenealogy%2BRoom%2Bfor%2Bin-person%2Bhelp%2Bwith%2Byour%2Bresearch.%2BIt%25E2%2580%2599s%2Ba%2Bgreat%2Bchance%2Bto%2Bget%2Bone-on-one%2Bguidance%2C%2Bask%2Bquestions%2C%2Band%2Bconnect%2Bwith%2Bothers%2Bwho%2Bshare%2Byour%2Bpassion%2Bfor%2Bfamily%2Bhistory.%26location%3D2525%2BOakley%2BSeaver%2BDr%2C%2BClermont%2C%2BFL%2C%2B34711%2C%2BUnited%2BStates%26trp%3Dfalse%26sprop%3Dhttps%3A%2F%2Fwordpress-810691-5571285.cloudwaysapps.com%2Fevents%2Fresearch-assistance-2025-08-27-2025-09-03-2025-09-10-2025-09-17-2025-09-24-2025-10-01-2025-10-08-2025-10-15-2025-10-22-2025-10-29-2025-11-05-2025-11-12-2025-11-19-2025-11-26-2025-12-03-2-08-2026-07-15%2F%26sprop%3Dname%3APastfinders%26ctz%3DAmerica%2FNew_York&emr=1&followup=https%3A%2F%2Fcalendar.google.com%2Fcalendar%2Fevent%3Faction%3DTEMPLATE%26text%3DResearch%2BAssistance%26dates%3D20260715T130000%2F20260715T150000%26details%3DJoin%2Bus%2Bweekly%2Bin%2Bthe%2BGenealogy%2BRoom%2Bfor%2Bin-person%2Bhelp%2Bwith%2Byour%2Bresearch.%2BIt%25E2%2580%2599s%2Ba%2Bgreat%2Bchance%2Bto%2Bget%2Bone-on-one%2Bguidance%2C%2Bask%2Bquestions%2C%2Band%2Bconnect%2Bwith%2Bothers%2Bwho%2Bshare%2Byour%2Bpassion%2Bfor%2Bfamily%2Bhistory.%26location%3D2525%2BOakley%2BSeaver%2BDr%2C%2BClermont%2C%2BFL%2C%2B34711%2C%2BUnited%2BStates%26trp%3Dfalse%26sprop%3Dhttps%3A%2F%2Fwordpress-810691-5571285.cloudwaysapps.com%2Fevents%2Fresearch-assistance-2025-08-27-2025-09-03-2025-09-10-2025-09-17-2025-09-24-2025-10-01-2025-10-08-2025-10-15-2025-10-22-2025-10-29-2025-11-05-2025-11-12-2025-11-19-2025-11-26-2025-12-03-2-08-2026-07-15%2F%26sprop%3Dname%3APastfinders%26ctz%3DAmerica%2FNew_York&ifkv=AdBytiOAJL6Kdg93330NBaXXmyd93NzCsU2AInuq3QSaHdFB1KhwjEF_maBZXFRzZIHkIWqPvBhPqw&osid=1&passive=1209600&service=cl&flowName=WebLiteSignIn&flowEntry=ServiceLogin&dsh=S991709208%3A1756758316651598 HTTP/1.1" 200 None
DEBUG:urllib3.connectionpool:https://wordpress-810691-5571285.cloudwaysapps.com:443 "GET /wp-content/uploads/2025/08/IMG_8637_1541648003-1024x683.webp HTTP/1.1" 200 81380
DEBUG:root:✅ Hyperlink OK: https://www.google.com/calendar/event?action=TEMPLATE&text=Research+Assistance&dates=20260715T130000/20260715T150000&details=Join+us+weekly+in+the+Genealogy+Room+for+in-person+help+with+your+research.+It%E2%80%99s+a+great+chance+to+get+one-on-one+guidance%2C+ask+questions%2C+and+connect+with+others+who+share+your+passion+for+family+history.&location=2525+Oakley+Seaver+Dr%2C+Clermont%2C+FL%2C+34711%2C+United+States&trp=false&sprop=https%3A%2F%2Fwordpress-810691-5571285.cloudwaysapps.com%2Fevents%2Fresearch-assistance-2025-08-27-2025-09-03-2025-09-10-2025-09-17-2025-09-24-2025-10-01-2025-10-08-2025-10-15-2025-10-22-2025-10-29-2025-11-05-2025-11-12-2025-11-19-2025-11-26-2025-12-03-2-08-2026-07-15%2F&sprop=name:Pastfinders&ctz=America%2FNew_York
DEBUG:root:Checking external hyperlink: https://outlook.office.com/calendar/0/deeplink/compose?allday=false&body=Join+us+weekly+in+the+Genealogy+Room+for+in-person+help+with+your+research.+It%E2%80%99s+a+great+chance+to+get+one-on-one+guidance%2C+ask+questions%2C+and+connect+with+others+who+share+your+passion+for+family+history.&location=2525+Oakley+Seaver+Dr%2C+Clermont%2C+FL%2C+34711%2C+United+States&path=/calendar/action/compose&rru=addevent&startdt=2026-07-15T13%3A00%3A00-04%3A00&enddt=2026-07-15T15%3A00%3A00-04%3A00&subject=Research+Assistance
DEBUG:urllib3.connectionpool:https://wordpress-810691-5571285.cloudwaysapps.com:443 "GET /wp-content/uploads/2025/08/2018_2_3_Mid-Winter_Geno_Conference_57_1541647173-683x1024.webp HTTP/1.1" 200 81186
DEBUG:root:✅ Image OK: https://wordpress-810691-5571285.cloudwaysapps.com/wp-content/uploads/2025/08/IMG_8637_1541648003-1024x683.webp
DEBUG:root:Checking internal image: https://wordpress-810691-5571285.cloudwaysapps.com/wp-content/uploads/2025/08/IMG_8641_1541648003-1024x683.webp
DEBUG:urllib3.connectionpool:Starting new HTTPS connection (1): outlook.office.com:443
DEBUG:urllib3.connectionpool:Starting new HTTPS connection (1): wordpress-810691-5571285.cloudwaysapps.com:443
DEBUG:root:✅ Image OK: https://wordpress-810691-5571285.cloudwaysapps.com/wp-content/uploads/2025/08/2018_2_3_Mid-Winter_Geno_Conference_57_1541647173-683x1024.webp
DEBUG:root:Checking internal image: https://wordpress-810691-5571285.cloudwaysapps.com/wp-content/uploads/2025/08/2018_2_2_Mid-Winter_Geno_Conference_16_1541646668-1024x683.webp
DEBUG:urllib3.connectionpool:Starting new HTTPS connection (1): wordpress-810691-5571285.cloudwaysapps.com:443
DEBUG:urllib3.connectionpool:https://wordpress-810691-5571285.cloudwaysapps.com:443 "GET /wp-content/uploads/2025/08/Saturday_speakers_w_logo_1556585870-1024x522.webp HTTP/1.1" 200 64058
DEBUG:root:✅ Image OK: https://wordpress-810691-5571285.cloudwaysapps.com/wp-content/uploads/2025/08/Saturday_speakers_w_logo_1556585870-1024x522.webp
DEBUG:root:Checking internal image: https://wordpress-810691-5571285.cloudwaysapps.com/wp-content/uploads/2025/08/Slide5_1571881282.webp
DEBUG:urllib3.connectionpool:Starting new HTTPS connection (1): wordpress-810691-5571285.cloudwaysapps.com:443
DEBUG:urllib3.connectionpool:https://outlook.office.com:443 "GET /calendar/0/deeplink/compose?allday=false&body=Join+us+weekly+in+the+Genealogy+Room+for+in-person+help+with+your+research.+It%E2%80%99s+a+great+chance+to+get+one-on-one+guidance%2C+ask+questions%2C+and+connect+with+others+who+share+your+passion+for+family+history.&location=2525+Oakley+Seaver+Dr%2C+Clermont%2C+FL%2C+34711%2C+United+States&path=/calendar/action/compose&rru=addevent&startdt=2026-07-15T13%3A00%3A00-04%3A00&enddt=2026-07-15T15%3A00%3A00-04%3A00&subject=Research+Assistance HTTP/1.1" 200 None
DEBUG:root:✅ Hyperlink OK: https://outlook.office.com/calendar/0/deeplink/compose?allday=false&body=Join+us+weekly+in+the+Genealogy+Room+for+in-person+help+with+your+research.+It%E2%80%99s+a+great+chance+to+get+one-on-one+guidance%2C+ask+questions%2C+and+connect+with+others+who+share+your+passion+for+family+history.&location=2525+Oakley+Seaver+Dr%2C+Clermont%2C+FL%2C+34711%2C+United+States&path=/calendar/action/compose&rru=addevent&startdt=2026-07-15T13%3A00%3A00-04%3A00&enddt=2026-07-15T15%3A00%3A00-04%3A00&subject=Research+Assistance
DEBUG:root:Checking external hyperlink: https://outlook.live.com/calendar/0/deeplink/compose?allday=false&body=Join+us+weekly+in+the+Genealogy+Room+for+in-person+help+with+your+research.+It%E2%80%99s+a+great+chance+to+get+one-on-one+guidance%2C+ask+questions%2C+and+connect+with+others+who+share+your+passion+for+family+history.&location=2525+Oakley+Seaver+Dr%2C+Clermont%2C+FL%2C+34711%2C+United+States&path=/calendar/action/compose&rru=addevent&startdt=2026-07-15T13%3A00%3A00-04%3A00&enddt=2026-07-15T15%3A00%3A00-04%3A00&subject=Research+Assistance
DEBUG:urllib3.connectionpool:Starting new HTTPS connection (1): outlook.live.com:443
DEBUG:urllib3.connectionpool:https://wordpress-810691-5571285.cloudwaysapps.com:443 "GET /wp-content/uploads/2025/08/IMG_8641_1541648003-1024x683.webp HTTP/1.1" 200 62018
DEBUG:urllib3.connectionpool:https://wordpress-810691-5571285.cloudwaysapps.com:443 "GET /wp-content/uploads/2025/08/2018_2_2_Mid-Winter_Geno_Conference_16_1541646668-1024x683.webp HTTP/1.1" 200 147308
DEBUG:root:✅ Image OK: https://wordpress-810691-5571285.cloudwaysapps.com/wp-content/uploads/2025/08/IMG_8641_1541648003-1024x683.webp
DEBUG:root:Checking internal image: https://wordpress-810691-5571285.cloudwaysapps.com/wp-content/uploads/2025/08/IMG_8621_1541648003-1024x683.webp
DEBUG:urllib3.connectionpool:Starting new HTTPS connection (1): wordpress-810691-5571285.cloudwaysapps.com:443
DEBUG:root:✅ Image OK: https://wordpress-810691-5571285.cloudwaysapps.com/wp-content/uploads/2025/08/2018_2_2_Mid-Winter_Geno_Conference_16_1541646668-1024x683.webp
DEBUG:root:Checking internal image: https://wordpress-810691-5571285.cloudwaysapps.com/wp-content/uploads/2025/08/2018_2_2_Mid-Winter_Geno_Conference_2_1541646668-683x1024.webp
DEBUG:urllib3.connectionpool:Starting new HTTPS connection (1): wordpress-810691-5571285.cloudwaysapps.com:443
DEBUG:urllib3.connectionpool:https://wordpress-810691-5571285.cloudwaysapps.com:443 "GET /wp-content/uploads/2025/08/Slide5_1571881282.webp HTTP/1.1" 200 70382
DEBUG:root:✅ Image OK: https://wordpress-810691-5571285.cloudwaysapps.com/wp-content/uploads/2025/08/Slide5_1571881282.webp
DEBUG:root:Checking internal image: https://wordpress-810691-5571285.cloudwaysapps.com/wp-content/uploads/2025/08/friday_info_speakers_1556585870-1024x683.webp
DEBUG:urllib3.connectionpool:Starting new HTTPS connection (1): wordpress-810691-5571285.cloudwaysapps.com:443
DEBUG:urllib3.connectionpool:https://outlook.live.com:443 "GET /calendar/0/deeplink/compose?allday=false&body=Join+us+weekly+in+the+Genealogy+Room+for+in-person+help+with+your+research.+It%E2%80%99s+a+great+chance+to+get+one-on-one+guidance%2C+ask+questions%2C+and+connect+with+others+who+share+your+passion+for+family+history.&location=2525+Oakley+Seaver+Dr%2C+Clermont%2C+FL%2C+34711%2C+United+States&path=/calendar/action/compose&rru=addevent&startdt=2026-07-15T13%3A00%3A00-04%3A00&enddt=2026-07-15T15%3A00%3A00-04%3A00&subject=Research+Assistance HTTP/1.1" 200 None
DEBUG:root:✅ Hyperlink OK: https://outlook.live.com/calendar/0/deeplink/compose?allday=false&body=Join+us+weekly+in+the+Genealogy+Room+for+in-person+help+with+your+research.+It%E2%80%99s+a+great+chance+to+get+one-on-one+guidance%2C+ask+questions%2C+and+connect+with+others+who+share+your+passion+for+family+history.&location=2525+Oakley+Seaver+Dr%2C+Clermont%2C+FL%2C+34711%2C+United+States&path=/calendar/action/compose&rru=addevent&startdt=2026-07-15T13%3A00%3A00-04%3A00&enddt=2026-07-15T15%3A00%3A00-04%3A00&subject=Research+Assistance
DEBUG:root:Using regex pattern: \b[a-zA-Z]{3,}\b
DEBUG:root:Found 58 words to check in https://wordpress-810691-5571285.cloudwaysapps.com/events/research-assistance-2025-08-27-2025-09-03-2025-09-10-2025-09-17-2025-09-24-2025-10-01-2025-10-08-2025-10-15-2025-10-22-2025-10-29-2025-11-05-2025-11-12-2025-11-19-2025-11-26-2025-12-03-2-08-2026-07-15/ (min_length=3)
DEBUG:root:Sample words from https://wordpress-810691-5571285.cloudwaysapps.com/events/research-assistance-2025-08-27-2025-09-03-2025-09-10-2025-09-17-2025-09-24-2025-10-01-2025-10-08-2025-10-15-2025-10-22-2025-10-29-2025-11-05-2025-11-12-2025-11-19-2025-11-26-2025-12-03-2-08-2026-07-15/: ['This', 'alert', 'Skip', 'content', 'Research', 'Assistance', 'When', 'July', 'Add', 'Calendar']
DEBUG:root:Spell check results for https://wordpress-810691-5571285.cloudwaysapps.com/events/research-assistance-2025-08-27-2025-09-03-2025-09-10-2025-09-17-2025-09-24-2025-10-01-2025-10-08-2025-10-15-2025-10-22-2025-10-29-2025-11-05-2025-11-12-2025-11-19-2025-11-26-2025-12-03-2-08-2026-07-15/: 30 words checked, 28 skipped, 0 errors found
INFO:root:✅ Processed https://wordpress-810691-5571285.cloudwaysapps.com/events/research-assistance-2025-08-27-2025-09-03-2025-09-10-2025-09-17-2025-09-24-2025-10-01-2025-10-08-2025-10-15-2025-10-22-2025-10-29-2025-11-05-2025-11-12-2025-11-19-2025-11-26-2025-12-03-2-08-2026-07-15/: 0 errors found, 85 words checked
DEBUG:root:Attempting to fetch: https://wordpress-810691-5571285.cloudwaysapps.com/resources/a-genealogy-guide-published-24-dec-2019/
Processing pages:  92%|█████████▏| 351/381 [03:13<00:13,  2.24it/s]DEBUG:urllib3.connectionpool:https://wordpress-810691-5571285.cloudwaysapps.com:443 "GET /resources/a-genealogy-guide-published-24-dec-2019/ HTTP/1.1" 200 None
DEBUG:root:Successfully fetched https://wordpress-810691-5571285.cloudwaysapps.com/resources/a-genealogy-guide-published-24-dec-2019/ (Content-Length: 39024)
DEBUG:charset_normalizer:Encoding detection: utf_8 is most likely the one.
DEBUG:root:Extracted 681 characters, 115 words from https://wordpress-810691-5571285.cloudwaysapps.com/resources/a-genealogy-guide-published-24-dec-2019/
DEBUG:root:Using regex pattern: \b[a-zA-Z]{3,}\b
DEBUG:root:Found 89 words to check in https://wordpress-810691-5571285.cloudwaysapps.com/resources/a-genealogy-guide-published-24-dec-2019/ (min_length=3)
DEBUG:root:Sample words from https://wordpress-810691-5571285.cloudwaysapps.com/resources/a-genealogy-guide-published-24-dec-2019/: ['This', 'alert', 'Skip', 'content', 'Genealogy', 'Guide', 'published', 'Dec', 'January', 'Website']
DEBUG:root:Spell check results for https://wordpress-810691-5571285.cloudwaysapps.com/resources/a-genealogy-guide-published-24-dec-2019/: 66 words checked, 23 skipped, 0 errors found
INFO:root:✅ Processed https://wordpress-810691-5571285.cloudwaysapps.com/resources/a-genealogy-guide-published-24-dec-2019/: 0 errors found, 115 words checked
DEBUG:root:Attempting to fetch: https://wordpress-810691-5571285.cloudwaysapps.com/events/research-assistance-2025-08-27-2025-09-03-2025-09-10-2025-09-17-2025-09-24-2025-10-01-2025-10-08-2025-10-15-2025-10-22-2025-10-29-2025-11-05-2025-11-12-2025-11-19-2025-11-26-2025-12-03-2-14-2026-01-21/
Processing pages:  92%|█████████▏| 352/381 [03:13<00:10,  2.79it/s]DEBUG:urllib3.connectionpool:https://wordpress-810691-5571285.cloudwaysapps.com:443 "GET /wp-content/uploads/2025/08/IMG_8621_1541648003-1024x683.webp HTTP/1.1" 200 118790
DEBUG:urllib3.connectionpool:https://wordpress-810691-5571285.cloudwaysapps.com:443 "GET /wp-content/uploads/2025/08/2018_2_2_Mid-Winter_Geno_Conference_2_1541646668-683x1024.webp HTTP/1.1" 200 46350
DEBUG:urllib3.connectionpool:https://wordpress-810691-5571285.cloudwaysapps.com:443 "GET /events/research-assistance-2025-08-27-2025-09-03-2025-09-10-2025-09-17-2025-09-24-2025-10-01-2025-10-08-2025-10-15-2025-10-22-2025-10-29-2025-11-05-2025-11-12-2025-11-19-2025-11-26-2025-12-03-2-14-2026-01-21/ HTTP/1.1" 200 None
DEBUG:root:Successfully fetched https://wordpress-810691-5571285.cloudwaysapps.com/events/research-assistance-2025-08-27-2025-09-03-2025-09-10-2025-09-17-2025-09-24-2025-10-01-2025-10-08-2025-10-15-2025-10-22-2025-10-29-2025-11-05-2025-11-12-2025-11-19-2025-11-26-2025-12-03-2-14-2026-01-21/ (Content-Length: 44217)
DEBUG:charset_normalizer:Encoding detection: utf_8 is most likely the one.
DEBUG:root:Extracted 491 characters, 85 words from https://wordpress-810691-5571285.cloudwaysapps.com/events/research-assistance-2025-08-27-2025-09-03-2025-09-10-2025-09-17-2025-09-24-2025-10-01-2025-10-08-2025-10-15-2025-10-22-2025-10-29-2025-11-05-2025-11-12-2025-11-19-2025-11-26-2025-12-03-2-14-2026-01-21/
DEBUG:root:Checking external hyperlink: https://www.google.com/calendar/event?action=TEMPLATE&text=Research+Assistance&dates=20260121T130000/20260121T150000&details=Join+us+weekly+in+the+Genealogy+Room+for+in-person+help+with+your+research.+It%E2%80%99s+a+great+chance+to+get+one-on-one+guidance%2C+ask+questions%2C+and+connect+with+others+who+share+your+passion+for+family+history.&location=2525+Oakley+Seaver+Dr%2C+Clermont%2C+FL%2C+34711%2C+United+States&trp=false&sprop=https%3A%2F%2Fwordpress-810691-5571285.cloudwaysapps.com%2Fevents%2Fresearch-assistance-2025-08-27-2025-09-03-2025-09-10-2025-09-17-2025-09-24-2025-10-01-2025-10-08-2025-10-15-2025-10-22-2025-10-29-2025-11-05-2025-11-12-2025-11-19-2025-11-26-2025-12-03-2-14-2026-01-21%2F&sprop=name:Pastfinders&ctz=America%2FNew_York
DEBUG:root:✅ Image OK: https://wordpress-810691-5571285.cloudwaysapps.com/wp-content/uploads/2025/08/2018_2_2_Mid-Winter_Geno_Conference_2_1541646668-683x1024.webp
DEBUG:root:✅ Image OK: https://wordpress-810691-5571285.cloudwaysapps.com/wp-content/uploads/2025/08/IMG_8621_1541648003-1024x683.webp
DEBUG:root:Checking internal image: https://wordpress-810691-5571285.cloudwaysapps.com/wp-content/uploads/2025/08/2018_2_3_Mid-Winter_Geno_Conference_64_1541647173-1024x683.webp
DEBUG:root:Checking internal image: https://wordpress-810691-5571285.cloudwaysapps.com/wp-content/uploads/2025/08/IMG_8622_1541648003-1024x683.webp
DEBUG:urllib3.connectionpool:Starting new HTTPS connection (1): www.google.com:443
DEBUG:urllib3.connectionpool:Starting new HTTPS connection (1): wordpress-810691-5571285.cloudwaysapps.com:443
DEBUG:urllib3.connectionpool:Starting new HTTPS connection (1): wordpress-810691-5571285.cloudwaysapps.com:443
DEBUG:urllib3.connectionpool:https://wordpress-810691-5571285.cloudwaysapps.com:443 "GET /wp-content/uploads/2025/08/friday_info_speakers_1556585870-1024x683.webp HTTP/1.1" 200 97188
DEBUG:root:✅ Image OK: https://wordpress-810691-5571285.cloudwaysapps.com/wp-content/uploads/2025/08/friday_info_speakers_1556585870-1024x683.webp
DEBUG:root:Checking internal image: https://wordpress-810691-5571285.cloudwaysapps.com/wp-content/uploads/2025/08/Spring_2019_scanning_1556586037-1024x768.webp
DEBUG:urllib3.connectionpool:Starting new HTTPS connection (1): wordpress-810691-5571285.cloudwaysapps.com:443
DEBUG:urllib3.connectionpool:https://www.google.com:443 "GET /calendar/event?action=TEMPLATE&text=Research+Assistance&dates=20260121T130000/20260121T150000&details=Join+us+weekly+in+the+Genealogy+Room+for+in-person+help+with+your+research.+It%E2%80%99s+a+great+chance+to+get+one-on-one+guidance%2C+ask+questions%2C+and+connect+with+others+who+share+your+passion+for+family+history.&location=2525+Oakley+Seaver+Dr%2C+Clermont%2C+FL%2C+34711%2C+United+States&trp=false&sprop=https%3A%2F%2Fwordpress-810691-5571285.cloudwaysapps.com%2Fevents%2Fresearch-assistance-2025-08-27-2025-09-03-2025-09-10-2025-09-17-2025-09-24-2025-10-01-2025-10-08-2025-10-15-2025-10-22-2025-10-29-2025-11-05-2025-11-12-2025-11-19-2025-11-26-2025-12-03-2-14-2026-01-21%2F&sprop=name:Pastfinders&ctz=America%2FNew_York HTTP/1.1" 302 0
DEBUG:urllib3.connectionpool:Starting new HTTPS connection (1): calendar.google.com:443
DEBUG:urllib3.connectionpool:https://calendar.google.com:443 "GET /calendar/event?action=TEMPLATE&text=Research+Assistance&dates=20260121T130000/20260121T150000&details=Join+us+weekly+in+the+Genealogy+Room+for+in-person+help+with+your+research.+It%E2%80%99s+a+great+chance+to+get+one-on-one+guidance,+ask+questions,+and+connect+with+others+who+share+your+passion+for+family+history.&location=2525+Oakley+Seaver+Dr,+Clermont,+FL,+34711,+United+States&trp=false&sprop=https://wordpress-810691-5571285.cloudwaysapps.com/events/research-assistance-2025-08-27-2025-09-03-2025-09-10-2025-09-17-2025-09-24-2025-10-01-2025-10-08-2025-10-15-2025-10-22-2025-10-29-2025-11-05-2025-11-12-2025-11-19-2025-11-26-2025-12-03-2-14-2026-01-21/&sprop=name:Pastfinders&ctz=America/New_York HTTP/1.1" 302 0
DEBUG:urllib3.connectionpool:https://wordpress-810691-5571285.cloudwaysapps.com:443 "GET /wp-content/uploads/2025/08/IMG_8622_1541648003-1024x683.webp HTTP/1.1" 200 104334
DEBUG:urllib3.connectionpool:Starting new HTTPS connection (1): accounts.google.com:443
DEBUG:urllib3.connectionpool:https://wordpress-810691-5571285.cloudwaysapps.com:443 "GET /wp-content/uploads/2025/08/2018_2_3_Mid-Winter_Geno_Conference_64_1541647173-1024x683.webp HTTP/1.1" 200 103112
DEBUG:urllib3.connectionpool:https://wordpress-810691-5571285.cloudwaysapps.com:443 "GET /wp-content/uploads/2025/08/Spring_2019_scanning_1556586037-1024x768.webp HTTP/1.1" 200 134288
DEBUG:root:✅ Image OK: https://wordpress-810691-5571285.cloudwaysapps.com/wp-content/uploads/2025/08/IMG_8622_1541648003-1024x683.webp
DEBUG:root:Checking internal image: https://wordpress-810691-5571285.cloudwaysapps.com/wp-content/uploads/2025/08/IMG_8632_1541648003-1024x683.webp
DEBUG:urllib3.connectionpool:Starting new HTTPS connection (1): wordpress-810691-5571285.cloudwaysapps.com:443
DEBUG:root:✅ Image OK: https://wordpress-810691-5571285.cloudwaysapps.com/wp-content/uploads/2025/08/2018_2_3_Mid-Winter_Geno_Conference_64_1541647173-1024x683.webp
DEBUG:root:Checking internal image: https://wordpress-810691-5571285.cloudwaysapps.com/wp-content/uploads/2025/08/2018_2_2_Mid-Winter_Geno_Conference_5_1541646668-1024x683.webp
DEBUG:urllib3.connectionpool:Starting new HTTPS connection (1): wordpress-810691-5571285.cloudwaysapps.com:443
DEBUG:urllib3.connectionpool:https://accounts.google.com:443 "GET /ServiceLogin?service=cl&passive=1209600&osid=1&continue=https://calendar.google.com/calendar/event?action%3DTEMPLATE%26text%3DResearch%2BAssistance%26dates%3D20260121T130000/20260121T150000%26details%3DJoin%2Bus%2Bweekly%2Bin%2Bthe%2BGenealogy%2BRoom%2Bfor%2Bin-person%2Bhelp%2Bwith%2Byour%2Bresearch.%2BIt%25E2%2580%2599s%2Ba%2Bgreat%2Bchance%2Bto%2Bget%2Bone-on-one%2Bguidance,%2Bask%2Bquestions,%2Band%2Bconnect%2Bwith%2Bothers%2Bwho%2Bshare%2Byour%2Bpassion%2Bfor%2Bfamily%2Bhistory.%26location%3D2525%2BOakley%2BSeaver%2BDr,%2BClermont,%2BFL,%2B34711,%2BUnited%2BStates%26trp%3Dfalse%26sprop%3Dhttps://wordpress-810691-5571285.cloudwaysapps.com/events/research-assistance-2025-08-27-2025-09-03-2025-09-10-2025-09-17-2025-09-24-2025-10-01-2025-10-08-2025-10-15-2025-10-22-2025-10-29-2025-11-05-2025-11-12-2025-11-19-2025-11-26-2025-12-03-2-14-2026-01-21/%26sprop%3Dname:Pastfinders%26ctz%3DAmerica/New_York&followup=https://calendar.google.com/calendar/event?action%3DTEMPLATE%26text%3DResearch%2BAssistance%26dates%3D20260121T130000/20260121T150000%26details%3DJoin%2Bus%2Bweekly%2Bin%2Bthe%2BGenealogy%2BRoom%2Bfor%2Bin-person%2Bhelp%2Bwith%2Byour%2Bresearch.%2BIt%25E2%2580%2599s%2Ba%2Bgreat%2Bchance%2Bto%2Bget%2Bone-on-one%2Bguidance,%2Bask%2Bquestions,%2Band%2Bconnect%2Bwith%2Bothers%2Bwho%2Bshare%2Byour%2Bpassion%2Bfor%2Bfamily%2Bhistory.%26location%3D2525%2BOakley%2BSeaver%2BDr,%2BClermont,%2BFL,%2B34711,%2BUnited%2BStates%26trp%3Dfalse%26sprop%3Dhttps://wordpress-810691-5571285.cloudwaysapps.com/events/research-assistance-2025-08-27-2025-09-03-2025-09-10-2025-09-17-2025-09-24-2025-10-01-2025-10-08-2025-10-15-2025-10-22-2025-10-29-2025-11-05-2025-11-12-2025-11-19-2025-11-26-2025-12-03-2-14-2026-01-21/%26sprop%3Dname:Pastfinders%26ctz%3DAmerica/New_York&emr=1 HTTP/1.1" 302 0
DEBUG:urllib3.connectionpool:https://accounts.google.com:443 "GET /InteractiveLogin?continue=https://calendar.google.com/calendar/event?action%3DTEMPLATE%26text%3DResearch%2BAssistance%26dates%3D20260121T130000/20260121T150000%26details%3DJoin%2Bus%2Bweekly%2Bin%2Bthe%2BGenealogy%2BRoom%2Bfor%2Bin-person%2Bhelp%2Bwith%2Byour%2Bresearch.%2BIt%25E2%2580%2599s%2Ba%2Bgreat%2Bchance%2Bto%2Bget%2Bone-on-one%2Bguidance,%2Bask%2Bquestions,%2Band%2Bconnect%2Bwith%2Bothers%2Bwho%2Bshare%2Byour%2Bpassion%2Bfor%2Bfamily%2Bhistory.%26location%3D2525%2BOakley%2BSeaver%2BDr,%2BClermont,%2BFL,%2B34711,%2BUnited%2BStates%26trp%3Dfalse%26sprop%3Dhttps://wordpress-810691-5571285.cloudwaysapps.com/events/research-assistance-2025-08-27-2025-09-03-2025-09-10-2025-09-17-2025-09-24-2025-10-01-2025-10-08-2025-10-15-2025-10-22-2025-10-29-2025-11-05-2025-11-12-2025-11-19-2025-11-26-2025-12-03-2-14-2026-01-21/%26sprop%3Dname:Pastfinders%26ctz%3DAmerica/New_York&emr=1&followup=https://calendar.google.com/calendar/event?action%3DTEMPLATE%26text%3DResearch%2BAssistance%26dates%3D20260121T130000/20260121T150000%26details%3DJoin%2Bus%2Bweekly%2Bin%2Bthe%2BGenealogy%2BRoom%2Bfor%2Bin-person%2Bhelp%2Bwith%2Byour%2Bresearch.%2BIt%25E2%2580%2599s%2Ba%2Bgreat%2Bchance%2Bto%2Bget%2Bone-on-one%2Bguidance,%2Bask%2Bquestions,%2Band%2Bconnect%2Bwith%2Bothers%2Bwho%2Bshare%2Byour%2Bpassion%2Bfor%2Bfamily%2Bhistory.%26location%3D2525%2BOakley%2BSeaver%2BDr,%2BClermont,%2BFL,%2B34711,%2BUnited%2BStates%26trp%3Dfalse%26sprop%3Dhttps://wordpress-810691-5571285.cloudwaysapps.com/events/research-assistance-2025-08-27-2025-09-03-2025-09-10-2025-09-17-2025-09-24-2025-10-01-2025-10-08-2025-10-15-2025-10-22-2025-10-29-2025-11-05-2025-11-12-2025-11-19-2025-11-26-2025-12-03-2-14-2026-01-21/%26sprop%3Dname:Pastfinders%26ctz%3DAmerica/New_York&osid=1&passive=1209600&service=cl&ifkv=AdBytiPAK56YWCfYTAvp1phY9NBscDzM12qHsMwTY7JQ1fycEXU4vF9g6bDbB6PRTUitDJGc9O8pRw HTTP/1.1" 302 None
DEBUG:root:✅ Image OK: https://wordpress-810691-5571285.cloudwaysapps.com/wp-content/uploads/2025/08/Spring_2019_scanning_1556586037-1024x768.webp
DEBUG:root:Checking internal image: https://wordpress-810691-5571285.cloudwaysapps.com/wp-content/uploads/2025/08/2019_November_FB_1571881236.webp
DEBUG:urllib3.connectionpool:Starting new HTTPS connection (1): wordpress-810691-5571285.cloudwaysapps.com:443
DEBUG:urllib3.connectionpool:https://accounts.google.com:443 "GET /v3/signin/identifier?continue=https%3A%2F%2Fcalendar.google.com%2Fcalendar%2Fevent%3Faction%3DTEMPLATE%26text%3DResearch%2BAssistance%26dates%3D20260121T130000%2F20260121T150000%26details%3DJoin%2Bus%2Bweekly%2Bin%2Bthe%2BGenealogy%2BRoom%2Bfor%2Bin-person%2Bhelp%2Bwith%2Byour%2Bresearch.%2BIt%25E2%2580%2599s%2Ba%2Bgreat%2Bchance%2Bto%2Bget%2Bone-on-one%2Bguidance%2C%2Bask%2Bquestions%2C%2Band%2Bconnect%2Bwith%2Bothers%2Bwho%2Bshare%2Byour%2Bpassion%2Bfor%2Bfamily%2Bhistory.%26location%3D2525%2BOakley%2BSeaver%2BDr%2C%2BClermont%2C%2BFL%2C%2B34711%2C%2BUnited%2BStates%26trp%3Dfalse%26sprop%3Dhttps%3A%2F%2Fwordpress-810691-5571285.cloudwaysapps.com%2Fevents%2Fresearch-assistance-2025-08-27-2025-09-03-2025-09-10-2025-09-17-2025-09-24-2025-10-01-2025-10-08-2025-10-15-2025-10-22-2025-10-29-2025-11-05-2025-11-12-2025-11-19-2025-11-26-2025-12-03-2-14-2026-01-21%2F%26sprop%3Dname%3APastfinders%26ctz%3DAmerica%2FNew_York&emr=1&followup=https%3A%2F%2Fcalendar.google.com%2Fcalendar%2Fevent%3Faction%3DTEMPLATE%26text%3DResearch%2BAssistance%26dates%3D20260121T130000%2F20260121T150000%26details%3DJoin%2Bus%2Bweekly%2Bin%2Bthe%2BGenealogy%2BRoom%2Bfor%2Bin-person%2Bhelp%2Bwith%2Byour%2Bresearch.%2BIt%25E2%2580%2599s%2Ba%2Bgreat%2Bchance%2Bto%2Bget%2Bone-on-one%2Bguidance%2C%2Bask%2Bquestions%2C%2Band%2Bconnect%2Bwith%2Bothers%2Bwho%2Bshare%2Byour%2Bpassion%2Bfor%2Bfamily%2Bhistory.%26location%3D2525%2BOakley%2BSeaver%2BDr%2C%2BClermont%2C%2BFL%2C%2B34711%2C%2BUnited%2BStates%26trp%3Dfalse%26sprop%3Dhttps%3A%2F%2Fwordpress-810691-5571285.cloudwaysapps.com%2Fevents%2Fresearch-assistance-2025-08-27-2025-09-03-2025-09-10-2025-09-17-2025-09-24-2025-10-01-2025-10-08-2025-10-15-2025-10-22-2025-10-29-2025-11-05-2025-11-12-2025-11-19-2025-11-26-2025-12-03-2-14-2026-01-21%2F%26sprop%3Dname%3APastfinders%26ctz%3DAmerica%2FNew_York&ifkv=AdBytiOidGGFxrDARp90iZA1PZSe8qhsIPky0Sn7Jh7pjHlEABKYDTdU_an__G-3Bsu96mscdB-22A&osid=1&passive=1209600&service=cl&flowName=WebLiteSignIn&flowEntry=ServiceLogin&dsh=S1848140358%3A1756758317906099 HTTP/1.1" 200 None
DEBUG:root:✅ Hyperlink OK: https://www.google.com/calendar/event?action=TEMPLATE&text=Research+Assistance&dates=20260121T130000/20260121T150000&details=Join+us+weekly+in+the+Genealogy+Room+for+in-person+help+with+your+research.+It%E2%80%99s+a+great+chance+to+get+one-on-one+guidance%2C+ask+questions%2C+and+connect+with+others+who+share+your+passion+for+family+history.&location=2525+Oakley+Seaver+Dr%2C+Clermont%2C+FL%2C+34711%2C+United+States&trp=false&sprop=https%3A%2F%2Fwordpress-810691-5571285.cloudwaysapps.com%2Fevents%2Fresearch-assistance-2025-08-27-2025-09-03-2025-09-10-2025-09-17-2025-09-24-2025-10-01-2025-10-08-2025-10-15-2025-10-22-2025-10-29-2025-11-05-2025-11-12-2025-11-19-2025-11-26-2025-12-03-2-14-2026-01-21%2F&sprop=name:Pastfinders&ctz=America%2FNew_York
DEBUG:root:Checking external hyperlink: https://outlook.office.com/calendar/0/deeplink/compose?allday=false&body=Join+us+weekly+in+the+Genealogy+Room+for+in-person+help+with+your+research.+It%E2%80%99s+a+great+chance+to+get+one-on-one+guidance%2C+ask+questions%2C+and+connect+with+others+who+share+your+passion+for+family+history.&location=2525+Oakley+Seaver+Dr%2C+Clermont%2C+FL%2C+34711%2C+United+States&path=/calendar/action/compose&rru=addevent&startdt=2026-01-21T13%3A00%3A00-05%3A00&enddt=2026-01-21T15%3A00%3A00-05%3A00&subject=Research+Assistance
DEBUG:urllib3.connectionpool:Starting new HTTPS connection (1): outlook.office.com:443
DEBUG:urllib3.connectionpool:https://wordpress-810691-5571285.cloudwaysapps.com:443 "GET /wp-content/uploads/2025/08/IMG_8632_1541648003-1024x683.webp HTTP/1.1" 200 81916
DEBUG:urllib3.connectionpool:https://wordpress-810691-5571285.cloudwaysapps.com:443 "GET /wp-content/uploads/2025/08/2018_2_2_Mid-Winter_Geno_Conference_5_1541646668-1024x683.webp HTTP/1.1" 200 93610
DEBUG:root:✅ Image OK: https://wordpress-810691-5571285.cloudwaysapps.com/wp-content/uploads/2025/08/IMG_8632_1541648003-1024x683.webp
DEBUG:root:Checking internal image: https://wordpress-810691-5571285.cloudwaysapps.com/wp-content/uploads/2025/08/IMG_8639_1541648003-1024x683.webp
DEBUG:urllib3.connectionpool:Starting new HTTPS connection (1): wordpress-810691-5571285.cloudwaysapps.com:443
DEBUG:root:✅ Image OK: https://wordpress-810691-5571285.cloudwaysapps.com/wp-content/uploads/2025/08/2018_2_2_Mid-Winter_Geno_Conference_5_1541646668-1024x683.webp
DEBUG:root:Checking internal image: https://wordpress-810691-5571285.cloudwaysapps.com/wp-content/uploads/2025/08/2018_2_2_Mid-Winter_Geno_Conference_11_1541646668-1024x683.webp
DEBUG:urllib3.connectionpool:Starting new HTTPS connection (1): wordpress-810691-5571285.cloudwaysapps.com:443
DEBUG:urllib3.connectionpool:https://wordpress-810691-5571285.cloudwaysapps.com:443 "GET /wp-content/uploads/2025/08/2019_November_FB_1571881236.webp HTTP/1.1" 200 58358
DEBUG:root:✅ Image OK: https://wordpress-810691-5571285.cloudwaysapps.com/wp-content/uploads/2025/08/2019_November_FB_1571881236.webp
DEBUG:root:Checking internal image: https://wordpress-810691-5571285.cloudwaysapps.com/wp-content/uploads/2025/08/2019_conference_Logo__for_adds_2_1556585664.webp
DEBUG:urllib3.connectionpool:Starting new HTTPS connection (1): wordpress-810691-5571285.cloudwaysapps.com:443
DEBUG:urllib3.connectionpool:https://outlook.office.com:443 "GET /calendar/0/deeplink/compose?allday=false&body=Join+us+weekly+in+the+Genealogy+Room+for+in-person+help+with+your+research.+It%E2%80%99s+a+great+chance+to+get+one-on-one+guidance%2C+ask+questions%2C+and+connect+with+others+who+share+your+passion+for+family+history.&location=2525+Oakley+Seaver+Dr%2C+Clermont%2C+FL%2C+34711%2C+United+States&path=/calendar/action/compose&rru=addevent&startdt=2026-01-21T13%3A00%3A00-05%3A00&enddt=2026-01-21T15%3A00%3A00-05%3A00&subject=Research+Assistance HTTP/1.1" 200 None
DEBUG:root:✅ Hyperlink OK: https://outlook.office.com/calendar/0/deeplink/compose?allday=false&body=Join+us+weekly+in+the+Genealogy+Room+for+in-person+help+with+your+research.+It%E2%80%99s+a+great+chance+to+get+one-on-one+guidance%2C+ask+questions%2C+and+connect+with+others+who+share+your+passion+for+family+history.&location=2525+Oakley+Seaver+Dr%2C+Clermont%2C+FL%2C+34711%2C+United+States&path=/calendar/action/compose&rru=addevent&startdt=2026-01-21T13%3A00%3A00-05%3A00&enddt=2026-01-21T15%3A00%3A00-05%3A00&subject=Research+Assistance
DEBUG:root:Checking external hyperlink: https://outlook.live.com/calendar/0/deeplink/compose?allday=false&body=Join+us+weekly+in+the+Genealogy+Room+for+in-person+help+with+your+research.+It%E2%80%99s+a+great+chance+to+get+one-on-one+guidance%2C+ask+questions%2C+and+connect+with+others+who+share+your+passion+for+family+history.&location=2525+Oakley+Seaver+Dr%2C+Clermont%2C+FL%2C+34711%2C+United+States&path=/calendar/action/compose&rru=addevent&startdt=2026-01-21T13%3A00%3A00-05%3A00&enddt=2026-01-21T15%3A00%3A00-05%3A00&subject=Research+Assistance
DEBUG:urllib3.connectionpool:Starting new HTTPS connection (1): outlook.live.com:443
DEBUG:urllib3.connectionpool:https://wordpress-810691-5571285.cloudwaysapps.com:443 "GET /wp-content/uploads/2025/08/IMG_8639_1541648003-1024x683.webp HTTP/1.1" 200 90610
DEBUG:urllib3.connectionpool:https://wordpress-810691-5571285.cloudwaysapps.com:443 "GET /wp-content/uploads/2025/08/2018_2_2_Mid-Winter_Geno_Conference_11_1541646668-1024x683.webp HTTP/1.1" 200 50066
DEBUG:root:✅ Image OK: https://wordpress-810691-5571285.cloudwaysapps.com/wp-content/uploads/2025/08/IMG_8639_1541648003-1024x683.webp
DEBUG:root:Checking internal image: https://wordpress-810691-5571285.cloudwaysapps.com/wp-content/uploads/2025/08/IMG_8623_1541648003-1024x683.webp
DEBUG:urllib3.connectionpool:Starting new HTTPS connection (1): wordpress-810691-5571285.cloudwaysapps.com:443
DEBUG:root:✅ Image OK: https://wordpress-810691-5571285.cloudwaysapps.com/wp-content/uploads/2025/08/2018_2_2_Mid-Winter_Geno_Conference_11_1541646668-1024x683.webp
DEBUG:root:Checking internal image: https://wordpress-810691-5571285.cloudwaysapps.com/wp-content/uploads/2025/08/2018_2_3_Mid-Winter_Geno_Conference_59_1541647173-1024x683.webp
DEBUG:urllib3.connectionpool:https://wordpress-810691-5571285.cloudwaysapps.com:443 "GET /wp-content/uploads/2025/08/2019_conference_Logo__for_adds_2_1556585664.webp HTTP/1.1" 200 69608
DEBUG:urllib3.connectionpool:Starting new HTTPS connection (1): wordpress-810691-5571285.cloudwaysapps.com:443
DEBUG:urllib3.connectionpool:https://outlook.live.com:443 "GET /calendar/0/deeplink/compose?allday=false&body=Join+us+weekly+in+the+Genealogy+Room+for+in-person+help+with+your+research.+It%E2%80%99s+a+great+chance+to+get+one-on-one+guidance%2C+ask+questions%2C+and+connect+with+others+who+share+your+passion+for+family+history.&location=2525+Oakley+Seaver+Dr%2C+Clermont%2C+FL%2C+34711%2C+United+States&path=/calendar/action/compose&rru=addevent&startdt=2026-01-21T13%3A00%3A00-05%3A00&enddt=2026-01-21T15%3A00%3A00-05%3A00&subject=Research+Assistance HTTP/1.1" 200 None
DEBUG:root:✅ Hyperlink OK: https://outlook.live.com/calendar/0/deeplink/compose?allday=false&body=Join+us+weekly+in+the+Genealogy+Room+for+in-person+help+with+your+research.+It%E2%80%99s+a+great+chance+to+get+one-on-one+guidance%2C+ask+questions%2C+and+connect+with+others+who+share+your+passion+for+family+history.&location=2525+Oakley+Seaver+Dr%2C+Clermont%2C+FL%2C+34711%2C+United+States&path=/calendar/action/compose&rru=addevent&startdt=2026-01-21T13%3A00%3A00-05%3A00&enddt=2026-01-21T15%3A00%3A00-05%3A00&subject=Research+Assistance
DEBUG:root:Using regex pattern: \b[a-zA-Z]{3,}\b
DEBUG:root:✅ Image OK: https://wordpress-810691-5571285.cloudwaysapps.com/wp-content/uploads/2025/08/2019_conference_Logo__for_adds_2_1556585664.webp
DEBUG:root:Found 58 words to check in https://wordpress-810691-5571285.cloudwaysapps.com/events/research-assistance-2025-08-27-2025-09-03-2025-09-10-2025-09-17-2025-09-24-2025-10-01-2025-10-08-2025-10-15-2025-10-22-2025-10-29-2025-11-05-2025-11-12-2025-11-19-2025-11-26-2025-12-03-2-14-2026-01-21/ (min_length=3)
DEBUG:root:Sample words from https://wordpress-810691-5571285.cloudwaysapps.com/events/research-assistance-2025-08-27-2025-09-03-2025-09-10-2025-09-17-2025-09-24-2025-10-01-2025-10-08-2025-10-15-2025-10-22-2025-10-29-2025-11-05-2025-11-12-2025-11-19-2025-11-26-2025-12-03-2-14-2026-01-21/: ['This', 'alert', 'Skip', 'content', 'Research', 'Assistance', 'When', 'January', 'Add', 'Calendar']
DEBUG:root:Spell check results for https://wordpress-810691-5571285.cloudwaysapps.com/events/research-assistance-2025-08-27-2025-09-03-2025-09-10-2025-09-17-2025-09-24-2025-10-01-2025-10-08-2025-10-15-2025-10-22-2025-10-29-2025-11-05-2025-11-12-2025-11-19-2025-11-26-2025-12-03-2-14-2026-01-21/: 30 words checked, 28 skipped, 0 errors found
INFO:root:✅ Processed https://wordpress-810691-5571285.cloudwaysapps.com/events/research-assistance-2025-08-27-2025-09-03-2025-09-10-2025-09-17-2025-09-24-2025-10-01-2025-10-08-2025-10-15-2025-10-22-2025-10-29-2025-11-05-2025-11-12-2025-11-19-2025-11-26-2025-12-03-2-14-2026-01-21/: 0 errors found, 85 words checked
DEBUG:root:Attempting to fetch: https://wordpress-810691-5571285.cloudwaysapps.com/make-a-donation/
Processing pages:  93%|█████████▎| 353/381 [03:14<00:15,  1.77it/s]DEBUG:root:Checking internal image: https://wordpress-810691-5571285.cloudwaysapps.com/wp-content/uploads/2025/08/2019_October_Anniversary_1571881236-819x1024.webp
DEBUG:urllib3.connectionpool:Starting new HTTPS connection (1): wordpress-810691-5571285.cloudwaysapps.com:443
DEBUG:urllib3.connectionpool:https://wordpress-810691-5571285.cloudwaysapps.com:443 "GET /make-a-donation/ HTTP/1.1" 200 None
DEBUG:root:Successfully fetched https://wordpress-810691-5571285.cloudwaysapps.com/make-a-donation/ (Content-Length: 38230)
DEBUG:charset_normalizer:Encoding detection: utf_8 is most likely the one.
DEBUG:root:Extracted 751 characters, 125 words from https://wordpress-810691-5571285.cloudwaysapps.com/make-a-donation/
DEBUG:root:Using regex pattern: \b[a-zA-Z]{3,}\b
DEBUG:root:Found 93 words to check in https://wordpress-810691-5571285.cloudwaysapps.com/make-a-donation/ (min_length=3)
DEBUG:root:Sample words from https://wordpress-810691-5571285.cloudwaysapps.com/make-a-donation/: ['This', 'alert', 'Skip', 'content', 'Make', 'Donation', 'Pastfinders', 'non', 'profit', 'organization']
DEBUG:root:Spell check results for https://wordpress-810691-5571285.cloudwaysapps.com/make-a-donation/: 66 words checked, 27 skipped, 0 errors found
INFO:root:✅ Processed https://wordpress-810691-5571285.cloudwaysapps.com/make-a-donation/: 0 errors found, 125 words checked
DEBUG:root:Attempting to fetch: https://wordpress-810691-5571285.cloudwaysapps.com/events/preserving-local-history-2026-07-01/
DEBUG:urllib3.connectionpool:https://wordpress-810691-5571285.cloudwaysapps.com:443 "GET /events/preserving-local-history-2026-07-01/ HTTP/1.1" 200 None
DEBUG:root:Successfully fetched https://wordpress-810691-5571285.cloudwaysapps.com/events/preserving-local-history-2026-07-01/ (Content-Length: 43606)
DEBUG:charset_normalizer:Encoding detection: utf_8 is most likely the one.
DEBUG:root:Extracted 442 characters, 65 words from https://wordpress-810691-5571285.cloudwaysapps.com/events/preserving-local-history-2026-07-01/
DEBUG:root:Checking external hyperlink: https://www.google.com/calendar/event?action=TEMPLATE&text=Preserving+Local+History&dates=20260701T100000/20260701T120000&details=Help+in+the+preservation+of+our+local+history+and+collections%2C+including+transcriptionists%2C+preservationists%2C+digitizers%2C+and+organization%C2%A0projects.&location=2525+Oakley+Seaver+Dr%2C+Clermont%2C+FL%2C+34711%2C+United+States&trp=false&sprop=https%3A%2F%2Fwordpress-810691-5571285.cloudwaysapps.com%2Fevents%2Fpreserving-local-history-2026-07-01%2F&sprop=name:Pastfinders&ctz=America%2FNew_York
DEBUG:urllib3.connectionpool:https://wordpress-810691-5571285.cloudwaysapps.com:443 "GET /wp-content/uploads/2025/08/2018_2_3_Mid-Winter_Geno_Conference_59_1541647173-1024x683.webp HTTP/1.1" 200 75646
DEBUG:urllib3.connectionpool:Starting new HTTPS connection (1): www.google.com:443
DEBUG:urllib3.connectionpool:https://wordpress-810691-5571285.cloudwaysapps.com:443 "GET /wp-content/uploads/2025/08/IMG_8623_1541648003-1024x683.webp HTTP/1.1" 200 115938
DEBUG:root:✅ Image OK: https://wordpress-810691-5571285.cloudwaysapps.com/wp-content/uploads/2025/08/2018_2_3_Mid-Winter_Geno_Conference_59_1541647173-1024x683.webp
DEBUG:root:Checking internal image: https://wordpress-810691-5571285.cloudwaysapps.com/wp-content/uploads/2025/08/2018_2_2_Mid-Winter_Geno_Conference_15_1541646668-1024x683.webp
DEBUG:urllib3.connectionpool:Starting new HTTPS connection (1): wordpress-810691-5571285.cloudwaysapps.com:443
DEBUG:urllib3.connectionpool:https://wordpress-810691-5571285.cloudwaysapps.com:443 "GET /wp-content/uploads/2025/08/2019_October_Anniversary_1571881236-819x1024.webp HTTP/1.1" 200 119092
DEBUG:urllib3.connectionpool:https://www.google.com:443 "GET /calendar/event?action=TEMPLATE&text=Preserving+Local+History&dates=20260701T100000/20260701T120000&details=Help+in+the+preservation+of+our+local+history+and+collections%2C+including+transcriptionists%2C+preservationists%2C+digitizers%2C+and+organization%C2%A0projects.&location=2525+Oakley+Seaver+Dr%2C+Clermont%2C+FL%2C+34711%2C+United+States&trp=false&sprop=https%3A%2F%2Fwordpress-810691-5571285.cloudwaysapps.com%2Fevents%2Fpreserving-local-history-2026-07-01%2F&sprop=name:Pastfinders&ctz=America%2FNew_York HTTP/1.1" 302 0
DEBUG:root:✅ Image OK: https://wordpress-810691-5571285.cloudwaysapps.com/wp-content/uploads/2025/08/IMG_8623_1541648003-1024x683.webp
DEBUG:root:Checking internal image: https://wordpress-810691-5571285.cloudwaysapps.com/wp-content/uploads/2025/08/IMG_8649_1541647831-683x1024.webp
DEBUG:urllib3.connectionpool:Starting new HTTPS connection (1): calendar.google.com:443
DEBUG:urllib3.connectionpool:Starting new HTTPS connection (1): wordpress-810691-5571285.cloudwaysapps.com:443
DEBUG:root:✅ Image OK: https://wordpress-810691-5571285.cloudwaysapps.com/wp-content/uploads/2025/08/2019_October_Anniversary_1571881236-819x1024.webp
DEBUG:root:Checking internal image: https://wordpress-810691-5571285.cloudwaysapps.com/wp-content/uploads/2025/08/Saturday_info_Speakers_1556585870-1024x683.webp
DEBUG:urllib3.connectionpool:Starting new HTTPS connection (1): wordpress-810691-5571285.cloudwaysapps.com:443
DEBUG:urllib3.connectionpool:https://calendar.google.com:443 "GET /calendar/event?action=TEMPLATE&text=Preserving+Local+History&dates=20260701T100000/20260701T120000&details=Help+in+the+preservation+of+our+local+history+and+collections,+including+transcriptionists,+preservationists,+digitizers,+and+organization%C2%A0projects.&location=2525+Oakley+Seaver+Dr,+Clermont,+FL,+34711,+United+States&trp=false&sprop=https://wordpress-810691-5571285.cloudwaysapps.com/events/preserving-local-history-2026-07-01/&sprop=name:Pastfinders&ctz=America/New_York HTTP/1.1" 302 0
DEBUG:urllib3.connectionpool:Starting new HTTPS connection (1): accounts.google.com:443
DEBUG:urllib3.connectionpool:https://wordpress-810691-5571285.cloudwaysapps.com:443 "GET /wp-content/uploads/2025/08/2018_2_2_Mid-Winter_Geno_Conference_15_1541646668-1024x683.webp HTTP/1.1" 200 97964
DEBUG:root:✅ Image OK: https://wordpress-810691-5571285.cloudwaysapps.com/wp-content/uploads/2025/08/2018_2_2_Mid-Winter_Geno_Conference_15_1541646668-1024x683.webp
DEBUG:root:Checking internal image: https://wordpress-810691-5571285.cloudwaysapps.com/wp-content/uploads/2025/08/2018_2_2_Mid-Winter_Geno_Conference_4_1541646668-1024x683.webp
DEBUG:urllib3.connectionpool:Starting new HTTPS connection (1): wordpress-810691-5571285.cloudwaysapps.com:443
DEBUG:urllib3.connectionpool:https://wordpress-810691-5571285.cloudwaysapps.com:443 "GET /wp-content/uploads/2025/08/IMG_8649_1541647831-683x1024.webp HTTP/1.1" 200 58104
DEBUG:urllib3.connectionpool:https://wordpress-810691-5571285.cloudwaysapps.com:443 "GET /wp-content/uploads/2025/08/Saturday_info_Speakers_1556585870-1024x683.webp HTTP/1.1" 200 123208
DEBUG:urllib3.connectionpool:https://accounts.google.com:443 "GET /ServiceLogin?service=cl&passive=1209600&osid=1&continue=https://calendar.google.com/calendar/event?action%3DTEMPLATE%26text%3DPreserving%2BLocal%2BHistory%26dates%3D20260701T100000/20260701T120000%26details%3DHelp%2Bin%2Bthe%2Bpreservation%2Bof%2Bour%2Blocal%2Bhistory%2Band%2Bcollections,%2Bincluding%2Btranscriptionists,%2Bpreservationists,%2Bdigitizers,%2Band%2Borganization%25C2%25A0projects.%26location%3D2525%2BOakley%2BSeaver%2BDr,%2BClermont,%2BFL,%2B34711,%2BUnited%2BStates%26trp%3Dfalse%26sprop%3Dhttps://wordpress-810691-5571285.cloudwaysapps.com/events/preserving-local-history-2026-07-01/%26sprop%3Dname:Pastfinders%26ctz%3DAmerica/New_York&followup=https://calendar.google.com/calendar/event?action%3DTEMPLATE%26text%3DPreserving%2BLocal%2BHistory%26dates%3D20260701T100000/20260701T120000%26details%3DHelp%2Bin%2Bthe%2Bpreservation%2Bof%2Bour%2Blocal%2Bhistory%2Band%2Bcollections,%2Bincluding%2Btranscriptionists,%2Bpreservationists,%2Bdigitizers,%2Band%2Borganization%25C2%25A0projects.%26location%3D2525%2BOakley%2BSeaver%2BDr,%2BClermont,%2BFL,%2B34711,%2BUnited%2BStates%26trp%3Dfalse%26sprop%3Dhttps://wordpress-810691-5571285.cloudwaysapps.com/events/preserving-local-history-2026-07-01/%26sprop%3Dname:Pastfinders%26ctz%3DAmerica/New_York&emr=1 HTTP/1.1" 302 0
DEBUG:root:✅ Image OK: https://wordpress-810691-5571285.cloudwaysapps.com/wp-content/uploads/2025/08/IMG_8649_1541647831-683x1024.webp
DEBUG:root:Checking internal image: https://wordpress-810691-5571285.cloudwaysapps.com/wp-content/uploads/2025/08/IMG_8636_1541648003-1024x683.webp
DEBUG:urllib3.connectionpool:Starting new HTTPS connection (1): wordpress-810691-5571285.cloudwaysapps.com:443
DEBUG:urllib3.connectionpool:https://accounts.google.com:443 "GET /InteractiveLogin?continue=https://calendar.google.com/calendar/event?action%3DTEMPLATE%26text%3DPreserving%2BLocal%2BHistory%26dates%3D20260701T100000/20260701T120000%26details%3DHelp%2Bin%2Bthe%2Bpreservation%2Bof%2Bour%2Blocal%2Bhistory%2Band%2Bcollections,%2Bincluding%2Btranscriptionists,%2Bpreservationists,%2Bdigitizers,%2Band%2Borganization%25C2%25A0projects.%26location%3D2525%2BOakley%2BSeaver%2BDr,%2BClermont,%2BFL,%2B34711,%2BUnited%2BStates%26trp%3Dfalse%26sprop%3Dhttps://wordpress-810691-5571285.cloudwaysapps.com/events/preserving-local-history-2026-07-01/%26sprop%3Dname:Pastfinders%26ctz%3DAmerica/New_York&emr=1&followup=https://calendar.google.com/calendar/event?action%3DTEMPLATE%26text%3DPreserving%2BLocal%2BHistory%26dates%3D20260701T100000/20260701T120000%26details%3DHelp%2Bin%2Bthe%2Bpreservation%2Bof%2Bour%2Blocal%2Bhistory%2Band%2Bcollections,%2Bincluding%2Btranscriptionists,%2Bpreservationists,%2Bdigitizers,%2Band%2Borganization%25C2%25A0projects.%26location%3D2525%2BOakley%2BSeaver%2BDr,%2BClermont,%2BFL,%2B34711,%2BUnited%2BStates%26trp%3Dfalse%26sprop%3Dhttps://wordpress-810691-5571285.cloudwaysapps.com/events/preserving-local-history-2026-07-01/%26sprop%3Dname:Pastfinders%26ctz%3DAmerica/New_York&osid=1&passive=1209600&service=cl&ifkv=AdBytiPeP_5ckzsIMQNpAh-WCBSeoHZrChO3giLVIdPE_vTZG-K_xuj7UE43NhdT3m5Sinf-0wUv HTTP/1.1" 302 None
DEBUG:root:✅ Image OK: https://wordpress-810691-5571285.cloudwaysapps.com/wp-content/uploads/2025/08/Saturday_info_Speakers_1556585870-1024x683.webp
DEBUG:root:Checking internal image: https://wordpress-810691-5571285.cloudwaysapps.com/wp-content/uploads/2025/08/2019_conference_Saturday_only_1556585664.webp
DEBUG:urllib3.connectionpool:Starting new HTTPS connection (1): wordpress-810691-5571285.cloudwaysapps.com:443
DEBUG:urllib3.connectionpool:https://accounts.google.com:443 "GET /v3/signin/identifier?continue=https%3A%2F%2Fcalendar.google.com%2Fcalendar%2Fevent%3Faction%3DTEMPLATE%26text%3DPreserving%2BLocal%2BHistory%26dates%3D20260701T100000%2F20260701T120000%26details%3DHelp%2Bin%2Bthe%2Bpreservation%2Bof%2Bour%2Blocal%2Bhistory%2Band%2Bcollections%2C%2Bincluding%2Btranscriptionists%2C%2Bpreservationists%2C%2Bdigitizers%2C%2Band%2Borganization%25C2%25A0projects.%26location%3D2525%2BOakley%2BSeaver%2BDr%2C%2BClermont%2C%2BFL%2C%2B34711%2C%2BUnited%2BStates%26trp%3Dfalse%26sprop%3Dhttps%3A%2F%2Fwordpress-810691-5571285.cloudwaysapps.com%2Fevents%2Fpreserving-local-history-2026-07-01%2F%26sprop%3Dname%3APastfinders%26ctz%3DAmerica%2FNew_York&emr=1&followup=https%3A%2F%2Fcalendar.google.com%2Fcalendar%2Fevent%3Faction%3DTEMPLATE%26text%3DPreserving%2BLocal%2BHistory%26dates%3D20260701T100000%2F20260701T120000%26details%3DHelp%2Bin%2Bthe%2Bpreservation%2Bof%2Bour%2Blocal%2Bhistory%2Band%2Bcollections%2C%2Bincluding%2Btranscriptionists%2C%2Bpreservationists%2C%2Bdigitizers%2C%2Band%2Borganization%25C2%25A0projects.%26location%3D2525%2BOakley%2BSeaver%2BDr%2C%2BClermont%2C%2BFL%2C%2B34711%2C%2BUnited%2BStates%26trp%3Dfalse%26sprop%3Dhttps%3A%2F%2Fwordpress-810691-5571285.cloudwaysapps.com%2Fevents%2Fpreserving-local-history-2026-07-01%2F%26sprop%3Dname%3APastfinders%26ctz%3DAmerica%2FNew_York&ifkv=AdBytiPyRlobk2h8WxYpZMmsxeEUSqNDF-zzniN-WmyBqSp2dABANP2Hc-8l761UK-0v88QOR_jq&osid=1&passive=1209600&service=cl&flowName=WebLiteSignIn&flowEntry=ServiceLogin&dsh=S1023624082%3A1756758319173753 HTTP/1.1" 200 None
DEBUG:urllib3.connectionpool:https://wordpress-810691-5571285.cloudwaysapps.com:443 "GET /wp-content/uploads/2025/08/2018_2_2_Mid-Winter_Geno_Conference_4_1541646668-1024x683.webp HTTP/1.1" 200 89604
DEBUG:root:✅ Hyperlink OK: https://www.google.com/calendar/event?action=TEMPLATE&text=Preserving+Local+History&dates=20260701T100000/20260701T120000&details=Help+in+the+preservation+of+our+local+history+and+collections%2C+including+transcriptionists%2C+preservationists%2C+digitizers%2C+and+organization%C2%A0projects.&location=2525+Oakley+Seaver+Dr%2C+Clermont%2C+FL%2C+34711%2C+United+States&trp=false&sprop=https%3A%2F%2Fwordpress-810691-5571285.cloudwaysapps.com%2Fevents%2Fpreserving-local-history-2026-07-01%2F&sprop=name:Pastfinders&ctz=America%2FNew_York
DEBUG:root:Checking external hyperlink: https://outlook.office.com/calendar/0/deeplink/compose?allday=false&body=Help+in+the+preservation+of+our+local+history+and+collections%2C+including+transcriptionists%2C+preservationists%2C+digitizers%2C+and+organization%C2%A0projects.&location=2525+Oakley+Seaver+Dr%2C+Clermont%2C+FL%2C+34711%2C+United+States&path=/calendar/action/compose&rru=addevent&startdt=2026-07-01T10%3A00%3A00-04%3A00&enddt=2026-07-01T12%3A00%3A00-04%3A00&subject=Preserving+Local+History
DEBUG:urllib3.connectionpool:Starting new HTTPS connection (1): outlook.office.com:443
DEBUG:root:✅ Image OK: https://wordpress-810691-5571285.cloudwaysapps.com/wp-content/uploads/2025/08/2018_2_2_Mid-Winter_Geno_Conference_4_1541646668-1024x683.webp
DEBUG:root:Checking internal image: https://wordpress-810691-5571285.cloudwaysapps.com/wp-content/uploads/2025/08/2018_2_3_Mid-Winter_Geno_Conference_4_1541646668-1024x683.webp
DEBUG:urllib3.connectionpool:Starting new HTTPS connection (1): wordpress-810691-5571285.cloudwaysapps.com:443
DEBUG:urllib3.connectionpool:https://wordpress-810691-5571285.cloudwaysapps.com:443 "GET /wp-content/uploads/2025/08/IMG_8636_1541648003-1024x683.webp HTTP/1.1" 200 73872
DEBUG:root:✅ Image OK: https://wordpress-810691-5571285.cloudwaysapps.com/wp-content/uploads/2025/08/IMG_8636_1541648003-1024x683.webp
DEBUG:root:Checking internal image: https://wordpress-810691-5571285.cloudwaysapps.com/wp-content/uploads/2025/08/IMG_8628_1541648003-1024x683.webp
DEBUG:urllib3.connectionpool:Starting new HTTPS connection (1): wordpress-810691-5571285.cloudwaysapps.com:443
DEBUG:urllib3.connectionpool:https://wordpress-810691-5571285.cloudwaysapps.com:443 "GET /wp-content/uploads/2025/08/2019_conference_Saturday_only_1556585664.webp HTTP/1.1" 200 71198
DEBUG:root:✅ Image OK: https://wordpress-810691-5571285.cloudwaysapps.com/wp-content/uploads/2025/08/2019_conference_Saturday_only_1556585664.webp
DEBUG:root:Checking internal image: https://wordpress-810691-5571285.cloudwaysapps.com/wp-content/uploads/2025/08/2019_November_Lane_1571881236-819x1024.webp
DEBUG:urllib3.connectionpool:Starting new HTTPS connection (1): wordpress-810691-5571285.cloudwaysapps.com:443
DEBUG:urllib3.connectionpool:https://outlook.office.com:443 "GET /calendar/0/deeplink/compose?allday=false&body=Help+in+the+preservation+of+our+local+history+and+collections%2C+including+transcriptionists%2C+preservationists%2C+digitizers%2C+and+organization%C2%A0projects.&location=2525+Oakley+Seaver+Dr%2C+Clermont%2C+FL%2C+34711%2C+United+States&path=/calendar/action/compose&rru=addevent&startdt=2026-07-01T10%3A00%3A00-04%3A00&enddt=2026-07-01T12%3A00%3A00-04%3A00&subject=Preserving+Local+History HTTP/1.1" 200 None
DEBUG:root:✅ Hyperlink OK: https://outlook.office.com/calendar/0/deeplink/compose?allday=false&body=Help+in+the+preservation+of+our+local+history+and+collections%2C+including+transcriptionists%2C+preservationists%2C+digitizers%2C+and+organization%C2%A0projects.&location=2525+Oakley+Seaver+Dr%2C+Clermont%2C+FL%2C+34711%2C+United+States&path=/calendar/action/compose&rru=addevent&startdt=2026-07-01T10%3A00%3A00-04%3A00&enddt=2026-07-01T12%3A00%3A00-04%3A00&subject=Preserving+Local+History
DEBUG:root:Checking external hyperlink: https://outlook.live.com/calendar/0/deeplink/compose?allday=false&body=Help+in+the+preservation+of+our+local+history+and+collections%2C+including+transcriptionists%2C+preservationists%2C+digitizers%2C+and+organization%C2%A0projects.&location=2525+Oakley+Seaver+Dr%2C+Clermont%2C+FL%2C+34711%2C+United+States&path=/calendar/action/compose&rru=addevent&startdt=2026-07-01T10%3A00%3A00-04%3A00&enddt=2026-07-01T12%3A00%3A00-04%3A00&subject=Preserving+Local+History
DEBUG:urllib3.connectionpool:Starting new HTTPS connection (1): outlook.live.com:443
DEBUG:urllib3.connectionpool:https://wordpress-810691-5571285.cloudwaysapps.com:443 "GET /wp-content/uploads/2025/08/2018_2_3_Mid-Winter_Geno_Conference_4_1541646668-1024x683.webp HTTP/1.1" 200 51740
DEBUG:root:✅ Image OK: https://wordpress-810691-5571285.cloudwaysapps.com/wp-content/uploads/2025/08/2018_2_3_Mid-Winter_Geno_Conference_4_1541646668-1024x683.webp
DEBUG:root:Checking internal image: https://wordpress-810691-5571285.cloudwaysapps.com/wp-content/uploads/2025/08/20180315_101256_1571795293-803x1024.webp
DEBUG:urllib3.connectionpool:Starting new HTTPS connection (1): wordpress-810691-5571285.cloudwaysapps.com:443
DEBUG:urllib3.connectionpool:https://wordpress-810691-5571285.cloudwaysapps.com:443 "GET /wp-content/uploads/2025/08/IMG_8628_1541648003-1024x683.webp HTTP/1.1" 200 67272
DEBUG:root:✅ Image OK: https://wordpress-810691-5571285.cloudwaysapps.com/wp-content/uploads/2025/08/IMG_8628_1541648003-1024x683.webp
DEBUG:root:Checking internal image: https://wordpress-810691-5571285.cloudwaysapps.com/wp-content/uploads/2025/08/IMG_8625_1541648003-1024x683.webp
DEBUG:urllib3.connectionpool:Starting new HTTPS connection (1): wordpress-810691-5571285.cloudwaysapps.com:443
WARNING:root:🔗 Document connection error: http://pastfinders.local/wp-content/uploads/2025/05/Family_Tree_Maker_Tool_Bars.pdf found on https://wordpress-810691-5571285.cloudwaysapps.com/family-tree-maker-sig/
DEBUG:root:Checking external hyperlink: https://vimeo.com/787687322/3ab47d09ef?share=copy
DEBUG:urllib3.connectionpool:https://wordpress-810691-5571285.cloudwaysapps.com:443 "GET /wp-content/uploads/2025/08/2019_November_Lane_1571881236-819x1024.webp HTTP/1.1" 200 140132
DEBUG:urllib3.connectionpool:Starting new HTTPS connection (1): vimeo.com:443
DEBUG:urllib3.connectionpool:https://outlook.live.com:443 "GET /calendar/0/deeplink/compose?allday=false&body=Help+in+the+preservation+of+our+local+history+and+collections%2C+including+transcriptionists%2C+preservationists%2C+digitizers%2C+and+organization%C2%A0projects.&location=2525+Oakley+Seaver+Dr%2C+Clermont%2C+FL%2C+34711%2C+United+States&path=/calendar/action/compose&rru=addevent&startdt=2026-07-01T10%3A00%3A00-04%3A00&enddt=2026-07-01T12%3A00%3A00-04%3A00&subject=Preserving+Local+History HTTP/1.1" 200 None
DEBUG:root:✅ Hyperlink OK: https://outlook.live.com/calendar/0/deeplink/compose?allday=false&body=Help+in+the+preservation+of+our+local+history+and+collections%2C+including+transcriptionists%2C+preservationists%2C+digitizers%2C+and+organization%C2%A0projects.&location=2525+Oakley+Seaver+Dr%2C+Clermont%2C+FL%2C+34711%2C+United+States&path=/calendar/action/compose&rru=addevent&startdt=2026-07-01T10%3A00%3A00-04%3A00&enddt=2026-07-01T12%3A00%3A00-04%3A00&subject=Preserving+Local+History
DEBUG:root:Using regex pattern: \b[a-zA-Z]{3,}\b
DEBUG:root:Found 44 words to check in https://wordpress-810691-5571285.cloudwaysapps.com/events/preserving-local-history-2026-07-01/ (min_length=3)
DEBUG:root:Sample words from https://wordpress-810691-5571285.cloudwaysapps.com/events/preserving-local-history-2026-07-01/: ['This', 'alert', 'Skip', 'content', 'Preserving', 'Local', 'History', 'When', 'July', 'Add']
DEBUG:root:Misspelled word found: 'transcriptionists' in https://wordpress-810691-5571285.cloudwaysapps.com/events/preserving-local-history-2026-07-01/
DEBUG:root:Spell check results for https://wordpress-810691-5571285.cloudwaysapps.com/events/preserving-local-history-2026-07-01/: 17 words checked, 27 skipped, 1 errors found
INFO:root:✅ Processed https://wordpress-810691-5571285.cloudwaysapps.com/events/preserving-local-history-2026-07-01/: 1 errors found, 65 words checked
DEBUG:root:Attempting to fetch: https://wordpress-810691-5571285.cloudwaysapps.com/resources/cyndis-list-beginners-guides/
Processing pages:  93%|█████████▎| 355/381 [03:15<00:15,  1.67it/s]DEBUG:root:✅ Image OK: https://wordpress-810691-5571285.cloudwaysapps.com/wp-content/uploads/2025/08/2019_November_Lane_1571881236-819x1024.webp
DEBUG:root:Using regex pattern: \b[a-zA-Z]{3,}\b
DEBUG:root:Found 84 words to check in https://wordpress-810691-5571285.cloudwaysapps.com/galleries/2019-speakers-and-programs/ (min_length=3)
DEBUG:root:Sample words from https://wordpress-810691-5571285.cloudwaysapps.com/galleries/2019-speakers-and-programs/: ['This', 'alert', 'Skip', 'content', 'Speakers', 'and', 'Programs', 'images', 'Click', 'view']
DEBUG:root:Spell check results for https://wordpress-810691-5571285.cloudwaysapps.com/galleries/2019-speakers-and-programs/: 40 words checked, 44 skipped, 0 errors found
INFO:root:✅ Processed https://wordpress-810691-5571285.cloudwaysapps.com/galleries/2019-speakers-and-programs/: 0 errors found, 168 words checked
DEBUG:root:Attempting to fetch: https://wordpress-810691-5571285.cloudwaysapps.com/irish-sig/
DEBUG:urllib3.connectionpool:https://wordpress-810691-5571285.cloudwaysapps.com:443 "GET /resources/cyndis-list-beginners-guides/ HTTP/1.1" 200 None
DEBUG:root:Successfully fetched https://wordpress-810691-5571285.cloudwaysapps.com/resources/cyndis-list-beginners-guides/ (Content-Length: 36396)
DEBUG:charset_normalizer:Encoding detection: utf_8 is most likely the one.
DEBUG:urllib3.connectionpool:https://wordpress-810691-5571285.cloudwaysapps.com:443 "GET /wp-content/uploads/2025/08/20180315_101256_1571795293-803x1024.webp HTTP/1.1" 200 72104
DEBUG:urllib3.connectionpool:https://wordpress-810691-5571285.cloudwaysapps.com:443 "GET /irish-sig/ HTTP/1.1" 200 9358
DEBUG:root:Successfully fetched https://wordpress-810691-5571285.cloudwaysapps.com/irish-sig/ (Content-Length: 38426)
DEBUG:root:Extracted 169 characters, 33 words from https://wordpress-810691-5571285.cloudwaysapps.com/resources/cyndis-list-beginners-guides/
DEBUG:root:Using regex pattern: \b[a-zA-Z]{3,}\b
DEBUG:root:Found 18 words to check in https://wordpress-810691-5571285.cloudwaysapps.com/resources/cyndis-list-beginners-guides/ (min_length=3)
DEBUG:root:Sample words from https://wordpress-810691-5571285.cloudwaysapps.com/resources/cyndis-list-beginners-guides/: ['This', 'alert', 'Skip', 'content', 'Cyndi', 'List', 'Beginners', 'Guides', 'Hints', 'Tips']
DEBUG:root:Spell check results for https://wordpress-810691-5571285.cloudwaysapps.com/resources/cyndis-list-beginners-guides/: 8 words checked, 10 skipped, 0 errors found
INFO:root:✅ Processed https://wordpress-810691-5571285.cloudwaysapps.com/resources/cyndis-list-beginners-guides/: 0 errors found, 33 words checked
DEBUG:root:Attempting to fetch: https://wordpress-810691-5571285.cloudwaysapps.com/resources/katherine-r-willson-website/
Processing pages:  94%|█████████▎| 357/381 [03:15<00:09,  2.55it/s]DEBUG:charset_normalizer:Encoding detection: utf_8 is most likely the one.
DEBUG:root:Extracted 458 characters, 79 words from https://wordpress-810691-5571285.cloudwaysapps.com/irish-sig/
DEBUG:root:Using regex pattern: \b[a-zA-Z]{3,}\b
DEBUG:root:Found 60 words to check in https://wordpress-810691-5571285.cloudwaysapps.com/irish-sig/ (min_length=3)
DEBUG:root:Sample words from https://wordpress-810691-5571285.cloudwaysapps.com/irish-sig/: ['This', 'alert', 'Skip', 'content', 'Irish', 'SIG', 'The', 'Irish', 'SIG', 'resuming']
DEBUG:root:Spell check results for https://wordpress-810691-5571285.cloudwaysapps.com/irish-sig/: 46 words checked, 14 skipped, 0 errors found
INFO:root:✅ Processed https://wordpress-810691-5571285.cloudwaysapps.com/irish-sig/: 0 errors found, 79 words checked
DEBUG:root:Attempting to fetch: https://wordpress-810691-5571285.cloudwaysapps.com/volunteer-opportunities/
DEBUG:root:✅ Image OK: https://wordpress-810691-5571285.cloudwaysapps.com/wp-content/uploads/2025/08/20180315_101256_1571795293-803x1024.webp
DEBUG:root:Checking internal image: https://wordpress-810691-5571285.cloudwaysapps.com/wp-content/uploads/2025/08/2018_2_2_Mid-Winter_Geno_Conference_14_1541646668-1024x683.webp
DEBUG:urllib3.connectionpool:Starting new HTTPS connection (1): wordpress-810691-5571285.cloudwaysapps.com:443
DEBUG:urllib3.connectionpool:https://wordpress-810691-5571285.cloudwaysapps.com:443 "GET /wp-content/uploads/2025/08/IMG_8625_1541648003-1024x683.webp HTTP/1.1" 200 93930
DEBUG:urllib3.connectionpool:https://wordpress-810691-5571285.cloudwaysapps.com:443 "GET /resources/katherine-r-willson-website/ HTTP/1.1" 200 None
DEBUG:urllib3.connectionpool:https://wordpress-810691-5571285.cloudwaysapps.com:443 "GET /volunteer-opportunities/ HTTP/1.1" 200 9868
DEBUG:root:Successfully fetched https://wordpress-810691-5571285.cloudwaysapps.com/volunteer-opportunities/ (Content-Length: 39718)
DEBUG:charset_normalizer:Encoding detection: utf_8 is most likely the one.
DEBUG:root:Successfully fetched https://wordpress-810691-5571285.cloudwaysapps.com/resources/katherine-r-willson-website/ (Content-Length: 39369)
DEBUG:root:✅ Image OK: https://wordpress-810691-5571285.cloudwaysapps.com/wp-content/uploads/2025/08/IMG_8625_1541648003-1024x683.webp
DEBUG:root:Checking internal image: https://wordpress-810691-5571285.cloudwaysapps.com/wp-content/uploads/2025/08/IMG_8633_1541648003-1024x683.webp
DEBUG:charset_normalizer:Encoding detection: utf_8 is most likely the one.
DEBUG:urllib3.connectionpool:Starting new HTTPS connection (1): wordpress-810691-5571285.cloudwaysapps.com:443
DEBUG:root:Extracted 1657 characters, 234 words from https://wordpress-810691-5571285.cloudwaysapps.com/volunteer-opportunities/
DEBUG:root:Checking external hyperlink: https://form.jotform.com/PastfindersSLC/VolunteerPositions
DEBUG:root:Extracted 993 characters, 154 words from https://wordpress-810691-5571285.cloudwaysapps.com/resources/katherine-r-willson-website/
DEBUG:root:Using regex pattern: \b[a-zA-Z]{3,}\b
DEBUG:urllib3.connectionpool:Starting new HTTPS connection (1): form.jotform.com:443
DEBUG:root:Found 116 words to check in https://wordpress-810691-5571285.cloudwaysapps.com/resources/katherine-r-willson-website/ (min_length=3)
DEBUG:root:Sample words from https://wordpress-810691-5571285.cloudwaysapps.com/resources/katherine-r-willson-website/: ['This', 'alert', 'Skip', 'content', 'Katherine', 'Willson', 'Website', 'September', 'socialmediagenealogy', 'com']
DEBUG:root:Skipped email/domain fragment: 'socialmediagenealogy'
DEBUG:root:Skipped email/domain fragment: 'com'
DEBUG:root:Spell check results for https://wordpress-810691-5571285.cloudwaysapps.com/resources/katherine-r-willson-website/: 79 words checked, 37 skipped, 0 errors found
INFO:root:✅ Processed https://wordpress-810691-5571285.cloudwaysapps.com/resources/katherine-r-willson-website/: 0 errors found, 154 words checked
DEBUG:root:Attempting to fetch: https://wordpress-810691-5571285.cloudwaysapps.com/galleries/2017-guest-speakers-and-events/
Processing pages:  94%|█████████▍| 359/381 [03:15<00:06,  3.61it/s]DEBUG:urllib3.connectionpool:https://vimeo.com:443 "GET /787687322/3ab47d09ef?share=copy HTTP/1.1" 200 None
DEBUG:root:✅ Hyperlink OK: https://vimeo.com/787687322/3ab47d09ef?share=copy
DEBUG:root:Checking external hyperlink: https://vimeo.com/787690865/f2cb31e9a0?share=copy
DEBUG:urllib3.connectionpool:Starting new HTTPS connection (1): vimeo.com:443
DEBUG:urllib3.connectionpool:https://wordpress-810691-5571285.cloudwaysapps.com:443 "GET /galleries/2017-guest-speakers-and-events/ HTTP/1.1" 200 None
DEBUG:root:Successfully fetched https://wordpress-810691-5571285.cloudwaysapps.com/galleries/2017-guest-speakers-and-events/ (Content-Length: 105703)
DEBUG:charset_normalizer:Encoding detection: utf_8 is most likely the one.
DEBUG:root:Extracted 626 characters, 137 words from https://wordpress-810691-5571285.cloudwaysapps.com/galleries/2017-guest-speakers-and-events/
DEBUG:root:Checking internal image: https://wordpress-810691-5571285.cloudwaysapps.com/wp-content/uploads/2025/08/August_2017_2_1541645740.webp
DEBUG:urllib3.connectionpool:Starting new HTTPS connection (1): wordpress-810691-5571285.cloudwaysapps.com:443
DEBUG:urllib3.connectionpool:https://wordpress-810691-5571285.cloudwaysapps.com:443 "GET /wp-content/uploads/2025/08/2018_2_2_Mid-Winter_Geno_Conference_14_1541646668-1024x683.webp HTTP/1.1" 200 92060
DEBUG:root:✅ Image OK: https://wordpress-810691-5571285.cloudwaysapps.com/wp-content/uploads/2025/08/2018_2_2_Mid-Winter_Geno_Conference_14_1541646668-1024x683.webp
DEBUG:root:Checking internal image: https://wordpress-810691-5571285.cloudwaysapps.com/wp-content/uploads/2025/08/2018_2_3_Mid-Winter_Geno_Conference_52_1541647173-1024x683.webp
DEBUG:urllib3.connectionpool:Starting new HTTPS connection (1): wordpress-810691-5571285.cloudwaysapps.com:443
DEBUG:urllib3.connectionpool:https://form.jotform.com:443 "GET /PastfindersSLC/VolunteerPositions HTTP/1.1" 200 None
DEBUG:root:✅ Hyperlink OK: https://form.jotform.com/PastfindersSLC/VolunteerPositions
DEBUG:root:Using regex pattern: \b[a-zA-Z]{3,}\b
DEBUG:root:Found 192 words to check in https://wordpress-810691-5571285.cloudwaysapps.com/volunteer-opportunities/ (min_length=3)
DEBUG:root:Sample words from https://wordpress-810691-5571285.cloudwaysapps.com/volunteer-opportunities/: ['This', 'alert', 'Skip', 'content', 'Volunteer', 'Opportunities', 'Pastfinders', 'South', 'Lake', 'County']
DEBUG:root:Skipped email/domain fragment: 'org'
DEBUG:root:Skipped email/domain fragment: 'newspapers'
DEBUG:root:Misspelled word found: 'transcriptionists' in https://wordpress-810691-5571285.cloudwaysapps.com/volunteer-opportunities/
DEBUG:root:Spell check results for https://wordpress-810691-5571285.cloudwaysapps.com/volunteer-opportunities/: 153 words checked, 39 skipped, 1 errors found
INFO:root:✅ Processed https://wordpress-810691-5571285.cloudwaysapps.com/volunteer-opportunities/: 1 errors found, 234 words checked
DEBUG:root:Attempting to fetch: https://wordpress-810691-5571285.cloudwaysapps.com/resources/researching-your-familys-history-from-ships-passenger-lists/
DEBUG:urllib3.connectionpool:https://wordpress-810691-5571285.cloudwaysapps.com:443 "GET /wp-content/uploads/2025/08/IMG_8633_1541648003-1024x683.webp HTTP/1.1" 200 81938
DEBUG:urllib3.connectionpool:https://wordpress-810691-5571285.cloudwaysapps.com:443 "GET /resources/researching-your-familys-history-from-ships-passenger-lists/ HTTP/1.1" 200 None
DEBUG:root:Successfully fetched https://wordpress-810691-5571285.cloudwaysapps.com/resources/researching-your-familys-history-from-ships-passenger-lists/ (Content-Length: 39825)
DEBUG:root:✅ Image OK: https://wordpress-810691-5571285.cloudwaysapps.com/wp-content/uploads/2025/08/IMG_8633_1541648003-1024x683.webp
DEBUG:charset_normalizer:Encoding detection: utf_8 is most likely the one.
DEBUG:root:Checking internal image: https://wordpress-810691-5571285.cloudwaysapps.com/wp-content/uploads/2025/08/IMG_8626_1541648003-1024x683.webp
DEBUG:urllib3.connectionpool:Starting new HTTPS connection (1): wordpress-810691-5571285.cloudwaysapps.com:443
DEBUG:root:Extracted 999 characters, 161 words from https://wordpress-810691-5571285.cloudwaysapps.com/resources/researching-your-familys-history-from-ships-passenger-lists/
DEBUG:root:Using regex pattern: \b[a-zA-Z]{3,}\b
DEBUG:root:Found 135 words to check in https://wordpress-810691-5571285.cloudwaysapps.com/resources/researching-your-familys-history-from-ships-passenger-lists/ (min_length=3)
DEBUG:root:Sample words from https://wordpress-810691-5571285.cloudwaysapps.com/resources/researching-your-familys-history-from-ships-passenger-lists/: ['This', 'alert', 'Skip', 'content', 'Researching', 'Your', 'Family', 'History', 'from', 'Ships']
DEBUG:root:Spell check results for https://wordpress-810691-5571285.cloudwaysapps.com/resources/researching-your-familys-history-from-ships-passenger-lists/: 111 words checked, 24 skipped, 0 errors found
INFO:root:✅ Processed https://wordpress-810691-5571285.cloudwaysapps.com/resources/researching-your-familys-history-from-ships-passenger-lists/: 0 errors found, 161 words checked
DEBUG:root:Attempting to fetch: https://wordpress-810691-5571285.cloudwaysapps.com/galleries/2018-jan-wikitree-lineage/
Processing pages:  95%|█████████▍| 361/381 [03:16<00:04,  4.24it/s]DEBUG:urllib3.connectionpool:https://wordpress-810691-5571285.cloudwaysapps.com:443 "GET /galleries/2018-jan-wikitree-lineage/ HTTP/1.1" 200 None
DEBUG:root:Successfully fetched https://wordpress-810691-5571285.cloudwaysapps.com/galleries/2018-jan-wikitree-lineage/ (Content-Length: 54957)
DEBUG:charset_normalizer:Encoding detection: utf_8 is most likely the one.
DEBUG:urllib3.connectionpool:https://wordpress-810691-5571285.cloudwaysapps.com:443 "GET /wp-content/uploads/2025/08/August_2017_2_1541645740.webp HTTP/1.1" 200 98364
DEBUG:root:Extracted 248 characters, 48 words from https://wordpress-810691-5571285.cloudwaysapps.com/galleries/2018-jan-wikitree-lineage/
DEBUG:root:Checking internal image: https://wordpress-810691-5571285.cloudwaysapps.com/wp-content/uploads/2025/08/2018_1_11_meeting_2cropped_1555560067.webp
DEBUG:urllib3.connectionpool:Starting new HTTPS connection (1): wordpress-810691-5571285.cloudwaysapps.com:443
DEBUG:root:✅ Image OK: https://wordpress-810691-5571285.cloudwaysapps.com/wp-content/uploads/2025/08/August_2017_2_1541645740.webp
DEBUG:root:Checking internal image: https://wordpress-810691-5571285.cloudwaysapps.com/wp-content/uploads/2025/08/Spring_2017_flyer_help_sessions_1555554101.webp
DEBUG:urllib3.connectionpool:Starting new HTTPS connection (1): wordpress-810691-5571285.cloudwaysapps.com:443
DEBUG:urllib3.connectionpool:https://wordpress-810691-5571285.cloudwaysapps.com:443 "GET /wp-content/uploads/2025/08/2018_2_3_Mid-Winter_Geno_Conference_52_1541647173-1024x683.webp HTTP/1.1" 200 84058
DEBUG:urllib3.connectionpool:https://vimeo.com:443 "GET /787690865/f2cb31e9a0?share=copy HTTP/1.1" 200 None
DEBUG:root:✅ Hyperlink OK: https://vimeo.com/787690865/f2cb31e9a0?share=copy
DEBUG:root:Checking external hyperlink: https://vimeo.com/1049426586/24ff47d1e8?share=copy
DEBUG:urllib3.connectionpool:Starting new HTTPS connection (1): vimeo.com:443
DEBUG:root:✅ Image OK: https://wordpress-810691-5571285.cloudwaysapps.com/wp-content/uploads/2025/08/2018_2_3_Mid-Winter_Geno_Conference_52_1541647173-1024x683.webp
DEBUG:root:Checking internal image: https://wordpress-810691-5571285.cloudwaysapps.com/wp-content/uploads/2025/08/2018_2_2_Mid-Winter_Geno_Conference_19_1541646668-1024x683.webp
DEBUG:urllib3.connectionpool:Starting new HTTPS connection (1): wordpress-810691-5571285.cloudwaysapps.com:443
DEBUG:urllib3.connectionpool:https://wordpress-810691-5571285.cloudwaysapps.com:443 "GET /wp-content/uploads/2025/08/IMG_8626_1541648003-1024x683.webp HTTP/1.1" 200 102132
DEBUG:root:✅ Image OK: https://wordpress-810691-5571285.cloudwaysapps.com/wp-content/uploads/2025/08/IMG_8626_1541648003-1024x683.webp
DEBUG:root:Checking internal image: https://wordpress-810691-5571285.cloudwaysapps.com/wp-content/uploads/2025/08/IMG_8635_1541648003-1024x683.webp
DEBUG:urllib3.connectionpool:Starting new HTTPS connection (1): wordpress-810691-5571285.cloudwaysapps.com:443
DEBUG:urllib3.connectionpool:https://wordpress-810691-5571285.cloudwaysapps.com:443 "GET /wp-content/uploads/2025/08/Spring_2017_flyer_help_sessions_1555554101.webp HTTP/1.1" 200 81676
DEBUG:urllib3.connectionpool:https://wordpress-810691-5571285.cloudwaysapps.com:443 "GET /wp-content/uploads/2025/08/2018_1_11_meeting_2cropped_1555560067.webp HTTP/1.1" 200 28712
DEBUG:root:✅ Image OK: https://wordpress-810691-5571285.cloudwaysapps.com/wp-content/uploads/2025/08/2018_1_11_meeting_2cropped_1555560067.webp
DEBUG:root:Checking internal image: https://wordpress-810691-5571285.cloudwaysapps.com/wp-content/uploads/2025/08/2018_1_11_meeting_1_1555560030.webp
DEBUG:urllib3.connectionpool:Starting new HTTPS connection (1): wordpress-810691-5571285.cloudwaysapps.com:443
DEBUG:urllib3.connectionpool:https://vimeo.com:443 "GET /1049426586/24ff47d1e8?share=copy HTTP/1.1" 200 None
DEBUG:root:✅ Hyperlink OK: https://vimeo.com/1049426586/24ff47d1e8?share=copy
DEBUG:root:Checking external hyperlink: https://vimeo.com/915004469/fa8c6245d5?share=copy
DEBUG:urllib3.connectionpool:Starting new HTTPS connection (1): vimeo.com:443
DEBUG:root:✅ Image OK: https://wordpress-810691-5571285.cloudwaysapps.com/wp-content/uploads/2025/08/Spring_2017_flyer_help_sessions_1555554101.webp
DEBUG:root:Checking internal image: https://wordpress-810691-5571285.cloudwaysapps.com/wp-content/uploads/2025/08/Pastfinders_Holiday_Dinner_1555555047.webp
DEBUG:urllib3.connectionpool:Starting new HTTPS connection (1): wordpress-810691-5571285.cloudwaysapps.com:443
DEBUG:urllib3.connectionpool:https://wordpress-810691-5571285.cloudwaysapps.com:443 "GET /wp-content/uploads/2025/08/2018_2_2_Mid-Winter_Geno_Conference_19_1541646668-1024x683.webp HTTP/1.1" 200 140898
DEBUG:root:✅ Image OK: https://wordpress-810691-5571285.cloudwaysapps.com/wp-content/uploads/2025/08/2018_2_2_Mid-Winter_Geno_Conference_19_1541646668-1024x683.webp
DEBUG:root:Checking internal image: https://wordpress-810691-5571285.cloudwaysapps.com/wp-content/uploads/2025/08/2018_2_2_Mid-Winter_Geno_Conference_6_1541646668-1024x683.webp
DEBUG:urllib3.connectionpool:https://wordpress-810691-5571285.cloudwaysapps.com:443 "GET /wp-content/uploads/2025/08/IMG_8635_1541648003-1024x683.webp HTTP/1.1" 200 76276
DEBUG:urllib3.connectionpool:Starting new HTTPS connection (1): wordpress-810691-5571285.cloudwaysapps.com:443
DEBUG:root:✅ Image OK: https://wordpress-810691-5571285.cloudwaysapps.com/wp-content/uploads/2025/08/IMG_8635_1541648003-1024x683.webp
DEBUG:root:Checking internal image: https://wordpress-810691-5571285.cloudwaysapps.com/wp-content/uploads/2025/08/IMG_8640_1541648003-1024x683.webp
DEBUG:urllib3.connectionpool:Starting new HTTPS connection (1): wordpress-810691-5571285.cloudwaysapps.com:443
DEBUG:urllib3.connectionpool:https://wordpress-810691-5571285.cloudwaysapps.com:443 "GET /wp-content/uploads/2025/08/2018_1_11_meeting_1_1555560030.webp HTTP/1.1" 200 27014
DEBUG:root:✅ Image OK: https://wordpress-810691-5571285.cloudwaysapps.com/wp-content/uploads/2025/08/2018_1_11_meeting_1_1555560030.webp
DEBUG:root:Checking internal image: https://wordpress-810691-5571285.cloudwaysapps.com/wp-content/uploads/2025/08/2018_1_11_meeting_4_1555560101.webp
DEBUG:urllib3.connectionpool:Starting new HTTPS connection (1): wordpress-810691-5571285.cloudwaysapps.com:443
DEBUG:urllib3.connectionpool:https://wordpress-810691-5571285.cloudwaysapps.com:443 "GET /wp-content/uploads/2025/08/Pastfinders_Holiday_Dinner_1555555047.webp HTTP/1.1" 200 95734
DEBUG:urllib3.connectionpool:https://vimeo.com:443 "GET /915004469/fa8c6245d5?share=copy HTTP/1.1" 200 None
DEBUG:root:✅ Hyperlink OK: https://vimeo.com/915004469/fa8c6245d5?share=copy
DEBUG:root:Checking external hyperlink: https://vimeo.com/105005405/5743e93e52?ts=0&share=copy
DEBUG:urllib3.connectionpool:Starting new HTTPS connection (1): vimeo.com:443
DEBUG:urllib3.connectionpool:https://wordpress-810691-5571285.cloudwaysapps.com:443 "GET /wp-content/uploads/2025/08/2018_2_2_Mid-Winter_Geno_Conference_6_1541646668-1024x683.webp HTTP/1.1" 200 52056
DEBUG:urllib3.connectionpool:https://wordpress-810691-5571285.cloudwaysapps.com:443 "GET /wp-content/uploads/2025/08/IMG_8640_1541648003-1024x683.webp HTTP/1.1" 200 66060
DEBUG:root:✅ Image OK: https://wordpress-810691-5571285.cloudwaysapps.com/wp-content/uploads/2025/08/Pastfinders_Holiday_Dinner_1555555047.webp
DEBUG:root:Checking internal image: https://wordpress-810691-5571285.cloudwaysapps.com/wp-content/uploads/2025/08/how_to_class_1555554043.webp
DEBUG:urllib3.connectionpool:Starting new HTTPS connection (1): wordpress-810691-5571285.cloudwaysapps.com:443
DEBUG:urllib3.connectionpool:https://wordpress-810691-5571285.cloudwaysapps.com:443 "GET /wp-content/uploads/2025/08/2018_1_11_meeting_4_1555560101.webp HTTP/1.1" 200 31476
DEBUG:root:✅ Image OK: https://wordpress-810691-5571285.cloudwaysapps.com/wp-content/uploads/2025/08/IMG_8640_1541648003-1024x683.webp
DEBUG:root:Checking internal image: https://wordpress-810691-5571285.cloudwaysapps.com/wp-content/uploads/2025/08/IMG_8634_1541648003-1024x683.webp
DEBUG:root:✅ Image OK: https://wordpress-810691-5571285.cloudwaysapps.com/wp-content/uploads/2025/08/2018_1_11_meeting_4_1555560101.webp
DEBUG:root:Checking internal image: https://wordpress-810691-5571285.cloudwaysapps.com/wp-content/uploads/2025/08/2018_1_11_meeting_5_1555560112.webp
DEBUG:root:✅ Image OK: https://wordpress-810691-5571285.cloudwaysapps.com/wp-content/uploads/2025/08/2018_2_2_Mid-Winter_Geno_Conference_6_1541646668-1024x683.webp
DEBUG:root:Checking internal image: https://wordpress-810691-5571285.cloudwaysapps.com/wp-content/uploads/2025/08/2018_2_2_Mid-Winter_Geno_Conference_25_1541646668-1024x683.webp
DEBUG:urllib3.connectionpool:Starting new HTTPS connection (1): wordpress-810691-5571285.cloudwaysapps.com:443
DEBUG:urllib3.connectionpool:Starting new HTTPS connection (1): wordpress-810691-5571285.cloudwaysapps.com:443
DEBUG:urllib3.connectionpool:Starting new HTTPS connection (1): wordpress-810691-5571285.cloudwaysapps.com:443
DEBUG:urllib3.connectionpool:https://vimeo.com:443 "GET /105005405/5743e93e52?ts=0&share=copy HTTP/1.1" 200 None
DEBUG:urllib3.connectionpool:https://wordpress-810691-5571285.cloudwaysapps.com:443 "GET /wp-content/uploads/2025/08/how_to_class_1555554043.webp HTTP/1.1" 200 59136
DEBUG:root:✅ Hyperlink OK: https://vimeo.com/105005405/5743e93e52?ts=0&share=copy
DEBUG:root:Checking external hyperlink: https://vimeo.com/915003262/97c247e322?share=copy
DEBUG:urllib3.connectionpool:Starting new HTTPS connection (1): vimeo.com:443
DEBUG:urllib3.connectionpool:https://wordpress-810691-5571285.cloudwaysapps.com:443 "GET /wp-content/uploads/2025/08/IMG_8634_1541648003-1024x683.webp HTTP/1.1" 200 103380
DEBUG:root:✅ Image OK: https://wordpress-810691-5571285.cloudwaysapps.com/wp-content/uploads/2025/08/how_to_class_1555554043.webp
DEBUG:root:Checking internal image: https://wordpress-810691-5571285.cloudwaysapps.com/wp-content/uploads/2025/08/cug201704_1541645740.webp
DEBUG:urllib3.connectionpool:https://wordpress-810691-5571285.cloudwaysapps.com:443 "GET /wp-content/uploads/2025/08/2018_2_2_Mid-Winter_Geno_Conference_25_1541646668-1024x683.webp HTTP/1.1" 200 54270
DEBUG:urllib3.connectionpool:https://wordpress-810691-5571285.cloudwaysapps.com:443 "GET /wp-content/uploads/2025/08/2018_1_11_meeting_5_1555560112.webp HTTP/1.1" 200 36658
DEBUG:urllib3.connectionpool:Starting new HTTPS connection (1): wordpress-810691-5571285.cloudwaysapps.com:443
DEBUG:root:✅ Image OK: https://wordpress-810691-5571285.cloudwaysapps.com/wp-content/uploads/2025/08/2018_1_11_meeting_5_1555560112.webp
DEBUG:root:Checking internal image: https://wordpress-810691-5571285.cloudwaysapps.com/wp-content/uploads/2025/08/2018_1_11_meeting_2_1555560038.webp
DEBUG:urllib3.connectionpool:Starting new HTTPS connection (1): wordpress-810691-5571285.cloudwaysapps.com:443
DEBUG:root:✅ Image OK: https://wordpress-810691-5571285.cloudwaysapps.com/wp-content/uploads/2025/08/2018_2_2_Mid-Winter_Geno_Conference_25_1541646668-1024x683.webp
DEBUG:root:Checking internal image: https://wordpress-810691-5571285.cloudwaysapps.com/wp-content/uploads/2025/08/2018_2_3_Mid-Winter_Geno_Conference_28_1541646668-763x1024.webp
DEBUG:urllib3.connectionpool:Starting new HTTPS connection (1): wordpress-810691-5571285.cloudwaysapps.com:443
DEBUG:root:✅ Image OK: https://wordpress-810691-5571285.cloudwaysapps.com/wp-content/uploads/2025/08/IMG_8634_1541648003-1024x683.webp
DEBUG:root:Checking internal image: https://wordpress-810691-5571285.cloudwaysapps.com/wp-content/uploads/2025/08/IMG_8630_1541648003-1024x683.webp
DEBUG:urllib3.connectionpool:Starting new HTTPS connection (1): wordpress-810691-5571285.cloudwaysapps.com:443
DEBUG:urllib3.connectionpool:https://wordpress-810691-5571285.cloudwaysapps.com:443 "GET /wp-content/uploads/2025/08/2018_1_11_meeting_2_1555560038.webp HTTP/1.1" 200 31004
DEBUG:root:✅ Image OK: https://wordpress-810691-5571285.cloudwaysapps.com/wp-content/uploads/2025/08/2018_1_11_meeting_2_1555560038.webp
DEBUG:root:Checking internal image: https://wordpress-810691-5571285.cloudwaysapps.com/wp-content/uploads/2025/08/2018_1_11_meeting_3_1555560084.webp
DEBUG:urllib3.connectionpool:https://wordpress-810691-5571285.cloudwaysapps.com:443 "GET /wp-content/uploads/2025/08/cug201704_1541645740.webp HTTP/1.1" 200 104650
DEBUG:urllib3.connectionpool:Starting new HTTPS connection (1): wordpress-810691-5571285.cloudwaysapps.com:443
DEBUG:urllib3.connectionpool:https://vimeo.com:443 "GET /915003262/97c247e322?share=copy HTTP/1.1" 200 None
DEBUG:root:✅ Hyperlink OK: https://vimeo.com/915003262/97c247e322?share=copy
DEBUG:root:Checking external hyperlink: https://vimeo.com/925226904/fe9f5fab4e?share=copy
DEBUG:urllib3.connectionpool:Starting new HTTPS connection (1): vimeo.com:443
DEBUG:urllib3.connectionpool:https://wordpress-810691-5571285.cloudwaysapps.com:443 "GET /wp-content/uploads/2025/08/2018_2_3_Mid-Winter_Geno_Conference_28_1541646668-763x1024.webp HTTP/1.1" 200 66364
DEBUG:urllib3.connectionpool:https://wordpress-810691-5571285.cloudwaysapps.com:443 "GET /wp-content/uploads/2025/08/IMG_8630_1541648003-1024x683.webp HTTP/1.1" 200 104222
DEBUG:root:✅ Image OK: https://wordpress-810691-5571285.cloudwaysapps.com/wp-content/uploads/2025/08/2018_2_3_Mid-Winter_Geno_Conference_28_1541646668-763x1024.webp
DEBUG:root:Checking internal image: https://wordpress-810691-5571285.cloudwaysapps.com/wp-content/uploads/2025/08/2018_2_3_Mid-Winter_Geno_Conference_71_1541647173-1024x683.webp
DEBUG:urllib3.connectionpool:Starting new HTTPS connection (1): wordpress-810691-5571285.cloudwaysapps.com:443
DEBUG:root:✅ Image OK: https://wordpress-810691-5571285.cloudwaysapps.com/wp-content/uploads/2025/08/cug201704_1541645740.webp
DEBUG:root:Checking internal image: https://wordpress-810691-5571285.cloudwaysapps.com/wp-content/uploads/2025/08/30656640_1562282283888563_433133882788285891_n_1555555512.webp
DEBUG:urllib3.connectionpool:Starting new HTTPS connection (1): wordpress-810691-5571285.cloudwaysapps.com:443
DEBUG:root:✅ Image OK: https://wordpress-810691-5571285.cloudwaysapps.com/wp-content/uploads/2025/08/IMG_8630_1541648003-1024x683.webp
DEBUG:root:Checking internal image: https://wordpress-810691-5571285.cloudwaysapps.com/wp-content/uploads/2025/08/IMG_8631_1541648003-1024x683.webp
DEBUG:urllib3.connectionpool:Starting new HTTPS connection (1): wordpress-810691-5571285.cloudwaysapps.com:443
DEBUG:urllib3.connectionpool:https://wordpress-810691-5571285.cloudwaysapps.com:443 "GET /wp-content/uploads/2025/08/2018_1_11_meeting_3_1555560084.webp HTTP/1.1" 200 39170
DEBUG:root:✅ Image OK: https://wordpress-810691-5571285.cloudwaysapps.com/wp-content/uploads/2025/08/2018_1_11_meeting_3_1555560084.webp
DEBUG:root:Using regex pattern: \b[a-zA-Z]{3,}\b
DEBUG:root:Found 24 words to check in https://wordpress-810691-5571285.cloudwaysapps.com/galleries/2018-jan-wikitree-lineage/ (min_length=3)
DEBUG:root:Sample words from https://wordpress-810691-5571285.cloudwaysapps.com/galleries/2018-jan-wikitree-lineage/: ['This', 'alert', 'Skip', 'content', 'Jan', 'WikiTree', 'Lineage', 'images', 'Click', 'view']
DEBUG:root:Spell check results for https://wordpress-810691-5571285.cloudwaysapps.com/galleries/2018-jan-wikitree-lineage/: 9 words checked, 15 skipped, 0 errors found
INFO:root:✅ Processed https://wordpress-810691-5571285.cloudwaysapps.com/galleries/2018-jan-wikitree-lineage/: 0 errors found, 48 words checked
DEBUG:root:Attempting to fetch: https://wordpress-810691-5571285.cloudwaysapps.com/galleries/2019-mid-winter-conference/
Processing pages:  95%|█████████▌| 362/381 [03:18<00:11,  1.71it/s]DEBUG:urllib3.connectionpool:https://wordpress-810691-5571285.cloudwaysapps.com:443 "GET /galleries/2019-mid-winter-conference/ HTTP/1.1" 200 None
DEBUG:root:Successfully fetched https://wordpress-810691-5571285.cloudwaysapps.com/galleries/2019-mid-winter-conference/ (Content-Length: 102319)
DEBUG:urllib3.connectionpool:https://wordpress-810691-5571285.cloudwaysapps.com:443 "GET /wp-content/uploads/2025/08/30656640_1562282283888563_433133882788285891_n_1555555512.webp HTTP/1.1" 200 70856
DEBUG:urllib3.connectionpool:https://wordpress-810691-5571285.cloudwaysapps.com:443 "GET /wp-content/uploads/2025/08/2018_2_3_Mid-Winter_Geno_Conference_71_1541647173-1024x683.webp HTTP/1.1" 200 78842
DEBUG:charset_normalizer:Encoding detection: utf_8 is most likely the one.
DEBUG:root:Extracted 588 characters, 128 words from https://wordpress-810691-5571285.cloudwaysapps.com/galleries/2019-mid-winter-conference/
DEBUG:root:Checking internal image: https://wordpress-810691-5571285.cloudwaysapps.com/wp-content/uploads/2025/08/2019_February_8_Conference_23_1570504010-1024x683.webp
DEBUG:root:✅ Image OK: https://wordpress-810691-5571285.cloudwaysapps.com/wp-content/uploads/2025/08/2018_2_3_Mid-Winter_Geno_Conference_71_1541647173-1024x683.webp
DEBUG:root:Checking internal image: https://wordpress-810691-5571285.cloudwaysapps.com/wp-content/uploads/2025/08/2018_2_3_Mid-Winter_Geno_Conference_8_1541646668-1024x683.webp
DEBUG:root:✅ Image OK: https://wordpress-810691-5571285.cloudwaysapps.com/wp-content/uploads/2025/08/30656640_1562282283888563_433133882788285891_n_1555555512.webp
DEBUG:urllib3.connectionpool:Starting new HTTPS connection (1): wordpress-810691-5571285.cloudwaysapps.com:443
DEBUG:urllib3.connectionpool:https://vimeo.com:443 "GET /925226904/fe9f5fab4e?share=copy HTTP/1.1" 200 None
DEBUG:root:Checking internal image: https://wordpress-810691-5571285.cloudwaysapps.com/wp-content/uploads/2025/08/February_classes_1555554936.webp
DEBUG:urllib3.connectionpool:Starting new HTTPS connection (1): wordpress-810691-5571285.cloudwaysapps.com:443
DEBUG:root:✅ Hyperlink OK: https://vimeo.com/925226904/fe9f5fab4e?share=copy
DEBUG:root:Checking external hyperlink: https://vimeo.com/938653485/96e67b4cc8?share=copy
DEBUG:urllib3.connectionpool:Starting new HTTPS connection (1): wordpress-810691-5571285.cloudwaysapps.com:443
DEBUG:urllib3.connectionpool:Starting new HTTPS connection (1): vimeo.com:443
DEBUG:urllib3.connectionpool:https://wordpress-810691-5571285.cloudwaysapps.com:443 "GET /wp-content/uploads/2025/08/IMG_8631_1541648003-1024x683.webp HTTP/1.1" 200 85288
DEBUG:root:✅ Image OK: https://wordpress-810691-5571285.cloudwaysapps.com/wp-content/uploads/2025/08/IMG_8631_1541648003-1024x683.webp
DEBUG:root:Checking internal image: https://wordpress-810691-5571285.cloudwaysapps.com/wp-content/uploads/2025/08/IMG_8638_1541648003-1024x683.webp
DEBUG:urllib3.connectionpool:Starting new HTTPS connection (1): wordpress-810691-5571285.cloudwaysapps.com:443
DEBUG:urllib3.connectionpool:https://wordpress-810691-5571285.cloudwaysapps.com:443 "GET /wp-content/uploads/2025/08/2018_2_3_Mid-Winter_Geno_Conference_8_1541646668-1024x683.webp HTTP/1.1" 200 56632
DEBUG:urllib3.connectionpool:https://wordpress-810691-5571285.cloudwaysapps.com:443 "GET /wp-content/uploads/2025/08/February_classes_1555554936.webp HTTP/1.1" 200 107856
DEBUG:urllib3.connectionpool:https://wordpress-810691-5571285.cloudwaysapps.com:443 "GET /wp-content/uploads/2025/08/2019_February_8_Conference_23_1570504010-1024x683.webp HTTP/1.1" 200 104704
DEBUG:root:✅ Image OK: https://wordpress-810691-5571285.cloudwaysapps.com/wp-content/uploads/2025/08/2018_2_3_Mid-Winter_Geno_Conference_8_1541646668-1024x683.webp
DEBUG:root:Checking internal image: https://wordpress-810691-5571285.cloudwaysapps.com/wp-content/uploads/2025/08/2018_2_3_Mid-Winter_Geno_Conference_73_1541647173-1024x683.webp
DEBUG:urllib3.connectionpool:Starting new HTTPS connection (1): wordpress-810691-5571285.cloudwaysapps.com:443
DEBUG:urllib3.connectionpool:https://vimeo.com:443 "GET /938653485/96e67b4cc8?share=copy HTTP/1.1" 200 None
DEBUG:root:✅ Hyperlink OK: https://vimeo.com/938653485/96e67b4cc8?share=copy
DEBUG:root:Checking external hyperlink: https://vimeo.com/949747231/1d1e95ca32?share=copy
DEBUG:urllib3.connectionpool:https://wordpress-810691-5571285.cloudwaysapps.com:443 "GET /wp-content/uploads/2025/08/IMG_8638_1541648003-1024x683.webp HTTP/1.1" 200 94894
DEBUG:urllib3.connectionpool:Starting new HTTPS connection (1): vimeo.com:443
DEBUG:root:✅ Image OK: https://wordpress-810691-5571285.cloudwaysapps.com/wp-content/uploads/2025/08/February_classes_1555554936.webp
DEBUG:root:Checking internal image: https://wordpress-810691-5571285.cloudwaysapps.com/wp-content/uploads/2025/08/George_and_Martha_February_meeting__1525136287.webp
DEBUG:urllib3.connectionpool:Starting new HTTPS connection (1): wordpress-810691-5571285.cloudwaysapps.com:443
DEBUG:root:✅ Image OK: https://wordpress-810691-5571285.cloudwaysapps.com/wp-content/uploads/2025/08/2019_February_8_Conference_23_1570504010-1024x683.webp
DEBUG:root:Checking internal image: https://wordpress-810691-5571285.cloudwaysapps.com/wp-content/uploads/2025/08/2019_February_9_Conference_4_1570504010-1024x683.webp
DEBUG:urllib3.connectionpool:Starting new HTTPS connection (1): wordpress-810691-5571285.cloudwaysapps.com:443
DEBUG:root:✅ Image OK: https://wordpress-810691-5571285.cloudwaysapps.com/wp-content/uploads/2025/08/IMG_8638_1541648003-1024x683.webp
DEBUG:root:Using regex pattern: \b[a-zA-Z]{3,}\b
DEBUG:root:Found 55 words to check in https://wordpress-810691-5571285.cloudwaysapps.com/galleries/2018-irish-greeting-new-memb/ (min_length=3)
DEBUG:root:Sample words from https://wordpress-810691-5571285.cloudwaysapps.com/galleries/2018-irish-greeting-new-memb/: ['This', 'alert', 'Skip', 'content', 'Irish', 'Greeting', 'New', 'Memb', 'images', 'Click']
DEBUG:root:Spell check results for https://wordpress-810691-5571285.cloudwaysapps.com/galleries/2018-irish-greeting-new-memb/: 24 words checked, 31 skipped, 0 errors found
INFO:root:✅ Processed https://wordpress-810691-5571285.cloudwaysapps.com/galleries/2018-irish-greeting-new-memb/: 0 errors found, 109 words checked
DEBUG:root:Attempting to fetch: https://wordpress-810691-5571285.cloudwaysapps.com/events/family-book-creator-special-interest-group-sig-2026-02-23/
Processing pages:  95%|█████████▌| 363/381 [03:18<00:10,  1.77it/s]DEBUG:urllib3.connectionpool:https://wordpress-810691-5571285.cloudwaysapps.com:443 "GET /events/family-book-creator-special-interest-group-sig-2026-02-23/ HTTP/1.1" 200 None
DEBUG:root:Successfully fetched https://wordpress-810691-5571285.cloudwaysapps.com/events/family-book-creator-special-interest-group-sig-2026-02-23/ (Content-Length: 42525)
DEBUG:charset_normalizer:Encoding detection: utf_8 is most likely the one.
DEBUG:root:Extracted 847 characters, 141 words from https://wordpress-810691-5571285.cloudwaysapps.com/events/family-book-creator-special-interest-group-sig-2026-02-23/
DEBUG:root:Checking external hyperlink: https://www.google.com/calendar/event?action=TEMPLATE&text=Family+Book+Creator+Special+Interest+Group+%28SIG%29&dates=20260223T190000/20260223T200000&details=This+group+grew+out+of+our+original+FBC+Study+Group%2C+a+joint+effort+between+Pastfinders+and+Kinseekers.+For+now%2C+membership+is+limited+to+participants+of+that+original+group%2C+but+we+hope+to+welcome+more+members+in+the+future.&location=&trp=false&sprop=https%3A%2F%2Fwordpress-810691-5571285.cloudwaysapps.com%2Fevents%2Ffamily-book-creator-special-interest-group-sig-2026-02-23%2F&sprop=name:Pastfinders&ctz=America%2FNew_York
DEBUG:urllib3.connectionpool:Starting new HTTPS connection (1): www.google.com:443
DEBUG:urllib3.connectionpool:https://wordpress-810691-5571285.cloudwaysapps.com:443 "GET /wp-content/uploads/2025/08/2018_2_3_Mid-Winter_Geno_Conference_73_1541647173-1024x683.webp HTTP/1.1" 200 70448
DEBUG:root:✅ Image OK: https://wordpress-810691-5571285.cloudwaysapps.com/wp-content/uploads/2025/08/2018_2_3_Mid-Winter_Geno_Conference_73_1541647173-1024x683.webp
DEBUG:root:Checking internal image: https://wordpress-810691-5571285.cloudwaysapps.com/wp-content/uploads/2025/08/2018_2_3_Mid-Winter_Geno_Conference_27_1541646668-683x1024.webp
DEBUG:urllib3.connectionpool:Starting new HTTPS connection (1): wordpress-810691-5571285.cloudwaysapps.com:443
DEBUG:urllib3.connectionpool:https://www.google.com:443 "GET /calendar/event?action=TEMPLATE&text=Family+Book+Creator+Special+Interest+Group+%28SIG%29&dates=20260223T190000/20260223T200000&details=This+group+grew+out+of+our+original+FBC+Study+Group%2C+a+joint+effort+between+Pastfinders+and+Kinseekers.+For+now%2C+membership+is+limited+to+participants+of+that+original+group%2C+but+we+hope+to+welcome+more+members+in+the+future.&location=&trp=false&sprop=https%3A%2F%2Fwordpress-810691-5571285.cloudwaysapps.com%2Fevents%2Ffamily-book-creator-special-interest-group-sig-2026-02-23%2F&sprop=name:Pastfinders&ctz=America%2FNew_York HTTP/1.1" 302 0
DEBUG:urllib3.connectionpool:Starting new HTTPS connection (1): calendar.google.com:443
DEBUG:urllib3.connectionpool:https://wordpress-810691-5571285.cloudwaysapps.com:443 "GET /wp-content/uploads/2025/08/George_and_Martha_February_meeting__1525136287.webp HTTP/1.1" 200 61874
DEBUG:urllib3.connectionpool:https://wordpress-810691-5571285.cloudwaysapps.com:443 "GET /wp-content/uploads/2025/08/2019_February_9_Conference_4_1570504010-1024x683.webp HTTP/1.1" 200 99662
DEBUG:root:✅ Image OK: https://wordpress-810691-5571285.cloudwaysapps.com/wp-content/uploads/2025/08/George_and_Martha_February_meeting__1525136287.webp
DEBUG:root:Checking internal image: https://wordpress-810691-5571285.cloudwaysapps.com/wp-content/uploads/2025/08/HELP_SESSIONS_1541645740.webp
DEBUG:urllib3.connectionpool:https://vimeo.com:443 "GET /949747231/1d1e95ca32?share=copy HTTP/1.1" 200 None
DEBUG:urllib3.connectionpool:Starting new HTTPS connection (1): wordpress-810691-5571285.cloudwaysapps.com:443
DEBUG:root:✅ Hyperlink OK: https://vimeo.com/949747231/1d1e95ca32?share=copy
DEBUG:root:Checking external hyperlink: https://vimeo.com/787685919/0a61ef442b?share=copy
DEBUG:urllib3.connectionpool:Starting new HTTPS connection (1): vimeo.com:443
DEBUG:root:✅ Image OK: https://wordpress-810691-5571285.cloudwaysapps.com/wp-content/uploads/2025/08/2019_February_9_Conference_4_1570504010-1024x683.webp
DEBUG:root:Checking internal image: https://wordpress-810691-5571285.cloudwaysapps.com/wp-content/uploads/2025/08/2019_February_8_Conference_2_1570503420-1024x683.webp
DEBUG:urllib3.connectionpool:Starting new HTTPS connection (1): wordpress-810691-5571285.cloudwaysapps.com:443
DEBUG:urllib3.connectionpool:https://calendar.google.com:443 "GET /calendar/event?action=TEMPLATE&text=Family+Book+Creator+Special+Interest+Group+(SIG)&dates=20260223T190000/20260223T200000&details=This+group+grew+out+of+our+original+FBC+Study+Group,+a+joint+effort+between+Pastfinders+and+Kinseekers.+For+now,+membership+is+limited+to+participants+of+that+original+group,+but+we+hope+to+welcome+more+members+in+the+future.&location&trp=false&sprop=https://wordpress-810691-5571285.cloudwaysapps.com/events/family-book-creator-special-interest-group-sig-2026-02-23/&sprop=name:Pastfinders&ctz=America/New_York HTTP/1.1" 302 0
DEBUG:urllib3.connectionpool:Starting new HTTPS connection (1): accounts.google.com:443
DEBUG:urllib3.connectionpool:https://wordpress-810691-5571285.cloudwaysapps.com:443 "GET /wp-content/uploads/2025/08/2018_2_3_Mid-Winter_Geno_Conference_27_1541646668-683x1024.webp HTTP/1.1" 200 73328
DEBUG:urllib3.connectionpool:https://accounts.google.com:443 "GET /ServiceLogin?service=cl&passive=1209600&osid=1&continue=https://calendar.google.com/calendar/event?action%3DTEMPLATE%26text%3DFamily%2BBook%2BCreator%2BSpecial%2BInterest%2BGroup%2B(SIG)%26dates%3D20260223T190000/20260223T200000%26details%3DThis%2Bgroup%2Bgrew%2Bout%2Bof%2Bour%2Boriginal%2BFBC%2BStudy%2BGroup,%2Ba%2Bjoint%2Beffort%2Bbetween%2BPastfinders%2Band%2BKinseekers.%2BFor%2Bnow,%2Bmembership%2Bis%2Blimited%2Bto%2Bparticipants%2Bof%2Bthat%2Boriginal%2Bgroup,%2Bbut%2Bwe%2Bhope%2Bto%2Bwelcome%2Bmore%2Bmembers%2Bin%2Bthe%2Bfuture.%26location%26trp%3Dfalse%26sprop%3Dhttps://wordpress-810691-5571285.cloudwaysapps.com/events/family-book-creator-special-interest-group-sig-2026-02-23/%26sprop%3Dname:Pastfinders%26ctz%3DAmerica/New_York&followup=https://calendar.google.com/calendar/event?action%3DTEMPLATE%26text%3DFamily%2BBook%2BCreator%2BSpecial%2BInterest%2BGroup%2B(SIG)%26dates%3D20260223T190000/20260223T200000%26details%3DThis%2Bgroup%2Bgrew%2Bout%2Bof%2Bour%2Boriginal%2BFBC%2BStudy%2BGroup,%2Ba%2Bjoint%2Beffort%2Bbetween%2BPastfinders%2Band%2BKinseekers.%2BFor%2Bnow,%2Bmembership%2Bis%2Blimited%2Bto%2Bparticipants%2Bof%2Bthat%2Boriginal%2Bgroup,%2Bbut%2Bwe%2Bhope%2Bto%2Bwelcome%2Bmore%2Bmembers%2Bin%2Bthe%2Bfuture.%26location%26trp%3Dfalse%26sprop%3Dhttps://wordpress-810691-5571285.cloudwaysapps.com/events/family-book-creator-special-interest-group-sig-2026-02-23/%26sprop%3Dname:Pastfinders%26ctz%3DAmerica/New_York&emr=1 HTTP/1.1" 302 0
DEBUG:root:✅ Image OK: https://wordpress-810691-5571285.cloudwaysapps.com/wp-content/uploads/2025/08/2018_2_3_Mid-Winter_Geno_Conference_27_1541646668-683x1024.webp
DEBUG:root:Checking internal image: https://wordpress-810691-5571285.cloudwaysapps.com/wp-content/uploads/2025/08/2018_2_3_Mid-Winter_Geno_Conference_48_1541647173-798x1024.webp
DEBUG:urllib3.connectionpool:Starting new HTTPS connection (1): wordpress-810691-5571285.cloudwaysapps.com:443
DEBUG:urllib3.connectionpool:https://wordpress-810691-5571285.cloudwaysapps.com:443 "GET /wp-content/uploads/2025/08/HELP_SESSIONS_1541645740.webp HTTP/1.1" 200 194592
DEBUG:urllib3.connectionpool:https://accounts.google.com:443 "GET /InteractiveLogin?continue=https://calendar.google.com/calendar/event?action%3DTEMPLATE%26text%3DFamily%2BBook%2BCreator%2BSpecial%2BInterest%2BGroup%2B(SIG)%26dates%3D20260223T190000/20260223T200000%26details%3DThis%2Bgroup%2Bgrew%2Bout%2Bof%2Bour%2Boriginal%2BFBC%2BStudy%2BGroup,%2Ba%2Bjoint%2Beffort%2Bbetween%2BPastfinders%2Band%2BKinseekers.%2BFor%2Bnow,%2Bmembership%2Bis%2Blimited%2Bto%2Bparticipants%2Bof%2Bthat%2Boriginal%2Bgroup,%2Bbut%2Bwe%2Bhope%2Bto%2Bwelcome%2Bmore%2Bmembers%2Bin%2Bthe%2Bfuture.%26location%26trp%3Dfalse%26sprop%3Dhttps://wordpress-810691-5571285.cloudwaysapps.com/events/family-book-creator-special-interest-group-sig-2026-02-23/%26sprop%3Dname:Pastfinders%26ctz%3DAmerica/New_York&emr=1&followup=https://calendar.google.com/calendar/event?action%3DTEMPLATE%26text%3DFamily%2BBook%2BCreator%2BSpecial%2BInterest%2BGroup%2B(SIG)%26dates%3D20260223T190000/20260223T200000%26details%3DThis%2Bgroup%2Bgrew%2Bout%2Bof%2Bour%2Boriginal%2BFBC%2BStudy%2BGroup,%2Ba%2Bjoint%2Beffort%2Bbetween%2BPastfinders%2Band%2BKinseekers.%2BFor%2Bnow,%2Bmembership%2Bis%2Blimited%2Bto%2Bparticipants%2Bof%2Bthat%2Boriginal%2Bgroup,%2Bbut%2Bwe%2Bhope%2Bto%2Bwelcome%2Bmore%2Bmembers%2Bin%2Bthe%2Bfuture.%26location%26trp%3Dfalse%26sprop%3Dhttps://wordpress-810691-5571285.cloudwaysapps.com/events/family-book-creator-special-interest-group-sig-2026-02-23/%26sprop%3Dname:Pastfinders%26ctz%3DAmerica/New_York&osid=1&passive=1209600&service=cl&ifkv=AdBytiOTpyli-5ssxhV1ZPr5VMUsOSXi8crE8hOETrClLW1Pmr_QzvCmIvNgQvpHD009X3r-1IYUHw HTTP/1.1" 302 None
DEBUG:urllib3.connectionpool:https://wordpress-810691-5571285.cloudwaysapps.com:443 "GET /wp-content/uploads/2025/08/2019_February_8_Conference_2_1570503420-1024x683.webp HTTP/1.1" 200 102172
DEBUG:urllib3.connectionpool:https://accounts.google.com:443 "GET /v3/signin/identifier?continue=https%3A%2F%2Fcalendar.google.com%2Fcalendar%2Fevent%3Faction%3DTEMPLATE%26text%3DFamily%2BBook%2BCreator%2BSpecial%2BInterest%2BGroup%2B%28SIG%29%26dates%3D20260223T190000%2F20260223T200000%26details%3DThis%2Bgroup%2Bgrew%2Bout%2Bof%2Bour%2Boriginal%2BFBC%2BStudy%2BGroup%2C%2Ba%2Bjoint%2Beffort%2Bbetween%2BPastfinders%2Band%2BKinseekers.%2BFor%2Bnow%2C%2Bmembership%2Bis%2Blimited%2Bto%2Bparticipants%2Bof%2Bthat%2Boriginal%2Bgroup%2C%2Bbut%2Bwe%2Bhope%2Bto%2Bwelcome%2Bmore%2Bmembers%2Bin%2Bthe%2Bfuture.%26location%26trp%3Dfalse%26sprop%3Dhttps%3A%2F%2Fwordpress-810691-5571285.cloudwaysapps.com%2Fevents%2Ffamily-book-creator-special-interest-group-sig-2026-02-23%2F%26sprop%3Dname%3APastfinders%26ctz%3DAmerica%2FNew_York&emr=1&followup=https%3A%2F%2Fcalendar.google.com%2Fcalendar%2Fevent%3Faction%3DTEMPLATE%26text%3DFamily%2BBook%2BCreator%2BSpecial%2BInterest%2BGroup%2B%28SIG%29%26dates%3D20260223T190000%2F20260223T200000%26details%3DThis%2Bgroup%2Bgrew%2Bout%2Bof%2Bour%2Boriginal%2BFBC%2BStudy%2BGroup%2C%2Ba%2Bjoint%2Beffort%2Bbetween%2BPastfinders%2Band%2BKinseekers.%2BFor%2Bnow%2C%2Bmembership%2Bis%2Blimited%2Bto%2Bparticipants%2Bof%2Bthat%2Boriginal%2Bgroup%2C%2Bbut%2Bwe%2Bhope%2Bto%2Bwelcome%2Bmore%2Bmembers%2Bin%2Bthe%2Bfuture.%26location%26trp%3Dfalse%26sprop%3Dhttps%3A%2F%2Fwordpress-810691-5571285.cloudwaysapps.com%2Fevents%2Ffamily-book-creator-special-interest-group-sig-2026-02-23%2F%26sprop%3Dname%3APastfinders%26ctz%3DAmerica%2FNew_York&ifkv=AdBytiOzid1M7Zt-OzZWedUkcl_oCgn7xPIMw1LH0MzyHbZb7-AJ7IJzF9bWKJdf6fn2VgTL_sasfQ&osid=1&passive=1209600&service=cl&flowName=WebLiteSignIn&flowEntry=ServiceLogin&dsh=S-969481677%3A1756758323419169 HTTP/1.1" 200 None
DEBUG:root:✅ Image OK: https://wordpress-810691-5571285.cloudwaysapps.com/wp-content/uploads/2025/08/HELP_SESSIONS_1541645740.webp
DEBUG:root:Checking internal image: https://wordpress-810691-5571285.cloudwaysapps.com/wp-content/uploads/2025/08/2017_November_9_1525136066.webp
DEBUG:urllib3.connectionpool:Starting new HTTPS connection (1): wordpress-810691-5571285.cloudwaysapps.com:443
DEBUG:root:✅ Image OK: https://wordpress-810691-5571285.cloudwaysapps.com/wp-content/uploads/2025/08/2019_February_8_Conference_2_1570503420-1024x683.webp
DEBUG:root:Checking internal image: https://wordpress-810691-5571285.cloudwaysapps.com/wp-content/uploads/2025/08/2019_February_9_Conference_1_1570504010-1024x683.webp
DEBUG:root:✅ Hyperlink OK: https://www.google.com/calendar/event?action=TEMPLATE&text=Family+Book+Creator+Special+Interest+Group+%28SIG%29&dates=20260223T190000/20260223T200000&details=This+group+grew+out+of+our+original+FBC+Study+Group%2C+a+joint+effort+between+Pastfinders+and+Kinseekers.+For+now%2C+membership+is+limited+to+participants+of+that+original+group%2C+but+we+hope+to+welcome+more+members+in+the+future.&location=&trp=false&sprop=https%3A%2F%2Fwordpress-810691-5571285.cloudwaysapps.com%2Fevents%2Ffamily-book-creator-special-interest-group-sig-2026-02-23%2F&sprop=name:Pastfinders&ctz=America%2FNew_York
DEBUG:root:Checking external hyperlink: https://outlook.office.com/calendar/0/deeplink/compose?allday=false&body=This+group+grew+out+of+our+original+FBC+Study+Group%2C+a+joint+effort+between+Pastfinders+and+Kinseekers.+For+now%2C+membership+is+limited+to+participants+of+that+original+group%2C+but+we+hope+to+welcome+more+members+in+the+future.&location=&path=/calendar/action/compose&rru=addevent&startdt=2026-02-23T19%3A00%3A00-05%3A00&enddt=2026-02-23T20%3A00%3A00-05%3A00&subject=Family+Book+Creator+Special+Interest+Group+%28SIG%29
DEBUG:urllib3.connectionpool:Starting new HTTPS connection (1): wordpress-810691-5571285.cloudwaysapps.com:443
DEBUG:urllib3.connectionpool:Starting new HTTPS connection (1): outlook.office.com:443
DEBUG:urllib3.connectionpool:https://wordpress-810691-5571285.cloudwaysapps.com:443 "GET /wp-content/uploads/2025/08/2018_2_3_Mid-Winter_Geno_Conference_48_1541647173-798x1024.webp HTTP/1.1" 200 110686
DEBUG:urllib3.connectionpool:https://vimeo.com:443 "GET /787685919/0a61ef442b?share=copy HTTP/1.1" 200 None
DEBUG:root:✅ Hyperlink OK: https://vimeo.com/787685919/0a61ef442b?share=copy
DEBUG:root:Using regex pattern: \b[a-zA-Z]{3,}\b
DEBUG:root:Found 276 words to check in https://wordpress-810691-5571285.cloudwaysapps.com/family-tree-maker-sig/ (min_length=3)
DEBUG:root:Sample words from https://wordpress-810691-5571285.cloudwaysapps.com/family-tree-maker-sig/: ['This', 'alert', 'Skip', 'content', 'Family', 'Tree', 'Maker', 'SIG', 'This', 'Special']
DEBUG:root:✅ Image OK: https://wordpress-810691-5571285.cloudwaysapps.com/wp-content/uploads/2025/08/2018_2_3_Mid-Winter_Geno_Conference_48_1541647173-798x1024.webp
DEBUG:root:Checking internal image: https://wordpress-810691-5571285.cloudwaysapps.com/wp-content/uploads/2025/08/2018_2_2_Mid-Winter_Geno_Conference_23_1541646668-1024x683.webp
DEBUG:urllib3.connectionpool:https://outlook.office.com:443 "GET /calendar/0/deeplink/compose?allday=false&body=This+group+grew+out+of+our+original+FBC+Study+Group%2C+a+joint+effort+between+Pastfinders+and+Kinseekers.+For+now%2C+membership+is+limited+to+participants+of+that+original+group%2C+but+we+hope+to+welcome+more+members+in+the+future.&location=&path=/calendar/action/compose&rru=addevent&startdt=2026-02-23T19%3A00%3A00-05%3A00&enddt=2026-02-23T20%3A00%3A00-05%3A00&subject=Family+Book+Creator+Special+Interest+Group+%28SIG%29 HTTP/1.1" 200 None
DEBUG:urllib3.connectionpool:https://wordpress-810691-5571285.cloudwaysapps.com:443 "GET /wp-content/uploads/2025/08/2017_November_9_1525136066.webp HTTP/1.1" 200 77660
DEBUG:root:✅ Hyperlink OK: https://outlook.office.com/calendar/0/deeplink/compose?allday=false&body=This+group+grew+out+of+our+original+FBC+Study+Group%2C+a+joint+effort+between+Pastfinders+and+Kinseekers.+For+now%2C+membership+is+limited+to+participants+of+that+original+group%2C+but+we+hope+to+welcome+more+members+in+the+future.&location=&path=/calendar/action/compose&rru=addevent&startdt=2026-02-23T19%3A00%3A00-05%3A00&enddt=2026-02-23T20%3A00%3A00-05%3A00&subject=Family+Book+Creator+Special+Interest+Group+%28SIG%29
DEBUG:urllib3.connectionpool:Starting new HTTPS connection (1): wordpress-810691-5571285.cloudwaysapps.com:443
DEBUG:root:Checking external hyperlink: https://outlook.live.com/calendar/0/deeplink/compose?allday=false&body=This+group+grew+out+of+our+original+FBC+Study+Group%2C+a+joint+effort+between+Pastfinders+and+Kinseekers.+For+now%2C+membership+is+limited+to+participants+of+that+original+group%2C+but+we+hope+to+welcome+more+members+in+the+future.&location=&path=/calendar/action/compose&rru=addevent&startdt=2026-02-23T19%3A00%3A00-05%3A00&enddt=2026-02-23T20%3A00%3A00-05%3A00&subject=Family+Book+Creator+Special+Interest+Group+%28SIG%29
DEBUG:urllib3.connectionpool:https://wordpress-810691-5571285.cloudwaysapps.com:443 "GET /wp-content/uploads/2025/08/2019_February_9_Conference_1_1570504010-1024x683.webp HTTP/1.1" 200 98484
DEBUG:root:✅ Image OK: https://wordpress-810691-5571285.cloudwaysapps.com/wp-content/uploads/2025/08/2017_November_9_1525136066.webp
DEBUG:root:Checking internal image: https://wordpress-810691-5571285.cloudwaysapps.com/wp-content/uploads/2025/08/Genealogy_Summer_Meet_Up_June_1541645740.webp
DEBUG:urllib3.connectionpool:Starting new HTTPS connection (1): outlook.live.com:443
DEBUG:urllib3.connectionpool:Starting new HTTPS connection (1): wordpress-810691-5571285.cloudwaysapps.com:443
DEBUG:root:✅ Image OK: https://wordpress-810691-5571285.cloudwaysapps.com/wp-content/uploads/2025/08/2019_February_9_Conference_1_1570504010-1024x683.webp
DEBUG:root:Checking internal image: https://wordpress-810691-5571285.cloudwaysapps.com/wp-content/uploads/2025/08/2019_February_8_Conference_11_1570503420-1024x683.webp
DEBUG:urllib3.connectionpool:Starting new HTTPS connection (1): wordpress-810691-5571285.cloudwaysapps.com:443
DEBUG:root:Misspelled word found: 'roadmap' in https://wordpress-810691-5571285.cloudwaysapps.com/family-tree-maker-sig/
DEBUG:root:Spell check results for https://wordpress-810691-5571285.cloudwaysapps.com/family-tree-maker-sig/: 58 words checked, 218 skipped, 1 errors found
INFO:root:✅ Processed https://wordpress-810691-5571285.cloudwaysapps.com/family-tree-maker-sig/: 1 errors found, 363 words checked
DEBUG:root:Attempting to fetch: https://wordpress-810691-5571285.cloudwaysapps.com/events/preserving-local-history-2026-01-14/
Processing pages:  96%|█████████▌| 364/381 [03:19<00:11,  1.43it/s]DEBUG:urllib3.connectionpool:https://wordpress-810691-5571285.cloudwaysapps.com:443 "GET /events/preserving-local-history-2026-01-14/ HTTP/1.1" 200 None
DEBUG:root:Successfully fetched https://wordpress-810691-5571285.cloudwaysapps.com/events/preserving-local-history-2026-01-14/ (Content-Length: 43616)
DEBUG:charset_normalizer:Encoding detection: utf_8 is most likely the one.
DEBUG:root:Extracted 446 characters, 65 words from https://wordpress-810691-5571285.cloudwaysapps.com/events/preserving-local-history-2026-01-14/
DEBUG:root:Checking external hyperlink: https://www.google.com/calendar/event?action=TEMPLATE&text=Preserving+Local+History&dates=20260114T100000/20260114T120000&details=Help+in+the+preservation+of+our+local+history+and+collections%2C+including+transcriptionists%2C+preservationists%2C+digitizers%2C+and+organization%C2%A0projects.&location=2525+Oakley+Seaver+Dr%2C+Clermont%2C+FL%2C+34711%2C+United+States&trp=false&sprop=https%3A%2F%2Fwordpress-810691-5571285.cloudwaysapps.com%2Fevents%2Fpreserving-local-history-2026-01-14%2F&sprop=name:Pastfinders&ctz=America%2FNew_York
DEBUG:urllib3.connectionpool:Starting new HTTPS connection (1): www.google.com:443
DEBUG:urllib3.connectionpool:https://outlook.live.com:443 "GET /calendar/0/deeplink/compose?allday=false&body=This+group+grew+out+of+our+original+FBC+Study+Group%2C+a+joint+effort+between+Pastfinders+and+Kinseekers.+For+now%2C+membership+is+limited+to+participants+of+that+original+group%2C+but+we+hope+to+welcome+more+members+in+the+future.&location=&path=/calendar/action/compose&rru=addevent&startdt=2026-02-23T19%3A00%3A00-05%3A00&enddt=2026-02-23T20%3A00%3A00-05%3A00&subject=Family+Book+Creator+Special+Interest+Group+%28SIG%29 HTTP/1.1" 200 None
DEBUG:root:✅ Hyperlink OK: https://outlook.live.com/calendar/0/deeplink/compose?allday=false&body=This+group+grew+out+of+our+original+FBC+Study+Group%2C+a+joint+effort+between+Pastfinders+and+Kinseekers.+For+now%2C+membership+is+limited+to+participants+of+that+original+group%2C+but+we+hope+to+welcome+more+members+in+the+future.&location=&path=/calendar/action/compose&rru=addevent&startdt=2026-02-23T19%3A00%3A00-05%3A00&enddt=2026-02-23T20%3A00%3A00-05%3A00&subject=Family+Book+Creator+Special+Interest+Group+%28SIG%29
DEBUG:urllib3.connectionpool:https://wordpress-810691-5571285.cloudwaysapps.com:443 "GET /wp-content/uploads/2025/08/2018_2_2_Mid-Winter_Geno_Conference_23_1541646668-1024x683.webp HTTP/1.1" 200 59322
DEBUG:root:Using regex pattern: \b[a-zA-Z]{3,}\b
DEBUG:root:Found 109 words to check in https://wordpress-810691-5571285.cloudwaysapps.com/events/family-book-creator-special-interest-group-sig-2026-02-23/ (min_length=3)
DEBUG:root:Sample words from https://wordpress-810691-5571285.cloudwaysapps.com/events/family-book-creator-special-interest-group-sig-2026-02-23/: ['This', 'alert', 'Skip', 'content', 'Family', 'Book', 'Creator', 'Special', 'Interest', 'Group']
DEBUG:root:Spell check results for https://wordpress-810691-5571285.cloudwaysapps.com/events/family-book-creator-special-interest-group-sig-2026-02-23/: 62 words checked, 47 skipped, 0 errors found
INFO:root:✅ Processed https://wordpress-810691-5571285.cloudwaysapps.com/events/family-book-creator-special-interest-group-sig-2026-02-23/: 0 errors found, 141 words checked
DEBUG:root:Attempting to fetch: https://wordpress-810691-5571285.cloudwaysapps.com/subject/children-genealogy-resources/
Processing pages:  96%|█████████▌| 365/381 [03:19<00:08,  1.82it/s]DEBUG:urllib3.connectionpool:https://wordpress-810691-5571285.cloudwaysapps.com:443 "GET /wp-content/uploads/2025/08/Genealogy_Summer_Meet_Up_June_1541645740.webp HTTP/1.1" 200 67366
DEBUG:root:✅ Image OK: https://wordpress-810691-5571285.cloudwaysapps.com/wp-content/uploads/2025/08/2018_2_2_Mid-Winter_Geno_Conference_23_1541646668-1024x683.webp
DEBUG:root:Checking internal image: https://wordpress-810691-5571285.cloudwaysapps.com/wp-content/uploads/2025/08/2018_2_3_Mid-Winter_Geno_Conference_58_1541647173-860x1024.webp
DEBUG:urllib3.connectionpool:Starting new HTTPS connection (1): wordpress-810691-5571285.cloudwaysapps.com:443
DEBUG:root:✅ Image OK: https://wordpress-810691-5571285.cloudwaysapps.com/wp-content/uploads/2025/08/Genealogy_Summer_Meet_Up_June_1541645740.webp
DEBUG:root:Checking internal image: https://wordpress-810691-5571285.cloudwaysapps.com/wp-content/uploads/2025/08/Computer_User_Classes_monthly_1555554488.webp
DEBUG:urllib3.connectionpool:Starting new HTTPS connection (1): wordpress-810691-5571285.cloudwaysapps.com:443
DEBUG:urllib3.connectionpool:https://www.google.com:443 "GET /calendar/event?action=TEMPLATE&text=Preserving+Local+History&dates=20260114T100000/20260114T120000&details=Help+in+the+preservation+of+our+local+history+and+collections%2C+including+transcriptionists%2C+preservationists%2C+digitizers%2C+and+organization%C2%A0projects.&location=2525+Oakley+Seaver+Dr%2C+Clermont%2C+FL%2C+34711%2C+United+States&trp=false&sprop=https%3A%2F%2Fwordpress-810691-5571285.cloudwaysapps.com%2Fevents%2Fpreserving-local-history-2026-01-14%2F&sprop=name:Pastfinders&ctz=America%2FNew_York HTTP/1.1" 302 0
DEBUG:urllib3.connectionpool:Starting new HTTPS connection (1): calendar.google.com:443
DEBUG:urllib3.connectionpool:https://wordpress-810691-5571285.cloudwaysapps.com:443 "GET /wp-content/uploads/2025/08/2019_February_8_Conference_11_1570503420-1024x683.webp HTTP/1.1" 200 49810
DEBUG:root:✅ Image OK: https://wordpress-810691-5571285.cloudwaysapps.com/wp-content/uploads/2025/08/2019_February_8_Conference_11_1570503420-1024x683.webp
DEBUG:root:Checking internal image: https://wordpress-810691-5571285.cloudwaysapps.com/wp-content/uploads/2025/08/2019_February_8_Conference_30_1570504010-1024x683.webp
DEBUG:urllib3.connectionpool:Starting new HTTPS connection (1): wordpress-810691-5571285.cloudwaysapps.com:443
DEBUG:urllib3.connectionpool:https://calendar.google.com:443 "GET /calendar/event?action=TEMPLATE&text=Preserving+Local+History&dates=20260114T100000/20260114T120000&details=Help+in+the+preservation+of+our+local+history+and+collections,+including+transcriptionists,+preservationists,+digitizers,+and+organization%C2%A0projects.&location=2525+Oakley+Seaver+Dr,+Clermont,+FL,+34711,+United+States&trp=false&sprop=https://wordpress-810691-5571285.cloudwaysapps.com/events/preserving-local-history-2026-01-14/&sprop=name:Pastfinders&ctz=America/New_York HTTP/1.1" 302 0
DEBUG:urllib3.connectionpool:Starting new HTTPS connection (1): accounts.google.com:443
DEBUG:urllib3.connectionpool:https://wordpress-810691-5571285.cloudwaysapps.com:443 "GET /wp-content/uploads/2025/08/2018_2_3_Mid-Winter_Geno_Conference_58_1541647173-860x1024.webp HTTP/1.1" 200 66686
DEBUG:urllib3.connectionpool:https://wordpress-810691-5571285.cloudwaysapps.com:443 "GET /wp-content/uploads/2025/08/Computer_User_Classes_monthly_1555554488.webp HTTP/1.1" 200 85106
DEBUG:root:✅ Image OK: https://wordpress-810691-5571285.cloudwaysapps.com/wp-content/uploads/2025/08/2018_2_3_Mid-Winter_Geno_Conference_58_1541647173-860x1024.webp
DEBUG:root:Checking internal image: https://wordpress-810691-5571285.cloudwaysapps.com/wp-content/uploads/2025/08/2018_2_2_Mid-Winter_Geno_Conference_21_1541646668-1024x683.webp
DEBUG:urllib3.connectionpool:Starting new HTTPS connection (1): wordpress-810691-5571285.cloudwaysapps.com:443
DEBUG:root:✅ Image OK: https://wordpress-810691-5571285.cloudwaysapps.com/wp-content/uploads/2025/08/Computer_User_Classes_monthly_1555554488.webp
DEBUG:root:Checking internal image: https://wordpress-810691-5571285.cloudwaysapps.com/wp-content/uploads/2025/08/april_cug_1525136122.webp
DEBUG:urllib3.connectionpool:Starting new HTTPS connection (1): wordpress-810691-5571285.cloudwaysapps.com:443
DEBUG:urllib3.connectionpool:https://accounts.google.com:443 "GET /ServiceLogin?service=cl&passive=1209600&osid=1&continue=https://calendar.google.com/calendar/event?action%3DTEMPLATE%26text%3DPreserving%2BLocal%2BHistory%26dates%3D20260114T100000/20260114T120000%26details%3DHelp%2Bin%2Bthe%2Bpreservation%2Bof%2Bour%2Blocal%2Bhistory%2Band%2Bcollections,%2Bincluding%2Btranscriptionists,%2Bpreservationists,%2Bdigitizers,%2Band%2Borganization%25C2%25A0projects.%26location%3D2525%2BOakley%2BSeaver%2BDr,%2BClermont,%2BFL,%2B34711,%2BUnited%2BStates%26trp%3Dfalse%26sprop%3Dhttps://wordpress-810691-5571285.cloudwaysapps.com/events/preserving-local-history-2026-01-14/%26sprop%3Dname:Pastfinders%26ctz%3DAmerica/New_York&followup=https://calendar.google.com/calendar/event?action%3DTEMPLATE%26text%3DPreserving%2BLocal%2BHistory%26dates%3D20260114T100000/20260114T120000%26details%3DHelp%2Bin%2Bthe%2Bpreservation%2Bof%2Bour%2Blocal%2Bhistory%2Band%2Bcollections,%2Bincluding%2Btranscriptionists,%2Bpreservationists,%2Bdigitizers,%2Band%2Borganization%25C2%25A0projects.%26location%3D2525%2BOakley%2BSeaver%2BDr,%2BClermont,%2BFL,%2B34711,%2BUnited%2BStates%26trp%3Dfalse%26sprop%3Dhttps://wordpress-810691-5571285.cloudwaysapps.com/events/preserving-local-history-2026-01-14/%26sprop%3Dname:Pastfinders%26ctz%3DAmerica/New_York&emr=1 HTTP/1.1" 302 0
DEBUG:urllib3.connectionpool:https://wordpress-810691-5571285.cloudwaysapps.com:443 "GET /wp-content/uploads/2025/08/2019_February_8_Conference_30_1570504010-1024x683.webp HTTP/1.1" 200 90022
DEBUG:urllib3.connectionpool:https://accounts.google.com:443 "GET /InteractiveLogin?continue=https://calendar.google.com/calendar/event?action%3DTEMPLATE%26text%3DPreserving%2BLocal%2BHistory%26dates%3D20260114T100000/20260114T120000%26details%3DHelp%2Bin%2Bthe%2Bpreservation%2Bof%2Bour%2Blocal%2Bhistory%2Band%2Bcollections,%2Bincluding%2Btranscriptionists,%2Bpreservationists,%2Bdigitizers,%2Band%2Borganization%25C2%25A0projects.%26location%3D2525%2BOakley%2BSeaver%2BDr,%2BClermont,%2BFL,%2B34711,%2BUnited%2BStates%26trp%3Dfalse%26sprop%3Dhttps://wordpress-810691-5571285.cloudwaysapps.com/events/preserving-local-history-2026-01-14/%26sprop%3Dname:Pastfinders%26ctz%3DAmerica/New_York&emr=1&followup=https://calendar.google.com/calendar/event?action%3DTEMPLATE%26text%3DPreserving%2BLocal%2BHistory%26dates%3D20260114T100000/20260114T120000%26details%3DHelp%2Bin%2Bthe%2Bpreservation%2Bof%2Bour%2Blocal%2Bhistory%2Band%2Bcollections,%2Bincluding%2Btranscriptionists,%2Bpreservationists,%2Bdigitizers,%2Band%2Borganization%25C2%25A0projects.%26location%3D2525%2BOakley%2BSeaver%2BDr,%2BClermont,%2BFL,%2B34711,%2BUnited%2BStates%26trp%3Dfalse%26sprop%3Dhttps://wordpress-810691-5571285.cloudwaysapps.com/events/preserving-local-history-2026-01-14/%26sprop%3Dname:Pastfinders%26ctz%3DAmerica/New_York&osid=1&passive=1209600&service=cl&ifkv=AdBytiMKTzLjAz1eu1JZUwak1oNX98Wwrnlj4taIoezIoBkJSTKepzTNp4132uYx6lKNFynLWWXRgQ HTTP/1.1" 302 None
DEBUG:root:✅ Image OK: https://wordpress-810691-5571285.cloudwaysapps.com/wp-content/uploads/2025/08/2019_February_8_Conference_30_1570504010-1024x683.webp
DEBUG:root:Checking internal image: https://wordpress-810691-5571285.cloudwaysapps.com/wp-content/uploads/2025/08/2019_February_8_Conference_7_1570503420-1024x683.webp
DEBUG:urllib3.connectionpool:Starting new HTTPS connection (1): wordpress-810691-5571285.cloudwaysapps.com:443
DEBUG:urllib3.connectionpool:https://accounts.google.com:443 "GET /v3/signin/identifier?continue=https%3A%2F%2Fcalendar.google.com%2Fcalendar%2Fevent%3Faction%3DTEMPLATE%26text%3DPreserving%2BLocal%2BHistory%26dates%3D20260114T100000%2F20260114T120000%26details%3DHelp%2Bin%2Bthe%2Bpreservation%2Bof%2Bour%2Blocal%2Bhistory%2Band%2Bcollections%2C%2Bincluding%2Btranscriptionists%2C%2Bpreservationists%2C%2Bdigitizers%2C%2Band%2Borganization%25C2%25A0projects.%26location%3D2525%2BOakley%2BSeaver%2BDr%2C%2BClermont%2C%2BFL%2C%2B34711%2C%2BUnited%2BStates%26trp%3Dfalse%26sprop%3Dhttps%3A%2F%2Fwordpress-810691-5571285.cloudwaysapps.com%2Fevents%2Fpreserving-local-history-2026-01-14%2F%26sprop%3Dname%3APastfinders%26ctz%3DAmerica%2FNew_York&emr=1&followup=https%3A%2F%2Fcalendar.google.com%2Fcalendar%2Fevent%3Faction%3DTEMPLATE%26text%3DPreserving%2BLocal%2BHistory%26dates%3D20260114T100000%2F20260114T120000%26details%3DHelp%2Bin%2Bthe%2Bpreservation%2Bof%2Bour%2Blocal%2Bhistory%2Band%2Bcollections%2C%2Bincluding%2Btranscriptionists%2C%2Bpreservationists%2C%2Bdigitizers%2C%2Band%2Borganization%25C2%25A0projects.%26location%3D2525%2BOakley%2BSeaver%2BDr%2C%2BClermont%2C%2BFL%2C%2B34711%2C%2BUnited%2BStates%26trp%3Dfalse%26sprop%3Dhttps%3A%2F%2Fwordpress-810691-5571285.cloudwaysapps.com%2Fevents%2Fpreserving-local-history-2026-01-14%2F%26sprop%3Dname%3APastfinders%26ctz%3DAmerica%2FNew_York&ifkv=AdBytiPRQvJ6NWL0YTkko_Vzj2Rw5-Hc9N1ugG4U2yzpWY94LZcG0V5PfMLRbR1d52XmTt_j3nM2qw&osid=1&passive=1209600&service=cl&flowName=WebLiteSignIn&flowEntry=ServiceLogin&dsh=S-1660269645%3A1756758324552876 HTTP/1.1" 200 None
DEBUG:urllib3.connectionpool:https://wordpress-810691-5571285.cloudwaysapps.com:443 "GET /wp-content/uploads/2025/08/april_cug_1525136122.webp HTTP/1.1" 200 103194
DEBUG:root:✅ Hyperlink OK: https://www.google.com/calendar/event?action=TEMPLATE&text=Preserving+Local+History&dates=20260114T100000/20260114T120000&details=Help+in+the+preservation+of+our+local+history+and+collections%2C+including+transcriptionists%2C+preservationists%2C+digitizers%2C+and+organization%C2%A0projects.&location=2525+Oakley+Seaver+Dr%2C+Clermont%2C+FL%2C+34711%2C+United+States&trp=false&sprop=https%3A%2F%2Fwordpress-810691-5571285.cloudwaysapps.com%2Fevents%2Fpreserving-local-history-2026-01-14%2F&sprop=name:Pastfinders&ctz=America%2FNew_York
DEBUG:root:Checking external hyperlink: https://outlook.office.com/calendar/0/deeplink/compose?allday=false&body=Help+in+the+preservation+of+our+local+history+and+collections%2C+including+transcriptionists%2C+preservationists%2C+digitizers%2C+and+organization%C2%A0projects.&location=2525+Oakley+Seaver+Dr%2C+Clermont%2C+FL%2C+34711%2C+United+States&path=/calendar/action/compose&rru=addevent&startdt=2026-01-14T10%3A00%3A00-05%3A00&enddt=2026-01-14T12%3A00%3A00-05%3A00&subject=Preserving+Local+History
DEBUG:urllib3.connectionpool:Starting new HTTPS connection (1): outlook.office.com:443
DEBUG:urllib3.connectionpool:https://wordpress-810691-5571285.cloudwaysapps.com:443 "GET /wp-content/uploads/2025/08/2018_2_2_Mid-Winter_Geno_Conference_21_1541646668-1024x683.webp HTTP/1.1" 200 113494
DEBUG:root:✅ Image OK: https://wordpress-810691-5571285.cloudwaysapps.com/wp-content/uploads/2025/08/april_cug_1525136122.webp
DEBUG:root:Checking internal image: https://wordpress-810691-5571285.cloudwaysapps.com/wp-content/uploads/2025/08/Slide2_3_1541646042.webp
DEBUG:urllib3.connectionpool:Starting new HTTPS connection (1): wordpress-810691-5571285.cloudwaysapps.com:443
DEBUG:urllib3.connectionpool:https://wordpress-810691-5571285.cloudwaysapps.com:443 "GET /wp-content/uploads/2025/08/2019_February_8_Conference_7_1570503420-1024x683.webp HTTP/1.1" 200 57118
DEBUG:root:✅ Image OK: https://wordpress-810691-5571285.cloudwaysapps.com/wp-content/uploads/2025/08/2018_2_2_Mid-Winter_Geno_Conference_21_1541646668-1024x683.webp
DEBUG:root:Checking internal image: https://wordpress-810691-5571285.cloudwaysapps.com/wp-content/uploads/2025/08/2018_2_3_Mid-Winter_Geno_Conference_38_1541647173-1024x683.webp
DEBUG:urllib3.connectionpool:Starting new HTTPS connection (1): wordpress-810691-5571285.cloudwaysapps.com:443
DEBUG:root:✅ Image OK: https://wordpress-810691-5571285.cloudwaysapps.com/wp-content/uploads/2025/08/2019_February_8_Conference_7_1570503420-1024x683.webp
DEBUG:root:Checking internal image: https://wordpress-810691-5571285.cloudwaysapps.com/wp-content/uploads/2025/08/2019_February_8_Conference_12_1570503420-1024x683.webp
DEBUG:urllib3.connectionpool:Starting new HTTPS connection (1): wordpress-810691-5571285.cloudwaysapps.com:443
DEBUG:urllib3.connectionpool:https://outlook.office.com:443 "GET /calendar/0/deeplink/compose?allday=false&body=Help+in+the+preservation+of+our+local+history+and+collections%2C+including+transcriptionists%2C+preservationists%2C+digitizers%2C+and+organization%C2%A0projects.&location=2525+Oakley+Seaver+Dr%2C+Clermont%2C+FL%2C+34711%2C+United+States&path=/calendar/action/compose&rru=addevent&startdt=2026-01-14T10%3A00%3A00-05%3A00&enddt=2026-01-14T12%3A00%3A00-05%3A00&subject=Preserving+Local+History HTTP/1.1" 200 None
DEBUG:root:✅ Hyperlink OK: https://outlook.office.com/calendar/0/deeplink/compose?allday=false&body=Help+in+the+preservation+of+our+local+history+and+collections%2C+including+transcriptionists%2C+preservationists%2C+digitizers%2C+and+organization%C2%A0projects.&location=2525+Oakley+Seaver+Dr%2C+Clermont%2C+FL%2C+34711%2C+United+States&path=/calendar/action/compose&rru=addevent&startdt=2026-01-14T10%3A00%3A00-05%3A00&enddt=2026-01-14T12%3A00%3A00-05%3A00&subject=Preserving+Local+History
DEBUG:root:Checking external hyperlink: https://outlook.live.com/calendar/0/deeplink/compose?allday=false&body=Help+in+the+preservation+of+our+local+history+and+collections%2C+including+transcriptionists%2C+preservationists%2C+digitizers%2C+and+organization%C2%A0projects.&location=2525+Oakley+Seaver+Dr%2C+Clermont%2C+FL%2C+34711%2C+United+States&path=/calendar/action/compose&rru=addevent&startdt=2026-01-14T10%3A00%3A00-05%3A00&enddt=2026-01-14T12%3A00%3A00-05%3A00&subject=Preserving+Local+History
DEBUG:urllib3.connectionpool:Starting new HTTPS connection (1): outlook.live.com:443
DEBUG:urllib3.connectionpool:https://wordpress-810691-5571285.cloudwaysapps.com:443 "GET /wp-content/uploads/2025/08/Slide2_3_1541646042.webp HTTP/1.1" 200 98924
DEBUG:urllib3.connectionpool:https://wordpress-810691-5571285.cloudwaysapps.com:443 "GET /wp-content/uploads/2025/08/2018_2_3_Mid-Winter_Geno_Conference_38_1541647173-1024x683.webp HTTP/1.1" 200 112874
DEBUG:urllib3.connectionpool:https://wordpress-810691-5571285.cloudwaysapps.com:443 "GET /wp-content/uploads/2025/08/2019_February_8_Conference_12_1570503420-1024x683.webp HTTP/1.1" 200 50096
DEBUG:urllib3.connectionpool:https://outlook.live.com:443 "GET /calendar/0/deeplink/compose?allday=false&body=Help+in+the+preservation+of+our+local+history+and+collections%2C+including+transcriptionists%2C+preservationists%2C+digitizers%2C+and+organization%C2%A0projects.&location=2525+Oakley+Seaver+Dr%2C+Clermont%2C+FL%2C+34711%2C+United+States&path=/calendar/action/compose&rru=addevent&startdt=2026-01-14T10%3A00%3A00-05%3A00&enddt=2026-01-14T12%3A00%3A00-05%3A00&subject=Preserving+Local+History HTTP/1.1" 200 None
DEBUG:urllib3.connectionpool:https://wordpress-810691-5571285.cloudwaysapps.com:443 "GET /subject/children-genealogy-resources/ HTTP/1.1" 404 None
DEBUG:root:✅ Hyperlink OK: https://outlook.live.com/calendar/0/deeplink/compose?allday=false&body=Help+in+the+preservation+of+our+local+history+and+collections%2C+including+transcriptionists%2C+preservationists%2C+digitizers%2C+and+organization%C2%A0projects.&location=2525+Oakley+Seaver+Dr%2C+Clermont%2C+FL%2C+34711%2C+United+States&path=/calendar/action/compose&rru=addevent&startdt=2026-01-14T10%3A00%3A00-05%3A00&enddt=2026-01-14T12%3A00%3A00-05%3A00&subject=Preserving+Local+History
DEBUG:root:Using regex pattern: \b[a-zA-Z]{3,}\b
DEBUG:root:Found 44 words to check in https://wordpress-810691-5571285.cloudwaysapps.com/events/preserving-local-history-2026-01-14/ (min_length=3)
DEBUG:root:Sample words from https://wordpress-810691-5571285.cloudwaysapps.com/events/preserving-local-history-2026-01-14/: ['This', 'alert', 'Skip', 'content', 'Preserving', 'Local', 'History', 'When', 'January', 'Add']
DEBUG:root:Misspelled word found: 'transcriptionists' in https://wordpress-810691-5571285.cloudwaysapps.com/events/preserving-local-history-2026-01-14/
DEBUG:root:Spell check results for https://wordpress-810691-5571285.cloudwaysapps.com/events/preserving-local-history-2026-01-14/: 17 words checked, 27 skipped, 1 errors found
INFO:root:✅ Processed https://wordpress-810691-5571285.cloudwaysapps.com/events/preserving-local-history-2026-01-14/: 1 errors found, 65 words checked
DEBUG:root:Attempting to fetch: https://wordpress-810691-5571285.cloudwaysapps.com/resources/25-best-genealogy-websites-for-beginners/
Processing pages:  96%|█████████▌| 366/381 [03:21<00:10,  1.41it/s]DEBUG:root:✅ Image OK: https://wordpress-810691-5571285.cloudwaysapps.com/wp-content/uploads/2025/08/2018_2_3_Mid-Winter_Geno_Conference_38_1541647173-1024x683.webp
DEBUG:root:Checking internal image: https://wordpress-810691-5571285.cloudwaysapps.com/wp-content/uploads/2025/08/2018_2_2_Mid-Winter_Geno_Conference_17_1541646668-1024x683.webp
DEBUG:root:✅ Image OK: https://wordpress-810691-5571285.cloudwaysapps.com/wp-content/uploads/2025/08/2019_February_8_Conference_12_1570503420-1024x683.webp
DEBUG:root:Checking internal image: https://wordpress-810691-5571285.cloudwaysapps.com/wp-content/uploads/2025/08/2019_February_8_Conference_1_1570503440-1024x683.webp
DEBUG:root:✅ Image OK: https://wordpress-810691-5571285.cloudwaysapps.com/wp-content/uploads/2025/08/Slide2_3_1541646042.webp
WARNING:root:❌ HTTP 404 for https://wordpress-810691-5571285.cloudwaysapps.com/subject/children-genealogy-resources/ - Not Found
DEBUG:root:Attempting to fetch: https://wordpress-810691-5571285.cloudwaysapps.com/libraries/dna-and-social-networking/
DEBUG:root:Checking internal image: https://wordpress-810691-5571285.cloudwaysapps.com/wp-content/uploads/2025/08/CUG_May_2017_1525136247.webp
DEBUG:urllib3.connectionpool:Starting new HTTPS connection (1): wordpress-810691-5571285.cloudwaysapps.com:443
DEBUG:urllib3.connectionpool:Starting new HTTPS connection (1): wordpress-810691-5571285.cloudwaysapps.com:443
DEBUG:urllib3.connectionpool:Starting new HTTPS connection (1): wordpress-810691-5571285.cloudwaysapps.com:443
DEBUG:urllib3.connectionpool:https://wordpress-810691-5571285.cloudwaysapps.com:443 "GET /resources/25-best-genealogy-websites-for-beginners/ HTTP/1.1" 200 None
DEBUG:root:Successfully fetched https://wordpress-810691-5571285.cloudwaysapps.com/resources/25-best-genealogy-websites-for-beginners/ (Content-Length: 39169)
DEBUG:charset_normalizer:Encoding detection: utf_8 is most likely the one.
DEBUG:root:Extracted 819 characters, 142 words from https://wordpress-810691-5571285.cloudwaysapps.com/resources/25-best-genealogy-websites-for-beginners/
DEBUG:root:Using regex pattern: \b[a-zA-Z]{3,}\b
DEBUG:root:Found 105 words to check in https://wordpress-810691-5571285.cloudwaysapps.com/resources/25-best-genealogy-websites-for-beginners/ (min_length=3)
DEBUG:root:Sample words from https://wordpress-810691-5571285.cloudwaysapps.com/resources/25-best-genealogy-websites-for-beginners/: ['This', 'alert', 'Skip', 'content', 'Best', 'Genealogy', 'Websites', 'for', 'Beginners', 'June']
DEBUG:root:Misspelled word found: 'tos' in https://wordpress-810691-5571285.cloudwaysapps.com/resources/25-best-genealogy-websites-for-beginners/
DEBUG:root:Spell check results for https://wordpress-810691-5571285.cloudwaysapps.com/resources/25-best-genealogy-websites-for-beginners/: 85 words checked, 20 skipped, 1 errors found
INFO:root:✅ Processed https://wordpress-810691-5571285.cloudwaysapps.com/resources/25-best-genealogy-websites-for-beginners/: 1 errors found, 142 words checked
DEBUG:root:Attempting to fetch: https://wordpress-810691-5571285.cloudwaysapps.com/resources/genealogy-how-to-get-started-on-your-family-tree/
Processing pages:  97%|█████████▋| 368/381 [03:21<00:05,  2.35it/s]DEBUG:urllib3.connectionpool:https://wordpress-810691-5571285.cloudwaysapps.com:443 "GET /libraries/dna-and-social-networking/ HTTP/1.1" 200 None
DEBUG:root:Successfully fetched https://wordpress-810691-5571285.cloudwaysapps.com/libraries/dna-and-social-networking/ (Content-Length: 36118)
DEBUG:charset_normalizer:Encoding detection: utf_8 is most likely the one.
DEBUG:root:Extracted 90 characters, 17 words from https://wordpress-810691-5571285.cloudwaysapps.com/libraries/dna-and-social-networking/
DEBUG:root:Using regex pattern: \b[a-zA-Z]{3,}\b
DEBUG:root:Found 9 words to check in https://wordpress-810691-5571285.cloudwaysapps.com/libraries/dna-and-social-networking/ (min_length=3)
DEBUG:root:Sample words from https://wordpress-810691-5571285.cloudwaysapps.com/libraries/dna-and-social-networking/: ['This', 'alert', 'Skip', 'content', 'DNA', 'and', 'social', 'networking', 'March']
DEBUG:root:Spell check results for https://wordpress-810691-5571285.cloudwaysapps.com/libraries/dna-and-social-networking/: 5 words checked, 4 skipped, 0 errors found
INFO:root:✅ Processed https://wordpress-810691-5571285.cloudwaysapps.com/libraries/dna-and-social-networking/: 0 errors found, 17 words checked
DEBUG:root:Attempting to fetch: https://wordpress-810691-5571285.cloudwaysapps.com/events/research-assistance-2025-08-27-2025-09-03-2025-09-10-2025-09-17-2025-09-24-2025-10-01-2025-10-08-2025-10-15-2025-10-22-2025-10-29-2025-11-05-2025-11-12-2025-11-19-2025-11-26-2025-12-03-2-04-2026-02-11/
DEBUG:urllib3.connectionpool:https://wordpress-810691-5571285.cloudwaysapps.com:443 "GET /wp-content/uploads/2025/08/2019_February_8_Conference_1_1570503440-1024x683.webp HTTP/1.1" 200 127292
DEBUG:urllib3.connectionpool:https://wordpress-810691-5571285.cloudwaysapps.com:443 "GET /wp-content/uploads/2025/08/2018_2_2_Mid-Winter_Geno_Conference_17_1541646668-1024x683.webp HTTP/1.1" 200 111448
DEBUG:urllib3.connectionpool:https://wordpress-810691-5571285.cloudwaysapps.com:443 "GET /wp-content/uploads/2025/08/CUG_May_2017_1525136247.webp HTTP/1.1" 200 84464
DEBUG:root:✅ Image OK: https://wordpress-810691-5571285.cloudwaysapps.com/wp-content/uploads/2025/08/CUG_May_2017_1525136247.webp
DEBUG:root:Checking internal image: https://wordpress-810691-5571285.cloudwaysapps.com/wp-content/uploads/2025/08/May_2017_1525136310.webp
DEBUG:urllib3.connectionpool:Starting new HTTPS connection (1): wordpress-810691-5571285.cloudwaysapps.com:443
DEBUG:root:✅ Image OK: https://wordpress-810691-5571285.cloudwaysapps.com/wp-content/uploads/2025/08/2019_February_8_Conference_1_1570503440-1024x683.webp
DEBUG:root:Checking internal image: https://wordpress-810691-5571285.cloudwaysapps.com/wp-content/uploads/2025/08/2019_February_8_Conference_19_1570503420-1024x683.webp
DEBUG:urllib3.connectionpool:Starting new HTTPS connection (1): wordpress-810691-5571285.cloudwaysapps.com:443
DEBUG:root:✅ Image OK: https://wordpress-810691-5571285.cloudwaysapps.com/wp-content/uploads/2025/08/2018_2_2_Mid-Winter_Geno_Conference_17_1541646668-1024x683.webp
DEBUG:root:Checking internal image: https://wordpress-810691-5571285.cloudwaysapps.com/wp-content/uploads/2025/08/2018_2_3_Mid-Winter_Geno_Conference_30_1541647173-1024x683.webp
DEBUG:urllib3.connectionpool:Starting new HTTPS connection (1): wordpress-810691-5571285.cloudwaysapps.com:443
DEBUG:urllib3.connectionpool:https://wordpress-810691-5571285.cloudwaysapps.com:443 "GET /events/research-assistance-2025-08-27-2025-09-03-2025-09-10-2025-09-17-2025-09-24-2025-10-01-2025-10-08-2025-10-15-2025-10-22-2025-10-29-2025-11-05-2025-11-12-2025-11-19-2025-11-26-2025-12-03-2-04-2026-02-11/ HTTP/1.1" 200 None
DEBUG:root:Successfully fetched https://wordpress-810691-5571285.cloudwaysapps.com/events/research-assistance-2025-08-27-2025-09-03-2025-09-10-2025-09-17-2025-09-24-2025-10-01-2025-10-08-2025-10-15-2025-10-22-2025-10-29-2025-11-05-2025-11-12-2025-11-19-2025-11-26-2025-12-03-2-04-2026-02-11/ (Content-Length: 44219)
DEBUG:charset_normalizer:Encoding detection: utf_8 is most likely the one.
DEBUG:root:Extracted 492 characters, 85 words from https://wordpress-810691-5571285.cloudwaysapps.com/events/research-assistance-2025-08-27-2025-09-03-2025-09-10-2025-09-17-2025-09-24-2025-10-01-2025-10-08-2025-10-15-2025-10-22-2025-10-29-2025-11-05-2025-11-12-2025-11-19-2025-11-26-2025-12-03-2-04-2026-02-11/
DEBUG:urllib3.connectionpool:https://wordpress-810691-5571285.cloudwaysapps.com:443 "GET /wp-content/uploads/2025/08/May_2017_1525136310.webp HTTP/1.1" 200 62794
DEBUG:root:Checking external hyperlink: https://www.google.com/calendar/event?action=TEMPLATE&text=Research+Assistance&dates=20260211T130000/20260211T150000&details=Join+us+weekly+in+the+Genealogy+Room+for+in-person+help+with+your+research.+It%E2%80%99s+a+great+chance+to+get+one-on-one+guidance%2C+ask+questions%2C+and+connect+with+others+who+share+your+passion+for+family+history.&location=2525+Oakley+Seaver+Dr%2C+Clermont%2C+FL%2C+34711%2C+United+States&trp=false&sprop=https%3A%2F%2Fwordpress-810691-5571285.cloudwaysapps.com%2Fevents%2Fresearch-assistance-2025-08-27-2025-09-03-2025-09-10-2025-09-17-2025-09-24-2025-10-01-2025-10-08-2025-10-15-2025-10-22-2025-10-29-2025-11-05-2025-11-12-2025-11-19-2025-11-26-2025-12-03-2-04-2026-02-11%2F&sprop=name:Pastfinders&ctz=America%2FNew_York
DEBUG:urllib3.connectionpool:https://wordpress-810691-5571285.cloudwaysapps.com:443 "GET /wp-content/uploads/2025/08/2019_February_8_Conference_19_1570503420-1024x683.webp HTTP/1.1" 200 63594
DEBUG:urllib3.connectionpool:Starting new HTTPS connection (1): www.google.com:443
DEBUG:root:✅ Image OK: https://wordpress-810691-5571285.cloudwaysapps.com/wp-content/uploads/2025/08/2019_February_8_Conference_19_1570503420-1024x683.webp
DEBUG:root:✅ Image OK: https://wordpress-810691-5571285.cloudwaysapps.com/wp-content/uploads/2025/08/May_2017_1525136310.webp
DEBUG:root:Checking internal image: https://wordpress-810691-5571285.cloudwaysapps.com/wp-content/uploads/2025/08/2019_February_8_Conference_16_1570503420-1024x683.webp
DEBUG:root:Checking internal image: https://wordpress-810691-5571285.cloudwaysapps.com/wp-content/uploads/2025/08/flyer_septamber_2017_meeting_1541645740.webp
DEBUG:urllib3.connectionpool:Starting new HTTPS connection (1): wordpress-810691-5571285.cloudwaysapps.com:443
DEBUG:urllib3.connectionpool:Starting new HTTPS connection (1): wordpress-810691-5571285.cloudwaysapps.com:443
DEBUG:urllib3.connectionpool:https://wordpress-810691-5571285.cloudwaysapps.com:443 "GET /wp-content/uploads/2025/08/2018_2_3_Mid-Winter_Geno_Conference_30_1541647173-1024x683.webp HTTP/1.1" 200 62818
DEBUG:root:✅ Image OK: https://wordpress-810691-5571285.cloudwaysapps.com/wp-content/uploads/2025/08/2018_2_3_Mid-Winter_Geno_Conference_30_1541647173-1024x683.webp
DEBUG:root:Checking internal image: https://wordpress-810691-5571285.cloudwaysapps.com/wp-content/uploads/2025/08/2018_2_2_Mid-Winter_Geno_Conference_13_1541646668-683x1024.webp
DEBUG:urllib3.connectionpool:Starting new HTTPS connection (1): wordpress-810691-5571285.cloudwaysapps.com:443
DEBUG:urllib3.connectionpool:https://www.google.com:443 "GET /calendar/event?action=TEMPLATE&text=Research+Assistance&dates=20260211T130000/20260211T150000&details=Join+us+weekly+in+the+Genealogy+Room+for+in-person+help+with+your+research.+It%E2%80%99s+a+great+chance+to+get+one-on-one+guidance%2C+ask+questions%2C+and+connect+with+others+who+share+your+passion+for+family+history.&location=2525+Oakley+Seaver+Dr%2C+Clermont%2C+FL%2C+34711%2C+United+States&trp=false&sprop=https%3A%2F%2Fwordpress-810691-5571285.cloudwaysapps.com%2Fevents%2Fresearch-assistance-2025-08-27-2025-09-03-2025-09-10-2025-09-17-2025-09-24-2025-10-01-2025-10-08-2025-10-15-2025-10-22-2025-10-29-2025-11-05-2025-11-12-2025-11-19-2025-11-26-2025-12-03-2-04-2026-02-11%2F&sprop=name:Pastfinders&ctz=America%2FNew_York HTTP/1.1" 302 0
DEBUG:urllib3.connectionpool:Starting new HTTPS connection (1): calendar.google.com:443
DEBUG:urllib3.connectionpool:https://calendar.google.com:443 "GET /calendar/event?action=TEMPLATE&text=Research+Assistance&dates=20260211T130000/20260211T150000&details=Join+us+weekly+in+the+Genealogy+Room+for+in-person+help+with+your+research.+It%E2%80%99s+a+great+chance+to+get+one-on-one+guidance,+ask+questions,+and+connect+with+others+who+share+your+passion+for+family+history.&location=2525+Oakley+Seaver+Dr,+Clermont,+FL,+34711,+United+States&trp=false&sprop=https://wordpress-810691-5571285.cloudwaysapps.com/events/research-assistance-2025-08-27-2025-09-03-2025-09-10-2025-09-17-2025-09-24-2025-10-01-2025-10-08-2025-10-15-2025-10-22-2025-10-29-2025-11-05-2025-11-12-2025-11-19-2025-11-26-2025-12-03-2-04-2026-02-11/&sprop=name:Pastfinders&ctz=America/New_York HTTP/1.1" 302 0
DEBUG:urllib3.connectionpool:Starting new HTTPS connection (1): accounts.google.com:443
DEBUG:urllib3.connectionpool:https://wordpress-810691-5571285.cloudwaysapps.com:443 "GET /wp-content/uploads/2025/08/2019_February_8_Conference_16_1570503420-1024x683.webp HTTP/1.1" 200 90704
DEBUG:urllib3.connectionpool:https://wordpress-810691-5571285.cloudwaysapps.com:443 "GET /wp-content/uploads/2025/08/flyer_septamber_2017_meeting_1541645740.webp HTTP/1.1" 200 58826
DEBUG:root:✅ Image OK: https://wordpress-810691-5571285.cloudwaysapps.com/wp-content/uploads/2025/08/2019_February_8_Conference_16_1570503420-1024x683.webp
DEBUG:root:Checking internal image: https://wordpress-810691-5571285.cloudwaysapps.com/wp-content/uploads/2025/08/2019_February_9_Conference_5_1570504010-1024x683.webp
DEBUG:urllib3.connectionpool:Starting new HTTPS connection (1): wordpress-810691-5571285.cloudwaysapps.com:443
DEBUG:root:✅ Image OK: https://wordpress-810691-5571285.cloudwaysapps.com/wp-content/uploads/2025/08/flyer_septamber_2017_meeting_1541645740.webp
DEBUG:root:Checking internal image: https://wordpress-810691-5571285.cloudwaysapps.com/wp-content/uploads/2025/08/one_on_one_1541645740.webp
DEBUG:urllib3.connectionpool:Starting new HTTPS connection (1): wordpress-810691-5571285.cloudwaysapps.com:443
DEBUG:urllib3.connectionpool:https://wordpress-810691-5571285.cloudwaysapps.com:443 "GET /wp-content/uploads/2025/08/2018_2_2_Mid-Winter_Geno_Conference_13_1541646668-683x1024.webp HTTP/1.1" 200 83020
DEBUG:root:✅ Image OK: https://wordpress-810691-5571285.cloudwaysapps.com/wp-content/uploads/2025/08/2018_2_2_Mid-Winter_Geno_Conference_13_1541646668-683x1024.webp
DEBUG:root:Checking internal image: https://wordpress-810691-5571285.cloudwaysapps.com/wp-content/uploads/2025/08/2018_2_2_mid-winter_Geno_Conference_0_1541646668-1024x654.webp
DEBUG:urllib3.connectionpool:https://accounts.google.com:443 "GET /ServiceLogin?service=cl&passive=1209600&osid=1&continue=https://calendar.google.com/calendar/event?action%3DTEMPLATE%26text%3DResearch%2BAssistance%26dates%3D20260211T130000/20260211T150000%26details%3DJoin%2Bus%2Bweekly%2Bin%2Bthe%2BGenealogy%2BRoom%2Bfor%2Bin-person%2Bhelp%2Bwith%2Byour%2Bresearch.%2BIt%25E2%2580%2599s%2Ba%2Bgreat%2Bchance%2Bto%2Bget%2Bone-on-one%2Bguidance,%2Bask%2Bquestions,%2Band%2Bconnect%2Bwith%2Bothers%2Bwho%2Bshare%2Byour%2Bpassion%2Bfor%2Bfamily%2Bhistory.%26location%3D2525%2BOakley%2BSeaver%2BDr,%2BClermont,%2BFL,%2B34711,%2BUnited%2BStates%26trp%3Dfalse%26sprop%3Dhttps://wordpress-810691-5571285.cloudwaysapps.com/events/research-assistance-2025-08-27-2025-09-03-2025-09-10-2025-09-17-2025-09-24-2025-10-01-2025-10-08-2025-10-15-2025-10-22-2025-10-29-2025-11-05-2025-11-12-2025-11-19-2025-11-26-2025-12-03-2-04-2026-02-11/%26sprop%3Dname:Pastfinders%26ctz%3DAmerica/New_York&followup=https://calendar.google.com/calendar/event?action%3DTEMPLATE%26text%3DResearch%2BAssistance%26dates%3D20260211T130000/20260211T150000%26details%3DJoin%2Bus%2Bweekly%2Bin%2Bthe%2BGenealogy%2BRoom%2Bfor%2Bin-person%2Bhelp%2Bwith%2Byour%2Bresearch.%2BIt%25E2%2580%2599s%2Ba%2Bgreat%2Bchance%2Bto%2Bget%2Bone-on-one%2Bguidance,%2Bask%2Bquestions,%2Band%2Bconnect%2Bwith%2Bothers%2Bwho%2Bshare%2Byour%2Bpassion%2Bfor%2Bfamily%2Bhistory.%26location%3D2525%2BOakley%2BSeaver%2BDr,%2BClermont,%2BFL,%2B34711,%2BUnited%2BStates%26trp%3Dfalse%26sprop%3Dhttps://wordpress-810691-5571285.cloudwaysapps.com/events/research-assistance-2025-08-27-2025-09-03-2025-09-10-2025-09-17-2025-09-24-2025-10-01-2025-10-08-2025-10-15-2025-10-22-2025-10-29-2025-11-05-2025-11-12-2025-11-19-2025-11-26-2025-12-03-2-04-2026-02-11/%26sprop%3Dname:Pastfinders%26ctz%3DAmerica/New_York&emr=1 HTTP/1.1" 302 0
DEBUG:urllib3.connectionpool:Starting new HTTPS connection (1): wordpress-810691-5571285.cloudwaysapps.com:443
DEBUG:urllib3.connectionpool:https://accounts.google.com:443 "GET /InteractiveLogin?continue=https://calendar.google.com/calendar/event?action%3DTEMPLATE%26text%3DResearch%2BAssistance%26dates%3D20260211T130000/20260211T150000%26details%3DJoin%2Bus%2Bweekly%2Bin%2Bthe%2BGenealogy%2BRoom%2Bfor%2Bin-person%2Bhelp%2Bwith%2Byour%2Bresearch.%2BIt%25E2%2580%2599s%2Ba%2Bgreat%2Bchance%2Bto%2Bget%2Bone-on-one%2Bguidance,%2Bask%2Bquestions,%2Band%2Bconnect%2Bwith%2Bothers%2Bwho%2Bshare%2Byour%2Bpassion%2Bfor%2Bfamily%2Bhistory.%26location%3D2525%2BOakley%2BSeaver%2BDr,%2BClermont,%2BFL,%2B34711,%2BUnited%2BStates%26trp%3Dfalse%26sprop%3Dhttps://wordpress-810691-5571285.cloudwaysapps.com/events/research-assistance-2025-08-27-2025-09-03-2025-09-10-2025-09-17-2025-09-24-2025-10-01-2025-10-08-2025-10-15-2025-10-22-2025-10-29-2025-11-05-2025-11-12-2025-11-19-2025-11-26-2025-12-03-2-04-2026-02-11/%26sprop%3Dname:Pastfinders%26ctz%3DAmerica/New_York&emr=1&followup=https://calendar.google.com/calendar/event?action%3DTEMPLATE%26text%3DResearch%2BAssistance%26dates%3D20260211T130000/20260211T150000%26details%3DJoin%2Bus%2Bweekly%2Bin%2Bthe%2BGenealogy%2BRoom%2Bfor%2Bin-person%2Bhelp%2Bwith%2Byour%2Bresearch.%2BIt%25E2%2580%2599s%2Ba%2Bgreat%2Bchance%2Bto%2Bget%2Bone-on-one%2Bguidance,%2Bask%2Bquestions,%2Band%2Bconnect%2Bwith%2Bothers%2Bwho%2Bshare%2Byour%2Bpassion%2Bfor%2Bfamily%2Bhistory.%26location%3D2525%2BOakley%2BSeaver%2BDr,%2BClermont,%2BFL,%2B34711,%2BUnited%2BStates%26trp%3Dfalse%26sprop%3Dhttps://wordpress-810691-5571285.cloudwaysapps.com/events/research-assistance-2025-08-27-2025-09-03-2025-09-10-2025-09-17-2025-09-24-2025-10-01-2025-10-08-2025-10-15-2025-10-22-2025-10-29-2025-11-05-2025-11-12-2025-11-19-2025-11-26-2025-12-03-2-04-2026-02-11/%26sprop%3Dname:Pastfinders%26ctz%3DAmerica/New_York&osid=1&passive=1209600&service=cl&ifkv=AdBytiP97_L7ldJ7TgjP4TQpM41HJNnC3TNOoZejb2RcgdE9d4u1tEQjKpkMD5kSIoQIcb5j8Pv2og HTTP/1.1" 302 None
DEBUG:urllib3.connectionpool:https://accounts.google.com:443 "GET /v3/signin/identifier?continue=https%3A%2F%2Fcalendar.google.com%2Fcalendar%2Fevent%3Faction%3DTEMPLATE%26text%3DResearch%2BAssistance%26dates%3D20260211T130000%2F20260211T150000%26details%3DJoin%2Bus%2Bweekly%2Bin%2Bthe%2BGenealogy%2BRoom%2Bfor%2Bin-person%2Bhelp%2Bwith%2Byour%2Bresearch.%2BIt%25E2%2580%2599s%2Ba%2Bgreat%2Bchance%2Bto%2Bget%2Bone-on-one%2Bguidance%2C%2Bask%2Bquestions%2C%2Band%2Bconnect%2Bwith%2Bothers%2Bwho%2Bshare%2Byour%2Bpassion%2Bfor%2Bfamily%2Bhistory.%26location%3D2525%2BOakley%2BSeaver%2BDr%2C%2BClermont%2C%2BFL%2C%2B34711%2C%2BUnited%2BStates%26trp%3Dfalse%26sprop%3Dhttps%3A%2F%2Fwordpress-810691-5571285.cloudwaysapps.com%2Fevents%2Fresearch-assistance-2025-08-27-2025-09-03-2025-09-10-2025-09-17-2025-09-24-2025-10-01-2025-10-08-2025-10-15-2025-10-22-2025-10-29-2025-11-05-2025-11-12-2025-11-19-2025-11-26-2025-12-03-2-04-2026-02-11%2F%26sprop%3Dname%3APastfinders%26ctz%3DAmerica%2FNew_York&emr=1&followup=https%3A%2F%2Fcalendar.google.com%2Fcalendar%2Fevent%3Faction%3DTEMPLATE%26text%3DResearch%2BAssistance%26dates%3D20260211T130000%2F20260211T150000%26details%3DJoin%2Bus%2Bweekly%2Bin%2Bthe%2BGenealogy%2BRoom%2Bfor%2Bin-person%2Bhelp%2Bwith%2Byour%2Bresearch.%2BIt%25E2%2580%2599s%2Ba%2Bgreat%2Bchance%2Bto%2Bget%2Bone-on-one%2Bguidance%2C%2Bask%2Bquestions%2C%2Band%2Bconnect%2Bwith%2Bothers%2Bwho%2Bshare%2Byour%2Bpassion%2Bfor%2Bfamily%2Bhistory.%26location%3D2525%2BOakley%2BSeaver%2BDr%2C%2BClermont%2C%2BFL%2C%2B34711%2C%2BUnited%2BStates%26trp%3Dfalse%26sprop%3Dhttps%3A%2F%2Fwordpress-810691-5571285.cloudwaysapps.com%2Fevents%2Fresearch-assistance-2025-08-27-2025-09-03-2025-09-10-2025-09-17-2025-09-24-2025-10-01-2025-10-08-2025-10-15-2025-10-22-2025-10-29-2025-11-05-2025-11-12-2025-11-19-2025-11-26-2025-12-03-2-04-2026-02-11%2F%26sprop%3Dname%3APastfinders%26ctz%3DAmerica%2FNew_York&ifkv=AdBytiNEYV0_KtZrfSYX7ru-jE0f0udjnvNUea6fOUJ1TpMcLHCj-wn22-E-sZ-1Vth2bfWZD7EhmA&osid=1&passive=1209600&service=cl&flowName=WebLiteSignIn&flowEntry=ServiceLogin&dsh=S873368438%3A1756758326339344 HTTP/1.1" 200 None
DEBUG:urllib3.connectionpool:https://wordpress-810691-5571285.cloudwaysapps.com:443 "GET /wp-content/uploads/2025/08/2019_February_9_Conference_5_1570504010-1024x683.webp HTTP/1.1" 200 93756
DEBUG:urllib3.connectionpool:https://wordpress-810691-5571285.cloudwaysapps.com:443 "GET /wp-content/uploads/2025/08/one_on_one_1541645740.webp HTTP/1.1" 200 57782
DEBUG:root:✅ Hyperlink OK: https://www.google.com/calendar/event?action=TEMPLATE&text=Research+Assistance&dates=20260211T130000/20260211T150000&details=Join+us+weekly+in+the+Genealogy+Room+for+in-person+help+with+your+research.+It%E2%80%99s+a+great+chance+to+get+one-on-one+guidance%2C+ask+questions%2C+and+connect+with+others+who+share+your+passion+for+family+history.&location=2525+Oakley+Seaver+Dr%2C+Clermont%2C+FL%2C+34711%2C+United+States&trp=false&sprop=https%3A%2F%2Fwordpress-810691-5571285.cloudwaysapps.com%2Fevents%2Fresearch-assistance-2025-08-27-2025-09-03-2025-09-10-2025-09-17-2025-09-24-2025-10-01-2025-10-08-2025-10-15-2025-10-22-2025-10-29-2025-11-05-2025-11-12-2025-11-19-2025-11-26-2025-12-03-2-04-2026-02-11%2F&sprop=name:Pastfinders&ctz=America%2FNew_York
DEBUG:root:Checking external hyperlink: https://outlook.office.com/calendar/0/deeplink/compose?allday=false&body=Join+us+weekly+in+the+Genealogy+Room+for+in-person+help+with+your+research.+It%E2%80%99s+a+great+chance+to+get+one-on-one+guidance%2C+ask+questions%2C+and+connect+with+others+who+share+your+passion+for+family+history.&location=2525+Oakley+Seaver+Dr%2C+Clermont%2C+FL%2C+34711%2C+United+States&path=/calendar/action/compose&rru=addevent&startdt=2026-02-11T13%3A00%3A00-05%3A00&enddt=2026-02-11T15%3A00%3A00-05%3A00&subject=Research+Assistance
DEBUG:root:✅ Image OK: https://wordpress-810691-5571285.cloudwaysapps.com/wp-content/uploads/2025/08/2019_February_9_Conference_5_1570504010-1024x683.webp
DEBUG:root:Checking internal image: https://wordpress-810691-5571285.cloudwaysapps.com/wp-content/uploads/2025/08/2019_February_9_Conference_8_1570504010-1024x683.webp
DEBUG:urllib3.connectionpool:Starting new HTTPS connection (1): wordpress-810691-5571285.cloudwaysapps.com:443
DEBUG:root:✅ Image OK: https://wordpress-810691-5571285.cloudwaysapps.com/wp-content/uploads/2025/08/one_on_one_1541645740.webp
DEBUG:root:Checking internal image: https://wordpress-810691-5571285.cloudwaysapps.com/wp-content/uploads/2025/08/family_hisoty_month_donations_1555555002.webp
DEBUG:urllib3.connectionpool:Starting new HTTPS connection (1): wordpress-810691-5571285.cloudwaysapps.com:443
DEBUG:urllib3.connectionpool:Starting new HTTPS connection (1): outlook.office.com:443
DEBUG:urllib3.connectionpool:https://wordpress-810691-5571285.cloudwaysapps.com:443 "GET /wp-content/uploads/2025/08/2018_2_2_mid-winter_Geno_Conference_0_1541646668-1024x654.webp HTTP/1.1" 200 102480
DEBUG:root:✅ Image OK: https://wordpress-810691-5571285.cloudwaysapps.com/wp-content/uploads/2025/08/2018_2_2_mid-winter_Geno_Conference_0_1541646668-1024x654.webp
DEBUG:root:Checking internal image: https://wordpress-810691-5571285.cloudwaysapps.com/wp-content/uploads/2025/08/2018_2_3_Mid-Winter_Geno_Conference_2_1541646668-683x1024.webp
DEBUG:urllib3.connectionpool:Starting new HTTPS connection (1): wordpress-810691-5571285.cloudwaysapps.com:443
DEBUG:urllib3.connectionpool:https://wordpress-810691-5571285.cloudwaysapps.com:443 "GET /wp-content/uploads/2025/08/2019_February_9_Conference_8_1570504010-1024x683.webp HTTP/1.1" 200 63884
DEBUG:urllib3.connectionpool:https://outlook.office.com:443 "GET /calendar/0/deeplink/compose?allday=false&body=Join+us+weekly+in+the+Genealogy+Room+for+in-person+help+with+your+research.+It%E2%80%99s+a+great+chance+to+get+one-on-one+guidance%2C+ask+questions%2C+and+connect+with+others+who+share+your+passion+for+family+history.&location=2525+Oakley+Seaver+Dr%2C+Clermont%2C+FL%2C+34711%2C+United+States&path=/calendar/action/compose&rru=addevent&startdt=2026-02-11T13%3A00%3A00-05%3A00&enddt=2026-02-11T15%3A00%3A00-05%3A00&subject=Research+Assistance HTTP/1.1" 200 None
DEBUG:root:✅ Hyperlink OK: https://outlook.office.com/calendar/0/deeplink/compose?allday=false&body=Join+us+weekly+in+the+Genealogy+Room+for+in-person+help+with+your+research.+It%E2%80%99s+a+great+chance+to+get+one-on-one+guidance%2C+ask+questions%2C+and+connect+with+others+who+share+your+passion+for+family+history.&location=2525+Oakley+Seaver+Dr%2C+Clermont%2C+FL%2C+34711%2C+United+States&path=/calendar/action/compose&rru=addevent&startdt=2026-02-11T13%3A00%3A00-05%3A00&enddt=2026-02-11T15%3A00%3A00-05%3A00&subject=Research+Assistance
DEBUG:root:Checking external hyperlink: https://outlook.live.com/calendar/0/deeplink/compose?allday=false&body=Join+us+weekly+in+the+Genealogy+Room+for+in-person+help+with+your+research.+It%E2%80%99s+a+great+chance+to+get+one-on-one+guidance%2C+ask+questions%2C+and+connect+with+others+who+share+your+passion+for+family+history.&location=2525+Oakley+Seaver+Dr%2C+Clermont%2C+FL%2C+34711%2C+United+States&path=/calendar/action/compose&rru=addevent&startdt=2026-02-11T13%3A00%3A00-05%3A00&enddt=2026-02-11T15%3A00%3A00-05%3A00&subject=Research+Assistance
DEBUG:urllib3.connectionpool:https://wordpress-810691-5571285.cloudwaysapps.com:443 "GET /wp-content/uploads/2025/08/family_hisoty_month_donations_1555555002.webp HTTP/1.1" 200 73248
DEBUG:urllib3.connectionpool:Starting new HTTPS connection (1): outlook.live.com:443
DEBUG:root:✅ Image OK: https://wordpress-810691-5571285.cloudwaysapps.com/wp-content/uploads/2025/08/2019_February_9_Conference_8_1570504010-1024x683.webp
DEBUG:root:Checking internal image: https://wordpress-810691-5571285.cloudwaysapps.com/wp-content/uploads/2025/08/2019_February_9_Conference_9_1570504010-1024x683.webp
DEBUG:urllib3.connectionpool:Starting new HTTPS connection (1): wordpress-810691-5571285.cloudwaysapps.com:443
DEBUG:root:✅ Image OK: https://wordpress-810691-5571285.cloudwaysapps.com/wp-content/uploads/2025/08/family_hisoty_month_donations_1555555002.webp
DEBUG:root:Checking internal image: https://wordpress-810691-5571285.cloudwaysapps.com/wp-content/uploads/2025/08/2017_October12__adjusted_for_googlejpg_1525136084.webp
DEBUG:urllib3.connectionpool:Starting new HTTPS connection (1): wordpress-810691-5571285.cloudwaysapps.com:443
DEBUG:urllib3.connectionpool:https://wordpress-810691-5571285.cloudwaysapps.com:443 "GET /wp-content/uploads/2025/08/2018_2_3_Mid-Winter_Geno_Conference_2_1541646668-683x1024.webp HTTP/1.1" 200 92060
DEBUG:root:✅ Image OK: https://wordpress-810691-5571285.cloudwaysapps.com/wp-content/uploads/2025/08/2018_2_3_Mid-Winter_Geno_Conference_2_1541646668-683x1024.webp
DEBUG:root:Checking internal image: https://wordpress-810691-5571285.cloudwaysapps.com/wp-content/uploads/2025/08/2018_2_3_Mid-Winter_Geno_Conference_32_1541647173-770x1024.webp
DEBUG:urllib3.connectionpool:Starting new HTTPS connection (1): wordpress-810691-5571285.cloudwaysapps.com:443
DEBUG:urllib3.connectionpool:https://outlook.live.com:443 "GET /calendar/0/deeplink/compose?allday=false&body=Join+us+weekly+in+the+Genealogy+Room+for+in-person+help+with+your+research.+It%E2%80%99s+a+great+chance+to+get+one-on-one+guidance%2C+ask+questions%2C+and+connect+with+others+who+share+your+passion+for+family+history.&location=2525+Oakley+Seaver+Dr%2C+Clermont%2C+FL%2C+34711%2C+United+States&path=/calendar/action/compose&rru=addevent&startdt=2026-02-11T13%3A00%3A00-05%3A00&enddt=2026-02-11T15%3A00%3A00-05%3A00&subject=Research+Assistance HTTP/1.1" 200 None
DEBUG:root:✅ Hyperlink OK: https://outlook.live.com/calendar/0/deeplink/compose?allday=false&body=Join+us+weekly+in+the+Genealogy+Room+for+in-person+help+with+your+research.+It%E2%80%99s+a+great+chance+to+get+one-on-one+guidance%2C+ask+questions%2C+and+connect+with+others+who+share+your+passion+for+family+history.&location=2525+Oakley+Seaver+Dr%2C+Clermont%2C+FL%2C+34711%2C+United+States&path=/calendar/action/compose&rru=addevent&startdt=2026-02-11T13%3A00%3A00-05%3A00&enddt=2026-02-11T15%3A00%3A00-05%3A00&subject=Research+Assistance
DEBUG:root:Using regex pattern: \b[a-zA-Z]{3,}\b
DEBUG:root:Found 58 words to check in https://wordpress-810691-5571285.cloudwaysapps.com/events/research-assistance-2025-08-27-2025-09-03-2025-09-10-2025-09-17-2025-09-24-2025-10-01-2025-10-08-2025-10-15-2025-10-22-2025-10-29-2025-11-05-2025-11-12-2025-11-19-2025-11-26-2025-12-03-2-04-2026-02-11/ (min_length=3)
DEBUG:root:Sample words from https://wordpress-810691-5571285.cloudwaysapps.com/events/research-assistance-2025-08-27-2025-09-03-2025-09-10-2025-09-17-2025-09-24-2025-10-01-2025-10-08-2025-10-15-2025-10-22-2025-10-29-2025-11-05-2025-11-12-2025-11-19-2025-11-26-2025-12-03-2-04-2026-02-11/: ['This', 'alert', 'Skip', 'content', 'Research', 'Assistance', 'When', 'February', 'Add', 'Calendar']
DEBUG:root:Spell check results for https://wordpress-810691-5571285.cloudwaysapps.com/events/research-assistance-2025-08-27-2025-09-03-2025-09-10-2025-09-17-2025-09-24-2025-10-01-2025-10-08-2025-10-15-2025-10-22-2025-10-29-2025-11-05-2025-11-12-2025-11-19-2025-11-26-2025-12-03-2-04-2026-02-11/: 30 words checked, 28 skipped, 0 errors found
INFO:root:✅ Processed https://wordpress-810691-5571285.cloudwaysapps.com/events/research-assistance-2025-08-27-2025-09-03-2025-09-10-2025-09-17-2025-09-24-2025-10-01-2025-10-08-2025-10-15-2025-10-22-2025-10-29-2025-11-05-2025-11-12-2025-11-19-2025-11-26-2025-12-03-2-04-2026-02-11/: 0 errors found, 85 words checked
DEBUG:root:Attempting to fetch: https://wordpress-810691-5571285.cloudwaysapps.com/resources/imperial-polk-genealogical-society/
Processing pages:  97%|█████████▋| 370/381 [03:22<00:06,  1.76it/s]DEBUG:urllib3.connectionpool:https://wordpress-810691-5571285.cloudwaysapps.com:443 "GET /wp-content/uploads/2025/08/2019_February_9_Conference_9_1570504010-1024x683.webp HTTP/1.1" 200 45292
DEBUG:urllib3.connectionpool:https://wordpress-810691-5571285.cloudwaysapps.com:443 "GET /wp-content/uploads/2025/08/2017_October12__adjusted_for_googlejpg_1525136084.webp HTTP/1.1" 200 14954
DEBUG:root:✅ Image OK: https://wordpress-810691-5571285.cloudwaysapps.com/wp-content/uploads/2025/08/2017_October12__adjusted_for_googlejpg_1525136084.webp
DEBUG:root:Checking internal image: https://wordpress-810691-5571285.cloudwaysapps.com/wp-content/uploads/2025/08/HELP_SESSIONS_monthly_1555555106.webp
DEBUG:urllib3.connectionpool:Starting new HTTPS connection (1): wordpress-810691-5571285.cloudwaysapps.com:443
DEBUG:root:✅ Image OK: https://wordpress-810691-5571285.cloudwaysapps.com/wp-content/uploads/2025/08/2019_February_9_Conference_9_1570504010-1024x683.webp
DEBUG:root:Checking internal image: https://wordpress-810691-5571285.cloudwaysapps.com/wp-content/uploads/2025/08/2019_February_8_Conference_29_1570504010-1024x683.webp
DEBUG:urllib3.connectionpool:Starting new HTTPS connection (1): wordpress-810691-5571285.cloudwaysapps.com:443
DEBUG:urllib3.connectionpool:https://wordpress-810691-5571285.cloudwaysapps.com:443 "GET /wp-content/uploads/2025/08/2018_2_3_Mid-Winter_Geno_Conference_32_1541647173-770x1024.webp HTTP/1.1" 200 65924
DEBUG:root:✅ Image OK: https://wordpress-810691-5571285.cloudwaysapps.com/wp-content/uploads/2025/08/2018_2_3_Mid-Winter_Geno_Conference_32_1541647173-770x1024.webp
DEBUG:root:Checking internal image: https://wordpress-810691-5571285.cloudwaysapps.com/wp-content/uploads/2025/08/2018_2_3_Mid-Winter_Geno_Conference_33_1541647173-683x1024.webp
DEBUG:urllib3.connectionpool:Starting new HTTPS connection (1): wordpress-810691-5571285.cloudwaysapps.com:443
DEBUG:urllib3.connectionpool:https://wordpress-810691-5571285.cloudwaysapps.com:443 "GET /resources/genealogy-how-to-get-started-on-your-family-tree/ HTTP/1.1" 200 None
DEBUG:urllib3.connectionpool:https://wordpress-810691-5571285.cloudwaysapps.com:443 "GET /resources/imperial-polk-genealogical-society/ HTTP/1.1" 200 None
DEBUG:root:Successfully fetched https://wordpress-810691-5571285.cloudwaysapps.com/resources/imperial-polk-genealogical-society/ (Content-Length: 38887)
DEBUG:charset_normalizer:Encoding detection: utf_8 is most likely the one.
DEBUG:root:Extracted 616 characters, 96 words from https://wordpress-810691-5571285.cloudwaysapps.com/resources/imperial-polk-genealogical-society/
DEBUG:root:Successfully fetched https://wordpress-810691-5571285.cloudwaysapps.com/resources/genealogy-how-to-get-started-on-your-family-tree/ (Content-Length: 39353)
DEBUG:root:Using regex pattern: \b[a-zA-Z]{3,}\b
DEBUG:root:Found 73 words to check in https://wordpress-810691-5571285.cloudwaysapps.com/resources/imperial-polk-genealogical-society/ (min_length=3)
DEBUG:root:Sample words from https://wordpress-810691-5571285.cloudwaysapps.com/resources/imperial-polk-genealogical-society/: ['This', 'alert', 'Skip', 'content', 'Imperial', 'Polk', 'Genealogical', 'Society', 'June', 'Welcome']
DEBUG:root:Spell check results for https://wordpress-810691-5571285.cloudwaysapps.com/resources/imperial-polk-genealogical-society/: 49 words checked, 24 skipped, 0 errors found
INFO:root:✅ Processed https://wordpress-810691-5571285.cloudwaysapps.com/resources/imperial-polk-genealogical-society/: 0 errors found, 96 words checked
DEBUG:root:Attempting to fetch: https://wordpress-810691-5571285.cloudwaysapps.com/galleries/1996-april-rummage-sale/
Processing pages:  97%|█████████▋| 371/381 [03:23<00:05,  1.97it/s]DEBUG:charset_normalizer:Encoding detection: utf_8 is most likely the one.
DEBUG:root:Extracted 809 characters, 146 words from https://wordpress-810691-5571285.cloudwaysapps.com/resources/genealogy-how-to-get-started-on-your-family-tree/
DEBUG:root:Using regex pattern: \b[a-zA-Z]{3,}\b
DEBUG:root:Found 108 words to check in https://wordpress-810691-5571285.cloudwaysapps.com/resources/genealogy-how-to-get-started-on-your-family-tree/ (min_length=3)
DEBUG:root:Sample words from https://wordpress-810691-5571285.cloudwaysapps.com/resources/genealogy-how-to-get-started-on-your-family-tree/: ['This', 'alert', 'Skip', 'content', 'Genealogy', 'How', 'Get', 'Started', 'Your', 'Family']
DEBUG:root:Spell check results for https://wordpress-810691-5571285.cloudwaysapps.com/resources/genealogy-how-to-get-started-on-your-family-tree/: 83 words checked, 25 skipped, 0 errors found
INFO:root:✅ Processed https://wordpress-810691-5571285.cloudwaysapps.com/resources/genealogy-how-to-get-started-on-your-family-tree/: 0 errors found, 146 words checked
DEBUG:root:Attempting to fetch: https://wordpress-810691-5571285.cloudwaysapps.com/galleries/2009-cooper-library-old-new/
DEBUG:urllib3.connectionpool:https://wordpress-810691-5571285.cloudwaysapps.com:443 "GET /wp-content/uploads/2025/08/HELP_SESSIONS_monthly_1555555106.webp HTTP/1.1" 200 193408
DEBUG:urllib3.connectionpool:https://wordpress-810691-5571285.cloudwaysapps.com:443 "GET /wp-content/uploads/2025/08/2019_February_8_Conference_29_1570504010-1024x683.webp HTTP/1.1" 200 99864
DEBUG:root:✅ Image OK: https://wordpress-810691-5571285.cloudwaysapps.com/wp-content/uploads/2025/08/2019_February_8_Conference_29_1570504010-1024x683.webp
DEBUG:root:Checking internal image: https://wordpress-810691-5571285.cloudwaysapps.com/wp-content/uploads/2025/08/2019_February_8_Conference_6_1570503420-1024x683.webp
DEBUG:urllib3.connectionpool:Starting new HTTPS connection (1): wordpress-810691-5571285.cloudwaysapps.com:443
DEBUG:urllib3.connectionpool:https://wordpress-810691-5571285.cloudwaysapps.com:443 "GET /galleries/1996-april-rummage-sale/ HTTP/1.1" 200 None
DEBUG:root:Successfully fetched https://wordpress-810691-5571285.cloudwaysapps.com/galleries/1996-april-rummage-sale/ (Content-Length: 136531)
DEBUG:charset_normalizer:Encoding detection: utf_8 is most likely the one.
DEBUG:urllib3.connectionpool:https://wordpress-810691-5571285.cloudwaysapps.com:443 "GET /galleries/2009-cooper-library-old-new/ HTTP/1.1" 200 None
DEBUG:root:Successfully fetched https://wordpress-810691-5571285.cloudwaysapps.com/galleries/2009-cooper-library-old-new/ (Content-Length: 66127)
DEBUG:charset_normalizer:Encoding detection: utf_8 is most likely the one.
DEBUG:root:Extracted 836 characters, 190 words from https://wordpress-810691-5571285.cloudwaysapps.com/galleries/1996-april-rummage-sale/
DEBUG:root:✅ Image OK: https://wordpress-810691-5571285.cloudwaysapps.com/wp-content/uploads/2025/08/HELP_SESSIONS_monthly_1555555106.webp
DEBUG:root:Checking internal image: https://wordpress-810691-5571285.cloudwaysapps.com/wp-content/uploads/2025/08/9_IMG_0003_1582757059-1024x667.webp
DEBUG:root:Checking internal image: https://wordpress-810691-5571285.cloudwaysapps.com/wp-content/uploads/2025/08/Open_house_1541645740-1024x791.webp
DEBUG:urllib3.connectionpool:Starting new HTTPS connection (1): wordpress-810691-5571285.cloudwaysapps.com:443
DEBUG:urllib3.connectionpool:Starting new HTTPS connection (1): wordpress-810691-5571285.cloudwaysapps.com:443
DEBUG:root:Extracted 337 characters, 69 words from https://wordpress-810691-5571285.cloudwaysapps.com/galleries/2009-cooper-library-old-new/
DEBUG:root:Checking internal image: https://wordpress-810691-5571285.cloudwaysapps.com/wp-content/uploads/2025/08/2009_13_1566262107-1024x975.webp
DEBUG:urllib3.connectionpool:Starting new HTTPS connection (1): wordpress-810691-5571285.cloudwaysapps.com:443
DEBUG:urllib3.connectionpool:https://wordpress-810691-5571285.cloudwaysapps.com:443 "GET /wp-content/uploads/2025/08/2018_2_3_Mid-Winter_Geno_Conference_33_1541647173-683x1024.webp HTTP/1.1" 200 63028
DEBUG:root:✅ Image OK: https://wordpress-810691-5571285.cloudwaysapps.com/wp-content/uploads/2025/08/2018_2_3_Mid-Winter_Geno_Conference_33_1541647173-683x1024.webp
DEBUG:root:Checking internal image: https://wordpress-810691-5571285.cloudwaysapps.com/wp-content/uploads/2025/08/2018_2_3_Mid-Winter_Geno_Conference_37_1541647173-1024x683.webp
DEBUG:urllib3.connectionpool:Starting new HTTPS connection (1): wordpress-810691-5571285.cloudwaysapps.com:443
DEBUG:urllib3.connectionpool:https://wordpress-810691-5571285.cloudwaysapps.com:443 "GET /wp-content/uploads/2025/08/2019_February_8_Conference_6_1570503420-1024x683.webp HTTP/1.1" 200 58470
DEBUG:root:✅ Image OK: https://wordpress-810691-5571285.cloudwaysapps.com/wp-content/uploads/2025/08/2019_February_8_Conference_6_1570503420-1024x683.webp
DEBUG:root:Checking internal image: https://wordpress-810691-5571285.cloudwaysapps.com/wp-content/uploads/2025/08/2019_February_8_Conference_28_1570504010-1024x683.webp
DEBUG:urllib3.connectionpool:Starting new HTTPS connection (1): wordpress-810691-5571285.cloudwaysapps.com:443
DEBUG:urllib3.connectionpool:https://wordpress-810691-5571285.cloudwaysapps.com:443 "GET /wp-content/uploads/2025/08/Open_house_1541645740-1024x791.webp HTTP/1.1" 200 75722
DEBUG:urllib3.connectionpool:https://wordpress-810691-5571285.cloudwaysapps.com:443 "GET /wp-content/uploads/2025/08/9_IMG_0003_1582757059-1024x667.webp HTTP/1.1" 200 72784
DEBUG:urllib3.connectionpool:https://wordpress-810691-5571285.cloudwaysapps.com:443 "GET /wp-content/uploads/2025/08/2009_13_1566262107-1024x975.webp HTTP/1.1" 200 260534
DEBUG:urllib3.connectionpool:https://wordpress-810691-5571285.cloudwaysapps.com:443 "GET /wp-content/uploads/2025/08/2018_2_3_Mid-Winter_Geno_Conference_37_1541647173-1024x683.webp HTTP/1.1" 200 56872
DEBUG:root:✅ Image OK: https://wordpress-810691-5571285.cloudwaysapps.com/wp-content/uploads/2025/08/2018_2_3_Mid-Winter_Geno_Conference_37_1541647173-1024x683.webp
DEBUG:root:Checking internal image: https://wordpress-810691-5571285.cloudwaysapps.com/wp-content/uploads/2025/08/2018_2_3_Mid-Winter_Geno_Conference_56_1541647173-683x1024.webp
DEBUG:root:✅ Image OK: https://wordpress-810691-5571285.cloudwaysapps.com/wp-content/uploads/2025/08/9_IMG_0003_1582757059-1024x667.webp
DEBUG:root:Checking internal image: https://wordpress-810691-5571285.cloudwaysapps.com/wp-content/uploads/2025/08/15_IMG_0006_1582757059-1024x659.webp
DEBUG:urllib3.connectionpool:Starting new HTTPS connection (1): wordpress-810691-5571285.cloudwaysapps.com:443
DEBUG:urllib3.connectionpool:Starting new HTTPS connection (1): wordpress-810691-5571285.cloudwaysapps.com:443
DEBUG:root:✅ Image OK: https://wordpress-810691-5571285.cloudwaysapps.com/wp-content/uploads/2025/08/2009_13_1566262107-1024x975.webp
DEBUG:root:Checking internal image: https://wordpress-810691-5571285.cloudwaysapps.com/wp-content/uploads/2025/08/2009_14_1566262107-1024x582.webp
DEBUG:urllib3.connectionpool:Starting new HTTPS connection (1): wordpress-810691-5571285.cloudwaysapps.com:443
DEBUG:urllib3.connectionpool:https://wordpress-810691-5571285.cloudwaysapps.com:443 "GET /wp-content/uploads/2025/08/2019_February_8_Conference_28_1570504010-1024x683.webp HTTP/1.1" 200 97520
DEBUG:root:✅ Image OK: https://wordpress-810691-5571285.cloudwaysapps.com/wp-content/uploads/2025/08/2019_February_8_Conference_28_1570504010-1024x683.webp
DEBUG:root:Checking internal image: https://wordpress-810691-5571285.cloudwaysapps.com/wp-content/uploads/2025/08/2019_February_8_Conference_13_1570503420-1024x683.webp
DEBUG:urllib3.connectionpool:Starting new HTTPS connection (1): wordpress-810691-5571285.cloudwaysapps.com:443
DEBUG:urllib3.connectionpool:https://wordpress-810691-5571285.cloudwaysapps.com:443 "GET /wp-content/uploads/2025/08/2018_2_3_Mid-Winter_Geno_Conference_56_1541647173-683x1024.webp HTTP/1.1" 200 77502
DEBUG:urllib3.connectionpool:https://wordpress-810691-5571285.cloudwaysapps.com:443 "GET /wp-content/uploads/2025/08/15_IMG_0006_1582757059-1024x659.webp HTTP/1.1" 200 69996
DEBUG:root:✅ Image OK: https://wordpress-810691-5571285.cloudwaysapps.com/wp-content/uploads/2025/08/15_IMG_0006_1582757059-1024x659.webp
DEBUG:root:Checking internal image: https://wordpress-810691-5571285.cloudwaysapps.com/wp-content/uploads/2025/08/18_IMG_0007_1582757072-1024x601.webp
DEBUG:root:✅ Image OK: https://wordpress-810691-5571285.cloudwaysapps.com/wp-content/uploads/2025/08/2018_2_3_Mid-Winter_Geno_Conference_56_1541647173-683x1024.webp
DEBUG:root:Using regex pattern: \b[a-zA-Z]{3,}\b
DEBUG:root:Found 82 words to check in https://wordpress-810691-5571285.cloudwaysapps.com/galleries/2018-mid-winter-conference/ (min_length=3)
DEBUG:root:Sample words from https://wordpress-810691-5571285.cloudwaysapps.com/galleries/2018-mid-winter-conference/: ['This', 'alert', 'Skip', 'content', 'Mid', 'Winter', 'Conference', 'images', 'Click', 'view']
DEBUG:root:Spell check results for https://wordpress-810691-5571285.cloudwaysapps.com/galleries/2018-mid-winter-conference/: 38 words checked, 44 skipped, 0 errors found
INFO:root:✅ Processed https://wordpress-810691-5571285.cloudwaysapps.com/galleries/2018-mid-winter-conference/: 0 errors found, 164 words checked
DEBUG:root:Attempting to fetch: https://wordpress-810691-5571285.cloudwaysapps.com/galleries/2018-guest-speakers-events/
Processing pages:  98%|█████████▊| 373/381 [03:24<00:04,  1.83it/s]DEBUG:urllib3.connectionpool:Starting new HTTPS connection (1): wordpress-810691-5571285.cloudwaysapps.com:443
DEBUG:urllib3.connectionpool:https://wordpress-810691-5571285.cloudwaysapps.com:443 "GET /wp-content/uploads/2025/08/2009_14_1566262107-1024x582.webp HTTP/1.1" 200 140048
DEBUG:urllib3.connectionpool:https://wordpress-810691-5571285.cloudwaysapps.com:443 "GET /galleries/2018-guest-speakers-events/ HTTP/1.1" 200 None
DEBUG:root:✅ Image OK: https://wordpress-810691-5571285.cloudwaysapps.com/wp-content/uploads/2025/08/Open_house_1541645740-1024x791.webp
DEBUG:root:Checking internal image: https://wordpress-810691-5571285.cloudwaysapps.com/wp-content/uploads/2025/08/DAR_Mondays_new_poster_october_1555554654.webp
DEBUG:urllib3.connectionpool:Starting new HTTPS connection (1): wordpress-810691-5571285.cloudwaysapps.com:443
DEBUG:root:Successfully fetched https://wordpress-810691-5571285.cloudwaysapps.com/galleries/2018-guest-speakers-events/ (Content-Length: 145117)
DEBUG:charset_normalizer:Encoding detection: utf_8 is most likely the one.
DEBUG:urllib3.connectionpool:https://wordpress-810691-5571285.cloudwaysapps.com:443 "GET /wp-content/uploads/2025/08/2019_February_8_Conference_13_1570503420-1024x683.webp HTTP/1.1" 200 50324
DEBUG:root:✅ Image OK: https://wordpress-810691-5571285.cloudwaysapps.com/wp-content/uploads/2025/08/2009_14_1566262107-1024x582.webp
DEBUG:root:Checking internal image: https://wordpress-810691-5571285.cloudwaysapps.com/wp-content/uploads/2025/08/2009_2_1566262107-1024x840.webp
DEBUG:urllib3.connectionpool:Starting new HTTPS connection (1): wordpress-810691-5571285.cloudwaysapps.com:443
DEBUG:root:Extracted 913 characters, 204 words from https://wordpress-810691-5571285.cloudwaysapps.com/galleries/2018-guest-speakers-events/
DEBUG:root:Checking internal image: https://wordpress-810691-5571285.cloudwaysapps.com/wp-content/uploads/2025/08/HELP_SESSIONS_monthly_1571797883.webp
DEBUG:root:✅ Image OK: https://wordpress-810691-5571285.cloudwaysapps.com/wp-content/uploads/2025/08/2019_February_8_Conference_13_1570503420-1024x683.webp
DEBUG:root:Checking internal image: https://wordpress-810691-5571285.cloudwaysapps.com/wp-content/uploads/2025/08/2019_February_9_Conference_6_1570504010-1024x683.webp
DEBUG:urllib3.connectionpool:Starting new HTTPS connection (1): wordpress-810691-5571285.cloudwaysapps.com:443
DEBUG:urllib3.connectionpool:Starting new HTTPS connection (1): wordpress-810691-5571285.cloudwaysapps.com:443
DEBUG:urllib3.connectionpool:https://wordpress-810691-5571285.cloudwaysapps.com:443 "GET /wp-content/uploads/2025/08/18_IMG_0007_1582757072-1024x601.webp HTTP/1.1" 200 79636
DEBUG:root:✅ Image OK: https://wordpress-810691-5571285.cloudwaysapps.com/wp-content/uploads/2025/08/18_IMG_0007_1582757072-1024x601.webp
DEBUG:root:Checking internal image: https://wordpress-810691-5571285.cloudwaysapps.com/wp-content/uploads/2025/08/11_IMG_0001_1582757072-1024x538.webp
DEBUG:urllib3.connectionpool:Starting new HTTPS connection (1): wordpress-810691-5571285.cloudwaysapps.com:443
DEBUG:urllib3.connectionpool:https://wordpress-810691-5571285.cloudwaysapps.com:443 "GET /wp-content/uploads/2025/08/DAR_Mondays_new_poster_october_1555554654.webp HTTP/1.1" 200 87688
DEBUG:root:✅ Image OK: https://wordpress-810691-5571285.cloudwaysapps.com/wp-content/uploads/2025/08/DAR_Mondays_new_poster_october_1555554654.webp
DEBUG:root:Checking internal image: https://wordpress-810691-5571285.cloudwaysapps.com/wp-content/uploads/2025/08/October_is_Family_History_Month_1541646190.webp
DEBUG:urllib3.connectionpool:Starting new HTTPS connection (1): wordpress-810691-5571285.cloudwaysapps.com:443
DEBUG:urllib3.connectionpool:https://wordpress-810691-5571285.cloudwaysapps.com:443 "GET /wp-content/uploads/2025/08/2009_2_1566262107-1024x840.webp HTTP/1.1" 200 85638
DEBUG:root:✅ Image OK: https://wordpress-810691-5571285.cloudwaysapps.com/wp-content/uploads/2025/08/2009_2_1566262107-1024x840.webp
DEBUG:root:Checking internal image: https://wordpress-810691-5571285.cloudwaysapps.com/wp-content/uploads/2025/08/2009_20_1566262107-1024x936.webp
DEBUG:urllib3.connectionpool:Starting new HTTPS connection (1): wordpress-810691-5571285.cloudwaysapps.com:443
DEBUG:urllib3.connectionpool:https://wordpress-810691-5571285.cloudwaysapps.com:443 "GET /wp-content/uploads/2025/08/HELP_SESSIONS_monthly_1571797883.webp HTTP/1.1" 200 193408
DEBUG:urllib3.connectionpool:https://wordpress-810691-5571285.cloudwaysapps.com:443 "GET /wp-content/uploads/2025/08/2019_February_9_Conference_6_1570504010-1024x683.webp HTTP/1.1" 200 86776
DEBUG:root:✅ Image OK: https://wordpress-810691-5571285.cloudwaysapps.com/wp-content/uploads/2025/08/2019_February_9_Conference_6_1570504010-1024x683.webp
DEBUG:root:Checking internal image: https://wordpress-810691-5571285.cloudwaysapps.com/wp-content/uploads/2025/08/2019_February_8_Conference_27_1570504010-1024x683.webp
DEBUG:urllib3.connectionpool:Starting new HTTPS connection (1): wordpress-810691-5571285.cloudwaysapps.com:443
DEBUG:urllib3.connectionpool:https://wordpress-810691-5571285.cloudwaysapps.com:443 "GET /wp-content/uploads/2025/08/11_IMG_0001_1582757072-1024x538.webp HTTP/1.1" 200 63690
DEBUG:root:✅ Image OK: https://wordpress-810691-5571285.cloudwaysapps.com/wp-content/uploads/2025/08/11_IMG_0001_1582757072-1024x538.webp
DEBUG:root:Checking internal image: https://wordpress-810691-5571285.cloudwaysapps.com/wp-content/uploads/2025/08/21_IMG_0008_1582757359-1024x703.webp
DEBUG:urllib3.connectionpool:Starting new HTTPS connection (1): wordpress-810691-5571285.cloudwaysapps.com:443
DEBUG:root:✅ Image OK: https://wordpress-810691-5571285.cloudwaysapps.com/wp-content/uploads/2025/08/HELP_SESSIONS_monthly_1571797883.webp
DEBUG:root:Checking internal image: https://wordpress-810691-5571285.cloudwaysapps.com/wp-content/uploads/2025/08/one_on_one_october_no_date_1556586792.webp
DEBUG:urllib3.connectionpool:https://wordpress-810691-5571285.cloudwaysapps.com:443 "GET /wp-content/uploads/2025/08/October_is_Family_History_Month_1541646190.webp HTTP/1.1" 200 112372
DEBUG:urllib3.connectionpool:Starting new HTTPS connection (1): wordpress-810691-5571285.cloudwaysapps.com:443
DEBUG:urllib3.connectionpool:https://wordpress-810691-5571285.cloudwaysapps.com:443 "GET /wp-content/uploads/2025/08/2009_20_1566262107-1024x936.webp HTTP/1.1" 200 136376
DEBUG:root:✅ Image OK: https://wordpress-810691-5571285.cloudwaysapps.com/wp-content/uploads/2025/08/October_is_Family_History_Month_1541646190.webp
DEBUG:root:Checking internal image: https://wordpress-810691-5571285.cloudwaysapps.com/wp-content/uploads/2025/08/garage_sale_sign_1541645740-752x1024.webp
DEBUG:urllib3.connectionpool:Starting new HTTPS connection (1): wordpress-810691-5571285.cloudwaysapps.com:443
DEBUG:root:✅ Image OK: https://wordpress-810691-5571285.cloudwaysapps.com/wp-content/uploads/2025/08/2009_20_1566262107-1024x936.webp
DEBUG:root:Checking internal image: https://wordpress-810691-5571285.cloudwaysapps.com/wp-content/uploads/2025/08/2009_15_1566262107-626x1024.webp
DEBUG:urllib3.connectionpool:https://wordpress-810691-5571285.cloudwaysapps.com:443 "GET /wp-content/uploads/2025/08/2019_February_8_Conference_27_1570504010-1024x683.webp HTTP/1.1" 200 103384
DEBUG:urllib3.connectionpool:Starting new HTTPS connection (1): wordpress-810691-5571285.cloudwaysapps.com:443
DEBUG:urllib3.connectionpool:https://wordpress-810691-5571285.cloudwaysapps.com:443 "GET /wp-content/uploads/2025/08/21_IMG_0008_1582757359-1024x703.webp HTTP/1.1" 200 96716
DEBUG:root:✅ Image OK: https://wordpress-810691-5571285.cloudwaysapps.com/wp-content/uploads/2025/08/2019_February_8_Conference_27_1570504010-1024x683.webp
DEBUG:root:Checking internal image: https://wordpress-810691-5571285.cloudwaysapps.com/wp-content/uploads/2025/08/2019_February_8_Conference_20_1570503420-1024x683.webp
DEBUG:urllib3.connectionpool:Starting new HTTPS connection (1): wordpress-810691-5571285.cloudwaysapps.com:443
DEBUG:urllib3.connectionpool:https://wordpress-810691-5571285.cloudwaysapps.com:443 "GET /wp-content/uploads/2025/08/one_on_one_october_no_date_1556586792.webp HTTP/1.1" 200 57892
DEBUG:root:✅ Image OK: https://wordpress-810691-5571285.cloudwaysapps.com/wp-content/uploads/2025/08/21_IMG_0008_1582757359-1024x703.webp
DEBUG:root:Checking internal image: https://wordpress-810691-5571285.cloudwaysapps.com/wp-content/uploads/2025/08/29_IMG_0011_1582757359-1024x711.webp
DEBUG:urllib3.connectionpool:Starting new HTTPS connection (1): wordpress-810691-5571285.cloudwaysapps.com:443
DEBUG:root:✅ Image OK: https://wordpress-810691-5571285.cloudwaysapps.com/wp-content/uploads/2025/08/one_on_one_october_no_date_1556586792.webp
DEBUG:root:Checking internal image: https://wordpress-810691-5571285.cloudwaysapps.com/wp-content/uploads/2025/08/sept_2018_3_1556586792.webp
DEBUG:urllib3.connectionpool:Starting new HTTPS connection (1): wordpress-810691-5571285.cloudwaysapps.com:443
DEBUG:urllib3.connectionpool:https://wordpress-810691-5571285.cloudwaysapps.com:443 "GET /wp-content/uploads/2025/08/garage_sale_sign_1541645740-752x1024.webp HTTP/1.1" 200 127530
DEBUG:urllib3.connectionpool:https://wordpress-810691-5571285.cloudwaysapps.com:443 "GET /wp-content/uploads/2025/08/2009_15_1566262107-626x1024.webp HTTP/1.1" 200 158844
DEBUG:root:✅ Image OK: https://wordpress-810691-5571285.cloudwaysapps.com/wp-content/uploads/2025/08/garage_sale_sign_1541645740-752x1024.webp
DEBUG:root:Checking internal image: https://wordpress-810691-5571285.cloudwaysapps.com/wp-content/uploads/2025/08/Nov_Dec_schedule_1555555137.webp
DEBUG:urllib3.connectionpool:Starting new HTTPS connection (1): wordpress-810691-5571285.cloudwaysapps.com:443
DEBUG:root:✅ Image OK: https://wordpress-810691-5571285.cloudwaysapps.com/wp-content/uploads/2025/08/2009_15_1566262107-626x1024.webp
DEBUG:root:Checking internal image: https://wordpress-810691-5571285.cloudwaysapps.com/wp-content/uploads/2025/08/2009_10_1566262107-948x1024.webp
DEBUG:urllib3.connectionpool:Starting new HTTPS connection (1): wordpress-810691-5571285.cloudwaysapps.com:443
DEBUG:urllib3.connectionpool:https://wordpress-810691-5571285.cloudwaysapps.com:443 "GET /wp-content/uploads/2025/08/2019_February_8_Conference_20_1570503420-1024x683.webp HTTP/1.1" 200 105966
DEBUG:urllib3.connectionpool:https://wordpress-810691-5571285.cloudwaysapps.com:443 "GET /wp-content/uploads/2025/08/29_IMG_0011_1582757359-1024x711.webp HTTP/1.1" 200 48326
DEBUG:urllib3.connectionpool:https://wordpress-810691-5571285.cloudwaysapps.com:443 "GET /wp-content/uploads/2025/08/sept_2018_3_1556586792.webp HTTP/1.1" 200 41532
DEBUG:root:✅ Image OK: https://wordpress-810691-5571285.cloudwaysapps.com/wp-content/uploads/2025/08/2019_February_8_Conference_20_1570503420-1024x683.webp
DEBUG:root:Checking internal image: https://wordpress-810691-5571285.cloudwaysapps.com/wp-content/uploads/2025/08/2019_February_8_Conference_8_1570503420-1024x683.webp
DEBUG:root:✅ Image OK: https://wordpress-810691-5571285.cloudwaysapps.com/wp-content/uploads/2025/08/29_IMG_0011_1582757359-1024x711.webp
DEBUG:root:Checking internal image: https://wordpress-810691-5571285.cloudwaysapps.com/wp-content/uploads/2025/08/1_IMG_0001_1582757059-1024x712.webp
DEBUG:urllib3.connectionpool:Starting new HTTPS connection (1): wordpress-810691-5571285.cloudwaysapps.com:443
DEBUG:urllib3.connectionpool:Starting new HTTPS connection (1): wordpress-810691-5571285.cloudwaysapps.com:443
DEBUG:root:✅ Image OK: https://wordpress-810691-5571285.cloudwaysapps.com/wp-content/uploads/2025/08/sept_2018_3_1556586792.webp
DEBUG:root:Checking internal image: https://wordpress-810691-5571285.cloudwaysapps.com/wp-content/uploads/2025/08/sept_2018_4_1556586792.webp
DEBUG:urllib3.connectionpool:Starting new HTTPS connection (1): wordpress-810691-5571285.cloudwaysapps.com:443
DEBUG:urllib3.connectionpool:https://wordpress-810691-5571285.cloudwaysapps.com:443 "GET /wp-content/uploads/2025/08/Nov_Dec_schedule_1555555137.webp HTTP/1.1" 200 90888
DEBUG:root:✅ Image OK: https://wordpress-810691-5571285.cloudwaysapps.com/wp-content/uploads/2025/08/Nov_Dec_schedule_1555555137.webp
DEBUG:root:Checking internal image: https://wordpress-810691-5571285.cloudwaysapps.com/wp-content/uploads/2025/08/cug_1555554069.webp
DEBUG:urllib3.connectionpool:https://wordpress-810691-5571285.cloudwaysapps.com:443 "GET /wp-content/uploads/2025/08/2009_10_1566262107-948x1024.webp HTTP/1.1" 200 153546
DEBUG:urllib3.connectionpool:Starting new HTTPS connection (1): wordpress-810691-5571285.cloudwaysapps.com:443
DEBUG:urllib3.connectionpool:https://wordpress-810691-5571285.cloudwaysapps.com:443 "GET /wp-content/uploads/2025/08/1_IMG_0001_1582757059-1024x712.webp HTTP/1.1" 200 75024
DEBUG:urllib3.connectionpool:https://wordpress-810691-5571285.cloudwaysapps.com:443 "GET /wp-content/uploads/2025/08/2019_February_8_Conference_8_1570503420-1024x683.webp HTTP/1.1" 200 55770
DEBUG:root:✅ Image OK: https://wordpress-810691-5571285.cloudwaysapps.com/wp-content/uploads/2025/08/2009_10_1566262107-948x1024.webp
DEBUG:root:Checking internal image: https://wordpress-810691-5571285.cloudwaysapps.com/wp-content/uploads/2025/08/2009_3_1566262107-785x1024.webp
DEBUG:urllib3.connectionpool:Starting new HTTPS connection (1): wordpress-810691-5571285.cloudwaysapps.com:443
DEBUG:root:✅ Image OK: https://wordpress-810691-5571285.cloudwaysapps.com/wp-content/uploads/2025/08/2019_February_8_Conference_8_1570503420-1024x683.webp
DEBUG:root:Checking internal image: https://wordpress-810691-5571285.cloudwaysapps.com/wp-content/uploads/2025/08/2019_February_8_Conference_24_1570504010-1024x683.webp
DEBUG:root:✅ Image OK: https://wordpress-810691-5571285.cloudwaysapps.com/wp-content/uploads/2025/08/1_IMG_0001_1582757059-1024x712.webp
DEBUG:root:Checking internal image: https://wordpress-810691-5571285.cloudwaysapps.com/wp-content/uploads/2025/08/25_IMG_0010_1582757359-1024x678.webp
DEBUG:urllib3.connectionpool:https://wordpress-810691-5571285.cloudwaysapps.com:443 "GET /wp-content/uploads/2025/08/sept_2018_4_1556586792.webp HTTP/1.1" 200 42774
DEBUG:root:✅ Image OK: https://wordpress-810691-5571285.cloudwaysapps.com/wp-content/uploads/2025/08/sept_2018_4_1556586792.webp
DEBUG:urllib3.connectionpool:Starting new HTTPS connection (1): wordpress-810691-5571285.cloudwaysapps.com:443
DEBUG:root:Checking internal image: https://wordpress-810691-5571285.cloudwaysapps.com/wp-content/uploads/2025/08/2018_DAR_Mondays_1_1556586971.webp
DEBUG:urllib3.connectionpool:Starting new HTTPS connection (1): wordpress-810691-5571285.cloudwaysapps.com:443
DEBUG:urllib3.connectionpool:Starting new HTTPS connection (1): wordpress-810691-5571285.cloudwaysapps.com:443
DEBUG:urllib3.connectionpool:https://wordpress-810691-5571285.cloudwaysapps.com:443 "GET /wp-content/uploads/2025/08/cug_1555554069.webp HTTP/1.1" 200 53604
DEBUG:root:✅ Image OK: https://wordpress-810691-5571285.cloudwaysapps.com/wp-content/uploads/2025/08/cug_1555554069.webp
DEBUG:root:Checking internal image: https://wordpress-810691-5571285.cloudwaysapps.com/wp-content/uploads/2025/08/one_on_one_October_family_hisoty_month_2_1571799910.webp
DEBUG:urllib3.connectionpool:Starting new HTTPS connection (1): wordpress-810691-5571285.cloudwaysapps.com:443
DEBUG:urllib3.connectionpool:https://wordpress-810691-5571285.cloudwaysapps.com:443 "GET /wp-content/uploads/2025/08/2009_3_1566262107-785x1024.webp HTTP/1.1" 200 165710
DEBUG:urllib3.connectionpool:https://wordpress-810691-5571285.cloudwaysapps.com:443 "GET /wp-content/uploads/2025/08/25_IMG_0010_1582757359-1024x678.webp HTTP/1.1" 200 72858
DEBUG:urllib3.connectionpool:https://wordpress-810691-5571285.cloudwaysapps.com:443 "GET /wp-content/uploads/2025/08/2018_DAR_Mondays_1_1556586971.webp HTTP/1.1" 200 59470
DEBUG:urllib3.connectionpool:https://wordpress-810691-5571285.cloudwaysapps.com:443 "GET /wp-content/uploads/2025/08/2019_February_8_Conference_24_1570504010-1024x683.webp HTTP/1.1" 200 107856
DEBUG:root:✅ Image OK: https://wordpress-810691-5571285.cloudwaysapps.com/wp-content/uploads/2025/08/2018_DAR_Mondays_1_1556586971.webp
DEBUG:root:Checking internal image: https://wordpress-810691-5571285.cloudwaysapps.com/wp-content/uploads/2025/08/scouts_2018_1556586792.webp
DEBUG:root:✅ Image OK: https://wordpress-810691-5571285.cloudwaysapps.com/wp-content/uploads/2025/08/25_IMG_0010_1582757359-1024x678.webp
DEBUG:root:Checking internal image: https://wordpress-810691-5571285.cloudwaysapps.com/wp-content/uploads/2025/08/8_IMG_0003_1582757072-1024x668.webp
DEBUG:urllib3.connectionpool:Starting new HTTPS connection (1): wordpress-810691-5571285.cloudwaysapps.com:443
DEBUG:urllib3.connectionpool:Starting new HTTPS connection (1): wordpress-810691-5571285.cloudwaysapps.com:443
DEBUG:root:✅ Image OK: https://wordpress-810691-5571285.cloudwaysapps.com/wp-content/uploads/2025/08/2019_February_8_Conference_24_1570504010-1024x683.webp
DEBUG:root:Checking internal image: https://wordpress-810691-5571285.cloudwaysapps.com/wp-content/uploads/2025/08/2019_February_8_Conference_4_1570503420-1024x683.webp
DEBUG:root:✅ Image OK: https://wordpress-810691-5571285.cloudwaysapps.com/wp-content/uploads/2025/08/2009_3_1566262107-785x1024.webp
DEBUG:root:Checking internal image: https://wordpress-810691-5571285.cloudwaysapps.com/wp-content/uploads/2025/08/2009_11_1566262107-862x1024.webp
DEBUG:urllib3.connectionpool:Starting new HTTPS connection (1): wordpress-810691-5571285.cloudwaysapps.com:443
DEBUG:urllib3.connectionpool:Starting new HTTPS connection (1): wordpress-810691-5571285.cloudwaysapps.com:443
DEBUG:urllib3.connectionpool:https://wordpress-810691-5571285.cloudwaysapps.com:443 "GET /wp-content/uploads/2025/08/one_on_one_October_family_hisoty_month_2_1571799910.webp HTTP/1.1" 200 95106
DEBUG:root:✅ Image OK: https://wordpress-810691-5571285.cloudwaysapps.com/wp-content/uploads/2025/08/one_on_one_October_family_hisoty_month_2_1571799910.webp
DEBUG:root:Using regex pattern: \b[a-zA-Z]{3,}\b
DEBUG:root:Found 69 words to check in https://wordpress-810691-5571285.cloudwaysapps.com/galleries/2017-guest-speakers-and-events/ (min_length=3)
DEBUG:root:Sample words from https://wordpress-810691-5571285.cloudwaysapps.com/galleries/2017-guest-speakers-and-events/: ['This', 'alert', 'Skip', 'content', 'Guest', 'Speakers', 'and', 'Events', 'images', 'Click']
DEBUG:root:Spell check results for https://wordpress-810691-5571285.cloudwaysapps.com/galleries/2017-guest-speakers-and-events/: 32 words checked, 37 skipped, 0 errors found
INFO:root:✅ Processed https://wordpress-810691-5571285.cloudwaysapps.com/galleries/2017-guest-speakers-and-events/: 0 errors found, 137 words checked
DEBUG:root:Attempting to fetch: https://wordpress-810691-5571285.cloudwaysapps.com/events/research-assistance-2025-08-27-2025-09-03-2025-09-10-2025-09-17-2025-09-24-2025-10-01-2025-10-08-2025-10-15-2025-10-22-2025-10-29-2025-11-05-2025-11-12-2025-11-19-2025-11-26-2025-12-03-2-18-2026-02-25/
Processing pages:  98%|█████████▊| 374/381 [03:27<00:07,  1.07s/it]DEBUG:urllib3.connectionpool:https://wordpress-810691-5571285.cloudwaysapps.com:443 "GET /events/research-assistance-2025-08-27-2025-09-03-2025-09-10-2025-09-17-2025-09-24-2025-10-01-2025-10-08-2025-10-15-2025-10-22-2025-10-29-2025-11-05-2025-11-12-2025-11-19-2025-11-26-2025-12-03-2-18-2026-02-25/ HTTP/1.1" 200 None
DEBUG:root:Successfully fetched https://wordpress-810691-5571285.cloudwaysapps.com/events/research-assistance-2025-08-27-2025-09-03-2025-09-10-2025-09-17-2025-09-24-2025-10-01-2025-10-08-2025-10-15-2025-10-22-2025-10-29-2025-11-05-2025-11-12-2025-11-19-2025-11-26-2025-12-03-2-18-2026-02-25/ (Content-Length: 44219)
DEBUG:charset_normalizer:Encoding detection: utf_8 is most likely the one.
DEBUG:root:Extracted 492 characters, 85 words from https://wordpress-810691-5571285.cloudwaysapps.com/events/research-assistance-2025-08-27-2025-09-03-2025-09-10-2025-09-17-2025-09-24-2025-10-01-2025-10-08-2025-10-15-2025-10-22-2025-10-29-2025-11-05-2025-11-12-2025-11-19-2025-11-26-2025-12-03-2-18-2026-02-25/
DEBUG:root:Checking external hyperlink: https://www.google.com/calendar/event?action=TEMPLATE&text=Research+Assistance&dates=20260225T130000/20260225T150000&details=Join+us+weekly+in+the+Genealogy+Room+for+in-person+help+with+your+research.+It%E2%80%99s+a+great+chance+to+get+one-on-one+guidance%2C+ask+questions%2C+and+connect+with+others+who+share+your+passion+for+family+history.&location=2525+Oakley+Seaver+Dr%2C+Clermont%2C+FL%2C+34711%2C+United+States&trp=false&sprop=https%3A%2F%2Fwordpress-810691-5571285.cloudwaysapps.com%2Fevents%2Fresearch-assistance-2025-08-27-2025-09-03-2025-09-10-2025-09-17-2025-09-24-2025-10-01-2025-10-08-2025-10-15-2025-10-22-2025-10-29-2025-11-05-2025-11-12-2025-11-19-2025-11-26-2025-12-03-2-18-2026-02-25%2F&sprop=name:Pastfinders&ctz=America%2FNew_York
DEBUG:urllib3.connectionpool:Starting new HTTPS connection (1): www.google.com:443
DEBUG:urllib3.connectionpool:https://wordpress-810691-5571285.cloudwaysapps.com:443 "GET /wp-content/uploads/2025/08/scouts_2018_1556586792.webp HTTP/1.1" 200 37332
DEBUG:root:✅ Image OK: https://wordpress-810691-5571285.cloudwaysapps.com/wp-content/uploads/2025/08/scouts_2018_1556586792.webp
DEBUG:root:Checking internal image: https://wordpress-810691-5571285.cloudwaysapps.com/wp-content/uploads/2025/08/Allison_Ryal_September_2018_new_size_1556586971-768x1024.webp
DEBUG:urllib3.connectionpool:Starting new HTTPS connection (1): wordpress-810691-5571285.cloudwaysapps.com:443
DEBUG:urllib3.connectionpool:https://wordpress-810691-5571285.cloudwaysapps.com:443 "GET /wp-content/uploads/2025/08/8_IMG_0003_1582757072-1024x668.webp HTTP/1.1" 200 73636
DEBUG:urllib3.connectionpool:https://wordpress-810691-5571285.cloudwaysapps.com:443 "GET /wp-content/uploads/2025/08/2019_February_8_Conference_4_1570503420-1024x683.webp HTTP/1.1" 200 93804
DEBUG:urllib3.connectionpool:https://wordpress-810691-5571285.cloudwaysapps.com:443 "GET /wp-content/uploads/2025/08/2009_11_1566262107-862x1024.webp HTTP/1.1" 200 165248
DEBUG:root:✅ Image OK: https://wordpress-810691-5571285.cloudwaysapps.com/wp-content/uploads/2025/08/8_IMG_0003_1582757072-1024x668.webp
DEBUG:root:Checking internal image: https://wordpress-810691-5571285.cloudwaysapps.com/wp-content/uploads/2025/08/13_IMG_0005_1582757072-1024x654.webp
DEBUG:urllib3.connectionpool:Starting new HTTPS connection (1): wordpress-810691-5571285.cloudwaysapps.com:443
DEBUG:urllib3.connectionpool:https://www.google.com:443 "GET /calendar/event?action=TEMPLATE&text=Research+Assistance&dates=20260225T130000/20260225T150000&details=Join+us+weekly+in+the+Genealogy+Room+for+in-person+help+with+your+research.+It%E2%80%99s+a+great+chance+to+get+one-on-one+guidance%2C+ask+questions%2C+and+connect+with+others+who+share+your+passion+for+family+history.&location=2525+Oakley+Seaver+Dr%2C+Clermont%2C+FL%2C+34711%2C+United+States&trp=false&sprop=https%3A%2F%2Fwordpress-810691-5571285.cloudwaysapps.com%2Fevents%2Fresearch-assistance-2025-08-27-2025-09-03-2025-09-10-2025-09-17-2025-09-24-2025-10-01-2025-10-08-2025-10-15-2025-10-22-2025-10-29-2025-11-05-2025-11-12-2025-11-19-2025-11-26-2025-12-03-2-18-2026-02-25%2F&sprop=name:Pastfinders&ctz=America%2FNew_York HTTP/1.1" 302 0
DEBUG:root:✅ Image OK: https://wordpress-810691-5571285.cloudwaysapps.com/wp-content/uploads/2025/08/2019_February_8_Conference_4_1570503420-1024x683.webp
DEBUG:root:Checking internal image: https://wordpress-810691-5571285.cloudwaysapps.com/wp-content/uploads/2025/08/2019_February_9_Conference_7_1570504010-1024x683.webp
DEBUG:urllib3.connectionpool:Starting new HTTPS connection (1): calendar.google.com:443
DEBUG:urllib3.connectionpool:Starting new HTTPS connection (1): wordpress-810691-5571285.cloudwaysapps.com:443
DEBUG:root:✅ Image OK: https://wordpress-810691-5571285.cloudwaysapps.com/wp-content/uploads/2025/08/2009_11_1566262107-862x1024.webp
DEBUG:root:Checking internal image: https://wordpress-810691-5571285.cloudwaysapps.com/wp-content/uploads/2025/08/2009_6_1566262107-626x1024.webp
DEBUG:urllib3.connectionpool:Starting new HTTPS connection (1): wordpress-810691-5571285.cloudwaysapps.com:443
DEBUG:urllib3.connectionpool:https://calendar.google.com:443 "GET /calendar/event?action=TEMPLATE&text=Research+Assistance&dates=20260225T130000/20260225T150000&details=Join+us+weekly+in+the+Genealogy+Room+for+in-person+help+with+your+research.+It%E2%80%99s+a+great+chance+to+get+one-on-one+guidance,+ask+questions,+and+connect+with+others+who+share+your+passion+for+family+history.&location=2525+Oakley+Seaver+Dr,+Clermont,+FL,+34711,+United+States&trp=false&sprop=https://wordpress-810691-5571285.cloudwaysapps.com/events/research-assistance-2025-08-27-2025-09-03-2025-09-10-2025-09-17-2025-09-24-2025-10-01-2025-10-08-2025-10-15-2025-10-22-2025-10-29-2025-11-05-2025-11-12-2025-11-19-2025-11-26-2025-12-03-2-18-2026-02-25/&sprop=name:Pastfinders&ctz=America/New_York HTTP/1.1" 302 0
DEBUG:urllib3.connectionpool:Starting new HTTPS connection (1): accounts.google.com:443
DEBUG:urllib3.connectionpool:https://wordpress-810691-5571285.cloudwaysapps.com:443 "GET /wp-content/uploads/2025/08/Allison_Ryal_September_2018_new_size_1556586971-768x1024.webp HTTP/1.1" 200 74556
DEBUG:root:✅ Image OK: https://wordpress-810691-5571285.cloudwaysapps.com/wp-content/uploads/2025/08/Allison_Ryal_September_2018_new_size_1556586971-768x1024.webp
DEBUG:root:Checking internal image: https://wordpress-810691-5571285.cloudwaysapps.com/wp-content/uploads/2025/08/Connecting_to_the_past_poster_1556586971-1024x683.webp
DEBUG:urllib3.connectionpool:Starting new HTTPS connection (1): wordpress-810691-5571285.cloudwaysapps.com:443
DEBUG:urllib3.connectionpool:https://wordpress-810691-5571285.cloudwaysapps.com:443 "GET /wp-content/uploads/2025/08/13_IMG_0005_1582757072-1024x654.webp HTTP/1.1" 200 79680
DEBUG:urllib3.connectionpool:https://wordpress-810691-5571285.cloudwaysapps.com:443 "GET /wp-content/uploads/2025/08/2019_February_9_Conference_7_1570504010-1024x683.webp HTTP/1.1" 200 102430
DEBUG:root:✅ Image OK: https://wordpress-810691-5571285.cloudwaysapps.com/wp-content/uploads/2025/08/13_IMG_0005_1582757072-1024x654.webp
DEBUG:root:Checking internal image: https://wordpress-810691-5571285.cloudwaysapps.com/wp-content/uploads/2025/08/12_IMG_0004_1582757072-1024x637.webp
DEBUG:urllib3.connectionpool:https://accounts.google.com:443 "GET /ServiceLogin?service=cl&passive=1209600&osid=1&continue=https://calendar.google.com/calendar/event?action%3DTEMPLATE%26text%3DResearch%2BAssistance%26dates%3D20260225T130000/20260225T150000%26details%3DJoin%2Bus%2Bweekly%2Bin%2Bthe%2BGenealogy%2BRoom%2Bfor%2Bin-person%2Bhelp%2Bwith%2Byour%2Bresearch.%2BIt%25E2%2580%2599s%2Ba%2Bgreat%2Bchance%2Bto%2Bget%2Bone-on-one%2Bguidance,%2Bask%2Bquestions,%2Band%2Bconnect%2Bwith%2Bothers%2Bwho%2Bshare%2Byour%2Bpassion%2Bfor%2Bfamily%2Bhistory.%26location%3D2525%2BOakley%2BSeaver%2BDr,%2BClermont,%2BFL,%2B34711,%2BUnited%2BStates%26trp%3Dfalse%26sprop%3Dhttps://wordpress-810691-5571285.cloudwaysapps.com/events/research-assistance-2025-08-27-2025-09-03-2025-09-10-2025-09-17-2025-09-24-2025-10-01-2025-10-08-2025-10-15-2025-10-22-2025-10-29-2025-11-05-2025-11-12-2025-11-19-2025-11-26-2025-12-03-2-18-2026-02-25/%26sprop%3Dname:Pastfinders%26ctz%3DAmerica/New_York&followup=https://calendar.google.com/calendar/event?action%3DTEMPLATE%26text%3DResearch%2BAssistance%26dates%3D20260225T130000/20260225T150000%26details%3DJoin%2Bus%2Bweekly%2Bin%2Bthe%2BGenealogy%2BRoom%2Bfor%2Bin-person%2Bhelp%2Bwith%2Byour%2Bresearch.%2BIt%25E2%2580%2599s%2Ba%2Bgreat%2Bchance%2Bto%2Bget%2Bone-on-one%2Bguidance,%2Bask%2Bquestions,%2Band%2Bconnect%2Bwith%2Bothers%2Bwho%2Bshare%2Byour%2Bpassion%2Bfor%2Bfamily%2Bhistory.%26location%3D2525%2BOakley%2BSeaver%2BDr,%2BClermont,%2BFL,%2B34711,%2BUnited%2BStates%26trp%3Dfalse%26sprop%3Dhttps://wordpress-810691-5571285.cloudwaysapps.com/events/research-assistance-2025-08-27-2025-09-03-2025-09-10-2025-09-17-2025-09-24-2025-10-01-2025-10-08-2025-10-15-2025-10-22-2025-10-29-2025-11-05-2025-11-12-2025-11-19-2025-11-26-2025-12-03-2-18-2026-02-25/%26sprop%3Dname:Pastfinders%26ctz%3DAmerica/New_York&emr=1 HTTP/1.1" 302 0
DEBUG:urllib3.connectionpool:Starting new HTTPS connection (1): wordpress-810691-5571285.cloudwaysapps.com:443
DEBUG:urllib3.connectionpool:https://wordpress-810691-5571285.cloudwaysapps.com:443 "GET /wp-content/uploads/2025/08/2009_6_1566262107-626x1024.webp HTTP/1.1" 200 141240
DEBUG:urllib3.connectionpool:https://accounts.google.com:443 "GET /InteractiveLogin?continue=https://calendar.google.com/calendar/event?action%3DTEMPLATE%26text%3DResearch%2BAssistance%26dates%3D20260225T130000/20260225T150000%26details%3DJoin%2Bus%2Bweekly%2Bin%2Bthe%2BGenealogy%2BRoom%2Bfor%2Bin-person%2Bhelp%2Bwith%2Byour%2Bresearch.%2BIt%25E2%2580%2599s%2Ba%2Bgreat%2Bchance%2Bto%2Bget%2Bone-on-one%2Bguidance,%2Bask%2Bquestions,%2Band%2Bconnect%2Bwith%2Bothers%2Bwho%2Bshare%2Byour%2Bpassion%2Bfor%2Bfamily%2Bhistory.%26location%3D2525%2BOakley%2BSeaver%2BDr,%2BClermont,%2BFL,%2B34711,%2BUnited%2BStates%26trp%3Dfalse%26sprop%3Dhttps://wordpress-810691-5571285.cloudwaysapps.com/events/research-assistance-2025-08-27-2025-09-03-2025-09-10-2025-09-17-2025-09-24-2025-10-01-2025-10-08-2025-10-15-2025-10-22-2025-10-29-2025-11-05-2025-11-12-2025-11-19-2025-11-26-2025-12-03-2-18-2026-02-25/%26sprop%3Dname:Pastfinders%26ctz%3DAmerica/New_York&emr=1&followup=https://calendar.google.com/calendar/event?action%3DTEMPLATE%26text%3DResearch%2BAssistance%26dates%3D20260225T130000/20260225T150000%26details%3DJoin%2Bus%2Bweekly%2Bin%2Bthe%2BGenealogy%2BRoom%2Bfor%2Bin-person%2Bhelp%2Bwith%2Byour%2Bresearch.%2BIt%25E2%2580%2599s%2Ba%2Bgreat%2Bchance%2Bto%2Bget%2Bone-on-one%2Bguidance,%2Bask%2Bquestions,%2Band%2Bconnect%2Bwith%2Bothers%2Bwho%2Bshare%2Byour%2Bpassion%2Bfor%2Bfamily%2Bhistory.%26location%3D2525%2BOakley%2BSeaver%2BDr,%2BClermont,%2BFL,%2B34711,%2BUnited%2BStates%26trp%3Dfalse%26sprop%3Dhttps://wordpress-810691-5571285.cloudwaysapps.com/events/research-assistance-2025-08-27-2025-09-03-2025-09-10-2025-09-17-2025-09-24-2025-10-01-2025-10-08-2025-10-15-2025-10-22-2025-10-29-2025-11-05-2025-11-12-2025-11-19-2025-11-26-2025-12-03-2-18-2026-02-25/%26sprop%3Dname:Pastfinders%26ctz%3DAmerica/New_York&osid=1&passive=1209600&service=cl&ifkv=AdBytiOHixT6HirnZW-0WJuETVQhaYEXPmDtqDy2YHEVzdPJOAg_O785iYo_wouCmmznLlFwieWVXA HTTP/1.1" 302 None
DEBUG:root:✅ Image OK: https://wordpress-810691-5571285.cloudwaysapps.com/wp-content/uploads/2025/08/2019_February_9_Conference_7_1570504010-1024x683.webp
DEBUG:root:Checking internal image: https://wordpress-810691-5571285.cloudwaysapps.com/wp-content/uploads/2025/08/2019_February_9_Conference_3_1570504010-1024x683.webp
DEBUG:urllib3.connectionpool:Starting new HTTPS connection (1): wordpress-810691-5571285.cloudwaysapps.com:443
DEBUG:root:✅ Image OK: https://wordpress-810691-5571285.cloudwaysapps.com/wp-content/uploads/2025/08/2009_6_1566262107-626x1024.webp
DEBUG:root:Checking internal image: https://wordpress-810691-5571285.cloudwaysapps.com/wp-content/uploads/2025/08/2009_16_1566262107-1024x906.webp
DEBUG:urllib3.connectionpool:Starting new HTTPS connection (1): wordpress-810691-5571285.cloudwaysapps.com:443
DEBUG:urllib3.connectionpool:https://accounts.google.com:443 "GET /v3/signin/identifier?continue=https%3A%2F%2Fcalendar.google.com%2Fcalendar%2Fevent%3Faction%3DTEMPLATE%26text%3DResearch%2BAssistance%26dates%3D20260225T130000%2F20260225T150000%26details%3DJoin%2Bus%2Bweekly%2Bin%2Bthe%2BGenealogy%2BRoom%2Bfor%2Bin-person%2Bhelp%2Bwith%2Byour%2Bresearch.%2BIt%25E2%2580%2599s%2Ba%2Bgreat%2Bchance%2Bto%2Bget%2Bone-on-one%2Bguidance%2C%2Bask%2Bquestions%2C%2Band%2Bconnect%2Bwith%2Bothers%2Bwho%2Bshare%2Byour%2Bpassion%2Bfor%2Bfamily%2Bhistory.%26location%3D2525%2BOakley%2BSeaver%2BDr%2C%2BClermont%2C%2BFL%2C%2B34711%2C%2BUnited%2BStates%26trp%3Dfalse%26sprop%3Dhttps%3A%2F%2Fwordpress-810691-5571285.cloudwaysapps.com%2Fevents%2Fresearch-assistance-2025-08-27-2025-09-03-2025-09-10-2025-09-17-2025-09-24-2025-10-01-2025-10-08-2025-10-15-2025-10-22-2025-10-29-2025-11-05-2025-11-12-2025-11-19-2025-11-26-2025-12-03-2-18-2026-02-25%2F%26sprop%3Dname%3APastfinders%26ctz%3DAmerica%2FNew_York&emr=1&followup=https%3A%2F%2Fcalendar.google.com%2Fcalendar%2Fevent%3Faction%3DTEMPLATE%26text%3DResearch%2BAssistance%26dates%3D20260225T130000%2F20260225T150000%26details%3DJoin%2Bus%2Bweekly%2Bin%2Bthe%2BGenealogy%2BRoom%2Bfor%2Bin-person%2Bhelp%2Bwith%2Byour%2Bresearch.%2BIt%25E2%2580%2599s%2Ba%2Bgreat%2Bchance%2Bto%2Bget%2Bone-on-one%2Bguidance%2C%2Bask%2Bquestions%2C%2Band%2Bconnect%2Bwith%2Bothers%2Bwho%2Bshare%2Byour%2Bpassion%2Bfor%2Bfamily%2Bhistory.%26location%3D2525%2BOakley%2BSeaver%2BDr%2C%2BClermont%2C%2BFL%2C%2B34711%2C%2BUnited%2BStates%26trp%3Dfalse%26sprop%3Dhttps%3A%2F%2Fwordpress-810691-5571285.cloudwaysapps.com%2Fevents%2Fresearch-assistance-2025-08-27-2025-09-03-2025-09-10-2025-09-17-2025-09-24-2025-10-01-2025-10-08-2025-10-15-2025-10-22-2025-10-29-2025-11-05-2025-11-12-2025-11-19-2025-11-26-2025-12-03-2-18-2026-02-25%2F%26sprop%3Dname%3APastfinders%26ctz%3DAmerica%2FNew_York&ifkv=AdBytiMQe2smV6zUHxkywfjXP6aSJx1cZrU2pjJSbLUEng4fJo22V_VqiCoTFW7DK739LFEFSZ3t&osid=1&passive=1209600&service=cl&flowName=WebLiteSignIn&flowEntry=ServiceLogin&dsh=S-1708320613%3A1756758332036048 HTTP/1.1" 200 None
DEBUG:urllib3.connectionpool:https://wordpress-810691-5571285.cloudwaysapps.com:443 "GET /wp-content/uploads/2025/08/Connecting_to_the_past_poster_1556586971-1024x683.webp HTTP/1.1" 200 99752
DEBUG:root:✅ Hyperlink OK: https://www.google.com/calendar/event?action=TEMPLATE&text=Research+Assistance&dates=20260225T130000/20260225T150000&details=Join+us+weekly+in+the+Genealogy+Room+for+in-person+help+with+your+research.+It%E2%80%99s+a+great+chance+to+get+one-on-one+guidance%2C+ask+questions%2C+and+connect+with+others+who+share+your+passion+for+family+history.&location=2525+Oakley+Seaver+Dr%2C+Clermont%2C+FL%2C+34711%2C+United+States&trp=false&sprop=https%3A%2F%2Fwordpress-810691-5571285.cloudwaysapps.com%2Fevents%2Fresearch-assistance-2025-08-27-2025-09-03-2025-09-10-2025-09-17-2025-09-24-2025-10-01-2025-10-08-2025-10-15-2025-10-22-2025-10-29-2025-11-05-2025-11-12-2025-11-19-2025-11-26-2025-12-03-2-18-2026-02-25%2F&sprop=name:Pastfinders&ctz=America%2FNew_York
DEBUG:root:Checking external hyperlink: https://outlook.office.com/calendar/0/deeplink/compose?allday=false&body=Join+us+weekly+in+the+Genealogy+Room+for+in-person+help+with+your+research.+It%E2%80%99s+a+great+chance+to+get+one-on-one+guidance%2C+ask+questions%2C+and+connect+with+others+who+share+your+passion+for+family+history.&location=2525+Oakley+Seaver+Dr%2C+Clermont%2C+FL%2C+34711%2C+United+States&path=/calendar/action/compose&rru=addevent&startdt=2026-02-25T13%3A00%3A00-05%3A00&enddt=2026-02-25T15%3A00%3A00-05%3A00&subject=Research+Assistance
DEBUG:root:✅ Image OK: https://wordpress-810691-5571285.cloudwaysapps.com/wp-content/uploads/2025/08/Connecting_to_the_past_poster_1556586971-1024x683.webp
DEBUG:root:Checking internal image: https://wordpress-810691-5571285.cloudwaysapps.com/wp-content/uploads/2025/08/Schedule_for_spring_of_april_1556586792.webp
DEBUG:urllib3.connectionpool:Starting new HTTPS connection (1): wordpress-810691-5571285.cloudwaysapps.com:443
DEBUG:urllib3.connectionpool:Starting new HTTPS connection (1): outlook.office.com:443
DEBUG:urllib3.connectionpool:https://wordpress-810691-5571285.cloudwaysapps.com:443 "GET /wp-content/uploads/2025/08/12_IMG_0004_1582757072-1024x637.webp HTTP/1.1" 200 79088
DEBUG:root:✅ Image OK: https://wordpress-810691-5571285.cloudwaysapps.com/wp-content/uploads/2025/08/12_IMG_0004_1582757072-1024x637.webp
DEBUG:root:Checking internal image: https://wordpress-810691-5571285.cloudwaysapps.com/wp-content/uploads/2025/08/10_IMG_0004_1582757059-1024x527.webp
DEBUG:urllib3.connectionpool:Starting new HTTPS connection (1): wordpress-810691-5571285.cloudwaysapps.com:443
DEBUG:urllib3.connectionpool:https://wordpress-810691-5571285.cloudwaysapps.com:443 "GET /wp-content/uploads/2025/08/2019_February_9_Conference_3_1570504010-1024x683.webp HTTP/1.1" 200 56616
DEBUG:urllib3.connectionpool:https://wordpress-810691-5571285.cloudwaysapps.com:443 "GET /wp-content/uploads/2025/08/2009_16_1566262107-1024x906.webp HTTP/1.1" 200 168192
DEBUG:root:✅ Image OK: https://wordpress-810691-5571285.cloudwaysapps.com/wp-content/uploads/2025/08/2019_February_9_Conference_3_1570504010-1024x683.webp
DEBUG:root:Using regex pattern: \b[a-zA-Z]{3,}\b
DEBUG:root:Found 64 words to check in https://wordpress-810691-5571285.cloudwaysapps.com/galleries/2019-mid-winter-conference/ (min_length=3)
DEBUG:root:Sample words from https://wordpress-810691-5571285.cloudwaysapps.com/galleries/2019-mid-winter-conference/: ['This', 'alert', 'Skip', 'content', 'Mid', 'Winter', 'Conference', 'images', 'Click', 'view']
DEBUG:root:Spell check results for https://wordpress-810691-5571285.cloudwaysapps.com/galleries/2019-mid-winter-conference/: 29 words checked, 35 skipped, 0 errors found
INFO:root:✅ Processed https://wordpress-810691-5571285.cloudwaysapps.com/galleries/2019-mid-winter-conference/: 0 errors found, 128 words checked
DEBUG:root:Attempting to fetch: https://wordpress-810691-5571285.cloudwaysapps.com/events/preserving-local-history-2026-08-12/
Processing pages:  98%|█████████▊| 375/381 [03:28<00:06,  1.02s/it]DEBUG:urllib3.connectionpool:https://wordpress-810691-5571285.cloudwaysapps.com:443 "GET /events/preserving-local-history-2026-08-12/ HTTP/1.1" 200 None
DEBUG:root:Successfully fetched https://wordpress-810691-5571285.cloudwaysapps.com/events/preserving-local-history-2026-08-12/ (Content-Length: 43613)
DEBUG:charset_normalizer:Encoding detection: utf_8 is most likely the one.
DEBUG:root:✅ Image OK: https://wordpress-810691-5571285.cloudwaysapps.com/wp-content/uploads/2025/08/2009_16_1566262107-1024x906.webp
DEBUG:root:Checking internal image: https://wordpress-810691-5571285.cloudwaysapps.com/wp-content/uploads/2025/08/2009_2_01_1566262107-1024x766.webp
DEBUG:urllib3.connectionpool:Starting new HTTPS connection (1): wordpress-810691-5571285.cloudwaysapps.com:443
DEBUG:root:Extracted 445 characters, 65 words from https://wordpress-810691-5571285.cloudwaysapps.com/events/preserving-local-history-2026-08-12/
DEBUG:root:Checking external hyperlink: https://www.google.com/calendar/event?action=TEMPLATE&text=Preserving+Local+History&dates=20260812T100000/20260812T120000&details=Help+in+the+preservation+of+our+local+history+and+collections%2C+including+transcriptionists%2C+preservationists%2C+digitizers%2C+and+organization%C2%A0projects.&location=2525+Oakley+Seaver+Dr%2C+Clermont%2C+FL%2C+34711%2C+United+States&trp=false&sprop=https%3A%2F%2Fwordpress-810691-5571285.cloudwaysapps.com%2Fevents%2Fpreserving-local-history-2026-08-12%2F&sprop=name:Pastfinders&ctz=America%2FNew_York
DEBUG:urllib3.connectionpool:https://outlook.office.com:443 "GET /calendar/0/deeplink/compose?allday=false&body=Join+us+weekly+in+the+Genealogy+Room+for+in-person+help+with+your+research.+It%E2%80%99s+a+great+chance+to+get+one-on-one+guidance%2C+ask+questions%2C+and+connect+with+others+who+share+your+passion+for+family+history.&location=2525+Oakley+Seaver+Dr%2C+Clermont%2C+FL%2C+34711%2C+United+States&path=/calendar/action/compose&rru=addevent&startdt=2026-02-25T13%3A00%3A00-05%3A00&enddt=2026-02-25T15%3A00%3A00-05%3A00&subject=Research+Assistance HTTP/1.1" 200 None
DEBUG:urllib3.connectionpool:https://wordpress-810691-5571285.cloudwaysapps.com:443 "GET /wp-content/uploads/2025/08/Schedule_for_spring_of_april_1556586792.webp HTTP/1.1" 200 75036
DEBUG:root:✅ Hyperlink OK: https://outlook.office.com/calendar/0/deeplink/compose?allday=false&body=Join+us+weekly+in+the+Genealogy+Room+for+in-person+help+with+your+research.+It%E2%80%99s+a+great+chance+to+get+one-on-one+guidance%2C+ask+questions%2C+and+connect+with+others+who+share+your+passion+for+family+history.&location=2525+Oakley+Seaver+Dr%2C+Clermont%2C+FL%2C+34711%2C+United+States&path=/calendar/action/compose&rru=addevent&startdt=2026-02-25T13%3A00%3A00-05%3A00&enddt=2026-02-25T15%3A00%3A00-05%3A00&subject=Research+Assistance
DEBUG:root:Checking external hyperlink: https://outlook.live.com/calendar/0/deeplink/compose?allday=false&body=Join+us+weekly+in+the+Genealogy+Room+for+in-person+help+with+your+research.+It%E2%80%99s+a+great+chance+to+get+one-on-one+guidance%2C+ask+questions%2C+and+connect+with+others+who+share+your+passion+for+family+history.&location=2525+Oakley+Seaver+Dr%2C+Clermont%2C+FL%2C+34711%2C+United+States&path=/calendar/action/compose&rru=addevent&startdt=2026-02-25T13%3A00%3A00-05%3A00&enddt=2026-02-25T15%3A00%3A00-05%3A00&subject=Research+Assistance
DEBUG:urllib3.connectionpool:Starting new HTTPS connection (1): www.google.com:443
DEBUG:urllib3.connectionpool:Starting new HTTPS connection (1): outlook.live.com:443
DEBUG:root:✅ Image OK: https://wordpress-810691-5571285.cloudwaysapps.com/wp-content/uploads/2025/08/Schedule_for_spring_of_april_1556586792.webp
DEBUG:root:Checking internal image: https://wordpress-810691-5571285.cloudwaysapps.com/wp-content/uploads/2025/08/2018_November_Ann_Mohr_Osisek_1556586971-768x1024.webp
DEBUG:urllib3.connectionpool:https://wordpress-810691-5571285.cloudwaysapps.com:443 "GET /wp-content/uploads/2025/08/10_IMG_0004_1582757059-1024x527.webp HTTP/1.1" 200 55014
DEBUG:urllib3.connectionpool:Starting new HTTPS connection (1): wordpress-810691-5571285.cloudwaysapps.com:443
DEBUG:root:✅ Image OK: https://wordpress-810691-5571285.cloudwaysapps.com/wp-content/uploads/2025/08/10_IMG_0004_1582757059-1024x527.webp
DEBUG:root:Checking internal image: https://wordpress-810691-5571285.cloudwaysapps.com/wp-content/uploads/2025/08/19_IMG_0008_1582757059-1024x564.webp
DEBUG:urllib3.connectionpool:Starting new HTTPS connection (1): wordpress-810691-5571285.cloudwaysapps.com:443
DEBUG:urllib3.connectionpool:https://www.google.com:443 "GET /calendar/event?action=TEMPLATE&text=Preserving+Local+History&dates=20260812T100000/20260812T120000&details=Help+in+the+preservation+of+our+local+history+and+collections%2C+including+transcriptionists%2C+preservationists%2C+digitizers%2C+and+organization%C2%A0projects.&location=2525+Oakley+Seaver+Dr%2C+Clermont%2C+FL%2C+34711%2C+United+States&trp=false&sprop=https%3A%2F%2Fwordpress-810691-5571285.cloudwaysapps.com%2Fevents%2Fpreserving-local-history-2026-08-12%2F&sprop=name:Pastfinders&ctz=America%2FNew_York HTTP/1.1" 302 0
DEBUG:urllib3.connectionpool:Starting new HTTPS connection (1): calendar.google.com:443
DEBUG:urllib3.connectionpool:https://outlook.live.com:443 "GET /calendar/0/deeplink/compose?allday=false&body=Join+us+weekly+in+the+Genealogy+Room+for+in-person+help+with+your+research.+It%E2%80%99s+a+great+chance+to+get+one-on-one+guidance%2C+ask+questions%2C+and+connect+with+others+who+share+your+passion+for+family+history.&location=2525+Oakley+Seaver+Dr%2C+Clermont%2C+FL%2C+34711%2C+United+States&path=/calendar/action/compose&rru=addevent&startdt=2026-02-25T13%3A00%3A00-05%3A00&enddt=2026-02-25T15%3A00%3A00-05%3A00&subject=Research+Assistance HTTP/1.1" 200 None
DEBUG:root:✅ Hyperlink OK: https://outlook.live.com/calendar/0/deeplink/compose?allday=false&body=Join+us+weekly+in+the+Genealogy+Room+for+in-person+help+with+your+research.+It%E2%80%99s+a+great+chance+to+get+one-on-one+guidance%2C+ask+questions%2C+and+connect+with+others+who+share+your+passion+for+family+history.&location=2525+Oakley+Seaver+Dr%2C+Clermont%2C+FL%2C+34711%2C+United+States&path=/calendar/action/compose&rru=addevent&startdt=2026-02-25T13%3A00%3A00-05%3A00&enddt=2026-02-25T15%3A00%3A00-05%3A00&subject=Research+Assistance
DEBUG:root:Using regex pattern: \b[a-zA-Z]{3,}\b
DEBUG:root:Found 58 words to check in https://wordpress-810691-5571285.cloudwaysapps.com/events/research-assistance-2025-08-27-2025-09-03-2025-09-10-2025-09-17-2025-09-24-2025-10-01-2025-10-08-2025-10-15-2025-10-22-2025-10-29-2025-11-05-2025-11-12-2025-11-19-2025-11-26-2025-12-03-2-18-2026-02-25/ (min_length=3)
DEBUG:root:Sample words from https://wordpress-810691-5571285.cloudwaysapps.com/events/research-assistance-2025-08-27-2025-09-03-2025-09-10-2025-09-17-2025-09-24-2025-10-01-2025-10-08-2025-10-15-2025-10-22-2025-10-29-2025-11-05-2025-11-12-2025-11-19-2025-11-26-2025-12-03-2-18-2026-02-25/: ['This', 'alert', 'Skip', 'content', 'Research', 'Assistance', 'When', 'February', 'Add', 'Calendar']
DEBUG:root:Spell check results for https://wordpress-810691-5571285.cloudwaysapps.com/events/research-assistance-2025-08-27-2025-09-03-2025-09-10-2025-09-17-2025-09-24-2025-10-01-2025-10-08-2025-10-15-2025-10-22-2025-10-29-2025-11-05-2025-11-12-2025-11-19-2025-11-26-2025-12-03-2-18-2026-02-25/: 30 words checked, 28 skipped, 0 errors found
INFO:root:✅ Processed https://wordpress-810691-5571285.cloudwaysapps.com/events/research-assistance-2025-08-27-2025-09-03-2025-09-10-2025-09-17-2025-09-24-2025-10-01-2025-10-08-2025-10-15-2025-10-22-2025-10-29-2025-11-05-2025-11-12-2025-11-19-2025-11-26-2025-12-03-2-18-2026-02-25/: 0 errors found, 85 words checked
DEBUG:root:Attempting to fetch: https://wordpress-810691-5571285.cloudwaysapps.com/
Processing pages:  99%|█████████▊| 376/381 [03:28<00:04,  1.18it/s]DEBUG:urllib3.connectionpool:https://wordpress-810691-5571285.cloudwaysapps.com:443 "GET /wp-content/uploads/2025/08/2009_2_01_1566262107-1024x766.webp HTTP/1.1" 200 69592
DEBUG:urllib3.connectionpool:https://calendar.google.com:443 "GET /calendar/event?action=TEMPLATE&text=Preserving+Local+History&dates=20260812T100000/20260812T120000&details=Help+in+the+preservation+of+our+local+history+and+collections,+including+transcriptionists,+preservationists,+digitizers,+and+organization%C2%A0projects.&location=2525+Oakley+Seaver+Dr,+Clermont,+FL,+34711,+United+States&trp=false&sprop=https://wordpress-810691-5571285.cloudwaysapps.com/events/preserving-local-history-2026-08-12/&sprop=name:Pastfinders&ctz=America/New_York HTTP/1.1" 302 0
DEBUG:urllib3.connectionpool:Starting new HTTPS connection (1): accounts.google.com:443
DEBUG:root:✅ Image OK: https://wordpress-810691-5571285.cloudwaysapps.com/wp-content/uploads/2025/08/2009_2_01_1566262107-1024x766.webp
DEBUG:root:Using regex pattern: \b[a-zA-Z]{3,}\b
DEBUG:root:Found 35 words to check in https://wordpress-810691-5571285.cloudwaysapps.com/galleries/2009-cooper-library-old-new/ (min_length=3)
DEBUG:root:Sample words from https://wordpress-810691-5571285.cloudwaysapps.com/galleries/2009-cooper-library-old-new/: ['This', 'alert', 'Skip', 'content', 'Cooper', 'Library', 'Old', 'New', 'images', 'Click']
DEBUG:root:Spell check results for https://wordpress-810691-5571285.cloudwaysapps.com/galleries/2009-cooper-library-old-new/: 14 words checked, 21 skipped, 0 errors found
INFO:root:✅ Processed https://wordpress-810691-5571285.cloudwaysapps.com/galleries/2009-cooper-library-old-new/: 0 errors found, 69 words checked
DEBUG:urllib3.connectionpool:https://wordpress-810691-5571285.cloudwaysapps.com:443 "GET /wp-content/uploads/2025/08/2018_November_Ann_Mohr_Osisek_1556586971-768x1024.webp HTTP/1.1" 200 89846
DEBUG:urllib3.connectionpool:https://wordpress-810691-5571285.cloudwaysapps.com:443 "GET /wp-content/uploads/2025/08/19_IMG_0008_1582757059-1024x564.webp HTTP/1.1" 200 67476
DEBUG:root:✅ Image OK: https://wordpress-810691-5571285.cloudwaysapps.com/wp-content/uploads/2025/08/2018_November_Ann_Mohr_Osisek_1556586971-768x1024.webp
DEBUG:root:Checking internal image: https://wordpress-810691-5571285.cloudwaysapps.com/wp-content/uploads/2025/08/DAR__1556586971.webp
DEBUG:urllib3.connectionpool:Starting new HTTPS connection (1): wordpress-810691-5571285.cloudwaysapps.com:443
DEBUG:urllib3.connectionpool:https://accounts.google.com:443 "GET /ServiceLogin?service=cl&passive=1209600&osid=1&continue=https://calendar.google.com/calendar/event?action%3DTEMPLATE%26text%3DPreserving%2BLocal%2BHistory%26dates%3D20260812T100000/20260812T120000%26details%3DHelp%2Bin%2Bthe%2Bpreservation%2Bof%2Bour%2Blocal%2Bhistory%2Band%2Bcollections,%2Bincluding%2Btranscriptionists,%2Bpreservationists,%2Bdigitizers,%2Band%2Borganization%25C2%25A0projects.%26location%3D2525%2BOakley%2BSeaver%2BDr,%2BClermont,%2BFL,%2B34711,%2BUnited%2BStates%26trp%3Dfalse%26sprop%3Dhttps://wordpress-810691-5571285.cloudwaysapps.com/events/preserving-local-history-2026-08-12/%26sprop%3Dname:Pastfinders%26ctz%3DAmerica/New_York&followup=https://calendar.google.com/calendar/event?action%3DTEMPLATE%26text%3DPreserving%2BLocal%2BHistory%26dates%3D20260812T100000/20260812T120000%26details%3DHelp%2Bin%2Bthe%2Bpreservation%2Bof%2Bour%2Blocal%2Bhistory%2Band%2Bcollections,%2Bincluding%2Btranscriptionists,%2Bpreservationists,%2Bdigitizers,%2Band%2Borganization%25C2%25A0projects.%26location%3D2525%2BOakley%2BSeaver%2BDr,%2BClermont,%2BFL,%2B34711,%2BUnited%2BStates%26trp%3Dfalse%26sprop%3Dhttps://wordpress-810691-5571285.cloudwaysapps.com/events/preserving-local-history-2026-08-12/%26sprop%3Dname:Pastfinders%26ctz%3DAmerica/New_York&emr=1 HTTP/1.1" 302 0
DEBUG:root:✅ Image OK: https://wordpress-810691-5571285.cloudwaysapps.com/wp-content/uploads/2025/08/19_IMG_0008_1582757059-1024x564.webp
DEBUG:root:Checking internal image: https://wordpress-810691-5571285.cloudwaysapps.com/wp-content/uploads/2025/08/16_IMG_0006_1582757072-1024x527.webp
DEBUG:urllib3.connectionpool:Starting new HTTPS connection (1): wordpress-810691-5571285.cloudwaysapps.com:443
DEBUG:urllib3.connectionpool:https://accounts.google.com:443 "GET /InteractiveLogin?continue=https://calendar.google.com/calendar/event?action%3DTEMPLATE%26text%3DPreserving%2BLocal%2BHistory%26dates%3D20260812T100000/20260812T120000%26details%3DHelp%2Bin%2Bthe%2Bpreservation%2Bof%2Bour%2Blocal%2Bhistory%2Band%2Bcollections,%2Bincluding%2Btranscriptionists,%2Bpreservationists,%2Bdigitizers,%2Band%2Borganization%25C2%25A0projects.%26location%3D2525%2BOakley%2BSeaver%2BDr,%2BClermont,%2BFL,%2B34711,%2BUnited%2BStates%26trp%3Dfalse%26sprop%3Dhttps://wordpress-810691-5571285.cloudwaysapps.com/events/preserving-local-history-2026-08-12/%26sprop%3Dname:Pastfinders%26ctz%3DAmerica/New_York&emr=1&followup=https://calendar.google.com/calendar/event?action%3DTEMPLATE%26text%3DPreserving%2BLocal%2BHistory%26dates%3D20260812T100000/20260812T120000%26details%3DHelp%2Bin%2Bthe%2Bpreservation%2Bof%2Bour%2Blocal%2Bhistory%2Band%2Bcollections,%2Bincluding%2Btranscriptionists,%2Bpreservationists,%2Bdigitizers,%2Band%2Borganization%25C2%25A0projects.%26location%3D2525%2BOakley%2BSeaver%2BDr,%2BClermont,%2BFL,%2B34711,%2BUnited%2BStates%26trp%3Dfalse%26sprop%3Dhttps://wordpress-810691-5571285.cloudwaysapps.com/events/preserving-local-history-2026-08-12/%26sprop%3Dname:Pastfinders%26ctz%3DAmerica/New_York&osid=1&passive=1209600&service=cl&ifkv=AdBytiOxlRPcf-_UI59hB31TauHBHHozVMSewwZtwIFvMOF5NxzbrSOUAkKSbsA_CKoM06bg1mnRZA HTTP/1.1" 302 None
DEBUG:urllib3.connectionpool:https://accounts.google.com:443 "GET /v3/signin/identifier?continue=https%3A%2F%2Fcalendar.google.com%2Fcalendar%2Fevent%3Faction%3DTEMPLATE%26text%3DPreserving%2BLocal%2BHistory%26dates%3D20260812T100000%2F20260812T120000%26details%3DHelp%2Bin%2Bthe%2Bpreservation%2Bof%2Bour%2Blocal%2Bhistory%2Band%2Bcollections%2C%2Bincluding%2Btranscriptionists%2C%2Bpreservationists%2C%2Bdigitizers%2C%2Band%2Borganization%25C2%25A0projects.%26location%3D2525%2BOakley%2BSeaver%2BDr%2C%2BClermont%2C%2BFL%2C%2B34711%2C%2BUnited%2BStates%26trp%3Dfalse%26sprop%3Dhttps%3A%2F%2Fwordpress-810691-5571285.cloudwaysapps.com%2Fevents%2Fpreserving-local-history-2026-08-12%2F%26sprop%3Dname%3APastfinders%26ctz%3DAmerica%2FNew_York&emr=1&followup=https%3A%2F%2Fcalendar.google.com%2Fcalendar%2Fevent%3Faction%3DTEMPLATE%26text%3DPreserving%2BLocal%2BHistory%26dates%3D20260812T100000%2F20260812T120000%26details%3DHelp%2Bin%2Bthe%2Bpreservation%2Bof%2Bour%2Blocal%2Bhistory%2Band%2Bcollections%2C%2Bincluding%2Btranscriptionists%2C%2Bpreservationists%2C%2Bdigitizers%2C%2Band%2Borganization%25C2%25A0projects.%26location%3D2525%2BOakley%2BSeaver%2BDr%2C%2BClermont%2C%2BFL%2C%2B34711%2C%2BUnited%2BStates%26trp%3Dfalse%26sprop%3Dhttps%3A%2F%2Fwordpress-810691-5571285.cloudwaysapps.com%2Fevents%2Fpreserving-local-history-2026-08-12%2F%26sprop%3Dname%3APastfinders%26ctz%3DAmerica%2FNew_York&ifkv=AdBytiMHXiLuZjEgYWkGEZCI222X_tSNkLtaBKd2TiP728CkNQePkzg0-gjgteMgFqbPBwSreViILg&osid=1&passive=1209600&service=cl&flowName=WebLiteSignIn&flowEntry=ServiceLogin&dsh=S135048921%3A1756758332905144 HTTP/1.1" 200 None
DEBUG:urllib3.connectionpool:https://wordpress-810691-5571285.cloudwaysapps.com:443 "GET /wp-content/uploads/2025/08/DAR__1556586971.webp HTTP/1.1" 200 73530
DEBUG:urllib3.connectionpool:https://wordpress-810691-5571285.cloudwaysapps.com:443 "GET /wp-content/uploads/2025/08/16_IMG_0006_1582757072-1024x527.webp HTTP/1.1" 200 50996
DEBUG:root:✅ Image OK: https://wordpress-810691-5571285.cloudwaysapps.com/wp-content/uploads/2025/08/DAR__1556586971.webp
DEBUG:root:Checking internal image: https://wordpress-810691-5571285.cloudwaysapps.com/wp-content/uploads/2025/08/irish_1556586792.webp
DEBUG:urllib3.connectionpool:Starting new HTTPS connection (1): wordpress-810691-5571285.cloudwaysapps.com:443
DEBUG:root:✅ Hyperlink OK: https://www.google.com/calendar/event?action=TEMPLATE&text=Preserving+Local+History&dates=20260812T100000/20260812T120000&details=Help+in+the+preservation+of+our+local+history+and+collections%2C+including+transcriptionists%2C+preservationists%2C+digitizers%2C+and+organization%C2%A0projects.&location=2525+Oakley+Seaver+Dr%2C+Clermont%2C+FL%2C+34711%2C+United+States&trp=false&sprop=https%3A%2F%2Fwordpress-810691-5571285.cloudwaysapps.com%2Fevents%2Fpreserving-local-history-2026-08-12%2F&sprop=name:Pastfinders&ctz=America%2FNew_York
DEBUG:root:Checking external hyperlink: https://outlook.office.com/calendar/0/deeplink/compose?allday=false&body=Help+in+the+preservation+of+our+local+history+and+collections%2C+including+transcriptionists%2C+preservationists%2C+digitizers%2C+and+organization%C2%A0projects.&location=2525+Oakley+Seaver+Dr%2C+Clermont%2C+FL%2C+34711%2C+United+States&path=/calendar/action/compose&rru=addevent&startdt=2026-08-12T10%3A00%3A00-04%3A00&enddt=2026-08-12T12%3A00%3A00-04%3A00&subject=Preserving+Local+History
DEBUG:urllib3.connectionpool:Starting new HTTPS connection (1): outlook.office.com:443
DEBUG:root:✅ Image OK: https://wordpress-810691-5571285.cloudwaysapps.com/wp-content/uploads/2025/08/16_IMG_0006_1582757072-1024x527.webp
DEBUG:root:Checking internal image: https://wordpress-810691-5571285.cloudwaysapps.com/wp-content/uploads/2025/08/17_IMG_0007_1582757059-1024x619.webp
DEBUG:urllib3.connectionpool:Starting new HTTPS connection (1): wordpress-810691-5571285.cloudwaysapps.com:443
DEBUG:urllib3.connectionpool:https://outlook.office.com:443 "GET /calendar/0/deeplink/compose?allday=false&body=Help+in+the+preservation+of+our+local+history+and+collections%2C+including+transcriptionists%2C+preservationists%2C+digitizers%2C+and+organization%C2%A0projects.&location=2525+Oakley+Seaver+Dr%2C+Clermont%2C+FL%2C+34711%2C+United+States&path=/calendar/action/compose&rru=addevent&startdt=2026-08-12T10%3A00%3A00-04%3A00&enddt=2026-08-12T12%3A00%3A00-04%3A00&subject=Preserving+Local+History HTTP/1.1" 200 None
DEBUG:root:✅ Hyperlink OK: https://outlook.office.com/calendar/0/deeplink/compose?allday=false&body=Help+in+the+preservation+of+our+local+history+and+collections%2C+including+transcriptionists%2C+preservationists%2C+digitizers%2C+and+organization%C2%A0projects.&location=2525+Oakley+Seaver+Dr%2C+Clermont%2C+FL%2C+34711%2C+United+States&path=/calendar/action/compose&rru=addevent&startdt=2026-08-12T10%3A00%3A00-04%3A00&enddt=2026-08-12T12%3A00%3A00-04%3A00&subject=Preserving+Local+History
DEBUG:root:Checking external hyperlink: https://outlook.live.com/calendar/0/deeplink/compose?allday=false&body=Help+in+the+preservation+of+our+local+history+and+collections%2C+including+transcriptionists%2C+preservationists%2C+digitizers%2C+and+organization%C2%A0projects.&location=2525+Oakley+Seaver+Dr%2C+Clermont%2C+FL%2C+34711%2C+United+States&path=/calendar/action/compose&rru=addevent&startdt=2026-08-12T10%3A00%3A00-04%3A00&enddt=2026-08-12T12%3A00%3A00-04%3A00&subject=Preserving+Local+History
DEBUG:urllib3.connectionpool:Starting new HTTPS connection (1): outlook.live.com:443
DEBUG:urllib3.connectionpool:https://wordpress-810691-5571285.cloudwaysapps.com:443 "GET /wp-content/uploads/2025/08/irish_1556586792.webp HTTP/1.1" 200 25734
DEBUG:root:✅ Image OK: https://wordpress-810691-5571285.cloudwaysapps.com/wp-content/uploads/2025/08/irish_1556586792.webp
DEBUG:root:Checking internal image: https://wordpress-810691-5571285.cloudwaysapps.com/wp-content/uploads/2025/08/1_1556586971.webp
DEBUG:urllib3.connectionpool:Starting new HTTPS connection (1): wordpress-810691-5571285.cloudwaysapps.com:443
DEBUG:urllib3.connectionpool:https://wordpress-810691-5571285.cloudwaysapps.com:443 "GET /wp-content/uploads/2025/08/17_IMG_0007_1582757059-1024x619.webp HTTP/1.1" 200 66164
DEBUG:root:✅ Image OK: https://wordpress-810691-5571285.cloudwaysapps.com/wp-content/uploads/2025/08/17_IMG_0007_1582757059-1024x619.webp
DEBUG:root:Checking internal image: https://wordpress-810691-5571285.cloudwaysapps.com/wp-content/uploads/2025/08/28_IMG_0011_1582757359-1024x595.webp
DEBUG:urllib3.connectionpool:Starting new HTTPS connection (1): wordpress-810691-5571285.cloudwaysapps.com:443
DEBUG:urllib3.connectionpool:https://outlook.live.com:443 "GET /calendar/0/deeplink/compose?allday=false&body=Help+in+the+preservation+of+our+local+history+and+collections%2C+including+transcriptionists%2C+preservationists%2C+digitizers%2C+and+organization%C2%A0projects.&location=2525+Oakley+Seaver+Dr%2C+Clermont%2C+FL%2C+34711%2C+United+States&path=/calendar/action/compose&rru=addevent&startdt=2026-08-12T10%3A00%3A00-04%3A00&enddt=2026-08-12T12%3A00%3A00-04%3A00&subject=Preserving+Local+History HTTP/1.1" 200 None
DEBUG:root:✅ Hyperlink OK: https://outlook.live.com/calendar/0/deeplink/compose?allday=false&body=Help+in+the+preservation+of+our+local+history+and+collections%2C+including+transcriptionists%2C+preservationists%2C+digitizers%2C+and+organization%C2%A0projects.&location=2525+Oakley+Seaver+Dr%2C+Clermont%2C+FL%2C+34711%2C+United+States&path=/calendar/action/compose&rru=addevent&startdt=2026-08-12T10%3A00%3A00-04%3A00&enddt=2026-08-12T12%3A00%3A00-04%3A00&subject=Preserving+Local+History
DEBUG:root:Using regex pattern: \b[a-zA-Z]{3,}\b
DEBUG:root:Found 44 words to check in https://wordpress-810691-5571285.cloudwaysapps.com/events/preserving-local-history-2026-08-12/ (min_length=3)
DEBUG:root:Sample words from https://wordpress-810691-5571285.cloudwaysapps.com/events/preserving-local-history-2026-08-12/: ['This', 'alert', 'Skip', 'content', 'Preserving', 'Local', 'History', 'When', 'August', 'Add']
DEBUG:root:Misspelled word found: 'transcriptionists' in https://wordpress-810691-5571285.cloudwaysapps.com/events/preserving-local-history-2026-08-12/
DEBUG:root:Spell check results for https://wordpress-810691-5571285.cloudwaysapps.com/events/preserving-local-history-2026-08-12/: 17 words checked, 27 skipped, 1 errors found
INFO:root:✅ Processed https://wordpress-810691-5571285.cloudwaysapps.com/events/preserving-local-history-2026-08-12/: 1 errors found, 65 words checked
Processing pages:  99%|█████████▉| 378/381 [03:29<00:02,  1.47it/s]DEBUG:urllib3.connectionpool:https://wordpress-810691-5571285.cloudwaysapps.com:443 "GET /wp-content/uploads/2025/08/1_1556586971.webp HTTP/1.1" 200 44942
DEBUG:urllib3.connectionpool:https://wordpress-810691-5571285.cloudwaysapps.com:443 "GET /wp-content/uploads/2025/08/28_IMG_0011_1582757359-1024x595.webp HTTP/1.1" 200 11800
DEBUG:root:✅ Image OK: https://wordpress-810691-5571285.cloudwaysapps.com/wp-content/uploads/2025/08/28_IMG_0011_1582757359-1024x595.webp
DEBUG:root:Checking internal image: https://wordpress-810691-5571285.cloudwaysapps.com/wp-content/uploads/2025/08/9_IMG_0003_1582757072-1024x667.webp
DEBUG:urllib3.connectionpool:Starting new HTTPS connection (1): wordpress-810691-5571285.cloudwaysapps.com:443
DEBUG:root:✅ Image OK: https://wordpress-810691-5571285.cloudwaysapps.com/wp-content/uploads/2025/08/1_1556586971.webp
DEBUG:root:Checking internal image: https://wordpress-810691-5571285.cloudwaysapps.com/wp-content/uploads/2025/08/April_12_Patricia_Charpentier_for_PRINT_1556586971.webp
DEBUG:urllib3.connectionpool:Starting new HTTPS connection (1): wordpress-810691-5571285.cloudwaysapps.com:443
DEBUG:urllib3.connectionpool:https://wordpress-810691-5571285.cloudwaysapps.com:443 "GET / HTTP/1.1" 200 12163
DEBUG:root:Successfully fetched https://wordpress-810691-5571285.cloudwaysapps.com/ (Content-Length: 55361)
DEBUG:charset_normalizer:Encoding detection: utf_8 is most likely the one.
DEBUG:root:Extracted 3303 characters, 545 words from https://wordpress-810691-5571285.cloudwaysapps.com/
DEBUG:root:Checking external hyperlink: https://www.genealogybank.com/
DEBUG:urllib3.connectionpool:Starting new HTTPS connection (1): www.genealogybank.com:443
DEBUG:urllib3.connectionpool:https://wordpress-810691-5571285.cloudwaysapps.com:443 "GET /wp-content/uploads/2025/08/April_12_Patricia_Charpentier_for_PRINT_1556586971.webp HTTP/1.1" 200 11819
DEBUG:root:✅ Image OK: https://wordpress-810691-5571285.cloudwaysapps.com/wp-content/uploads/2025/08/April_12_Patricia_Charpentier_for_PRINT_1556586971.webp
DEBUG:root:Checking internal image: https://wordpress-810691-5571285.cloudwaysapps.com/wp-content/uploads/2025/08/How_to_Climb_FT_Monthly_1556586792.webp
DEBUG:urllib3.connectionpool:Starting new HTTPS connection (1): wordpress-810691-5571285.cloudwaysapps.com:443
DEBUG:urllib3.connectionpool:https://wordpress-810691-5571285.cloudwaysapps.com:443 "GET /wp-content/uploads/2025/08/9_IMG_0003_1582757072-1024x667.webp HTTP/1.1" 200 11799
DEBUG:root:✅ Image OK: https://wordpress-810691-5571285.cloudwaysapps.com/wp-content/uploads/2025/08/9_IMG_0003_1582757072-1024x667.webp
DEBUG:root:Checking internal image: https://wordpress-810691-5571285.cloudwaysapps.com/wp-content/uploads/2025/08/4_IMG_0002_1582757059-1024x535.webp
DEBUG:urllib3.connectionpool:Starting new HTTPS connection (1): wordpress-810691-5571285.cloudwaysapps.com:443
DEBUG:urllib3.connectionpool:https://wordpress-810691-5571285.cloudwaysapps.com:443 "GET /wp-content/uploads/2025/08/How_to_Climb_FT_Monthly_1556586792.webp HTTP/1.1" 200 11757
DEBUG:root:✅ Image OK: https://wordpress-810691-5571285.cloudwaysapps.com/wp-content/uploads/2025/08/How_to_Climb_FT_Monthly_1556586792.webp
DEBUG:root:Checking internal image: https://wordpress-810691-5571285.cloudwaysapps.com/wp-content/uploads/2025/08/Slide7_1571797883.webp
DEBUG:urllib3.connectionpool:Starting new HTTPS connection (1): wordpress-810691-5571285.cloudwaysapps.com:443
DEBUG:urllib3.connectionpool:https://wordpress-810691-5571285.cloudwaysapps.com:443 "GET /wp-content/uploads/2025/08/4_IMG_0002_1582757059-1024x535.webp HTTP/1.1" 200 11753
DEBUG:root:✅ Image OK: https://wordpress-810691-5571285.cloudwaysapps.com/wp-content/uploads/2025/08/4_IMG_0002_1582757059-1024x535.webp
DEBUG:root:Checking internal image: https://wordpress-810691-5571285.cloudwaysapps.com/wp-content/uploads/2025/08/18_IMG_0007_1582757059-1024x601.webp
DEBUG:urllib3.connectionpool:Starting new HTTPS connection (1): wordpress-810691-5571285.cloudwaysapps.com:443
DEBUG:urllib3.connectionpool:https://wordpress-810691-5571285.cloudwaysapps.com:443 "GET /wp-content/uploads/2025/08/Slide7_1571797883.webp HTTP/1.1" 200 11740
DEBUG:root:✅ Image OK: https://wordpress-810691-5571285.cloudwaysapps.com/wp-content/uploads/2025/08/Slide7_1571797883.webp
DEBUG:root:Checking internal image: https://wordpress-810691-5571285.cloudwaysapps.com/wp-content/uploads/2025/08/summer_table_flyer_for_library_1556588405.webp
DEBUG:urllib3.connectionpool:Starting new HTTPS connection (1): wordpress-810691-5571285.cloudwaysapps.com:443
DEBUG:urllib3.connectionpool:https://www.genealogybank.com:443 "GET / HTTP/1.1" 200 None
DEBUG:root:✅ Hyperlink OK: https://www.genealogybank.com/
DEBUG:root:Checking external hyperlink: https://www.mylakelibrary.org/libraries/cooper_memorial_library.aspx
DEBUG:urllib3.connectionpool:Starting new HTTPS connection (1): www.mylakelibrary.org:443
DEBUG:urllib3.connectionpool:https://wordpress-810691-5571285.cloudwaysapps.com:443 "GET /wp-content/uploads/2025/08/18_IMG_0007_1582757059-1024x601.webp HTTP/1.1" 200 11754
DEBUG:root:✅ Image OK: https://wordpress-810691-5571285.cloudwaysapps.com/wp-content/uploads/2025/08/18_IMG_0007_1582757059-1024x601.webp
DEBUG:root:Checking internal image: https://wordpress-810691-5571285.cloudwaysapps.com/wp-content/uploads/2025/08/5_IMG_0002_1582757072-1024x533.webp
DEBUG:urllib3.connectionpool:Starting new HTTPS connection (1): wordpress-810691-5571285.cloudwaysapps.com:443
DEBUG:urllib3.connectionpool:https://www.mylakelibrary.org:443 "GET /libraries/cooper_memorial_library.aspx HTTP/1.1" 200 10450
DEBUG:root:✅ Hyperlink OK: https://www.mylakelibrary.org/libraries/cooper_memorial_library.aspx
DEBUG:root:Checking external hyperlink: https://fsgs.org/
DEBUG:urllib3.connectionpool:https://wordpress-810691-5571285.cloudwaysapps.com:443 "GET /wp-content/uploads/2025/08/summer_table_flyer_for_library_1556588405.webp HTTP/1.1" 200 11764
DEBUG:root:✅ Image OK: https://wordpress-810691-5571285.cloudwaysapps.com/wp-content/uploads/2025/08/summer_table_flyer_for_library_1556588405.webp
DEBUG:root:Checking internal image: https://wordpress-810691-5571285.cloudwaysapps.com/wp-content/uploads/2025/08/April_Boy_Scouts_2018_Autosaved_1556586971.webp
DEBUG:urllib3.connectionpool:Starting new HTTPS connection (1): wordpress-810691-5571285.cloudwaysapps.com:443
DEBUG:urllib3.connectionpool:https://wordpress-810691-5571285.cloudwaysapps.com:443 "GET /wp-content/uploads/2025/08/5_IMG_0002_1582757072-1024x533.webp HTTP/1.1" 200 11753
DEBUG:root:✅ Image OK: https://wordpress-810691-5571285.cloudwaysapps.com/wp-content/uploads/2025/08/5_IMG_0002_1582757072-1024x533.webp
DEBUG:root:Checking internal image: https://wordpress-810691-5571285.cloudwaysapps.com/wp-content/uploads/2025/08/7_IMG_0007_1582757059-1024x637.webp
DEBUG:urllib3.connectionpool:Starting new HTTPS connection (1): wordpress-810691-5571285.cloudwaysapps.com:443
DEBUG:urllib3.connectionpool:Starting new HTTPS connection (1): fsgs.org:443
DEBUG:urllib3.connectionpool:https://wordpress-810691-5571285.cloudwaysapps.com:443 "GET /wp-content/uploads/2025/08/April_Boy_Scouts_2018_Autosaved_1556586971.webp HTTP/1.1" 200 11765
DEBUG:root:✅ Image OK: https://wordpress-810691-5571285.cloudwaysapps.com/wp-content/uploads/2025/08/April_Boy_Scouts_2018_Autosaved_1556586971.webp
DEBUG:root:Checking internal image: https://wordpress-810691-5571285.cloudwaysapps.com/wp-content/uploads/2025/08/scanning_october_2018_1556586792.webp
DEBUG:urllib3.connectionpool:Starting new HTTPS connection (1): wordpress-810691-5571285.cloudwaysapps.com:443
DEBUG:urllib3.connectionpool:https://wordpress-810691-5571285.cloudwaysapps.com:443 "GET /wp-content/uploads/2025/08/7_IMG_0007_1582757059-1024x637.webp HTTP/1.1" 200 11753
DEBUG:root:✅ Image OK: https://wordpress-810691-5571285.cloudwaysapps.com/wp-content/uploads/2025/08/7_IMG_0007_1582757059-1024x637.webp
DEBUG:root:Checking internal image: https://wordpress-810691-5571285.cloudwaysapps.com/wp-content/uploads/2025/08/5_IMG_0002_1582757059-1024x533.webp
DEBUG:urllib3.connectionpool:Starting new HTTPS connection (1): wordpress-810691-5571285.cloudwaysapps.com:443
DEBUG:urllib3.connectionpool:https://wordpress-810691-5571285.cloudwaysapps.com:443 "GET /wp-content/uploads/2025/08/scanning_october_2018_1556586792.webp HTTP/1.1" 200 11755
DEBUG:root:✅ Image OK: https://wordpress-810691-5571285.cloudwaysapps.com/wp-content/uploads/2025/08/scanning_october_2018_1556586792.webp
DEBUG:root:Checking internal image: https://wordpress-810691-5571285.cloudwaysapps.com/wp-content/uploads/2025/08/October_2018_Meet_Up_1556586792-768x1024.webp
DEBUG:urllib3.connectionpool:Starting new HTTPS connection (1): wordpress-810691-5571285.cloudwaysapps.com:443
DEBUG:urllib3.connectionpool:https://wordpress-810691-5571285.cloudwaysapps.com:443 "GET /wp-content/uploads/2025/08/5_IMG_0002_1582757059-1024x533.webp HTTP/1.1" 200 11753
DEBUG:root:✅ Image OK: https://wordpress-810691-5571285.cloudwaysapps.com/wp-content/uploads/2025/08/5_IMG_0002_1582757059-1024x533.webp
DEBUG:root:Checking internal image: https://wordpress-810691-5571285.cloudwaysapps.com/wp-content/uploads/2025/08/2_IMG_0001_1582757059-1024x527.webp
DEBUG:urllib3.connectionpool:Starting new HTTPS connection (1): wordpress-810691-5571285.cloudwaysapps.com:443
DEBUG:urllib3.connectionpool:https://fsgs.org:443 "GET / HTTP/1.1" 200 None
DEBUG:root:✅ Hyperlink OK: https://fsgs.org/
DEBUG:root:Checking external hyperlink: https://www.ngsgenealogy.org/
DEBUG:urllib3.connectionpool:Starting new HTTPS connection (1): www.ngsgenealogy.org:443
DEBUG:urllib3.connectionpool:https://wordpress-810691-5571285.cloudwaysapps.com:443 "GET /wp-content/uploads/2025/08/October_2018_Meet_Up_1556586792-768x1024.webp HTTP/1.1" 200 11814
DEBUG:root:✅ Image OK: https://wordpress-810691-5571285.cloudwaysapps.com/wp-content/uploads/2025/08/October_2018_Meet_Up_1556586792-768x1024.webp
DEBUG:root:Checking internal image: https://wordpress-810691-5571285.cloudwaysapps.com/wp-content/uploads/2025/08/2018_2019_session_1556586971.webp
DEBUG:urllib3.connectionpool:Starting new HTTPS connection (1): wordpress-810691-5571285.cloudwaysapps.com:443
DEBUG:urllib3.connectionpool:https://wordpress-810691-5571285.cloudwaysapps.com:443 "GET /wp-content/uploads/2025/08/2_IMG_0001_1582757059-1024x527.webp HTTP/1.1" 200 11804
DEBUG:root:✅ Image OK: https://wordpress-810691-5571285.cloudwaysapps.com/wp-content/uploads/2025/08/2_IMG_0001_1582757059-1024x527.webp
DEBUG:root:Checking internal image: https://wordpress-810691-5571285.cloudwaysapps.com/wp-content/uploads/2025/08/3_IMG_0001_1582757059-1024x471.webp
DEBUG:urllib3.connectionpool:Starting new HTTPS connection (1): wordpress-810691-5571285.cloudwaysapps.com:443
DEBUG:urllib3.connectionpool:https://wordpress-810691-5571285.cloudwaysapps.com:443 "GET /wp-content/uploads/2025/08/2018_2019_session_1556586971.webp HTTP/1.1" 200 11802
DEBUG:root:✅ Image OK: https://wordpress-810691-5571285.cloudwaysapps.com/wp-content/uploads/2025/08/2018_2019_session_1556586971.webp
DEBUG:root:Checking internal image: https://wordpress-810691-5571285.cloudwaysapps.com/wp-content/uploads/2025/08/trees_1556588405.webp
DEBUG:urllib3.connectionpool:Starting new HTTPS connection (1): wordpress-810691-5571285.cloudwaysapps.com:443
DEBUG:urllib3.connectionpool:https://wordpress-810691-5571285.cloudwaysapps.com:443 "GET /wp-content/uploads/2025/08/3_IMG_0001_1582757059-1024x471.webp HTTP/1.1" 200 11804
DEBUG:root:✅ Image OK: https://wordpress-810691-5571285.cloudwaysapps.com/wp-content/uploads/2025/08/3_IMG_0001_1582757059-1024x471.webp
DEBUG:root:Checking internal image: https://wordpress-810691-5571285.cloudwaysapps.com/wp-content/uploads/2025/08/19_IMG_0008_1582757072-1024x564.webp
DEBUG:urllib3.connectionpool:Starting new HTTPS connection (1): wordpress-810691-5571285.cloudwaysapps.com:443
DEBUG:urllib3.connectionpool:https://www.ngsgenealogy.org:443 "GET / HTTP/1.1" 200 None
DEBUG:root:✅ Hyperlink OK: https://www.ngsgenealogy.org/
DEBUG:root:Checking external hyperlink: https://kinseekers.org/
DEBUG:urllib3.connectionpool:Starting new HTTPS connection (1): kinseekers.org:443
DEBUG:urllib3.connectionpool:https://wordpress-810691-5571285.cloudwaysapps.com:443 "GET /wp-content/uploads/2025/08/trees_1556588405.webp HTTP/1.1" 200 11790
DEBUG:root:✅ Image OK: https://wordpress-810691-5571285.cloudwaysapps.com/wp-content/uploads/2025/08/trees_1556588405.webp
DEBUG:root:Checking internal image: https://wordpress-810691-5571285.cloudwaysapps.com/wp-content/uploads/2025/08/BUILD_FAMILY_TREE_MONTHLY_2018_1556586971.webp
DEBUG:urllib3.connectionpool:Starting new HTTPS connection (1): wordpress-810691-5571285.cloudwaysapps.com:443
DEBUG:urllib3.connectionpool:https://wordpress-810691-5571285.cloudwaysapps.com:443 "GET /wp-content/uploads/2025/08/19_IMG_0008_1582757072-1024x564.webp HTTP/1.1" 200 11805
DEBUG:root:✅ Image OK: https://wordpress-810691-5571285.cloudwaysapps.com/wp-content/uploads/2025/08/19_IMG_0008_1582757072-1024x564.webp
DEBUG:root:Checking internal image: https://wordpress-810691-5571285.cloudwaysapps.com/wp-content/uploads/2025/08/6_IMG_0002_1582757059-1024x449.webp
DEBUG:urllib3.connectionpool:Starting new HTTPS connection (1): wordpress-810691-5571285.cloudwaysapps.com:443
DEBUG:urllib3.connectionpool:https://kinseekers.org:443 "GET / HTTP/1.1" 200 None
DEBUG:root:✅ Hyperlink OK: https://kinseekers.org/
DEBUG:root:Checking internal image: https://wordpress-810691-5571285.cloudwaysapps.com/wp-content/uploads/2025/08/historic-photo_citrus_tower_upscaled.jpg
DEBUG:urllib3.connectionpool:Starting new HTTPS connection (1): wordpress-810691-5571285.cloudwaysapps.com:443
DEBUG:urllib3.connectionpool:https://wordpress-810691-5571285.cloudwaysapps.com:443 "GET /wp-content/uploads/2025/08/BUILD_FAMILY_TREE_MONTHLY_2018_1556586971.webp HTTP/1.1" 200 11815
DEBUG:root:✅ Image OK: https://wordpress-810691-5571285.cloudwaysapps.com/wp-content/uploads/2025/08/BUILD_FAMILY_TREE_MONTHLY_2018_1556586971.webp
DEBUG:root:Checking internal image: https://wordpress-810691-5571285.cloudwaysapps.com/wp-content/uploads/2025/08/summer_poster__1556586792.webp
DEBUG:urllib3.connectionpool:Starting new HTTPS connection (1): wordpress-810691-5571285.cloudwaysapps.com:443
DEBUG:urllib3.connectionpool:https://wordpress-810691-5571285.cloudwaysapps.com:443 "GET /wp-content/uploads/2025/08/6_IMG_0002_1582757059-1024x449.webp HTTP/1.1" 200 11804
DEBUG:root:✅ Image OK: https://wordpress-810691-5571285.cloudwaysapps.com/wp-content/uploads/2025/08/6_IMG_0002_1582757059-1024x449.webp
DEBUG:root:Checking internal image: https://wordpress-810691-5571285.cloudwaysapps.com/wp-content/uploads/2025/08/22_IMG_0009_1582757359-1024x527.webp
DEBUG:urllib3.connectionpool:Starting new HTTPS connection (1): wordpress-810691-5571285.cloudwaysapps.com:443
DEBUG:urllib3.connectionpool:https://wordpress-810691-5571285.cloudwaysapps.com:443 "GET /wp-content/uploads/2025/08/historic-photo_citrus_tower_upscaled.jpg HTTP/1.1" 200 11809
DEBUG:root:✅ Image OK: https://wordpress-810691-5571285.cloudwaysapps.com/wp-content/uploads/2025/08/historic-photo_citrus_tower_upscaled.jpg
DEBUG:root:Checking internal image: https://wordpress-810691-5571285.cloudwaysapps.com/wp-content/uploads/2025/05/irish-flag-1.jpg
DEBUG:urllib3.connectionpool:https://wordpress-810691-5571285.cloudwaysapps.com:443 "GET /wp-content/uploads/2025/08/summer_poster__1556586792.webp HTTP/1.1" 200 11799
DEBUG:root:✅ Image OK: https://wordpress-810691-5571285.cloudwaysapps.com/wp-content/uploads/2025/08/summer_poster__1556586792.webp
DEBUG:root:Checking internal image: https://wordpress-810691-5571285.cloudwaysapps.com/wp-content/uploads/2025/08/Slide1_2_1556586792.webp
DEBUG:urllib3.connectionpool:Starting new HTTPS connection (1): wordpress-810691-5571285.cloudwaysapps.com:443
DEBUG:urllib3.connectionpool:Starting new HTTPS connection (1): wordpress-810691-5571285.cloudwaysapps.com:443
DEBUG:urllib3.connectionpool:https://wordpress-810691-5571285.cloudwaysapps.com:443 "GET /wp-content/uploads/2025/08/22_IMG_0009_1582757359-1024x527.webp HTTP/1.1" 200 11805
DEBUG:root:✅ Image OK: https://wordpress-810691-5571285.cloudwaysapps.com/wp-content/uploads/2025/08/22_IMG_0009_1582757359-1024x527.webp
DEBUG:root:Checking internal image: https://wordpress-810691-5571285.cloudwaysapps.com/wp-content/uploads/2025/08/14_IMG_0005_1582757059-1024x541.webp
DEBUG:urllib3.connectionpool:Starting new HTTPS connection (1): wordpress-810691-5571285.cloudwaysapps.com:443
DEBUG:urllib3.connectionpool:https://wordpress-810691-5571285.cloudwaysapps.com:443 "GET /wp-content/uploads/2025/08/Slide1_2_1556586792.webp HTTP/1.1" 200 11777
DEBUG:urllib3.connectionpool:https://wordpress-810691-5571285.cloudwaysapps.com:443 "GET /wp-content/uploads/2025/05/irish-flag-1.jpg HTTP/1.1" 200 11769
DEBUG:root:✅ Image OK: https://wordpress-810691-5571285.cloudwaysapps.com/wp-content/uploads/2025/08/Slide1_2_1556586792.webp
DEBUG:root:✅ Image OK: https://wordpress-810691-5571285.cloudwaysapps.com/wp-content/uploads/2025/05/irish-flag-1.jpg
DEBUG:root:Checking internal image: https://wordpress-810691-5571285.cloudwaysapps.com/wp-content/uploads/2025/08/Schedule_for_spring_of__March_1556586792.webp
DEBUG:root:Checking internal image: https://wordpress-810691-5571285.cloudwaysapps.com/wp-content/uploads/2025/05/family-book-1.jpg
DEBUG:urllib3.connectionpool:Starting new HTTPS connection (1): wordpress-810691-5571285.cloudwaysapps.com:443
DEBUG:urllib3.connectionpool:Starting new HTTPS connection (1): wordpress-810691-5571285.cloudwaysapps.com:443
DEBUG:urllib3.connectionpool:https://wordpress-810691-5571285.cloudwaysapps.com:443 "GET /wp-content/uploads/2025/08/14_IMG_0005_1582757059-1024x541.webp HTTP/1.1" 200 11789
DEBUG:root:✅ Image OK: https://wordpress-810691-5571285.cloudwaysapps.com/wp-content/uploads/2025/08/14_IMG_0005_1582757059-1024x541.webp
DEBUG:root:Checking internal image: https://wordpress-810691-5571285.cloudwaysapps.com/wp-content/uploads/2025/08/26_IMG_0010_1582757359-1024x607.webp
DEBUG:urllib3.connectionpool:Starting new HTTPS connection (1): wordpress-810691-5571285.cloudwaysapps.com:443
DEBUG:urllib3.connectionpool:https://wordpress-810691-5571285.cloudwaysapps.com:443 "GET /wp-content/uploads/2025/08/Schedule_for_spring_of__March_1556586792.webp HTTP/1.1" 200 11798
DEBUG:root:✅ Image OK: https://wordpress-810691-5571285.cloudwaysapps.com/wp-content/uploads/2025/08/Schedule_for_spring_of__March_1556586792.webp
DEBUG:urllib3.connectionpool:https://wordpress-810691-5571285.cloudwaysapps.com:443 "GET /wp-content/uploads/2025/05/family-book-1.jpg HTTP/1.1" 200 11770
DEBUG:root:✅ Image OK: https://wordpress-810691-5571285.cloudwaysapps.com/wp-content/uploads/2025/05/family-book-1.jpg
DEBUG:root:Checking internal image: https://wordpress-810691-5571285.cloudwaysapps.com/wp-content/uploads/2025/08/Dear_Members__Pastfinders_is_Holding_a_Book_1556586971.webp
DEBUG:root:Checking internal image: https://wordpress-810691-5571285.cloudwaysapps.com/wp-content/uploads/2025/05/presentations-1.jpg
DEBUG:urllib3.connectionpool:Starting new HTTPS connection (1): wordpress-810691-5571285.cloudwaysapps.com:443
DEBUG:urllib3.connectionpool:Starting new HTTPS connection (1): wordpress-810691-5571285.cloudwaysapps.com:443
DEBUG:urllib3.connectionpool:https://wordpress-810691-5571285.cloudwaysapps.com:443 "GET /wp-content/uploads/2025/08/26_IMG_0010_1582757359-1024x607.webp HTTP/1.1" 200 11789
DEBUG:root:✅ Image OK: https://wordpress-810691-5571285.cloudwaysapps.com/wp-content/uploads/2025/08/26_IMG_0010_1582757359-1024x607.webp
DEBUG:root:Checking internal image: https://wordpress-810691-5571285.cloudwaysapps.com/wp-content/uploads/2025/08/4_IMG_0002_1582757072-1024x535.webp
DEBUG:urllib3.connectionpool:Starting new HTTPS connection (1): wordpress-810691-5571285.cloudwaysapps.com:443
DEBUG:urllib3.connectionpool:https://wordpress-810691-5571285.cloudwaysapps.com:443 "GET /wp-content/uploads/2025/05/presentations-1.jpg HTTP/1.1" 200 11772
DEBUG:root:✅ Image OK: https://wordpress-810691-5571285.cloudwaysapps.com/wp-content/uploads/2025/05/presentations-1.jpg
DEBUG:root:Checking internal image: https://wordpress-810691-5571285.cloudwaysapps.com/wp-content/uploads/2025/06/Cooper_Memorial_Library-1.jpg
DEBUG:urllib3.connectionpool:Starting new HTTPS connection (1): wordpress-810691-5571285.cloudwaysapps.com:443
DEBUG:urllib3.connectionpool:https://wordpress-810691-5571285.cloudwaysapps.com:443 "GET /wp-content/uploads/2025/08/Dear_Members__Pastfinders_is_Holding_a_Book_1556586971.webp HTTP/1.1" 200 11812
DEBUG:root:✅ Image OK: https://wordpress-810691-5571285.cloudwaysapps.com/wp-content/uploads/2025/08/Dear_Members__Pastfinders_is_Holding_a_Book_1556586971.webp
DEBUG:root:Checking internal image: https://wordpress-810691-5571285.cloudwaysapps.com/wp-content/uploads/2025/08/20171208_102753_1556586971.webp
DEBUG:urllib3.connectionpool:Starting new HTTPS connection (1): wordpress-810691-5571285.cloudwaysapps.com:443
DEBUG:urllib3.connectionpool:https://wordpress-810691-5571285.cloudwaysapps.com:443 "GET /wp-content/uploads/2025/08/4_IMG_0002_1582757072-1024x535.webp HTTP/1.1" 200 11788
DEBUG:root:✅ Image OK: https://wordpress-810691-5571285.cloudwaysapps.com/wp-content/uploads/2025/08/4_IMG_0002_1582757072-1024x535.webp
DEBUG:root:Checking internal image: https://wordpress-810691-5571285.cloudwaysapps.com/wp-content/uploads/2025/08/23_IMG_0009_1582757359-745x1024.webp
DEBUG:urllib3.connectionpool:Starting new HTTPS connection (1): wordpress-810691-5571285.cloudwaysapps.com:443
DEBUG:urllib3.connectionpool:https://wordpress-810691-5571285.cloudwaysapps.com:443 "GET /wp-content/uploads/2025/08/20171208_102753_1556586971.webp HTTP/1.1" 200 11784
DEBUG:root:✅ Image OK: https://wordpress-810691-5571285.cloudwaysapps.com/wp-content/uploads/2025/08/20171208_102753_1556586971.webp
DEBUG:root:Checking internal image: https://wordpress-810691-5571285.cloudwaysapps.com/wp-content/uploads/2025/08/2018_November_Ann_Mohr_Osisek_Teaser_Poster_1556586971.webp
DEBUG:urllib3.connectionpool:https://wordpress-810691-5571285.cloudwaysapps.com:443 "GET /wp-content/uploads/2025/06/Cooper_Memorial_Library-1.jpg HTTP/1.1" 200 11782
DEBUG:root:✅ Image OK: https://wordpress-810691-5571285.cloudwaysapps.com/wp-content/uploads/2025/06/Cooper_Memorial_Library-1.jpg
DEBUG:root:Checking internal image: https://wordpress-810691-5571285.cloudwaysapps.com/wp-content/uploads/2025/06/FSGS_Logo.png
DEBUG:urllib3.connectionpool:Starting new HTTPS connection (1): wordpress-810691-5571285.cloudwaysapps.com:443
DEBUG:urllib3.connectionpool:Starting new HTTPS connection (1): wordpress-810691-5571285.cloudwaysapps.com:443
DEBUG:urllib3.connectionpool:https://wordpress-810691-5571285.cloudwaysapps.com:443 "GET /wp-content/uploads/2025/08/23_IMG_0009_1582757359-745x1024.webp HTTP/1.1" 200 11789
DEBUG:root:✅ Image OK: https://wordpress-810691-5571285.cloudwaysapps.com/wp-content/uploads/2025/08/23_IMG_0009_1582757359-745x1024.webp
DEBUG:root:Checking internal image: https://wordpress-810691-5571285.cloudwaysapps.com/wp-content/uploads/2025/08/24_IMG_0010_1582757359-1024x536.webp
DEBUG:urllib3.connectionpool:Starting new HTTPS connection (1): wordpress-810691-5571285.cloudwaysapps.com:443
DEBUG:urllib3.connectionpool:https://wordpress-810691-5571285.cloudwaysapps.com:443 "GET /wp-content/uploads/2025/08/2018_November_Ann_Mohr_Osisek_Teaser_Poster_1556586971.webp HTTP/1.1" 200 11812
DEBUG:urllib3.connectionpool:https://wordpress-810691-5571285.cloudwaysapps.com:443 "GET /wp-content/uploads/2025/06/FSGS_Logo.png HTTP/1.1" 200 11766
DEBUG:root:✅ Image OK: https://wordpress-810691-5571285.cloudwaysapps.com/wp-content/uploads/2025/08/2018_November_Ann_Mohr_Osisek_Teaser_Poster_1556586971.webp
DEBUG:root:✅ Image OK: https://wordpress-810691-5571285.cloudwaysapps.com/wp-content/uploads/2025/06/FSGS_Logo.png
DEBUG:root:Checking internal image: https://wordpress-810691-5571285.cloudwaysapps.com/wp-content/uploads/2025/08/holiday_party_2018_1556588745.webp
DEBUG:root:Checking internal image: https://wordpress-810691-5571285.cloudwaysapps.com/wp-content/uploads/2025/06/NGS_Logo.png
DEBUG:urllib3.connectionpool:Starting new HTTPS connection (1): wordpress-810691-5571285.cloudwaysapps.com:443
DEBUG:urllib3.connectionpool:Starting new HTTPS connection (1): wordpress-810691-5571285.cloudwaysapps.com:443
DEBUG:urllib3.connectionpool:https://wordpress-810691-5571285.cloudwaysapps.com:443 "GET /wp-content/uploads/2025/08/24_IMG_0010_1582757359-1024x536.webp HTTP/1.1" 200 11789
DEBUG:root:✅ Image OK: https://wordpress-810691-5571285.cloudwaysapps.com/wp-content/uploads/2025/08/24_IMG_0010_1582757359-1024x536.webp
DEBUG:root:Checking internal image: https://wordpress-810691-5571285.cloudwaysapps.com/wp-content/uploads/2025/08/27_IMG_0011_1582757359-1024x531.webp
DEBUG:urllib3.connectionpool:Starting new HTTPS connection (1): wordpress-810691-5571285.cloudwaysapps.com:443
DEBUG:urllib3.connectionpool:https://wordpress-810691-5571285.cloudwaysapps.com:443 "GET /wp-content/uploads/2025/08/holiday_party_2018_1556588745.webp HTTP/1.1" 200 11833
DEBUG:root:✅ Image OK: https://wordpress-810691-5571285.cloudwaysapps.com/wp-content/uploads/2025/08/holiday_party_2018_1556588745.webp
DEBUG:root:Checking internal image: https://wordpress-810691-5571285.cloudwaysapps.com/wp-content/uploads/2025/08/leniage_1556586792.webp
DEBUG:urllib3.connectionpool:Starting new HTTPS connection (1): wordpress-810691-5571285.cloudwaysapps.com:443
DEBUG:urllib3.connectionpool:https://wordpress-810691-5571285.cloudwaysapps.com:443 "GET /wp-content/uploads/2025/06/NGS_Logo.png HTTP/1.1" 200 11811
DEBUG:root:✅ Image OK: https://wordpress-810691-5571285.cloudwaysapps.com/wp-content/uploads/2025/06/NGS_Logo.png
DEBUG:root:Checking internal image: https://wordpress-810691-5571285.cloudwaysapps.com/wp-content/uploads/2025/06/Kinseekers.png
DEBUG:urllib3.connectionpool:Starting new HTTPS connection (1): wordpress-810691-5571285.cloudwaysapps.com:443
DEBUG:urllib3.connectionpool:https://wordpress-810691-5571285.cloudwaysapps.com:443 "GET /wp-content/uploads/2025/08/27_IMG_0011_1582757359-1024x531.webp HTTP/1.1" 200 11835
DEBUG:root:✅ Image OK: https://wordpress-810691-5571285.cloudwaysapps.com/wp-content/uploads/2025/08/27_IMG_0011_1582757359-1024x531.webp
DEBUG:root:Checking internal image: https://wordpress-810691-5571285.cloudwaysapps.com/wp-content/uploads/2025/08/8_IMG_0003_1582757059-1024x668.webp
DEBUG:urllib3.connectionpool:Starting new HTTPS connection (1): wordpress-810691-5571285.cloudwaysapps.com:443
DEBUG:urllib3.connectionpool:https://wordpress-810691-5571285.cloudwaysapps.com:443 "GET /wp-content/uploads/2025/06/Kinseekers.png HTTP/1.1" 200 11813
DEBUG:urllib3.connectionpool:https://wordpress-810691-5571285.cloudwaysapps.com:443 "GET /wp-content/uploads/2025/08/leniage_1556586792.webp HTTP/1.1" 200 11822
DEBUG:root:✅ Image OK: https://wordpress-810691-5571285.cloudwaysapps.com/wp-content/uploads/2025/06/Kinseekers.png
DEBUG:root:✅ Image OK: https://wordpress-810691-5571285.cloudwaysapps.com/wp-content/uploads/2025/08/leniage_1556586792.webp
DEBUG:root:Using regex pattern: \b[a-zA-Z]{3,}\b
DEBUG:root:Found 423 words to check in https://wordpress-810691-5571285.cloudwaysapps.com/ (min_length=3)
DEBUG:root:Sample words from https://wordpress-810691-5571285.cloudwaysapps.com/: ['This', 'alert', 'Skip', 'content', 'September', 'Presentation', 'Untangling', 'Difficult', 'DNA', 'Join']
DEBUG:root:Skipped email/domain fragment: 'info'
DEBUG:root:Skipped email/domain fragment: 'pastfindersslc'
DEBUG:root:Skipped email/domain fragment: 'org'
DEBUG:root:Misspelled word found: 'transcriptionists' in https://wordpress-810691-5571285.cloudwaysapps.com/
DEBUG:root:Spell check results for https://wordpress-810691-5571285.cloudwaysapps.com/: 261 words checked, 162 skipped, 1 errors found
INFO:root:✅ Processed https://wordpress-810691-5571285.cloudwaysapps.com/: 1 errors found, 545 words checked
DEBUG:root:Checking internal image: https://wordpress-810691-5571285.cloudwaysapps.com/wp-content/uploads/2025/08/2018_Feb_Allan_Lane_events_posters1_1556586971.webp
Processing pages:  99%|█████████▉| 379/381 [03:33<00:02,  1.37s/it]DEBUG:urllib3.connectionpool:Starting new HTTPS connection (1): wordpress-810691-5571285.cloudwaysapps.com:443
DEBUG:urllib3.connectionpool:https://wordpress-810691-5571285.cloudwaysapps.com:443 "GET /wp-content/uploads/2025/08/8_IMG_0003_1582757059-1024x668.webp HTTP/1.1" 200 11834
DEBUG:root:✅ Image OK: https://wordpress-810691-5571285.cloudwaysapps.com/wp-content/uploads/2025/08/8_IMG_0003_1582757059-1024x668.webp
DEBUG:root:Checking internal image: https://wordpress-810691-5571285.cloudwaysapps.com/wp-content/uploads/2025/08/16_IMG_0006_1582757059-1024x527.webp
DEBUG:urllib3.connectionpool:Starting new HTTPS connection (1): wordpress-810691-5571285.cloudwaysapps.com:443
DEBUG:urllib3.connectionpool:https://wordpress-810691-5571285.cloudwaysapps.com:443 "GET /wp-content/uploads/2025/08/2018_Feb_Allan_Lane_events_posters1_1556586971.webp HTTP/1.1" 200 11850
DEBUG:root:✅ Image OK: https://wordpress-810691-5571285.cloudwaysapps.com/wp-content/uploads/2025/08/2018_Feb_Allan_Lane_events_posters1_1556586971.webp
DEBUG:root:Checking internal image: https://wordpress-810691-5571285.cloudwaysapps.com/wp-content/uploads/2025/08/CUG_2018_1556586971.webp
DEBUG:urllib3.connectionpool:Starting new HTTPS connection (1): wordpress-810691-5571285.cloudwaysapps.com:443
DEBUG:urllib3.connectionpool:https://wordpress-810691-5571285.cloudwaysapps.com:443 "GET /wp-content/uploads/2025/08/16_IMG_0006_1582757059-1024x527.webp HTTP/1.1" 200 11835
DEBUG:root:✅ Image OK: https://wordpress-810691-5571285.cloudwaysapps.com/wp-content/uploads/2025/08/16_IMG_0006_1582757059-1024x527.webp
DEBUG:root:Checking internal image: https://wordpress-810691-5571285.cloudwaysapps.com/wp-content/uploads/2025/08/17_IMG_0007_1582757072-1024x619.webp
DEBUG:urllib3.connectionpool:Starting new HTTPS connection (1): wordpress-810691-5571285.cloudwaysapps.com:443
DEBUG:urllib3.connectionpool:https://wordpress-810691-5571285.cloudwaysapps.com:443 "GET /wp-content/uploads/2025/08/CUG_2018_1556586971.webp HTTP/1.1" 200 11823
DEBUG:root:✅ Image OK: https://wordpress-810691-5571285.cloudwaysapps.com/wp-content/uploads/2025/08/CUG_2018_1556586971.webp
DEBUG:root:Checking internal image: https://wordpress-810691-5571285.cloudwaysapps.com/wp-content/uploads/2025/08/2018_October_Meredith_Wayne_Price_Teaser_Poster_1556586971.webp
DEBUG:urllib3.connectionpool:Starting new HTTPS connection (1): wordpress-810691-5571285.cloudwaysapps.com:443
DEBUG:urllib3.connectionpool:https://wordpress-810691-5571285.cloudwaysapps.com:443 "GET /wp-content/uploads/2025/08/17_IMG_0007_1582757072-1024x619.webp HTTP/1.1" 200 11835
DEBUG:root:✅ Image OK: https://wordpress-810691-5571285.cloudwaysapps.com/wp-content/uploads/2025/08/17_IMG_0007_1582757072-1024x619.webp
DEBUG:root:Checking internal image: https://wordpress-810691-5571285.cloudwaysapps.com/wp-content/uploads/2025/08/7_IMG_0003_1582757059-1024x643.webp
DEBUG:urllib3.connectionpool:Starting new HTTPS connection (1): wordpress-810691-5571285.cloudwaysapps.com:443
DEBUG:urllib3.connectionpool:https://wordpress-810691-5571285.cloudwaysapps.com:443 "GET /wp-content/uploads/2025/08/2018_October_Meredith_Wayne_Price_Teaser_Poster_1556586971.webp HTTP/1.1" 200 11862
DEBUG:root:✅ Image OK: https://wordpress-810691-5571285.cloudwaysapps.com/wp-content/uploads/2025/08/2018_October_Meredith_Wayne_Price_Teaser_Poster_1556586971.webp
DEBUG:root:Checking internal image: https://wordpress-810691-5571285.cloudwaysapps.com/wp-content/uploads/2025/08/Family_Tree_database_1571798416-1024x576.webp
DEBUG:urllib3.connectionpool:Starting new HTTPS connection (1): wordpress-810691-5571285.cloudwaysapps.com:443
DEBUG:urllib3.connectionpool:https://wordpress-810691-5571285.cloudwaysapps.com:443 "GET /wp-content/uploads/2025/08/7_IMG_0003_1582757059-1024x643.webp HTTP/1.1" 200 11834
DEBUG:root:✅ Image OK: https://wordpress-810691-5571285.cloudwaysapps.com/wp-content/uploads/2025/08/7_IMG_0003_1582757059-1024x643.webp
DEBUG:root:Checking internal image: https://wordpress-810691-5571285.cloudwaysapps.com/wp-content/uploads/2025/08/12_IMG_0004_1582757059-1024x637.webp
DEBUG:urllib3.connectionpool:Starting new HTTPS connection (1): wordpress-810691-5571285.cloudwaysapps.com:443
DEBUG:urllib3.connectionpool:https://wordpress-810691-5571285.cloudwaysapps.com:443 "GET /wp-content/uploads/2025/08/Family_Tree_database_1571798416-1024x576.webp HTTP/1.1" 200 11837
DEBUG:root:✅ Image OK: https://wordpress-810691-5571285.cloudwaysapps.com/wp-content/uploads/2025/08/Family_Tree_database_1571798416-1024x576.webp
DEBUG:root:Checking internal image: https://wordpress-810691-5571285.cloudwaysapps.com/wp-content/uploads/2025/08/march_2018_1556586792.webp
DEBUG:urllib3.connectionpool:Starting new HTTPS connection (1): wordpress-810691-5571285.cloudwaysapps.com:443
DEBUG:urllib3.connectionpool:https://wordpress-810691-5571285.cloudwaysapps.com:443 "GET /wp-content/uploads/2025/08/12_IMG_0004_1582757059-1024x637.webp HTTP/1.1" 200 11828
DEBUG:root:✅ Image OK: https://wordpress-810691-5571285.cloudwaysapps.com/wp-content/uploads/2025/08/12_IMG_0004_1582757059-1024x637.webp
DEBUG:root:Checking internal image: https://wordpress-810691-5571285.cloudwaysapps.com/wp-content/uploads/2025/08/20_IMG_0008_1582757359-1024x570.webp
DEBUG:urllib3.connectionpool:Starting new HTTPS connection (1): wordpress-810691-5571285.cloudwaysapps.com:443
DEBUG:urllib3.connectionpool:https://wordpress-810691-5571285.cloudwaysapps.com:443 "GET /wp-content/uploads/2025/08/march_2018_1556586792.webp HTTP/1.1" 200 11818
DEBUG:root:✅ Image OK: https://wordpress-810691-5571285.cloudwaysapps.com/wp-content/uploads/2025/08/march_2018_1556586792.webp
DEBUG:root:Checking internal image: https://wordpress-810691-5571285.cloudwaysapps.com/wp-content/uploads/2025/08/Schedule_for_spring_of_February_1556586792.webp
DEBUG:urllib3.connectionpool:Starting new HTTPS connection (1): wordpress-810691-5571285.cloudwaysapps.com:443
DEBUG:urllib3.connectionpool:https://wordpress-810691-5571285.cloudwaysapps.com:443 "GET /wp-content/uploads/2025/08/20_IMG_0008_1582757359-1024x570.webp HTTP/1.1" 200 11828
DEBUG:root:✅ Image OK: https://wordpress-810691-5571285.cloudwaysapps.com/wp-content/uploads/2025/08/20_IMG_0008_1582757359-1024x570.webp
DEBUG:root:Checking internal image: https://wordpress-810691-5571285.cloudwaysapps.com/wp-content/uploads/2025/08/7_IMG_0007_1582757072-1024x637.webp
DEBUG:urllib3.connectionpool:Starting new HTTPS connection (1): wordpress-810691-5571285.cloudwaysapps.com:443
DEBUG:urllib3.connectionpool:https://wordpress-810691-5571285.cloudwaysapps.com:443 "GET /wp-content/uploads/2025/08/Schedule_for_spring_of_February_1556586792.webp HTTP/1.1" 200 11839
DEBUG:root:✅ Image OK: https://wordpress-810691-5571285.cloudwaysapps.com/wp-content/uploads/2025/08/Schedule_for_spring_of_February_1556586792.webp
DEBUG:root:Checking internal image: https://wordpress-810691-5571285.cloudwaysapps.com/wp-content/uploads/2025/08/2018_September_Allison_Ryall_Teaser_Poster_1556586971.webp
DEBUG:urllib3.connectionpool:Starting new HTTPS connection (1): wordpress-810691-5571285.cloudwaysapps.com:443
DEBUG:urllib3.connectionpool:https://wordpress-810691-5571285.cloudwaysapps.com:443 "GET /wp-content/uploads/2025/08/7_IMG_0007_1582757072-1024x637.webp HTTP/1.1" 200 11827
DEBUG:root:✅ Image OK: https://wordpress-810691-5571285.cloudwaysapps.com/wp-content/uploads/2025/08/7_IMG_0007_1582757072-1024x637.webp
DEBUG:root:Checking internal image: https://wordpress-810691-5571285.cloudwaysapps.com/wp-content/uploads/2025/08/15_IMG_0006_1582757072-1024x659.webp
DEBUG:urllib3.connectionpool:Starting new HTTPS connection (1): wordpress-810691-5571285.cloudwaysapps.com:443
DEBUG:urllib3.connectionpool:https://wordpress-810691-5571285.cloudwaysapps.com:443 "GET /wp-content/uploads/2025/08/2018_September_Allison_Ryall_Teaser_Poster_1556586971.webp HTTP/1.1" 200 11850
DEBUG:root:✅ Image OK: https://wordpress-810691-5571285.cloudwaysapps.com/wp-content/uploads/2025/08/2018_September_Allison_Ryall_Teaser_Poster_1556586971.webp
DEBUG:root:Checking internal image: https://wordpress-810691-5571285.cloudwaysapps.com/wp-content/uploads/2025/08/Computer_User_Classes_2018_1556586971.webp
DEBUG:urllib3.connectionpool:Starting new HTTPS connection (1): wordpress-810691-5571285.cloudwaysapps.com:443
DEBUG:urllib3.connectionpool:https://wordpress-810691-5571285.cloudwaysapps.com:443 "GET /wp-content/uploads/2025/08/15_IMG_0006_1582757072-1024x659.webp HTTP/1.1" 200 11828
DEBUG:root:✅ Image OK: https://wordpress-810691-5571285.cloudwaysapps.com/wp-content/uploads/2025/08/15_IMG_0006_1582757072-1024x659.webp
DEBUG:root:Checking internal image: https://wordpress-810691-5571285.cloudwaysapps.com/wp-content/uploads/2025/08/7_IMG_0003_1582757072-1024x643.webp
DEBUG:urllib3.connectionpool:Starting new HTTPS connection (1): wordpress-810691-5571285.cloudwaysapps.com:443
DEBUG:urllib3.connectionpool:https://wordpress-810691-5571285.cloudwaysapps.com:443 "GET /wp-content/uploads/2025/08/Computer_User_Classes_2018_1556586971.webp HTTP/1.1" 200 11834
DEBUG:root:✅ Image OK: https://wordpress-810691-5571285.cloudwaysapps.com/wp-content/uploads/2025/08/Computer_User_Classes_2018_1556586971.webp
DEBUG:root:Checking internal image: https://wordpress-810691-5571285.cloudwaysapps.com/wp-content/uploads/2025/08/Schedule_for_spring_of_may_1556586792.webp
DEBUG:urllib3.connectionpool:Starting new HTTPS connection (1): wordpress-810691-5571285.cloudwaysapps.com:443
DEBUG:urllib3.connectionpool:https://wordpress-810691-5571285.cloudwaysapps.com:443 "GET /wp-content/uploads/2025/08/7_IMG_0003_1582757072-1024x643.webp HTTP/1.1" 200 11827
DEBUG:root:✅ Image OK: https://wordpress-810691-5571285.cloudwaysapps.com/wp-content/uploads/2025/08/7_IMG_0003_1582757072-1024x643.webp
DEBUG:root:Using regex pattern: \b[a-zA-Z]{3,}\b
DEBUG:root:Found 95 words to check in https://wordpress-810691-5571285.cloudwaysapps.com/galleries/1996-april-rummage-sale/ (min_length=3)
DEBUG:root:Sample words from https://wordpress-810691-5571285.cloudwaysapps.com/galleries/1996-april-rummage-sale/: ['This', 'alert', 'Skip', 'content', 'April', 'Rummage', 'Sale', 'images', 'Click', 'view']
DEBUG:root:Spell check results for https://wordpress-810691-5571285.cloudwaysapps.com/galleries/1996-april-rummage-sale/: 45 words checked, 50 skipped, 0 errors found
INFO:root:✅ Processed https://wordpress-810691-5571285.cloudwaysapps.com/galleries/1996-april-rummage-sale/: 0 errors found, 190 words checked
Processing pages: 100%|█████████▉| 380/381 [03:34<00:01,  1.44s/it]DEBUG:urllib3.connectionpool:https://wordpress-810691-5571285.cloudwaysapps.com:443 "GET /wp-content/uploads/2025/08/Schedule_for_spring_of_may_1556586792.webp HTTP/1.1" 200 11846
DEBUG:root:✅ Image OK: https://wordpress-810691-5571285.cloudwaysapps.com/wp-content/uploads/2025/08/Schedule_for_spring_of_may_1556586792.webp
DEBUG:root:Checking internal image: https://wordpress-810691-5571285.cloudwaysapps.com/wp-content/uploads/2025/08/Table_display_fall_2018_1556588405.webp
DEBUG:urllib3.connectionpool:Starting new HTTPS connection (1): wordpress-810691-5571285.cloudwaysapps.com:443
DEBUG:urllib3.connectionpool:https://wordpress-810691-5571285.cloudwaysapps.com:443 "GET /wp-content/uploads/2025/08/Table_display_fall_2018_1556588405.webp HTTP/1.1" 200 11843
DEBUG:root:✅ Image OK: https://wordpress-810691-5571285.cloudwaysapps.com/wp-content/uploads/2025/08/Table_display_fall_2018_1556588405.webp
DEBUG:root:Checking internal image: https://wordpress-810691-5571285.cloudwaysapps.com/wp-content/uploads/2025/08/sept_2018_2_1556586792.webp
DEBUG:urllib3.connectionpool:Starting new HTTPS connection (1): wordpress-810691-5571285.cloudwaysapps.com:443
DEBUG:urllib3.connectionpool:https://wordpress-810691-5571285.cloudwaysapps.com:443 "GET /wp-content/uploads/2025/08/sept_2018_2_1556586792.webp HTTP/1.1" 200 11831
DEBUG:root:✅ Image OK: https://wordpress-810691-5571285.cloudwaysapps.com/wp-content/uploads/2025/08/sept_2018_2_1556586792.webp
DEBUG:root:Checking internal image: https://wordpress-810691-5571285.cloudwaysapps.com/wp-content/uploads/2025/08/Schedule_for_spring_of_20180001_1556586792.webp
DEBUG:urllib3.connectionpool:Starting new HTTPS connection (1): wordpress-810691-5571285.cloudwaysapps.com:443
DEBUG:urllib3.connectionpool:https://wordpress-810691-5571285.cloudwaysapps.com:443 "GET /wp-content/uploads/2025/08/Schedule_for_spring_of_20180001_1556586792.webp HTTP/1.1" 200 11851
DEBUG:root:✅ Image OK: https://wordpress-810691-5571285.cloudwaysapps.com/wp-content/uploads/2025/08/Schedule_for_spring_of_20180001_1556586792.webp
DEBUG:root:Checking internal image: https://wordpress-810691-5571285.cloudwaysapps.com/wp-content/uploads/2025/08/saturday_may_2018_1556586792.webp
DEBUG:urllib3.connectionpool:Starting new HTTPS connection (1): wordpress-810691-5571285.cloudwaysapps.com:443
DEBUG:urllib3.connectionpool:https://wordpress-810691-5571285.cloudwaysapps.com:443 "GET /wp-content/uploads/2025/08/saturday_may_2018_1556586792.webp HTTP/1.1" 200 11837
DEBUG:root:✅ Image OK: https://wordpress-810691-5571285.cloudwaysapps.com/wp-content/uploads/2025/08/saturday_may_2018_1556586792.webp
DEBUG:root:Checking internal image: https://wordpress-810691-5571285.cloudwaysapps.com/wp-content/uploads/2025/08/2018_may_events_posters_printable__1556586971-1024x768.webp
DEBUG:urllib3.connectionpool:Starting new HTTPS connection (1): wordpress-810691-5571285.cloudwaysapps.com:443
DEBUG:urllib3.connectionpool:https://wordpress-810691-5571285.cloudwaysapps.com:443 "GET /wp-content/uploads/2025/08/2018_may_events_posters_printable__1556586971-1024x768.webp HTTP/1.1" 200 11828
DEBUG:root:✅ Image OK: https://wordpress-810691-5571285.cloudwaysapps.com/wp-content/uploads/2025/08/2018_may_events_posters_printable__1556586971-1024x768.webp
DEBUG:root:Using regex pattern: \b[a-zA-Z]{3,}\b
DEBUG:root:Found 102 words to check in https://wordpress-810691-5571285.cloudwaysapps.com/galleries/2018-guest-speakers-events/ (min_length=3)
DEBUG:root:Sample words from https://wordpress-810691-5571285.cloudwaysapps.com/galleries/2018-guest-speakers-events/: ['This', 'alert', 'Skip', 'content', 'Guest', 'Speakers', 'Events', 'images', 'Click', 'view']
DEBUG:root:Spell check results for https://wordpress-810691-5571285.cloudwaysapps.com/galleries/2018-guest-speakers-events/: 48 words checked, 54 skipped, 0 errors found
INFO:root:✅ Processed https://wordpress-810691-5571285.cloudwaysapps.com/galleries/2018-guest-speakers-events/: 0 errors found, 204 words checked
Processing pages: 100%|██████████| 381/381 [03:35<00:00,  1.37s/it]Processing pages: 100%|██████████| 381/381 [03:35<00:00,  1.76it/s]
INFO:root:HTML report generated: reports/spell_check_report.html
INFO:root:Spelling errors CSV: reports/spelling_errors.csv
INFO:root:Broken links CSV: reports/broken_links.csv

==================================================
WEBSITE HEALTH CHECK SUMMARY
==================================================
Pages processed: 374
Pages failed: 7
Words checked: 41,563
Spelling errors: 66
Broken links: 13

🔗 BROKEN LINKS FOUND:
  Internal links: 10
  External links: 3

Status code breakdown:
  404: 11 links
  CONNECTION_ERROR: 2 links

First few broken links:
  🏠 https://wordpress-810691-5571285.cloudwaysapps.com/subject/genealogy-applications/ (404)
  🏠 https://wordpress-810691-5571285.cloudwaysapps.com/subject/miscellaneous/ (404)
  🏠 https://wordpress-810691-5571285.cloudwaysapps.com/subject/video-tutorials/ (404)
  🏠 https://wordpress-810691-5571285.cloudwaysapps.com/wp-content/uploads/2025/05/Tier_01_Check_List.pdf (404)
  🏠 https://wordpress-810691-5571285.cloudwaysapps.com/wp-content/uploads/2025/05/Pastfinders_Books_Tier_2.pdf (404)
  ... and 8 more (see full report)

🌐 EXTERNAL LINKS CHECKED: 1726

📝 SPELLING ERRORS:
Top misspelled words:
  transcriptionists: 57 times
  tos: 2 times
  slideshow: 1 times
  townlands: 1 times
  evt: 1 times
  doesn: 1 times
  newletter: 1 times
  thesummer: 1 times
  roadmap: 1 times

📊 REPORTS GENERATED:
  - HTML Report: reports/spell_check_report.html
  - Spelling CSV: reports/spelling_errors.csv
  - Broken Links CSV: reports/broken_links.csv
